========================================
External SB3 Baseline Sweep
========================================
Repo root: /home/buiksat/trm_bellman
Dataset: /home/buiksat/trm_bellman/data/sudoku-4x4-easy_6to8empties
Output: /home/buiksat/trm_bellman/results/neurips2026/external_hard4x4_20k
Device: cuda
GPU: 1
Train steps: 20000
Eval freq: 100
Eval episodes: 50
Checkpoint freq: 1000
Algos: dqn
Seeds: 3 4 5
Buck flags: -c fbcode.nvcc_arch=a100 -c fbcode.enable_gpu_sections=true --local-only
========================================
[16:49:44] Launching algo=dqn seed=3
  log: /home/buiksat/trm_bellman/results/neurips2026/external_hard4x4_20k/dqn/seed3/train.log
[2026-04-14T16:49:44.842-07:00] Buck UI: https://www.internalfb.com/buck2/80d6e538-9efc-48f3-ae1e-d3aeb497b5a8
[2026-04-14T16:49:51.906-07:00] Waiting on buck2 daemon 80d6e538-9efc-48f3-ae1e-d3aeb497b5a8...
[2026-04-14T16:49:51.906-07:00] Network: Up:   0B             Down:   0B           
[2026-04-14T16:49:51.906-07:00] Resource usage: RSS: 33GiB CPU: 112%
[2026-04-14T16:49:51.906-07:00] IO: none
[2026-04-14T16:49:58.906-07:00] Waiting on fbsource//third-party/magma:magma (cfg:opt-linux-x86_64-fbcode-platform010-clang19-no-san-opt-by-default#d4f97eb91b6ade3d) -- action (archive_thin libmagma.stripped.pic.a), and 25 other actions
[2026-04-14T16:50:05.915-07:00] Waiting on fbcode//remote_execution/client_lib/cpp:client_metrics_lib (cfg:opt-linux-x86_64-fbcode-platform010-clang19-no-san-opt-by-default#d4f97eb91b6ade3d) -- action (write .cpp.file_prefix_cxx_args), and 58 other actions
[2026-04-14T16:50:13.005-07:00] Waiting on fbcode//buiksat_trm:run_baseline (cfg:opt-linux-x86_64-fbcode-platform010-clang19-no-san-opt-by-default#d4f97eb91b6ade3d) -- action (cxx_link_python_exe)
[2026-04-14T16:50:14.560-07:00] Network: Up: 0B  Down: 0B
BUILD SUCCEEDED - starting your binary
WARNING:root:===========[FB_TRITON]=========== Triton Version: 3.5.0+fb
INFO:2026-04-14 16:50:27 1218748:1218748 CuptiCallbackApi.cpp:69] Callback: domain = 3, cbid = 1
INFO:2026-04-14 16:50:27 1218748:1218748 CuptiActivityProfiler.cpp:93] CUDA versions. CUPTI: 22; Runtime: 12040; Driver: 12040
INFO:2026-04-14 16:50:27 1218748:1227598 FBConfig.cpp:330] Perfetto builder enabled: 1
INFO:2026-04-14 16:50:27 1218748:1227598 DynoConfigLoader.cpp:61] Setting communication fabric enabled = 0
INFO:2026-04-14 16:50:27 1218748:1227598 DynoConfigLoader.cpp:61] Setting communication fabric enabled = 0
[step 00100] eval_success_rate=0.000 eval_mean_return=-19.138 eval_invalid_action_rate=0.300
[step 00200] eval_success_rate=0.000 eval_mean_return=-19.138 eval_invalid_action_rate=0.300
[step 00300] eval_success_rate=0.000 eval_mean_return=-18.832 eval_invalid_action_rate=0.497
[step 00400] eval_success_rate=0.000 eval_mean_return=-19.159 eval_invalid_action_rate=0.619
[step 00500] eval_success_rate=0.000 eval_mean_return=-18.823 eval_invalid_action_rate=0.599
[step 00600] eval_success_rate=0.000 eval_mean_return=-19.260 eval_invalid_action_rate=0.480
[step 00700] eval_success_rate=0.000 eval_mean_return=-18.922 eval_invalid_action_rate=0.671
[step 00800] eval_success_rate=0.000 eval_mean_return=-19.414 eval_invalid_action_rate=0.517
[step 00900] eval_success_rate=0.000 eval_mean_return=-18.791 eval_invalid_action_rate=0.694
[step 01000] eval_success_rate=0.000 eval_mean_return=-19.025 eval_invalid_action_rate=0.575
[step 01000] checkpoint=/home/buiksat/trm_bellman/results/neurips2026/external_hard4x4_20k/dqn/seed3/model_step_1000.zip
[step 01100] eval_success_rate=0.000 eval_mean_return=-18.539 eval_invalid_action_rate=0.698
[step 01200] eval_success_rate=0.000 eval_mean_return=-18.773 eval_invalid_action_rate=0.659
[step 01300] eval_success_rate=0.000 eval_mean_return=-18.387 eval_invalid_action_rate=0.719
[step 01400] eval_success_rate=0.000 eval_mean_return=-18.675 eval_invalid_action_rate=0.677
[step 01500] eval_success_rate=0.000 eval_mean_return=-18.336 eval_invalid_action_rate=0.740
[step 01600] eval_success_rate=0.000 eval_mean_return=-18.069 eval_invalid_action_rate=0.797
[step 01700] eval_success_rate=0.000 eval_mean_return=-17.815 eval_invalid_action_rate=0.820
[step 01800] eval_success_rate=0.000 eval_mean_return=-18.118 eval_invalid_action_rate=0.797
[step 01900] eval_success_rate=0.000 eval_mean_return=-18.102 eval_invalid_action_rate=0.816
[step 02000] eval_success_rate=0.000 eval_mean_return=-17.563 eval_invalid_action_rate=0.879
[step 02000] checkpoint=/home/buiksat/trm_bellman/results/neurips2026/external_hard4x4_20k/dqn/seed3/model_step_2000.zip
[step 02100] eval_success_rate=0.000 eval_mean_return=-18.118 eval_invalid_action_rate=0.659
[step 02200] eval_success_rate=0.000 eval_mean_return=-17.630 eval_invalid_action_rate=0.840
[step 02300] eval_success_rate=0.000 eval_mean_return=-17.882 eval_invalid_action_rate=0.840
[step 02400] eval_success_rate=0.000 eval_mean_return=-17.832 eval_invalid_action_rate=0.899
[step 02500] eval_success_rate=0.000 eval_mean_return=-18.186 eval_invalid_action_rate=0.760
[step 02600] eval_success_rate=0.000 eval_mean_return=-18.084 eval_invalid_action_rate=0.838
[step 02700] eval_success_rate=0.000 eval_mean_return=-17.864 eval_invalid_action_rate=0.820
[step 02800] eval_success_rate=0.000 eval_mean_return=-17.950 eval_invalid_action_rate=0.838
[step 02900] eval_success_rate=0.000 eval_mean_return=-18.151 eval_invalid_action_rate=0.797
[step 03000] eval_success_rate=0.000 eval_mean_return=-18.000 eval_invalid_action_rate=0.779
[step 03000] checkpoint=/home/buiksat/trm_bellman/results/neurips2026/external_hard4x4_20k/dqn/seed3/model_step_3000.zip
[step 03100] eval_success_rate=0.000 eval_mean_return=-18.017 eval_invalid_action_rate=0.816
[step 03200] eval_success_rate=0.000 eval_mean_return=-18.148 eval_invalid_action_rate=0.740
[step 03300] eval_success_rate=0.000 eval_mean_return=-17.982 eval_invalid_action_rate=0.739
[step 03400] eval_success_rate=0.000 eval_mean_return=-18.202 eval_invalid_action_rate=0.755
[step 03500] eval_success_rate=0.000 eval_mean_return=-18.558 eval_invalid_action_rate=0.579
[step 03600] eval_success_rate=0.000 eval_mean_return=-18.286 eval_invalid_action_rate=0.736
[step 03700] eval_success_rate=0.000 eval_mean_return=-17.946 eval_invalid_action_rate=0.759
[step 03800] eval_success_rate=0.000 eval_mean_return=-17.681 eval_invalid_action_rate=0.900
[step 03900] eval_success_rate=0.000 eval_mean_return=-17.664 eval_invalid_action_rate=0.880
[step 04000] eval_success_rate=0.000 eval_mean_return=-17.832 eval_invalid_action_rate=0.760
[step 04000] checkpoint=/home/buiksat/trm_bellman/results/neurips2026/external_hard4x4_20k/dqn/seed3/model_step_4000.zip
[step 04100] eval_success_rate=0.000 eval_mean_return=-17.782 eval_invalid_action_rate=0.860
[step 04200] eval_success_rate=0.000 eval_mean_return=-18.202 eval_invalid_action_rate=0.838
[step 04300] eval_success_rate=0.000 eval_mean_return=-17.866 eval_invalid_action_rate=0.840
[step 04400] eval_success_rate=0.000 eval_mean_return=-18.084 eval_invalid_action_rate=0.779
[step 04500] eval_success_rate=0.000 eval_mean_return=-18.202 eval_invalid_action_rate=0.679
[step 04600] eval_success_rate=0.000 eval_mean_return=-18.168 eval_invalid_action_rate=0.780
[step 04700] eval_success_rate=0.000 eval_mean_return=-17.664 eval_invalid_action_rate=0.959
[step 04800] eval_success_rate=0.000 eval_mean_return=-18.135 eval_invalid_action_rate=0.855
[step 04900] eval_success_rate=0.000 eval_mean_return=-17.563 eval_invalid_action_rate=0.959
[step 05000] eval_success_rate=0.000 eval_mean_return=-17.815 eval_invalid_action_rate=0.819
[step 05000] checkpoint=/home/buiksat/trm_bellman/results/neurips2026/external_hard4x4_20k/dqn/seed3/model_step_5000.zip
[step 05100] eval_success_rate=0.000 eval_mean_return=-17.961 eval_invalid_action_rate=0.818
[step 05200] eval_success_rate=0.000 eval_mean_return=-18.554 eval_invalid_action_rate=0.657
[step 05300] eval_success_rate=0.000 eval_mean_return=-18.353 eval_invalid_action_rate=0.815
[step 05400] eval_success_rate=0.000 eval_mean_return=-17.798 eval_invalid_action_rate=0.939
[step 05500] eval_success_rate=0.000 eval_mean_return=-17.647 eval_invalid_action_rate=0.920
[step 05600] eval_success_rate=0.000 eval_mean_return=-18.093 eval_invalid_action_rate=0.757
[step 05700] eval_success_rate=0.000 eval_mean_return=-18.218 eval_invalid_action_rate=0.855
[step 05800] eval_success_rate=0.000 eval_mean_return=-18.000 eval_invalid_action_rate=0.819
[step 05900] eval_success_rate=0.000 eval_mean_return=-18.269 eval_invalid_action_rate=0.777
[step 06000] eval_success_rate=0.000 eval_mean_return=-18.185 eval_invalid_action_rate=0.858
[step 06000] checkpoint=/home/buiksat/trm_bellman/results/neurips2026/external_hard4x4_20k/dqn/seed3/model_step_6000.zip
[step 06100] eval_success_rate=0.000 eval_mean_return=-17.728 eval_invalid_action_rate=0.820
[step 06200] eval_success_rate=0.000 eval_mean_return=-18.354 eval_invalid_action_rate=0.636
[step 06300] eval_success_rate=0.000 eval_mean_return=-17.698 eval_invalid_action_rate=0.820
[step 06400] eval_success_rate=0.000 eval_mean_return=-17.597 eval_invalid_action_rate=0.819
[step 06500] eval_success_rate=0.000 eval_mean_return=-18.405 eval_invalid_action_rate=0.695
[step 06600] eval_success_rate=0.000 eval_mean_return=-18.009 eval_invalid_action_rate=0.859
[step 06700] eval_success_rate=0.000 eval_mean_return=-18.101 eval_invalid_action_rate=0.776
[step 06800] eval_success_rate=0.000 eval_mean_return=-18.465 eval_invalid_action_rate=0.777
[step 06900] eval_success_rate=0.000 eval_mean_return=-17.446 eval_invalid_action_rate=0.940
[step 07000] eval_success_rate=0.000 eval_mean_return=-17.933 eval_invalid_action_rate=0.839
[step 07000] checkpoint=/home/buiksat/trm_bellman/results/neurips2026/external_hard4x4_20k/dqn/seed3/model_step_7000.zip
[step 07100] eval_success_rate=0.000 eval_mean_return=-17.748 eval_invalid_action_rate=0.880
[step 07200] eval_success_rate=0.000 eval_mean_return=-17.479 eval_invalid_action_rate=0.860
[step 07300] eval_success_rate=0.000 eval_mean_return=-17.543 eval_invalid_action_rate=0.819
[step 07400] eval_success_rate=0.000 eval_mean_return=-17.614 eval_invalid_action_rate=0.899
[step 07500] eval_success_rate=0.000 eval_mean_return=-17.748 eval_invalid_action_rate=0.897
[step 07600] eval_success_rate=0.000 eval_mean_return=-17.580 eval_invalid_action_rate=0.900
[step 07700] eval_success_rate=0.000 eval_mean_return=-18.353 eval_invalid_action_rate=0.720
[step 07800] eval_success_rate=0.000 eval_mean_return=-17.782 eval_invalid_action_rate=0.800
[step 07900] eval_success_rate=0.000 eval_mean_return=-18.242 eval_invalid_action_rate=0.676
[step 08000] eval_success_rate=0.000 eval_mean_return=-18.133 eval_invalid_action_rate=0.800
[step 08000] checkpoint=/home/buiksat/trm_bellman/results/neurips2026/external_hard4x4_20k/dqn/seed3/model_step_8000.zip
[step 08100] eval_success_rate=0.000 eval_mean_return=-18.416 eval_invalid_action_rate=0.757
[step 08200] eval_success_rate=0.000 eval_mean_return=-17.813 eval_invalid_action_rate=0.760
[step 08300] eval_success_rate=0.000 eval_mean_return=-18.084 eval_invalid_action_rate=0.897
[step 08400] eval_success_rate=0.000 eval_mean_return=-17.782 eval_invalid_action_rate=0.819
[step 08500] eval_success_rate=0.000 eval_mean_return=-17.882 eval_invalid_action_rate=0.896
[step 08600] eval_success_rate=0.000 eval_mean_return=-17.647 eval_invalid_action_rate=0.880
[step 08700] eval_success_rate=0.000 eval_mean_return=-17.698 eval_invalid_action_rate=0.859
[step 08800] eval_success_rate=0.000 eval_mean_return=-17.866 eval_invalid_action_rate=0.820
[step 08900] eval_success_rate=0.000 eval_mean_return=-18.049 eval_invalid_action_rate=0.797
[step 09000] eval_success_rate=0.000 eval_mean_return=-17.479 eval_invalid_action_rate=0.919
[step 09000] checkpoint=/home/buiksat/trm_bellman/results/neurips2026/external_hard4x4_20k/dqn/seed3/model_step_9000.zip
[step 09100] eval_success_rate=0.000 eval_mean_return=-18.050 eval_invalid_action_rate=0.856
[step 09200] eval_success_rate=0.000 eval_mean_return=-17.911 eval_invalid_action_rate=0.738
[step 09300] eval_success_rate=0.000 eval_mean_return=-18.252 eval_invalid_action_rate=0.757
[step 09400] eval_success_rate=0.000 eval_mean_return=-17.849 eval_invalid_action_rate=0.797
[step 09500] eval_success_rate=0.000 eval_mean_return=-17.849 eval_invalid_action_rate=0.877
[step 09600] eval_success_rate=0.000 eval_mean_return=-17.563 eval_invalid_action_rate=0.919
[step 09700] eval_success_rate=0.000 eval_mean_return=-17.966 eval_invalid_action_rate=0.797
[step 09800] eval_success_rate=0.000 eval_mean_return=-17.563 eval_invalid_action_rate=0.999
[step 09900] eval_success_rate=0.000 eval_mean_return=-17.647 eval_invalid_action_rate=0.877
[step 10000] eval_success_rate=0.000 eval_mean_return=-18.002 eval_invalid_action_rate=0.800
[step 10000] checkpoint=/home/buiksat/trm_bellman/results/neurips2026/external_hard4x4_20k/dqn/seed3/model_step_10000.zip
[step 10100] eval_success_rate=0.000 eval_mean_return=-17.614 eval_invalid_action_rate=0.919
[step 10200] eval_success_rate=0.000 eval_mean_return=-17.731 eval_invalid_action_rate=0.919
[step 10300] eval_success_rate=0.000 eval_mean_return=-17.614 eval_invalid_action_rate=0.939
[step 10400] eval_success_rate=0.000 eval_mean_return=-17.462 eval_invalid_action_rate=0.920
[step 10500] eval_success_rate=0.000 eval_mean_return=-17.563 eval_invalid_action_rate=0.900
[step 10600] eval_success_rate=0.000 eval_mean_return=-17.580 eval_invalid_action_rate=0.960
[step 10700] eval_success_rate=0.000 eval_mean_return=-17.580 eval_invalid_action_rate=0.899
[step 10800] eval_success_rate=0.000 eval_mean_return=-17.899 eval_invalid_action_rate=0.800
[step 10900] eval_success_rate=0.000 eval_mean_return=-18.017 eval_invalid_action_rate=0.819
[step 11000] eval_success_rate=0.000 eval_mean_return=-17.765 eval_invalid_action_rate=0.855
[step 11000] checkpoint=/home/buiksat/trm_bellman/results/neurips2026/external_hard4x4_20k/dqn/seed3/model_step_11000.zip
[step 11100] eval_success_rate=0.000 eval_mean_return=-18.067 eval_invalid_action_rate=0.819
[step 11200] eval_success_rate=0.000 eval_mean_return=-17.698 eval_invalid_action_rate=0.900
[step 11300] eval_success_rate=0.000 eval_mean_return=-18.030 eval_invalid_action_rate=0.719
[step 11400] eval_success_rate=0.000 eval_mean_return=-17.664 eval_invalid_action_rate=0.840
[step 11500] eval_success_rate=0.000 eval_mean_return=-17.462 eval_invalid_action_rate=0.899
[step 11600] eval_success_rate=0.000 eval_mean_return=-17.933 eval_invalid_action_rate=0.779
[step 11700] eval_success_rate=0.000 eval_mean_return=-17.580 eval_invalid_action_rate=0.880
[step 11800] eval_success_rate=0.000 eval_mean_return=-17.732 eval_invalid_action_rate=0.838
[step 11900] eval_success_rate=0.000 eval_mean_return=-17.714 eval_invalid_action_rate=0.836
[step 12000] eval_success_rate=0.000 eval_mean_return=-18.202 eval_invalid_action_rate=0.720
[step 12000] checkpoint=/home/buiksat/trm_bellman/results/neurips2026/external_hard4x4_20k/dqn/seed3/model_step_12000.zip
[step 12100] eval_success_rate=0.000 eval_mean_return=-17.546 eval_invalid_action_rate=0.818
[step 12200] eval_success_rate=0.000 eval_mean_return=-18.437 eval_invalid_action_rate=0.797
[step 12300] eval_success_rate=0.000 eval_mean_return=-18.655 eval_invalid_action_rate=0.620
[step 12400] eval_success_rate=0.000 eval_mean_return=-17.647 eval_invalid_action_rate=0.900
[step 12500] eval_success_rate=0.000 eval_mean_return=-17.731 eval_invalid_action_rate=0.920
[step 12600] eval_success_rate=0.000 eval_mean_return=-17.614 eval_invalid_action_rate=0.880
[step 12700] eval_success_rate=0.000 eval_mean_return=-17.513 eval_invalid_action_rate=0.939
[step 12800] eval_success_rate=0.000 eval_mean_return=-18.676 eval_invalid_action_rate=0.497
[step 12900] eval_success_rate=0.000 eval_mean_return=-17.832 eval_invalid_action_rate=0.839
[step 13000] eval_success_rate=0.000 eval_mean_return=-17.698 eval_invalid_action_rate=0.900
[step 13000] checkpoint=/home/buiksat/trm_bellman/results/neurips2026/external_hard4x4_20k/dqn/seed3/model_step_13000.zip
[step 13100] eval_success_rate=0.000 eval_mean_return=-17.832 eval_invalid_action_rate=0.757
[step 13200] eval_success_rate=0.000 eval_mean_return=-18.185 eval_invalid_action_rate=0.739
[step 13300] eval_success_rate=0.000 eval_mean_return=-17.782 eval_invalid_action_rate=0.880
[step 13400] eval_success_rate=0.000 eval_mean_return=-17.833 eval_invalid_action_rate=0.879
[step 13500] eval_success_rate=0.000 eval_mean_return=-18.168 eval_invalid_action_rate=0.836
[step 13600] eval_success_rate=0.000 eval_mean_return=-18.151 eval_invalid_action_rate=0.874
[step 13700] eval_success_rate=0.000 eval_mean_return=-18.236 eval_invalid_action_rate=0.779
[step 13800] eval_success_rate=0.000 eval_mean_return=-18.238 eval_invalid_action_rate=0.720
[step 13900] eval_success_rate=0.000 eval_mean_return=-17.664 eval_invalid_action_rate=0.880
[step 14000] eval_success_rate=0.000 eval_mean_return=-17.378 eval_invalid_action_rate=0.900
[step 14000] checkpoint=/home/buiksat/trm_bellman/results/neurips2026/external_hard4x4_20k/dqn/seed3/model_step_14000.zip
[step 14100] eval_success_rate=0.000 eval_mean_return=-17.513 eval_invalid_action_rate=0.919
[step 14200] eval_success_rate=0.000 eval_mean_return=-17.657 eval_invalid_action_rate=0.840
[step 14300] eval_success_rate=0.000 eval_mean_return=-17.563 eval_invalid_action_rate=0.940
[step 14400] eval_success_rate=0.000 eval_mean_return=-18.269 eval_invalid_action_rate=0.777
[step 14500] eval_success_rate=0.000 eval_mean_return=-17.951 eval_invalid_action_rate=0.880
[step 14600] eval_success_rate=0.000 eval_mean_return=-18.386 eval_invalid_action_rate=0.660
[step 14700] eval_success_rate=0.000 eval_mean_return=-18.169 eval_invalid_action_rate=0.777
[step 14800] eval_success_rate=0.000 eval_mean_return=-18.302 eval_invalid_action_rate=0.700
[step 14900] eval_success_rate=0.000 eval_mean_return=-17.546 eval_invalid_action_rate=0.900
[step 15000] eval_success_rate=0.000 eval_mean_return=-18.052 eval_invalid_action_rate=0.779
[step 15000] checkpoint=/home/buiksat/trm_bellman/results/neurips2026/external_hard4x4_20k/dqn/seed3/model_step_15000.zip
[step 15100] eval_success_rate=0.000 eval_mean_return=-17.698 eval_invalid_action_rate=0.860
[step 15200] eval_success_rate=0.000 eval_mean_return=-18.366 eval_invalid_action_rate=0.739
[step 15300] eval_success_rate=0.000 eval_mean_return=-18.067 eval_invalid_action_rate=0.834
[step 15400] eval_success_rate=0.000 eval_mean_return=-18.825 eval_invalid_action_rate=0.160
[step 15500] eval_success_rate=0.000 eval_mean_return=-17.546 eval_invalid_action_rate=0.939
[step 15600] eval_success_rate=0.000 eval_mean_return=-18.101 eval_invalid_action_rate=0.699
[step 15700] eval_success_rate=0.000 eval_mean_return=-17.429 eval_invalid_action_rate=0.920
[step 15800] eval_success_rate=0.000 eval_mean_return=-17.412 eval_invalid_action_rate=0.959
[step 15900] eval_success_rate=0.000 eval_mean_return=-17.882 eval_invalid_action_rate=0.859
[step 16000] eval_success_rate=0.000 eval_mean_return=-17.714 eval_invalid_action_rate=0.880
[step 16000] checkpoint=/home/buiksat/trm_bellman/results/neurips2026/external_hard4x4_20k/dqn/seed3/model_step_16000.zip
[step 16100] eval_success_rate=0.000 eval_mean_return=-17.429 eval_invalid_action_rate=0.899
[step 16200] eval_success_rate=0.000 eval_mean_return=-17.546 eval_invalid_action_rate=0.960
[step 16300] eval_success_rate=0.000 eval_mean_return=-18.437 eval_invalid_action_rate=0.640
[step 16400] eval_success_rate=0.000 eval_mean_return=-18.523 eval_invalid_action_rate=0.759
[step 16500] eval_success_rate=0.000 eval_mean_return=-17.496 eval_invalid_action_rate=0.939
[step 16600] eval_success_rate=0.000 eval_mean_return=-17.597 eval_invalid_action_rate=0.900
[step 16700] eval_success_rate=0.000 eval_mean_return=-17.598 eval_invalid_action_rate=0.880
[step 16800] eval_success_rate=0.000 eval_mean_return=-17.697 eval_invalid_action_rate=0.858
[step 16900] eval_success_rate=0.000 eval_mean_return=-17.446 eval_invalid_action_rate=0.919
[step 17000] eval_success_rate=0.000 eval_mean_return=-17.681 eval_invalid_action_rate=0.859
[step 17000] checkpoint=/home/buiksat/trm_bellman/results/neurips2026/external_hard4x4_20k/dqn/seed3/model_step_17000.zip
[step 17100] eval_success_rate=0.000 eval_mean_return=-17.731 eval_invalid_action_rate=0.860
[step 17200] eval_success_rate=0.000 eval_mean_return=-17.597 eval_invalid_action_rate=0.860
[step 17300] eval_success_rate=0.000 eval_mean_return=-18.437 eval_invalid_action_rate=0.640
[step 17400] eval_success_rate=0.000 eval_mean_return=-17.580 eval_invalid_action_rate=0.917
[step 17500] eval_success_rate=0.000 eval_mean_return=-17.664 eval_invalid_action_rate=0.856
[step 17600] eval_success_rate=0.000 eval_mean_return=-17.748 eval_invalid_action_rate=0.899
[step 17700] eval_success_rate=0.000 eval_mean_return=-17.847 eval_invalid_action_rate=0.759
[step 17800] eval_success_rate=0.000 eval_mean_return=-19.378 eval_invalid_action_rate=0.499
[step 17900] eval_success_rate=0.000 eval_mean_return=-17.679 eval_invalid_action_rate=0.880
[step 18000] eval_success_rate=0.000 eval_mean_return=-17.933 eval_invalid_action_rate=0.796
[step 18000] checkpoint=/home/buiksat/trm_bellman/results/neurips2026/external_hard4x4_20k/dqn/seed3/model_step_18000.zip
[step 18100] eval_success_rate=0.000 eval_mean_return=-17.446 eval_invalid_action_rate=0.980
[step 18200] eval_success_rate=0.000 eval_mean_return=-18.118 eval_invalid_action_rate=0.839
[step 18300] eval_success_rate=0.000 eval_mean_return=-17.783 eval_invalid_action_rate=0.858
[step 18400] eval_success_rate=0.000 eval_mean_return=-17.497 eval_invalid_action_rate=0.917
[step 18500] eval_success_rate=0.000 eval_mean_return=-19.478 eval_invalid_action_rate=0.460
[step 18600] eval_success_rate=0.000 eval_mean_return=-18.033 eval_invalid_action_rate=0.779
[step 18700] eval_success_rate=0.000 eval_mean_return=-17.815 eval_invalid_action_rate=0.880
[step 18800] eval_success_rate=0.000 eval_mean_return=-17.782 eval_invalid_action_rate=0.700
[step 18900] eval_success_rate=0.000 eval_mean_return=-17.848 eval_invalid_action_rate=0.757
[step 19000] eval_success_rate=0.000 eval_mean_return=-18.034 eval_invalid_action_rate=0.660
[step 19000] checkpoint=/home/buiksat/trm_bellman/results/neurips2026/external_hard4x4_20k/dqn/seed3/model_step_19000.zip
[step 19100] eval_success_rate=0.000 eval_mean_return=-17.815 eval_invalid_action_rate=0.838
[step 19200] eval_success_rate=0.000 eval_mean_return=-17.691 eval_invalid_action_rate=0.880
[step 19300] eval_success_rate=0.000 eval_mean_return=-17.730 eval_invalid_action_rate=0.899
[step 19400] eval_success_rate=0.000 eval_mean_return=-17.462 eval_invalid_action_rate=0.880
[step 19500] eval_success_rate=0.000 eval_mean_return=-17.610 eval_invalid_action_rate=0.900
[step 19600] eval_success_rate=0.000 eval_mean_return=-18.066 eval_invalid_action_rate=0.780
[step 19700] eval_success_rate=0.000 eval_mean_return=-18.224 eval_invalid_action_rate=0.679
[step 19800] eval_success_rate=0.000 eval_mean_return=-17.714 eval_invalid_action_rate=0.879
[step 19900] eval_success_rate=0.000 eval_mean_return=-18.017 eval_invalid_action_rate=0.897
[step 20000] eval_success_rate=0.000 eval_mean_return=-17.746 eval_invalid_action_rate=0.860
[step 20000] checkpoint=/home/buiksat/trm_bellman/results/neurips2026/external_hard4x4_20k/dqn/seed3/model_step_20000.zip
[baseline] env=sudoku4x4 algo=dqn backend=sb3
[baseline] action_space_n=97 observation_keys=inputs,plan,action_mask
[baseline] finished training: steps=20000 final_eval_success_rate=0.000 final_eval_mean_return=-17.545
[baseline] t0.3_ready=True
[baseline] t0.2_status=complete
[baseline] note: Vanilla SB3 PPO/A2C/DQN does not apply logit masking from action_mask; the policy acts in the full no-mask action space and invalid edits are penalized by the environment. This matches the paper's hard-4x4 no-mask protocol and should be compared against the internal no-mask A2C baseline.
[baseline] summary written to /home/buiksat/trm_bellman/results/neurips2026/external_hard4x4_20k/dqn/seed3/train_summary.json
WARNING:2026-04-14 16:55:12 1218748:1227598 DynoConfigLoader.cpp:35] (x1) Failed to read config: No dyno config client
[16:55:12] Launching algo=dqn seed=4
  log: /home/buiksat/trm_bellman/results/neurips2026/external_hard4x4_20k/dqn/seed4/train.log
[2026-04-14T16:55:12.773-07:00] Buck UI: https://www.internalfb.com/buck2/6463e937-77dc-45d6-9781-52fa66a21371
[2026-04-14T16:55:12.915-07:00] Network: Up: 0B  Down: 0B
BUILD SUCCEEDED - starting your binary
WARNING:root:===========[FB_TRITON]=========== Triton Version: 3.5.0+fb
INFO:2026-04-14 16:55:23 1265144:1265144 CuptiCallbackApi.cpp:69] Callback: domain = 3, cbid = 1
INFO:2026-04-14 16:55:23 1265144:1265144 CuptiActivityProfiler.cpp:93] CUDA versions. CUPTI: 22; Runtime: 12040; Driver: 12040
INFO:2026-04-14 16:55:23 1265144:1267684 FBConfig.cpp:330] Perfetto builder enabled: 1
INFO:2026-04-14 16:55:23 1265144:1267684 DynoConfigLoader.cpp:61] Setting communication fabric enabled = 0
INFO:2026-04-14 16:55:24 1265144:1267684 DynoConfigLoader.cpp:61] Setting communication fabric enabled = 0
[step 00100] eval_success_rate=0.000 eval_mean_return=-19.164 eval_invalid_action_rate=0.615
[step 00200] eval_success_rate=0.000 eval_mean_return=-19.164 eval_invalid_action_rate=0.615
[step 00300] eval_success_rate=0.000 eval_mean_return=-17.945 eval_invalid_action_rate=0.900
[step 00400] eval_success_rate=0.000 eval_mean_return=-18.017 eval_invalid_action_rate=0.860
[step 00500] eval_success_rate=0.000 eval_mean_return=-17.748 eval_invalid_action_rate=0.899
[step 00600] eval_success_rate=0.000 eval_mean_return=-17.950 eval_invalid_action_rate=0.800
[step 00700] eval_success_rate=0.000 eval_mean_return=-17.664 eval_invalid_action_rate=0.840
[step 00800] eval_success_rate=0.000 eval_mean_return=-18.285 eval_invalid_action_rate=0.700
[step 00900] eval_success_rate=0.000 eval_mean_return=-17.815 eval_invalid_action_rate=0.859
[step 01000] eval_success_rate=0.000 eval_mean_return=-18.017 eval_invalid_action_rate=0.780
[step 01000] checkpoint=/home/buiksat/trm_bellman/results/neurips2026/external_hard4x4_20k/dqn/seed4/model_step_1000.zip
[step 01100] eval_success_rate=0.000 eval_mean_return=-17.983 eval_invalid_action_rate=0.839
[step 01200] eval_success_rate=0.000 eval_mean_return=-17.664 eval_invalid_action_rate=0.839
[step 01300] eval_success_rate=0.000 eval_mean_return=-17.849 eval_invalid_action_rate=0.880
[step 01400] eval_success_rate=0.000 eval_mean_return=-18.101 eval_invalid_action_rate=0.858
[step 01500] eval_success_rate=0.000 eval_mean_return=-17.916 eval_invalid_action_rate=0.880
[step 01600] eval_success_rate=0.000 eval_mean_return=-17.731 eval_invalid_action_rate=0.899
[step 01700] eval_success_rate=0.000 eval_mean_return=-18.101 eval_invalid_action_rate=0.820
[step 01800] eval_success_rate=0.000 eval_mean_return=-18.018 eval_invalid_action_rate=0.797
[step 01900] eval_success_rate=0.000 eval_mean_return=-17.983 eval_invalid_action_rate=0.820
[step 02000] eval_success_rate=0.000 eval_mean_return=-17.815 eval_invalid_action_rate=0.920
[step 02000] checkpoint=/home/buiksat/trm_bellman/results/neurips2026/external_hard4x4_20k/dqn/seed4/model_step_2000.zip
[step 02100] eval_success_rate=0.000 eval_mean_return=-17.882 eval_invalid_action_rate=0.860
[step 02200] eval_success_rate=0.000 eval_mean_return=-17.882 eval_invalid_action_rate=0.860
[step 02300] eval_success_rate=0.000 eval_mean_return=-18.252 eval_invalid_action_rate=0.838
[step 02400] eval_success_rate=0.000 eval_mean_return=-17.714 eval_invalid_action_rate=0.899
[step 02500] eval_success_rate=0.000 eval_mean_return=-17.900 eval_invalid_action_rate=0.900
[step 02600] eval_success_rate=0.000 eval_mean_return=-18.168 eval_invalid_action_rate=0.840
[step 02700] eval_success_rate=0.000 eval_mean_return=-18.067 eval_invalid_action_rate=0.819
[step 02800] eval_success_rate=0.000 eval_mean_return=-17.546 eval_invalid_action_rate=0.960
[step 02900] eval_success_rate=0.000 eval_mean_return=-17.732 eval_invalid_action_rate=0.939
[step 03000] eval_success_rate=0.000 eval_mean_return=-17.832 eval_invalid_action_rate=0.820
[step 03000] checkpoint=/home/buiksat/trm_bellman/results/neurips2026/external_hard4x4_20k/dqn/seed4/model_step_3000.zip
[step 03100] eval_success_rate=0.000 eval_mean_return=-18.386 eval_invalid_action_rate=0.698
[step 03200] eval_success_rate=0.000 eval_mean_return=-17.664 eval_invalid_action_rate=0.939
[step 03300] eval_success_rate=0.000 eval_mean_return=-17.614 eval_invalid_action_rate=0.900
[step 03400] eval_success_rate=0.000 eval_mean_return=-17.748 eval_invalid_action_rate=0.979
[step 03500] eval_success_rate=0.000 eval_mean_return=-17.630 eval_invalid_action_rate=0.940
[step 03600] eval_success_rate=0.000 eval_mean_return=-17.597 eval_invalid_action_rate=0.920
[step 03700] eval_success_rate=0.000 eval_mean_return=-18.101 eval_invalid_action_rate=0.859
[step 03800] eval_success_rate=0.000 eval_mean_return=-17.748 eval_invalid_action_rate=0.840
[step 03900] eval_success_rate=0.000 eval_mean_return=-17.563 eval_invalid_action_rate=0.900
[step 04000] eval_success_rate=0.000 eval_mean_return=-17.950 eval_invalid_action_rate=0.939
[step 04000] checkpoint=/home/buiksat/trm_bellman/results/neurips2026/external_hard4x4_20k/dqn/seed4/model_step_4000.zip
[step 04100] eval_success_rate=0.000 eval_mean_return=-17.809 eval_invalid_action_rate=0.820
[step 04200] eval_success_rate=0.000 eval_mean_return=-18.252 eval_invalid_action_rate=0.800
[step 04300] eval_success_rate=0.000 eval_mean_return=-17.782 eval_invalid_action_rate=0.920
[step 04400] eval_success_rate=0.000 eval_mean_return=-17.429 eval_invalid_action_rate=0.960
[step 04500] eval_success_rate=0.000 eval_mean_return=-17.866 eval_invalid_action_rate=0.919
[step 04600] eval_success_rate=0.000 eval_mean_return=-17.678 eval_invalid_action_rate=0.900
[step 04700] eval_success_rate=0.000 eval_mean_return=-18.084 eval_invalid_action_rate=0.840
[step 04800] eval_success_rate=0.000 eval_mean_return=-17.731 eval_invalid_action_rate=0.959
[step 04900] eval_success_rate=0.000 eval_mean_return=-17.882 eval_invalid_action_rate=0.880
[step 05000] eval_success_rate=0.000 eval_mean_return=-17.765 eval_invalid_action_rate=0.880
[step 05000] checkpoint=/home/buiksat/trm_bellman/results/neurips2026/external_hard4x4_20k/dqn/seed4/model_step_5000.zip
[step 05100] eval_success_rate=0.000 eval_mean_return=-17.647 eval_invalid_action_rate=0.980
[step 05200] eval_success_rate=0.000 eval_mean_return=-17.526 eval_invalid_action_rate=0.960
[step 05300] eval_success_rate=0.000 eval_mean_return=-17.614 eval_invalid_action_rate=0.959
[step 05400] eval_success_rate=0.000 eval_mean_return=-18.150 eval_invalid_action_rate=0.858
[step 05500] eval_success_rate=0.000 eval_mean_return=-17.630 eval_invalid_action_rate=0.940
[step 05600] eval_success_rate=0.000 eval_mean_return=-18.050 eval_invalid_action_rate=0.879
[step 05700] eval_success_rate=0.000 eval_mean_return=-17.647 eval_invalid_action_rate=0.940
[step 05800] eval_success_rate=0.000 eval_mean_return=-17.748 eval_invalid_action_rate=0.899
[step 05900] eval_success_rate=0.000 eval_mean_return=-17.714 eval_invalid_action_rate=0.940
[step 06000] eval_success_rate=0.000 eval_mean_return=-17.664 eval_invalid_action_rate=0.920
[step 06000] checkpoint=/home/buiksat/trm_bellman/results/neurips2026/external_hard4x4_20k/dqn/seed4/model_step_6000.zip
[step 06100] eval_success_rate=0.000 eval_mean_return=-17.780 eval_invalid_action_rate=0.860
[step 06200] eval_success_rate=0.000 eval_mean_return=-17.867 eval_invalid_action_rate=0.880
[step 06300] eval_success_rate=0.000 eval_mean_return=-17.815 eval_invalid_action_rate=0.917
[step 06400] eval_success_rate=0.000 eval_mean_return=-18.183 eval_invalid_action_rate=0.777
[step 06500] eval_success_rate=0.000 eval_mean_return=-17.731 eval_invalid_action_rate=0.979
[step 06600] eval_success_rate=0.000 eval_mean_return=-18.170 eval_invalid_action_rate=0.799
[step 06700] eval_success_rate=0.000 eval_mean_return=-17.563 eval_invalid_action_rate=0.940
[step 06800] eval_success_rate=0.000 eval_mean_return=-17.917 eval_invalid_action_rate=0.879
[step 06900] eval_success_rate=0.000 eval_mean_return=-17.580 eval_invalid_action_rate=0.877
[step 07000] eval_success_rate=0.000 eval_mean_return=-17.931 eval_invalid_action_rate=0.876
[step 07000] checkpoint=/home/buiksat/trm_bellman/results/neurips2026/external_hard4x4_20k/dqn/seed4/model_step_7000.zip
[step 07100] eval_success_rate=0.000 eval_mean_return=-17.580 eval_invalid_action_rate=0.960
[step 07200] eval_success_rate=0.000 eval_mean_return=-17.630 eval_invalid_action_rate=0.880
[step 07300] eval_success_rate=0.000 eval_mean_return=-18.252 eval_invalid_action_rate=0.819
[step 07400] eval_success_rate=0.000 eval_mean_return=-17.714 eval_invalid_action_rate=0.940
[step 07500] eval_success_rate=0.000 eval_mean_return=-17.797 eval_invalid_action_rate=0.899
[step 07600] eval_success_rate=0.000 eval_mean_return=-17.882 eval_invalid_action_rate=0.879
[step 07700] eval_success_rate=0.000 eval_mean_return=-17.714 eval_invalid_action_rate=0.900
[step 07800] eval_success_rate=0.000 eval_mean_return=-17.864 eval_invalid_action_rate=0.899
[step 07900] eval_success_rate=0.000 eval_mean_return=-17.911 eval_invalid_action_rate=0.839
[step 08000] eval_success_rate=0.000 eval_mean_return=-17.546 eval_invalid_action_rate=0.980
[step 08000] checkpoint=/home/buiksat/trm_bellman/results/neurips2026/external_hard4x4_20k/dqn/seed4/model_step_8000.zip
[step 08100] eval_success_rate=0.000 eval_mean_return=-18.000 eval_invalid_action_rate=0.879
[step 08200] eval_success_rate=0.000 eval_mean_return=-17.698 eval_invalid_action_rate=0.900
[step 08300] eval_success_rate=0.000 eval_mean_return=-17.548 eval_invalid_action_rate=0.980
[step 08400] eval_success_rate=0.000 eval_mean_return=-17.412 eval_invalid_action_rate=0.940
[step 08500] eval_success_rate=0.000 eval_mean_return=-17.730 eval_invalid_action_rate=0.840
[step 08600] eval_success_rate=0.000 eval_mean_return=-17.916 eval_invalid_action_rate=0.939
[step 08700] eval_success_rate=0.000 eval_mean_return=-18.218 eval_invalid_action_rate=0.816
[step 08800] eval_success_rate=0.000 eval_mean_return=-18.000 eval_invalid_action_rate=0.856
[step 08900] eval_success_rate=0.000 eval_mean_return=-18.403 eval_invalid_action_rate=0.780
[step 09000] eval_success_rate=0.000 eval_mean_return=-17.997 eval_invalid_action_rate=0.858
[step 09000] checkpoint=/home/buiksat/trm_bellman/results/neurips2026/external_hard4x4_20k/dqn/seed4/model_step_9000.zip
[step 09100] eval_success_rate=0.000 eval_mean_return=-17.714 eval_invalid_action_rate=0.958
[step 09200] eval_success_rate=0.000 eval_mean_return=-17.714 eval_invalid_action_rate=0.958
[step 09300] eval_success_rate=0.000 eval_mean_return=-18.047 eval_invalid_action_rate=0.859
[step 09400] eval_success_rate=0.000 eval_mean_return=-18.218 eval_invalid_action_rate=0.760
[step 09500] eval_success_rate=0.000 eval_mean_return=-17.992 eval_invalid_action_rate=0.859
[step 09600] eval_success_rate=0.000 eval_mean_return=-17.832 eval_invalid_action_rate=0.860
[step 09700] eval_success_rate=0.000 eval_mean_return=-17.966 eval_invalid_action_rate=0.899
[step 09800] eval_success_rate=0.000 eval_mean_return=-17.748 eval_invalid_action_rate=0.860
[step 09900] eval_success_rate=0.000 eval_mean_return=-17.898 eval_invalid_action_rate=0.859
[step 10000] eval_success_rate=0.000 eval_mean_return=-17.714 eval_invalid_action_rate=0.940
[step 10000] checkpoint=/home/buiksat/trm_bellman/results/neurips2026/external_hard4x4_20k/dqn/seed4/model_step_10000.zip
[step 10100] eval_success_rate=0.000 eval_mean_return=-18.044 eval_invalid_action_rate=0.839
[step 10200] eval_success_rate=0.000 eval_mean_return=-17.546 eval_invalid_action_rate=0.897
[step 10300] eval_success_rate=0.000 eval_mean_return=-17.580 eval_invalid_action_rate=0.900
[step 10400] eval_success_rate=0.000 eval_mean_return=-17.882 eval_invalid_action_rate=0.840
[step 10500] eval_success_rate=0.000 eval_mean_return=-18.252 eval_invalid_action_rate=0.820
[step 10600] eval_success_rate=0.000 eval_mean_return=-17.748 eval_invalid_action_rate=0.899
[step 10700] eval_success_rate=0.000 eval_mean_return=-17.765 eval_invalid_action_rate=0.919
[step 10800] eval_success_rate=0.000 eval_mean_return=-18.185 eval_invalid_action_rate=0.873
[step 10900] eval_success_rate=0.000 eval_mean_return=-18.286 eval_invalid_action_rate=0.816
[step 11000] eval_success_rate=0.000 eval_mean_return=-17.849 eval_invalid_action_rate=0.919
[step 11000] checkpoint=/home/buiksat/trm_bellman/results/neurips2026/external_hard4x4_20k/dqn/seed4/model_step_11000.zip
[step 11100] eval_success_rate=0.000 eval_mean_return=-17.849 eval_invalid_action_rate=0.917
[step 11200] eval_success_rate=0.000 eval_mean_return=-17.949 eval_invalid_action_rate=0.919
[step 11300] eval_success_rate=0.000 eval_mean_return=-18.050 eval_invalid_action_rate=0.897
[step 11400] eval_success_rate=0.000 eval_mean_return=-17.733 eval_invalid_action_rate=0.940
[step 11500] eval_success_rate=0.000 eval_mean_return=-17.832 eval_invalid_action_rate=0.939
[step 11600] eval_success_rate=0.000 eval_mean_return=-18.151 eval_invalid_action_rate=0.875
[step 11700] eval_success_rate=0.000 eval_mean_return=-17.780 eval_invalid_action_rate=0.877
[step 11800] eval_success_rate=0.000 eval_mean_return=-17.798 eval_invalid_action_rate=0.899
[step 11900] eval_success_rate=0.000 eval_mean_return=-17.965 eval_invalid_action_rate=0.880
[step 12000] eval_success_rate=0.000 eval_mean_return=-18.202 eval_invalid_action_rate=0.840
[step 12000] checkpoint=/home/buiksat/trm_bellman/results/neurips2026/external_hard4x4_20k/dqn/seed4/model_step_12000.zip
[step 12100] eval_success_rate=0.000 eval_mean_return=-18.017 eval_invalid_action_rate=0.897
[step 12200] eval_success_rate=0.000 eval_mean_return=-17.815 eval_invalid_action_rate=0.958
[step 12300] eval_success_rate=0.000 eval_mean_return=-17.966 eval_invalid_action_rate=0.838
[step 12400] eval_success_rate=0.000 eval_mean_return=-17.797 eval_invalid_action_rate=0.877
[step 12500] eval_success_rate=0.000 eval_mean_return=-17.881 eval_invalid_action_rate=0.879
[step 12600] eval_success_rate=0.000 eval_mean_return=-17.950 eval_invalid_action_rate=0.819
[step 12700] eval_success_rate=0.000 eval_mean_return=-17.513 eval_invalid_action_rate=0.980
[step 12800] eval_success_rate=0.000 eval_mean_return=-17.832 eval_invalid_action_rate=0.899
[step 12900] eval_success_rate=0.000 eval_mean_return=-17.614 eval_invalid_action_rate=0.940
[step 13000] eval_success_rate=0.000 eval_mean_return=-17.814 eval_invalid_action_rate=0.917
[step 13000] checkpoint=/home/buiksat/trm_bellman/results/neurips2026/external_hard4x4_20k/dqn/seed4/model_step_13000.zip
[step 13100] eval_success_rate=0.000 eval_mean_return=-17.748 eval_invalid_action_rate=0.979
[step 13200] eval_success_rate=0.000 eval_mean_return=-17.714 eval_invalid_action_rate=0.940
[step 13300] eval_success_rate=0.000 eval_mean_return=-17.849 eval_invalid_action_rate=0.920
[step 13400] eval_success_rate=0.000 eval_mean_return=-18.168 eval_invalid_action_rate=0.840
[step 13500] eval_success_rate=0.000 eval_mean_return=-18.150 eval_invalid_action_rate=0.818
[step 13600] eval_success_rate=0.000 eval_mean_return=-17.714 eval_invalid_action_rate=0.920
[step 13700] eval_success_rate=0.000 eval_mean_return=-18.067 eval_invalid_action_rate=0.799
[step 13800] eval_success_rate=0.000 eval_mean_return=-17.879 eval_invalid_action_rate=0.880
[step 13900] eval_success_rate=0.000 eval_mean_return=-18.118 eval_invalid_action_rate=0.839
[step 14000] eval_success_rate=0.000 eval_mean_return=-18.134 eval_invalid_action_rate=0.776
[step 14000] checkpoint=/home/buiksat/trm_bellman/results/neurips2026/external_hard4x4_20k/dqn/seed4/model_step_14000.zip
[step 14100] eval_success_rate=0.000 eval_mean_return=-17.546 eval_invalid_action_rate=0.960
[step 14200] eval_success_rate=0.000 eval_mean_return=-17.815 eval_invalid_action_rate=0.958
[step 14300] eval_success_rate=0.000 eval_mean_return=-17.832 eval_invalid_action_rate=0.975
[step 14400] eval_success_rate=0.000 eval_mean_return=-17.899 eval_invalid_action_rate=0.879
[step 14500] eval_success_rate=0.000 eval_mean_return=-17.782 eval_invalid_action_rate=0.979
[step 14600] eval_success_rate=0.000 eval_mean_return=-17.849 eval_invalid_action_rate=0.899
[step 14700] eval_success_rate=0.000 eval_mean_return=-17.815 eval_invalid_action_rate=0.935
[step 14800] eval_success_rate=0.000 eval_mean_return=-17.983 eval_invalid_action_rate=0.879
[step 14900] eval_success_rate=0.000 eval_mean_return=-18.328 eval_invalid_action_rate=0.680
[step 15000] eval_success_rate=0.000 eval_mean_return=-17.916 eval_invalid_action_rate=0.839
[step 15000] checkpoint=/home/buiksat/trm_bellman/results/neurips2026/external_hard4x4_20k/dqn/seed4/model_step_15000.zip
[step 15100] eval_success_rate=0.000 eval_mean_return=-17.578 eval_invalid_action_rate=0.959
[step 15200] eval_success_rate=0.000 eval_mean_return=-17.698 eval_invalid_action_rate=0.920
[step 15300] eval_success_rate=0.000 eval_mean_return=-18.100 eval_invalid_action_rate=0.799
[step 15400] eval_success_rate=0.000 eval_mean_return=-17.612 eval_invalid_action_rate=0.860
[step 15500] eval_success_rate=0.000 eval_mean_return=-17.647 eval_invalid_action_rate=0.980
[step 15600] eval_success_rate=0.000 eval_mean_return=-17.664 eval_invalid_action_rate=0.899
[step 15700] eval_success_rate=0.000 eval_mean_return=-17.980 eval_invalid_action_rate=0.899
[step 15800] eval_success_rate=0.000 eval_mean_return=-17.882 eval_invalid_action_rate=0.879
[step 15900] eval_success_rate=0.000 eval_mean_return=-17.916 eval_invalid_action_rate=0.859
[step 16000] eval_success_rate=0.000 eval_mean_return=-18.084 eval_invalid_action_rate=0.955
[step 16000] checkpoint=/home/buiksat/trm_bellman/results/neurips2026/external_hard4x4_20k/dqn/seed4/model_step_16000.zip
[step 16100] eval_success_rate=0.000 eval_mean_return=-18.185 eval_invalid_action_rate=0.879
[step 16200] eval_success_rate=0.000 eval_mean_return=-17.782 eval_invalid_action_rate=0.920
[step 16300] eval_success_rate=0.000 eval_mean_return=-17.782 eval_invalid_action_rate=0.899
[step 16400] eval_success_rate=0.000 eval_mean_return=-18.134 eval_invalid_action_rate=0.838
[step 16500] eval_success_rate=0.000 eval_mean_return=-17.530 eval_invalid_action_rate=0.978
[step 16600] eval_success_rate=0.000 eval_mean_return=-18.286 eval_invalid_action_rate=0.815
[step 16700] eval_success_rate=0.000 eval_mean_return=-17.815 eval_invalid_action_rate=0.920
[step 16800] eval_success_rate=0.000 eval_mean_return=-17.966 eval_invalid_action_rate=0.879
[step 16900] eval_success_rate=0.000 eval_mean_return=-17.933 eval_invalid_action_rate=0.897
[step 17000] eval_success_rate=0.000 eval_mean_return=-18.084 eval_invalid_action_rate=0.899
[step 17000] checkpoint=/home/buiksat/trm_bellman/results/neurips2026/external_hard4x4_20k/dqn/seed4/model_step_17000.zip
[step 17100] eval_success_rate=0.000 eval_mean_return=-17.832 eval_invalid_action_rate=0.900
[step 17200] eval_success_rate=0.000 eval_mean_return=-17.630 eval_invalid_action_rate=0.960
[step 17300] eval_success_rate=0.000 eval_mean_return=-18.017 eval_invalid_action_rate=0.877
[step 17400] eval_success_rate=0.000 eval_mean_return=-18.237 eval_invalid_action_rate=0.897
[step 17500] eval_success_rate=0.000 eval_mean_return=-17.815 eval_invalid_action_rate=0.897
[step 17600] eval_success_rate=0.000 eval_mean_return=-17.731 eval_invalid_action_rate=0.899
[step 17700] eval_success_rate=0.000 eval_mean_return=-17.983 eval_invalid_action_rate=0.899
[step 17800] eval_success_rate=0.000 eval_mean_return=-18.554 eval_invalid_action_rate=0.620
[step 17900] eval_success_rate=0.000 eval_mean_return=-18.185 eval_invalid_action_rate=0.760
[step 18000] eval_success_rate=0.000 eval_mean_return=-18.034 eval_invalid_action_rate=0.799
[step 18000] checkpoint=/home/buiksat/trm_bellman/results/neurips2026/external_hard4x4_20k/dqn/seed4/model_step_18000.zip
[step 18100] eval_success_rate=0.000 eval_mean_return=-17.933 eval_invalid_action_rate=0.880
[step 18200] eval_success_rate=0.000 eval_mean_return=-18.286 eval_invalid_action_rate=0.799
[step 18300] eval_success_rate=0.000 eval_mean_return=-18.420 eval_invalid_action_rate=0.799
[step 18400] eval_success_rate=0.000 eval_mean_return=-17.714 eval_invalid_action_rate=0.899
[step 18500] eval_success_rate=0.000 eval_mean_return=-17.748 eval_invalid_action_rate=0.880
[step 18600] eval_success_rate=0.000 eval_mean_return=-18.319 eval_invalid_action_rate=0.780
[step 18700] eval_success_rate=0.000 eval_mean_return=-18.840 eval_invalid_action_rate=0.599
[step 18800] eval_success_rate=0.000 eval_mean_return=-17.748 eval_invalid_action_rate=0.879
[step 18900] eval_success_rate=0.000 eval_mean_return=-17.916 eval_invalid_action_rate=0.859
[step 19000] eval_success_rate=0.000 eval_mean_return=-18.253 eval_invalid_action_rate=0.800
[step 19000] checkpoint=/home/buiksat/trm_bellman/results/neurips2026/external_hard4x4_20k/dqn/seed4/model_step_19000.zip
[step 19100] eval_success_rate=0.000 eval_mean_return=-17.597 eval_invalid_action_rate=0.938
[step 19200] eval_success_rate=0.000 eval_mean_return=-18.790 eval_invalid_action_rate=0.540
[step 19300] eval_success_rate=0.000 eval_mean_return=-18.034 eval_invalid_action_rate=0.840
[step 19400] eval_success_rate=0.000 eval_mean_return=-17.798 eval_invalid_action_rate=0.738
[step 19500] eval_success_rate=0.000 eval_mean_return=-18.202 eval_invalid_action_rate=0.660
[step 19600] eval_success_rate=0.000 eval_mean_return=-17.815 eval_invalid_action_rate=0.859
[step 19700] eval_success_rate=0.000 eval_mean_return=-18.236 eval_invalid_action_rate=0.797
[step 19800] eval_success_rate=0.000 eval_mean_return=-18.285 eval_invalid_action_rate=0.795
[step 19900] eval_success_rate=0.000 eval_mean_return=-17.782 eval_invalid_action_rate=0.859
[step 20000] eval_success_rate=0.000 eval_mean_return=-17.966 eval_invalid_action_rate=0.799
[step 20000] checkpoint=/home/buiksat/trm_bellman/results/neurips2026/external_hard4x4_20k/dqn/seed4/model_step_20000.zip
[baseline] env=sudoku4x4 algo=dqn backend=sb3
[baseline] action_space_n=97 observation_keys=inputs,plan,action_mask
[baseline] finished training: steps=20000 final_eval_success_rate=0.000 final_eval_mean_return=-17.966
[baseline] t0.3_ready=True
[baseline] t0.2_status=complete
[baseline] note: Vanilla SB3 PPO/A2C/DQN does not apply logit masking from action_mask; the policy acts in the full no-mask action space and invalid edits are penalized by the environment. This matches the paper's hard-4x4 no-mask protocol and should be compared against the internal no-mask A2C baseline.
[baseline] summary written to /home/buiksat/trm_bellman/results/neurips2026/external_hard4x4_20k/dqn/seed4/train_summary.json
[17:00:15] Launching algo=dqn seed=5
  log: /home/buiksat/trm_bellman/results/neurips2026/external_hard4x4_20k/dqn/seed5/train.log
[2026-04-14T17:00:15.161-07:00] Buck UI: https://www.internalfb.com/buck2/c2f516a1-3e91-4fc4-91d4-a3e8df12927b
[2026-04-14T17:00:15.293-07:00] Network: Up: 0B  Down: 0B
BUILD SUCCEEDED - starting your binary
WARNING:root:===========[FB_TRITON]=========== Triton Version: 3.5.0+fb
INFO:2026-04-14 17:00:23 1307412:1307412 CuptiCallbackApi.cpp:69] Callback: domain = 3, cbid = 1
INFO:2026-04-14 17:00:23 1307412:1307412 CuptiActivityProfiler.cpp:93] CUDA versions. CUPTI: 22; Runtime: 12040; Driver: 12040
INFO:2026-04-14 17:00:23 1307412:1308337 FBConfig.cpp:330] Perfetto builder enabled: 1
INFO:2026-04-14 17:00:23 1307412:1308337 DynoConfigLoader.cpp:61] Setting communication fabric enabled = 0
INFO:2026-04-14 17:00:24 1307412:1308337 DynoConfigLoader.cpp:61] Setting communication fabric enabled = 0
[step 00100] eval_success_rate=0.000 eval_mean_return=-18.907 eval_invalid_action_rate=0.776
[step 00200] eval_success_rate=0.000 eval_mean_return=-18.907 eval_invalid_action_rate=0.776
[step 00300] eval_success_rate=0.000 eval_mean_return=-18.487 eval_invalid_action_rate=0.755
[step 00400] eval_success_rate=0.000 eval_mean_return=-18.739 eval_invalid_action_rate=0.676
[step 00500] eval_success_rate=0.000 eval_mean_return=-18.857 eval_invalid_action_rate=0.557
[step 00600] eval_success_rate=0.000 eval_mean_return=-18.286 eval_invalid_action_rate=0.560
[step 00700] eval_success_rate=0.000 eval_mean_return=-18.034 eval_invalid_action_rate=0.679
[step 00800] eval_success_rate=0.000 eval_mean_return=-18.034 eval_invalid_action_rate=0.640
[step 00900] eval_success_rate=0.000 eval_mean_return=-18.202 eval_invalid_action_rate=0.640
[step 01000] eval_success_rate=0.000 eval_mean_return=-17.966 eval_invalid_action_rate=0.859
[step 01000] checkpoint=/home/buiksat/trm_bellman/results/neurips2026/external_hard4x4_20k/dqn/seed5/model_step_1000.zip
[step 01100] eval_success_rate=0.000 eval_mean_return=-18.218 eval_invalid_action_rate=0.719
[step 01200] eval_success_rate=0.000 eval_mean_return=-18.454 eval_invalid_action_rate=0.739
[step 01300] eval_success_rate=0.000 eval_mean_return=-17.780 eval_invalid_action_rate=0.800
[step 01400] eval_success_rate=0.000 eval_mean_return=-18.000 eval_invalid_action_rate=0.877
[step 01500] eval_success_rate=0.000 eval_mean_return=-18.017 eval_invalid_action_rate=0.797
[step 01600] eval_success_rate=0.000 eval_mean_return=-17.950 eval_invalid_action_rate=0.820
[step 01700] eval_success_rate=0.000 eval_mean_return=-18.097 eval_invalid_action_rate=0.759
[step 01800] eval_success_rate=0.000 eval_mean_return=-18.000 eval_invalid_action_rate=0.819
[step 01900] eval_success_rate=0.000 eval_mean_return=-18.101 eval_invalid_action_rate=0.819
[step 02000] eval_success_rate=0.000 eval_mean_return=-17.765 eval_invalid_action_rate=0.860
[step 02000] checkpoint=/home/buiksat/trm_bellman/results/neurips2026/external_hard4x4_20k/dqn/seed5/model_step_2000.zip
[step 02100] eval_success_rate=0.000 eval_mean_return=-17.798 eval_invalid_action_rate=0.880
[step 02200] eval_success_rate=0.000 eval_mean_return=-17.749 eval_invalid_action_rate=0.920
[step 02300] eval_success_rate=0.000 eval_mean_return=-17.614 eval_invalid_action_rate=0.920
[step 02400] eval_success_rate=0.000 eval_mean_return=-17.782 eval_invalid_action_rate=0.940
[step 02500] eval_success_rate=0.000 eval_mean_return=-17.815 eval_invalid_action_rate=0.840
[step 02600] eval_success_rate=0.000 eval_mean_return=-17.815 eval_invalid_action_rate=0.840
[step 02700] eval_success_rate=0.000 eval_mean_return=-17.731 eval_invalid_action_rate=0.819
[step 02800] eval_success_rate=0.000 eval_mean_return=-17.647 eval_invalid_action_rate=0.899
[step 02900] eval_success_rate=0.000 eval_mean_return=-17.866 eval_invalid_action_rate=0.720
[step 03000] eval_success_rate=0.000 eval_mean_return=-17.899 eval_invalid_action_rate=0.800
[step 03000] checkpoint=/home/buiksat/trm_bellman/results/neurips2026/external_hard4x4_20k/dqn/seed5/model_step_3000.zip
[step 03100] eval_success_rate=0.000 eval_mean_return=-17.832 eval_invalid_action_rate=0.880
[step 03200] eval_success_rate=0.000 eval_mean_return=-18.067 eval_invalid_action_rate=0.859
[step 03300] eval_success_rate=0.000 eval_mean_return=-17.849 eval_invalid_action_rate=0.819
[step 03400] eval_success_rate=0.000 eval_mean_return=-18.134 eval_invalid_action_rate=0.780
[step 03500] eval_success_rate=0.000 eval_mean_return=-17.580 eval_invalid_action_rate=0.938
[step 03600] eval_success_rate=0.000 eval_mean_return=-18.118 eval_invalid_action_rate=0.759
[step 03700] eval_success_rate=0.000 eval_mean_return=-17.446 eval_invalid_action_rate=0.980
[step 03800] eval_success_rate=0.000 eval_mean_return=-17.748 eval_invalid_action_rate=0.897
[step 03900] eval_success_rate=0.000 eval_mean_return=-17.731 eval_invalid_action_rate=0.840
[step 04000] eval_success_rate=0.000 eval_mean_return=-17.647 eval_invalid_action_rate=0.920
[step 04000] checkpoint=/home/buiksat/trm_bellman/results/neurips2026/external_hard4x4_20k/dqn/seed5/model_step_4000.zip
[step 04100] eval_success_rate=0.000 eval_mean_return=-18.000 eval_invalid_action_rate=0.818
[step 04200] eval_success_rate=0.000 eval_mean_return=-17.548 eval_invalid_action_rate=0.940
[step 04300] eval_success_rate=0.000 eval_mean_return=-17.782 eval_invalid_action_rate=0.838
[step 04400] eval_success_rate=0.000 eval_mean_return=-17.681 eval_invalid_action_rate=0.899
[step 04500] eval_success_rate=0.000 eval_mean_return=-17.530 eval_invalid_action_rate=0.940
[step 04600] eval_success_rate=0.000 eval_mean_return=-17.748 eval_invalid_action_rate=0.860
[step 04700] eval_success_rate=0.000 eval_mean_return=-18.101 eval_invalid_action_rate=0.797
[step 04800] eval_success_rate=0.000 eval_mean_return=-17.698 eval_invalid_action_rate=0.840
[step 04900] eval_success_rate=0.000 eval_mean_return=-17.798 eval_invalid_action_rate=0.880
[step 05000] eval_success_rate=0.000 eval_mean_return=-17.899 eval_invalid_action_rate=0.839
[step 05000] checkpoint=/home/buiksat/trm_bellman/results/neurips2026/external_hard4x4_20k/dqn/seed5/model_step_5000.zip
[step 05100] eval_success_rate=0.000 eval_mean_return=-17.916 eval_invalid_action_rate=0.859
[step 05200] eval_success_rate=0.000 eval_mean_return=-17.866 eval_invalid_action_rate=0.820
[step 05300] eval_success_rate=0.000 eval_mean_return=-17.578 eval_invalid_action_rate=0.940
[step 05400] eval_success_rate=0.000 eval_mean_return=-18.218 eval_invalid_action_rate=0.740
[step 05500] eval_success_rate=0.000 eval_mean_return=-18.084 eval_invalid_action_rate=0.838
[step 05600] eval_success_rate=0.000 eval_mean_return=-17.514 eval_invalid_action_rate=0.940
[step 05700] eval_success_rate=0.000 eval_mean_return=-17.883 eval_invalid_action_rate=0.880
[step 05800] eval_success_rate=0.000 eval_mean_return=-17.782 eval_invalid_action_rate=0.859
[step 05900] eval_success_rate=0.000 eval_mean_return=-18.050 eval_invalid_action_rate=0.820
[step 06000] eval_success_rate=0.000 eval_mean_return=-17.647 eval_invalid_action_rate=0.953
[step 06000] checkpoint=/home/buiksat/trm_bellman/results/neurips2026/external_hard4x4_20k/dqn/seed5/model_step_6000.zip
[step 06100] eval_success_rate=0.000 eval_mean_return=-18.067 eval_invalid_action_rate=0.779
[step 06200] eval_success_rate=0.000 eval_mean_return=-17.624 eval_invalid_action_rate=0.877
[step 06300] eval_success_rate=0.000 eval_mean_return=-18.050 eval_invalid_action_rate=0.759
[step 06400] eval_success_rate=0.000 eval_mean_return=-17.950 eval_invalid_action_rate=0.756
[step 06500] eval_success_rate=0.000 eval_mean_return=-18.045 eval_invalid_action_rate=0.839
[step 06600] eval_success_rate=0.000 eval_mean_return=-18.739 eval_invalid_action_rate=0.780
[step 06700] eval_success_rate=0.000 eval_mean_return=-17.798 eval_invalid_action_rate=0.995
[step 06800] eval_success_rate=0.000 eval_mean_return=-17.748 eval_invalid_action_rate=0.958
[step 06900] eval_success_rate=0.000 eval_mean_return=-18.134 eval_invalid_action_rate=0.915
[step 07000] eval_success_rate=0.000 eval_mean_return=-17.479 eval_invalid_action_rate=0.920
[step 07000] checkpoint=/home/buiksat/trm_bellman/results/neurips2026/external_hard4x4_20k/dqn/seed5/model_step_7000.zip
[step 07100] eval_success_rate=0.000 eval_mean_return=-18.218 eval_invalid_action_rate=0.816
[step 07200] eval_success_rate=0.000 eval_mean_return=-17.479 eval_invalid_action_rate=0.900
[step 07300] eval_success_rate=0.000 eval_mean_return=-17.966 eval_invalid_action_rate=0.820
[step 07400] eval_success_rate=0.000 eval_mean_return=-17.933 eval_invalid_action_rate=0.860
[step 07500] eval_success_rate=0.000 eval_mean_return=-17.882 eval_invalid_action_rate=0.880
[step 07600] eval_success_rate=0.000 eval_mean_return=-17.714 eval_invalid_action_rate=0.876
[step 07700] eval_success_rate=0.000 eval_mean_return=-18.033 eval_invalid_action_rate=0.856
[step 07800] eval_success_rate=0.000 eval_mean_return=-18.302 eval_invalid_action_rate=0.759
[step 07900] eval_success_rate=0.000 eval_mean_return=-17.832 eval_invalid_action_rate=0.860
[step 08000] eval_success_rate=0.000 eval_mean_return=-17.815 eval_invalid_action_rate=0.899
[step 08000] checkpoint=/home/buiksat/trm_bellman/results/neurips2026/external_hard4x4_20k/dqn/seed5/model_step_8000.zip
[step 08100] eval_success_rate=0.000 eval_mean_return=-17.647 eval_invalid_action_rate=0.980
[step 08200] eval_success_rate=0.000 eval_mean_return=-17.462 eval_invalid_action_rate=1.000
[step 08300] eval_success_rate=0.000 eval_mean_return=-17.632 eval_invalid_action_rate=0.920
[step 08400] eval_success_rate=0.000 eval_mean_return=-17.833 eval_invalid_action_rate=0.856
[step 08500] eval_success_rate=0.000 eval_mean_return=-17.866 eval_invalid_action_rate=0.920
[step 08600] eval_success_rate=0.000 eval_mean_return=-17.646 eval_invalid_action_rate=0.899
[step 08700] eval_success_rate=0.000 eval_mean_return=-17.580 eval_invalid_action_rate=0.940
[step 08800] eval_success_rate=0.000 eval_mean_return=-17.429 eval_invalid_action_rate=0.979
[step 08900] eval_success_rate=0.000 eval_mean_return=-17.782 eval_invalid_action_rate=0.959
[step 09000] eval_success_rate=0.000 eval_mean_return=-18.756 eval_invalid_action_rate=0.680
[step 09000] checkpoint=/home/buiksat/trm_bellman/results/neurips2026/external_hard4x4_20k/dqn/seed5/model_step_9000.zip
[step 09100] eval_success_rate=0.000 eval_mean_return=-18.118 eval_invalid_action_rate=0.819
[step 09200] eval_success_rate=0.000 eval_mean_return=-18.168 eval_invalid_action_rate=0.777
[step 09300] eval_success_rate=0.000 eval_mean_return=-18.487 eval_invalid_action_rate=0.797
[step 09400] eval_success_rate=0.000 eval_mean_return=-18.218 eval_invalid_action_rate=0.814
[step 09500] eval_success_rate=0.000 eval_mean_return=-17.933 eval_invalid_action_rate=0.860
[step 09600] eval_success_rate=0.000 eval_mean_return=-18.053 eval_invalid_action_rate=0.877
[step 09700] eval_success_rate=0.000 eval_mean_return=-17.731 eval_invalid_action_rate=0.939
[step 09800] eval_success_rate=0.000 eval_mean_return=-17.614 eval_invalid_action_rate=0.999
[step 09900] eval_success_rate=0.000 eval_mean_return=-17.546 eval_invalid_action_rate=0.978
[step 10000] eval_success_rate=0.000 eval_mean_return=-18.302 eval_invalid_action_rate=0.780
[step 10000] checkpoint=/home/buiksat/trm_bellman/results/neurips2026/external_hard4x4_20k/dqn/seed5/model_step_10000.zip
[step 10100] eval_success_rate=0.000 eval_mean_return=-17.965 eval_invalid_action_rate=0.799
[step 10200] eval_success_rate=0.000 eval_mean_return=-18.336 eval_invalid_action_rate=0.700
[step 10300] eval_success_rate=0.000 eval_mean_return=-17.765 eval_invalid_action_rate=0.879
[step 10400] eval_success_rate=0.000 eval_mean_return=-17.462 eval_invalid_action_rate=1.000
[step 10500] eval_success_rate=0.000 eval_mean_return=-17.849 eval_invalid_action_rate=0.920
[step 10600] eval_success_rate=0.000 eval_mean_return=-17.782 eval_invalid_action_rate=0.900
[step 10700] eval_success_rate=0.000 eval_mean_return=-17.647 eval_invalid_action_rate=0.939
[step 10800] eval_success_rate=0.000 eval_mean_return=-18.101 eval_invalid_action_rate=0.795
[step 10900] eval_success_rate=0.000 eval_mean_return=-18.134 eval_invalid_action_rate=0.838
[step 11000] eval_success_rate=0.000 eval_mean_return=-17.446 eval_invalid_action_rate=0.980
[step 11000] checkpoint=/home/buiksat/trm_bellman/results/neurips2026/external_hard4x4_20k/dqn/seed5/model_step_11000.zip
[step 11100] eval_success_rate=0.000 eval_mean_return=-17.866 eval_invalid_action_rate=0.838
[step 11200] eval_success_rate=0.000 eval_mean_return=-18.285 eval_invalid_action_rate=0.838
[step 11300] eval_success_rate=0.000 eval_mean_return=-17.714 eval_invalid_action_rate=0.979
[step 11400] eval_success_rate=0.000 eval_mean_return=-18.000 eval_invalid_action_rate=0.876
[step 11500] eval_success_rate=0.000 eval_mean_return=-17.748 eval_invalid_action_rate=0.960
[step 11600] eval_success_rate=0.000 eval_mean_return=-18.403 eval_invalid_action_rate=0.757
[step 11700] eval_success_rate=0.000 eval_mean_return=-17.798 eval_invalid_action_rate=0.899
[step 11800] eval_success_rate=0.000 eval_mean_return=-18.084 eval_invalid_action_rate=0.800
[step 11900] eval_success_rate=0.000 eval_mean_return=-18.371 eval_invalid_action_rate=0.840
[step 12000] eval_success_rate=0.000 eval_mean_return=-17.664 eval_invalid_action_rate=0.959
[step 12000] checkpoint=/home/buiksat/trm_bellman/results/neurips2026/external_hard4x4_20k/dqn/seed5/model_step_12000.zip
[step 12100] eval_success_rate=0.000 eval_mean_return=-17.763 eval_invalid_action_rate=0.879
[step 12200] eval_success_rate=0.000 eval_mean_return=-17.814 eval_invalid_action_rate=0.879
[step 12300] eval_success_rate=0.000 eval_mean_return=-18.606 eval_invalid_action_rate=0.699
[step 12400] eval_success_rate=0.000 eval_mean_return=-18.017 eval_invalid_action_rate=0.819
[step 12500] eval_success_rate=0.000 eval_mean_return=-17.832 eval_invalid_action_rate=0.839
[step 12600] eval_success_rate=0.000 eval_mean_return=-17.916 eval_invalid_action_rate=0.819
[step 12700] eval_success_rate=0.000 eval_mean_return=-17.966 eval_invalid_action_rate=0.760
[step 12800] eval_success_rate=0.000 eval_mean_return=-17.748 eval_invalid_action_rate=0.879
[step 12900] eval_success_rate=0.000 eval_mean_return=-17.664 eval_invalid_action_rate=0.940
[step 13000] eval_success_rate=0.000 eval_mean_return=-17.647 eval_invalid_action_rate=0.819
[step 13000] checkpoint=/home/buiksat/trm_bellman/results/neurips2026/external_hard4x4_20k/dqn/seed5/model_step_13000.zip
[step 13100] eval_success_rate=0.000 eval_mean_return=-17.849 eval_invalid_action_rate=0.879
[step 13200] eval_success_rate=0.000 eval_mean_return=-17.746 eval_invalid_action_rate=0.880
[step 13300] eval_success_rate=0.000 eval_mean_return=-17.630 eval_invalid_action_rate=0.938
[step 13400] eval_success_rate=0.000 eval_mean_return=-18.000 eval_invalid_action_rate=0.700
[step 13500] eval_success_rate=0.000 eval_mean_return=-17.462 eval_invalid_action_rate=1.000
[step 13600] eval_success_rate=0.000 eval_mean_return=-17.597 eval_invalid_action_rate=0.920
[step 13700] eval_success_rate=0.000 eval_mean_return=-17.580 eval_invalid_action_rate=0.940
[step 13800] eval_success_rate=0.000 eval_mean_return=-17.530 eval_invalid_action_rate=0.940
[step 13900] eval_success_rate=0.000 eval_mean_return=-17.446 eval_invalid_action_rate=0.940
[step 14000] eval_success_rate=0.000 eval_mean_return=-17.462 eval_invalid_action_rate=0.960
[step 14000] checkpoint=/home/buiksat/trm_bellman/results/neurips2026/external_hard4x4_20k/dqn/seed5/model_step_14000.zip
[step 14100] eval_success_rate=0.000 eval_mean_return=-17.546 eval_invalid_action_rate=0.920
[step 14200] eval_success_rate=0.000 eval_mean_return=-17.664 eval_invalid_action_rate=0.860
[step 14300] eval_success_rate=0.000 eval_mean_return=-17.647 eval_invalid_action_rate=0.936
[step 14400] eval_success_rate=0.000 eval_mean_return=-17.597 eval_invalid_action_rate=0.980
[step 14500] eval_success_rate=0.000 eval_mean_return=-17.412 eval_invalid_action_rate=0.919
[step 14600] eval_success_rate=0.000 eval_mean_return=-17.731 eval_invalid_action_rate=0.897
[step 14700] eval_success_rate=0.000 eval_mean_return=-17.849 eval_invalid_action_rate=0.820
[step 14800] eval_success_rate=0.000 eval_mean_return=-17.681 eval_invalid_action_rate=0.860
[step 14900] eval_success_rate=0.000 eval_mean_return=-17.714 eval_invalid_action_rate=0.920
[step 15000] eval_success_rate=0.000 eval_mean_return=-17.867 eval_invalid_action_rate=0.940
[step 15000] checkpoint=/home/buiksat/trm_bellman/results/neurips2026/external_hard4x4_20k/dqn/seed5/model_step_15000.zip
[step 15100] eval_success_rate=0.000 eval_mean_return=-17.899 eval_invalid_action_rate=0.819
[step 15200] eval_success_rate=0.000 eval_mean_return=-17.530 eval_invalid_action_rate=0.979
[step 15300] eval_success_rate=0.000 eval_mean_return=-17.630 eval_invalid_action_rate=0.919
[step 15400] eval_success_rate=0.000 eval_mean_return=-17.647 eval_invalid_action_rate=0.998
[step 15500] eval_success_rate=0.000 eval_mean_return=-17.546 eval_invalid_action_rate=0.959
[step 15600] eval_success_rate=0.000 eval_mean_return=-17.950 eval_invalid_action_rate=0.799
[step 15700] eval_success_rate=0.000 eval_mean_return=-17.782 eval_invalid_action_rate=0.900
[step 15800] eval_success_rate=0.000 eval_mean_return=-17.647 eval_invalid_action_rate=0.920
[step 15900] eval_success_rate=0.000 eval_mean_return=-17.905 eval_invalid_action_rate=0.876
[step 16000] eval_success_rate=0.000 eval_mean_return=-18.000 eval_invalid_action_rate=0.917
[step 16000] checkpoint=/home/buiksat/trm_bellman/results/neurips2026/external_hard4x4_20k/dqn/seed5/model_step_16000.zip
[step 16100] eval_success_rate=0.000 eval_mean_return=-17.799 eval_invalid_action_rate=0.860
[step 16200] eval_success_rate=0.000 eval_mean_return=-17.664 eval_invalid_action_rate=0.978
[step 16300] eval_success_rate=0.000 eval_mean_return=-17.933 eval_invalid_action_rate=0.799
[step 16400] eval_success_rate=0.000 eval_mean_return=-17.866 eval_invalid_action_rate=0.877
[step 16500] eval_success_rate=0.000 eval_mean_return=-17.950 eval_invalid_action_rate=0.757
[step 16600] eval_success_rate=0.000 eval_mean_return=-17.849 eval_invalid_action_rate=0.899
[step 16700] eval_success_rate=0.000 eval_mean_return=-18.302 eval_invalid_action_rate=0.700
[step 16800] eval_success_rate=0.000 eval_mean_return=-18.134 eval_invalid_action_rate=0.859
[step 16900] eval_success_rate=0.000 eval_mean_return=-17.815 eval_invalid_action_rate=0.900
[step 17000] eval_success_rate=0.000 eval_mean_return=-17.647 eval_invalid_action_rate=0.920
[step 17000] checkpoint=/home/buiksat/trm_bellman/results/neurips2026/external_hard4x4_20k/dqn/seed5/model_step_17000.zip
[step 17100] eval_success_rate=0.000 eval_mean_return=-18.302 eval_invalid_action_rate=0.818
[step 17200] eval_success_rate=0.000 eval_mean_return=-18.252 eval_invalid_action_rate=0.797
[step 17300] eval_success_rate=0.000 eval_mean_return=-18.034 eval_invalid_action_rate=0.855
[step 17400] eval_success_rate=0.000 eval_mean_return=-17.966 eval_invalid_action_rate=0.899
[step 17500] eval_success_rate=0.000 eval_mean_return=-18.186 eval_invalid_action_rate=0.740
[step 17600] eval_success_rate=0.000 eval_mean_return=-17.664 eval_invalid_action_rate=0.940
[step 17700] eval_success_rate=0.000 eval_mean_return=-18.454 eval_invalid_action_rate=0.759
[step 17800] eval_success_rate=0.000 eval_mean_return=-18.168 eval_invalid_action_rate=0.779
[step 17900] eval_success_rate=0.000 eval_mean_return=-17.766 eval_invalid_action_rate=0.877
[step 18000] eval_success_rate=0.000 eval_mean_return=-18.421 eval_invalid_action_rate=0.780
[step 18000] checkpoint=/home/buiksat/trm_bellman/results/neurips2026/external_hard4x4_20k/dqn/seed5/model_step_18000.zip
[step 18100] eval_success_rate=0.000 eval_mean_return=-18.269 eval_invalid_action_rate=0.780
[step 18200] eval_success_rate=0.000 eval_mean_return=-17.798 eval_invalid_action_rate=0.900
[step 18300] eval_success_rate=0.000 eval_mean_return=-17.916 eval_invalid_action_rate=0.800
[step 18400] eval_success_rate=0.000 eval_mean_return=-18.034 eval_invalid_action_rate=0.877
[step 18500] eval_success_rate=0.000 eval_mean_return=-17.446 eval_invalid_action_rate=0.999
[step 18600] eval_success_rate=0.000 eval_mean_return=-18.269 eval_invalid_action_rate=0.718
[step 18700] eval_success_rate=0.000 eval_mean_return=-17.678 eval_invalid_action_rate=0.920
[step 18800] eval_success_rate=0.000 eval_mean_return=-17.681 eval_invalid_action_rate=0.919
[step 18900] eval_success_rate=0.000 eval_mean_return=-17.479 eval_invalid_action_rate=0.999
[step 19000] eval_success_rate=0.000 eval_mean_return=-18.118 eval_invalid_action_rate=0.839
[step 19000] checkpoint=/home/buiksat/trm_bellman/results/neurips2026/external_hard4x4_20k/dqn/seed5/model_step_19000.zip
[step 19100] eval_success_rate=0.000 eval_mean_return=-18.151 eval_invalid_action_rate=0.879
[step 19200] eval_success_rate=0.000 eval_mean_return=-17.882 eval_invalid_action_rate=0.876
[step 19300] eval_success_rate=0.000 eval_mean_return=-17.832 eval_invalid_action_rate=0.880
[step 19400] eval_success_rate=0.000 eval_mean_return=-18.252 eval_invalid_action_rate=0.797
[step 19500] eval_success_rate=0.000 eval_mean_return=-17.902 eval_invalid_action_rate=0.877
[step 19600] eval_success_rate=0.000 eval_mean_return=-17.664 eval_invalid_action_rate=0.939
[step 19700] eval_success_rate=0.000 eval_mean_return=-17.933 eval_invalid_action_rate=0.820
[step 19800] eval_success_rate=0.000 eval_mean_return=-18.235 eval_invalid_action_rate=0.720
[step 19900] eval_success_rate=0.000 eval_mean_return=-17.984 eval_invalid_action_rate=0.777
[step 20000] eval_success_rate=0.000 eval_mean_return=-17.866 eval_invalid_action_rate=0.880
[step 20000] checkpoint=/home/buiksat/trm_bellman/results/neurips2026/external_hard4x4_20k/dqn/seed5/model_step_20000.zip
[baseline] env=sudoku4x4 algo=dqn backend=sb3
[baseline] action_space_n=97 observation_keys=inputs,plan,action_mask
[baseline] finished training: steps=20000 final_eval_success_rate=0.000 final_eval_mean_return=-17.866
[baseline] t0.3_ready=True
[baseline] t0.2_status=complete
[baseline] note: Vanilla SB3 PPO/A2C/DQN does not apply logit masking from action_mask; the policy acts in the full no-mask action space and invalid edits are penalized by the environment. This matches the paper's hard-4x4 no-mask protocol and should be compared against the internal no-mask A2C baseline.
[baseline] summary written to /home/buiksat/trm_bellman/results/neurips2026/external_hard4x4_20k/dqn/seed5/train_summary.json
========================================
External baseline sweep complete
========================================
