[2026-01-13T15:16:12.119-08:00] Starting new buck2 daemon...
[2026-01-13T15:16:12.480-08:00] Connected to new buck2 daemon.
[2026-01-13T15:16:12.487-08:00] Buck UI: https://www.internalfb.com/buck2/58c384b4-b3ed-43e8-aa3e-03c0fd91d812
[2026-01-13T15:16:13.950-08:00] File changed: fbcode//buiksat_trm
[2026-01-13T15:16:13.950-08:00] File changed: fbcode//checkpoints/rl_dummy_seed0/model_step_10.pt
[2026-01-13T15:16:13.950-08:00] File changed: fbcode//checkpoints/rl_dummy_seed0/model_step_100.pt
[2026-01-13T15:16:13.950-08:00] 84 additional file change events
[2026-01-13T15:16:13.950-08:00] File Watcher fresh instance: new mergebase, cleared graph state, cleared dep files
[2026-01-13T15:16:20.983-08:00] Waiting on fbcode//libfb/py/asyncio:BUCK -- evaluating build file, and 109 other actions
[2026-01-13T15:16:22.892-08:00] [2m2026-01-13T23:16:22.708410Z[0m [33m WARN[0m [2mbuck2_interpreter_for_build::interpreter::functions::warning[0m[2m:[0m NCCL version '2.23.4' format is being deprecated for this NCCL version, please use MAJOR:MINOR format: 2.23 instead
[2026-01-13T15:16:22.892-08:00] [2m2026-01-13T23:16:22.708440Z[0m [33m WARN[0m [2mbuck2_interpreter_for_build::interpreter::functions::warning[0m[2m:[0m NCCL version '2.25.1' format is being deprecated for this NCCL version, please use MAJOR:MINOR format: 2.25 instead
[2026-01-13T15:16:22.892-08:00] [2m2026-01-13T23:16:22.708457Z[0m [33m WARN[0m [2mbuck2_interpreter_for_build::interpreter::functions::warning[0m[2m:[0m NCCL version '2.23.4' format is being deprecated for this NCCL version, please use MAJOR:MINOR format: 2.23 instead
[2026-01-13T15:16:22.892-08:00] [2m2026-01-13T23:16:22.708463Z[0m [33m WARN[0m [2mbuck2_interpreter_for_build::interpreter::functions::warning[0m[2m:[0m NCCL version '2.23.4' format is being deprecated for this NCCL version, please use MAJOR:MINOR format: 2.23 instead
[2026-01-13T15:16:22.892-08:00] [2m2026-01-13T23:16:22.708469Z[0m [33m WARN[0m [2mbuck2_interpreter_for_build::interpreter::functions::warning[0m[2m:[0m NCCL version '2.23.4' format is being deprecated for this NCCL version, please use MAJOR:MINOR format: 2.23 instead
[2026-01-13T15:16:29.981-08:00] Waiting on fbsource//third-party/rocm_composable_kernel:BUCK -- evaluating build file, and 224 other actions
[2026-01-13T15:16:37.081-08:00] Waiting on fbsource//third-party/toolchains -- loading package file tree, and 145 other actions
[2026-01-13T15:16:39.086-08:00] [2m2026-01-13T23:16:39.062982Z[0m [33m WARN[0m [2mbuck2_interpreter_for_build::interpreter::functions::warning[0m[2m:[0m ptxas 12.8 is not available on platform platform010-aarch64-compat
[2026-01-13T15:16:39.086-08:00] [2m2026-01-13T23:16:39.063008Z[0m [33m WARN[0m [2mbuck2_interpreter_for_build::interpreter::functions::warning[0m[2m:[0m ptxas 12.8 is not available on platform platform010-compat
[2026-01-13T15:16:39.086-08:00] [2m2026-01-13T23:16:39.063013Z[0m [33m WARN[0m [2mbuck2_interpreter_for_build::interpreter::functions::warning[0m[2m:[0m ptxas 12.8 is not available on platform platform010-libcxx
[2026-01-13T15:16:39.086-08:00] [2m2026-01-13T23:16:39.063018Z[0m [33m WARN[0m [2mbuck2_interpreter_for_build::interpreter::functions::warning[0m[2m:[0m ptxas 12.8 is not available on platform antlir-distro
[2026-01-13T15:16:46.187-08:00] Waiting on fbcode//configerator/structs/data_access_policies/if:BUCK -- evaluating build file, and 41 other actions
[2026-01-13T15:16:53.280-08:00] Waiting on fbcode//configerator/structs/admarket/common:BUCK -- evaluating build file, and 4 other actions
[2026-01-13T15:17:00.283-08:00] Waiting on fbsource//third-party/magma:magma (cfg:opt-linux-x86_64-fbcode-platform010-clang19-no-san-opt-by-default#7bc20b5dff24e379) -- running analysis [evaluate_rule], and 34 other actions
[2026-01-13T15:17:07.381-08:00] Waiting on fbcode//configerator/structs/privacy/unified_taxonomy/expanded/semantic_type:semantic_type-py3-default-types/semantic_type_infra/types_empty (cfg:opt-linux-x86_64-fbcode-platform010-clang19-no-san-opt-by-default#7bc20b5dff24e379) -- materializing `types_empty.empty_stub`, and 737 other actions
[2026-01-13T15:17:07.512-08:00] RE Session: reSessionID-ef1646d9-bfcd-45d1-b180-bb76ee5d9c71
[2026-01-13T15:17:14.589-08:00] Waiting on fbcode//buiksat_trm:upi_trm_train (cfg:opt-linux-x86_64-fbcode-platform010-clang19-no-san-opt-by-default#7bc20b5dff24e379) -- materializing `__link_groups__/libllvm.so`, and 1051 other actions
[2026-01-13T15:17:21.691-08:00] Waiting on fbcode//buiksat_trm:upi_trm_train (cfg:opt-linux-x86_64-fbcode-platform010-clang19-no-san-opt-by-default#7bc20b5dff24e379) -- materializing `__link_groups__/libllvm.so`, and 1410 other actions
[2026-01-13T15:17:28.808-08:00] Waiting on fbsource//third-party/flash-attention:flash_attention_2_srcs (cfg:opt-linux-x86_64-fbcode-platform010-clang19-no-san-opt-by-default#7bc20b5dff24e379) -- action (archive_thin libflash_attention_2_srcs.stripped.pic.a), and 1427 other actions
[2026-01-13T15:17:35.884-08:00] Waiting on fbcode//configerator/structs/contextprop/if:_baggage-python-Baggage-registry-genfile (cfg:opt-linux-x86_64-fbcode-platform010-clang19-no-san-opt-by-default#7bc20b5dff24e379) -- materializing `out/facebook.contextprop.Baggage`, and 1532 other actions
[2026-01-13T15:17:42.890-08:00] Waiting on fbcode//configerator/structs/data_access_policies/if:policy_annotation-py-deprecated-policy_annotation.thrift (cfg:opt-linux-x86_64-fbcode-platform010-clang19-no-san-opt-by-default#7bc20b5dff24e379) -- materializing `out`, and 3794 other actions
[2026-01-13T15:17:49.981-08:00] Waiting on fbcode//buiksat_trm:upi_trm_train (cfg:opt-linux-x86_64-fbcode-platform010-clang19-no-san-opt-by-default#7bc20b5dff24e379) -- materializing `upi_trm_train`
[2026-01-13T15:17:56.322-08:00] Cache hits: 99%
[2026-01-13T15:17:56.322-08:00] Commands: 181767 (cached: 181670, remote: 5, local: 92)
[2026-01-13T15:17:56.322-08:00] Network: Up: 684KiB  Down: 1.0GiB  (reSessionID-ef1646d9-bfcd-45d1-b180-bb76ee5d9c71)
[2026-01-13T15:17:57.081-08:00] Waiting on buck2 daemon 58c384b4-b3ed-43e8-aa3e-03c0fd91d812...
[2026-01-13T15:17:57.081-08:00] Network: Up: 684KiB           Down: 1.0GiB  82MiB/s  (reSessionID-ef1646d9-bfcd-45d1-b180-bb76ee5d9c71)
[2026-01-13T15:17:57.081-08:00] Resource usage: RSS: 17GiB CPU: 133%
[2026-01-13T15:17:57.081-08:00] IO: none
BUILD SUCCEEDED - starting your binary
[INFO] Using progress-based Sudoku checker for 4x4 (score = filled_cells, range 0-16)
[INFO] Training for 500 steps (gamma=0.990, K=1, inner_unroll_n=4)
[INFO] Terminal rewards: solve=0.000, fail=-16.000
/data/repos/fbsource/buck-out/v2/gen/fbcode/7bc20b5dff24e379/buiksat_trm/__upi_trm_train__/upi_trm_train#link-tree/upi_trm_train.py:872: UserWarning: rl_enable_contraction=True: Applying operator-norm clamping and contraction scaling to z->z path layers. This is REQUIRED for Assumption 3.2 (L_z < 1) but will modify network behavior. Pretrained weights from vanilla TRM may require fine-tuning.
  model = TinyRecursiveReasoningModel_ACTV1(trm_cfg_dict)
[INFO] Using TRM backbone (hidden=64, H=2, L=2)
[DEBUG] Policy head STOP bias: 0.00 (should be 0.0 for uniform init)
[INFO] Puzzle embeddings DISABLED (set --puzzle-emb-ndim > 0 to enable)
/data/repos/fbsource/buck-out/v2/gen/fbcode/7bc20b5dff24e379/buiksat_trm/__upi_trm_train__/upi_trm_train#link-tree/torch/cuda/__init__.py:373: UserWarning: Found GPU0 NVIDIA PG509-210 which is of compute capability (CC) 8.0.
The following list shows the CCs this version of PyTorch was built for and the hardware CCs it supports:
Please follow the instructions at https://pytorch.org/get-started/locally/ to install a PyTorch release that supports one of these CUDA versions: 12.6, 12.8, 13.0
  _warn_unsupported_code(d, device_cc, code_ccs)
/data/repos/fbsource/buck-out/v2/gen/fbcode/7bc20b5dff24e379/buiksat_trm/__upi_trm_train__/upi_trm_train#link-tree/torch/cuda/__init__.py:373: UserWarning: Found GPU1 NVIDIA PG509-210 which is of compute capability (CC) 8.0.
The following list shows the CCs this version of PyTorch was built for and the hardware CCs it supports:
Please follow the instructions at https://pytorch.org/get-started/locally/ to install a PyTorch release that supports one of these CUDA versions: 12.6, 12.8, 13.0
  _warn_unsupported_code(d, device_cc, code_ccs)
INFO:2026-01-13 15:18:03 3690992:3690992 CuptiCallbackApi.cpp:74] Callback: domain = 3, cbid = 1
INFO:2026-01-13 15:18:03 3690992:3690992 CuptiActivityProfiler.cpp:245] CUDA versions. CUPTI: 22; Runtime: 12040; Driver: 12040
INFO:2026-01-13 15:18:03 3690992:3711368 FBConfig.cpp:330] Perfetto builder enabled: 1
INFO:2026-01-13 15:18:03 3690992:3711368 DynoConfigLoader.cpp:61] Setting communication fabric enabled = 0
/data/repos/fbsource/buck-out/v2/gen/fbcode/7bc20b5dff24e379/buiksat_trm/__upi_trm_train__/upi_trm_train#link-tree/rl/upi_trm_trainer.py:93: UserWarning: rl_enable_contraction=True: Applying operator-norm clamping and contraction scaling to z->z path layers. This is REQUIRED for Assumption 3.2 (L_z < 1) but will modify network behavior. Pretrained weights from vanilla TRM may require fine-tuning.
  self.target_model = TinyRecursiveReasoningModel_ACTV1(self._config_to_dict(self.model.config)).to(device)
/data/repos/fbsource/buck-out/v2/gen/fbcode/7bc20b5dff24e379/buiksat_trm/__upi_trm_train__/upi_trm_train#link-tree/rl/upi_trm_trainer.py:103: UserWarning: rl_enable_contraction=True: Applying operator-norm clamping and contraction scaling to z->z path layers. This is REQUIRED for Assumption 3.2 (L_z < 1) but will modify network behavior. Pretrained weights from vanilla TRM may require fine-tuning.
  self.policy_model_candidate = TinyRecursiveReasoningModel_ACTV1(
INFO:2026-01-13 15:18:04 3690992:3711368 DynoConfigLoader.cpp:61] Setting communication fabric enabled = 0
TritonTraceHandler: disabled because /logs does not exist
===========[FB_TRITON]=========== Triton Version: 3.3.2+fb
[INFO] Using UPI-TRM algorithm (K=1, inner_n=4)
[INFO] Checkpoint directory: checkpoints/rl_sudoku-4x4-easy_6to8empties_seed42

============================================================
UPI-TRM THEORY ALIGNMENT CHECK
============================================================
✓ Configuration aligns with theoretical guarantees

Theory status:
  Forward-invariant projection: ✓
  Contraction enforced (L_z < 1): ✓
  Exact baseline (Thm 5.9): ✓
  Distillation (not in theory): ✓ disabled

Is theory-exact: True
============================================================

UPI-TRM theoretical dials:
  L_z target (rl_cfg.target_Lz): 0.9
  L_V target (rl_cfg.target_Lv): 1.0
  Inner unroll n (rl_cfg.inner_unroll_n): 4
  K-step horizon K (rl_cfg.K): 1
  Mixture alpha (rl_cfg.mixture_alpha): 0.05
  Latent ball radius (rl_cfg.latent_ball_radius): 10.0
  Episodic latent: True
  Exact K-step targets: True
  Exact baseline summation: True

[INFO] STOP action mode: disabled
[INFO] Using EXACT baseline summation (Theorem 5.9 O(α·ε_A) bound)
[INFO] Forward-invariant projection enabled (R=10.0)
[WandB] Disabled by default (enable with: --wandb)
[DEBUG] Action mask: 24 valid actions out of 97 total
[DEBUG] Latent mode: episodic
[DEBUG] Step 0 probs: STOP=0.000000, edits=1.000000
[DEBUG] Top 5 action probs: torch.return_types.topk(
values=tensor([0.0690, 0.0537, 0.0534, 0.0468, 0.0448], device='cuda:0',
       grad_fn=<TopkBackward0>),
indices=tensor([75, 51, 77, 92, 20], device='cuda:0'))
/data/repos/fbsource/buck-out/v2/gen/fbcode/7bc20b5dff24e379/buiksat_trm/__upi_trm_train__/upi_trm_train#link-tree/rl/upi_trm_trainer.py:1021: UserWarning: [UPI-TRM Theory] advantage_clip>0 while is_theory_exact() is True. This technically perturbs the exact advantages used in Theorem 5.9.
  warnings.warn(
[step 00010] value_loss=49.139797 policy_loss=1.843900
[step 00010] VALUE_DEBUG: target(mean=-19.84 std=0.78 min=-20.00 max=-14.02) V(s)(mean=-12.94 std=0.83) reward(mean=-1.780 std=4.754) clip=20.0
[step 00020] value_loss=6.104919 policy_loss=1.168026
[step 00020] VALUE_DEBUG: target(mean=-19.91 std=0.54 min=-20.00 max=-15.92) V(s)(mean=-17.76 std=0.98) reward(mean=-1.780 std=4.107) clip=20.0
[step 00030] value_loss=0.571323 policy_loss=0.512659
[step 00030] VALUE_DEBUG: target(mean=-19.91 std=0.54 min=-20.00 max=-15.92) V(s)(mean=-19.70 std=0.45) reward(mean=-0.994 std=4.033) clip=20.0
[step 00040] value_loss=1.610848 policy_loss=0.684412
[step 00040] VALUE_DEBUG: target(mean=-19.76 std=1.25 min=-20.00 max=-11.94) V(s)(mean=-20.00 std=0.00) reward(mean=-1.252 std=4.071) clip=20.0
[step 00050] value_loss=1.733932 policy_loss=1.859406
[step 00050] VALUE_DEBUG: target(mean=-19.67 std=1.27 min=-20.00 max=-11.96) V(s)(mean=-20.00 std=0.02) reward(mean=-2.454 std=4.674) clip=20.0
[step 00050] eval_success_rate=0.000 eval_mean_score=6.780 eval_policy_mode=greedy [solved=0/50, score_range=-2.00-12.00/16.0, initial=9.00]
[step 00050] PROGRESS: filled=10.22 violations=1.72 zero_cand=0.44
[step 00050] DEBUG: ep_len=20.0 ep_ret=-30.362 stop_prob=0.000 score_chg=-14.6350
[step 00060] value_loss=1.666596 policy_loss=1.259655
[step 00060] VALUE_DEBUG: target(mean=-19.72 std=1.25 min=-20.00 max=-11.94) V(s)(mean=-19.97 std=0.16) reward(mean=-1.217 std=4.390) clip=20.0
[step 00070] value_loss=0.576764 policy_loss=1.092179
[step 00070] VALUE_DEBUG: target(mean=-19.90 std=0.75 min=-20.00 max=-13.92) V(s)(mean=-20.00 std=0.00) reward(mean=-1.034 std=3.825) clip=20.0
[step 00080] value_loss=0.159199 policy_loss=0.398498
[step 00080] VALUE_DEBUG: target(mean=-19.95 std=0.40 min=-20.00 max=-16.02) V(s)(mean=-20.00 std=0.00) reward(mean=-1.072 std=4.306) clip=20.0
[step 00090] value_loss=2.626920 policy_loss=-0.175847
[step 00090] VALUE_DEBUG: target(mean=-19.63 std=1.58 min=-20.00 max=-10.02) V(s)(mean=-20.00 std=0.00) reward(mean=-2.444 std=5.010) clip=20.0
[step 00100] opnorm clamp applied
[step 00100] value_loss=1.125002 policy_loss=1.326286
[step 00100] VALUE_DEBUG: target(mean=-19.84 std=1.05 min=-20.00 max=-11.99) V(s)(mean=-20.00 std=0.00) reward(mean=-0.733 std=3.547) clip=20.0
[step 00100] eval_success_rate=0.000 eval_mean_score=6.840 eval_policy_mode=greedy [solved=0/50, score_range=2.00-12.00/16.0, initial=9.00]
[step 00100] PROGRESS: filled=10.20 violations=1.68 zero_cand=0.44
[step 00100] DEBUG: ep_len=20.0 ep_ret=-30.819 stop_prob=0.000 score_chg=-15.1550
[step 00110] value_loss=1.576717 policy_loss=0.867363
[step 00110] VALUE_DEBUG: target(mean=-19.78 std=1.24 min=-20.00 max=-10.03) V(s)(mean=-20.00 std=0.00) reward(mean=-1.125 std=3.855) clip=20.0
[step 00120] value_loss=1.233040 policy_loss=4.505352
[step 00120] VALUE_DEBUG: target(mean=-19.80 std=1.09 min=-20.00 max=-10.01) V(s)(mean=-20.00 std=0.00) reward(mean=-1.692 std=5.315) clip=20.0
[step 00130] value_loss=0.776682 policy_loss=0.857805
[step 00130] VALUE_DEBUG: target(mean=-19.92 std=0.88 min=-20.00 max=-10.03) V(s)(mean=-20.00 std=0.00) reward(mean=-0.971 std=3.441) clip=20.0
[step 00140] value_loss=0.890150 policy_loss=1.943146
[step 00140] VALUE_DEBUG: target(mean=-19.84 std=0.93 min=-20.00 max=-12.00) V(s)(mean=-20.00 std=0.00) reward(mean=-1.503 std=4.139) clip=20.0
[step 00150] value_loss=1.038373 policy_loss=0.257719
[step 00150] VALUE_DEBUG: target(mean=-19.83 std=1.00 min=-20.00 max=-12.02) V(s)(mean=-20.00 std=0.00) reward(mean=-1.371 std=4.739) clip=20.0
[step 00150] eval_success_rate=0.000 eval_mean_score=6.840 eval_policy_mode=greedy [solved=0/50, score_range=2.00-12.00/16.0, initial=9.00]
[step 00150] PROGRESS: filled=10.20 violations=1.68 zero_cand=0.44
[step 00150] DEBUG: ep_len=20.0 ep_ret=-30.176 stop_prob=0.000 score_chg=-14.4400
[step 00160] value_loss=0.275997 policy_loss=0.721728
[step 00160] VALUE_DEBUG: target(mean=-19.93 std=0.52 min=-20.00 max=-15.86) V(s)(mean=-20.00 std=0.00) reward(mean=-1.230 std=4.186) clip=20.0
[step 00170] value_loss=0.938153 policy_loss=1.193131
[step 00170] VALUE_DEBUG: target(mean=-19.82 std=0.95 min=-20.00 max=-11.94) V(s)(mean=-20.00 std=0.00) reward(mean=-1.204 std=4.440) clip=20.0
[step 00180] value_loss=1.655697 policy_loss=1.967644
[step 00180] VALUE_DEBUG: target(mean=-19.73 std=1.26 min=-20.00 max=-11.98) V(s)(mean=-20.00 std=0.00) reward(mean=-1.220 std=4.428) clip=20.0
[step 00190] value_loss=1.413407 policy_loss=1.927893
[step 00190] VALUE_DEBUG: target(mean=-19.74 std=1.16 min=-20.00 max=-11.94) V(s)(mean=-20.00 std=0.00) reward(mean=-1.334 std=4.653) clip=20.0
[step 00200] opnorm clamp applied
[step 00200] value_loss=1.515915 policy_loss=1.429207
[step 00200] VALUE_DEBUG: target(mean=-19.75 std=1.21 min=-20.00 max=-11.93) V(s)(mean=-20.00 std=0.00) reward(mean=-1.616 std=4.376) clip=20.0
[step 00200] eval_success_rate=0.000 eval_mean_score=6.840 eval_policy_mode=greedy [solved=0/50, score_range=2.00-12.00/16.0, initial=9.00]
[step 00200] PROGRESS: filled=10.20 violations=1.68 zero_cand=0.44
[step 00200] DEBUG: ep_len=20.0 ep_ret=-29.607 stop_prob=0.000 score_chg=-13.8350
[step 00210] value_loss=0.536402 policy_loss=1.086901
[step 00210] VALUE_DEBUG: target(mean=-19.86 std=0.72 min=-20.00 max=-15.95) V(s)(mean=-20.00 std=0.00) reward(mean=-1.591 std=4.867) clip=20.0
[step 00220] value_loss=0.394009 policy_loss=1.786523
[step 00220] VALUE_DEBUG: target(mean=-19.90 std=0.62 min=-20.00 max=-15.86) V(s)(mean=-20.00 std=0.00) reward(mean=-1.285 std=4.209) clip=20.0
[step 00230] value_loss=0.159406 policy_loss=2.009341
[step 00230] VALUE_DEBUG: target(mean=-19.95 std=0.40 min=-20.00 max=-15.98) V(s)(mean=-20.00 std=0.00) reward(mean=-1.142 std=3.574) clip=20.0
[step 00240] value_loss=1.315715 policy_loss=1.689584
[step 00240] VALUE_DEBUG: target(mean=-19.74 std=1.12 min=-20.00 max=-11.99) V(s)(mean=-20.00 std=0.00) reward(mean=-1.891 std=4.883) clip=20.0
[step 00250] value_loss=0.684438 policy_loss=1.262839
[step 00250] VALUE_DEBUG: target(mean=-19.89 std=0.82 min=-20.00 max=-11.88) V(s)(mean=-20.00 std=0.00) reward(mean=-0.910 std=3.400) clip=20.0
[step 00250] eval_success_rate=0.000 eval_mean_score=6.840 eval_policy_mode=greedy [solved=0/50, score_range=2.00-12.00/16.0, initial=9.00]
[step 00250] PROGRESS: filled=10.20 violations=1.68 zero_cand=0.44
[step 00250] DEBUG: ep_len=20.0 ep_ret=-30.300 stop_prob=0.000 score_chg=-14.4750
[step 00260] value_loss=0.638560 policy_loss=0.887337
[step 00260] VALUE_DEBUG: target(mean=-19.84 std=0.78 min=-20.00 max=-13.99) V(s)(mean=-20.00 std=0.00) reward(mean=-1.627 std=4.459) clip=20.0
[step 00270] value_loss=1.106426 policy_loss=1.758102
[step 00270] VALUE_DEBUG: target(mean=-19.83 std=1.04 min=-20.00 max=-10.00) V(s)(mean=-20.00 std=0.00) reward(mean=-1.341 std=4.823) clip=20.0
WARNING: Logging before InitGoogleLogging() is written to STDERR
I0114 02:15:52.316812 3711311 HealthTracker.cpp:26] Mark connection as healthy.
[step 00280] value_loss=1.535930 policy_loss=0.843232
[step 00280] VALUE_DEBUG: target(mean=-19.71 std=1.21 min=-20.00 max=-11.92) V(s)(mean=-20.00 std=0.00) reward(mean=-1.714 std=5.076) clip=20.0
[step 00290] value_loss=1.330532 policy_loss=2.250637
[step 00290] VALUE_DEBUG: target(mean=-19.81 std=1.14 min=-20.00 max=-10.01) V(s)(mean=-20.00 std=0.00) reward(mean=-0.666 std=3.853) clip=20.0
[step 00300] opnorm clamp applied
[step 00300] value_loss=0.392085 policy_loss=1.947631
[step 00300] VALUE_DEBUG: target(mean=-19.90 std=0.62 min=-20.00 max=-15.88) V(s)(mean=-20.00 std=0.00) reward(mean=-1.123 std=3.766) clip=20.0
[step 00300] eval_success_rate=0.000 eval_mean_score=6.840 eval_policy_mode=greedy [solved=0/50, score_range=2.00-12.00/16.0, initial=9.00]
[step 00300] PROGRESS: filled=10.20 violations=1.68 zero_cand=0.44
[step 00300] DEBUG: ep_len=20.0 ep_ret=-29.275 stop_prob=0.000 score_chg=-13.5350
[step 00310] value_loss=0.526403 policy_loss=0.519300
[step 00310] VALUE_DEBUG: target(mean=-19.86 std=0.71 min=-20.00 max=-13.94) V(s)(mean=-20.00 std=0.00) reward(mean=-1.703 std=4.708) clip=20.0
[step 00320] value_loss=0.009503 policy_loss=1.789835
[step 00320] VALUE_DEBUG: target(mean=-19.99 std=0.10 min=-20.00 max=-18.90) V(s)(mean=-20.00 std=0.00) reward(mean=-1.631 std=3.504) clip=20.0
[step 00330] value_loss=2.244863 policy_loss=1.323918
[step 00330] VALUE_DEBUG: target(mean=-19.66 std=1.46 min=-20.00 max=-10.01) V(s)(mean=-20.00 std=0.00) reward(mean=-1.668 std=4.853) clip=20.0
[step 00340] value_loss=1.363553 policy_loss=1.799046
[step 00340] VALUE_DEBUG: target(mean=-19.76 std=1.14 min=-20.00 max=-12.02) V(s)(mean=-20.00 std=0.00) reward(mean=-1.677 std=4.783) clip=20.0
[step 00350] value_loss=0.630063 policy_loss=1.945856
[step 00350] VALUE_DEBUG: target(mean=-19.91 std=0.79 min=-20.00 max=-11.96) V(s)(mean=-20.00 std=0.00) reward(mean=-0.862 std=4.138) clip=20.0
[step 00350] eval_success_rate=0.000 eval_mean_score=6.840 eval_policy_mode=greedy [solved=0/50, score_range=2.00-12.00/16.0, initial=9.00]
[step 00350] PROGRESS: filled=10.20 violations=1.68 zero_cand=0.44
[step 00350] DEBUG: ep_len=20.0 ep_ret=-29.523 stop_prob=0.000 score_chg=-13.7000
[step 00360] value_loss=2.009044 policy_loss=0.751904
[step 00360] VALUE_DEBUG: target(mean=-19.74 std=1.39 min=-20.00 max=-9.98) V(s)(mean=-20.00 std=0.00) reward(mean=-1.213 std=3.800) clip=20.0
[step 00370] value_loss=0.425892 policy_loss=1.260359
[step 00370] VALUE_DEBUG: target(mean=-19.89 std=0.64 min=-20.00 max=-15.87) V(s)(mean=-20.00 std=0.00) reward(mean=-1.078 std=3.881) clip=20.0
[step 00380] value_loss=0.446934 policy_loss=1.016248
[step 00380] VALUE_DEBUG: target(mean=-19.91 std=0.66 min=-20.00 max=-13.95) V(s)(mean=-20.00 std=0.00) reward(mean=-1.285 std=3.465) clip=20.0
[step 00390] value_loss=0.443020 policy_loss=1.599819
[step 00390] VALUE_DEBUG: target(mean=-19.90 std=0.66 min=-20.00 max=-15.07) V(s)(mean=-20.00 std=0.00) reward(mean=-1.326 std=3.879) clip=20.0
[step 00400] opnorm clamp applied
[step 00400] value_loss=0.818069 policy_loss=2.089125
[step 00400] VALUE_DEBUG: target(mean=-19.79 std=0.88 min=-20.00 max=-15.82) V(s)(mean=-20.00 std=0.00) reward(mean=-1.368 std=4.496) clip=20.0
[step 00400] eval_success_rate=0.000 eval_mean_score=6.840 eval_policy_mode=greedy [solved=0/50, score_range=2.00-12.00/16.0, initial=9.00]
[step 00400] PROGRESS: filled=10.20 violations=1.68 zero_cand=0.44
[step 00400] DEBUG: ep_len=20.0 ep_ret=-30.010 stop_prob=0.000 score_chg=-14.2850
[step 00410] value_loss=1.970902 policy_loss=0.980034
[step 00410] VALUE_DEBUG: target(mean=-19.71 std=1.37 min=-20.00 max=-9.92) V(s)(mean=-20.00 std=0.00) reward(mean=-1.945 std=4.215) clip=20.0
[step 00420] value_loss=1.810810 policy_loss=1.325180
[step 00420] VALUE_DEBUG: target(mean=-19.76 std=1.32 min=-20.00 max=-11.88) V(s)(mean=-20.00 std=0.00) reward(mean=-0.799 std=3.684) clip=20.0
[step 00430] value_loss=1.338342 policy_loss=1.289310
[step 00430] VALUE_DEBUG: target(mean=-19.75 std=1.13 min=-20.00 max=-11.94) V(s)(mean=-20.00 std=0.00) reward(mean=-1.465 std=4.573) clip=20.0
[step 00440] value_loss=1.522762 policy_loss=2.402915
[step 00440] VALUE_DEBUG: target(mean=-19.78 std=1.21 min=-20.00 max=-10.01) V(s)(mean=-20.00 std=0.00) reward(mean=-1.659 std=4.801) clip=20.0
[step 00450] value_loss=1.061880 policy_loss=1.246702
[step 00450] VALUE_DEBUG: target(mean=-19.79 std=1.01 min=-20.00 max=-11.90) V(s)(mean=-20.00 std=0.00) reward(mean=-1.120 std=4.564) clip=20.0
[step 00450] eval_success_rate=0.000 eval_mean_score=6.840 eval_policy_mode=greedy [solved=0/50, score_range=2.00-12.00/16.0, initial=9.00]
[step 00450] PROGRESS: filled=10.20 violations=1.68 zero_cand=0.44
[step 00450] DEBUG: ep_len=20.0 ep_ret=-29.965 stop_prob=0.000 score_chg=-14.1550
[step 00460] value_loss=1.991243 policy_loss=0.548863
[step 00460] VALUE_DEBUG: target(mean=-19.64 std=1.36 min=-20.00 max=-10.06) V(s)(mean=-20.00 std=0.00) reward(mean=-1.740 std=5.092) clip=20.0
[step 00470] value_loss=1.784663 policy_loss=1.342968
[step 00470] VALUE_DEBUG: target(mean=-19.72 std=1.31 min=-20.00 max=-9.98) V(s)(mean=-20.00 std=0.00) reward(mean=-1.425 std=4.145) clip=20.0
[step 00480] value_loss=1.374467 policy_loss=0.568714
[step 00480] VALUE_DEBUG: target(mean=-19.78 std=1.15 min=-20.00 max=-12.01) V(s)(mean=-20.00 std=0.00) reward(mean=-1.230 std=4.709) clip=20.0
[step 00490] value_loss=0.970147 policy_loss=0.639493
[step 00490] VALUE_DEBUG: target(mean=-19.86 std=0.97 min=-20.00 max=-9.96) V(s)(mean=-20.00 std=0.00) reward(mean=-1.324 std=4.530) clip=20.0
[step 00500] opnorm clamp applied
[step 00500] value_loss=0.880807 policy_loss=1.258470
[step 00500] VALUE_DEBUG: target(mean=-19.84 std=0.93 min=-20.00 max=-12.02) V(s)(mean=-20.00 std=0.00) reward(mean=-1.597 std=3.953) clip=20.0
[step 00500] eval_success_rate=0.000 eval_mean_score=6.840 eval_policy_mode=greedy [solved=0/50, score_range=2.00-12.00/16.0, initial=9.00]
[step 00500] PROGRESS: filled=10.20 violations=1.68 zero_cand=0.44
[step 00500] DEBUG: ep_len=20.0 ep_ret=-30.571 stop_prob=0.000 score_chg=-14.7950
[Checkpoint] Saved to checkpoints/rl_sudoku-4x4-easy_6to8empties_seed42/rl_checkpoint_step_500.pt
