[2026-01-20T08:37:26.649-08:00] Buck UI: https://www.internalfb.com/buck2/24a9a1a0-f4de-41ca-9c8a-bf6bd61c391d
[2026-01-20T08:37:31.229-08:00] [2m2026-01-20T16:37:31.038653Z[0m [33m WARN[0m [2mbuck2_interpreter_for_build::interpreter::functions::warning[0m[2m:[0m NCCL version '2.23.4' format is being deprecated for this NCCL version, please use MAJOR:MINOR format: 2.23 instead
[2026-01-20T08:37:31.229-08:00] [2m2026-01-20T16:37:31.038707Z[0m [33m WARN[0m [2mbuck2_interpreter_for_build::interpreter::functions::warning[0m[2m:[0m NCCL version '2.25.1' format is being deprecated for this NCCL version, please use MAJOR:MINOR format: 2.25 instead
[2026-01-20T08:37:31.229-08:00] [2m2026-01-20T16:37:31.038743Z[0m [33m WARN[0m [2mbuck2_interpreter_for_build::interpreter::functions::warning[0m[2m:[0m NCCL version '2.23.4' format is being deprecated for this NCCL version, please use MAJOR:MINOR format: 2.23 instead
[2026-01-20T08:37:31.229-08:00] [2m2026-01-20T16:37:31.038749Z[0m [33m WARN[0m [2mbuck2_interpreter_for_build::interpreter::functions::warning[0m[2m:[0m NCCL version '2.23.4' format is being deprecated for this NCCL version, please use MAJOR:MINOR format: 2.23 instead
[2026-01-20T08:37:31.229-08:00] [2m2026-01-20T16:37:31.038755Z[0m [33m WARN[0m [2mbuck2_interpreter_for_build::interpreter::functions::warning[0m[2m:[0m NCCL version '2.23.4' format is being deprecated for this NCCL version, please use MAJOR:MINOR format: 2.23 instead
[2026-01-20T08:37:37.845-08:00] [2m2026-01-20T16:37:37.805150Z[0m [33m WARN[0m [2mbuck2_interpreter_for_build::interpreter::functions::warning[0m[2m:[0m ptxas 12.8 is not available on platform platform010-aarch64-compat
[2026-01-20T08:37:37.845-08:00] [2m2026-01-20T16:37:37.805193Z[0m [33m WARN[0m [2mbuck2_interpreter_for_build::interpreter::functions::warning[0m[2m:[0m ptxas 12.8 is not available on platform platform010-compat
[2026-01-20T08:37:37.845-08:00] [2m2026-01-20T16:37:37.805199Z[0m [33m WARN[0m [2mbuck2_interpreter_for_build::interpreter::functions::warning[0m[2m:[0m ptxas 12.8 is not available on platform platform010-libcxx
[2026-01-20T08:37:37.845-08:00] [2m2026-01-20T16:37:37.805203Z[0m [33m WARN[0m [2mbuck2_interpreter_for_build::interpreter::functions::warning[0m[2m:[0m ptxas 12.8 is not available on platform antlir-distro
[2026-01-20T08:37:44.928-08:00] Waiting on fbcode//configerator/structs/data_access_policies/if:BUCK -- evaluating build file, and 25 other actions
[2026-01-20T08:37:51.928-08:00] Waiting on fbcode//configerator/structs/data_access_policies/if:BUCK -- evaluating build file, and 4 other actions
[2026-01-20T08:37:58.930-08:00] Waiting on fbcode//capella/types/annotation_type:capella_annotation_types-cpp2-types (cfg:opt-linux-x86_64-fbcode-platform010-clang19-no-san-opt-by-default#7bc20b5dff24e379) -- running analysis [evaluate_rule], and 82 other actions
[2026-01-20T08:38:03.668-08:00] RE Session: reSessionID-d72ed767-22ed-49d1-b30a-bfa3a023d46d
[2026-01-20T08:38:10.737-08:00] Waiting on fbcode//configerator/if:_constants-python-configerator-registry-genfile (cfg:opt-linux-x86_64-fbcode-platform010-clang19-no-san-opt-by-default#7bc20b5dff24e379) -- action (genrule) [re_upload], and 4925 other actions
[2026-01-20T08:38:17.738-08:00] Waiting on fbcode//caffe2:_torch (cfg:opt-linux-x86_64-fbcode-platform010-clang19-no-san-opt-by-default#7bc20b5dff24e379) -- action (py_compile CHECKED_HASH) [re_worker_upload], and 6165 other actions
[2026-01-20T08:38:24.834-08:00] Waiting on fbcode//third-party-buck/platform010/build/mkl-dnn:mkldnn (cfg:opt-linux-x86_64-fbcode-platform010-clang19-no-san-opt-by-default#7bc20b5dff24e379) -- action (strip_debug lib/libdnnl_pic.a) [re_execute], and 9753 other actions
[2026-01-20T08:38:31.928-08:00] Waiting on fbcode//configerator/structs/policy_zones/lib/policy_kind:policy_kind_type_defs-py3-default-types-impl (cfg:opt-linux-x86_64-fbcode-platform010-clang19-no-san-opt-by-default#7bc20b5dff24e379) -- action (py_compile CHECKED_HASH) [re_upload], and 5364 other actions
[2026-01-20T08:38:38.928-08:00] Waiting on fbsource//third-party/triton/stable/llvm-project/llvm:AMDGPUCommonTableGen_filegroup___gen_register_bank_131894470_genrule (cfg:opt-linux-x86_64-fbcode-platform010-clang19-no-san-opt-by-default#7bc20b5dff24e379) -- action (nothing) [re_execute], and 4357 other actions
[2026-01-20T08:38:45.928-08:00] Waiting on fbcode//configerator/structs/data_access_policies/if:consent_policy_names-py3-types-reflection (cfg:opt-linux-x86_64-fbcode-platform010-clang19-no-san-opt-by-default#7bc20b5dff24e379) -- action (py_compile CHECKED_HASH) [re_upload], and 3531 other actions
[2026-01-20T08:38:53.028-08:00] Waiting on fbcode//configerator/structs/data_access_policies/if:consent_policy_names-py3-types-reflection (cfg:opt-linux-x86_64-fbcode-platform010-clang19-no-san-opt-by-default#7bc20b5dff24e379) -- action (py_compile CHECKED_HASH) [re_upload], and 3193 other actions
[2026-01-20T08:39:00.127-08:00] Waiting on fbcode//configerator/structs/data_access_policies/if:consent_policy_names-py3-types-reflection (cfg:opt-linux-x86_64-fbcode-platform010-clang19-no-san-opt-by-default#7bc20b5dff24e379) -- action (py_compile CHECKED_HASH) [re_upload], and 3035 other actions
[2026-01-20T08:39:07.128-08:00] Waiting on fbcode//caffe2:_ATen-cpu (cfg:opt-linux-x86_64-fbcode-platform010-clang19-no-san-opt-by-default#7bc20b5dff24e379) -- action (cxx_compile aten/src/ATen/native/cpu/BinaryOpsKernel.cpp (pic)) [re_execute], and 3320 other actions
[2026-01-20T08:39:14.128-08:00] Waiting on fbcode//caffe2:_ATen-cpu (cfg:opt-linux-x86_64-fbcode-platform010-clang19-no-san-opt-by-default#7bc20b5dff24e379) -- action (cxx_compile aten/src/ATen/native/cpu/BinaryOpsKernel.cpp (pic)) [re_execute], and 2966 other actions
[2026-01-20T08:39:21.227-08:00] Waiting on fbcode//caffe2:_ATen-cpu (cfg:opt-linux-x86_64-fbcode-platform010-clang19-no-san-opt-by-default#7bc20b5dff24e379) -- action (cxx_compile aten/src/ATen/native/cpu/BinaryOpsKernel.cpp (pic)) [re_execute], and 2051 other actions
[2026-01-20T08:39:28.328-08:00] Waiting on fbcode//cacheclient/fci/impl:scuba_sample_rate (cfg:opt-linux-x86_64-fbcode-platform010-clang19-no-san-opt-by-default#7bc20b5dff24e379) -- action (cxx_compile ScubaSampleRate.cpp (pic)) [re_upload], and 1659 other actions
[2026-01-20T08:39:35.428-08:00] Waiting on fbcode//cacheclient/fci/impl:scuba_sample_rate (cfg:opt-linux-x86_64-fbcode-platform010-clang19-no-san-opt-by-default#7bc20b5dff24e379) -- action (cxx_compile ScubaSampleRate.cpp (pic)) [re_upload], and 1566 other actions
[2026-01-20T08:39:42.528-08:00] Waiting on fbcode//cacheclient/fci/impl:scuba_sample_rate (cfg:opt-linux-x86_64-fbcode-platform010-clang19-no-san-opt-by-default#7bc20b5dff24e379) -- action (cxx_compile ScubaSampleRate.cpp (pic)) [re_upload], and 1456 other actions
[2026-01-20T08:39:49.528-08:00] Waiting on fbcode//cacheclient/fci/impl:scuba_sample_rate (cfg:opt-linux-x86_64-fbcode-platform010-clang19-no-san-opt-by-default#7bc20b5dff24e379) -- action (cxx_compile ScubaSampleRate.cpp (pic)) [re_upload], and 1401 other actions
[2026-01-20T08:39:56.627-08:00] Waiting on fbcode//cacheclient/fci/impl:scuba_sample_rate (cfg:opt-linux-x86_64-fbcode-platform010-clang19-no-san-opt-by-default#7bc20b5dff24e379) -- action (cxx_compile ScubaSampleRate.cpp (pic)) [re_upload], and 1481 other actions
[2026-01-20T08:40:03.628-08:00] Waiting on fbcode//cacheclient/fci/impl:scuba_sample_rate (cfg:opt-linux-x86_64-fbcode-platform010-clang19-no-san-opt-by-default#7bc20b5dff24e379) -- action (cxx_compile ScubaSampleRate.cpp (pic)) [re_upload], and 1321 other actions
[2026-01-20T08:40:10.628-08:00] Waiting on fbcode//cacheclient/fci/impl:scuba_sample_rate (cfg:opt-linux-x86_64-fbcode-platform010-clang19-no-san-opt-by-default#7bc20b5dff24e379) -- action (cxx_compile ScubaSampleRate.cpp (pic)) [re_upload], and 1306 other actions
[2026-01-20T08:40:17.728-08:00] Waiting on fbcode//cacheclient/fci/impl:scuba_sample_rate (cfg:opt-linux-x86_64-fbcode-platform010-clang19-no-san-opt-by-default#7bc20b5dff24e379) -- action (cxx_compile ScubaSampleRate.cpp (pic)) [re_upload], and 1238 other actions
[2026-01-20T08:40:24.728-08:00] Waiting on fbcode//cacheclient/fci/impl:scuba_sample_rate (cfg:opt-linux-x86_64-fbcode-platform010-clang19-no-san-opt-by-default#7bc20b5dff24e379) -- action (cxx_compile ScubaSampleRate.cpp (pic)) [re_upload], and 1107 other actions
[2026-01-20T08:40:31.828-08:00] Waiting on fbcode//zippydb/client/internal:keys_description_helper (cfg:opt-linux-x86_64-fbcode-platform010-clang19-no-san-opt-by-default#7bc20b5dff24e379) -- action (cxx_compile KeysDescriptionHelper.cpp (pic)) [re_upload], and 1092 other actions
[2026-01-20T08:40:38.928-08:00] Waiting on fbcode//security/ca/platform/certificate/if:service-cpp2-clients (cfg:opt-linux-x86_64-fbcode-platform010-clang19-no-san-opt-by-default#7bc20b5dff24e379) -- action (cxx_compile gen-cpp2/CertificateServiceAsyncClient.cpp (modular) (pic)) [re_upload], and 827 other actions
[2026-01-20T08:40:46.027-08:00] Waiting on fbcode//stylus/xstream/query/serde/if:xstream_row-cpp2-types (cfg:opt-linux-x86_64-fbcode-platform010-clang19-no-san-opt-by-default#7bc20b5dff24e379) -- action (cxx_compile gen-cpp2/xstream_row_constants.cpp (modular) (pic)) [re_upload], and 662 other actions
[2026-01-20T08:40:53.028-08:00] Waiting on fbcode//stylus/xstream/query/serde/if:xstream_row-cpp2-types (cfg:opt-linux-x86_64-fbcode-platform010-clang19-no-san-opt-by-default#7bc20b5dff24e379) -- action (cxx_compile gen-cpp2/xstream_row_constants.cpp (modular) (pic)) [re_upload], and 444 other actions
[2026-01-20T08:41:00.128-08:00] Waiting on fbcode//stylus/xstream/query/serde/if:xstream_row-cpp2-types (cfg:opt-linux-x86_64-fbcode-platform010-clang19-no-san-opt-by-default#7bc20b5dff24e379) -- action (cxx_compile gen-cpp2/xstream_row_constants.cpp (modular) (pic)) [re_upload], and 1411 other actions
[2026-01-20T08:41:07.228-08:00] Waiting on fbsource//third-party/triton/stable/llvm-project/mlir:LLVMDialect (cfg:opt-linux-x86_64-fbcode-platform010-clang19-no-san-opt-by-default#7bc20b5dff24e379) -- action (cxx_compile lib/Dialect/LLVMIR/IR/LLVMDialect.cpp (pic)) [re_execute], and 1335 other actions
[2026-01-20T08:41:14.328-08:00] Waiting on fbsource//third-party/triton/stable/llvm-project/mlir:LLVMDialect (cfg:opt-linux-x86_64-fbcode-platform010-clang19-no-san-opt-by-default#7bc20b5dff24e379) -- action (cxx_compile lib/Dialect/LLVMIR/IR/LLVMDialect.cpp (pic)) [re_execute], and 1307 other actions
[2026-01-20T08:41:21.427-08:00] Waiting on fbsource//third-party/flash-attention:flash_attention_2_srcs (cfg:opt-linux-x86_64-fbcode-platform010-clang19-no-san-opt-by-default#7bc20b5dff24e379) -- action (cuda_opt_sm80 csrc/flash_attn/src/flash_bwd_hdim64_fp16_sm80.cu (pic)) [re_execute], and 1324 other actions
[2026-01-20T08:41:28.528-08:00] Waiting on fbsource//third-party/flash-attention:flash_attention_2_srcs (cfg:opt-linux-x86_64-fbcode-platform010-clang19-no-san-opt-by-default#7bc20b5dff24e379) -- action (cuda_opt_sm80 csrc/flash_attn/src/flash_bwd_hdim64_fp16_sm80.cu (pic)) [re_execute], and 947 other actions
[2026-01-20T08:41:35.528-08:00] Waiting on fbsource//third-party/flash-attention:flash_attention_2_srcs (cfg:opt-linux-x86_64-fbcode-platform010-clang19-no-san-opt-by-default#7bc20b5dff24e379) -- action (cuda_opt_sm80 csrc/flash_attn/src/flash_bwd_hdim64_fp16_sm80.cu (pic)) [re_execute], and 533 other actions
[2026-01-20T08:41:42.528-08:00] Waiting on fbsource//third-party/flash-attention:flash_attention_2_srcs (cfg:opt-linux-x86_64-fbcode-platform010-clang19-no-san-opt-by-default#7bc20b5dff24e379) -- action (cuda_opt_sm80 csrc/flash_attn/src/flash_bwd_hdim64_fp16_sm80.cu (pic)) [re_execute], and 341 other actions
[2026-01-20T08:41:49.628-08:00] Waiting on fbsource//third-party/flash-attention:flash_attention_2_srcs (cfg:opt-linux-x86_64-fbcode-platform010-clang19-no-san-opt-by-default#7bc20b5dff24e379) -- action (cuda_opt_sm80 csrc/flash_attn/src/flash_bwd_hdim64_fp16_sm80.cu (pic)) [re_execute], and 221 other actions
[2026-01-20T08:41:56.728-08:00] Waiting on fbsource//third-party/flash-attention:flash_attention_2_srcs (cfg:opt-linux-x86_64-fbcode-platform010-clang19-no-san-opt-by-default#7bc20b5dff24e379) -- action (cuda_opt_sm80 csrc/flash_attn/src/flash_bwd_hdim64_fp16_sm80.cu (pic)) [re_execute], and 147 other actions
[2026-01-20T08:42:03.828-08:00] Waiting on fbcode//manifold/restore/workflow/if:Restore-py3-default-types/Restore/types_fields (cfg:opt-linux-x86_64-fbcode-platform010-clang19-no-san-opt-by-default#7bc20b5dff24e379) -- action (cxx_compile Restore/types_fields.cpp (pic)) [re_execute], and 106 other actions
[2026-01-20T08:42:10.928-08:00] Waiting on fbcode//ti/urlgen/urlhostname:cdn_selector (cfg:opt-linux-x86_64-fbcode-platform010-clang19-no-san-opt-by-default#7bc20b5dff24e379) -- action (cxx_compile CdnSelector.cpp (pic)), and 87 other actions
[2026-01-20T08:42:18.028-08:00] Waiting on fbcode//warm_storage/client/prod:ws_file_api_lib (cfg:opt-linux-x86_64-fbcode-platform010-clang19-no-san-opt-by-default#7bc20b5dff24e379) -- action (cxx_compile ReadOnlyFile.cpp (pic)) [re_execute], and 122 other actions
[2026-01-20T08:42:25.128-08:00] Waiting on fbcode//warm_storage/client/prod:ws_file_api_lib (cfg:opt-linux-x86_64-fbcode-platform010-clang19-no-san-opt-by-default#7bc20b5dff24e379) -- action (cxx_compile ReadOnlyFile.cpp (pic)) [re_execute], and 93 other actions
[2026-01-20T08:42:32.228-08:00] Waiting on fbcode//crypto/cat/cpp/store:mc_derived_crypto_cache (cfg:opt-linux-x86_64-fbcode-platform010-clang19-no-san-opt-by-default#7bc20b5dff24e379) -- action (cxx_compile MCDerivedCryptoCache.cpp (pic)) [re_execute], and 143 other actions
[2026-01-20T08:42:39.327-08:00] Waiting on fbcode//cacheclient/tao2/prod/cpp:tao_client (cfg:opt-linux-x86_64-fbcode-platform010-clang19-no-san-opt-by-default#7bc20b5dff24e379) -- action (cxx_compile TaoClientAssocWriteAPIsGen.cpp (pic)) [re_execute], and 131 other actions
[2026-01-20T08:42:46.428-08:00] Waiting on fbcode//cacheclient/tao2/prod/cpp:tao_client (cfg:opt-linux-x86_64-fbcode-platform010-clang19-no-san-opt-by-default#7bc20b5dff24e379) -- action (cxx_compile TaoClientAssocWriteAPIsGen.cpp (pic)) [re_execute], and 66 other actions
[2026-01-20T08:42:53.428-08:00] Waiting on fbcode//storage_container/metadata_service/metadata_client_impl_prod:container_metadata_thin_client_impl_dev (cfg:opt-linux-x86_64-fbcode-platform010-clang19-no-san-opt-by-default#7bc20b5dff24e379) -- action (cxx_compile ContainerMetadataThinClientImpl.cpp (pic)) [re_execute], and 35 other actions
[2026-01-20T08:43:00.528-08:00] Waiting on fbcode//storage_container/metadata_service/metadata_client_impl_prod:container_metadata_thin_client_impl_dev (cfg:opt-linux-x86_64-fbcode-platform010-clang19-no-san-opt-by-default#7bc20b5dff24e379) -- action (cxx_compile ContainerMetadataThinClientImpl.cpp (pic)) [local_execute], and 14 other actions
[2026-01-20T08:43:07.628-08:00] Waiting on fbcode//warm_storage/client/prod:ws_file_api_lib (cfg:opt-linux-x86_64-fbcode-platform010-clang19-no-san-opt-by-default#7bc20b5dff24e379) -- action (cxx_compile AppendableFile2.cpp (pic)) [re_execute], and 12 other actions
[2026-01-20T08:43:14.727-08:00] Waiting on fbcode//warm_storage/client/prod:ws_file_api_lib (cfg:opt-linux-x86_64-fbcode-platform010-clang19-no-san-opt-by-default#7bc20b5dff24e379) -- action (cxx_compile AppendableFile2.cpp (pic)) [local_execute], and 11 other actions
[2026-01-20T08:43:21.728-08:00] Waiting on fbcode//memcache/client/py/impl:TaoClientPy (cfg:opt-linux-x86_64-fbcode-platform010-clang19-no-san-opt-by-default#7bc20b5dff24e379) -- action (cxx_compile TaoClientPy.cpp (pic)) [re_execute], and 7 other actions
[2026-01-20T08:43:28.828-08:00] Waiting on fbcode//memcache/client/py/impl:TaoClientPy (cfg:opt-linux-x86_64-fbcode-platform010-clang19-no-san-opt-by-default#7bc20b5dff24e379) -- action (cxx_compile TaoClientPy.cpp (pic)) [re_execute], and 7 other actions
[2026-01-20T08:43:35.828-08:00] Waiting on fbcode//memcache/client/py/impl:TaoClientPy (cfg:opt-linux-x86_64-fbcode-platform010-clang19-no-san-opt-by-default#7bc20b5dff24e379) -- action (cxx_compile TaoClientPy.cpp (pic)) [re_execute], and 2 other actions
[2026-01-20T08:43:42.828-08:00] Waiting on fbcode//memcache/client/py/impl:TaoClientPy (cfg:opt-linux-x86_64-fbcode-platform010-clang19-no-san-opt-by-default#7bc20b5dff24e379) -- action (cxx_compile TaoClientPy.cpp (pic)) [re_execute], and 1 other actions
[2026-01-20T08:43:49.928-08:00] Waiting on fbcode//memcache/client/py/impl:TaoClientPy (cfg:opt-linux-x86_64-fbcode-platform010-clang19-no-san-opt-by-default#7bc20b5dff24e379) -- action (cxx_compile TaoClientPy.cpp (pic)) [re_execute]
[2026-01-20T08:43:57.027-08:00] Waiting on fbcode//memcache/client/py/impl:TaoClientPy (cfg:opt-linux-x86_64-fbcode-platform010-clang19-no-san-opt-by-default#7bc20b5dff24e379) -- action (cxx_compile TaoClientPy.cpp (pic)) [re_execute]
[2026-01-20T08:44:04.028-08:00] Waiting on fbcode//memcache/client/py/impl:TaoClientPy (cfg:opt-linux-x86_64-fbcode-platform010-clang19-no-san-opt-by-default#7bc20b5dff24e379) -- action (cxx_compile TaoClientPy.cpp (pic)) [re_execute]
[2026-01-20T08:44:11.128-08:00] Waiting on fbcode//memcache/client/py/impl:TaoClientPy (cfg:opt-linux-x86_64-fbcode-platform010-clang19-no-san-opt-by-default#7bc20b5dff24e379) -- action (cxx_compile TaoClientPy.cpp (pic)) [re_execute]
[2026-01-20T08:44:18.228-08:00] Waiting on fbcode//memcache/client/py/impl:TaoClientPy (cfg:opt-linux-x86_64-fbcode-platform010-clang19-no-san-opt-by-default#7bc20b5dff24e379) -- action (cxx_compile TaoClientPy.cpp (pic)) [re_execute]
[2026-01-20T08:44:25.328-08:00] Waiting on fbcode//memcache/client/py/impl:TaoClientPy (cfg:opt-linux-x86_64-fbcode-platform010-clang19-no-san-opt-by-default#7bc20b5dff24e379) -- action (cxx_compile TaoClientPy.cpp (pic)) [re_execute]
[2026-01-20T08:44:32.428-08:00] Waiting on fbcode//memcache/client/py/impl:TaoClientPy (cfg:opt-linux-x86_64-fbcode-platform010-clang19-no-san-opt-by-default#7bc20b5dff24e379) -- action (cxx_compile TaoClientPy.cpp (pic)) [re_execute]
[2026-01-20T08:44:39.528-08:00] Waiting on fbcode//memcache/client/py/impl:TaoClientPy (cfg:opt-linux-x86_64-fbcode-platform010-clang19-no-san-opt-by-default#7bc20b5dff24e379) -- action (cxx_compile TaoClientPy.cpp (pic)) [re_execute]
[2026-01-20T08:44:46.628-08:00] Waiting on fbcode//memcache/client/py/impl:TaoClientPy (cfg:opt-linux-x86_64-fbcode-platform010-clang19-no-san-opt-by-default#7bc20b5dff24e379) -- action (cxx_compile TaoClientPy.cpp (pic)) [re_execute]
[2026-01-20T08:44:53.728-08:00] Waiting on fbcode//memcache/client/py/impl:TaoClientPy (cfg:opt-linux-x86_64-fbcode-platform010-clang19-no-san-opt-by-default#7bc20b5dff24e379) -- action (cxx_compile TaoClientPy.cpp (pic)) [re_execute]
[2026-01-20T08:45:00.828-08:00] Waiting on fbcode//memcache/client/py/impl:TaoClientPy (cfg:opt-linux-x86_64-fbcode-platform010-clang19-no-san-opt-by-default#7bc20b5dff24e379) -- action (cxx_compile TaoClientPy.cpp (pic)) [re_execute]
[2026-01-20T08:45:07.928-08:00] Waiting on fbcode//memcache/client/py/impl:TaoClientPy (cfg:opt-linux-x86_64-fbcode-platform010-clang19-no-san-opt-by-default#7bc20b5dff24e379) -- action (cxx_compile TaoClientPy.cpp (pic)) [re_execute]
[2026-01-20T08:45:15.028-08:00] Waiting on fbcode//memcache/client/py/impl:TaoClientPy (cfg:opt-linux-x86_64-fbcode-platform010-clang19-no-san-opt-by-default#7bc20b5dff24e379) -- action (cxx_compile TaoClientPy.cpp (pic)) [re_execute]
[2026-01-20T08:45:22.028-08:00] Waiting on fbcode//memcache/client/py/impl:TaoClientPy (cfg:opt-linux-x86_64-fbcode-platform010-clang19-no-san-opt-by-default#7bc20b5dff24e379) -- action (cxx_compile TaoClientPy.cpp (pic)) [re_execute]
[2026-01-20T08:45:29.128-08:00] Waiting on fbcode//memcache/client/py/impl:TaoClientPy (cfg:opt-linux-x86_64-fbcode-platform010-clang19-no-san-opt-by-default#7bc20b5dff24e379) -- action (cxx_compile TaoClientPy.cpp (pic)) [re_execute]
[2026-01-20T08:45:36.128-08:00] Waiting on fbcode//memcache/client/py/impl:TaoClientPy (cfg:opt-linux-x86_64-fbcode-platform010-clang19-no-san-opt-by-default#7bc20b5dff24e379) -- action (archive_thin libTaoClientPy.stripped.pic.a) [re_action_cache]
[2026-01-20T08:45:43.228-08:00] Waiting on fbcode//buiksat_trm:upi_trm_train (cfg:opt-linux-x86_64-fbcode-platform010-clang19-no-san-opt-by-default#7bc20b5dff24e379) -- action (cxx_link_python_exe) [re_upload]
[2026-01-20T08:45:50.327-08:00] Waiting on fbcode//buiksat_trm:upi_trm_train (cfg:opt-linux-x86_64-fbcode-platform010-clang19-no-san-opt-by-default#7bc20b5dff24e379) -- action (cxx_link_python_exe) [local_materialize_inputs]
[2026-01-20T08:45:57.328-08:00] Waiting on fbcode//buiksat_trm:upi_trm_train (cfg:opt-linux-x86_64-fbcode-platform010-clang19-no-san-opt-by-default#7bc20b5dff24e379) -- action (cxx_link_python_exe) [local_materialize_inputs]
[2026-01-20T08:46:04.328-08:00] Waiting on fbcode//buiksat_trm:upi_trm_train (cfg:opt-linux-x86_64-fbcode-platform010-clang19-no-san-opt-by-default#7bc20b5dff24e379) -- action (cxx_link_python_exe) [re_worker_download]
[2026-01-20T08:46:11.428-08:00] Waiting on fbcode//buiksat_trm:upi_trm_train (cfg:opt-linux-x86_64-fbcode-platform010-clang19-no-san-opt-by-default#7bc20b5dff24e379) -- action (cxx_link_python_exe) [local_execute]
[2026-01-20T08:46:18.528-08:00] Waiting on fbcode//buiksat_trm:upi_trm_train (cfg:opt-linux-x86_64-fbcode-platform010-clang19-no-san-opt-by-default#7bc20b5dff24e379) -- action (cxx_link_python_exe) [local_execute]
[2026-01-20T08:46:25.528-08:00] Waiting on fbcode//buiksat_trm:upi_trm_train (cfg:opt-linux-x86_64-fbcode-platform010-clang19-no-san-opt-by-default#7bc20b5dff24e379) -- action (cxx_link_python_exe) [local_execute]
[2026-01-20T08:46:32.628-08:00] Waiting on fbcode//buiksat_trm:upi_trm_train (cfg:opt-linux-x86_64-fbcode-platform010-clang19-no-san-opt-by-default#7bc20b5dff24e379) -- action (cxx_link_python_exe) [re_execute]
[2026-01-20T08:46:35.919-08:00] Cache hits: 87%
[2026-01-20T08:46:35.919-08:00] Commands: 179674 (cached: 156422, remote: 22861, local: 391)
[2026-01-20T08:46:35.919-08:00] Network: Up: 458MiB  Down: 4.3GiB  (reSessionID-d72ed767-22ed-49d1-b30a-bfa3a023d46d)
BUILD SUCCEEDED - starting your binary
[INFO] Using feasibility-aware Sudoku checker for 4x4
       score = filled - 2.0*violations - 5.0*zeroCand
       Max score: 16 (all filled, no violations)
[INFO] Training for 20000 steps (gamma=0.990, K=1, inner_unroll_n=2)
[INFO] Terminal rewards: solve=1.000, fail=-16.000
[INFO] Using TRM backbone (hidden=64, H=2, L=2)
[DEBUG] Policy head STOP bias: 0.00 (should be 0.0 for uniform init)
[INFO] Puzzle embeddings DISABLED (set --puzzle-emb-ndim > 0 to enable)
/data/repos/fbsource/buck-out/v2/gen/fbcode/7bc20b5dff24e379/buiksat_trm/__upi_trm_train__/upi_trm_train#link-tree/torch/cuda/__init__.py:373: UserWarning: Found GPU0 NVIDIA A100-PG509-200 which is of compute capability (CC) 8.0.
The following list shows the CCs this version of PyTorch was built for and the hardware CCs it supports:
Please follow the instructions at https://pytorch.org/get-started/locally/ to install a PyTorch release that supports one of these CUDA versions: 12.6, 12.8, 13.0
  _warn_unsupported_code(d, device_cc, code_ccs)
INFO:2026-01-20 08:46:44 574289:574289 CuptiCallbackApi.cpp:74] Callback: domain = 3, cbid = 1
INFO:2026-01-20 08:46:44 574289:574289 CuptiActivityProfiler.cpp:245] CUDA versions. CUPTI: 22; Runtime: 12040; Driver: 12040
INFO:2026-01-20 08:46:44 574289:673260 FBConfig.cpp:330] Perfetto builder enabled: 1
INFO:2026-01-20 08:46:44 574289:673260 DynoConfigLoader.cpp:61] Setting communication fabric enabled = 0
INFO:2026-01-20 08:46:44 574289:673260 DynoConfigLoader.cpp:61] Setting communication fabric enabled = 0
TritonTraceHandler: disabled because /logs does not exist
===========[FB_TRITON]=========== Triton Version: 3.3.2+fb
[INFO] Using UPI-TRM algorithm (K=1, inner_n=2)
[INFO] Checkpoint directory: checkpoints/rl_sudoku-4x4-easy_6to8empties_seed42

============================================================
UPI-TRM THEORY ALIGNMENT CHECK
============================================================
⚠ Configuration has theory gaps:
  • enable_contraction=False disables spectral normalization (Assumption 4.2). L_z < 1 contraction not enforced.
  • exact_baseline_summation=False: Using approximate baseline. This gives O(ε_A/(1-γ)) bound instead of O(α·ε_A) from Theorem 5.9. For discrete action spaces (Sudoku), enable for tighter bounds.
  • theory_exact_mixture=False: Using parameter-space interpolation for CPI, which is NOT equivalent to policy-space mixture. The CPI improvement guarantee does not strictly apply. Set theory_exact_mixture=True for theory-exact behavior (but slower due to evaluating two networks).

Theory status:
  Forward-invariant projection: ✓
  Contraction enforced (L_z < 1): ✗
  Exact baseline (Thm 5.9): ✗
  Distillation (not in theory): ✓ disabled

Is theory-exact: False
============================================================

UPI-TRM theoretical dials:
  L_z target (rl_cfg.target_Lz): 0.9
  L_V target (rl_cfg.target_Lv): 1.0
  Inner unroll n (rl_cfg.inner_unroll_n): 2
  K-step horizon K (rl_cfg.K): 1
  Mixture alpha (rl_cfg.mixture_alpha): 0.1
  Latent ball radius (rl_cfg.latent_ball_radius): 10.0
  Episodic latent: True
  Exact K-step targets: False
  Exact baseline summation: False

[INFO] STOP action mode: disabled
[INFO] Forward-invariant projection enabled (R=10.0)
[WandB] Disabled by default (enable with: --wandb)
[DEBUG] Action mask: 32 valid actions out of 97 total
[DEBUG] Latent mode: episodic
[DEBUG] Step 0 probs: STOP=0.000000, edits=1.000000
[DEBUG] Top 5 action probs: torch.return_types.topk(
values=tensor([0.0477, 0.0411, 0.0386, 0.0380, 0.0372], device='cuda:0',
       grad_fn=<TopkBackward0>),
indices=tensor([75, 95, 82, 88,  4], device='cuda:0'))
[step 00050] value_loss=31.777946 policy_loss=0.557633
[step 00050] VALUE_DEBUG: target(mean=-3.78 std=5.10 min=-17.98 max=5.91) V(s)(mean=-1.57 std=0.21) reward(mean=-3.652 std=5.118) clip=50.0
[step 00100] value_loss=30.719410 policy_loss=0.044564
[step 00100] VALUE_DEBUG: target(mean=-2.44 std=5.57 min=-19.98 max=6.22) V(s)(mean=-2.66 std=0.50) reward(mean=-1.526 std=5.772) clip=50.0
[step 00100] eval_success_rate=0.000 eval_mean_score=4.240 eval_policy_mode=greedy [solved=0/50, score_range=-9.00-11.00/16.0, initial=9.00]
[step 00100] PROGRESS: filled=10.42 violations=1.64 zero_cand=0.58
[step 00100] DEBUG: ep_len=16.0 ep_ret=-30.651 stop_prob=0.000 score_chg=-15.1800
[step 00150] value_loss=31.833982 policy_loss=-0.303444
[step 00150] VALUE_DEBUG: target(mean=-4.67 std=5.37 min=-17.97 max=4.28) V(s)(mean=-3.12 std=0.48) reward(mean=-3.054 std=5.995) clip=50.0
[step 00200] value_loss=15.776580 policy_loss=0.144637
[step 00200] VALUE_DEBUG: target(mean=-4.42 std=4.15 min=-15.92 max=2.10) V(s)(mean=-3.79 std=0.88) reward(mean=-1.970 std=4.514) clip=50.0
[step 00200] eval_success_rate=0.000 eval_mean_score=7.940 eval_policy_mode=greedy [solved=0/50, score_range=-1.00-11.00/16.0, initial=9.00]
[step 00200] PROGRESS: filled=10.14 violations=0.60 zero_cand=0.20
[step 00200] DEBUG: ep_len=16.0 ep_ret=-29.615 stop_prob=0.000 score_chg=-14.1200
[step 00250] value_loss=21.476397 policy_loss=0.033359
[step 00250] VALUE_DEBUG: target(mean=-4.91 std=4.47 min=-14.34 max=4.42) V(s)(mean=-4.85 std=0.86) reward(mean=-1.244 std=4.545) clip=50.0
[step 00300] value_loss=12.974929 policy_loss=-0.246920
[step 00300] VALUE_DEBUG: target(mean=-5.58 std=3.53 min=-15.92 max=0.10) V(s)(mean=-5.90 std=0.82) reward(mean=-1.310 std=4.098) clip=50.0
[step 00300] eval_success_rate=0.000 eval_mean_score=8.960 eval_policy_mode=greedy [solved=0/50, score_range=3.00-11.00/16.0, initial=9.00]
[step 00300] PROGRESS: filled=10.10 violations=0.42 zero_cand=0.06
[step 00300] DEBUG: ep_len=16.0 ep_ret=-29.239 stop_prob=0.000 score_chg=-13.4700
[step 00350] value_loss=16.163063 policy_loss=-1.092110
[step 00350] VALUE_DEBUG: target(mean=-7.95 std=3.83 min=-17.95 max=-1.72) V(s)(mean=-7.01 std=1.17) reward(mean=-3.579 std=5.300) clip=50.0
[step 00400] value_loss=15.284067 policy_loss=-0.433565
[step 00400] VALUE_DEBUG: target(mean=-5.73 std=3.81 min=-16.03 max=1.05) V(s)(mean=-6.58 std=0.89) reward(mean=0.074 std=4.364) clip=50.0
[step 00400] eval_success_rate=0.000 eval_mean_score=9.680 eval_policy_mode=greedy [solved=0/50, score_range=2.00-11.00/16.0, initial=9.00]
[step 00400] PROGRESS: filled=10.08 violations=0.10 zero_cand=0.04
[step 00400] DEBUG: ep_len=16.0 ep_ret=-26.321 stop_prob=0.000 score_chg=-10.2250
[step 00450] value_loss=19.447319 policy_loss=0.056092
[step 00450] VALUE_DEBUG: target(mean=-8.15 std=4.27 min=-19.00 max=-0.17) V(s)(mean=-8.46 std=1.08) reward(mean=-2.072 std=5.570) clip=50.0
[step 00500] value_loss=16.573250 policy_loss=-0.938915
[step 00500] VALUE_DEBUG: target(mean=-7.63 std=4.11 min=-15.00 max=2.81) V(s)(mean=-8.18 std=1.34) reward(mean=-0.656 std=3.991) clip=50.0
[step 00500] eval_success_rate=0.000 eval_mean_score=9.720 eval_policy_mode=greedy [solved=0/50, score_range=3.00-12.00/16.0, initial=9.00]
[step 00500] PROGRESS: filled=10.04 violations=0.16 zero_cand=0.00
[step 00500] DEBUG: ep_len=16.0 ep_ret=-23.630 stop_prob=0.000 score_chg=-7.1150
[step 00550] value_loss=10.898943 policy_loss=-0.050926
[step 00550] VALUE_DEBUG: target(mean=-8.75 std=3.43 min=-16.07 max=-2.36) V(s)(mean=-8.01 std=1.56) reward(mean=-1.604 std=3.896) clip=50.0
[step 00600] value_loss=18.723326 policy_loss=-0.296126
[step 00600] VALUE_DEBUG: target(mean=-7.50 std=3.91 min=-16.05 max=1.08) V(s)(mean=-9.12 std=0.95) reward(mean=-0.107 std=5.833) clip=50.0
[step 00600] eval_success_rate=0.000 eval_mean_score=9.840 eval_policy_mode=greedy [solved=0/50, score_range=2.00-11.00/16.0, initial=9.00]
[step 00600] PROGRESS: filled=10.12 violations=0.04 zero_cand=0.04
[step 00600] DEBUG: ep_len=16.0 ep_ret=-22.133 stop_prob=0.000 score_chg=-5.2775
[step 00650] value_loss=12.622438 policy_loss=0.474968
[step 00650] VALUE_DEBUG: target(mean=-10.01 std=4.02 min=-17.96 max=-1.19) V(s)(mean=-10.84 std=1.37) reward(mean=-1.703 std=5.074) clip=50.0
[step 00700] value_loss=21.097914 policy_loss=0.114236
[step 00700] VALUE_DEBUG: target(mean=-9.74 std=4.84 min=-17.82 max=7.51) V(s)(mean=-10.31 std=1.33) reward(mean=-1.343 std=5.442) clip=50.0
[step 00700] eval_success_rate=0.000 eval_mean_score=10.040 eval_policy_mode=greedy [solved=0/50, score_range=9.00-12.00/16.0, initial=9.00]
[step 00700] PROGRESS: filled=10.04 violations=0.00 zero_cand=0.00
[step 00700] DEBUG: ep_len=16.0 ep_ret=-20.622 stop_prob=0.000 score_chg=-3.5150
[step 00750] value_loss=13.404754 policy_loss=0.405361
[step 00750] VALUE_DEBUG: target(mean=-10.13 std=3.86 min=-18.33 max=-1.47) V(s)(mean=-9.81 std=1.39) reward(mean=-1.276 std=4.350) clip=50.0
[step 00800] value_loss=14.907103 policy_loss=-0.984692
[step 00800] VALUE_DEBUG: target(mean=-11.24 std=3.56 min=-18.92 max=-3.85) V(s)(mean=-9.72 std=1.19) reward(mean=-3.359 std=6.456) clip=50.0
[step 00800] eval_success_rate=0.000 eval_mean_score=10.120 eval_policy_mode=greedy [solved=0/50, score_range=9.00-12.00/16.0, initial=9.00]
[step 00800] PROGRESS: filled=10.12 violations=0.00 zero_cand=0.00
[step 00800] DEBUG: ep_len=16.0 ep_ret=-19.731 stop_prob=0.000 score_chg=-2.5875
[step 00850] value_loss=10.241617 policy_loss=-0.671433
[step 00850] VALUE_DEBUG: target(mean=-10.54 std=3.67 min=-19.39 max=-0.57) V(s)(mean=-11.06 std=1.18) reward(mean=-0.418 std=3.199) clip=50.0
[step 00900] value_loss=16.424194 policy_loss=-0.125223
[step 00900] VALUE_DEBUG: target(mean=-10.57 std=3.45 min=-19.94 max=-4.94) V(s)(mean=-11.99 std=1.24) reward(mean=-0.681 std=4.750) clip=50.0
[step 00900] eval_success_rate=0.000 eval_mean_score=10.120 eval_policy_mode=greedy [solved=0/50, score_range=9.00-12.00/16.0, initial=9.00]
[step 00900] PROGRESS: filled=10.12 violations=0.00 zero_cand=0.00
[step 00900] DEBUG: ep_len=16.0 ep_ret=-19.075 stop_prob=0.000 score_chg=-1.7325
[step 00950] value_loss=10.866442 policy_loss=-1.187555
[step 00950] VALUE_DEBUG: target(mean=-12.05 std=3.58 min=-20.61 max=-4.28) V(s)(mean=-11.93 std=1.18) reward(mean=-1.822 std=4.705) clip=50.0
[step 01000] value_loss=7.984861 policy_loss=0.549200
[step 01000] VALUE_DEBUG: target(mean=-11.85 std=2.93 min=-19.57 max=-7.24) V(s)(mean=-11.44 std=1.05) reward(mean=-1.096 std=3.795) clip=50.0
[step 01000] eval_success_rate=0.000 eval_mean_score=10.080 eval_policy_mode=greedy [solved=0/50, score_range=9.00-13.00/16.0, initial=9.00]
[step 01000] PROGRESS: filled=10.08 violations=0.00 zero_cand=0.00
[step 01000] DEBUG: ep_len=16.0 ep_ret=-18.299 stop_prob=0.000 score_chg=-1.1000
[Checkpoint] Saved to checkpoints/rl_sudoku-4x4-easy_6to8empties_seed42/rl_checkpoint_step_1000.pt
[step 01050] value_loss=14.984755 policy_loss=0.121112
[step 01050] VALUE_DEBUG: target(mean=-11.61 std=4.20 min=-20.64 max=0.09) V(s)(mean=-12.51 std=1.28) reward(mean=-1.107 std=5.035) clip=50.0
[step 01100] value_loss=9.750832 policy_loss=0.554151
[step 01100] VALUE_DEBUG: target(mean=-12.65 std=3.37 min=-19.55 max=-4.79) V(s)(mean=-12.14 std=1.02) reward(mean=-1.766 std=4.691) clip=50.0
[step 01100] eval_success_rate=0.000 eval_mean_score=10.140 eval_policy_mode=greedy [solved=0/50, score_range=9.00-12.00/16.0, initial=9.00]
[step 01100] PROGRESS: filled=10.14 violations=0.00 zero_cand=0.00
[step 01100] DEBUG: ep_len=16.0 ep_ret=-17.784 stop_prob=0.000 score_chg=-0.5850
[step 01150] value_loss=15.826769 policy_loss=1.305500
[step 01150] VALUE_DEBUG: target(mean=-12.46 std=3.82 min=-21.93 max=-6.52) V(s)(mean=-12.12 std=1.36) reward(mean=-1.643 std=6.116) clip=50.0
[step 01200] value_loss=11.210050 policy_loss=-0.158890
[step 01200] VALUE_DEBUG: target(mean=-13.69 std=3.88 min=-25.44 max=-5.21) V(s)(mean=-12.47 std=1.33) reward(mean=-1.675 std=3.372) clip=50.0
[step 01200] eval_success_rate=0.000 eval_mean_score=10.180 eval_policy_mode=greedy [solved=0/50, score_range=9.00-12.00/16.0, initial=9.00]
[step 01200] PROGRESS: filled=10.18 violations=0.00 zero_cand=0.00
[step 01200] DEBUG: ep_len=16.0 ep_ret=-17.778 stop_prob=0.000 score_chg=-0.4100
[step 01250] value_loss=7.495399 policy_loss=0.568764
[step 01250] VALUE_DEBUG: target(mean=-12.33 std=2.37 min=-17.16 max=-6.51) V(s)(mean=-13.63 std=1.10) reward(mean=-0.120 std=3.650) clip=50.0
[step 01300] value_loss=1.933223 policy_loss=1.847626
[step 01300] VALUE_DEBUG: target(mean=-12.92 std=1.87 min=-17.94 max=-9.53) V(s)(mean=-13.03 std=1.00) reward(mean=-1.074 std=3.656) clip=50.0
[step 01300] eval_success_rate=0.000 eval_mean_score=10.140 eval_policy_mode=greedy [solved=0/50, score_range=9.00-12.00/16.0, initial=9.00]
[step 01300] PROGRESS: filled=10.14 violations=0.00 zero_cand=0.00
[step 01300] DEBUG: ep_len=16.0 ep_ret=-17.880 stop_prob=0.000 score_chg=-0.6400
[step 01350] value_loss=10.963494 policy_loss=0.828039
[step 01350] VALUE_DEBUG: target(mean=-12.61 std=3.17 min=-18.49 max=-4.47) V(s)(mean=-14.04 std=1.09) reward(mean=-1.093 std=5.571) clip=50.0
[step 01400] value_loss=2.992460 policy_loss=1.325589
[step 01400] VALUE_DEBUG: target(mean=-13.60 std=1.95 min=-18.21 max=-10.48) V(s)(mean=-13.48 std=0.86) reward(mean=-3.081 std=6.302) clip=50.0
[step 01400] eval_success_rate=0.000 eval_mean_score=10.160 eval_policy_mode=greedy [solved=0/50, score_range=9.00-12.00/16.0, initial=9.00]
[step 01400] PROGRESS: filled=10.16 violations=0.00 zero_cand=0.00
[step 01400] DEBUG: ep_len=15.9 ep_ret=-17.369 stop_prob=0.000 score_chg=-0.1300
[step 01450] value_loss=6.085975 policy_loss=1.580830
[step 01450] VALUE_DEBUG: target(mean=-13.62 std=2.64 min=-20.97 max=-6.91) V(s)(mean=-13.52 std=1.18) reward(mean=-1.467 std=4.492) clip=50.0
[step 01500] value_loss=5.968426 policy_loss=0.500399
[step 01500] VALUE_DEBUG: target(mean=-13.14 std=2.65 min=-17.23 max=-1.14) V(s)(mean=-13.54 std=1.13) reward(mean=-1.317 std=5.264) clip=50.0
[step 01500] eval_success_rate=0.000 eval_mean_score=10.180 eval_policy_mode=greedy [solved=0/50, score_range=9.00-12.00/16.0, initial=9.00]
[step 01500] PROGRESS: filled=10.18 violations=0.00 zero_cand=0.00
[step 01500] DEBUG: ep_len=16.0 ep_ret=-17.647 stop_prob=0.000 score_chg=-0.3375
[step 01550] value_loss=11.756896 policy_loss=0.474879
[step 01550] VALUE_DEBUG: target(mean=-14.44 std=3.81 min=-26.12 max=-7.72) V(s)(mean=-13.95 std=1.06) reward(mean=-2.214 std=5.227) clip=50.0
[step 01600] value_loss=7.054765 policy_loss=0.222901
[step 01600] VALUE_DEBUG: target(mean=-14.75 std=2.38 min=-22.46 max=-10.71) V(s)(mean=-14.25 std=0.88) reward(mean=-2.500 std=5.976) clip=50.0
[step 01600] eval_success_rate=0.000 eval_mean_score=10.080 eval_policy_mode=greedy [solved=0/50, score_range=9.00-11.00/16.0, initial=9.00]
[step 01600] PROGRESS: filled=10.08 violations=0.00 zero_cand=0.00
[step 01600] DEBUG: ep_len=15.9 ep_ret=-17.503 stop_prob=0.000 score_chg=-0.2750
[step 01650] value_loss=6.723352 policy_loss=0.730428
[step 01650] VALUE_DEBUG: target(mean=-14.79 std=2.87 min=-22.25 max=-8.19) V(s)(mean=-15.40 std=1.12) reward(mean=-1.968 std=5.033) clip=50.0
[step 01700] value_loss=10.503383 policy_loss=0.151420
[step 01700] VALUE_DEBUG: target(mean=-15.25 std=3.68 min=-23.10 max=-4.49) V(s)(mean=-15.18 std=1.17) reward(mean=-1.337 std=4.410) clip=50.0
[step 01700] eval_success_rate=0.000 eval_mean_score=10.220 eval_policy_mode=greedy [solved=0/50, score_range=9.00-12.00/16.0, initial=9.00]
[step 01700] PROGRESS: filled=10.22 violations=0.00 zero_cand=0.00
[step 01700] DEBUG: ep_len=15.9 ep_ret=-17.599 stop_prob=0.000 score_chg=-0.4450
[step 01750] value_loss=9.270925 policy_loss=-0.010610
[step 01750] VALUE_DEBUG: target(mean=-13.91 std=2.97 min=-22.43 max=-6.99) V(s)(mean=-15.39 std=1.22) reward(mean=-1.397 std=4.679) clip=50.0
[step 01800] value_loss=2.583678 policy_loss=-0.160100
[step 01800] VALUE_DEBUG: target(mean=-14.79 std=1.89 min=-21.42 max=-11.69) V(s)(mean=-14.24 std=0.93) reward(mean=-1.783 std=4.627) clip=50.0
[step 01800] eval_success_rate=0.000 eval_mean_score=10.340 eval_policy_mode=greedy [solved=0/50, score_range=9.00-13.00/16.0, initial=9.00]
[step 01800] PROGRESS: filled=10.34 violations=0.00 zero_cand=0.00
[step 01800] DEBUG: ep_len=16.0 ep_ret=-17.099 stop_prob=0.000 score_chg=0.0875
[step 01850] value_loss=8.128981 policy_loss=0.419780
[step 01850] VALUE_DEBUG: target(mean=-14.85 std=2.80 min=-24.79 max=-6.87) V(s)(mean=-15.02 std=0.88) reward(mean=-1.322 std=4.700) clip=50.0
[step 01900] value_loss=3.436666 policy_loss=0.602045
[step 01900] VALUE_DEBUG: target(mean=-15.12 std=1.79 min=-21.78 max=-11.97) V(s)(mean=-14.55 std=0.75) reward(mean=-0.429 std=1.671) clip=50.0
[step 01900] eval_success_rate=0.000 eval_mean_score=10.280 eval_policy_mode=greedy [solved=0/50, score_range=9.00-14.00/16.0, initial=9.00]
[step 01900] PROGRESS: filled=10.28 violations=0.00 zero_cand=0.00
[step 01900] DEBUG: ep_len=16.0 ep_ret=-17.304 stop_prob=0.000 score_chg=-0.0400
[step 01950] value_loss=5.629550 policy_loss=0.797008
[step 01950] VALUE_DEBUG: target(mean=-14.99 std=2.70 min=-24.22 max=-10.61) V(s)(mean=-14.89 std=1.15) reward(mean=-1.273 std=4.462) clip=50.0
[step 02000] value_loss=7.217530 policy_loss=-0.142131
[step 02000] VALUE_DEBUG: target(mean=-15.03 std=2.39 min=-21.46 max=-9.72) V(s)(mean=-14.62 std=1.21) reward(mean=-1.554 std=4.402) clip=50.0
[step 02000] eval_success_rate=0.000 eval_mean_score=10.540 eval_policy_mode=greedy [solved=0/50, score_range=9.00-14.00/16.0, initial=9.00]
[step 02000] PROGRESS: filled=10.54 violations=0.00 zero_cand=0.00
[step 02000] DEBUG: ep_len=15.9 ep_ret=-16.634 stop_prob=0.000 score_chg=0.4450
[Checkpoint] Saved to checkpoints/rl_sudoku-4x4-easy_6to8empties_seed42/rl_checkpoint_step_2000.pt
[step 02050] value_loss=2.678060 policy_loss=0.657538
[step 02050] VALUE_DEBUG: target(mean=-14.25 std=2.19 min=-18.66 max=-7.96) V(s)(mean=-14.38 std=1.07) reward(mean=-0.059 std=3.308) clip=50.0
[step 02100] value_loss=3.158142 policy_loss=-0.183646
[step 02100] VALUE_DEBUG: target(mean=-15.04 std=2.16 min=-24.76 max=-12.87) V(s)(mean=-15.33 std=1.00) reward(mean=-1.149 std=4.290) clip=50.0
[step 02100] eval_success_rate=0.000 eval_mean_score=10.460 eval_policy_mode=greedy [solved=0/50, score_range=9.00-14.00/16.0, initial=9.00]
[step 02100] PROGRESS: filled=10.46 violations=0.00 zero_cand=0.00
[step 02100] DEBUG: ep_len=15.8 ep_ret=-16.590 stop_prob=0.000 score_chg=0.1075
[step 02150] value_loss=1.558920 policy_loss=0.884183
[step 02150] VALUE_DEBUG: target(mean=-15.07 std=1.55 min=-20.51 max=-12.08) V(s)(mean=-14.97 std=1.20) reward(mean=-2.623 std=5.893) clip=50.0
[step 02200] value_loss=2.102866 policy_loss=-0.273355
[step 02200] VALUE_DEBUG: target(mean=-15.58 std=1.58 min=-20.20 max=-12.64) V(s)(mean=-15.96 std=0.77) reward(mean=-0.996 std=3.117) clip=50.0
[step 02200] eval_success_rate=0.000 eval_mean_score=10.280 eval_policy_mode=greedy [solved=0/50, score_range=9.00-13.00/16.0, initial=9.00]
[step 02200] PROGRESS: filled=10.28 violations=0.00 zero_cand=0.00
[step 02200] DEBUG: ep_len=16.0 ep_ret=-16.726 stop_prob=0.000 score_chg=0.5275
[step 02250] value_loss=1.750521 policy_loss=1.462917
[step 02250] VALUE_DEBUG: target(mean=-14.99 std=1.83 min=-21.50 max=-10.75) V(s)(mean=-14.65 std=1.15) reward(mean=-0.373 std=3.101) clip=50.0
[step 02300] value_loss=3.310202 policy_loss=0.317277
[step 02300] VALUE_DEBUG: target(mean=-15.11 std=2.08 min=-23.44 max=-12.57) V(s)(mean=-14.85 std=1.07) reward(mean=-0.304 std=1.797) clip=50.0
[step 02300] eval_success_rate=0.000 eval_mean_score=10.340 eval_policy_mode=greedy [solved=0/50, score_range=9.00-12.00/16.0, initial=9.00]
[step 02300] PROGRESS: filled=10.34 violations=0.00 zero_cand=0.00
[step 02300] DEBUG: ep_len=15.9 ep_ret=-16.657 stop_prob=0.000 score_chg=0.5275
[step 02350] value_loss=6.138304 policy_loss=0.438620
[step 02350] VALUE_DEBUG: target(mean=-15.70 std=2.75 min=-25.52 max=-12.29) V(s)(mean=-15.13 std=0.88) reward(mean=-2.648 std=6.068) clip=50.0
[step 02400] value_loss=1.405178 policy_loss=0.088748
[step 02400] VALUE_DEBUG: target(mean=-15.48 std=1.39 min=-21.48 max=-13.29) V(s)(mean=-15.38 std=0.86) reward(mean=-0.257 std=1.159) clip=50.0
[step 02400] eval_success_rate=0.000 eval_mean_score=10.440 eval_policy_mode=greedy [solved=0/50, score_range=9.00-13.00/16.0, initial=9.00]
[step 02400] PROGRESS: filled=10.44 violations=0.00 zero_cand=0.00
[step 02400] DEBUG: ep_len=15.9 ep_ret=-16.604 stop_prob=0.000 score_chg=0.4850
[step 02450] value_loss=14.298426 policy_loss=0.274132
[step 02450] VALUE_DEBUG: target(mean=-17.10 std=3.17 min=-24.17 max=-9.35) V(s)(mean=-15.17 std=0.85) reward(mean=-3.217 std=5.917) clip=50.0
[step 02500] value_loss=6.779891 policy_loss=0.476914
[step 02500] VALUE_DEBUG: target(mean=-15.88 std=2.78 min=-27.79 max=-11.84) V(s)(mean=-15.57 std=0.98) reward(mean=-3.693 std=6.400) clip=50.0
[step 02500] eval_success_rate=0.000 eval_mean_score=10.760 eval_policy_mode=greedy [solved=0/50, score_range=9.00-13.00/16.0, initial=9.00]
[step 02500] PROGRESS: filled=10.76 violations=0.00 zero_cand=0.00
[step 02500] DEBUG: ep_len=15.9 ep_ret=-15.903 stop_prob=0.000 score_chg=0.9900
[step 02550] value_loss=3.685294 policy_loss=0.035835
[step 02550] VALUE_DEBUG: target(mean=-15.04 std=1.79 min=-19.29 max=-9.02) V(s)(mean=-15.77 std=0.91) reward(mean=-2.628 std=6.123) clip=50.0
[step 02600] value_loss=4.346933 policy_loss=0.795198
[step 02600] VALUE_DEBUG: target(mean=-15.55 std=1.94 min=-24.99 max=-13.44) V(s)(mean=-14.96 std=0.73) reward(mean=-0.124 std=2.022) clip=50.0
[step 02600] eval_success_rate=0.000 eval_mean_score=10.420 eval_policy_mode=greedy [solved=0/50, score_range=9.00-12.00/16.0, initial=9.00]
[step 02600] PROGRESS: filled=10.42 violations=0.00 zero_cand=0.00
[step 02600] DEBUG: ep_len=15.9 ep_ret=-15.916 stop_prob=0.000 score_chg=1.2450
[step 02650] value_loss=1.094788 policy_loss=1.476191
[step 02650] VALUE_DEBUG: target(mean=-15.13 std=1.41 min=-20.53 max=-12.36) V(s)(mean=-15.04 std=0.82) reward(mean=-0.887 std=4.078) clip=50.0
[step 02700] value_loss=3.176636 policy_loss=0.040032
[step 02700] VALUE_DEBUG: target(mean=-15.75 std=1.96 min=-21.65 max=-13.37) V(s)(mean=-15.03 std=0.84) reward(mean=-0.873 std=3.202) clip=50.0
[step 02700] eval_success_rate=0.000 eval_mean_score=10.580 eval_policy_mode=greedy [solved=0/50, score_range=9.00-13.00/16.0, initial=9.00]
[step 02700] PROGRESS: filled=10.58 violations=0.00 zero_cand=0.00
[step 02700] DEBUG: ep_len=15.9 ep_ret=-16.043 stop_prob=0.000 score_chg=1.1100
[step 02750] value_loss=4.627582 policy_loss=0.017150
[step 02750] VALUE_DEBUG: target(mean=-14.95 std=2.37 min=-21.33 max=-5.52) V(s)(mean=-15.40 std=0.88) reward(mean=0.423 std=2.084) clip=50.0
[step 02800] value_loss=2.634614 policy_loss=0.014074
[step 02800] VALUE_DEBUG: target(mean=-15.12 std=1.81 min=-17.38 max=-6.56) V(s)(mean=-15.55 std=0.82) reward(mean=-0.980 std=5.010) clip=50.0
[step 02800] eval_success_rate=0.000 eval_mean_score=10.780 eval_policy_mode=greedy [solved=0/50, score_range=9.00-13.00/16.0, initial=9.00]
[step 02800] PROGRESS: filled=10.78 violations=0.00 zero_cand=0.00
[step 02800] DEBUG: ep_len=15.9 ep_ret=-15.723 stop_prob=0.000 score_chg=1.1900
[step 02850] value_loss=2.152902 policy_loss=0.459471
[step 02850] VALUE_DEBUG: target(mean=-15.61 std=1.79 min=-20.43 max=-11.98) V(s)(mean=-15.19 std=1.12) reward(mean=-2.128 std=5.483) clip=50.0
[step 02900] value_loss=2.966114 policy_loss=-0.442768
[step 02900] VALUE_DEBUG: target(mean=-15.46 std=2.01 min=-22.04 max=-9.30) V(s)(mean=-15.44 std=0.86) reward(mean=-1.038 std=4.243) clip=50.0
[step 02900] eval_success_rate=0.000 eval_mean_score=11.060 eval_policy_mode=greedy [solved=0/50, score_range=9.00-15.00/16.0, initial=9.00]
[step 02900] PROGRESS: filled=11.06 violations=0.00 zero_cand=0.00
[step 02900] DEBUG: ep_len=15.9 ep_ret=-15.996 stop_prob=0.000 score_chg=1.0900
[step 02950] value_loss=5.204219 policy_loss=0.744334
[step 02950] VALUE_DEBUG: target(mean=-14.77 std=2.50 min=-22.76 max=-7.74) V(s)(mean=-15.10 std=0.95) reward(mean=-1.118 std=5.331) clip=50.0
[step 03000] value_loss=5.362146 policy_loss=0.019164
[step 03000] VALUE_DEBUG: target(mean=-16.02 std=2.40 min=-22.07 max=-9.92) V(s)(mean=-15.54 std=0.82) reward(mean=-1.999 std=5.667) clip=50.0
[step 03000] eval_success_rate=0.000 eval_mean_score=10.540 eval_policy_mode=greedy [solved=0/50, score_range=9.00-12.00/16.0, initial=9.00]
[step 03000] PROGRESS: filled=10.54 violations=0.00 zero_cand=0.00
[step 03000] DEBUG: ep_len=15.8 ep_ret=-16.175 stop_prob=0.000 score_chg=0.7925
[Checkpoint] Saved to checkpoints/rl_sudoku-4x4-easy_6to8empties_seed42/rl_checkpoint_step_3000.pt
[step 03050] value_loss=4.004385 policy_loss=0.156985
[step 03050] VALUE_DEBUG: target(mean=-15.24 std=2.23 min=-24.58 max=-8.50) V(s)(mean=-14.81 std=0.88) reward(mean=-1.820 std=5.756) clip=50.0
[step 03100] value_loss=4.510385 policy_loss=1.426261
[step 03100] VALUE_DEBUG: target(mean=-15.41 std=1.95 min=-21.44 max=-10.95) V(s)(mean=-16.13 std=1.08) reward(mean=-0.444 std=3.435) clip=50.0
[step 03100] eval_success_rate=0.000 eval_mean_score=10.820 eval_policy_mode=greedy [solved=0/50, score_range=9.00-15.00/16.0, initial=9.00]
[step 03100] PROGRESS: filled=10.82 violations=0.00 zero_cand=0.00
[step 03100] DEBUG: ep_len=15.8 ep_ret=-15.649 stop_prob=0.000 score_chg=1.0275
[step 03150] value_loss=4.620800 policy_loss=0.419638
[step 03150] VALUE_DEBUG: target(mean=-15.67 std=2.37 min=-23.80 max=-9.01) V(s)(mean=-16.03 std=0.97) reward(mean=-0.038 std=2.382) clip=50.0
[step 03200] value_loss=4.048697 policy_loss=-0.127242
[step 03200] VALUE_DEBUG: target(mean=-15.27 std=2.16 min=-24.58 max=-10.56) V(s)(mean=-15.87 std=0.92) reward(mean=-1.219 std=5.155) clip=50.0
[step 03200] eval_success_rate=0.000 eval_mean_score=10.680 eval_policy_mode=greedy [solved=0/50, score_range=9.00-13.00/16.0, initial=9.00]
[step 03200] PROGRESS: filled=10.68 violations=0.00 zero_cand=0.00
[step 03200] DEBUG: ep_len=15.8 ep_ret=-15.359 stop_prob=0.000 score_chg=1.3650
[step 03250] value_loss=2.317497 policy_loss=-0.092121
[step 03250] VALUE_DEBUG: target(mean=-14.86 std=2.05 min=-17.88 max=-7.75) V(s)(mean=-15.57 std=1.44) reward(mean=-0.510 std=4.252) clip=50.0
[step 03300] value_loss=7.423175 policy_loss=0.051390
[step 03300] VALUE_DEBUG: target(mean=-15.21 std=2.89 min=-22.57 max=-7.12) V(s)(mean=-15.69 std=0.91) reward(mean=-1.798 std=5.324) clip=50.0
[step 03300] eval_success_rate=0.000 eval_mean_score=10.840 eval_policy_mode=greedy [solved=0/50, score_range=9.00-15.00/16.0, initial=9.00]
[step 03300] PROGRESS: filled=10.84 violations=0.00 zero_cand=0.00
[step 03300] DEBUG: ep_len=15.8 ep_ret=-15.129 stop_prob=0.000 score_chg=1.7100
[step 03350] value_loss=5.600753 policy_loss=0.555369
[step 03350] VALUE_DEBUG: target(mean=-15.65 std=2.41 min=-24.03 max=-9.83) V(s)(mean=-15.00 std=0.75) reward(mean=-2.036 std=5.006) clip=50.0
[step 03400] value_loss=12.130927 policy_loss=0.153047
[step 03400] VALUE_DEBUG: target(mean=-15.30 std=3.63 min=-24.79 max=1.84) V(s)(mean=-15.49 std=0.93) reward(mean=-0.253 std=1.887) clip=50.0
[step 03400] eval_success_rate=0.000 eval_mean_score=10.880 eval_policy_mode=greedy [solved=0/50, score_range=9.00-13.00/16.0, initial=9.00]
[step 03400] PROGRESS: filled=10.88 violations=0.00 zero_cand=0.00
[step 03400] DEBUG: ep_len=15.9 ep_ret=-15.389 stop_prob=0.000 score_chg=1.6750
[step 03450] value_loss=5.091045 policy_loss=1.167970
[step 03450] VALUE_DEBUG: target(mean=-15.80 std=2.80 min=-25.05 max=-11.50) V(s)(mean=-15.46 std=1.13) reward(mean=-1.999 std=5.884) clip=50.0
[step 03500] value_loss=3.158169 policy_loss=0.045860
[step 03500] VALUE_DEBUG: target(mean=-15.22 std=2.16 min=-21.30 max=-7.89) V(s)(mean=-15.66 std=1.16) reward(mean=-0.942 std=4.308) clip=50.0
[step 03500] eval_success_rate=0.000 eval_mean_score=11.420 eval_policy_mode=greedy [solved=0/50, score_range=9.00-13.00/16.0, initial=9.00]
[step 03500] PROGRESS: filled=11.42 violations=0.00 zero_cand=0.00
[step 03500] DEBUG: ep_len=15.6 ep_ret=-14.127 stop_prob=0.000 score_chg=1.9450
[step 03550] value_loss=4.046483 policy_loss=-0.763336
[step 03550] VALUE_DEBUG: target(mean=-15.15 std=2.01 min=-21.89 max=-9.18) V(s)(mean=-15.60 std=1.05) reward(mean=-0.663 std=4.476) clip=50.0
[step 03600] value_loss=4.073128 policy_loss=1.501758
[step 03600] VALUE_DEBUG: target(mean=-15.69 std=2.26 min=-22.09 max=-12.96) V(s)(mean=-15.46 std=1.02) reward(mean=-2.316 std=6.064) clip=50.0
[step 03600] eval_success_rate=0.000 eval_mean_score=11.680 eval_policy_mode=greedy [solved=0/50, score_range=9.00-14.00/16.0, initial=9.00]
[step 03600] PROGRESS: filled=11.68 violations=0.00 zero_cand=0.00
[step 03600] DEBUG: ep_len=15.8 ep_ret=-14.354 stop_prob=0.000 score_chg=2.1825
[step 03650] value_loss=7.587904 policy_loss=0.878099
[step 03650] VALUE_DEBUG: target(mean=-16.09 std=2.97 min=-23.14 max=-6.88) V(s)(mean=-15.70 std=1.12) reward(mean=-1.558 std=4.624) clip=50.0
[step 03700] value_loss=3.404231 policy_loss=0.668355
[step 03700] VALUE_DEBUG: target(mean=-15.28 std=2.19 min=-21.25 max=-10.81) V(s)(mean=-15.14 std=1.32) reward(mean=-1.603 std=4.936) clip=50.0
[step 03700] eval_success_rate=0.000 eval_mean_score=11.500 eval_policy_mode=greedy [solved=0/50, score_range=10.00-14.00/16.0, initial=9.00]
[step 03700] PROGRESS: filled=11.50 violations=0.00 zero_cand=0.00
[step 03700] DEBUG: ep_len=15.7 ep_ret=-14.237 stop_prob=0.000 score_chg=1.8975
[step 03750] value_loss=5.708386 policy_loss=0.420430
[step 03750] VALUE_DEBUG: target(mean=-14.76 std=2.39 min=-18.90 max=-7.04) V(s)(mean=-15.73 std=0.99) reward(mean=0.210 std=3.669) clip=50.0
[step 03800] value_loss=6.193741 policy_loss=0.452841
[step 03800] VALUE_DEBUG: target(mean=-15.78 std=2.36 min=-22.53 max=-11.47) V(s)(mean=-14.91 std=1.22) reward(mean=-1.188 std=3.594) clip=50.0
[step 03800] eval_success_rate=0.000 eval_mean_score=11.040 eval_policy_mode=greedy [solved=0/50, score_range=9.00-15.00/16.0, initial=9.00]
[step 03800] PROGRESS: filled=11.04 violations=0.00 zero_cand=0.00
[step 03800] DEBUG: ep_len=15.8 ep_ret=-14.101 stop_prob=0.000 score_chg=2.1500
[step 03850] value_loss=13.986686 policy_loss=1.136980
[step 03850] VALUE_DEBUG: target(mean=-14.59 std=3.95 min=-24.17 max=1.84) V(s)(mean=-15.43 std=0.81) reward(mean=-0.292 std=3.778) clip=50.0
[step 03900] value_loss=6.670457 policy_loss=0.516856
[step 03900] VALUE_DEBUG: target(mean=-15.81 std=2.71 min=-25.00 max=-7.53) V(s)(mean=-15.21 std=0.91) reward(mean=-0.756 std=3.816) clip=50.0
[step 03900] eval_success_rate=0.000 eval_mean_score=11.120 eval_policy_mode=greedy [solved=0/50, score_range=9.00-13.00/16.0, initial=9.00]
[step 03900] PROGRESS: filled=11.12 violations=0.00 zero_cand=0.00
[step 03900] DEBUG: ep_len=15.8 ep_ret=-14.275 stop_prob=0.000 score_chg=2.1900
[step 03950] value_loss=0.248638 policy_loss=0.045169
[step 03950] VALUE_DEBUG: target(mean=-14.60 std=1.20 min=-17.10 max=-11.77) V(s)(mean=-14.64 std=1.09) reward(mean=0.274 std=0.484) clip=50.0
[step 04000] value_loss=6.802581 policy_loss=0.380410
[step 04000] VALUE_DEBUG: target(mean=-15.07 std=3.48 min=-23.42 max=-4.28) V(s)(mean=-14.81 std=1.34) reward(mean=-0.112 std=2.724) clip=50.0
[step 04000] eval_success_rate=0.000 eval_mean_score=11.340 eval_policy_mode=greedy [solved=0/50, score_range=10.00-14.00/16.0, initial=9.00]
[step 04000] PROGRESS: filled=11.34 violations=0.00 zero_cand=0.00
[step 04000] DEBUG: ep_len=15.7 ep_ret=-13.532 stop_prob=0.000 score_chg=2.5975
[Checkpoint] Saved to checkpoints/rl_sudoku-4x4-easy_6to8empties_seed42/rl_checkpoint_step_4000.pt
[step 04050] value_loss=2.086190 policy_loss=0.475021
[step 04050] VALUE_DEBUG: target(mean=-15.56 std=1.72 min=-20.66 max=-12.87) V(s)(mean=-15.43 std=0.88) reward(mean=-1.136 std=4.104) clip=50.0
[step 04100] value_loss=6.606888 policy_loss=0.236603
[step 04100] VALUE_DEBUG: target(mean=-15.22 std=2.60 min=-21.89 max=-5.58) V(s)(mean=-14.59 std=1.02) reward(mean=-0.772 std=3.682) clip=50.0
[step 04100] eval_success_rate=0.000 eval_mean_score=11.260 eval_policy_mode=greedy [solved=0/50, score_range=9.00-14.00/16.0, initial=9.00]
[step 04100] PROGRESS: filled=11.26 violations=0.00 zero_cand=0.00
[step 04100] DEBUG: ep_len=15.7 ep_ret=-13.362 stop_prob=0.000 score_chg=2.7350
[step 04150] value_loss=16.812393 policy_loss=0.208412
[step 04150] VALUE_DEBUG: target(mean=-15.85 std=4.21 min=-24.20 max=1.84) V(s)(mean=-15.24 std=1.27) reward(mean=-3.012 std=5.507) clip=50.0
[step 04200] value_loss=4.424856 policy_loss=1.277042
[step 04200] VALUE_DEBUG: target(mean=-15.41 std=2.22 min=-21.08 max=-10.15) V(s)(mean=-15.19 std=1.43) reward(mean=-2.112 std=5.001) clip=50.0
[step 04200] eval_success_rate=0.000 eval_mean_score=11.080 eval_policy_mode=greedy [solved=0/50, score_range=10.00-13.00/16.0, initial=9.00]
[step 04200] PROGRESS: filled=11.08 violations=0.00 zero_cand=0.00
[step 04200] DEBUG: ep_len=15.5 ep_ret=-13.033 stop_prob=0.000 score_chg=2.3025
[step 04250] value_loss=8.491263 policy_loss=-0.349250
[step 04250] VALUE_DEBUG: target(mean=-15.95 std=2.87 min=-22.85 max=-10.51) V(s)(mean=-14.70 std=1.32) reward(mean=-2.349 std=5.126) clip=50.0
[step 04300] value_loss=2.329775 policy_loss=-0.099298
[step 04300] VALUE_DEBUG: target(mean=-15.05 std=2.27 min=-21.44 max=-10.65) V(s)(mean=-14.82 std=1.37) reward(mean=-1.665 std=4.901) clip=50.0
[step 04300] eval_success_rate=0.000 eval_mean_score=11.540 eval_policy_mode=greedy [solved=0/50, score_range=9.00-15.00/16.0, initial=9.00]
[step 04300] PROGRESS: filled=11.54 violations=0.00 zero_cand=0.00
[step 04300] DEBUG: ep_len=15.5 ep_ret=-12.994 stop_prob=0.000 score_chg=2.5400
[step 04350] value_loss=7.968473 policy_loss=-0.338036
[step 04350] VALUE_DEBUG: target(mean=-15.35 std=3.72 min=-27.64 max=-5.07) V(s)(mean=-14.42 std=1.63) reward(mean=-1.569 std=4.744) clip=50.0
[step 04400] value_loss=4.712705 policy_loss=0.700806
[step 04400] VALUE_DEBUG: target(mean=-15.08 std=2.46 min=-22.05 max=-8.72) V(s)(mean=-14.81 std=0.94) reward(mean=-0.798 std=5.105) clip=50.0
[step 04400] eval_success_rate=0.000 eval_mean_score=11.720 eval_policy_mode=greedy [solved=0/50, score_range=9.00-14.00/16.0, initial=9.00]
[step 04400] PROGRESS: filled=11.72 violations=0.00 zero_cand=0.00
[step 04400] DEBUG: ep_len=15.3 ep_ret=-12.608 stop_prob=0.000 score_chg=2.6825
[step 04450] value_loss=9.485787 policy_loss=-0.328562
[step 04450] VALUE_DEBUG: target(mean=-14.10 std=3.33 min=-18.92 max=1.84) V(s)(mean=-14.26 std=1.46) reward(mean=-0.325 std=3.230) clip=50.0
[step 04500] value_loss=2.452250 policy_loss=1.477039
[step 04500] VALUE_DEBUG: target(mean=-15.01 std=2.08 min=-20.12 max=-8.30) V(s)(mean=-15.34 std=1.28) reward(mean=-1.318 std=5.004) clip=50.0
[step 04500] eval_success_rate=0.000 eval_mean_score=11.120 eval_policy_mode=greedy [solved=0/50, score_range=9.00-14.00/16.0, initial=9.00]
[step 04500] PROGRESS: filled=11.12 violations=0.00 zero_cand=0.00
[step 04500] DEBUG: ep_len=15.4 ep_ret=-12.699 stop_prob=0.000 score_chg=2.5650
[step 04550] value_loss=7.319749 policy_loss=-0.543149
[step 04550] VALUE_DEBUG: target(mean=-13.92 std=2.85 min=-19.32 max=-4.98) V(s)(mean=-14.98 std=1.36) reward(mean=0.855 std=2.459) clip=50.0
[step 04600] value_loss=3.076045 policy_loss=-0.670881
[step 04600] VALUE_DEBUG: target(mean=-15.04 std=2.38 min=-23.15 max=-11.63) V(s)(mean=-14.77 std=1.21) reward(mean=-0.227 std=1.667) clip=50.0
[step 04600] eval_success_rate=0.040 eval_mean_score=11.700 eval_policy_mode=greedy [solved=2/50, score_range=9.00-16.00/16.0, initial=9.00]
[step 04600] PROGRESS: filled=11.70 violations=0.00 zero_cand=0.00
[step 04600] DEBUG: ep_len=15.4 ep_ret=-12.598 stop_prob=0.000 score_chg=2.4450
[step 04650] value_loss=8.050515 policy_loss=0.308598
[step 04650] VALUE_DEBUG: target(mean=-14.64 std=2.77 min=-22.57 max=-6.64) V(s)(mean=-14.04 std=0.99) reward(mean=-0.515 std=3.898) clip=50.0
[step 04700] value_loss=9.551469 policy_loss=0.420163
[step 04700] VALUE_DEBUG: target(mean=-14.36 std=3.32 min=-21.18 max=-1.72) V(s)(mean=-14.67 std=1.24) reward(mean=-0.162 std=4.243) clip=50.0
[step 04700] eval_success_rate=0.020 eval_mean_score=12.160 eval_policy_mode=greedy [solved=1/50, score_range=10.00-16.00/16.0, initial=9.00]
[step 04700] PROGRESS: filled=12.16 violations=0.00 zero_cand=0.00
[step 04700] DEBUG: ep_len=15.1 ep_ret=-11.593 stop_prob=0.000 score_chg=2.7175
[step 04750] value_loss=4.199473 policy_loss=0.407825
[step 04750] VALUE_DEBUG: target(mean=-14.63 std=2.31 min=-25.05 max=-10.75) V(s)(mean=-14.15 std=1.29) reward(mean=-0.962 std=5.226) clip=50.0
[step 04800] value_loss=4.312339 policy_loss=-0.591836
[step 04800] VALUE_DEBUG: target(mean=-15.00 std=2.36 min=-20.31 max=-10.52) V(s)(mean=-14.51 std=1.65) reward(mean=-1.827 std=5.382) clip=50.0
[step 04800] eval_success_rate=0.020 eval_mean_score=11.860 eval_policy_mode=greedy [solved=1/50, score_range=9.00-16.00/16.0, initial=9.00]
[step 04800] PROGRESS: filled=11.86 violations=0.00 zero_cand=0.00
[step 04800] DEBUG: ep_len=15.1 ep_ret=-11.882 stop_prob=0.000 score_chg=2.7650
[step 04850] value_loss=9.318274 policy_loss=-0.188247
[step 04850] VALUE_DEBUG: target(mean=-14.77 std=3.24 min=-23.25 max=-6.15) V(s)(mean=-14.79 std=1.03) reward(mean=-1.032 std=5.033) clip=50.0
[step 04900] value_loss=3.006546 policy_loss=0.750166
[step 04900] VALUE_DEBUG: target(mean=-14.46 std=1.76 min=-19.29 max=-10.72) V(s)(mean=-14.56 std=1.25) reward(mean=-0.895 std=4.265) clip=50.0
[step 04900] eval_success_rate=0.040 eval_mean_score=11.840 eval_policy_mode=greedy [solved=2/50, score_range=9.00-16.00/16.0, initial=9.00]
[step 04900] PROGRESS: filled=11.84 violations=0.00 zero_cand=0.00
[step 04900] DEBUG: ep_len=15.0 ep_ret=-11.080 stop_prob=0.000 score_chg=3.1450
[step 04950] value_loss=11.223744 policy_loss=-0.353153
[step 04950] VALUE_DEBUG: target(mean=-13.97 std=3.53 min=-20.70 max=1.84) V(s)(mean=-13.81 std=1.52) reward(mean=-0.827 std=3.259) clip=50.0
[step 05000] value_loss=5.065218 policy_loss=-0.470423
[step 05000] VALUE_DEBUG: target(mean=-14.50 std=2.93 min=-25.28 max=-5.34) V(s)(mean=-14.58 std=1.45) reward(mean=-0.577 std=3.576) clip=50.0
[step 05000] eval_success_rate=0.040 eval_mean_score=12.200 eval_policy_mode=greedy [solved=2/50, score_range=9.00-16.00/16.0, initial=9.00]
[step 05000] PROGRESS: filled=12.20 violations=0.00 zero_cand=0.00
[step 05000] DEBUG: ep_len=15.2 ep_ret=-11.092 stop_prob=0.000 score_chg=3.2275
[Checkpoint] Saved to checkpoints/rl_sudoku-4x4-easy_6to8empties_seed42/rl_checkpoint_step_5000.pt
[step 05050] value_loss=13.229944 policy_loss=0.886462
[step 05050] VALUE_DEBUG: target(mean=-14.47 std=4.05 min=-22.58 max=1.84) V(s)(mean=-14.20 std=1.44) reward(mean=-0.551 std=2.577) clip=50.0
[step 05100] value_loss=7.849810 policy_loss=0.115625
[step 05100] VALUE_DEBUG: target(mean=-15.25 std=1.93 min=-20.10 max=-11.85) V(s)(mean=-14.11 std=1.91) reward(mean=-2.036 std=5.060) clip=50.0
[step 05100] eval_success_rate=0.060 eval_mean_score=12.620 eval_policy_mode=greedy [solved=3/50, score_range=9.00-16.00/16.0, initial=9.00]
[step 05100] PROGRESS: filled=12.62 violations=0.00 zero_cand=0.00
[step 05100] DEBUG: ep_len=15.3 ep_ret=-11.713 stop_prob=0.000 score_chg=3.2275
[step 05150] value_loss=5.161834 policy_loss=0.451523
[step 05150] VALUE_DEBUG: target(mean=-14.08 std=2.75 min=-22.43 max=-8.97) V(s)(mean=-14.20 std=2.18) reward(mean=-0.762 std=3.570) clip=50.0
[step 05200] value_loss=42.299667 policy_loss=0.360530
[step 05200] VALUE_DEBUG: target(mean=-11.90 std=6.31 min=-19.36 max=6.84) V(s)(mean=-14.71 std=1.30) reward(mean=-0.210 std=4.869) clip=50.0
[step 05200] eval_success_rate=0.040 eval_mean_score=12.820 eval_policy_mode=greedy [solved=2/50, score_range=10.00-16.00/16.0, initial=9.00]
[step 05200] PROGRESS: filled=12.82 violations=0.00 zero_cand=0.00
[step 05200] DEBUG: ep_len=14.9 ep_ret=-10.685 stop_prob=0.000 score_chg=3.1800
[step 05250] value_loss=5.857072 policy_loss=0.522730
[step 05250] VALUE_DEBUG: target(mean=-13.21 std=2.96 min=-19.17 max=-4.34) V(s)(mean=-13.35 std=1.58) reward(mean=-1.214 std=5.548) clip=50.0
[step 05300] value_loss=18.204790 policy_loss=0.120286
[step 05300] VALUE_DEBUG: target(mean=-13.34 std=4.31 min=-20.02 max=6.84) V(s)(mean=-14.49 std=1.43) reward(mean=0.706 std=2.437) clip=50.0
[step 05300] eval_success_rate=0.080 eval_mean_score=12.160 eval_policy_mode=greedy [solved=4/50, score_range=9.00-16.00/16.0, initial=9.00]
[step 05300] PROGRESS: filled=12.16 violations=0.00 zero_cand=0.00
[step 05300] DEBUG: ep_len=14.9 ep_ret=-10.779 stop_prob=0.000 score_chg=3.3150
[step 05350] value_loss=10.259490 policy_loss=0.303578
[step 05350] VALUE_DEBUG: target(mean=-13.72 std=3.70 min=-20.03 max=1.84) V(s)(mean=-14.11 std=1.57) reward(mean=-0.546 std=3.420) clip=50.0
[step 05400] value_loss=14.081823 policy_loss=0.483491
[step 05400] VALUE_DEBUG: target(mean=-12.70 std=3.61 min=-16.93 max=1.84) V(s)(mean=-13.25 std=1.80) reward(mean=-0.040 std=3.676) clip=50.0
[step 05400] eval_success_rate=0.120 eval_mean_score=13.020 eval_policy_mode=greedy [solved=6/50, score_range=9.00-16.00/16.0, initial=9.00]
[step 05400] PROGRESS: filled=13.02 violations=0.00 zero_cand=0.00
[step 05400] DEBUG: ep_len=14.9 ep_ret=-10.438 stop_prob=0.000 score_chg=3.2700
[step 05450] value_loss=3.985261 policy_loss=0.399789
[step 05450] VALUE_DEBUG: target(mean=-14.59 std=2.46 min=-22.66 max=-9.52) V(s)(mean=-14.34 std=1.40) reward(mean=-0.357 std=2.134) clip=50.0
[step 05500] value_loss=14.115964 policy_loss=0.104997
[step 05500] VALUE_DEBUG: target(mean=-13.01 std=4.17 min=-18.08 max=1.84) V(s)(mean=-14.21 std=1.41) reward(mean=-0.145 std=5.098) clip=50.0
[step 05500] eval_success_rate=0.100 eval_mean_score=12.380 eval_policy_mode=greedy [solved=5/50, score_range=9.00-16.00/16.0, initial=9.00]
[step 05500] PROGRESS: filled=12.38 violations=0.00 zero_cand=0.00
[step 05500] DEBUG: ep_len=14.6 ep_ret=-9.479 stop_prob=0.000 score_chg=3.8225
[step 05550] value_loss=5.930234 policy_loss=0.630098
[step 05550] VALUE_DEBUG: target(mean=-12.79 std=2.67 min=-19.49 max=-6.16) V(s)(mean=-13.41 std=1.80) reward(mean=0.201 std=3.611) clip=50.0
[step 05600] value_loss=10.075171 policy_loss=-0.116542
[step 05600] VALUE_DEBUG: target(mean=-13.33 std=3.78 min=-21.51 max=1.84) V(s)(mean=-13.32 std=2.00) reward(mean=-1.733 std=5.600) clip=50.0
[step 05600] eval_success_rate=0.020 eval_mean_score=12.240 eval_policy_mode=greedy [solved=1/50, score_range=10.00-16.00/16.0, initial=9.00]
[step 05600] PROGRESS: filled=12.24 violations=0.00 zero_cand=0.00
[step 05600] DEBUG: ep_len=14.9 ep_ret=-11.168 stop_prob=0.000 score_chg=3.0950
[step 05650] value_loss=4.188815 policy_loss=-0.018250
[step 05650] VALUE_DEBUG: target(mean=-13.14 std=2.13 min=-20.22 max=-9.79) V(s)(mean=-13.31 std=1.80) reward(mean=-0.269 std=3.449) clip=50.0
[step 05700] value_loss=6.069723 policy_loss=-1.238616
[step 05700] VALUE_DEBUG: target(mean=-13.07 std=2.79 min=-17.70 max=-2.85) V(s)(mean=-13.82 std=1.86) reward(mean=-0.279 std=4.518) clip=50.0
[step 05700] eval_success_rate=0.100 eval_mean_score=12.920 eval_policy_mode=greedy [solved=5/50, score_range=10.00-16.00/16.0, initial=9.00]
[step 05700] PROGRESS: filled=12.92 violations=0.00 zero_cand=0.00
[step 05700] DEBUG: ep_len=14.7 ep_ret=-10.487 stop_prob=0.000 score_chg=3.2825
[step 05750] value_loss=9.382898 policy_loss=-0.008944
[step 05750] VALUE_DEBUG: target(mean=-14.29 std=3.40 min=-22.44 max=-7.54) V(s)(mean=-14.05 std=2.04) reward(mean=-0.731 std=4.175) clip=50.0
[step 05800] value_loss=11.695188 policy_loss=1.080995
[step 05800] VALUE_DEBUG: target(mean=-13.90 std=4.11 min=-23.52 max=1.84) V(s)(mean=-13.70 std=2.39) reward(mean=-1.638 std=4.893) clip=50.0
[step 05800] eval_success_rate=0.140 eval_mean_score=12.680 eval_policy_mode=greedy [solved=7/50, score_range=9.00-16.00/16.0, initial=9.00]
[step 05800] PROGRESS: filled=12.68 violations=0.00 zero_cand=0.00
[step 05800] DEBUG: ep_len=14.6 ep_ret=-9.567 stop_prob=0.000 score_chg=3.6675
[step 05850] value_loss=9.835892 policy_loss=1.242175
[step 05850] VALUE_DEBUG: target(mean=-12.87 std=4.10 min=-22.06 max=1.84) V(s)(mean=-12.88 std=1.81) reward(mean=-0.368 std=3.686) clip=50.0
[step 05900] value_loss=7.294669 policy_loss=0.652988
[step 05900] VALUE_DEBUG: target(mean=-14.15 std=2.95 min=-23.90 max=-10.32) V(s)(mean=-14.01 std=2.20) reward(mean=-1.579 std=4.660) clip=50.0
[step 05900] eval_success_rate=0.180 eval_mean_score=13.520 eval_policy_mode=greedy [solved=9/50, score_range=9.00-16.00/16.0, initial=9.00]
[step 05900] PROGRESS: filled=13.52 violations=0.00 zero_cand=0.00
[step 05900] DEBUG: ep_len=14.5 ep_ret=-8.903 stop_prob=0.000 score_chg=3.9625
[step 05950] value_loss=4.494134 policy_loss=0.303832
[step 05950] VALUE_DEBUG: target(mean=-13.00 std=3.26 min=-18.92 max=-4.80) V(s)(mean=-13.76 std=2.47) reward(mean=-0.173 std=3.606) clip=50.0
[step 06000] value_loss=3.802871 policy_loss=0.198587
[step 06000] VALUE_DEBUG: target(mean=-12.81 std=3.71 min=-18.04 max=-0.34) V(s)(mean=-12.84 std=2.54) reward(mean=-0.418 std=4.483) clip=50.0
[step 06000] eval_success_rate=0.240 eval_mean_score=13.320 eval_policy_mode=greedy [solved=12/50, score_range=9.00-16.00/16.0, initial=9.00]
[step 06000] PROGRESS: filled=13.32 violations=0.00 zero_cand=0.00
[step 06000] DEBUG: ep_len=14.4 ep_ret=-9.378 stop_prob=0.000 score_chg=3.8075
[Checkpoint] Saved to checkpoints/rl_sudoku-4x4-easy_6to8empties_seed42/rl_checkpoint_step_6000.pt
[step 06050] value_loss=10.693630 policy_loss=-1.450528
[step 06050] VALUE_DEBUG: target(mean=-12.65 std=3.78 min=-17.52 max=1.84) V(s)(mean=-13.42 std=2.11) reward(mean=0.227 std=3.458) clip=50.0
[step 06100] value_loss=9.743431 policy_loss=0.211015
[step 06100] VALUE_DEBUG: target(mean=-12.65 std=4.33 min=-20.15 max=1.84) V(s)(mean=-12.58 std=2.99) reward(mean=-2.076 std=5.033) clip=50.0
[step 06100] eval_success_rate=0.160 eval_mean_score=13.360 eval_policy_mode=greedy [solved=8/50, score_range=9.00-16.00/16.0, initial=9.00]
[step 06100] PROGRESS: filled=13.36 violations=0.00 zero_cand=0.00
[step 06100] DEBUG: ep_len=14.4 ep_ret=-9.240 stop_prob=0.000 score_chg=3.8000
[step 06150] value_loss=9.078292 policy_loss=-0.254578
[step 06150] VALUE_DEBUG: target(mean=-12.37 std=4.23 min=-21.31 max=1.84) V(s)(mean=-12.50 std=2.79) reward(mean=0.104 std=1.686) clip=50.0
[step 06200] value_loss=10.556736 policy_loss=0.038371
[step 06200] VALUE_DEBUG: target(mean=-13.18 std=4.29 min=-23.98 max=-3.38) V(s)(mean=-12.31 std=3.21) reward(mean=-0.787 std=4.190) clip=50.0
[step 06200] eval_success_rate=0.160 eval_mean_score=12.880 eval_policy_mode=greedy [solved=8/50, score_range=10.00-16.00/16.0, initial=9.00]
[step 06200] PROGRESS: filled=12.88 violations=0.00 zero_cand=0.00
[step 06200] DEBUG: ep_len=14.3 ep_ret=-9.138 stop_prob=0.000 score_chg=3.8125
[step 06250] value_loss=5.235677 policy_loss=-0.623500
[step 06250] VALUE_DEBUG: target(mean=-12.28 std=3.89 min=-18.52 max=-2.42) V(s)(mean=-13.05 std=3.39) reward(mean=-1.023 std=4.718) clip=50.0
[step 06300] value_loss=2.170840 policy_loss=0.664769
[step 06300] VALUE_DEBUG: target(mean=-12.12 std=4.28 min=-21.03 max=1.84) V(s)(mean=-12.24 std=3.58) reward(mean=-1.397 std=5.330) clip=50.0
[step 06300] eval_success_rate=0.160 eval_mean_score=12.980 eval_policy_mode=greedy [solved=8/50, score_range=9.00-16.00/16.0, initial=9.00]
[step 06300] PROGRESS: filled=12.98 violations=0.00 zero_cand=0.00
[step 06300] DEBUG: ep_len=14.3 ep_ret=-8.403 stop_prob=0.000 score_chg=3.9625
[step 06350] value_loss=5.101396 policy_loss=0.277860
[step 06350] VALUE_DEBUG: target(mean=-12.40 std=3.84 min=-20.64 max=-3.59) V(s)(mean=-12.26 std=3.45) reward(mean=-1.395 std=5.075) clip=50.0
[step 06400] value_loss=2.248817 policy_loss=-0.424810
[step 06400] VALUE_DEBUG: target(mean=-11.77 std=4.37 min=-18.39 max=1.84) V(s)(mean=-12.15 std=4.02) reward(mean=-0.481 std=3.092) clip=50.0
[step 06400] eval_success_rate=0.140 eval_mean_score=13.120 eval_policy_mode=greedy [solved=7/50, score_range=10.00-16.00/16.0, initial=9.00]
[step 06400] PROGRESS: filled=13.12 violations=0.00 zero_cand=0.00
[step 06400] DEBUG: ep_len=14.2 ep_ret=-8.470 stop_prob=0.000 score_chg=3.8175
[step 06450] value_loss=5.316757 policy_loss=0.974362
[step 06450] VALUE_DEBUG: target(mean=-12.14 std=4.55 min=-22.88 max=-3.43) V(s)(mean=-11.83 std=3.87) reward(mean=-0.857 std=3.457) clip=50.0
[step 06500] value_loss=6.521771 policy_loss=-0.587810
[step 06500] VALUE_DEBUG: target(mean=-13.13 std=4.30 min=-21.58 max=-1.17) V(s)(mean=-13.08 std=3.83) reward(mean=-0.170 std=2.431) clip=50.0
[step 06500] eval_success_rate=0.240 eval_mean_score=13.560 eval_policy_mode=greedy [solved=12/50, score_range=10.00-16.00/16.0, initial=9.00]
[step 06500] PROGRESS: filled=13.56 violations=0.00 zero_cand=0.00
[step 06500] DEBUG: ep_len=14.4 ep_ret=-8.926 stop_prob=0.000 score_chg=4.1250
[step 06550] value_loss=3.911143 policy_loss=0.687583
[step 06550] VALUE_DEBUG: target(mean=-12.31 std=3.74 min=-17.68 max=1.84) V(s)(mean=-12.49 std=2.81) reward(mean=-0.801 std=3.983) clip=50.0
[step 06600] value_loss=11.428777 policy_loss=-0.067343
[step 06600] VALUE_DEBUG: target(mean=-13.45 std=3.98 min=-20.67 max=-0.58) V(s)(mean=-12.13 std=2.71) reward(mean=-1.016 std=4.178) clip=50.0
[step 06600] eval_success_rate=0.140 eval_mean_score=12.740 eval_policy_mode=greedy [solved=7/50, score_range=9.00-16.00/16.0, initial=9.00]
[step 06600] PROGRESS: filled=12.74 violations=0.00 zero_cand=0.00
[step 06600] DEBUG: ep_len=14.2 ep_ret=-8.066 stop_prob=0.000 score_chg=4.3375
[step 06650] value_loss=9.202716 policy_loss=-0.390312
[step 06650] VALUE_DEBUG: target(mean=-12.12 std=5.06 min=-26.47 max=1.84) V(s)(mean=-12.19 std=3.31) reward(mean=-0.762 std=3.869) clip=50.0
[step 06700] value_loss=5.156731 policy_loss=-0.220223
[step 06700] VALUE_DEBUG: target(mean=-12.59 std=4.69 min=-21.93 max=-2.12) V(s)(mean=-11.47 std=4.24) reward(mean=-1.699 std=4.240) clip=50.0
[step 06700] eval_success_rate=0.260 eval_mean_score=13.580 eval_policy_mode=greedy [solved=13/50, score_range=10.00-16.00/16.0, initial=9.00]
[step 06700] PROGRESS: filled=13.58 violations=0.00 zero_cand=0.00
[step 06700] DEBUG: ep_len=13.9 ep_ret=-7.102 stop_prob=0.000 score_chg=4.3825
[step 06750] value_loss=7.118372 policy_loss=0.452901
[step 06750] VALUE_DEBUG: target(mean=-11.95 std=4.18 min=-17.68 max=1.84) V(s)(mean=-12.71 std=3.26) reward(mean=0.656 std=1.820) clip=50.0
[step 06800] value_loss=5.875177 policy_loss=-0.078024
[step 06800] VALUE_DEBUG: target(mean=-11.95 std=5.21 min=-20.90 max=6.34) V(s)(mean=-12.16 std=4.42) reward(mean=-0.622 std=3.730) clip=50.0
[step 06800] eval_success_rate=0.140 eval_mean_score=13.260 eval_policy_mode=greedy [solved=7/50, score_range=10.00-16.00/16.0, initial=9.00]
[step 06800] PROGRESS: filled=13.26 violations=0.00 zero_cand=0.00
[step 06800] DEBUG: ep_len=13.4 ep_ret=-5.584 stop_prob=0.000 score_chg=4.5200
[step 06850] value_loss=2.117744 policy_loss=-0.056282
[step 06850] VALUE_DEBUG: target(mean=-12.14 std=3.99 min=-18.36 max=-1.94) V(s)(mean=-12.55 std=4.05) reward(mean=-0.438 std=3.529) clip=50.0
[step 06900] value_loss=6.702468 policy_loss=0.016176
[step 06900] VALUE_DEBUG: target(mean=-12.10 std=3.80 min=-18.30 max=-3.94) V(s)(mean=-11.96 std=3.22) reward(mean=-0.042 std=3.689) clip=50.0
[step 06900] eval_success_rate=0.360 eval_mean_score=13.640 eval_policy_mode=greedy [solved=18/50, score_range=10.00-16.00/16.0, initial=9.00]
[step 06900] PROGRESS: filled=13.64 violations=0.00 zero_cand=0.00
[step 06900] DEBUG: ep_len=13.7 ep_ret=-7.414 stop_prob=0.000 score_chg=4.1150
[step 06950] value_loss=17.909481 policy_loss=-0.470465
[step 06950] VALUE_DEBUG: target(mean=-10.82 std=5.87 min=-19.41 max=2.87) V(s)(mean=-11.98 std=4.80) reward(mean=-0.586 std=6.043) clip=50.0
[step 07000] value_loss=13.643501 policy_loss=-0.263330
[step 07000] VALUE_DEBUG: target(mean=-11.87 std=4.96 min=-20.83 max=-0.28) V(s)(mean=-12.16 std=5.09) reward(mean=-1.137 std=5.616) clip=50.0
[step 07000] eval_success_rate=0.260 eval_mean_score=13.520 eval_policy_mode=greedy [solved=13/50, score_range=10.00-16.00/16.0, initial=9.00]
[step 07000] PROGRESS: filled=13.52 violations=0.00 zero_cand=0.00
[step 07000] DEBUG: ep_len=13.2 ep_ret=-6.079 stop_prob=0.000 score_chg=4.2075
[Checkpoint] Saved to checkpoints/rl_sudoku-4x4-easy_6to8empties_seed42/rl_checkpoint_step_7000.pt
[step 07050] value_loss=4.473107 policy_loss=0.668335
[step 07050] VALUE_DEBUG: target(mean=-12.34 std=4.67 min=-21.52 max=0.77) V(s)(mean=-12.13 std=4.08) reward(mean=-1.634 std=5.053) clip=50.0
[step 07100] value_loss=3.309599 policy_loss=-0.791357
[step 07100] VALUE_DEBUG: target(mean=-13.29 std=5.34 min=-21.02 max=0.70) V(s)(mean=-12.84 std=4.69) reward(mean=-1.427 std=4.291) clip=50.0
[step 07100] eval_success_rate=0.340 eval_mean_score=13.340 eval_policy_mode=greedy [solved=17/50, score_range=10.00-16.00/16.0, initial=9.00]
[step 07100] PROGRESS: filled=13.34 violations=0.00 zero_cand=0.00
[step 07100] DEBUG: ep_len=13.5 ep_ret=-6.743 stop_prob=0.000 score_chg=4.1925
[step 07150] value_loss=11.724800 policy_loss=0.239936
[step 07150] VALUE_DEBUG: target(mean=-10.67 std=5.87 min=-16.70 max=8.83) V(s)(mean=-11.62 std=4.51) reward(mean=0.229 std=3.455) clip=50.0
[step 07200] value_loss=11.143046 policy_loss=-0.190638
[step 07200] VALUE_DEBUG: target(mean=-11.58 std=5.49 min=-22.16 max=0.87) V(s)(mean=-10.44 std=4.79) reward(mean=-0.449 std=3.202) clip=50.0
[step 07200] eval_success_rate=0.320 eval_mean_score=13.460 eval_policy_mode=greedy [solved=16/50, score_range=9.00-16.00/16.0, initial=9.00]
[step 07200] PROGRESS: filled=13.46 violations=0.00 zero_cand=0.00
[step 07200] DEBUG: ep_len=13.1 ep_ret=-5.886 stop_prob=0.000 score_chg=4.2250
[step 07250] value_loss=5.815088 policy_loss=0.123066
[step 07250] VALUE_DEBUG: target(mean=-10.63 std=5.98 min=-18.62 max=1.84) V(s)(mean=-10.01 std=5.37) reward(mean=-0.765 std=3.867) clip=50.0
[step 07300] value_loss=2.618089 policy_loss=-0.839760
[step 07300] VALUE_DEBUG: target(mean=-10.46 std=5.05 min=-17.64 max=0.78) V(s)(mean=-10.07 std=4.87) reward(mean=-0.406 std=3.217) clip=50.0
[step 07300] eval_success_rate=0.300 eval_mean_score=13.320 eval_policy_mode=greedy [solved=15/50, score_range=10.00-16.00/16.0, initial=9.00]
[step 07300] PROGRESS: filled=13.32 violations=0.00 zero_cand=0.00
[step 07300] DEBUG: ep_len=13.6 ep_ret=-7.312 stop_prob=0.000 score_chg=3.8325
[step 07350] value_loss=2.433839 policy_loss=0.038629
[step 07350] VALUE_DEBUG: target(mean=-11.32 std=4.42 min=-17.66 max=-0.08) V(s)(mean=-10.95 std=4.75) reward(mean=-0.953 std=4.011) clip=50.0
[step 07400] value_loss=2.243111 policy_loss=-1.266039
[step 07400] VALUE_DEBUG: target(mean=-11.19 std=4.88 min=-17.26 max=1.84) V(s)(mean=-11.26 std=4.56) reward(mean=0.229 std=1.415) clip=50.0
[step 07400] eval_success_rate=0.340 eval_mean_score=13.500 eval_policy_mode=greedy [solved=17/50, score_range=9.00-16.00/16.0, initial=9.00]
[step 07400] PROGRESS: filled=13.50 violations=0.00 zero_cand=0.00
[step 07400] DEBUG: ep_len=13.3 ep_ret=-6.309 stop_prob=0.000 score_chg=4.1700
[step 07450] value_loss=12.994919 policy_loss=-0.164618
[step 07450] VALUE_DEBUG: target(mean=-10.63 std=6.62 min=-19.65 max=5.96) V(s)(mean=-10.46 std=5.80) reward(mean=-0.715 std=4.505) clip=50.0
[step 07500] value_loss=8.034132 policy_loss=0.578387
[step 07500] VALUE_DEBUG: target(mean=-11.64 std=4.55 min=-22.25 max=-2.79) V(s)(mean=-11.82 std=4.32) reward(mean=0.172 std=3.013) clip=50.0
[step 07500] eval_success_rate=0.300 eval_mean_score=13.800 eval_policy_mode=greedy [solved=15/50, score_range=10.00-16.00/16.0, initial=9.00]
[step 07500] PROGRESS: filled=13.80 violations=0.00 zero_cand=0.00
[step 07500] DEBUG: ep_len=13.2 ep_ret=-6.308 stop_prob=0.000 score_chg=4.0850
[step 07550] value_loss=9.055653 policy_loss=0.251975
[step 07550] VALUE_DEBUG: target(mean=-10.15 std=6.69 min=-19.74 max=2.89) V(s)(mean=-10.28 std=5.91) reward(mean=-1.766 std=6.154) clip=50.0
[step 07600] value_loss=11.809639 policy_loss=-0.418991
[step 07600] VALUE_DEBUG: target(mean=-11.45 std=6.95 min=-25.91 max=1.54) V(s)(mean=-10.14 std=5.68) reward(mean=-2.138 std=4.916) clip=50.0
[step 07600] eval_success_rate=0.380 eval_mean_score=13.560 eval_policy_mode=greedy [solved=19/50, score_range=9.00-16.00/16.0, initial=9.00]
[step 07600] PROGRESS: filled=13.56 violations=0.00 zero_cand=0.00
[step 07600] DEBUG: ep_len=12.8 ep_ret=-5.229 stop_prob=0.000 score_chg=4.3225
[step 07650] value_loss=1.890033 policy_loss=0.618038
[step 07650] VALUE_DEBUG: target(mean=-11.22 std=5.73 min=-17.35 max=1.84) V(s)(mean=-11.00 std=5.28) reward(mean=-0.896 std=4.085) clip=50.0
[step 07700] value_loss=6.730639 policy_loss=0.741588
[step 07700] VALUE_DEBUG: target(mean=-10.20 std=6.18 min=-19.97 max=1.82) V(s)(mean=-9.64 std=5.83) reward(mean=-0.679 std=3.781) clip=50.0
[step 07700] eval_success_rate=0.420 eval_mean_score=13.820 eval_policy_mode=greedy [solved=21/50, score_range=10.00-16.00/16.0, initial=9.00]
[step 07700] PROGRESS: filled=13.82 violations=0.00 zero_cand=0.00
[step 07700] DEBUG: ep_len=13.5 ep_ret=-6.555 stop_prob=0.000 score_chg=4.2725
[step 07750] value_loss=2.952631 policy_loss=-0.525464
[step 07750] VALUE_DEBUG: target(mean=-10.79 std=5.89 min=-22.50 max=1.86) V(s)(mean=-11.13 std=5.15) reward(mean=0.170 std=1.299) clip=50.0
[step 07800] value_loss=4.887478 policy_loss=0.015557
[step 07800] VALUE_DEBUG: target(mean=-10.40 std=4.81 min=-16.69 max=1.84) V(s)(mean=-11.41 std=4.61) reward(mean=0.103 std=3.420) clip=50.0
[step 07800] eval_success_rate=0.320 eval_mean_score=13.320 eval_policy_mode=greedy [solved=16/50, score_range=9.00-16.00/16.0, initial=9.00]
[step 07800] PROGRESS: filled=13.32 violations=0.00 zero_cand=0.00
[step 07800] DEBUG: ep_len=13.1 ep_ret=-6.193 stop_prob=0.000 score_chg=4.1325
[step 07850] value_loss=8.454741 policy_loss=-0.455128
[step 07850] VALUE_DEBUG: target(mean=-11.36 std=6.65 min=-24.03 max=2.19) V(s)(mean=-10.45 std=5.60) reward(mean=-2.579 std=6.940) clip=50.0
[step 07900] value_loss=3.841136 policy_loss=-0.244423
[step 07900] VALUE_DEBUG: target(mean=-11.06 std=5.65 min=-20.72 max=2.17) V(s)(mean=-11.06 std=4.88) reward(mean=-0.574 std=3.511) clip=50.0
[step 07900] eval_success_rate=0.300 eval_mean_score=13.860 eval_policy_mode=greedy [solved=15/50, score_range=10.00-16.00/16.0, initial=9.00]
[step 07900] PROGRESS: filled=13.86 violations=0.00 zero_cand=0.00
[step 07900] DEBUG: ep_len=13.0 ep_ret=-5.812 stop_prob=0.000 score_chg=4.0400
[step 07950] value_loss=7.816491 policy_loss=-0.100952
[step 07950] VALUE_DEBUG: target(mean=-9.10 std=7.26 min=-18.39 max=7.43) V(s)(mean=-8.80 std=6.44) reward(mean=-0.390 std=4.086) clip=50.0
[step 08000] value_loss=3.011372 policy_loss=0.292093
[step 08000] VALUE_DEBUG: target(mean=-12.36 std=5.64 min=-21.26 max=2.46) V(s)(mean=-12.14 std=5.25) reward(mean=-2.109 std=5.612) clip=50.0
[step 08000] eval_success_rate=0.400 eval_mean_score=13.400 eval_policy_mode=greedy [solved=20/50, score_range=10.00-16.00/16.0, initial=9.00]
[step 08000] PROGRESS: filled=13.40 violations=0.00 zero_cand=0.00
[step 08000] DEBUG: ep_len=13.1 ep_ret=-6.121 stop_prob=0.000 score_chg=4.1100
[Checkpoint] Saved to checkpoints/rl_sudoku-4x4-easy_6to8empties_seed42/rl_checkpoint_step_8000.pt
[step 08050] value_loss=10.343380 policy_loss=-0.483787
[step 08050] VALUE_DEBUG: target(mean=-10.90 std=6.75 min=-22.02 max=2.76) V(s)(mean=-10.20 std=5.90) reward(mean=-1.896 std=5.742) clip=50.0
[step 08100] value_loss=3.484213 policy_loss=-0.531936
[step 08100] VALUE_DEBUG: target(mean=-8.41 std=6.65 min=-19.11 max=2.78) V(s)(mean=-8.41 std=5.92) reward(mean=-0.237 std=3.482) clip=50.0
[step 08100] eval_success_rate=0.320 eval_mean_score=13.580 eval_policy_mode=greedy [solved=16/50, score_range=10.00-16.00/16.0, initial=9.00]
[step 08100] PROGRESS: filled=13.58 violations=0.00 zero_cand=0.00
[step 08100] DEBUG: ep_len=12.8 ep_ret=-4.846 stop_prob=0.000 score_chg=4.3750
[step 08150] value_loss=2.663398 policy_loss=0.163404
[step 08150] VALUE_DEBUG: target(mean=-9.20 std=6.99 min=-22.40 max=8.11) V(s)(mean=-9.47 std=6.22) reward(mean=0.257 std=1.465) clip=50.0
[step 08200] value_loss=4.828760 policy_loss=0.871472
[step 08200] VALUE_DEBUG: target(mean=-9.31 std=7.58 min=-23.24 max=3.36) V(s)(mean=-8.93 std=6.82) reward(mean=-0.623 std=3.676) clip=50.0
[step 08200] eval_success_rate=0.360 eval_mean_score=13.480 eval_policy_mode=greedy [solved=18/50, score_range=10.00-16.00/16.0, initial=9.00]
[step 08200] PROGRESS: filled=13.48 violations=0.00 zero_cand=0.00
[step 08200] DEBUG: ep_len=13.0 ep_ret=-5.344 stop_prob=0.000 score_chg=4.3400
WARNING: Logging before InitGoogleLogging() is written to STDERR
E0120 11:14:28.707583 1502413 ODSBatchedPublisher-inl.h:151] Failed to send 494 obc [category=] ODS data points with an error. This is not the cause of a crash or exit: https://fburl.com/failedtosendods Error: AsyncSocketException: connect failed, type = Socket not open, errno = 111 (Connection refused): Connection refused
E0120 11:14:50.871628 1473942 Ods3Publisher.cpp:208] [ODS3 SDK] ODS3 SDK has dropped some samples. This is NOT the cause of errors in your application. 0 samples were dropped during observations. 33 samples were dropped due to publishing. One publishing error is: apache::thrift::transport::TTransportException: AsyncSocketException: connect failed, type = Socket not open, errno = 111 (Connection refused): Connection refused
[step 08250] value_loss=2.945590 policy_loss=-1.087190
[step 08250] VALUE_DEBUG: target(mean=-10.17 std=6.01 min=-16.78 max=2.13) V(s)(mean=-9.98 std=5.83) reward(mean=-0.550 std=3.375) clip=50.0
[step 08300] value_loss=4.785612 policy_loss=-0.016269
[step 08300] VALUE_DEBUG: target(mean=-7.29 std=7.58 min=-17.56 max=8.57) V(s)(mean=-7.13 std=6.79) reward(mean=-1.302 std=5.200) clip=50.0
[step 08300] eval_success_rate=0.300 eval_mean_score=13.500 eval_policy_mode=greedy [solved=15/50, score_range=9.00-16.00/16.0, initial=9.00]
[step 08300] PROGRESS: filled=13.50 violations=0.00 zero_cand=0.00
[step 08300] DEBUG: ep_len=12.9 ep_ret=-5.533 stop_prob=0.000 score_chg=4.0975
[step 08350] value_loss=3.705067 policy_loss=-0.720129
[step 08350] VALUE_DEBUG: target(mean=-6.95 std=7.22 min=-16.29 max=3.75) V(s)(mean=-7.43 std=7.31) reward(mean=0.484 std=1.765) clip=50.0
[step 08400] value_loss=13.283642 policy_loss=0.128236
[step 08400] VALUE_DEBUG: target(mean=-9.61 std=8.33 min=-24.97 max=3.35) V(s)(mean=-9.55 std=6.38) reward(mean=-0.111 std=3.143) clip=50.0
[step 08400] eval_success_rate=0.360 eval_mean_score=13.420 eval_policy_mode=greedy [solved=18/50, score_range=9.00-16.00/16.0, initial=9.00]
[step 08400] PROGRESS: filled=13.42 violations=0.00 zero_cand=0.00
[step 08400] DEBUG: ep_len=12.8 ep_ret=-5.342 stop_prob=0.000 score_chg=4.0600
[step 08450] value_loss=7.523510 policy_loss=-0.531088
[step 08450] VALUE_DEBUG: target(mean=-8.12 std=7.94 min=-23.79 max=6.84) V(s)(mean=-7.41 std=7.03) reward(mean=-0.015 std=2.940) clip=50.0
[step 08500] value_loss=5.365330 policy_loss=0.251661
[step 08500] VALUE_DEBUG: target(mean=-10.34 std=6.58 min=-21.97 max=3.91) V(s)(mean=-10.29 std=6.18) reward(mean=-0.859 std=4.336) clip=50.0
[step 08500] eval_success_rate=0.360 eval_mean_score=13.200 eval_policy_mode=greedy [solved=18/50, score_range=9.00-16.00/16.0, initial=9.00]
[step 08500] PROGRESS: filled=13.20 violations=0.00 zero_cand=0.00
[step 08500] DEBUG: ep_len=12.5 ep_ret=-4.558 stop_prob=0.000 score_chg=4.3300
[step 08550] value_loss=5.443538 policy_loss=-0.671083
[step 08550] VALUE_DEBUG: target(mean=-8.16 std=7.90 min=-17.32 max=5.84) V(s)(mean=-7.47 std=7.05) reward(mean=-1.454 std=5.769) clip=50.0
[step 08600] value_loss=3.433984 policy_loss=-0.113668
[step 08600] VALUE_DEBUG: target(mean=-10.47 std=6.76 min=-19.38 max=7.72) V(s)(mean=-11.05 std=6.12) reward(mean=-0.591 std=4.460) clip=50.0
[step 08600] eval_success_rate=0.360 eval_mean_score=13.660 eval_policy_mode=greedy [solved=18/50, score_range=10.00-16.00/16.0, initial=9.00]
[step 08600] PROGRESS: filled=13.66 violations=0.00 zero_cand=0.00
[step 08600] DEBUG: ep_len=12.7 ep_ret=-4.856 stop_prob=0.000 score_chg=4.4775
[step 08650] value_loss=4.051268 policy_loss=-0.069783
[step 08650] VALUE_DEBUG: target(mean=-10.65 std=6.10 min=-23.32 max=3.02) V(s)(mean=-10.06 std=5.90) reward(mean=-0.863 std=4.373) clip=50.0
[step 08700] value_loss=8.337387 policy_loss=-0.448362
[step 08700] VALUE_DEBUG: target(mean=-8.30 std=7.07 min=-17.04 max=3.87) V(s)(mean=-8.99 std=6.64) reward(mean=-0.582 std=5.752) clip=50.0
[step 08700] eval_success_rate=0.300 eval_mean_score=13.420 eval_policy_mode=greedy [solved=15/50, score_range=10.00-16.00/16.0, initial=9.00]
[step 08700] PROGRESS: filled=13.42 violations=0.00 zero_cand=0.00
[step 08700] DEBUG: ep_len=12.9 ep_ret=-5.576 stop_prob=0.000 score_chg=4.3500
[step 08750] value_loss=7.410948 policy_loss=0.722154
[step 08750] VALUE_DEBUG: target(mean=-8.82 std=7.35 min=-24.05 max=7.28) V(s)(mean=-9.35 std=7.07) reward(mean=-0.493 std=5.444) clip=50.0
[step 08800] value_loss=6.240504 policy_loss=-0.087939
[step 08800] VALUE_DEBUG: target(mean=-6.47 std=7.80 min=-20.68 max=4.88) V(s)(mean=-6.23 std=7.34) reward(mean=0.350 std=2.140) clip=50.0
[step 08800] eval_success_rate=0.340 eval_mean_score=13.520 eval_policy_mode=greedy [solved=17/50, score_range=10.00-16.00/16.0, initial=9.00]
[step 08800] PROGRESS: filled=13.52 violations=0.00 zero_cand=0.00
[step 08800] DEBUG: ep_len=13.1 ep_ret=-5.819 stop_prob=0.000 score_chg=4.2925
[step 08850] value_loss=9.418059 policy_loss=0.160305
[step 08850] VALUE_DEBUG: target(mean=-8.46 std=8.53 min=-21.55 max=7.97) V(s)(mean=-8.84 std=7.81) reward(mean=-0.425 std=4.081) clip=50.0
[step 08900] value_loss=4.776142 policy_loss=0.264001
[step 08900] VALUE_DEBUG: target(mean=-8.57 std=7.64 min=-16.41 max=5.06) V(s)(mean=-8.15 std=7.53) reward(mean=-1.338 std=5.193) clip=50.0
[step 08900] eval_success_rate=0.340 eval_mean_score=13.520 eval_policy_mode=greedy [solved=17/50, score_range=10.00-16.00/16.0, initial=9.00]
[step 08900] PROGRESS: filled=13.52 violations=0.00 zero_cand=0.00
[step 08900] DEBUG: ep_len=13.3 ep_ret=-5.920 stop_prob=0.000 score_chg=4.1800
[step 08950] value_loss=3.070576 policy_loss=0.320384
[step 08950] VALUE_DEBUG: target(mean=-10.08 std=7.27 min=-23.61 max=4.84) V(s)(mean=-10.24 std=6.75) reward(mean=-0.506 std=3.476) clip=50.0
[step 09000] value_loss=12.562144 policy_loss=-0.078025
[step 09000] VALUE_DEBUG: target(mean=-7.30 std=9.05 min=-23.28 max=11.20) V(s)(mean=-6.83 std=8.16) reward(mean=-1.193 std=4.310) clip=50.0
[step 09000] eval_success_rate=0.420 eval_mean_score=13.800 eval_policy_mode=greedy [solved=21/50, score_range=10.00-16.00/16.0, initial=9.00]
[step 09000] PROGRESS: filled=13.80 violations=0.00 zero_cand=0.00
[step 09000] DEBUG: ep_len=13.1 ep_ret=-6.151 stop_prob=0.000 score_chg=3.8475
[Checkpoint] Saved to checkpoints/rl_sudoku-4x4-easy_6to8empties_seed42/rl_checkpoint_step_9000.pt
