=== Running Table 3 experiments on HARDER dataset (6-8 empties) ===
Training steps: 20000
Dataset: buiksat_trm/data/sudoku-4x4-easy_6to8empties
Results: /home/buiksat/trm_bellman/results/table3_hard_6to8

=== Batch 1/5: persistent_nc (3 seeds) + episodic_nc (1 seed) ===
[GPU 0] Starting persistent_nc seed=42
[GPU 1] Starting persistent_nc seed=123
[GPU 2] Starting persistent_nc seed=456
[GPU 3] Starting episodic_nc seed=42
[GPU 2] Finished persistent_nc seed=456 -> success=0.580
[GPU 1] Finished persistent_nc seed=123 -> success=0.520
[GPU 0] Finished persistent_nc seed=42 -> success=0.600
[GPU 3] Finished episodic_nc seed=42 -> success=0.420
Batch 1 complete
=== Batch 2/5: episodic_nc (2 seeds) + episodic_c_clean (2 seeds) ===
[GPU 0] Starting episodic_nc seed=123
[GPU 1] Starting episodic_nc seed=456
[GPU 2] Starting episodic_c_clean seed=42
[GPU 3] Starting episodic_c_clean seed=123
[GPU 1] Finished episodic_nc seed=456 -> success=0.480
[GPU 0] Finished episodic_nc seed=123 -> success=0.540
[GPU 2] Finished episodic_c_clean seed=42 -> success=0.360
[GPU 3] Finished episodic_c_clean seed=123 -> success=0.400
Batch 2 complete
=== Batch 3/5: episodic_c_clean (1 seed) + ppo (3 seeds) ===
[GPU 0] Starting episodic_c_clean seed=456
[GPU 1] Starting ppo seed=42
[GPU 2] Starting ppo seed=123
[GPU 3] Starting ppo seed=456
[GPU 0] Finished episodic_c_clean seed=456 -> success=0.340
[GPU 3] Finished ppo seed=456 -> success=0.000
[GPU 1] Finished ppo seed=42 -> success=0.000
[GPU 2] Finished ppo seed=123 -> success=0.000
Batch 3 complete
=== Batch 4/5: a2c (3 seeds) + dqn (1 seed) ===
[GPU 0] Starting a2c seed=42
[GPU 1] Starting a2c seed=123
[GPU 2] Starting a2c seed=456
[GPU 3] Starting dqn seed=42
[GPU 2] Finished a2c seed=456 -> success=0.000
[GPU 3] Finished dqn seed=42 -> success=0.000
[GPU 0] Finished a2c seed=42 -> success=0.000
[GPU 1] Finished a2c seed=123 -> success=0.000
Batch 4 complete
=== Batch 5/5: dqn (2 seeds) ===
[GPU 0] Starting dqn seed=123
[GPU 1] Starting dqn seed=456
[GPU 0] Finished dqn seed=123 -> success=0.000
[GPU 1] Finished dqn seed=456 -> success=0.000
Batch 5 complete

=== All experiments complete ===
Results saved to: /home/buiksat/trm_bellman/results/table3_hard_6to8

=== Final Results Summary ===
persistent_nc:
  seed 42: 0.600
  seed 123: 0.520
  seed 456: 0.580
episodic_nc:
  seed 42: 0.420
  seed 123: 0.540
  seed 456: 0.480
episodic_c_clean:
  seed 42: 0.360
  seed 123: 0.400
  seed 456: 0.340
ppo:
  seed 42: 0.000
  seed 123: 0.000
  seed 456: 0.000
a2c:
  seed 42: 0.000
  seed 123: 0.000
  seed 456: 0.000
dqn:
  seed 42: 0.000
  seed 123: 0.000
  seed 456: 0.000
