[2026-04-12T16:53:20.456-07:00] Buck UI: https://www.internalfb.com/buck2/e9900da6-50ca-45f8-bffb-1745564531b7
[2026-04-12T16:53:20.596-07:00] Network: Up: 0B  Down: 0B
BUILD SUCCEEDED - starting your binary
WARNING:root:===========[FB_TRITON]=========== Triton Version: 3.5.0+fb
INFO:2026-04-12 16:53:29 2630135:2630135 CuptiCallbackApi.cpp:69] Callback: domain = 3, cbid = 1
INFO:2026-04-12 16:53:29 2630135:2630135 CuptiActivityProfiler.cpp:93] CUDA versions. CUPTI: 22; Runtime: 12040; Driver: 12040
INFO:2026-04-12 16:53:29 2630135:2632701 FBConfig.cpp:330] Perfetto builder enabled: 1
INFO:2026-04-12 16:53:29 2630135:2632701 DynoConfigLoader.cpp:61] Setting communication fabric enabled = 0
INFO:2026-04-12 16:53:29 2630135:2632701 DynoConfigLoader.cpp:61] Setting communication fabric enabled = 0
[step 00100] eval_success_rate=0.000 eval_mean_return=-18.768 eval_invalid_action_rate=0.735
[step 00200] eval_success_rate=0.000 eval_mean_return=-18.768 eval_invalid_action_rate=0.640
[step 00300] eval_success_rate=0.000 eval_mean_return=-18.034 eval_invalid_action_rate=0.720
[step 00400] eval_success_rate=0.000 eval_mean_return=-18.134 eval_invalid_action_rate=0.580
[step 00500] eval_success_rate=0.000 eval_mean_return=-18.966 eval_invalid_action_rate=0.060
[step 00600] eval_success_rate=0.000 eval_mean_return=-18.806 eval_invalid_action_rate=0.160
[step 00700] eval_success_rate=0.000 eval_mean_return=-17.630 eval_invalid_action_rate=0.919
[step 00800] eval_success_rate=0.000 eval_mean_return=-17.758 eval_invalid_action_rate=0.779
[step 00900] eval_success_rate=0.000 eval_mean_return=-18.171 eval_invalid_action_rate=0.560
[step 01000] eval_success_rate=0.000 eval_mean_return=-18.358 eval_invalid_action_rate=0.379
[step 01000] checkpoint=/home/buiksat/trm_bellman/results/neurips2026/external_hard4x4/a2c/seed8/model_step_1000.zip
[step 01100] eval_success_rate=0.000 eval_mean_return=-17.786 eval_invalid_action_rate=0.819
[step 01200] eval_success_rate=0.000 eval_mean_return=-17.496 eval_invalid_action_rate=0.939
[step 01300] eval_success_rate=0.000 eval_mean_return=-17.765 eval_invalid_action_rate=0.917
[step 01400] eval_success_rate=0.000 eval_mean_return=-17.748 eval_invalid_action_rate=0.916
[step 01500] eval_success_rate=0.000 eval_mean_return=-17.678 eval_invalid_action_rate=0.900
[step 01600] eval_success_rate=0.000 eval_mean_return=-18.050 eval_invalid_action_rate=0.916
[step 01700] eval_success_rate=0.000 eval_mean_return=-17.698 eval_invalid_action_rate=0.939
[step 01800] eval_success_rate=0.000 eval_mean_return=-17.698 eval_invalid_action_rate=0.939
[step 01900] eval_success_rate=0.000 eval_mean_return=-17.765 eval_invalid_action_rate=0.959
[step 02000] eval_success_rate=0.000 eval_mean_return=-17.899 eval_invalid_action_rate=0.920
[step 02000] checkpoint=/home/buiksat/trm_bellman/results/neurips2026/external_hard4x4/a2c/seed8/model_step_2000.zip
[step 02100] eval_success_rate=0.000 eval_mean_return=-17.714 eval_invalid_action_rate=0.940
[step 02200] eval_success_rate=0.000 eval_mean_return=-17.714 eval_invalid_action_rate=0.940
[step 02300] eval_success_rate=0.000 eval_mean_return=-17.714 eval_invalid_action_rate=0.940
[step 02400] eval_success_rate=0.000 eval_mean_return=-17.798 eval_invalid_action_rate=0.939
[step 02500] eval_success_rate=0.000 eval_mean_return=-17.849 eval_invalid_action_rate=0.939
[step 02600] eval_success_rate=0.000 eval_mean_return=-17.849 eval_invalid_action_rate=0.958
[step 02700] eval_success_rate=0.000 eval_mean_return=-17.714 eval_invalid_action_rate=0.940
[step 02800] eval_success_rate=0.000 eval_mean_return=-17.714 eval_invalid_action_rate=0.940
[step 02900] eval_success_rate=0.000 eval_mean_return=-17.798 eval_invalid_action_rate=0.939
[step 03000] eval_success_rate=0.000 eval_mean_return=-17.714 eval_invalid_action_rate=0.940
[step 03000] checkpoint=/home/buiksat/trm_bellman/results/neurips2026/external_hard4x4/a2c/seed8/model_step_3000.zip
[step 03100] eval_success_rate=0.000 eval_mean_return=-17.530 eval_invalid_action_rate=0.960
[step 03200] eval_success_rate=0.000 eval_mean_return=-17.714 eval_invalid_action_rate=0.940
[step 03300] eval_success_rate=0.000 eval_mean_return=-17.732 eval_invalid_action_rate=0.959
[step 03400] eval_success_rate=0.000 eval_mean_return=-17.647 eval_invalid_action_rate=0.940
[step 03500] eval_success_rate=0.000 eval_mean_return=-17.714 eval_invalid_action_rate=0.940
[step 03600] eval_success_rate=0.000 eval_mean_return=-17.765 eval_invalid_action_rate=0.920
[step 03700] eval_success_rate=0.000 eval_mean_return=-17.849 eval_invalid_action_rate=0.919
[step 03800] eval_success_rate=0.000 eval_mean_return=-17.815 eval_invalid_action_rate=0.938
[step 03900] eval_success_rate=0.000 eval_mean_return=-18.034 eval_invalid_action_rate=0.916
[step 04000] eval_success_rate=0.000 eval_mean_return=-18.286 eval_invalid_action_rate=0.838
[step 04000] checkpoint=/home/buiksat/trm_bellman/results/neurips2026/external_hard4x4/a2c/seed8/model_step_4000.zip
[step 04100] eval_success_rate=0.000 eval_mean_return=-18.151 eval_invalid_action_rate=0.858
[step 04200] eval_success_rate=0.000 eval_mean_return=-18.151 eval_invalid_action_rate=0.839
[step 04300] eval_success_rate=0.000 eval_mean_return=-18.151 eval_invalid_action_rate=0.839
[step 04400] eval_success_rate=0.000 eval_mean_return=-18.874 eval_invalid_action_rate=0.775
[step 04500] eval_success_rate=0.000 eval_mean_return=-18.706 eval_invalid_action_rate=0.796
[step 04600] eval_success_rate=0.000 eval_mean_return=-18.689 eval_invalid_action_rate=0.757
[step 04700] eval_success_rate=0.000 eval_mean_return=-18.588 eval_invalid_action_rate=0.759
[step 04800] eval_success_rate=0.000 eval_mean_return=-18.504 eval_invalid_action_rate=0.797
[step 04900] eval_success_rate=0.000 eval_mean_return=-18.454 eval_invalid_action_rate=0.797
[step 05000] eval_success_rate=0.000 eval_mean_return=-18.454 eval_invalid_action_rate=0.779
[step 05000] checkpoint=/home/buiksat/trm_bellman/results/neurips2026/external_hard4x4/a2c/seed8/model_step_5000.zip
[baseline] env=sudoku4x4 algo=a2c backend=sb3
[baseline] action_space_n=97 observation_keys=inputs,plan,action_mask
[baseline] finished training: steps=5000 final_eval_success_rate=0.000 final_eval_mean_return=-18.454
[baseline] t0.3_ready=True
[baseline] t0.2_status=complete
[baseline] note: Vanilla SB3 PPO/A2C does not apply logit masking from action_mask; the policy acts in the full no-mask action space and invalid edits are penalized by the environment. This matches the paper's hard-4x4 no-mask protocol and should be compared against the internal no-mask A2C baseline.
[baseline] summary written to /home/buiksat/trm_bellman/results/neurips2026/external_hard4x4/a2c/seed8/train_summary.json
