[2026-04-12T16:33:28.432-07:00] Buck UI: https://www.internalfb.com/buck2/2e9ef0d6-8792-499e-8d34-e60b68397cc6
[2026-04-12T16:33:28.551-07:00] Network: Up: 0B  Down: 0B
BUILD SUCCEEDED - starting your binary
WARNING:root:===========[FB_TRITON]=========== Triton Version: 3.5.0+fb
INFO:2026-04-12 16:33:37 2500248:2500248 CuptiCallbackApi.cpp:69] Callback: domain = 3, cbid = 1
INFO:2026-04-12 16:33:37 2500248:2500248 CuptiActivityProfiler.cpp:93] CUDA versions. CUPTI: 22; Runtime: 12040; Driver: 12040
INFO:2026-04-12 16:33:37 2500248:2502693 FBConfig.cpp:330] Perfetto builder enabled: 1
INFO:2026-04-12 16:33:37 2500248:2502693 DynoConfigLoader.cpp:61] Setting communication fabric enabled = 0
INFO:2026-04-12 16:33:37 2500248:2502693 DynoConfigLoader.cpp:61] Setting communication fabric enabled = 0
[step 00100] eval_success_rate=0.000 eval_mean_return=-18.218 eval_invalid_action_rate=0.874
[step 00200] eval_success_rate=0.000 eval_mean_return=-17.748 eval_invalid_action_rate=0.876
[step 00300] eval_success_rate=0.000 eval_mean_return=-17.748 eval_invalid_action_rate=0.839
[step 00400] eval_success_rate=0.000 eval_mean_return=-18.386 eval_invalid_action_rate=0.720
[step 00500] eval_success_rate=0.000 eval_mean_return=-18.386 eval_invalid_action_rate=0.720
[step 00600] eval_success_rate=0.000 eval_mean_return=-18.454 eval_invalid_action_rate=0.679
[step 00700] eval_success_rate=0.000 eval_mean_return=-17.950 eval_invalid_action_rate=0.859
[step 00800] eval_success_rate=0.000 eval_mean_return=-18.185 eval_invalid_action_rate=0.819
[step 00900] eval_success_rate=0.000 eval_mean_return=-17.597 eval_invalid_action_rate=0.980
[step 01000] eval_success_rate=0.000 eval_mean_return=-17.462 eval_invalid_action_rate=1.000
[step 01000] checkpoint=/home/buiksat/trm_bellman/results/neurips2026/external_hard4x4/ppo/seed6/model_step_1000.zip
[step 01100] eval_success_rate=0.000 eval_mean_return=-17.462 eval_invalid_action_rate=0.979
[step 01200] eval_success_rate=0.000 eval_mean_return=-17.479 eval_invalid_action_rate=0.980
[step 01300] eval_success_rate=0.000 eval_mean_return=-17.731 eval_invalid_action_rate=0.899
[step 01400] eval_success_rate=0.000 eval_mean_return=-17.849 eval_invalid_action_rate=0.877
[step 01500] eval_success_rate=0.000 eval_mean_return=-17.882 eval_invalid_action_rate=0.894
[step 01600] eval_success_rate=0.000 eval_mean_return=-18.017 eval_invalid_action_rate=0.858
[step 01700] eval_success_rate=0.000 eval_mean_return=-17.933 eval_invalid_action_rate=0.859
[step 01800] eval_success_rate=0.000 eval_mean_return=-18.202 eval_invalid_action_rate=0.796
[step 01900] eval_success_rate=0.000 eval_mean_return=-18.302 eval_invalid_action_rate=0.740
[step 02000] eval_success_rate=0.000 eval_mean_return=-18.319 eval_invalid_action_rate=0.739
[step 02000] checkpoint=/home/buiksat/trm_bellman/results/neurips2026/external_hard4x4/ppo/seed6/model_step_2000.zip
[step 02100] eval_success_rate=0.000 eval_mean_return=-18.302 eval_invalid_action_rate=0.740
[step 02200] eval_success_rate=0.000 eval_mean_return=-18.370 eval_invalid_action_rate=0.738
[step 02300] eval_success_rate=0.000 eval_mean_return=-18.151 eval_invalid_action_rate=0.800
[step 02400] eval_success_rate=0.000 eval_mean_return=-17.698 eval_invalid_action_rate=0.940
[step 02500] eval_success_rate=0.000 eval_mean_return=-17.731 eval_invalid_action_rate=0.880
[step 02600] eval_success_rate=0.000 eval_mean_return=-17.731 eval_invalid_action_rate=0.899
[step 02700] eval_success_rate=0.000 eval_mean_return=-17.530 eval_invalid_action_rate=0.938
[step 02800] eval_success_rate=0.000 eval_mean_return=-17.513 eval_invalid_action_rate=0.899
[step 02900] eval_success_rate=0.000 eval_mean_return=-17.731 eval_invalid_action_rate=0.919
[step 03000] eval_success_rate=0.000 eval_mean_return=-17.866 eval_invalid_action_rate=0.936
[step 03000] checkpoint=/home/buiksat/trm_bellman/results/neurips2026/external_hard4x4/ppo/seed6/model_step_3000.zip
[step 03100] eval_success_rate=0.000 eval_mean_return=-17.546 eval_invalid_action_rate=0.960
[step 03200] eval_success_rate=0.000 eval_mean_return=-17.546 eval_invalid_action_rate=0.960
[step 03300] eval_success_rate=0.000 eval_mean_return=-17.664 eval_invalid_action_rate=0.958
[step 03400] eval_success_rate=0.000 eval_mean_return=-17.815 eval_invalid_action_rate=0.900
[step 03500] eval_success_rate=0.000 eval_mean_return=-17.951 eval_invalid_action_rate=0.900
[step 03600] eval_success_rate=0.000 eval_mean_return=-17.934 eval_invalid_action_rate=0.880
[step 03700] eval_success_rate=0.000 eval_mean_return=-17.664 eval_invalid_action_rate=0.920
[step 03800] eval_success_rate=0.000 eval_mean_return=-17.631 eval_invalid_action_rate=0.960
[step 03900] eval_success_rate=0.000 eval_mean_return=-17.546 eval_invalid_action_rate=0.960
[step 04000] eval_success_rate=0.000 eval_mean_return=-17.882 eval_invalid_action_rate=0.860
[step 04000] checkpoint=/home/buiksat/trm_bellman/results/neurips2026/external_hard4x4/ppo/seed6/model_step_4000.zip
[step 04100] eval_success_rate=0.000 eval_mean_return=-17.731 eval_invalid_action_rate=0.880
[step 04200] eval_success_rate=0.000 eval_mean_return=-17.731 eval_invalid_action_rate=0.880
[step 04300] eval_success_rate=0.000 eval_mean_return=-17.446 eval_invalid_action_rate=0.980
[step 04400] eval_success_rate=0.000 eval_mean_return=-17.446 eval_invalid_action_rate=0.980
[step 04500] eval_success_rate=0.000 eval_mean_return=-17.462 eval_invalid_action_rate=1.000
[step 04600] eval_success_rate=0.000 eval_mean_return=-17.446 eval_invalid_action_rate=0.980
[step 04700] eval_success_rate=0.000 eval_mean_return=-17.446 eval_invalid_action_rate=0.980
[step 04800] eval_success_rate=0.000 eval_mean_return=-17.446 eval_invalid_action_rate=0.980
[step 04900] eval_success_rate=0.000 eval_mean_return=-17.462 eval_invalid_action_rate=1.000
[step 05000] eval_success_rate=0.000 eval_mean_return=-17.462 eval_invalid_action_rate=1.000
[step 05000] checkpoint=/home/buiksat/trm_bellman/results/neurips2026/external_hard4x4/ppo/seed6/model_step_5000.zip
[baseline] env=sudoku4x4 algo=ppo backend=sb3
[baseline] action_space_n=97 observation_keys=inputs,plan,action_mask
[baseline] finished training: steps=5000 final_eval_success_rate=0.000 final_eval_mean_return=-17.462
[baseline] t0.3_ready=True
[baseline] t0.2_status=complete
[baseline] note: Vanilla SB3 PPO/A2C does not apply logit masking from action_mask; the policy acts in the full no-mask action space and invalid edits are penalized by the environment. This matches the paper's hard-4x4 no-mask protocol and should be compared against the internal no-mask A2C baseline.
[baseline] summary written to /home/buiksat/trm_bellman/results/neurips2026/external_hard4x4/ppo/seed6/train_summary.json
