[2026-01-19T17:57:25.471-08:00] Could not connect to buck2 daemon (buck2 daemon is not running), killing daemon..
[2026-01-19T17:57:27.064-08:00] Connected to new buck2 daemon.
[2026-01-19T17:57:27.074-08:00] Buck UI: https://www.internalfb.com/buck2/63200800-4904-4868-b5b7-2ded4acf306a
[2026-01-19T17:57:28.478-08:00] File changed: fbcode//buiksat_trm
[2026-01-19T17:57:28.478-08:00] File changed: fbcode//checkpoints/rl_dummy_seed0/model_step_10.pt
[2026-01-19T17:57:28.478-08:00] File changed: fbcode//checkpoints/rl_dummy_seed0/model_step_100.pt
[2026-01-19T17:57:28.478-08:00] 77 additional file change events
[2026-01-19T17:57:28.478-08:00] File Watcher fresh instance: new mergebase, cleared graph state, cleared dep files
[2026-01-19T17:57:35.565-08:00] Waiting on fbcode//common/concurrency:BUCK -- evaluating build file, and 151 other actions
[2026-01-19T17:57:39.066-08:00] [2m2026-01-20T01:57:38.927756Z[0m [33m WARN[0m [2mbuck2_interpreter_for_build::interpreter::functions::warning[0m[2m:[0m NCCL version '2.23.4' format is being deprecated for this NCCL version, please use MAJOR:MINOR format: 2.23 instead
[2026-01-19T17:57:39.066-08:00] [2m2026-01-20T01:57:38.927803Z[0m [33m WARN[0m [2mbuck2_interpreter_for_build::interpreter::functions::warning[0m[2m:[0m NCCL version '2.25.1' format is being deprecated for this NCCL version, please use MAJOR:MINOR format: 2.25 instead
[2026-01-19T17:57:39.066-08:00] [2m2026-01-20T01:57:38.927835Z[0m [33m WARN[0m [2mbuck2_interpreter_for_build::interpreter::functions::warning[0m[2m:[0m NCCL version '2.23.4' format is being deprecated for this NCCL version, please use MAJOR:MINOR format: 2.23 instead
[2026-01-19T17:57:39.066-08:00] [2m2026-01-20T01:57:38.927848Z[0m [33m WARN[0m [2mbuck2_interpreter_for_build::interpreter::functions::warning[0m[2m:[0m NCCL version '2.23.4' format is being deprecated for this NCCL version, please use MAJOR:MINOR format: 2.23 instead
[2026-01-19T17:57:39.066-08:00] [2m2026-01-20T01:57:38.927865Z[0m [33m WARN[0m [2mbuck2_interpreter_for_build::interpreter::functions::warning[0m[2m:[0m NCCL version '2.23.4' format is being deprecated for this NCCL version, please use MAJOR:MINOR format: 2.23 instead
[2026-01-19T17:57:44.873-08:00] [2m2026-01-20T01:57:44.768699Z[0m [33m WARN[0m [2mbuck2_interpreter_for_build::interpreter::functions::warning[0m[2m:[0m ptxas 12.8 is not available on platform platform010-aarch64-compat
[2026-01-19T17:57:44.873-08:00] [2m2026-01-20T01:57:44.768727Z[0m [33m WARN[0m [2mbuck2_interpreter_for_build::interpreter::functions::warning[0m[2m:[0m ptxas 12.8 is not available on platform platform010-compat
[2026-01-19T17:57:44.873-08:00] [2m2026-01-20T01:57:44.768732Z[0m [33m WARN[0m [2mbuck2_interpreter_for_build::interpreter::functions::warning[0m[2m:[0m ptxas 12.8 is not available on platform platform010-libcxx
[2026-01-19T17:57:44.873-08:00] [2m2026-01-20T01:57:44.768736Z[0m [33m WARN[0m [2mbuck2_interpreter_for_build::interpreter::functions::warning[0m[2m:[0m ptxas 12.8 is not available on platform antlir-distro
[2026-01-19T17:57:51.875-08:00] Waiting on fbcode//core_systems/if/server:BUCK -- evaluating build file, and 119 other actions
[2026-01-19T17:57:58.965-08:00] Waiting on fbcode//configerator/structs/data_access_policies/if:BUCK -- evaluating build file, and 9 other actions
[2026-01-19T17:58:05.965-08:00] Waiting on fbcode//configerator/structs/admarket/common:BUCK -- evaluating build file, and 4 other actions
[2026-01-19T17:58:13.066-08:00] Waiting on fbcode//buiksat_trm:diagnose_success_discrepancy (cfg:opt-linux-x86_64-fbcode-platform010-clang19-no-san-opt-by-default#7bc20b5dff24e379) -- running analysis [evaluate_rule]
[2026-01-19T17:58:14.682-08:00] RE Session: reSessionID-3f207697-ce85-4ebf-aa8a-b2e79c270545
[2026-01-19T17:58:21.799-08:00] Waiting on fbsource//third-party/pypi/matplotlib/3.10.0:py (cfg:opt-linux-x86_64-fbcode-platform010-clang19-no-san-opt-by-default#7bc20b5dff24e379) -- action (py_compile CHECKED_HASH) [local_execute], and 1258 other actions
[2026-01-19T17:58:28.878-08:00] Waiting on fbsource//third-party/pypi/matplotlib/3.10.0:py (cfg:opt-linux-x86_64-fbcode-platform010-clang19-no-san-opt-by-default#7bc20b5dff24e379) -- action (py_compile CHECKED_HASH) [local_execute], and 1429 other actions
[2026-01-19T17:58:35.903-08:00] Waiting on fbcode//caffe2:torch_eager (cfg:opt-linux-x86_64-fbcode-platform010-clang19-no-san-opt-by-default#7bc20b5dff24e379) -- action (py_compile CHECKED_HASH) [local_execute], and 6377 other actions
[2026-01-19T17:58:42.966-08:00] Waiting on fbcode//caffe2:torch_eager (cfg:opt-linux-x86_64-fbcode-platform010-clang19-no-san-opt-by-default#7bc20b5dff24e379) -- action (py_compile CHECKED_HASH) [local_execute], and 5072 other actions
[2026-01-19T17:58:50.065-08:00] Waiting on fbcode//caffe2:torch_eager (cfg:opt-linux-x86_64-fbcode-platform010-clang19-no-san-opt-by-default#7bc20b5dff24e379) -- action (py_compile CHECKED_HASH) [local_execute], and 2371 other actions
[2026-01-19T17:58:57.070-08:00] Waiting on fbcode//caffe2:torch_eager (cfg:opt-linux-x86_64-fbcode-platform010-clang19-no-san-opt-by-default#7bc20b5dff24e379) -- action (py_compile CHECKED_HASH) [local_execute], and 2141 other actions
[2026-01-19T17:59:04.173-08:00] Waiting on fbcode//manifold/core/if:schema-py3-default-types/keyspace/types (cfg:opt-linux-x86_64-fbcode-platform010-clang19-no-san-opt-by-default#7bc20b5dff24e379) -- action (cxx_compile keyspace/types.cpp (pic)) [local_execute], and 2102 other actions
[2026-01-19T17:59:11.174-08:00] Waiting on fbcode//manifold/core/if:schema-py3-default-types/keyspace/types (cfg:opt-linux-x86_64-fbcode-platform010-clang19-no-san-opt-by-default#7bc20b5dff24e379) -- action (cxx_compile keyspace/types.cpp (pic)) [local_execute], and 2314 other actions
[2026-01-19T17:59:18.273-08:00] Waiting on fbcode//sonar/if:sonar-py3-default-types/sonar/types (cfg:opt-linux-x86_64-fbcode-platform010-clang19-no-san-opt-by-default#7bc20b5dff24e379) -- action (cxx_compile sonar/types.cpp (pic)) [local_execute], and 2301 other actions
[2026-01-19T17:59:25.366-08:00] Waiting on fbcode//sonar/if:sonar-py3-default-types/sonar/types (cfg:opt-linux-x86_64-fbcode-platform010-clang19-no-san-opt-by-default#7bc20b5dff24e379) -- action (cxx_compile sonar/types.cpp (pic)) [local_execute], and 2250 other actions
[2026-01-19T17:59:32.368-08:00] Waiting on fbcode//sonar/if:sonar-py3-default-types/sonar/types (cfg:opt-linux-x86_64-fbcode-platform010-clang19-no-san-opt-by-default#7bc20b5dff24e379) -- action (cxx_compile sonar/types.cpp (pic)) [local_execute], and 2226 other actions
[2026-01-19T17:59:39.375-08:00] Waiting on fbcode//caffe2:_ATen-cu (cfg:opt-linux-x86_64-fbcode-platform010-clang19-no-san-opt-by-default#7bc20b5dff24e379) -- action (cuda_cubin_lower_sm80 aten/src/ATen/native/cuda/group_norm_kernel.cu (pic)) [local_execute], and 2202 other actions
[2026-01-19T17:59:46.465-08:00] Waiting on fbcode//caffe2:_ATen-cu (cfg:opt-linux-x86_64-fbcode-platform010-clang19-no-san-opt-by-default#7bc20b5dff24e379) -- action (cuda_cubin_lower_sm80 aten/src/ATen/native/cuda/group_norm_kernel.cu (pic)) [local_execute], and 2181 other actions
[2026-01-19T17:59:53.468-08:00] Waiting on fbcode//thrift/lib/python/server:python_async_processor/python_async_processor (cfg:opt-linux-x86_64-fbcode-platform010-clang19-no-san-opt-by-default#7bc20b5dff24e379) -- action (cxx_compile python_async_processor.cpp (pic)) [local_execute], and 2164 other actions
[2026-01-19T18:00:00.469-08:00] Waiting on fbcode//remote_execution/lib/if:common-py3-default-types/common/types (cfg:opt-linux-x86_64-fbcode-platform010-clang19-no-san-opt-by-default#7bc20b5dff24e379) -- action (cxx_compile common/types.cpp (pic)) [local_execute], and 2139 other actions
[2026-01-19T18:00:07.566-08:00] Waiting on fbcode//remote_execution/lib/if:common-py3-default-types/common/types (cfg:opt-linux-x86_64-fbcode-platform010-clang19-no-san-opt-by-default#7bc20b5dff24e379) -- action (cxx_compile common/types.cpp (pic)) [local_execute], and 2126 other actions
[2026-01-19T18:00:14.670-08:00] Waiting on fbcode//remote_execution/lib/if:common-py3-default-types/common/types (cfg:opt-linux-x86_64-fbcode-platform010-clang19-no-san-opt-by-default#7bc20b5dff24e379) -- action (cxx_compile common/types.cpp (pic)) [local_execute], and 2118 other actions
[2026-01-19T18:00:21.765-08:00] Waiting on fbcode//remote_execution/lib/if:common-py3-default-types/common/types (cfg:opt-linux-x86_64-fbcode-platform010-clang19-no-san-opt-by-default#7bc20b5dff24e379) -- action (cxx_compile common/types.cpp (pic)) [local_execute], and 2099 other actions
[2026-01-19T18:00:28.770-08:00] Waiting on fbcode//remote_execution/lib/if:common-py3-default-types/common/types (cfg:opt-linux-x86_64-fbcode-platform010-clang19-no-san-opt-by-default#7bc20b5dff24e379) -- action (cxx_compile common/types.cpp (pic)) [local_execute], and 2081 other actions
[2026-01-19T18:00:35.775-08:00] Waiting on fbcode//remote_execution/lib/if:common-py3-default-types/common/types (cfg:opt-linux-x86_64-fbcode-platform010-clang19-no-san-opt-by-default#7bc20b5dff24e379) -- action (cxx_compile common/types.cpp (pic)) [local_execute], and 2062 other actions
[2026-01-19T18:00:42.866-08:00] Waiting on fbcode//remote_execution/lib/if:common-py3-default-types/common/types (cfg:opt-linux-x86_64-fbcode-platform010-clang19-no-san-opt-by-default#7bc20b5dff24e379) -- action (cxx_compile common/types.cpp (pic)) [local_execute], and 2043 other actions
[2026-01-19T18:00:49.870-08:00] Waiting on fbcode//remote_execution/lib/if:common-py3-default-types/common/types (cfg:opt-linux-x86_64-fbcode-platform010-clang19-no-san-opt-by-default#7bc20b5dff24e379) -- action (cxx_compile common/types.cpp (pic)) [local_execute], and 2026 other actions
[2026-01-19T18:00:56.969-08:00] Waiting on fbcode//remote_execution/lib/if:common-py3-default-types/common/types (cfg:opt-linux-x86_64-fbcode-platform010-clang19-no-san-opt-by-default#7bc20b5dff24e379) -- action (cxx_compile common/types.cpp (pic)) [local_execute], and 2004 other actions
[2026-01-19T18:01:04.072-08:00] Waiting on fbcode//configerator/structs/luna:sampling_config-py3-default-types/sampling_config/types (cfg:opt-linux-x86_64-fbcode-platform010-clang19-no-san-opt-by-default#7bc20b5dff24e379) -- action (cxx_compile sampling_config/types.cpp (pic)) [local_execute], and 1979 other actions
[2026-01-19T18:01:11.166-08:00] Waiting on fbcode//rfe:rfe_thrift-py3-default-types/RockfortExpress/types_fields (cfg:opt-linux-x86_64-fbcode-platform010-clang19-no-san-opt-by-default#7bc20b5dff24e379) -- action (cxx_compile RockfortExpress/types_fields.cpp (pic)) [local_execute], and 1935 other actions
[2026-01-19T18:01:18.270-08:00] Waiting on fbcode//rfe:rfe_thrift-py3-default-types/RockfortExpress/types (cfg:opt-linux-x86_64-fbcode-platform010-clang19-no-san-opt-by-default#7bc20b5dff24e379) -- action (cxx_compile RockfortExpress/types.cpp (pic)) [local_execute], and 1847 other actions
[2026-01-19T18:01:25.368-08:00] Waiting on fbcode//rfe:rfe_thrift-py3-default-types/RockfortExpress/types (cfg:opt-linux-x86_64-fbcode-platform010-clang19-no-san-opt-by-default#7bc20b5dff24e379) -- action (cxx_compile RockfortExpress/types.cpp (pic)) [local_execute], and 1813 other actions
[2026-01-19T18:01:32.369-08:00] Waiting on fbcode//rfe:rfe_thrift-py3-default-types/RockfortExpress/types (cfg:opt-linux-x86_64-fbcode-platform010-clang19-no-san-opt-by-default#7bc20b5dff24e379) -- action (cxx_compile RockfortExpress/types.cpp (pic)) [local_execute], and 1763 other actions
[2026-01-19T18:01:39.465-08:00] Waiting on fbcode//rfe:rfe_thrift-py3-default-types/RockfortExpress/types (cfg:opt-linux-x86_64-fbcode-platform010-clang19-no-san-opt-by-default#7bc20b5dff24e379) -- action (cxx_compile RockfortExpress/types.cpp (pic)) [local_execute], and 1727 other actions
[2026-01-19T18:01:46.465-08:00] Waiting on fbcode//rfe:rfe_thrift-py3-default-types/RockfortExpress/types (cfg:opt-linux-x86_64-fbcode-platform010-clang19-no-san-opt-by-default#7bc20b5dff24e379) -- action (cxx_compile RockfortExpress/types.cpp (pic)) [local_execute], and 1666 other actions
[2026-01-19T18:01:53.565-08:00] Waiting on fbcode//rfe:rfe_thrift-py3-default-types/RockfortExpress/types (cfg:opt-linux-x86_64-fbcode-platform010-clang19-no-san-opt-by-default#7bc20b5dff24e379) -- action (cxx_compile RockfortExpress/types.cpp (pic)) [local_execute], and 1617 other actions
[2026-01-19T18:02:00.565-08:00] Waiting on fbcode//rfe:rfe_thrift-py3-default-types/RockfortExpress/types (cfg:opt-linux-x86_64-fbcode-platform010-clang19-no-san-opt-by-default#7bc20b5dff24e379) -- action (cxx_compile RockfortExpress/types.cpp (pic)) [local_execute], and 1569 other actions
[2026-01-19T18:02:07.565-08:00] Waiting on fbcode//rfe:rfe_thrift-py3-default-types/RockfortExpress/types (cfg:opt-linux-x86_64-fbcode-platform010-clang19-no-san-opt-by-default#7bc20b5dff24e379) -- action (cxx_compile RockfortExpress/types.cpp (pic)) [local_execute], and 1540 other actions
[2026-01-19T18:02:14.566-08:00] Waiting on fbcode//rfe:rfe_thrift-py3-default-types/RockfortExpress/types (cfg:opt-linux-x86_64-fbcode-platform010-clang19-no-san-opt-by-default#7bc20b5dff24e379) -- action (cxx_compile RockfortExpress/types.cpp (pic)) [local_execute], and 1527 other actions
[2026-01-19T18:02:21.667-08:00] Waiting on fbcode//rfe:rfe_thrift-py3-default-types/RockfortExpress/types (cfg:opt-linux-x86_64-fbcode-platform010-clang19-no-san-opt-by-default#7bc20b5dff24e379) -- action (cxx_compile RockfortExpress/types.cpp (pic)) [local_execute], and 1509 other actions
[2026-01-19T18:02:28.766-08:00] Waiting on fbcode//rfe:rfe_thrift-py3-default-types/RockfortExpress/types (cfg:opt-linux-x86_64-fbcode-platform010-clang19-no-san-opt-by-default#7bc20b5dff24e379) -- action (cxx_compile RockfortExpress/types.cpp (pic)) [local_execute], and 1484 other actions
[2026-01-19T18:02:35.772-08:00] Waiting on fbcode//configerator/canary/if:canary-py3-default-types/canary/types (cfg:opt-linux-x86_64-fbcode-platform010-clang19-no-san-opt-by-default#7bc20b5dff24e379) -- action (cxx_compile canary/types.cpp (pic)) [local_execute], and 1467 other actions
[2026-01-19T18:02:42.883-08:00] Waiting on fbcode//configerator/configo/if:configo-py3-default-types/configo/types (cfg:opt-linux-x86_64-fbcode-platform010-clang19-no-san-opt-by-default#7bc20b5dff24e379) -- action (cxx_compile configo/types.cpp (pic)) [local_execute], and 1439 other actions
[2026-01-19T18:02:49.965-08:00] Waiting on fbcode//configerator/configo/if:configo-py3-default-types/configo/types (cfg:opt-linux-x86_64-fbcode-platform010-clang19-no-san-opt-by-default#7bc20b5dff24e379) -- action (cxx_compile configo/types.cpp (pic)) [local_execute], and 1391 other actions
[2026-01-19T18:02:56.974-08:00] Waiting on fbcode//configerator/configo/if:configo-py3-default-types/configo/types (cfg:opt-linux-x86_64-fbcode-platform010-clang19-no-san-opt-by-default#7bc20b5dff24e379) -- action (cxx_compile configo/types.cpp (pic)) [local_execute], and 1356 other actions
[2026-01-19T18:03:04.065-08:00] Waiting on fbcode//configerator/configo/if:configo-py3-default-types/configo/types (cfg:opt-linux-x86_64-fbcode-platform010-clang19-no-san-opt-by-default#7bc20b5dff24e379) -- action (cxx_compile configo/types.cpp (pic)) [local_execute], and 1312 other actions
[2026-01-19T18:03:11.165-08:00] Waiting on fbcode//configerator/configo/if:configo-py3-default-types/configo/types (cfg:opt-linux-x86_64-fbcode-platform010-clang19-no-san-opt-by-default#7bc20b5dff24e379) -- action (cxx_compile configo/types.cpp (pic)) [local_execute], and 1091 other actions
[2026-01-19T18:03:18.165-08:00] Waiting on fbcode//configerator/configo/if:configo-py3-default-types/configo/types (cfg:opt-linux-x86_64-fbcode-platform010-clang19-no-san-opt-by-default#7bc20b5dff24e379) -- action (cxx_compile configo/types.cpp (pic)) [local_execute], and 1070 other actions
[2026-01-19T18:03:25.174-08:00] Waiting on fbcode//configerator/configo/if:configo-py3-default-types/configo/types (cfg:opt-linux-x86_64-fbcode-platform010-clang19-no-san-opt-by-default#7bc20b5dff24e379) -- action (cxx_compile configo/types.cpp (pic)) [local_execute], and 1059 other actions
[2026-01-19T18:03:32.267-08:00] Waiting on fbcode//configerator/configo/if:configo-py3-default-types/configo/types (cfg:opt-linux-x86_64-fbcode-platform010-clang19-no-san-opt-by-default#7bc20b5dff24e379) -- action (cxx_compile configo/types.cpp (pic)) [local_execute], and 1027 other actions
[2026-01-19T18:03:39.267-08:00] Waiting on fbcode//cws/if:cws_shared_thrift-py3-default-types/shared/types (cfg:opt-linux-x86_64-fbcode-platform010-clang19-no-san-opt-by-default#7bc20b5dff24e379) -- action (cxx_compile shared/types.cpp (pic)) [local_execute], and 1003 other actions
[2026-01-19T18:03:46.366-08:00] Waiting on fbcode//cws/if:cws_shared_thrift-py3-default-types/shared/types (cfg:opt-linux-x86_64-fbcode-platform010-clang19-no-san-opt-by-default#7bc20b5dff24e379) -- action (cxx_compile shared/types.cpp (pic)) [local_execute], and 987 other actions
[2026-01-19T18:03:53.371-08:00] Waiting on fbcode//cws/if:cws_shared_thrift-py3-default-types/shared/types (cfg:opt-linux-x86_64-fbcode-platform010-clang19-no-san-opt-by-default#7bc20b5dff24e379) -- action (cxx_compile shared/types.cpp (pic)) [local_execute], and 975 other actions
[2026-01-19T18:04:00.466-08:00] Waiting on fbcode//cws/if:cws_shared_thrift-py3-default-types/shared/types (cfg:opt-linux-x86_64-fbcode-platform010-clang19-no-san-opt-by-default#7bc20b5dff24e379) -- action (cxx_compile shared/types.cpp (pic)) [local_execute], and 968 other actions
[2026-01-19T18:04:07.566-08:00] Waiting on fbcode//cws/if:cws_shared_thrift-py3-default-types/shared/types (cfg:opt-linux-x86_64-fbcode-platform010-clang19-no-san-opt-by-default#7bc20b5dff24e379) -- action (cxx_compile shared/types.cpp (pic)) [local_execute], and 954 other actions
[2026-01-19T18:04:14.567-08:00] Waiting on fbcode//cws/if:cws_shared_thrift-py3-default-types/shared/types (cfg:opt-linux-x86_64-fbcode-platform010-clang19-no-san-opt-by-default#7bc20b5dff24e379) -- action (cxx_compile shared/types.cpp (pic)) [local_execute], and 934 other actions
[2026-01-19T18:04:21.669-08:00] Waiting on fbcode//cws/if:cws_shared_thrift-py3-default-types/shared/types (cfg:opt-linux-x86_64-fbcode-platform010-clang19-no-san-opt-by-default#7bc20b5dff24e379) -- action (cxx_compile shared/types.cpp (pic)) [local_execute], and 915 other actions
[2026-01-19T18:04:28.675-08:00] Waiting on fbcode//cws/if:cws_api_thrift-py3-default-types/api/types (cfg:opt-linux-x86_64-fbcode-platform010-clang19-no-san-opt-by-default#7bc20b5dff24e379) -- action (cxx_compile api/types.cpp (pic)) [local_execute], and 881 other actions
[2026-01-19T18:04:35.768-08:00] Waiting on fbcode//cws/if:cws_api_thrift-py3-default-types/api/types (cfg:opt-linux-x86_64-fbcode-platform010-clang19-no-san-opt-by-default#7bc20b5dff24e379) -- action (cxx_compile api/types.cpp (pic)) [local_execute], and 725 other actions
[2026-01-19T18:04:42.772-08:00] Waiting on fbcode//cws/if:cws_api_thrift-py3-default-types/api/types (cfg:opt-linux-x86_64-fbcode-platform010-clang19-no-san-opt-by-default#7bc20b5dff24e379) -- action (cxx_compile api/types.cpp (pic)) [local_execute], and 606 other actions
[2026-01-19T18:04:49.865-08:00] Waiting on fbcode//ucache/protocol/gen:carbon-Ucache-router (cfg:opt-linux-x86_64-fbcode-platform010-clang19-no-san-opt-by-default#7bc20b5dff24e379) -- action (cxx_compile UcacheRouterInfo-HashRoute.cpp (pic)) [local_execute], and 547 other actions
[2026-01-19T18:04:56.866-08:00] Waiting on fbcode//ucache/protocol/gen:carbon-Ucache-router (cfg:opt-linux-x86_64-fbcode-platform010-clang19-no-san-opt-by-default#7bc20b5dff24e379) -- action (cxx_compile UcacheRouterInfo-HashRoute.cpp (pic)) [local_execute], and 424 other actions
[2026-01-19T18:05:03.866-08:00] Waiting on fbcode//ucache/protocol/gen:carbon-Ucache-router (cfg:opt-linux-x86_64-fbcode-platform010-clang19-no-san-opt-by-default#7bc20b5dff24e379) -- action (cxx_compile UcacheRouterInfo-HashRoute.cpp (pic)) [local_execute], and 268 other actions
[2026-01-19T18:05:10.966-08:00] Waiting on fbcode//ucache/protocol/gen:carbon-Ucache-router (cfg:opt-linux-x86_64-fbcode-platform010-clang19-no-san-opt-by-default#7bc20b5dff24e379) -- action (cxx_compile UcacheRouterInfo-HashRoute.cpp (pic)) [local_execute], and 137 other actions
[2026-01-19T18:05:17.973-08:00] Waiting on fbcode//ucache/protocol/gen:carbon-Ucache-router (cfg:opt-linux-x86_64-fbcode-platform010-clang19-no-san-opt-by-default#7bc20b5dff24e379) -- action (cxx_compile UcacheRouterInfo-HashRoute.cpp (pic)) [local_execute], and 1874 other actions
[2026-01-19T18:05:25.069-08:00] Waiting on fbcode//servicerouter/config_provider:smc_selector_config_provider (cfg:opt-linux-x86_64-fbcode-platform010-clang19-no-san-opt-by-default#7bc20b5dff24e379) -- action (cxx_compile SmcSelectorConfigProvider.cpp (pic)) [local_execute], and 2176 other actions
[2026-01-19T18:05:32.165-08:00] Waiting on fbcode//servicerouter/logging:logging (cfg:opt-linux-x86_64-fbcode-platform010-clang19-no-san-opt-by-default#7bc20b5dff24e379) -- action (cxx_compile Logger.cpp (pic)) [local_execute], and 2157 other actions
[2026-01-19T18:05:39.166-08:00] Waiting on fbcode//servicerouter/logging:logging (cfg:opt-linux-x86_64-fbcode-platform010-clang19-no-san-opt-by-default#7bc20b5dff24e379) -- action (cxx_compile Logger.cpp (pic)) [local_execute], and 2137 other actions
[2026-01-19T18:05:46.175-08:00] Waiting on fbcode//servicerouter/logging:logging (cfg:opt-linux-x86_64-fbcode-platform010-clang19-no-san-opt-by-default#7bc20b5dff24e379) -- action (cxx_compile Logger.cpp (pic)) [local_execute], and 2135 other actions
[2026-01-19T18:05:53.275-08:00] Waiting on fbcode//servicerouter/logging:logging (cfg:opt-linux-x86_64-fbcode-platform010-clang19-no-san-opt-by-default#7bc20b5dff24e379) -- action (cxx_compile Logger.cpp (pic)) [local_execute], and 2103 other actions
[2026-01-19T18:06:00.371-08:00] Waiting on fbcode//servicerouter/dispatcher:dispatcher (cfg:opt-linux-x86_64-fbcode-platform010-clang19-no-san-opt-by-default#7bc20b5dff24e379) -- action (cxx_compile ThriftDispatcher.cpp (pic)) [local_execute], and 2096 other actions
[2026-01-19T18:06:07.465-08:00] Waiting on fbcode//servicerouter/dispatcher:dispatcher (cfg:opt-linux-x86_64-fbcode-platform010-clang19-no-san-opt-by-default#7bc20b5dff24e379) -- action (cxx_compile ThriftDispatcher.cpp (pic)) [local_execute], and 2075 other actions
[2026-01-19T18:06:14.466-08:00] Waiting on fbsource//third-party/triton/stable/llvm-project/mlir:LLVMDialect (cfg:opt-linux-x86_64-fbcode-platform010-clang19-no-san-opt-by-default#7bc20b5dff24e379) -- action (cxx_compile lib/Dialect/LLVMIR/IR/LLVMDialect.cpp (pic)) [local_execute], and 2057 other actions
[2026-01-19T18:06:21.470-08:00] Waiting on fbsource//third-party/triton/stable/llvm-project/mlir:LLVMDialect (cfg:opt-linux-x86_64-fbcode-platform010-clang19-no-san-opt-by-default#7bc20b5dff24e379) -- action (cxx_compile lib/Dialect/LLVMIR/IR/LLVMDialect.cpp (pic)) [local_execute], and 2044 other actions
[2026-01-19T18:06:28.575-08:00] Waiting on fbsource//third-party/triton/stable/llvm-project/mlir:LLVMDialect (cfg:opt-linux-x86_64-fbcode-platform010-clang19-no-san-opt-by-default#7bc20b5dff24e379) -- action (cxx_compile lib/Dialect/LLVMIR/IR/LLVMDialect.cpp (pic)) [local_execute], and 2018 other actions
[2026-01-19T18:06:35.665-08:00] Waiting on fbsource//third-party/triton/stable/llvm-project/mlir:LLVMDialect (cfg:opt-linux-x86_64-fbcode-platform010-clang19-no-san-opt-by-default#7bc20b5dff24e379) -- action (cxx_compile lib/Dialect/LLVMIR/IR/LLVMDialect.cpp (pic)) [local_execute], and 2009 other actions
[2026-01-19T18:06:42.669-08:00] Waiting on fbsource//third-party/triton/stable/llvm-project/mlir:LLVMDialect (cfg:opt-linux-x86_64-fbcode-platform010-clang19-no-san-opt-by-default#7bc20b5dff24e379) -- action (cxx_compile lib/Dialect/LLVMIR/IR/LLVMDialect.cpp (pic)) [local_execute], and 1982 other actions
[2026-01-19T18:06:49.766-08:00] Waiting on fbsource//third-party/triton/stable/llvm-project/mlir:LLVMDialect (cfg:opt-linux-x86_64-fbcode-platform010-clang19-no-san-opt-by-default#7bc20b5dff24e379) -- action (cxx_compile lib/Dialect/LLVMIR/IR/LLVMDialect.cpp (pic)) [local_execute], and 1971 other actions
[2026-01-19T18:06:56.772-08:00] Waiting on fbsource//third-party/triton/stable/llvm-project/mlir:LLVMDialect (cfg:opt-linux-x86_64-fbcode-platform010-clang19-no-san-opt-by-default#7bc20b5dff24e379) -- action (cxx_compile lib/Dialect/LLVMIR/IR/LLVMDialect.cpp (pic)) [local_execute], and 1941 other actions
[2026-01-19T18:07:03.873-08:00] Waiting on fbsource//third-party/triton/stable/llvm-project/mlir:LLVMDialect (cfg:opt-linux-x86_64-fbcode-platform010-clang19-no-san-opt-by-default#7bc20b5dff24e379) -- action (cxx_compile lib/Dialect/LLVMIR/IR/LLVMDialect.cpp (pic)) [local_execute], and 1930 other actions
[2026-01-19T18:07:10.966-08:00] Waiting on fbsource//third-party/triton/stable/llvm-project/mlir:LLVMDialect (cfg:opt-linux-x86_64-fbcode-platform010-clang19-no-san-opt-by-default#7bc20b5dff24e379) -- action (cxx_compile lib/Dialect/LLVMIR/IR/LLVMDialect.cpp (pic)) [local_execute], and 1919 other actions
[2026-01-19T18:07:17.966-08:00] Waiting on fbsource//third-party/triton/stable/llvm-project/mlir:LLVMDialect (cfg:opt-linux-x86_64-fbcode-platform010-clang19-no-san-opt-by-default#7bc20b5dff24e379) -- action (cxx_compile lib/Dialect/LLVMIR/IR/LLVMDialect.cpp (pic)) [local_execute], and 1891 other actions
[2026-01-19T18:07:24.966-08:00] Waiting on fbsource//third-party/triton/stable/llvm-project/mlir:LLVMDialect (cfg:opt-linux-x86_64-fbcode-platform010-clang19-no-san-opt-by-default#7bc20b5dff24e379) -- action (cxx_compile lib/Dialect/LLVMIR/IR/LLVMDialect.cpp (pic)) [local_execute], and 1883 other actions
[2026-01-19T18:07:31.974-08:00] Waiting on fbcode//privacy/schemas/mysql/schemalib/lang:impl (cfg:opt-linux-x86_64-fbcode-platform010-clang19-no-san-opt-by-default#7bc20b5dff24e379) -- action (cxx_compile schemas/shard92.cpp (pic)) [local_execute], and 1849 other actions
[2026-01-19T18:07:39.075-08:00] Waiting on fbcode//privacy/schemas/manifold/schemalib/lang:impl (cfg:opt-linux-x86_64-fbcode-platform010-clang19-no-san-opt-by-default#7bc20b5dff24e379) -- action (cxx_compile nopolicy_lightweightschema_shards/nopolicy_lightweightschema_shard25.cpp (pic)) [local_execute], and 1842 other actions
[2026-01-19T18:07:46.169-08:00] Waiting on fbcode//privacy/schemas/tao/schemalib/lang:impl (cfg:opt-linux-x86_64-fbcode-platform010-clang19-no-san-opt-by-default#7bc20b5dff24e379) -- action (cxx_compile nopolicy_lightweightschema_shards/nopolicy_lightweightschema_shard43.cpp (pic)) [local_execute], and 1812 other actions
[2026-01-19T18:07:53.172-08:00] Waiting on fbcode//privacy/schemas/mysql/schemalib/lang:impl (cfg:opt-linux-x86_64-fbcode-platform010-clang19-no-san-opt-by-default#7bc20b5dff24e379) -- action (cxx_compile nopolicy_lightweightschema_shards/nopolicy_lightweightschema_shard03.cpp (pic)) [local_execute], and 1801 other actions
[2026-01-19T18:08:00.266-08:00] Waiting on fbcode//privacy/schemas/logger_write/schemalib/lang:impl (cfg:opt-linux-x86_64-fbcode-platform010-clang19-no-san-opt-by-default#7bc20b5dff24e379) -- action (cxx_compile schemas/shard39.cpp (pic)) [local_execute], and 1775 other actions
[2026-01-19T18:08:07.373-08:00] Waiting on fbcode//privacy/schemas/manifold/schemalib/lang:impl (cfg:opt-linux-x86_64-fbcode-platform010-clang19-no-san-opt-by-default#7bc20b5dff24e379) -- action (cxx_compile nopolicy_lightweightschema_shards/nopolicy_lightweightschema_shard09.cpp (pic)) [local_execute], and 1758 other actions
[2026-01-19T18:08:14.474-08:00] Waiting on fbcode//privacy/schemas/mysql/schemalib/lang:impl (cfg:opt-linux-x86_64-fbcode-platform010-clang19-no-san-opt-by-default#7bc20b5dff24e379) -- action (cxx_compile schemas/shard13.cpp (pic)) [local_execute], and 1750 other actions
[2026-01-19T18:08:21.571-08:00] Waiting on fbcode//privacy/schemas/everstore/schemalib/lang:impl (cfg:opt-linux-x86_64-fbcode-platform010-clang19-no-san-opt-by-default#7bc20b5dff24e379) -- action (cxx_compile schemas/shard52.cpp (pic)) [local_execute], and 1719 other actions
[2026-01-19T18:08:28.667-08:00] Waiting on fbcode//privacy/schemas/saber/schemalib/lang:impl (cfg:opt-linux-x86_64-fbcode-platform010-clang19-no-san-opt-by-default#7bc20b5dff24e379) -- action (cxx_compile schemas/shard98.cpp (pic)) [local_execute], and 1711 other actions
[2026-01-19T18:08:35.767-08:00] Waiting on fbcode//privacy/schemas/tao_assoc/schemalib/lang:impl (cfg:opt-linux-x86_64-fbcode-platform010-clang19-no-san-opt-by-default#7bc20b5dff24e379) -- action (cxx_compile nopolicy_lightweightschema_shards/nopolicy_lightweightschema_shard44.cpp (pic)) [local_execute], and 1681 other actions
[2026-01-19T18:08:42.866-08:00] Waiting on fbcode//privacy/schemas/async_jobtype/schemalib/lang:impl (cfg:opt-linux-x86_64-fbcode-platform010-clang19-no-san-opt-by-default#7bc20b5dff24e379) -- action (cxx_compile schemas/shard74.cpp (pic)) [local_execute], and 1669 other actions
[2026-01-19T18:08:49.874-08:00] Waiting on fbcode//privacy/schemas/mysql/schemalib/lang:impl (cfg:opt-linux-x86_64-fbcode-platform010-clang19-no-san-opt-by-default#7bc20b5dff24e379) -- action (cxx_compile nopolicy_lightweightschema_shards/nopolicy_lightweightschema_shard41.cpp (pic)) [local_execute], and 1647 other actions
[2026-01-19T18:08:56.975-08:00] Waiting on fbcode//privacy/schemas/everstore/schemalib/lang:impl (cfg:opt-linux-x86_64-fbcode-platform010-clang19-no-san-opt-by-default#7bc20b5dff24e379) -- action (cxx_compile schemas/shard57.cpp (pic)) [local_execute], and 1628 other actions
[2026-01-19T18:09:04.068-08:00] Waiting on fbcode//privacy/schemas/logger_read/schemalib/lang:impl (cfg:opt-linux-x86_64-fbcode-platform010-clang19-no-san-opt-by-default#7bc20b5dff24e379) -- action (cxx_compile nopolicy_lightweightschema_shards/nopolicy_lightweightschema_shard58.cpp (pic)) [local_execute], and 1611 other actions
