[2026-01-18T19:54:48.604-08:00] Buck UI: https://www.internalfb.com/buck2/65819419-c61f-47f0-b775-5f637d815d36
[2026-01-18T19:54:48.923-08:00] Network: Up: 0B  Down: 0B
BUILD SUCCEEDED - starting your binary
Found 3 checkpoints: ['/home/buiksat/trm_bellman/results/exp3_v2/nc_rdis_s41/model_step_5000.pt', '/home/buiksat/trm_bellman/results/exp3/nc_rdis_s42/model_step_5000.pt', '/home/buiksat/trm_bellman/results/exp3_v2/nc_rdis_s43/model_step_5000.pt']
======================================================================
Exp4 Final v2: Multi-Checkpoint Evaluation (Paper-Defensible)
======================================================================

[Config] Checkpoints: ['/home/buiksat/trm_bellman/results/exp3_v2/nc_rdis_s41/model_step_5000.pt', '/home/buiksat/trm_bellman/results/exp3/nc_rdis_s42/model_step_5000.pt', '/home/buiksat/trm_bellman/results/exp3_v2/nc_rdis_s43/model_step_5000.pt']
[Config] YAML: /home/buiksat/trm_bellman/configs/exp3_projection_ablation/nc_rdis.yaml
[Config] Output: /home/buiksat/trm_bellman/results/paper_ready/exp4_projection_free_dial_v2
[Config] Device: cuda
[Config] Dial scales: [1.0, 0.85, 0.7, 0.55]
[Config] n_train=2, eval_n=[4, 8, 16]

[Load] Loading checkpoint seed 41: /home/buiksat/trm_bellman/results/exp3_v2/nc_rdis_s41/model_step_5000.pt
/data/repos/fbsource/buck-out/v2/gen/fbcode/7bc20b5dff24e379/buiksat_trm/__exp4_final_v2__/exp4_final_v2#link-tree/torch/cuda/__init__.py:373: UserWarning: Found GPU0 NVIDIA A100-PG509-200 which is of compute capability (CC) 8.0.
The following list shows the CCs this version of PyTorch was built for and the hardware CCs it supports:
Please follow the instructions at https://pytorch.org/get-started/locally/ to install a PyTorch release that supports one of these CUDA versions: 12.6, 12.8, 13.0
  _warn_unsupported_code(d, device_cc, code_ccs)
/data/repos/fbsource/buck-out/v2/gen/fbcode/7bc20b5dff24e379/buiksat_trm/__exp4_final_v2__/exp4_final_v2#link-tree/torch/cuda/__init__.py:373: UserWarning: Found GPU1 NVIDIA A100-PG509-200 which is of compute capability (CC) 8.0.
The following list shows the CCs this version of PyTorch was built for and the hardware CCs it supports:
Please follow the instructions at https://pytorch.org/get-started/locally/ to install a PyTorch release that supports one of these CUDA versions: 12.6, 12.8, 13.0
  _warn_unsupported_code(d, device_cc, code_ccs)
/data/repos/fbsource/buck-out/v2/gen/fbcode/7bc20b5dff24e379/buiksat_trm/__exp4_final_v2__/exp4_final_v2#link-tree/torch/cuda/__init__.py:373: UserWarning: Found GPU2 NVIDIA A100-PG509-200 which is of compute capability (CC) 8.0.
The following list shows the CCs this version of PyTorch was built for and the hardware CCs it supports:
Please follow the instructions at https://pytorch.org/get-started/locally/ to install a PyTorch release that supports one of these CUDA versions: 12.6, 12.8, 13.0
  _warn_unsupported_code(d, device_cc, code_ccs)
/data/repos/fbsource/buck-out/v2/gen/fbcode/7bc20b5dff24e379/buiksat_trm/__exp4_final_v2__/exp4_final_v2#link-tree/torch/cuda/__init__.py:373: UserWarning: Found GPU3 NVIDIA A100-PG509-200 which is of compute capability (CC) 8.0.
The following list shows the CCs this version of PyTorch was built for and the hardware CCs it supports:
Please follow the instructions at https://pytorch.org/get-started/locally/ to install a PyTorch release that supports one of these CUDA versions: 12.6, 12.8, 13.0
  _warn_unsupported_code(d, device_cc, code_ccs)
INFO:2026-01-18 19:54:53 2041396:2041396 CuptiCallbackApi.cpp:74] Callback: domain = 3, cbid = 1
INFO:2026-01-18 19:54:53 2041396:2041396 CuptiActivityProfiler.cpp:245] CUDA versions. CUPTI: 22; Runtime: 12040; Driver: 12040
INFO:2026-01-18 19:54:53 2041396:2042307 FBConfig.cpp:330] Perfetto builder enabled: 1
INFO:2026-01-18 19:54:53 2041396:2042307 DynoConfigLoader.cpp:61] Setting communication fabric enabled = 0
[Load] Loading checkpoint seed 42: /home/buiksat/trm_bellman/results/exp3/nc_rdis_s42/model_step_5000.pt
[Load] Loading checkpoint seed 43: /home/buiksat/trm_bellman/results/exp3_v2/nc_rdis_s43/model_step_5000.pt
[Load] Loaded 3 checkpoints

INFO:2026-01-18 19:54:53 2041396:2042307 DynoConfigLoader.cpp:61] Setting communication fabric enabled = 0
[Dataset] Loaded 2000 total puzzles
[B0] Built batch with 100 states
[B1] Building successor closure from 100 B0 states
[B1] Using union of top-5 actions from 3 checkpoints × 4 scales
WARNING:root:===========[FB_TRITON]=========== Triton Version: 3.3.2+fb
[B1] Generated 1048 unique successors

[Batches] B0: 100 states (hash: 9ceab78310f3)
[Batches] B1: 1048 states (hash: fca64be3b53c)


============================================================
Checkpoint seed 41
============================================================

[Scale 1.00]
  L_preproj: 0.2355 ± 0.0111
  B0 ΔV@8x: 0.0924
  B0 argmax@8x: 0.9600
  B0 entropy (train/eval): 2.593 / 2.591
  B1 ΔV@8x: 0.0945
  B1 argmax@8x: 0.9609
  B1 entropy (train/eval): 2.598 / 2.597

[Scale 0.85]
  L_preproj: 0.2556 ± 0.0085
  B0 ΔV@8x: 0.0513
  B0 argmax@8x: 0.9400
  B0 entropy (train/eval): 2.617 / 2.603
  B1 ΔV@8x: 0.0565
  B1 argmax@8x: 0.9437
  B1 entropy (train/eval): 2.621 / 2.610

[Scale 0.70]
  L_preproj: 0.3223 ± 0.0077
  B0 ΔV@8x: 0.5968
  B0 argmax@8x: 0.9200
  B0 entropy (train/eval): 2.709 / 2.644
  B1 ΔV@8x: 0.5916
  B1 argmax@8x: 0.9103
  B1 entropy (train/eval): 2.713 / 2.651

[Scale 0.55]
  L_preproj: 0.4589 ± 0.0088
  B0 ΔV@8x: 1.6903
  B0 argmax@8x: 0.8500
  B0 entropy (train/eval): 2.932 / 2.772
  B1 ΔV@8x: 1.6868
  B1 argmax@8x: 0.8349
  B1 entropy (train/eval): 2.931 / 2.777

============================================================
Checkpoint seed 42
============================================================

[Scale 1.00]
  L_preproj: 0.9433 ± 0.2441
  B0 ΔV@8x: 0.6080
  B0 argmax@8x: 0.7000
  B0 entropy (train/eval): 2.766 / 2.939
  B1 ΔV@8x: 0.7428
  B1 argmax@8x: 0.6345
  B1 entropy (train/eval): 2.825 / 3.018

[Scale 0.85]
  L_preproj: 0.6155 ± 0.0974
  B0 ΔV@8x: 0.4478
  B0 argmax@8x: 0.6600
  B0 entropy (train/eval): 2.720 / 2.920
  B1 ΔV@8x: 0.5372
  B1 argmax@8x: 0.6803
  B1 entropy (train/eval): 2.776 / 2.983

[Scale 0.70]
  L_preproj: 0.5092 ± 0.0565
  B0 ΔV@8x: 0.5034
  B0 argmax@8x: 0.7200
  B0 entropy (train/eval): 2.730 / 2.914
  B1 ΔV@8x: 0.4599
  B1 argmax@8x: 0.7176
  B1 entropy (train/eval): 2.783 / 2.966

[Scale 0.55]
  L_preproj: 0.5424 ± 0.0326
  B0 ΔV@8x: 0.7871
  B0 argmax@8x: 0.7100
  B0 entropy (train/eval): 2.792 / 2.926
  B1 ΔV@8x: 0.7278
  B1 argmax@8x: 0.6660
  B1 entropy (train/eval): 2.850 / 2.977

============================================================
Checkpoint seed 43
============================================================

[Scale 1.00]
  L_preproj: 0.2441 ± 0.0156
  B0 ΔV@8x: 0.1011
  B0 argmax@8x: 1.0000
  B0 entropy (train/eval): 2.472 / 2.498
  B1 ΔV@8x: 0.1047
  B1 argmax@8x: 0.9714
  B1 entropy (train/eval): 2.473 / 2.500

[Scale 0.85]
  L_preproj: 0.2665 ± 0.0119
  B0 ΔV@8x: 0.0281
  B0 argmax@8x: 1.0000
  B0 entropy (train/eval): 2.462 / 2.491
  B1 ΔV@8x: 0.0318
  B1 argmax@8x: 0.9618
  B1 entropy (train/eval): 2.463 / 2.493

[Scale 0.70]
  L_preproj: 0.3426 ± 0.0114
  B0 ΔV@8x: 0.4966
  B0 argmax@8x: 1.0000
  B0 entropy (train/eval): 2.515 / 2.500
  B1 ΔV@8x: 0.4877
  B1 argmax@8x: 0.9523
  B1 entropy (train/eval): 2.515 / 2.502

[Scale 0.55]
  L_preproj: 0.4674 ± 0.0102
  B0 ΔV@8x: 1.5306
  B0 argmax@8x: 0.9000
  B0 entropy (train/eval): 2.697 / 2.561
  B1 ΔV@8x: 1.5260
  B1 argmax@8x: 0.8769
  B1 entropy (train/eval): 2.692 / 2.560

======================================================================
MONOTONICITY ANALYSIS (N=12 independent samples)
======================================================================

Spearman correlations (L_preproj vs metric, N=12):
  B0 argmax@8x:  ρ=-0.8662, p=0.0003
  B1 argmax@8x:  ρ=-0.9231, p=0.0000
  B0 ΔV@8x:      ρ=0.6154, p=0.0332
  B1 ΔV@8x:      ρ=0.6573, p=0.0202

[Anti-degenerate check]
  Mean entropy (train depth): 2.667
  Mean entropy (eval depth):  2.697
  Min entropy (train depth):  2.462
  Entropy OK (min > 0.5): YES

[Pseudo-replication check]
  Argmax varies across checkpoints within scale: YES

------------------------------------------------------------
DECISION GATES
------------------------------------------------------------
G0 (Projection inactive): PASS
G1 (Stability, no NaN):   PASS
G2 (Dial range >= 0.10):  PASS (spread=0.7078)
G3 (Monotonicity |ρ|>0.5, p<0.05): PASS
    B0 argmax@8x: PASS (ρ=-0.8662, p=0.0003)
    B1 argmax@8x: PASS (ρ=-0.9231, p=0.0000)
    B0 ΔV@8x:     PASS (ρ=0.6154, p=0.0332)
    B1 ΔV@8x:     PASS (ρ=0.6573, p=0.0202)

DECISION: POSITIVE: Dial viable with statistically significant monotonicity

Saved: /home/buiksat/trm_bellman/results/paper_ready/exp4_projection_free_dial_v2/summary.json
Saved: /home/buiksat/trm_bellman/results/paper_ready/exp4_projection_free_dial_v2/CLAIMS.md
Saved: /home/buiksat/trm_bellman/results/paper_ready/exp4_projection_free_dial_v2/PROVENANCE.md
