[2026-01-19T08:08:17.522-08:00] Buck UI: https://www.internalfb.com/buck2/c4bff319-2701-4f22-8c6c-778b2e447720
[2026-01-19T08:08:26.018-08:00] Waiting on buck2 daemon c4bff319-2701-4f22-8c6c-778b2e447720...
[2026-01-19T08:08:26.018-08:00] Resource usage: RSS: 1.8GiB CPU: 2624%
[2026-01-19T08:08:26.018-08:00] IO: ReadDir: 1
[2026-01-19T08:08:28.718-08:00] [2m2026-01-19T16:08:28.671934Z[0m [33m WARN[0m [2mbuck2_interpreter_for_build::interpreter::functions::warning[0m[2m:[0m NCCL version '2.23.4' format is being deprecated for this NCCL version, please use MAJOR:MINOR format: 2.23 instead
[2026-01-19T08:08:28.718-08:00] [2m2026-01-19T16:08:28.671975Z[0m [33m WARN[0m [2mbuck2_interpreter_for_build::interpreter::functions::warning[0m[2m:[0m NCCL version '2.25.1' format is being deprecated for this NCCL version, please use MAJOR:MINOR format: 2.25 instead
[2026-01-19T08:08:28.718-08:00] [2m2026-01-19T16:08:28.672000Z[0m [33m WARN[0m [2mbuck2_interpreter_for_build::interpreter::functions::warning[0m[2m:[0m NCCL version '2.23.4' format is being deprecated for this NCCL version, please use MAJOR:MINOR format: 2.23 instead
[2026-01-19T08:08:28.718-08:00] [2m2026-01-19T16:08:28.672008Z[0m [33m WARN[0m [2mbuck2_interpreter_for_build::interpreter::functions::warning[0m[2m:[0m NCCL version '2.23.4' format is being deprecated for this NCCL version, please use MAJOR:MINOR format: 2.23 instead
[2026-01-19T08:08:28.718-08:00] [2m2026-01-19T16:08:28.672017Z[0m [33m WARN[0m [2mbuck2_interpreter_for_build::interpreter::functions::warning[0m[2m:[0m NCCL version '2.23.4' format is being deprecated for this NCCL version, please use MAJOR:MINOR format: 2.23 instead
[2026-01-19T08:08:34.727-08:00] [2m2026-01-19T16:08:34.636322Z[0m [33m WARN[0m [2mbuck2_interpreter_for_build::interpreter::functions::warning[0m[2m:[0m ptxas 12.8 is not available on platform platform010-aarch64-compat
[2026-01-19T08:08:34.727-08:00] [2m2026-01-19T16:08:34.636350Z[0m [33m WARN[0m [2mbuck2_interpreter_for_build::interpreter::functions::warning[0m[2m:[0m ptxas 12.8 is not available on platform platform010-compat
[2026-01-19T08:08:34.727-08:00] [2m2026-01-19T16:08:34.636355Z[0m [33m WARN[0m [2mbuck2_interpreter_for_build::interpreter::functions::warning[0m[2m:[0m ptxas 12.8 is not available on platform platform010-libcxx
[2026-01-19T08:08:34.727-08:00] [2m2026-01-19T16:08:34.636360Z[0m [33m WARN[0m [2mbuck2_interpreter_for_build::interpreter::functions::warning[0m[2m:[0m ptxas 12.8 is not available on platform antlir-distro
[2026-01-19T08:08:41.822-08:00] Waiting on buck2 daemon c4bff319-2701-4f22-8c6c-778b2e447720...
[2026-01-19T08:08:41.822-08:00] Resource usage: RSS: 6.7GiB CPU: 8397%
[2026-01-19T08:08:41.822-08:00] IO: none
[2026-01-19T08:08:48.917-08:00] Waiting on buck2 daemon c4bff319-2701-4f22-8c6c-778b2e447720...
[2026-01-19T08:08:48.917-08:00] Resource usage: RSS: 5.8GiB CPU: 425%
[2026-01-19T08:08:48.917-08:00] IO: none
[2026-01-19T08:08:55.918-08:00] Waiting on buck2 daemon c4bff319-2701-4f22-8c6c-778b2e447720...
[2026-01-19T08:08:55.918-08:00] Resource usage: RSS: 6.3GiB CPU: 4297%
[2026-01-19T08:08:55.918-08:00] IO: none
[2026-01-19T08:09:02.207-08:00] RE Session: reSessionID-952cc2e5-a58c-4a18-a4e3-173781562f60
[2026-01-19T08:09:09.217-08:00] Waiting on fbsource//third-party/pypi/matplotlib/3.10.0:py (cfg:opt-linux-x86_64-fbcode-platform010-clang19-no-san-opt-by-default#7bc20b5dff24e379) -- action (py_compile CHECKED_HASH) [local_execute], and 374 other actions
[2026-01-19T08:09:16.218-08:00] Waiting on fbsource//third-party/pypi/matplotlib/3.10.0:py (cfg:opt-linux-x86_64-fbcode-platform010-clang19-no-san-opt-by-default#7bc20b5dff24e379) -- action (py_compile CHECKED_HASH) [local_execute], and 2257 other actions
[2026-01-19T08:09:23.318-08:00] Waiting on fbsource//third-party/pypi/scipy/1.15.x:py (cfg:opt-linux-x86_64-fbcode-platform010-clang19-no-san-opt-by-default#7bc20b5dff24e379) -- action (py_compile CHECKED_HASH) [local_execute], and 1811 other actions
[2026-01-19T08:09:30.417-08:00] Waiting on fbsource//third-party/pypi/scipy/1.15.x:py (cfg:opt-linux-x86_64-fbcode-platform010-clang19-no-san-opt-by-default#7bc20b5dff24e379) -- action (py_compile CHECKED_HASH) [local_execute], and 1778 other actions
[2026-01-19T08:09:37.518-08:00] Waiting on fbcode//manifold/blobstore/if:encryption-py-deprecated (cfg:opt-linux-x86_64-fbcode-platform010-clang19-no-san-opt-by-default#7bc20b5dff24e379) -- action (py_compile CHECKED_HASH) [local_execute], and 1462 other actions
[2026-01-19T08:09:44.618-08:00] Waiting on fbcode//configerator/structs/tupperware/agents:twfw-py3-types-reflection (cfg:opt-linux-x86_64-fbcode-platform010-clang19-no-san-opt-by-default#7bc20b5dff24e379) -- action (py_compile CHECKED_HASH) [local_materialize_inputs], and 1241 other actions
[2026-01-19T08:09:51.618-08:00] Waiting on fbcode//ai_infra/nucleator/if:nucleator_thrift-py3-types-reflection (cfg:opt-linux-x86_64-fbcode-platform010-clang19-no-san-opt-by-default#7bc20b5dff24e379) -- action (py_compile CHECKED_HASH) [local_execute], and 986 other actions
[2026-01-19T08:09:58.718-08:00] Waiting on fbcode//security/service_identity_policy/if:IdentityPolicyCommon-py3-types-reflection (cfg:opt-linux-x86_64-fbcode-platform010-clang19-no-san-opt-by-default#7bc20b5dff24e379) -- action (py_compile CHECKED_HASH) [local_execute], and 662 other actions
[2026-01-19T08:10:05.822-08:00] Waiting on fbcode//datainfra/nocron/if:chronos_thrift-py-deprecated (cfg:opt-linux-x86_64-fbcode-platform010-clang19-no-san-opt-by-default#7bc20b5dff24e379) -- action (py_compile CHECKED_HASH) [local_execute], and 457 other actions
[2026-01-19T08:10:12.918-08:00] Waiting on fbcode//configerator/structs/privacy/unified_taxonomy/expanded/semantic_type:semantic_type-python-types (cfg:opt-linux-x86_64-fbcode-platform010-clang19-no-san-opt-by-default#7bc20b5dff24e379) -- action (py_compile CHECKED_HASH) [local_execute], and 349 other actions
[2026-01-19T08:10:20.018-08:00] Waiting on fbcode//configerator/structs/aiplatform/modelstore/umm/if:storage_metadata-py3-types-reflection (cfg:opt-linux-x86_64-fbcode-platform010-clang19-no-san-opt-by-default#7bc20b5dff24e379) -- action (py_compile CHECKED_HASH), and 279 other actions
[2026-01-19T08:10:27.117-08:00] Waiting on fbcode//configerator/distribution/api/polyglot:configerator-configerator.ligen-py_dynamic (cfg:opt-linux-x86_64-fbcode-platform010-clang19-no-san-opt-by-default#7bc20b5dff24e379) -- action (genrule), and 180 other actions
[2026-01-19T08:10:34.121-08:00] Waiting on fbcode//thrift/lib/python:mutable_types/mutable_typeinfos (cfg:opt-linux-x86_64-fbcode-platform010-clang19-no-san-opt-by-default#9c797207700c926f) -- action (cxx_compile mutable_typeinfos.cpp (pic)) [local_execute], and 58 other actions
[2026-01-19T08:10:41.218-08:00] Waiting on fbcode//thrift/lib/python:mutable_types/mutable_typeinfos (cfg:opt-linux-x86_64-fbcode-platform010-clang19-no-san-opt-by-default#9c797207700c926f) -- action (cxx_compile mutable_typeinfos.cpp (pic)) [local_execute], and 39 other actions
[2026-01-19T08:10:48.318-08:00] Waiting on fbcode//thrift/lib/python:mutable_types/mutable_typeinfos (cfg:opt-linux-x86_64-fbcode-platform010-clang19-no-san-opt-by-default#9c797207700c926f) -- action (cxx_compile mutable_typeinfos.cpp (pic)) [local_execute], and 29 other actions
[2026-01-19T08:10:55.418-08:00] Waiting on fbcode//thrift/lib/python:mutable_types/mutable_typeinfos (cfg:opt-linux-x86_64-fbcode-platform010-clang19-no-san-opt-by-default#9c797207700c926f) -- action (cxx_compile mutable_typeinfos.cpp (pic)) [local_execute], and 21 other actions
[2026-01-19T08:11:02.527-08:00] Waiting on fbcode//falcon/client/fetch:FalconEntityFetcherConfigProvider (cfg:opt-linux-x86_64-fbcode-platform010-clang19-no-san-opt-by-default#9c797207700c926f) -- action (cxx_compile FalconEntityFetcherConfigProvider.cpp (pic)) [local_execute], and 78 other actions
[2026-01-19T08:11:09.618-08:00] Waiting on fbcode//falcon/client/fetch:FalconEntityFetcherConfigProvider (cfg:opt-linux-x86_64-fbcode-platform010-clang19-no-san-opt-by-default#9c797207700c926f) -- action (cxx_compile FalconEntityFetcherConfigProvider.cpp (pic)), and 100 other actions
[2026-01-19T08:11:16.624-08:00] Waiting on fbcode//smc/smcproxy/lib/shim:FetchOnlyFalconClient (cfg:opt-linux-x86_64-fbcode-platform010-clang19-no-san-opt-by-default#9c797207700c926f) -- action (cxx_compile FetchOnlyFalconClient.cpp (pic)), and 669 other actions
[2026-01-19T08:11:23.718-08:00] Waiting on fbcode//dsi/logger/configs/GeneratedPt2CompileEventsLoggerConfig:log_entry-py3-default-types (cfg:opt-linux-x86_64-fbcode-platform010-clang19-no-san-opt-by-default#7bc20b5dff24e379) -- action (py_compile CHECKED_HASH) [local_prepare_outputs], and 115 other actions
[2026-01-19T08:11:30.722-08:00] Waiting on fbcode//dsi/logger/configs/TritonCompileStatsLoggerConfig:_py3-logger-preinit-gen (cfg:opt-linux-x86_64-fbcode-platform010-clang19-no-san-opt-by-default#7bc20b5dff24e379) -- action (genrule) [local_materialize_inputs], and 38 other actions
[2026-01-19T08:11:37.817-08:00] Waiting on fbcode//dsi/logger/configs/TritonCompileStatsLoggerConfig:_py3-logger-preinit-gen (cfg:opt-linux-x86_64-fbcode-platform010-clang19-no-san-opt-by-default#7bc20b5dff24e379) -- action (genrule) [local_execute], and 26 other actions
[2026-01-19T08:11:44.824-08:00] Waiting on fbcode//dsi/logger/configs/TritonCompileStatsLoggerConfig:_py3-logger-preinit-gen (cfg:opt-linux-x86_64-fbcode-platform010-clang19-no-san-opt-by-default#7bc20b5dff24e379) -- action (genrule) [local_execute], and 24 other actions
[2026-01-19T08:11:51.924-08:00] Waiting on fbcode//caffe2:_torch (cfg:opt-linux-x86_64-fbcode-platform010-clang19-no-san-opt-by-default#7bc20b5dff24e379) -- materializing `bytecode_CHECKED_HASH`, and 183 other actions
[2026-01-19T08:11:59.019-08:00] Waiting on fbcode//caffe2:_torch (cfg:opt-linux-x86_64-fbcode-platform010-clang19-no-san-opt-by-default#7bc20b5dff24e379) -- materializing `bytecode_CHECKED_HASH`, and 9 other actions
[2026-01-19T08:12:06.118-08:00] Waiting on fbcode//caffe2:_torch (cfg:opt-linux-x86_64-fbcode-platform010-clang19-no-san-opt-by-default#7bc20b5dff24e379) -- materializing `bytecode_CHECKED_HASH`, and 1 other actions
[2026-01-19T08:12:13.121-08:00] Waiting on fbcode//buiksat_trm:upi_trm_train (cfg:opt-linux-x86_64-fbcode-platform010-clang19-no-san-opt-by-default#7bc20b5dff24e379) -- action (par make_live_par_incremental) [local_execute]
[2026-01-19T08:12:20.218-08:00] Waiting on fbcode//buiksat_trm:upi_trm_train (cfg:opt-linux-x86_64-fbcode-platform010-clang19-no-san-opt-by-default#7bc20b5dff24e379) -- action (par make_live_par_incremental) [local_execute]
[2026-01-19T08:12:27.328-08:00] Waiting on buck2 daemon c4bff319-2701-4f22-8c6c-778b2e447720...
[2026-01-19T08:12:27.328-08:00] Network: Up: 1.3GiB           Down: 3.5GiB           (reSessionID-952cc2e5-a58c-4a18-a4e3-173781562f60)
[2026-01-19T08:12:27.328-08:00] Resource usage: RSS: 17GiB CPU: 128%
[2026-01-19T08:12:27.328-08:00] IO: none
[2026-01-19T08:12:34.421-08:00] Waiting on buck2 daemon c4bff319-2701-4f22-8c6c-778b2e447720...
[2026-01-19T08:12:34.421-08:00] Network: Up: 1.3GiB  48KiB/s  Down: 3.5GiB           (reSessionID-952cc2e5-a58c-4a18-a4e3-173781562f60)
[2026-01-19T08:12:34.421-08:00] Resource usage: RSS: 18GiB CPU: 192%
[2026-01-19T08:12:34.421-08:00] IO: none
[2026-01-19T08:12:41.423-08:00] Waiting on buck2 daemon c4bff319-2701-4f22-8c6c-778b2e447720...
[2026-01-19T08:12:41.423-08:00] Network: Up: 1.3GiB           Down: 3.5GiB  89KiB/s  (reSessionID-952cc2e5-a58c-4a18-a4e3-173781562f60)
[2026-01-19T08:12:41.423-08:00] Resource usage: RSS: 17GiB CPU: 280%
[2026-01-19T08:12:41.423-08:00] IO: none
[2026-01-19T08:12:48.522-08:00] Waiting on buck2 daemon c4bff319-2701-4f22-8c6c-778b2e447720...
[2026-01-19T08:12:48.522-08:00] Network: Up: 1.3GiB 389KiB/s  Down: 3.5GiB 583KiB/s  (reSessionID-952cc2e5-a58c-4a18-a4e3-173781562f60)
[2026-01-19T08:12:48.522-08:00] Resource usage: RSS: 18GiB CPU: 410%
[2026-01-19T08:12:48.522-08:00] IO: none
[2026-01-19T08:12:55.618-08:00] Waiting on buck2 daemon c4bff319-2701-4f22-8c6c-778b2e447720...
[2026-01-19T08:12:55.618-08:00] Network: Up: 1.3GiB 192KiB/s  Down: 3.6GiB 3.3MiB/s  (reSessionID-952cc2e5-a58c-4a18-a4e3-173781562f60)
[2026-01-19T08:12:55.630-08:00] Resource usage: RSS: 18GiB CPU: 614%
[2026-01-19T08:12:55.630-08:00] IO: MkDir: 4
[2026-01-19T08:13:02.718-08:00] Waiting on buck2 daemon c4bff319-2701-4f22-8c6c-778b2e447720...
[2026-01-19T08:13:02.718-08:00] Network: Up: 1.3GiB 308KiB/s  Down: 3.6GiB 308KiB/s  (reSessionID-952cc2e5-a58c-4a18-a4e3-173781562f60)
[2026-01-19T08:13:02.718-08:00] Resource usage: RSS: 18GiB CPU: 438%
[2026-01-19T08:13:02.718-08:00] IO: none
[2026-01-19T08:13:09.817-08:00] Waiting on buck2 daemon c4bff319-2701-4f22-8c6c-778b2e447720...
[2026-01-19T08:13:09.818-08:00] Network: Up: 1.3GiB 298KiB/s  Down: 3.6GiB 816KiB/s  (reSessionID-952cc2e5-a58c-4a18-a4e3-173781562f60)
[2026-01-19T08:13:09.818-08:00] Resource usage: RSS: 18GiB CPU: 444%
[2026-01-19T08:13:09.818-08:00] IO: Symlink: 2 MkDir: 2 Write: 6
[2026-01-19T08:13:16.818-08:00] Waiting on buck2 daemon c4bff319-2701-4f22-8c6c-778b2e447720...
[2026-01-19T08:13:16.818-08:00] Network: Up: 1.3GiB 630KiB/s  Down: 4.0GiB 3.0MiB/s  (reSessionID-952cc2e5-a58c-4a18-a4e3-173781562f60)
[2026-01-19T08:13:16.818-08:00] Resource usage: RSS: 18GiB CPU: 725%
[2026-01-19T08:13:16.818-08:00] IO: none
[2026-01-19T08:13:23.918-08:00] Waiting on buck2 daemon c4bff319-2701-4f22-8c6c-778b2e447720...
[2026-01-19T08:13:23.918-08:00] Network: Up: 1.3GiB           Down: 4.0GiB 1.1MiB/s  (reSessionID-952cc2e5-a58c-4a18-a4e3-173781562f60)
[2026-01-19T08:13:23.918-08:00] Resource usage: RSS: 18GiB CPU: 1128%
[2026-01-19T08:13:23.918-08:00] IO: MkDir: 4
[2026-01-19T08:13:30.920-08:00] Waiting on buck2 daemon c4bff319-2701-4f22-8c6c-778b2e447720...
[2026-01-19T08:13:30.920-08:00] Network: Up: 1.3GiB  73KiB/s  Down: 4.1GiB 1.4MiB/s  (reSessionID-952cc2e5-a58c-4a18-a4e3-173781562f60)
[2026-01-19T08:13:30.920-08:00] Resource usage: RSS: 18GiB CPU: 425%
[2026-01-19T08:13:30.920-08:00] IO: none
[2026-01-19T08:13:38.026-08:00] Waiting on buck2 daemon c4bff319-2701-4f22-8c6c-778b2e447720...
[2026-01-19T08:13:38.026-08:00] Network: Up: 1.3GiB 532B/s    Down: 4.1GiB  10KiB/s  (reSessionID-952cc2e5-a58c-4a18-a4e3-173781562f60)
[2026-01-19T08:13:38.026-08:00] Resource usage: RSS: 18GiB CPU: 783%
[2026-01-19T08:13:38.026-08:00] IO: Symlink: 1 MkDir: 3
[2026-01-19T08:13:45.117-08:00] Waiting on buck2 daemon c4bff319-2701-4f22-8c6c-778b2e447720...
[2026-01-19T08:13:45.117-08:00] Network: Up: 1.3GiB           Down: 4.1GiB 907KiB/s  (reSessionID-952cc2e5-a58c-4a18-a4e3-173781562f60)
[2026-01-19T08:13:45.117-08:00] Resource usage: RSS: 18GiB CPU: 189%
[2026-01-19T08:13:45.117-08:00] IO: none
[2026-01-19T08:13:52.118-08:00] Waiting on buck2 daemon c4bff319-2701-4f22-8c6c-778b2e447720...
[2026-01-19T08:13:52.118-08:00] Network: Up: 1.3GiB           Down: 4.1GiB 337KiB/s  (reSessionID-952cc2e5-a58c-4a18-a4e3-173781562f60)
[2026-01-19T08:13:52.118-08:00] Resource usage: RSS: 18GiB CPU: 459%
[2026-01-19T08:13:52.118-08:00] IO: MkDir: 3 Stat: 1
[2026-01-19T08:13:59.119-08:00] Waiting on buck2 daemon c4bff319-2701-4f22-8c6c-778b2e447720...
[2026-01-19T08:13:59.119-08:00] Network: Up: 1.3GiB           Down: 4.1GiB           (reSessionID-952cc2e5-a58c-4a18-a4e3-173781562f60)
[2026-01-19T08:13:59.119-08:00] Resource usage: RSS: 18GiB CPU: 467%
[2026-01-19T08:13:59.119-08:00] IO: none
[2026-01-19T08:14:06.226-08:00] Waiting on buck2 daemon c4bff319-2701-4f22-8c6c-778b2e447720...
[2026-01-19T08:14:06.226-08:00] Network: Up: 1.3GiB 117KiB/s  Down: 4.1GiB 144KiB/s  (reSessionID-952cc2e5-a58c-4a18-a4e3-173781562f60)
[2026-01-19T08:14:06.226-08:00] Resource usage: RSS: 18GiB CPU: 645%
[2026-01-19T08:14:06.226-08:00] IO: none
[2026-01-19T08:14:13.227-08:00] Waiting on buck2 daemon c4bff319-2701-4f22-8c6c-778b2e447720...
[2026-01-19T08:14:13.227-08:00] Network: Up: 1.3GiB           Down: 4.1GiB  12KiB/s  (reSessionID-952cc2e5-a58c-4a18-a4e3-173781562f60)
[2026-01-19T08:14:13.227-08:00] Resource usage: RSS: 18GiB CPU: 640%
[2026-01-19T08:14:13.227-08:00] IO: none
[2026-01-19T08:14:20.318-08:00] Waiting on buck2 daemon c4bff319-2701-4f22-8c6c-778b2e447720...
[2026-01-19T08:14:20.318-08:00] Network: Up: 1.3GiB 118KiB/s  Down: 4.2GiB 7.5MiB/s  (reSessionID-952cc2e5-a58c-4a18-a4e3-173781562f60)
[2026-01-19T08:14:20.318-08:00] Resource usage: RSS: 18GiB CPU: 303%
[2026-01-19T08:14:20.318-08:00] IO: Copy: 1 MkDir: 3
[2026-01-19T08:14:27.320-08:00] Waiting on buck2 daemon c4bff319-2701-4f22-8c6c-778b2e447720...
[2026-01-19T08:14:27.320-08:00] Network: Up: 1.3GiB 132KiB/s  Down: 4.2GiB 5.8MiB/s  (reSessionID-952cc2e5-a58c-4a18-a4e3-173781562f60)
[2026-01-19T08:14:27.320-08:00] Resource usage: RSS: 18GiB CPU: 304%
[2026-01-19T08:14:27.320-08:00] IO: Copy: 3
[2026-01-19T08:14:34.325-08:00] Waiting on buck2 daemon c4bff319-2701-4f22-8c6c-778b2e447720...
[2026-01-19T08:14:34.325-08:00] Network: Up: 1.3GiB           Down: 4.3GiB 7.8MiB/s  (reSessionID-952cc2e5-a58c-4a18-a4e3-173781562f60)
[2026-01-19T08:14:34.325-08:00] Resource usage: RSS: 18GiB CPU: 417%
[2026-01-19T08:14:34.325-08:00] IO: Symlink: 2 MkDir: 2
[2026-01-19T08:14:41.328-08:00] Waiting on buck2 daemon c4bff319-2701-4f22-8c6c-778b2e447720...
[2026-01-19T08:14:41.328-08:00] Network: Up: 1.3GiB           Down: 4.5GiB 6.5MiB/s  (reSessionID-952cc2e5-a58c-4a18-a4e3-173781562f60)
[2026-01-19T08:14:41.328-08:00] Resource usage: RSS: 18GiB CPU: 335%
[2026-01-19T08:14:41.328-08:00] IO: none
[2026-01-19T08:14:48.418-08:00] Waiting on buck2 daemon c4bff319-2701-4f22-8c6c-778b2e447720...
[2026-01-19T08:14:48.418-08:00] Network: Up: 1.3GiB           Down: 4.5GiB 6.1MiB/s  (reSessionID-952cc2e5-a58c-4a18-a4e3-173781562f60)
[2026-01-19T08:14:48.418-08:00] Resource usage: RSS: 18GiB CPU: 272%
[2026-01-19T08:14:48.418-08:00] IO: none
[2026-01-19T08:14:55.518-08:00] Waiting on buck2 daemon c4bff319-2701-4f22-8c6c-778b2e447720...
[2026-01-19T08:14:55.518-08:00] Network: Up: 1.4GiB  63KiB/s  Down: 4.6GiB  21MiB/s  (reSessionID-952cc2e5-a58c-4a18-a4e3-173781562f60)
[2026-01-19T08:14:55.518-08:00] Resource usage: RSS: 18GiB CPU: 329%
[2026-01-19T08:14:55.518-08:00] IO: none
[2026-01-19T08:15:02.618-08:00] Waiting on buck2 daemon c4bff319-2701-4f22-8c6c-778b2e447720...
[2026-01-19T08:15:02.618-08:00] Network: Up: 1.4GiB 249KiB/s  Down: 4.6GiB 348KiB/s  (reSessionID-952cc2e5-a58c-4a18-a4e3-173781562f60)
[2026-01-19T08:15:02.618-08:00] Resource usage: RSS: 17GiB CPU: 135%
[2026-01-19T08:15:02.618-08:00] IO: none
[2026-01-19T08:15:09.717-08:00] Waiting on buck2 daemon c4bff319-2701-4f22-8c6c-778b2e447720...
[2026-01-19T08:15:09.717-08:00] Network: Up: 1.4GiB 279KiB/s  Down: 4.6GiB 180KiB/s  (reSessionID-952cc2e5-a58c-4a18-a4e3-173781562f60)
[2026-01-19T08:15:09.717-08:00] Resource usage: RSS: 17GiB CPU: 135%
[2026-01-19T08:15:09.717-08:00] IO: none
[2026-01-19T08:15:16.717-08:00] Waiting on buck2 daemon c4bff319-2701-4f22-8c6c-778b2e447720...
[2026-01-19T08:15:16.717-08:00] Network: Up: 1.4GiB           Down: 4.6GiB           (reSessionID-952cc2e5-a58c-4a18-a4e3-173781562f60)
[2026-01-19T08:15:16.717-08:00] Resource usage: RSS: 17GiB CPU: 113%
[2026-01-19T08:15:16.718-08:00] IO: none
[2026-01-19T08:15:23.818-08:00] Waiting on buck2 daemon c4bff319-2701-4f22-8c6c-778b2e447720...
[2026-01-19T08:15:23.818-08:00] Network: Up: 1.4GiB           Down: 4.6GiB           (reSessionID-952cc2e5-a58c-4a18-a4e3-173781562f60)
[2026-01-19T08:15:23.818-08:00] Resource usage: RSS: 17GiB CPU: 109%
[2026-01-19T08:15:23.818-08:00] IO: none
[2026-01-19T08:15:30.918-08:00] Waiting on buck2 daemon c4bff319-2701-4f22-8c6c-778b2e447720...
[2026-01-19T08:15:30.918-08:00] Network: Up: 1.4GiB           Down: 4.6GiB           (reSessionID-952cc2e5-a58c-4a18-a4e3-173781562f60)
[2026-01-19T08:15:30.918-08:00] Resource usage: RSS: 17GiB CPU: 112%
[2026-01-19T08:15:30.918-08:00] IO: none
[2026-01-19T08:15:38.017-08:00] Waiting on buck2 daemon c4bff319-2701-4f22-8c6c-778b2e447720...
[2026-01-19T08:15:38.017-08:00] Network: Up: 1.4GiB           Down: 4.6GiB           (reSessionID-952cc2e5-a58c-4a18-a4e3-173781562f60)
[2026-01-19T08:15:38.017-08:00] Resource usage: RSS: 17GiB CPU: 111%
[2026-01-19T08:15:38.017-08:00] IO: none
[2026-01-19T08:15:45.017-08:00] Waiting on buck2 daemon c4bff319-2701-4f22-8c6c-778b2e447720...
[2026-01-19T08:15:45.017-08:00] Network: Up: 1.4GiB           Down: 4.6GiB           (reSessionID-952cc2e5-a58c-4a18-a4e3-173781562f60)
[2026-01-19T08:15:45.017-08:00] Resource usage: RSS: 17GiB CPU: 110%
[2026-01-19T08:15:45.017-08:00] IO: none
[2026-01-19T08:15:52.018-08:00] Waiting on buck2 daemon c4bff319-2701-4f22-8c6c-778b2e447720...
[2026-01-19T08:15:52.018-08:00] Network: Up: 1.4GiB           Down: 4.6GiB           (reSessionID-952cc2e5-a58c-4a18-a4e3-173781562f60)
[2026-01-19T08:15:52.018-08:00] Resource usage: RSS: 17GiB CPU: 108%
[2026-01-19T08:15:52.018-08:00] IO: none
[2026-01-19T08:15:59.118-08:00] Waiting on buck2 daemon c4bff319-2701-4f22-8c6c-778b2e447720...
[2026-01-19T08:15:59.118-08:00] Network: Up: 1.4GiB           Down: 4.6GiB           (reSessionID-952cc2e5-a58c-4a18-a4e3-173781562f60)
[2026-01-19T08:15:59.118-08:00] Resource usage: RSS: 17GiB CPU: 109%
[2026-01-19T08:15:59.118-08:00] IO: none
[2026-01-19T08:16:06.218-08:00] Waiting on buck2 daemon c4bff319-2701-4f22-8c6c-778b2e447720...
[2026-01-19T08:16:06.218-08:00] Network: Up: 1.4GiB           Down: 4.6GiB           (reSessionID-952cc2e5-a58c-4a18-a4e3-173781562f60)
[2026-01-19T08:16:06.218-08:00] Resource usage: RSS: 17GiB CPU: 108%
[2026-01-19T08:16:06.218-08:00] IO: none
[2026-01-19T08:16:13.317-08:00] Waiting on buck2 daemon c4bff319-2701-4f22-8c6c-778b2e447720...
[2026-01-19T08:16:13.317-08:00] Network: Up: 1.4GiB           Down: 4.6GiB           (reSessionID-952cc2e5-a58c-4a18-a4e3-173781562f60)
[2026-01-19T08:16:13.317-08:00] Resource usage: RSS: 17GiB CPU: 109%
[2026-01-19T08:16:13.317-08:00] IO: none
[2026-01-19T08:16:20.318-08:00] Waiting on buck2 daemon c4bff319-2701-4f22-8c6c-778b2e447720...
[2026-01-19T08:16:20.318-08:00] Network: Up: 1.4GiB           Down: 4.6GiB           (reSessionID-952cc2e5-a58c-4a18-a4e3-173781562f60)
[2026-01-19T08:16:20.318-08:00] Resource usage: RSS: 17GiB CPU: 109%
[2026-01-19T08:16:20.318-08:00] IO: none
[2026-01-19T08:16:27.418-08:00] Waiting on buck2 daemon c4bff319-2701-4f22-8c6c-778b2e447720...
[2026-01-19T08:16:27.418-08:00] Network: Up: 1.4GiB           Down: 4.6GiB           (reSessionID-952cc2e5-a58c-4a18-a4e3-173781562f60)
[2026-01-19T08:16:27.418-08:00] Resource usage: RSS: 17GiB CPU: 108%
[2026-01-19T08:16:27.418-08:00] IO: none
[2026-01-19T08:16:34.518-08:00] Waiting on buck2 daemon c4bff319-2701-4f22-8c6c-778b2e447720...
[2026-01-19T08:16:34.518-08:00] Network: Up: 1.4GiB           Down: 4.6GiB           (reSessionID-952cc2e5-a58c-4a18-a4e3-173781562f60)
[2026-01-19T08:16:34.518-08:00] Resource usage: RSS: 17GiB CPU: 110%
[2026-01-19T08:16:34.518-08:00] IO: none
[2026-01-19T08:16:41.617-08:00] Waiting on buck2 daemon c4bff319-2701-4f22-8c6c-778b2e447720...
[2026-01-19T08:16:41.617-08:00] Network: Up: 1.4GiB           Down: 4.6GiB           (reSessionID-952cc2e5-a58c-4a18-a4e3-173781562f60)
[2026-01-19T08:16:41.617-08:00] Resource usage: RSS: 17GiB CPU: 108%
[2026-01-19T08:16:41.617-08:00] IO: none
[2026-01-19T08:16:48.618-08:00] Waiting on buck2 daemon c4bff319-2701-4f22-8c6c-778b2e447720...
[2026-01-19T08:16:48.618-08:00] Network: Up: 1.4GiB           Down: 4.6GiB           (reSessionID-952cc2e5-a58c-4a18-a4e3-173781562f60)
[2026-01-19T08:16:48.618-08:00] Resource usage: RSS: 17GiB CPU: 108%
[2026-01-19T08:16:48.618-08:00] IO: none
[2026-01-19T08:16:55.718-08:00] Waiting on buck2 daemon c4bff319-2701-4f22-8c6c-778b2e447720...
[2026-01-19T08:16:55.718-08:00] Network: Up: 1.4GiB           Down: 4.6GiB           (reSessionID-952cc2e5-a58c-4a18-a4e3-173781562f60)
[2026-01-19T08:16:55.718-08:00] Resource usage: RSS: 17GiB CPU: 108%
[2026-01-19T08:16:55.718-08:00] IO: none
[2026-01-19T08:17:02.818-08:00] Waiting on buck2 daemon c4bff319-2701-4f22-8c6c-778b2e447720...
[2026-01-19T08:17:02.818-08:00] Network: Up: 1.4GiB           Down: 4.7GiB           (reSessionID-952cc2e5-a58c-4a18-a4e3-173781562f60)
[2026-01-19T08:17:02.818-08:00] Resource usage: RSS: 17GiB CPU: 111%
[2026-01-19T08:17:02.818-08:00] IO: none
[2026-01-19T08:17:09.818-08:00] Waiting on buck2 daemon c4bff319-2701-4f22-8c6c-778b2e447720...
[2026-01-19T08:17:09.818-08:00] Network: Up: 1.4GiB           Down: 4.7GiB           (reSessionID-952cc2e5-a58c-4a18-a4e3-173781562f60)
[2026-01-19T08:17:09.818-08:00] Resource usage: RSS: 18GiB CPU: 210%
[2026-01-19T08:17:09.818-08:00] IO: none
[2026-01-19T08:17:16.917-08:00] Waiting on buck2 daemon c4bff319-2701-4f22-8c6c-778b2e447720...
[2026-01-19T08:17:16.917-08:00] Network: Up: 1.4GiB           Down: 5.0GiB  92MiB/s  (reSessionID-952cc2e5-a58c-4a18-a4e3-173781562f60)
[2026-01-19T08:17:16.917-08:00] Resource usage: RSS: 19GiB CPU: 1246%
[2026-01-19T08:17:16.917-08:00] IO: MkDir: 3 Stat: 1
[2026-01-19T08:17:23.918-08:00] Waiting on buck2 daemon c4bff319-2701-4f22-8c6c-778b2e447720...
[2026-01-19T08:17:23.918-08:00] Network: Up: 1.4GiB           Down: 5.6GiB  97MiB/s  (reSessionID-952cc2e5-a58c-4a18-a4e3-173781562f60)
[2026-01-19T08:17:23.918-08:00] Resource usage: RSS: 19GiB CPU: 1267%
[2026-01-19T08:17:23.918-08:00] IO: Symlink: 2 MkDir: 2
[2026-01-19T08:17:30.918-08:00] Waiting on buck2 daemon c4bff319-2701-4f22-8c6c-778b2e447720...
[2026-01-19T08:17:30.918-08:00] Network: Up: 1.4GiB           Down: 6.1GiB           (reSessionID-952cc2e5-a58c-4a18-a4e3-173781562f60)
[2026-01-19T08:17:30.918-08:00] Resource usage: RSS: 18GiB CPU: 111%
[2026-01-19T08:17:30.918-08:00] IO: none
[2026-01-19T08:17:38.018-08:00] Waiting on buck2 daemon c4bff319-2701-4f22-8c6c-778b2e447720...
[2026-01-19T08:17:38.018-08:00] Network: Up: 1.4GiB           Down: 6.1GiB           (reSessionID-952cc2e5-a58c-4a18-a4e3-173781562f60)
[2026-01-19T08:17:38.018-08:00] Resource usage: RSS: 18GiB CPU: 109%
[2026-01-19T08:17:38.018-08:00] IO: none
[2026-01-19T08:17:45.117-08:00] Waiting on buck2 daemon c4bff319-2701-4f22-8c6c-778b2e447720...
[2026-01-19T08:17:45.117-08:00] Network: Up: 1.4GiB           Down: 6.1GiB           (reSessionID-952cc2e5-a58c-4a18-a4e3-173781562f60)
[2026-01-19T08:17:45.117-08:00] Resource usage: RSS: 18GiB CPU: 108%
[2026-01-19T08:17:45.117-08:00] IO: none
[2026-01-19T08:17:52.218-08:00] Waiting on buck2 daemon c4bff319-2701-4f22-8c6c-778b2e447720...
[2026-01-19T08:17:52.218-08:00] Network: Up: 1.4GiB           Down: 6.1GiB           (reSessionID-952cc2e5-a58c-4a18-a4e3-173781562f60)
[2026-01-19T08:17:52.218-08:00] Resource usage: RSS: 18GiB CPU: 108%
[2026-01-19T08:17:52.218-08:00] IO: none
[2026-01-19T08:17:59.318-08:00] Waiting on buck2 daemon c4bff319-2701-4f22-8c6c-778b2e447720...
[2026-01-19T08:17:59.318-08:00] Network: Up: 1.4GiB           Down: 6.1GiB           (reSessionID-952cc2e5-a58c-4a18-a4e3-173781562f60)
[2026-01-19T08:17:59.318-08:00] Resource usage: RSS: 18GiB CPU: 109%
[2026-01-19T08:17:59.318-08:00] IO: none
[2026-01-19T08:18:03.276-08:00] Cache hits: 91%
[2026-01-19T08:18:03.276-08:00] Commands: 28333 (cached: 25855, remote: 0, local: 2478)
[2026-01-19T08:18:03.276-08:00] Network: Up: 1.4GiB  Down: 6.1GiB  (reSessionID-952cc2e5-a58c-4a18-a4e3-173781562f60)
[2026-01-19T08:18:06.417-08:00] Waiting on buck2 daemon c4bff319-2701-4f22-8c6c-778b2e447720...
[2026-01-19T08:18:06.418-08:00] Network: Up: 1.4GiB           Down: 6.1GiB           (reSessionID-952cc2e5-a58c-4a18-a4e3-173781562f60)
[2026-01-19T08:18:06.418-08:00] Resource usage: RSS: 18GiB CPU: 209%
[2026-01-19T08:18:06.418-08:00] IO: Read: 1
BUILD SUCCEEDED - starting your binary
[INFO] Using feasibility-aware Sudoku checker for 4x4
       score = filled - 2.0*violations - 5.0*zeroCand
       Max score: 16 (all filled, no violations)
[INFO] Training for 5000 steps (gamma=0.990, K=1, inner_unroll_n=2)
[INFO] Terminal rewards: solve=1.000, fail=-16.000
[INFO] Using TRM backbone (hidden=64, H=2, L=2)
[DEBUG] Policy head STOP bias: 0.00 (should be 0.0 for uniform init)
[INFO] Puzzle embeddings DISABLED (set --puzzle-emb-ndim > 0 to enable)
/data/repos/fbsource/buck-out/v2/gen/fbcode/7bc20b5dff24e379/buiksat_trm/__upi_trm_train__/upi_trm_train#link-tree/torch/cuda/__init__.py:373: UserWarning: Found GPU0 NVIDIA A100-PG509-200 which is of compute capability (CC) 8.0.
The following list shows the CCs this version of PyTorch was built for and the hardware CCs it supports:
Please follow the instructions at https://pytorch.org/get-started/locally/ to install a PyTorch release that supports one of these CUDA versions: 12.6, 12.8, 13.0
  _warn_unsupported_code(d, device_cc, code_ccs)
INFO:2026-01-19 08:18:12 2616792:2616792 CuptiCallbackApi.cpp:74] Callback: domain = 3, cbid = 1
INFO:2026-01-19 08:18:12 2616792:2616792 CuptiActivityProfiler.cpp:245] CUDA versions. CUPTI: 22; Runtime: 12040; Driver: 12040
INFO:2026-01-19 08:18:12 2616792:2795736 FBConfig.cpp:330] Perfetto builder enabled: 1
INFO:2026-01-19 08:18:12 2616792:2795736 DynoConfigLoader.cpp:61] Setting communication fabric enabled = 0
INFO:2026-01-19 08:18:12 2616792:2795736 DynoConfigLoader.cpp:61] Setting communication fabric enabled = 0
TritonTraceHandler: disabled because /logs does not exist
===========[FB_TRITON]=========== Triton Version: 3.3.2+fb
[INFO] Using UPI-TRM algorithm (K=1, inner_n=2)

============================================================
UPI-TRM THEORY ALIGNMENT CHECK
============================================================
⚠ Configuration has theory gaps:
  • enable_contraction=False disables spectral normalization (Assumption 4.2). L_z < 1 contraction not enforced.
  • exact_baseline_summation=False: Using approximate baseline. This gives O(ε_A/(1-γ)) bound instead of O(α·ε_A) from Theorem 5.9. For discrete action spaces (Sudoku), enable for tighter bounds.
  • theory_exact_mixture=False: Using parameter-space interpolation for CPI, which is NOT equivalent to policy-space mixture. The CPI improvement guarantee does not strictly apply. Set theory_exact_mixture=True for theory-exact behavior (but slower due to evaluating two networks).

Theory status:
  Forward-invariant projection: ✓
  Contraction enforced (L_z < 1): ✗
  Exact baseline (Thm 5.9): ✗
  Distillation (not in theory): ✓ disabled

Is theory-exact: False
============================================================

UPI-TRM theoretical dials:
  L_z target (rl_cfg.target_Lz): 0.9
  L_V target (rl_cfg.target_Lv): 1.0
  Inner unroll n (rl_cfg.inner_unroll_n): 2
  K-step horizon K (rl_cfg.K): 1
  Mixture alpha (rl_cfg.mixture_alpha): 0.1
  Latent ball radius (rl_cfg.latent_ball_radius): 10.0
  Episodic latent: True
  Exact K-step targets: False
  Exact baseline summation: False

[INFO] STOP action mode: disabled
[INFO] Forward-invariant projection enabled (R=10.0)
[WandB] Disabled by default (enable with: --wandb)
[DEBUG] Action mask: 90 valid actions out of 513 total
[DEBUG] Latent mode: episodic
[DEBUG] Step 0 probs: STOP=0.000000, edits=1.000000
[DEBUG] Top 5 action probs: torch.return_types.topk(
values=tensor([0.0166, 0.0163, 0.0152, 0.0151, 0.0146], device='cuda:0',
       grad_fn=<TopkBackward0>),
indices=tensor([354, 382, 362, 355, 218], device='cuda:0'))
[step 00050] value_loss=0.008669 policy_loss=-0.212818
[step 00050] VALUE_DEBUG: target(mean=0.84 std=0.00 min=0.84 max=0.84) V(s)(mean=0.76 std=0.04) reward(mean=0.840 std=0.000) clip=50.0
[step 00100] value_loss=0.000281 policy_loss=-0.228421
[step 00100] VALUE_DEBUG: target(mean=0.84 std=0.00 min=0.84 max=0.84) V(s)(mean=0.85 std=0.02) reward(mean=0.840 std=0.000) clip=50.0
[step 00100] eval_success_rate=1.000 eval_mean_score=16.000 eval_policy_mode=greedy [solved=50/50, score_range=16.00-16.00/2.0, initial=16.00]
[step 00100] PROGRESS: filled=16.00 violations=0.00 zero_cand=0.00
[step 00100] DEBUG: ep_len=1.0 ep_ret=0.840 stop_prob=0.001 score_chg=0.0000
[step 00150] value_loss=0.000065 policy_loss=-0.216638
[step 00150] VALUE_DEBUG: target(mean=0.84 std=0.00 min=0.84 max=0.84) V(s)(mean=0.84 std=0.01) reward(mean=0.840 std=0.000) clip=50.0
[step 00200] value_loss=0.000053 policy_loss=-0.228724
[step 00200] VALUE_DEBUG: target(mean=0.84 std=0.00 min=0.84 max=0.84) V(s)(mean=0.84 std=0.01) reward(mean=0.840 std=0.000) clip=50.0
[step 00200] eval_success_rate=1.000 eval_mean_score=16.000 eval_policy_mode=greedy [solved=50/50, score_range=16.00-16.00/2.0, initial=16.00]
[step 00200] PROGRESS: filled=16.00 violations=0.00 zero_cand=0.00
[step 00200] DEBUG: ep_len=1.0 ep_ret=0.840 stop_prob=0.001 score_chg=0.0000
[step 00250] value_loss=0.001704 policy_loss=-0.225721
[step 00250] VALUE_DEBUG: target(mean=0.84 std=0.00 min=0.84 max=0.84) V(s)(mean=0.83 std=0.04) reward(mean=0.840 std=0.000) clip=50.0
[step 00300] value_loss=0.003221 policy_loss=-0.287263
[step 00300] VALUE_DEBUG: target(mean=0.84 std=0.00 min=0.84 max=0.84) V(s)(mean=0.87 std=0.05) reward(mean=0.840 std=0.000) clip=50.0
[step 00300] eval_success_rate=1.000 eval_mean_score=16.000 eval_policy_mode=greedy [solved=50/50, score_range=16.00-16.00/2.0, initial=16.00]
[step 00300] PROGRESS: filled=16.00 violations=0.00 zero_cand=0.00
[step 00300] DEBUG: ep_len=1.0 ep_ret=0.840 stop_prob=0.001 score_chg=0.0000
[step 00350] value_loss=0.000652 policy_loss=-0.226029
[step 00350] VALUE_DEBUG: target(mean=0.84 std=0.00 min=0.84 max=0.84) V(s)(mean=0.86 std=0.02) reward(mean=0.840 std=0.000) clip=50.0
[step 00400] value_loss=0.000237 policy_loss=-0.213245
[step 00400] VALUE_DEBUG: target(mean=0.84 std=0.00 min=0.84 max=0.84) V(s)(mean=0.85 std=0.01) reward(mean=0.840 std=0.000) clip=50.0
[step 00400] eval_success_rate=1.000 eval_mean_score=16.000 eval_policy_mode=greedy [solved=50/50, score_range=16.00-16.00/2.0, initial=16.00]
[step 00400] PROGRESS: filled=16.00 violations=0.00 zero_cand=0.00
[step 00400] DEBUG: ep_len=1.0 ep_ret=0.840 stop_prob=0.001 score_chg=0.0000
[step 00450] value_loss=0.000034 policy_loss=-0.222841
[step 00450] VALUE_DEBUG: target(mean=0.84 std=0.00 min=0.84 max=0.84) V(s)(mean=0.84 std=0.01) reward(mean=0.840 std=0.000) clip=50.0
[step 00500] value_loss=0.000304 policy_loss=-0.207137
[step 00500] VALUE_DEBUG: target(mean=0.84 std=0.00 min=0.84 max=0.84) V(s)(mean=0.83 std=0.01) reward(mean=0.840 std=0.000) clip=50.0
[step 00500] eval_success_rate=1.000 eval_mean_score=16.000 eval_policy_mode=greedy [solved=50/50, score_range=16.00-16.00/2.0, initial=16.00]
[step 00500] PROGRESS: filled=16.00 violations=0.00 zero_cand=0.00
[step 00500] DEBUG: ep_len=1.0 ep_ret=0.840 stop_prob=0.001 score_chg=0.0000
[step 00550] value_loss=0.000628 policy_loss=-0.219970
[step 00550] VALUE_DEBUG: target(mean=0.84 std=0.00 min=0.84 max=0.84) V(s)(mean=0.85 std=0.02) reward(mean=0.840 std=0.000) clip=50.0
[step 00600] value_loss=0.000558 policy_loss=-0.210240
[step 00600] VALUE_DEBUG: target(mean=0.84 std=0.00 min=0.84 max=0.84) V(s)(mean=0.85 std=0.02) reward(mean=0.840 std=0.000) clip=50.0
[step 00600] eval_success_rate=1.000 eval_mean_score=16.000 eval_policy_mode=greedy [solved=50/50, score_range=16.00-16.00/2.0, initial=16.00]
[step 00600] PROGRESS: filled=16.00 violations=0.00 zero_cand=0.00
[step 00600] DEBUG: ep_len=1.0 ep_ret=0.840 stop_prob=0.001 score_chg=0.0000
[step 00650] value_loss=0.000408 policy_loss=-0.233514
[step 00650] VALUE_DEBUG: target(mean=0.84 std=0.00 min=0.84 max=0.84) V(s)(mean=0.85 std=0.02) reward(mean=0.840 std=0.000) clip=50.0
[step 00700] value_loss=0.000039 policy_loss=-0.219638
[step 00700] VALUE_DEBUG: target(mean=0.84 std=0.00 min=0.84 max=0.84) V(s)(mean=0.84 std=0.01) reward(mean=0.840 std=0.000) clip=50.0
[step 00700] eval_success_rate=1.000 eval_mean_score=16.000 eval_policy_mode=greedy [solved=50/50, score_range=16.00-16.00/2.0, initial=16.00]
[step 00700] PROGRESS: filled=16.00 violations=0.00 zero_cand=0.00
[step 00700] DEBUG: ep_len=1.0 ep_ret=0.840 stop_prob=0.001 score_chg=0.0000
[step 00750] value_loss=0.000039 policy_loss=-0.206746
[step 00750] VALUE_DEBUG: target(mean=0.84 std=0.00 min=0.84 max=0.84) V(s)(mean=0.84 std=0.01) reward(mean=0.840 std=0.000) clip=50.0
[step 00800] value_loss=0.000007 policy_loss=-0.246034
[step 00800] VALUE_DEBUG: target(mean=0.84 std=0.00 min=0.84 max=0.84) V(s)(mean=0.84 std=0.00) reward(mean=0.840 std=0.000) clip=50.0
[step 00800] eval_success_rate=1.000 eval_mean_score=16.000 eval_policy_mode=greedy [solved=50/50, score_range=16.00-16.00/2.0, initial=16.00]
[step 00800] PROGRESS: filled=16.00 violations=0.00 zero_cand=0.00
[step 00800] DEBUG: ep_len=1.0 ep_ret=0.840 stop_prob=0.001 score_chg=0.0000
[step 00850] value_loss=0.000018 policy_loss=-0.238330
[step 00850] VALUE_DEBUG: target(mean=0.84 std=0.00 min=0.84 max=0.84) V(s)(mean=0.84 std=0.00) reward(mean=0.840 std=0.000) clip=50.0
[step 00900] value_loss=0.000009 policy_loss=-0.239208
[step 00900] VALUE_DEBUG: target(mean=0.84 std=0.00 min=0.84 max=0.84) V(s)(mean=0.84 std=0.00) reward(mean=0.840 std=0.000) clip=50.0
[step 00900] eval_success_rate=1.000 eval_mean_score=16.000 eval_policy_mode=greedy [solved=50/50, score_range=16.00-16.00/2.0, initial=16.00]
[step 00900] PROGRESS: filled=16.00 violations=0.00 zero_cand=0.00
[step 00900] DEBUG: ep_len=1.0 ep_ret=0.840 stop_prob=0.001 score_chg=0.0000
[step 00950] value_loss=0.000003 policy_loss=-0.208797
[step 00950] VALUE_DEBUG: target(mean=0.84 std=0.00 min=0.84 max=0.84) V(s)(mean=0.84 std=0.00) reward(mean=0.840 std=0.000) clip=50.0
[step 01000] value_loss=0.000003 policy_loss=-0.211136
[step 01000] VALUE_DEBUG: target(mean=0.84 std=0.00 min=0.84 max=0.84) V(s)(mean=0.84 std=0.00) reward(mean=0.840 std=0.000) clip=50.0
[step 01000] eval_success_rate=1.000 eval_mean_score=16.000 eval_policy_mode=greedy [solved=50/50, score_range=16.00-16.00/2.0, initial=16.00]
[step 01000] PROGRESS: filled=16.00 violations=0.00 zero_cand=0.00
[step 01000] DEBUG: ep_len=1.0 ep_ret=0.840 stop_prob=0.001 score_chg=0.0000
[Checkpoint] Saved to /data/repos/fbsource/fbcode/buiksat_trm/results/phase4_2x2_norm_ablation/nc_nv_s42/rl_checkpoint_step_1000.pt
[step 01050] value_loss=0.000023 policy_loss=-0.236701
[step 01050] VALUE_DEBUG: target(mean=0.84 std=0.00 min=0.84 max=0.84) V(s)(mean=0.84 std=0.00) reward(mean=0.840 std=0.000) clip=50.0
[step 01100] value_loss=0.000171 policy_loss=-0.220107
[step 01100] VALUE_DEBUG: target(mean=0.84 std=0.00 min=0.84 max=0.84) V(s)(mean=0.85 std=0.01) reward(mean=0.840 std=0.000) clip=50.0
[step 01100] eval_success_rate=1.000 eval_mean_score=16.000 eval_policy_mode=greedy [solved=50/50, score_range=16.00-16.00/2.0, initial=16.00]
[step 01100] PROGRESS: filled=16.00 violations=0.00 zero_cand=0.00
[step 01100] DEBUG: ep_len=1.0 ep_ret=0.840 stop_prob=0.000 score_chg=0.0000
[step 01150] value_loss=0.000999 policy_loss=-0.223425
[step 01150] VALUE_DEBUG: target(mean=0.84 std=0.00 min=0.84 max=0.84) V(s)(mean=0.82 std=0.02) reward(mean=0.840 std=0.000) clip=50.0
[step 01200] value_loss=0.000622 policy_loss=-0.237396
[step 01200] VALUE_DEBUG: target(mean=0.84 std=0.00 min=0.84 max=0.84) V(s)(mean=0.82 std=0.02) reward(mean=0.840 std=0.000) clip=50.0
[step 01200] eval_success_rate=1.000 eval_mean_score=16.000 eval_policy_mode=greedy [solved=50/50, score_range=16.00-16.00/2.0, initial=16.00]
[step 01200] PROGRESS: filled=16.00 violations=0.00 zero_cand=0.00
[step 01200] DEBUG: ep_len=1.0 ep_ret=0.840 stop_prob=0.001 score_chg=0.0000
[step 01250] value_loss=0.000453 policy_loss=-0.257031
[step 01250] VALUE_DEBUG: target(mean=0.84 std=0.00 min=0.84 max=0.84) V(s)(mean=0.82 std=0.01) reward(mean=0.840 std=0.000) clip=50.0
[step 01300] value_loss=0.000288 policy_loss=-0.225979
[step 01300] VALUE_DEBUG: target(mean=0.84 std=0.00 min=0.84 max=0.84) V(s)(mean=0.84 std=0.02) reward(mean=0.840 std=0.000) clip=50.0
[step 01300] eval_success_rate=1.000 eval_mean_score=16.000 eval_policy_mode=greedy [solved=50/50, score_range=16.00-16.00/2.0, initial=16.00]
[step 01300] PROGRESS: filled=16.00 violations=0.00 zero_cand=0.00
[step 01300] DEBUG: ep_len=1.0 ep_ret=0.840 stop_prob=0.001 score_chg=0.0000
[step 01350] value_loss=0.000204 policy_loss=-0.240183
[step 01350] VALUE_DEBUG: target(mean=0.84 std=0.00 min=0.84 max=0.84) V(s)(mean=0.85 std=0.01) reward(mean=0.840 std=0.000) clip=50.0
[step 01400] value_loss=0.000158 policy_loss=-0.233502
[step 01400] VALUE_DEBUG: target(mean=0.84 std=0.00 min=0.84 max=0.84) V(s)(mean=0.83 std=0.01) reward(mean=0.840 std=0.000) clip=50.0
[step 01400] eval_success_rate=1.000 eval_mean_score=16.000 eval_policy_mode=greedy [solved=50/50, score_range=16.00-16.00/2.0, initial=16.00]
[step 01400] PROGRESS: filled=16.00 violations=0.00 zero_cand=0.00
[step 01400] DEBUG: ep_len=1.0 ep_ret=0.840 stop_prob=0.001 score_chg=0.0000
[step 01450] value_loss=0.000073 policy_loss=-0.231583
[step 01450] VALUE_DEBUG: target(mean=0.84 std=0.00 min=0.84 max=0.84) V(s)(mean=0.85 std=0.01) reward(mean=0.840 std=0.000) clip=50.0
[step 01500] value_loss=0.000031 policy_loss=-0.211033
[step 01500] VALUE_DEBUG: target(mean=0.84 std=0.00 min=0.84 max=0.84) V(s)(mean=0.84 std=0.00) reward(mean=0.840 std=0.000) clip=50.0
[step 01500] eval_success_rate=1.000 eval_mean_score=16.000 eval_policy_mode=greedy [solved=50/50, score_range=16.00-16.00/2.0, initial=16.00]
[step 01500] PROGRESS: filled=16.00 violations=0.00 zero_cand=0.00
[step 01500] DEBUG: ep_len=1.0 ep_ret=0.840 stop_prob=0.001 score_chg=0.0000
[step 01550] value_loss=0.000010 policy_loss=-0.211991
[step 01550] VALUE_DEBUG: target(mean=0.84 std=0.00 min=0.84 max=0.84) V(s)(mean=0.84 std=0.00) reward(mean=0.840 std=0.000) clip=50.0
[step 01600] value_loss=0.000009 policy_loss=-0.245260
[step 01600] VALUE_DEBUG: target(mean=0.84 std=0.00 min=0.84 max=0.84) V(s)(mean=0.84 std=0.00) reward(mean=0.840 std=0.000) clip=50.0
[step 01600] eval_success_rate=1.000 eval_mean_score=16.000 eval_policy_mode=greedy [solved=50/50, score_range=16.00-16.00/2.0, initial=16.00]
[step 01600] PROGRESS: filled=16.00 violations=0.00 zero_cand=0.00
[step 01600] DEBUG: ep_len=1.0 ep_ret=0.840 stop_prob=0.001 score_chg=0.0000
[step 01650] value_loss=0.000003 policy_loss=-0.227192
[step 01650] VALUE_DEBUG: target(mean=0.84 std=0.00 min=0.84 max=0.84) V(s)(mean=0.84 std=0.00) reward(mean=0.840 std=0.000) clip=50.0
[step 01700] value_loss=0.000001 policy_loss=-0.237799
[step 01700] VALUE_DEBUG: target(mean=0.84 std=0.00 min=0.84 max=0.84) V(s)(mean=0.84 std=0.00) reward(mean=0.840 std=0.000) clip=50.0
[step 01700] eval_success_rate=1.000 eval_mean_score=16.000 eval_policy_mode=greedy [solved=50/50, score_range=16.00-16.00/2.0, initial=16.00]
[step 01700] PROGRESS: filled=16.00 violations=0.00 zero_cand=0.00
[step 01700] DEBUG: ep_len=1.0 ep_ret=0.840 stop_prob=0.001 score_chg=0.0000
[step 01750] value_loss=0.000002 policy_loss=-0.226352
[step 01750] VALUE_DEBUG: target(mean=0.84 std=0.00 min=0.84 max=0.84) V(s)(mean=0.84 std=0.00) reward(mean=0.840 std=0.000) clip=50.0
[step 01800] value_loss=0.000018 policy_loss=-0.220164
[step 01800] VALUE_DEBUG: target(mean=0.84 std=0.00 min=0.84 max=0.84) V(s)(mean=0.84 std=0.00) reward(mean=0.840 std=0.000) clip=50.0
[step 01800] eval_success_rate=1.000 eval_mean_score=16.000 eval_policy_mode=greedy [solved=50/50, score_range=16.00-16.00/2.0, initial=16.00]
[step 01800] PROGRESS: filled=16.00 violations=0.00 zero_cand=0.00
[step 01800] DEBUG: ep_len=1.0 ep_ret=0.840 stop_prob=0.001 score_chg=0.0000
[step 01850] value_loss=0.000012 policy_loss=-0.208453
[step 01850] VALUE_DEBUG: target(mean=0.84 std=0.00 min=0.84 max=0.84) V(s)(mean=0.84 std=0.00) reward(mean=0.840 std=0.000) clip=50.0
[step 01900] value_loss=0.000003 policy_loss=-0.226884
[step 01900] VALUE_DEBUG: target(mean=0.84 std=0.00 min=0.84 max=0.84) V(s)(mean=0.84 std=0.00) reward(mean=0.840 std=0.000) clip=50.0
[step 01900] eval_success_rate=1.000 eval_mean_score=16.000 eval_policy_mode=greedy [solved=50/50, score_range=16.00-16.00/2.0, initial=16.00]
[step 01900] PROGRESS: filled=16.00 violations=0.00 zero_cand=0.00
[step 01900] DEBUG: ep_len=1.0 ep_ret=0.840 stop_prob=0.001 score_chg=0.0000
[step 01950] value_loss=0.000005 policy_loss=-0.238271
[step 01950] VALUE_DEBUG: target(mean=0.84 std=0.00 min=0.84 max=0.84) V(s)(mean=0.84 std=0.00) reward(mean=0.840 std=0.000) clip=50.0
[step 02000] value_loss=0.000003 policy_loss=-0.218656
[step 02000] VALUE_DEBUG: target(mean=0.84 std=0.00 min=0.84 max=0.84) V(s)(mean=0.84 std=0.00) reward(mean=0.840 std=0.000) clip=50.0
[step 02000] eval_success_rate=1.000 eval_mean_score=16.000 eval_policy_mode=greedy [solved=50/50, score_range=16.00-16.00/2.0, initial=16.00]
[step 02000] PROGRESS: filled=16.00 violations=0.00 zero_cand=0.00
[step 02000] DEBUG: ep_len=1.0 ep_ret=0.840 stop_prob=0.001 score_chg=0.0000
[Checkpoint] Saved to /data/repos/fbsource/fbcode/buiksat_trm/results/phase4_2x2_norm_ablation/nc_nv_s42/rl_checkpoint_step_2000.pt
[step 02050] value_loss=0.000006 policy_loss=-0.249327
[step 02050] VALUE_DEBUG: target(mean=0.84 std=0.00 min=0.84 max=0.84) V(s)(mean=0.84 std=0.00) reward(mean=0.840 std=0.000) clip=50.0
[step 02100] value_loss=0.000001 policy_loss=-0.231690
[step 02100] VALUE_DEBUG: target(mean=0.84 std=0.00 min=0.84 max=0.84) V(s)(mean=0.84 std=0.00) reward(mean=0.840 std=0.000) clip=50.0
[step 02100] eval_success_rate=1.000 eval_mean_score=16.000 eval_policy_mode=greedy [solved=50/50, score_range=16.00-16.00/2.0, initial=16.00]
[step 02100] PROGRESS: filled=16.00 violations=0.00 zero_cand=0.00
[step 02100] DEBUG: ep_len=1.0 ep_ret=0.840 stop_prob=0.001 score_chg=0.0000
[step 02150] value_loss=0.000044 policy_loss=-0.231564
[step 02150] VALUE_DEBUG: target(mean=0.84 std=0.00 min=0.84 max=0.84) V(s)(mean=0.84 std=0.01) reward(mean=0.840 std=0.000) clip=50.0
[step 02200] value_loss=0.000004 policy_loss=-0.230384
[step 02200] VALUE_DEBUG: target(mean=0.84 std=0.00 min=0.84 max=0.84) V(s)(mean=0.84 std=0.00) reward(mean=0.840 std=0.000) clip=50.0
[step 02200] eval_success_rate=1.000 eval_mean_score=16.000 eval_policy_mode=greedy [solved=50/50, score_range=16.00-16.00/2.0, initial=16.00]
[step 02200] PROGRESS: filled=16.00 violations=0.00 zero_cand=0.00
[step 02200] DEBUG: ep_len=1.0 ep_ret=0.840 stop_prob=0.001 score_chg=0.0000
[step 02250] value_loss=0.000002 policy_loss=-0.221098
[step 02250] VALUE_DEBUG: target(mean=0.84 std=0.00 min=0.84 max=0.84) V(s)(mean=0.84 std=0.00) reward(mean=0.840 std=0.000) clip=50.0
[step 02300] value_loss=0.000005 policy_loss=-0.212901
[step 02300] VALUE_DEBUG: target(mean=0.84 std=0.00 min=0.84 max=0.84) V(s)(mean=0.84 std=0.00) reward(mean=0.840 std=0.000) clip=50.0
[step 02300] eval_success_rate=1.000 eval_mean_score=16.000 eval_policy_mode=greedy [solved=50/50, score_range=16.00-16.00/2.0, initial=16.00]
[step 02300] PROGRESS: filled=16.00 violations=0.00 zero_cand=0.00
[step 02300] DEBUG: ep_len=1.0 ep_ret=0.840 stop_prob=0.000 score_chg=0.0000
[step 02350] value_loss=0.000044 policy_loss=-0.216012
[step 02350] VALUE_DEBUG: target(mean=0.84 std=0.00 min=0.84 max=0.84) V(s)(mean=0.84 std=0.01) reward(mean=0.840 std=0.000) clip=50.0
[step 02400] value_loss=0.000051 policy_loss=-0.230795
[step 02400] VALUE_DEBUG: target(mean=0.84 std=0.00 min=0.84 max=0.84) V(s)(mean=0.85 std=0.00) reward(mean=0.840 std=0.000) clip=50.0
[step 02400] eval_success_rate=1.000 eval_mean_score=16.000 eval_policy_mode=greedy [solved=50/50, score_range=16.00-16.00/2.0, initial=16.00]
[step 02400] PROGRESS: filled=16.00 violations=0.00 zero_cand=0.00
[step 02400] DEBUG: ep_len=1.0 ep_ret=0.840 stop_prob=0.001 score_chg=0.0000
[step 02450] value_loss=0.000073 policy_loss=-0.241560
[step 02450] VALUE_DEBUG: target(mean=0.84 std=0.00 min=0.84 max=0.84) V(s)(mean=0.85 std=0.00) reward(mean=0.840 std=0.000) clip=50.0
[step 02500] value_loss=0.000141 policy_loss=-0.228114
[step 02500] VALUE_DEBUG: target(mean=0.84 std=0.00 min=0.84 max=0.84) V(s)(mean=0.83 std=0.01) reward(mean=0.840 std=0.000) clip=50.0
[step 02500] eval_success_rate=1.000 eval_mean_score=16.000 eval_policy_mode=greedy [solved=50/50, score_range=16.00-16.00/2.0, initial=16.00]
[step 02500] PROGRESS: filled=16.00 violations=0.00 zero_cand=0.00
[step 02500] DEBUG: ep_len=1.0 ep_ret=0.840 stop_prob=0.000 score_chg=0.0000
[step 02550] value_loss=0.000271 policy_loss=-0.211301
[step 02550] VALUE_DEBUG: target(mean=0.84 std=0.00 min=0.84 max=0.84) V(s)(mean=0.84 std=0.02) reward(mean=0.840 std=0.000) clip=50.0
[step 02600] value_loss=0.000079 policy_loss=-0.219238
[step 02600] VALUE_DEBUG: target(mean=0.84 std=0.00 min=0.84 max=0.84) V(s)(mean=0.85 std=0.01) reward(mean=0.840 std=0.000) clip=50.0
[step 02600] eval_success_rate=1.000 eval_mean_score=16.000 eval_policy_mode=greedy [solved=50/50, score_range=16.00-16.00/2.0, initial=16.00]
[step 02600] PROGRESS: filled=16.00 violations=0.00 zero_cand=0.00
[step 02600] DEBUG: ep_len=1.0 ep_ret=0.840 stop_prob=0.001 score_chg=0.0000
[step 02650] value_loss=0.000074 policy_loss=-0.229637
[step 02650] VALUE_DEBUG: target(mean=0.84 std=0.00 min=0.84 max=0.84) V(s)(mean=0.84 std=0.01) reward(mean=0.840 std=0.000) clip=50.0
[step 02700] value_loss=0.000018 policy_loss=-0.204332
[step 02700] VALUE_DEBUG: target(mean=0.84 std=0.00 min=0.84 max=0.84) V(s)(mean=0.84 std=0.00) reward(mean=0.840 std=0.000) clip=50.0
[step 02700] eval_success_rate=1.000 eval_mean_score=16.000 eval_policy_mode=greedy [solved=50/50, score_range=16.00-16.00/2.0, initial=16.00]
[step 02700] PROGRESS: filled=16.00 violations=0.00 zero_cand=0.00
[step 02700] DEBUG: ep_len=1.0 ep_ret=0.840 stop_prob=0.001 score_chg=0.0000
[step 02750] value_loss=0.000007 policy_loss=-0.219964
[step 02750] VALUE_DEBUG: target(mean=0.84 std=0.00 min=0.84 max=0.84) V(s)(mean=0.84 std=0.00) reward(mean=0.840 std=0.000) clip=50.0
[step 02800] value_loss=0.000002 policy_loss=-0.227486
[step 02800] VALUE_DEBUG: target(mean=0.84 std=0.00 min=0.84 max=0.84) V(s)(mean=0.84 std=0.00) reward(mean=0.840 std=0.000) clip=50.0
[step 02800] eval_success_rate=1.000 eval_mean_score=16.000 eval_policy_mode=greedy [solved=50/50, score_range=16.00-16.00/2.0, initial=16.00]
[step 02800] PROGRESS: filled=16.00 violations=0.00 zero_cand=0.00
[step 02800] DEBUG: ep_len=1.0 ep_ret=0.840 stop_prob=0.001 score_chg=0.0000
[step 02850] value_loss=0.000001 policy_loss=-0.225093
[step 02850] VALUE_DEBUG: target(mean=0.84 std=0.00 min=0.84 max=0.84) V(s)(mean=0.84 std=0.00) reward(mean=0.840 std=0.000) clip=50.0
[step 02900] value_loss=0.000001 policy_loss=-0.214449
[step 02900] VALUE_DEBUG: target(mean=0.84 std=0.00 min=0.84 max=0.84) V(s)(mean=0.84 std=0.00) reward(mean=0.840 std=0.000) clip=50.0
[step 02900] eval_success_rate=1.000 eval_mean_score=16.000 eval_policy_mode=greedy [solved=50/50, score_range=16.00-16.00/2.0, initial=16.00]
[step 02900] PROGRESS: filled=16.00 violations=0.00 zero_cand=0.00
[step 02900] DEBUG: ep_len=1.0 ep_ret=0.840 stop_prob=0.000 score_chg=0.0000
[step 02950] value_loss=0.000000 policy_loss=-0.231620
[step 02950] VALUE_DEBUG: target(mean=0.84 std=0.00 min=0.84 max=0.84) V(s)(mean=0.84 std=0.00) reward(mean=0.840 std=0.000) clip=50.0
[step 03000] value_loss=0.000314 policy_loss=-0.221755
[step 03000] VALUE_DEBUG: target(mean=0.84 std=0.02 min=0.74 max=0.84) V(s)(mean=0.84 std=0.00) reward(mean=0.837 std=0.017) clip=50.0
[step 03000] eval_success_rate=1.000 eval_mean_score=16.000 eval_policy_mode=greedy [solved=50/50, score_range=16.00-16.00/2.0, initial=16.00]
[step 03000] PROGRESS: filled=16.00 violations=0.00 zero_cand=0.00
[step 03000] DEBUG: ep_len=1.0 ep_ret=0.840 stop_prob=0.001 score_chg=0.0000
[Checkpoint] Saved to /data/repos/fbsource/fbcode/buiksat_trm/results/phase4_2x2_norm_ablation/nc_nv_s42/rl_checkpoint_step_3000.pt
[step 03050] value_loss=0.000003 policy_loss=-0.239680
[step 03050] VALUE_DEBUG: target(mean=0.84 std=0.00 min=0.84 max=0.84) V(s)(mean=0.84 std=0.00) reward(mean=0.840 std=0.000) clip=50.0
[step 03100] value_loss=0.000009 policy_loss=-0.220020
[step 03100] VALUE_DEBUG: target(mean=0.84 std=0.00 min=0.84 max=0.84) V(s)(mean=0.84 std=0.00) reward(mean=0.840 std=0.000) clip=50.0
[step 03100] eval_success_rate=1.000 eval_mean_score=16.000 eval_policy_mode=greedy [solved=50/50, score_range=16.00-16.00/2.0, initial=16.00]
[step 03100] PROGRESS: filled=16.00 violations=0.00 zero_cand=0.00
[step 03100] DEBUG: ep_len=1.0 ep_ret=0.840 stop_prob=0.001 score_chg=0.0000
[step 03150] value_loss=0.000005 policy_loss=-0.223366
[step 03150] VALUE_DEBUG: target(mean=0.84 std=0.00 min=0.84 max=0.84) V(s)(mean=0.84 std=0.00) reward(mean=0.840 std=0.000) clip=50.0
[step 03200] value_loss=0.000006 policy_loss=-0.209556
[step 03200] VALUE_DEBUG: target(mean=0.84 std=0.00 min=0.84 max=0.84) V(s)(mean=0.84 std=0.00) reward(mean=0.840 std=0.000) clip=50.0
[step 03200] eval_success_rate=1.000 eval_mean_score=16.000 eval_policy_mode=greedy [solved=50/50, score_range=16.00-16.00/2.0, initial=16.00]
[step 03200] PROGRESS: filled=16.00 violations=0.00 zero_cand=0.00
[step 03200] DEBUG: ep_len=1.0 ep_ret=0.840 stop_prob=0.001 score_chg=0.0000
[step 03250] value_loss=0.000001 policy_loss=-0.231543
[step 03250] VALUE_DEBUG: target(mean=0.84 std=0.00 min=0.84 max=0.84) V(s)(mean=0.84 std=0.00) reward(mean=0.840 std=0.000) clip=50.0
[step 03300] value_loss=0.000050 policy_loss=-0.234391
[step 03300] VALUE_DEBUG: target(mean=0.84 std=0.00 min=0.84 max=0.84) V(s)(mean=0.85 std=0.00) reward(mean=0.840 std=0.000) clip=50.0
[step 03300] eval_success_rate=1.000 eval_mean_score=16.000 eval_policy_mode=greedy [solved=50/50, score_range=16.00-16.00/2.0, initial=16.00]
[step 03300] PROGRESS: filled=16.00 violations=0.00 zero_cand=0.00
[step 03300] DEBUG: ep_len=1.0 ep_ret=0.840 stop_prob=0.001 score_chg=0.0000
[step 03350] value_loss=0.000002 policy_loss=-0.205260
[step 03350] VALUE_DEBUG: target(mean=0.84 std=0.00 min=0.84 max=0.84) V(s)(mean=0.84 std=0.00) reward(mean=0.840 std=0.000) clip=50.0
[step 03400] value_loss=0.000000 policy_loss=-0.233166
[step 03400] VALUE_DEBUG: target(mean=0.84 std=0.00 min=0.84 max=0.84) V(s)(mean=0.84 std=0.00) reward(mean=0.840 std=0.000) clip=50.0
[step 03400] eval_success_rate=1.000 eval_mean_score=16.000 eval_policy_mode=greedy [solved=50/50, score_range=16.00-16.00/2.0, initial=16.00]
[step 03400] PROGRESS: filled=16.00 violations=0.00 zero_cand=0.00
[step 03400] DEBUG: ep_len=1.0 ep_ret=0.840 stop_prob=0.000 score_chg=0.0000
[step 03450] value_loss=0.000002 policy_loss=-0.219391
[step 03450] VALUE_DEBUG: target(mean=0.84 std=0.00 min=0.84 max=0.84) V(s)(mean=0.84 std=0.00) reward(mean=0.840 std=0.000) clip=50.0
[step 03500] value_loss=0.000025 policy_loss=-0.211257
[step 03500] VALUE_DEBUG: target(mean=0.84 std=0.00 min=0.84 max=0.84) V(s)(mean=0.84 std=0.00) reward(mean=0.840 std=0.000) clip=50.0
[step 03500] eval_success_rate=1.000 eval_mean_score=16.000 eval_policy_mode=greedy [solved=50/50, score_range=16.00-16.00/2.0, initial=16.00]
[step 03500] PROGRESS: filled=16.00 violations=0.00 zero_cand=0.00
[step 03500] DEBUG: ep_len=1.0 ep_ret=0.840 stop_prob=0.001 score_chg=0.0000
[step 03550] value_loss=0.000021 policy_loss=-0.239332
[step 03550] VALUE_DEBUG: target(mean=0.84 std=0.00 min=0.84 max=0.84) V(s)(mean=0.84 std=0.00) reward(mean=0.840 std=0.000) clip=50.0
[step 03600] value_loss=0.000003 policy_loss=-0.215442
[step 03600] VALUE_DEBUG: target(mean=0.84 std=0.00 min=0.84 max=0.84) V(s)(mean=0.84 std=0.00) reward(mean=0.840 std=0.000) clip=50.0
[step 03600] eval_success_rate=1.000 eval_mean_score=16.000 eval_policy_mode=greedy [solved=50/50, score_range=16.00-16.00/2.0, initial=16.00]
[step 03600] PROGRESS: filled=16.00 violations=0.00 zero_cand=0.00
[step 03600] DEBUG: ep_len=1.0 ep_ret=0.840 stop_prob=0.001 score_chg=0.0000
[step 03650] value_loss=0.000001 policy_loss=-0.230098
[step 03650] VALUE_DEBUG: target(mean=0.84 std=0.00 min=0.84 max=0.84) V(s)(mean=0.84 std=0.00) reward(mean=0.840 std=0.000) clip=50.0
[step 03700] value_loss=0.000019 policy_loss=-0.235575
[step 03700] VALUE_DEBUG: target(mean=0.84 std=0.00 min=0.84 max=0.84) V(s)(mean=0.84 std=0.00) reward(mean=0.840 std=0.000) clip=50.0
[step 03700] eval_success_rate=1.000 eval_mean_score=16.000 eval_policy_mode=greedy [solved=50/50, score_range=16.00-16.00/2.0, initial=16.00]
[step 03700] PROGRESS: filled=16.00 violations=0.00 zero_cand=0.00
[step 03700] DEBUG: ep_len=1.0 ep_ret=0.840 stop_prob=0.000 score_chg=0.0000
[step 03750] value_loss=0.000002 policy_loss=-0.224259
[step 03750] VALUE_DEBUG: target(mean=0.84 std=0.00 min=0.84 max=0.84) V(s)(mean=0.84 std=0.00) reward(mean=0.840 std=0.000) clip=50.0
[step 03800] value_loss=0.000000 policy_loss=-0.221158
[step 03800] VALUE_DEBUG: target(mean=0.84 std=0.00 min=0.84 max=0.84) V(s)(mean=0.84 std=0.00) reward(mean=0.840 std=0.000) clip=50.0
[step 03800] eval_success_rate=1.000 eval_mean_score=16.000 eval_policy_mode=greedy [solved=50/50, score_range=16.00-16.00/2.0, initial=16.00]
[step 03800] PROGRESS: filled=16.00 violations=0.00 zero_cand=0.00
[step 03800] DEBUG: ep_len=1.0 ep_ret=0.840 stop_prob=0.001 score_chg=0.0000
[step 03850] value_loss=0.000000 policy_loss=-0.209671
[step 03850] VALUE_DEBUG: target(mean=0.84 std=0.00 min=0.84 max=0.84) V(s)(mean=0.84 std=0.00) reward(mean=0.840 std=0.000) clip=50.0
[step 03900] value_loss=0.000000 policy_loss=-0.227489
[step 03900] VALUE_DEBUG: target(mean=0.84 std=0.00 min=0.84 max=0.84) V(s)(mean=0.84 std=0.00) reward(mean=0.840 std=0.000) clip=50.0
[step 03900] eval_success_rate=1.000 eval_mean_score=16.000 eval_policy_mode=greedy [solved=50/50, score_range=16.00-16.00/2.0, initial=16.00]
[step 03900] PROGRESS: filled=16.00 violations=0.00 zero_cand=0.00
[step 03900] DEBUG: ep_len=1.0 ep_ret=0.840 stop_prob=0.000 score_chg=0.0000
[step 03950] value_loss=0.000000 policy_loss=-0.204667
[step 03950] VALUE_DEBUG: target(mean=0.84 std=0.00 min=0.84 max=0.84) V(s)(mean=0.84 std=0.00) reward(mean=0.840 std=0.000) clip=50.0
[step 04000] value_loss=0.000000 policy_loss=-0.214808
[step 04000] VALUE_DEBUG: target(mean=0.84 std=0.00 min=0.84 max=0.84) V(s)(mean=0.84 std=0.00) reward(mean=0.840 std=0.000) clip=50.0
[step 04000] eval_success_rate=1.000 eval_mean_score=16.000 eval_policy_mode=greedy [solved=50/50, score_range=16.00-16.00/2.0, initial=16.00]
[step 04000] PROGRESS: filled=16.00 violations=0.00 zero_cand=0.00
[step 04000] DEBUG: ep_len=1.0 ep_ret=0.840 stop_prob=0.001 score_chg=0.0000
[Checkpoint] Saved to /data/repos/fbsource/fbcode/buiksat_trm/results/phase4_2x2_norm_ablation/nc_nv_s42/rl_checkpoint_step_4000.pt
[step 04050] value_loss=0.000000 policy_loss=-0.220803
[step 04050] VALUE_DEBUG: target(mean=0.84 std=0.00 min=0.84 max=0.84) V(s)(mean=0.84 std=0.00) reward(mean=0.840 std=0.000) clip=50.0
[step 04100] value_loss=0.000000 policy_loss=-0.225503
[step 04100] VALUE_DEBUG: target(mean=0.84 std=0.00 min=0.84 max=0.84) V(s)(mean=0.84 std=0.00) reward(mean=0.840 std=0.000) clip=50.0
[step 04100] eval_success_rate=1.000 eval_mean_score=16.000 eval_policy_mode=greedy [solved=50/50, score_range=16.00-16.00/2.0, initial=16.00]
[step 04100] PROGRESS: filled=16.00 violations=0.00 zero_cand=0.00
[step 04100] DEBUG: ep_len=1.0 ep_ret=0.840 stop_prob=0.001 score_chg=0.0000
[step 04150] value_loss=0.000000 policy_loss=-0.223707
[step 04150] VALUE_DEBUG: target(mean=0.84 std=0.00 min=0.84 max=0.84) V(s)(mean=0.84 std=0.00) reward(mean=0.840 std=0.000) clip=50.0
[step 04200] value_loss=0.000001 policy_loss=-0.230174
[step 04200] VALUE_DEBUG: target(mean=0.84 std=0.00 min=0.84 max=0.84) V(s)(mean=0.84 std=0.00) reward(mean=0.840 std=0.000) clip=50.0
[step 04200] eval_success_rate=1.000 eval_mean_score=16.000 eval_policy_mode=greedy [solved=50/50, score_range=16.00-16.00/2.0, initial=16.00]
[step 04200] PROGRESS: filled=16.00 violations=0.00 zero_cand=0.00
[step 04200] DEBUG: ep_len=1.0 ep_ret=0.840 stop_prob=0.001 score_chg=0.0000
[step 04250] value_loss=0.000011 policy_loss=-0.213567
[step 04250] VALUE_DEBUG: target(mean=0.84 std=0.00 min=0.84 max=0.84) V(s)(mean=0.84 std=0.00) reward(mean=0.840 std=0.000) clip=50.0
[step 04300] value_loss=0.000011 policy_loss=-0.222185
[step 04300] VALUE_DEBUG: target(mean=0.84 std=0.00 min=0.84 max=0.84) V(s)(mean=0.84 std=0.00) reward(mean=0.840 std=0.000) clip=50.0
[step 04300] eval_success_rate=1.000 eval_mean_score=16.000 eval_policy_mode=greedy [solved=50/50, score_range=16.00-16.00/2.0, initial=16.00]
[step 04300] PROGRESS: filled=16.00 violations=0.00 zero_cand=0.00
[step 04300] DEBUG: ep_len=1.0 ep_ret=0.840 stop_prob=0.001 score_chg=0.0000
[step 04350] value_loss=0.000002 policy_loss=-0.220683
[step 04350] VALUE_DEBUG: target(mean=0.84 std=0.00 min=0.84 max=0.84) V(s)(mean=0.84 std=0.00) reward(mean=0.840 std=0.000) clip=50.0
[step 04400] value_loss=0.000000 policy_loss=-0.228042
[step 04400] VALUE_DEBUG: target(mean=0.84 std=0.00 min=0.84 max=0.84) V(s)(mean=0.84 std=0.00) reward(mean=0.840 std=0.000) clip=50.0
[step 04400] eval_success_rate=1.000 eval_mean_score=16.000 eval_policy_mode=greedy [solved=50/50, score_range=16.00-16.00/2.0, initial=16.00]
[step 04400] PROGRESS: filled=16.00 violations=0.00 zero_cand=0.00
[step 04400] DEBUG: ep_len=1.0 ep_ret=0.840 stop_prob=0.001 score_chg=0.0000
[step 04450] value_loss=0.000000 policy_loss=-0.227416
[step 04450] VALUE_DEBUG: target(mean=0.84 std=0.00 min=0.84 max=0.84) V(s)(mean=0.84 std=0.00) reward(mean=0.840 std=0.000) clip=50.0
[step 04500] value_loss=0.000000 policy_loss=-0.213538
[step 04500] VALUE_DEBUG: target(mean=0.84 std=0.00 min=0.84 max=0.84) V(s)(mean=0.84 std=0.00) reward(mean=0.840 std=0.000) clip=50.0
[step 04500] eval_success_rate=1.000 eval_mean_score=16.000 eval_policy_mode=greedy [solved=50/50, score_range=16.00-16.00/2.0, initial=16.00]
[step 04500] PROGRESS: filled=16.00 violations=0.00 zero_cand=0.00
[step 04500] DEBUG: ep_len=1.0 ep_ret=0.840 stop_prob=0.001 score_chg=0.0000
[step 04550] value_loss=0.000000 policy_loss=-0.213118
[step 04550] VALUE_DEBUG: target(mean=0.84 std=0.00 min=0.84 max=0.84) V(s)(mean=0.84 std=0.00) reward(mean=0.840 std=0.000) clip=50.0
[step 04600] value_loss=0.000001 policy_loss=-0.240949
[step 04600] VALUE_DEBUG: target(mean=0.84 std=0.00 min=0.84 max=0.84) V(s)(mean=0.84 std=0.00) reward(mean=0.840 std=0.000) clip=50.0
[step 04600] eval_success_rate=1.000 eval_mean_score=16.000 eval_policy_mode=greedy [solved=50/50, score_range=16.00-16.00/2.0, initial=16.00]
[step 04600] PROGRESS: filled=16.00 violations=0.00 zero_cand=0.00
[step 04600] DEBUG: ep_len=1.0 ep_ret=0.840 stop_prob=0.001 score_chg=0.0000
[step 04650] value_loss=0.000000 policy_loss=-0.222125
[step 04650] VALUE_DEBUG: target(mean=0.84 std=0.00 min=0.84 max=0.84) V(s)(mean=0.84 std=0.00) reward(mean=0.840 std=0.000) clip=50.0
[step 04700] value_loss=0.000000 policy_loss=-0.241996
[step 04700] VALUE_DEBUG: target(mean=0.84 std=0.00 min=0.84 max=0.84) V(s)(mean=0.84 std=0.00) reward(mean=0.840 std=0.000) clip=50.0
[step 04700] eval_success_rate=1.000 eval_mean_score=16.000 eval_policy_mode=greedy [solved=50/50, score_range=16.00-16.00/2.0, initial=16.00]
[step 04700] PROGRESS: filled=16.00 violations=0.00 zero_cand=0.00
[step 04700] DEBUG: ep_len=1.0 ep_ret=0.840 stop_prob=0.001 score_chg=0.0000
[step 04750] value_loss=0.000004 policy_loss=-0.240644
[step 04750] VALUE_DEBUG: target(mean=0.84 std=0.00 min=0.84 max=0.84) V(s)(mean=0.84 std=0.00) reward(mean=0.840 std=0.000) clip=50.0
[step 04800] value_loss=0.000000 policy_loss=-0.206976
[step 04800] VALUE_DEBUG: target(mean=0.84 std=0.00 min=0.84 max=0.84) V(s)(mean=0.84 std=0.00) reward(mean=0.840 std=0.000) clip=50.0
[step 04800] eval_success_rate=1.000 eval_mean_score=16.000 eval_policy_mode=greedy [solved=50/50, score_range=16.00-16.00/2.0, initial=16.00]
[step 04800] PROGRESS: filled=16.00 violations=0.00 zero_cand=0.00
[step 04800] DEBUG: ep_len=1.0 ep_ret=0.840 stop_prob=0.001 score_chg=0.0000
[step 04850] value_loss=0.000004 policy_loss=-0.235259
[step 04850] VALUE_DEBUG: target(mean=0.84 std=0.00 min=0.84 max=0.84) V(s)(mean=0.84 std=0.00) reward(mean=0.840 std=0.000) clip=50.0
[step 04900] value_loss=0.000001 policy_loss=-0.223651
[step 04900] VALUE_DEBUG: target(mean=0.84 std=0.00 min=0.84 max=0.84) V(s)(mean=0.84 std=0.00) reward(mean=0.840 std=0.000) clip=50.0
[step 04900] eval_success_rate=1.000 eval_mean_score=16.000 eval_policy_mode=greedy [solved=50/50, score_range=16.00-16.00/2.0, initial=16.00]
[step 04900] PROGRESS: filled=16.00 violations=0.00 zero_cand=0.00
[step 04900] DEBUG: ep_len=1.0 ep_ret=0.840 stop_prob=0.001 score_chg=0.0000
[step 04950] value_loss=0.000000 policy_loss=-0.219936
[step 04950] VALUE_DEBUG: target(mean=0.84 std=0.00 min=0.84 max=0.84) V(s)(mean=0.84 std=0.00) reward(mean=0.840 std=0.000) clip=50.0
[step 05000] value_loss=0.000000 policy_loss=-0.228123
[step 05000] VALUE_DEBUG: target(mean=0.84 std=0.00 min=0.84 max=0.84) V(s)(mean=0.84 std=0.00) reward(mean=0.840 std=0.000) clip=50.0
[step 05000] eval_success_rate=1.000 eval_mean_score=16.000 eval_policy_mode=greedy [solved=50/50, score_range=16.00-16.00/2.0, initial=16.00]
[step 05000] PROGRESS: filled=16.00 violations=0.00 zero_cand=0.00
[step 05000] DEBUG: ep_len=1.0 ep_ret=0.840 stop_prob=0.001 score_chg=0.0000
[Checkpoint] Saved to /data/repos/fbsource/fbcode/buiksat_trm/results/phase4_2x2_norm_ablation/nc_nv_s42/rl_checkpoint_step_5000.pt
[Checkpoint] Saved to /data/repos/fbsource/fbcode/buiksat_trm/results/phase4_2x2_norm_ablation/nc_nv_s42/rl_checkpoint_step_5000.pt
