[2026-01-19T08:08:17.435-08:00] Buck UI: https://www.internalfb.com/buck2/3fd3ad97-ebec-46fd-999a-44c36ebc8531
[2026-01-19T08:08:26.030-08:00] Waiting on buck2 daemon 3fd3ad97-ebec-46fd-999a-44c36ebc8531...
[2026-01-19T08:08:26.030-08:00] Resource usage: RSS: 1.8GiB CPU: 2307%
[2026-01-19T08:08:26.030-08:00] IO: ReadDir: 6
[2026-01-19T08:08:28.830-08:00] [2m2026-01-19T16:08:28.671934Z[0m [33m WARN[0m [2mbuck2_interpreter_for_build::interpreter::functions::warning[0m[2m:[0m NCCL version '2.23.4' format is being deprecated for this NCCL version, please use MAJOR:MINOR format: 2.23 instead
[2026-01-19T08:08:28.831-08:00] [2m2026-01-19T16:08:28.671975Z[0m [33m WARN[0m [2mbuck2_interpreter_for_build::interpreter::functions::warning[0m[2m:[0m NCCL version '2.25.1' format is being deprecated for this NCCL version, please use MAJOR:MINOR format: 2.25 instead
[2026-01-19T08:08:28.831-08:00] [2m2026-01-19T16:08:28.672000Z[0m [33m WARN[0m [2mbuck2_interpreter_for_build::interpreter::functions::warning[0m[2m:[0m NCCL version '2.23.4' format is being deprecated for this NCCL version, please use MAJOR:MINOR format: 2.23 instead
[2026-01-19T08:08:28.831-08:00] [2m2026-01-19T16:08:28.672008Z[0m [33m WARN[0m [2mbuck2_interpreter_for_build::interpreter::functions::warning[0m[2m:[0m NCCL version '2.23.4' format is being deprecated for this NCCL version, please use MAJOR:MINOR format: 2.23 instead
[2026-01-19T08:08:28.831-08:00] [2m2026-01-19T16:08:28.672017Z[0m [33m WARN[0m [2mbuck2_interpreter_for_build::interpreter::functions::warning[0m[2m:[0m NCCL version '2.23.4' format is being deprecated for this NCCL version, please use MAJOR:MINOR format: 2.23 instead
[2026-01-19T08:08:34.639-08:00] [2m2026-01-19T16:08:34.636322Z[0m [33m WARN[0m [2mbuck2_interpreter_for_build::interpreter::functions::warning[0m[2m:[0m ptxas 12.8 is not available on platform platform010-aarch64-compat
[2026-01-19T08:08:34.639-08:00] [2m2026-01-19T16:08:34.636350Z[0m [33m WARN[0m [2mbuck2_interpreter_for_build::interpreter::functions::warning[0m[2m:[0m ptxas 12.8 is not available on platform platform010-compat
[2026-01-19T08:08:34.639-08:00] [2m2026-01-19T16:08:34.636355Z[0m [33m WARN[0m [2mbuck2_interpreter_for_build::interpreter::functions::warning[0m[2m:[0m ptxas 12.8 is not available on platform platform010-libcxx
[2026-01-19T08:08:34.639-08:00] [2m2026-01-19T16:08:34.636360Z[0m [33m WARN[0m [2mbuck2_interpreter_for_build::interpreter::functions::warning[0m[2m:[0m ptxas 12.8 is not available on platform antlir-distro
[2026-01-19T08:08:41.730-08:00] Waiting on buck2 daemon 3fd3ad97-ebec-46fd-999a-44c36ebc8531...
[2026-01-19T08:08:41.730-08:00] Resource usage: RSS: 6.7GiB CPU: 8386%
[2026-01-19T08:08:41.730-08:00] IO: none
[2026-01-19T08:08:48.830-08:00] Waiting on buck2 daemon 3fd3ad97-ebec-46fd-999a-44c36ebc8531...
[2026-01-19T08:08:48.830-08:00] Resource usage: RSS: 5.8GiB CPU: 430%
[2026-01-19T08:08:48.830-08:00] IO: none
[2026-01-19T08:08:55.837-08:00] Waiting on buck2 daemon 3fd3ad97-ebec-46fd-999a-44c36ebc8531...
[2026-01-19T08:08:55.837-08:00] Resource usage: RSS: 6.3GiB CPU: 3845%
[2026-01-19T08:08:55.837-08:00] IO: none
[2026-01-19T08:09:02.207-08:00] RE Session: reSessionID-952cc2e5-a58c-4a18-a4e3-173781562f60
[2026-01-19T08:09:09.238-08:00] Waiting on fbcode//xsec_crypto/haberdashery/asm/x86_64:sivmac_skylakex (cfg:opt-linux-x86_64-fbcode-platform010-clang19-no-san-opt-by-default#7bc20b5dff24e379) -- action (asm_compile sivmac_skylakex.s (pic)) [local_execute], and 898 other actions
[2026-01-19T08:09:16.351-08:00] Waiting on fbcode//cas/data:digest-input-stream-flags (cfg:opt-linux-x86_64-fbcode-platform010-clang19-no-san-opt-by-default#7bc20b5dff24e379) -- action (cxx_compile DigestInputStreamFlags.cpp (pic)), and 2078 other actions
[2026-01-19T08:09:23.399-08:00] Waiting on fbsource//third-party/abseil-cpp:strings__cordz_functions (cfg:opt-linux-x86_64-fbcode-platform010-clang19-no-san-opt-by-default#7bc20b5dff24e379) -- action (cxx_compile absl/strings/internal/cordz_functions.cc (pic)), and 1013 other actions
[2026-01-19T08:09:30.430-08:00] Waiting on fbcode//deeplearning/fbgemm:fbgemm_base (cfg:opt-linux-x86_64-fbcode-platform010-clang19-no-san-opt-by-default#7bc20b5dff24e379) -- action (cxx_compile src/GenerateI8Depthwise.cc (pic)), and 1030 other actions
[2026-01-19T08:09:37.430-08:00] Waiting on fbcode//deeplearning/fbgemm:fbgemm (cfg:opt-linux-x86_64-fbcode-platform010-clang19-no-san-opt-by-default#7bc20b5dff24e379) -- action (cxx_compile src/ExecuteKernelU8S8.cc (pic)) [local_execute], and 750 other actions
[2026-01-19T08:09:44.529-08:00] Waiting on fbsource//third-party/magma:magma (cfg:opt-linux-x86_64-fbcode-platform010-clang19-no-san-opt-by-default#7bc20b5dff24e379) -- action (cudafepp magmablas/dznrm2.cu (pic)), and 716 other actions
[2026-01-19T08:09:51.530-08:00] Waiting on fbsource//third-party/magma:magma (cfg:opt-linux-x86_64-fbcode-platform010-clang19-no-san-opt-by-default#7bc20b5dff24e379) -- action (cudafepp magmablas/ztrtri_upper.cu (pic)), and 702 other actions
[2026-01-19T08:09:58.629-08:00] Waiting on fbcode//conda/observability/structured_logging:structured_logging_cpp (cfg:opt-linux-x86_64-fbcode-platform010-clang19-no-san-opt-by-default#7bc20b5dff24e379) -- action (cxx_compile ScubaData.cpp (pic)) [local_execute], and 651 other actions
[2026-01-19T08:10:05.631-08:00] Waiting on fbcode//folly/io/async:mux_io_thread_pool_executor (cfg:opt-linux-x86_64-fbcode-platform010-clang19-no-san-opt-by-default#7bc20b5dff24e379) -- action (cxx_compile MuxIOThreadPoolExecutor.cpp (pic)), and 607 other actions
[2026-01-19T08:10:12.730-08:00] Waiting on fbcode//common/async_trace:scuba_helper (cfg:opt-linux-x86_64-fbcode-platform010-clang19-no-san-opt-by-default#7bc20b5dff24e379) -- action (cxx_compile ScubaHelper.cpp (pic)) [local_execute], and 574 other actions
[2026-01-19T08:10:19.733-08:00] Waiting on fbcode//common/async_trace:scuba_helper (cfg:opt-linux-x86_64-fbcode-platform010-clang19-no-san-opt-by-default#7bc20b5dff24e379) -- action (cxx_compile ScubaHelper.cpp (pic)), and 786 other actions
[2026-01-19T08:10:26.830-08:00] Waiting on fbcode//thrift/lib/python:mutable_types/mutable_typeinfos (cfg:opt-linux-x86_64-fbcode-platform010-clang19-no-san-opt-by-default#7bc20b5dff24e379) -- action (cxx_compile mutable_typeinfos.cpp (pic)) [local_execute], and 516 other actions
[2026-01-19T08:10:33.830-08:00] Waiting on fbcode//thrift/lib/python:mutable_types/mutable_containers (cfg:opt-linux-x86_64-fbcode-platform010-clang19-no-san-opt-by-default#7bc20b5dff24e379) -- action (cxx_compile mutable_containers.cpp (pic)), and 477 other actions
[2026-01-19T08:10:40.930-08:00] Waiting on fbcode//smc/smcproxy/lib/logging:LibLoggerHelper (cfg:opt-linux-x86_64-fbcode-platform010-clang19-no-san-opt-by-default#7bc20b5dff24e379) -- action (cxx_compile LibLoggerHelper.cpp (pic)) [local_execute], and 240 other actions
[2026-01-19T08:10:48.030-08:00] Waiting on fbcode//common/services/cpp:light (cfg:opt-linux-x86_64-fbcode-platform010-clang19-no-san-opt-by-default#7bc20b5dff24e379) -- action (cxx_compile ServiceFrameworkLight.cpp (pic)) [local_execute], and 35 other actions
[2026-01-19T08:10:55.130-08:00] Waiting on fbcode//smc/smcproxy/lib/shim:TierDeltaResumableTransform (cfg:opt-linux-x86_64-fbcode-platform010-clang19-no-san-opt-by-default#7bc20b5dff24e379) -- action (cxx_compile TierDeltaTransform.cpp (pic)) [local_execute], and 13 other actions
[2026-01-19T08:11:02.140-08:00] Waiting on fbcode//smc/smcproxy/lib/shim:TierDeltaResumableTransform (cfg:opt-linux-x86_64-fbcode-platform010-clang19-no-san-opt-by-default#7bc20b5dff24e379) -- action (cxx_compile TierDeltaTransform.cpp (pic)) [local_execute], and 545 other actions
[2026-01-19T08:11:09.243-08:00] Waiting on fbcode//smc/smcproxy/lib/shim:TierDeltaResumableTransform (cfg:opt-linux-x86_64-fbcode-platform010-clang19-no-san-opt-by-default#7bc20b5dff24e379) -- action (cxx_compile TierDeltaTransform.cpp (pic)), and 983 other actions
[2026-01-19T08:11:16.329-08:00] Waiting on fbcode//fbjava/datainfra-metastore/api/if:hive_metastore_internal-cpp2-clients (cfg:opt-linux-x86_64-fbcode-platform010-clang19-no-san-opt-by-default#7bc20b5dff24e379) -- action (cxx_compile gen-cpp2/HiveMetastore2AsyncClient.cpp (modular) (pic)) [local_execute], and 1529 other actions
[2026-01-19T08:11:23.330-08:00] Waiting on fbcode//fbjava/datainfra-metastore/api/if:hive_metastore_internal-cpp2-clients (cfg:opt-linux-x86_64-fbcode-platform010-clang19-no-san-opt-by-default#7bc20b5dff24e379) -- action (cxx_compile gen-cpp2/HiveMetastore2AsyncClient.cpp (modular) (pic)) [local_execute], and 941 other actions
[2026-01-19T08:11:30.330-08:00] Waiting on fbcode//fbjava/datainfra-metastore/api/if:hive_metastore_internal-cpp2-clients (cfg:opt-linux-x86_64-fbcode-platform010-clang19-no-san-opt-by-default#7bc20b5dff24e379) -- action (cxx_compile gen-cpp2/HiveMetastore2AsyncClient.cpp (modular) (pic)) [local_execute], and 761 other actions
[2026-01-19T08:11:37.334-08:00] Waiting on fbcode//fbjava/datainfra-metastore/api/if:hive_metastore_internal-cpp2-clients (cfg:opt-linux-x86_64-fbcode-platform010-clang19-no-san-opt-by-default#7bc20b5dff24e379) -- action (cxx_compile gen-cpp2/HiveMetastore2AsyncClient.cpp (modular) (pic)) [local_execute], and 749 other actions
[2026-01-19T08:11:44.337-08:00] Waiting on fbcode//fbjava/datainfra-metastore/api/if:hive_metastore_internal-cpp2-clients (cfg:opt-linux-x86_64-fbcode-platform010-clang19-no-san-opt-by-default#7bc20b5dff24e379) -- action (cxx_compile gen-cpp2/HiveMetastore2AsyncClient.cpp (modular) (pic)) [local_execute], and 742 other actions
[2026-01-19T08:11:51.438-08:00] Waiting on fbcode//fbjava/datainfra-metastore/api/if:hive_metastore_internal-cpp2-clients (cfg:opt-linux-x86_64-fbcode-platform010-clang19-no-san-opt-by-default#7bc20b5dff24e379) -- action (cxx_compile gen-cpp2/HiveMetastore2AsyncClient.cpp (modular) (pic)) [local_execute], and 952 other actions
[2026-01-19T08:11:58.539-08:00] Waiting on fbcode//fbjava/datainfra-metastore/api/if:hive_metastore_internal-cpp2-clients (cfg:opt-linux-x86_64-fbcode-platform010-clang19-no-san-opt-by-default#7bc20b5dff24e379) -- action (cxx_compile gen-cpp2/HiveMetastore2AsyncClient.cpp (modular) (pic)) [local_execute], and 735 other actions
[2026-01-19T08:12:05.638-08:00] Waiting on fbcode//fbjava/datainfra-metastore/api/if:hive_metastore_internal-cpp2-clients (cfg:opt-linux-x86_64-fbcode-platform010-clang19-no-san-opt-by-default#7bc20b5dff24e379) -- action (cxx_compile gen-cpp2/HiveMetastore2AsyncClient.cpp (modular) (pic)) [local_execute], and 706 other actions
[2026-01-19T08:12:12.730-08:00] Waiting on fbcode//fbjava/datainfra-metastore/api/if:hive_metastore_internal-cpp2-clients (cfg:opt-linux-x86_64-fbcode-platform010-clang19-no-san-opt-by-default#7bc20b5dff24e379) -- action (cxx_compile gen-cpp2/HiveMetastore2AsyncClient.cpp (modular) (pic)) [local_execute], and 689 other actions
[2026-01-19T08:12:19.750-08:00] Waiting on fbcode//ucache/protocol/gen:Ucache-service-if-cpp2-clients (cfg:opt-linux-x86_64-fbcode-platform010-clang19-no-san-opt-by-default#7bc20b5dff24e379) -- action (cxx_compile gen-cpp2/UcacheAsyncClient.cpp (modular) (pic)) [local_execute], and 671 other actions
[2026-01-19T08:12:26.830-08:00] Waiting on fbcode//ucache/protocol/gen:Ucache-service-if-cpp2-clients (cfg:opt-linux-x86_64-fbcode-platform010-clang19-no-san-opt-by-default#7bc20b5dff24e379) -- action (cxx_compile gen-cpp2/UcacheAsyncClient.cpp (modular) (pic)) [local_execute], and 663 other actions
[2026-01-19T08:12:33.832-08:00] Waiting on fbcode//fbjava/datainfra-metastore/api/if:hive_metastore_internal-cpp2-clients (cfg:opt-linux-x86_64-fbcode-platform010-clang19-no-san-opt-by-default#7bc20b5dff24e379) -- action (cxx_compile gen-cpp2/HiveMetastoreCoreServiceAsyncClient.cpp (modular) (pic)) [local_execute], and 644 other actions
[2026-01-19T08:12:40.834-08:00] Waiting on fbcode//fbjava/datainfra-metastore/api/if:hive_metastore_internal-cpp2-clients (cfg:opt-linux-x86_64-fbcode-platform010-clang19-no-san-opt-by-default#7bc20b5dff24e379) -- action (cxx_compile gen-cpp2/HiveMetastoreCoreServiceAsyncClient.cpp (modular) (pic)) [local_execute], and 632 other actions
[2026-01-19T08:12:47.840-08:00] Waiting on fbcode//fbjava/datainfra-metastore/api/if:hive_metastore_internal-cpp2-clients (cfg:opt-linux-x86_64-fbcode-platform010-clang19-no-san-opt-by-default#7bc20b5dff24e379) -- action (cxx_compile gen-cpp2/HiveMetastoreCoreServiceAsyncClient.cpp (modular) (pic)) [local_execute], and 607 other actions
[2026-01-19T08:12:54.935-08:00] Waiting on fbcode//servicerouter/data_provider:service_discovery_data_provider (cfg:opt-linux-x86_64-fbcode-platform010-clang19-no-san-opt-by-default#7bc20b5dff24e379) -- action (cxx_compile ServiceDiscoveryDataProvider.cpp (pic)) [local_execute], and 584 other actions
[2026-01-19T08:13:02.036-08:00] Waiting on fbcode//servicerouter/data_provider:service_discovery_data_provider (cfg:opt-linux-x86_64-fbcode-platform010-clang19-no-san-opt-by-default#7bc20b5dff24e379) -- action (cxx_compile ServiceDiscoveryDataProvider.cpp (pic)) [local_execute], and 574 other actions
[2026-01-19T08:13:09.130-08:00] Waiting on fbcode//servicerouter/data_provider:service_discovery_data_provider (cfg:opt-linux-x86_64-fbcode-platform010-clang19-no-san-opt-by-default#7bc20b5dff24e379) -- action (cxx_compile ServiceDiscoveryDataProvider.cpp (pic)) [local_execute], and 553 other actions
[2026-01-19T08:13:16.138-08:00] Waiting on fbcode//servicerouter/dispatcher/route_handles:computed_service_handle (cfg:opt-linux-x86_64-fbcode-platform010-clang19-no-san-opt-by-default#7bc20b5dff24e379) -- action (cxx_compile ComputedServiceHandle.cpp (pic)) [local_execute], and 532 other actions
[2026-01-19T08:13:23.229-08:00] Waiting on fbcode//privacy/enforcer/implementations/zippydb:zippydb_policy_enforcer (cfg:opt-linux-x86_64-fbcode-platform010-clang19-no-san-opt-by-default#7bc20b5dff24e379) -- action (cxx_compile ZippydbPolicyEnforcer.cpp (pic)) [local_execute], and 501 other actions
[2026-01-19T08:13:30.231-08:00] Waiting on fbcode//servicerouter/data_provider:unified_smc_data_provider (cfg:opt-linux-x86_64-fbcode-platform010-clang19-no-san-opt-by-default#7bc20b5dff24e379) -- action (cxx_compile UnifiedSmcDataProvider.cpp (pic)) [local_execute], and 483 other actions
[2026-01-19T08:13:37.338-08:00] Waiting on fbcode//servicerouter/data_provider:unified_smc_data_provider (cfg:opt-linux-x86_64-fbcode-platform010-clang19-no-san-opt-by-default#7bc20b5dff24e379) -- action (cxx_compile UnifiedSmcDataProvider.cpp (pic)) [local_execute], and 473 other actions
[2026-01-19T08:13:44.435-08:00] Waiting on fbcode//servicerouter/data_provider:unified_smc_data_provider (cfg:opt-linux-x86_64-fbcode-platform010-clang19-no-san-opt-by-default#7bc20b5dff24e379) -- action (cxx_compile UnifiedSmcDataProvider.cpp (pic)) [local_execute], and 442 other actions
[2026-01-19T08:13:51.530-08:00] Waiting on fbcode//servicerouter/data_provider:smc_selector_data_provider (cfg:opt-linux-x86_64-fbcode-platform010-clang19-no-san-opt-by-default#7bc20b5dff24e379) -- action (cxx_compile SmcSelectorDataProvider.cpp (pic)) [local_execute], and 419 other actions
[2026-01-19T08:13:58.530-08:00] Waiting on fbcode//cacheclient/tao2/prod/impl/gen:resource_attribution_visitor (cfg:opt-linux-x86_64-fbcode-platform010-clang19-no-san-opt-by-default#7bc20b5dff24e379) -- action (cxx_compile ResourceAttributionVisitor.cpp (pic)) [local_execute], and 402 other actions
[2026-01-19T08:14:05.537-08:00] Waiting on fbcode//core_infra_security/connection_attributes/handler:context_based_policy_checker (cfg:opt-linux-x86_64-fbcode-platform010-clang19-no-san-opt-by-default#7bc20b5dff24e379) -- action (cxx_compile ContextBasedPolicyChecker.cpp (pic)) [local_execute], and 386 other actions
[2026-01-19T08:14:12.631-08:00] Waiting on fbcode//core_infra_security/connection_attributes/handler:context_based_policy_checker (cfg:opt-linux-x86_64-fbcode-platform010-clang19-no-san-opt-by-default#7bc20b5dff24e379) -- action (cxx_compile ContextBasedPolicyChecker.cpp (pic)) [local_execute], and 361 other actions
[2026-01-19T08:14:19.736-08:00] Waiting on fbcode//core_infra_security/connection_attributes/handler:context_based_policy_checker (cfg:opt-linux-x86_64-fbcode-platform010-clang19-no-san-opt-by-default#7bc20b5dff24e379) -- action (cxx_compile ContextBasedPolicyChecker.cpp (pic)) [local_execute], and 324 other actions
[2026-01-19T08:14:26.830-08:00] Waiting on fbcode//zippydb/client/prod/internal/transaction:transaction_in_memory_context (cfg:opt-linux-x86_64-fbcode-platform010-clang19-no-san-opt-by-default#7bc20b5dff24e379) -- action (cxx_compile InMemoryTransactionContext.cpp (pic)) [local_execute], and 291 other actions
[2026-01-19T08:14:33.930-08:00] Waiting on fbcode//cacheclient/tao2/prod/mock:tao_mock_connection (cfg:opt-linux-x86_64-fbcode-platform010-clang19-no-san-opt-by-default#7bc20b5dff24e379) -- action (cxx_compile TaoMockConnection.cpp (pic)) [local_execute], and 226 other actions
[2026-01-19T08:14:40.932-08:00] Waiting on fbcode//cacheclient/tao2/prod/mock:tao_mock_connection (cfg:opt-linux-x86_64-fbcode-platform010-clang19-no-san-opt-by-default#7bc20b5dff24e379) -- action (cxx_compile TaoMockConnection.cpp (pic)) [local_execute], and 168 other actions
[2026-01-19T08:14:48.034-08:00] Waiting on fbcode//cacheclient/tao2/prod/mock:tao_mock_connection (cfg:opt-linux-x86_64-fbcode-platform010-clang19-no-san-opt-by-default#7bc20b5dff24e379) -- action (cxx_compile TaoMockConnection.cpp (pic)) [local_execute], and 156 other actions
[2026-01-19T08:14:55.130-08:00] Waiting on fbcode//cacheclient/tao2/prod/cpp:tao_client (cfg:opt-linux-x86_64-fbcode-platform010-clang19-no-san-opt-by-default#7bc20b5dff24e379) -- action (cxx_compile TaoClientCountAPIsGen.cpp (pic)) [local_execute], and 64 other actions
[2026-01-19T08:15:02.230-08:00] Waiting on fbcode//cacheclient/tao2/prod/cpp:tao_client (cfg:opt-linux-x86_64-fbcode-platform010-clang19-no-san-opt-by-default#7bc20b5dff24e379) -- action (cxx_compile TaoClientCountAPIsGen.cpp (pic)) [local_execute], and 36 other actions
[2026-01-19T08:15:09.230-08:00] Waiting on fbcode//zippydb/client/prod:zusecase_client (cfg:opt-linux-x86_64-fbcode-platform010-clang19-no-san-opt-by-default#7bc20b5dff24e379) -- action (cxx_compile ZUseCaseClient.cpp (pic)) [local_execute], and 22 other actions
[2026-01-19T08:15:16.330-08:00] Waiting on fbcode//storage_container/common_prod:static_helpers (cfg:opt-linux-x86_64-fbcode-platform010-clang19-no-san-opt-by-default#7bc20b5dff24e379) -- action (cxx_compile StaticHelpers.cpp (pic)) [local_execute], and 12 other actions
[2026-01-19T08:15:23.330-08:00] Waiting on fbcode//zippydb/client/prod/internal/tests/utils:mock_zclient_provider (cfg:opt-linux-x86_64-fbcode-platform010-clang19-no-san-opt-by-default#7bc20b5dff24e379) -- action (cxx_compile MockZClientProvider.cpp (pic)) [local_execute], and 10 other actions
[2026-01-19T08:15:30.430-08:00] Waiting on fbcode//zippydb/client/prod/internal/tests/utils:mock_zclient_provider (cfg:opt-linux-x86_64-fbcode-platform010-clang19-no-san-opt-by-default#7bc20b5dff24e379) -- action (cxx_compile MockZClientProvider.cpp (pic)) [local_execute], and 7 other actions
[2026-01-19T08:15:37.529-08:00] Waiting on fbcode//zippydb/client/prod/internal/tests/utils:mock_zclient_provider (cfg:opt-linux-x86_64-fbcode-platform010-clang19-no-san-opt-by-default#7bc20b5dff24e379) -- action (cxx_compile MockZClientProvider.cpp (pic)) [local_execute], and 5 other actions
[2026-01-19T08:15:44.530-08:00] Waiting on fbcode//zippydb/client/prod/internal/tests/utils:mock_zclient_provider (cfg:opt-linux-x86_64-fbcode-platform010-clang19-no-san-opt-by-default#7bc20b5dff24e379) -- action (cxx_compile MockZClientProvider.cpp (pic)) [local_execute], and 4 other actions
[2026-01-19T08:15:51.630-08:00] Waiting on fbcode//zippydb/client/prod/internal/tests/utils:mock_zclient_provider (cfg:opt-linux-x86_64-fbcode-platform010-clang19-no-san-opt-by-default#7bc20b5dff24e379) -- action (cxx_compile MockZClientProvider.cpp (pic)) [local_execute], and 3 other actions
[2026-01-19T08:15:58.730-08:00] Waiting on fbcode//zippydb/client/prod/internal/tests/utils:mock_zclient_provider (cfg:opt-linux-x86_64-fbcode-platform010-clang19-no-san-opt-by-default#7bc20b5dff24e379) -- action (cxx_compile MockZClientProvider.cpp (pic)) [local_execute], and 3 other actions
[2026-01-19T08:16:05.730-08:00] Waiting on fbcode//zippydb/client/prod/internal/tests/utils:mock_zclient_provider (cfg:opt-linux-x86_64-fbcode-platform010-clang19-no-san-opt-by-default#7bc20b5dff24e379) -- action (cxx_compile MockZClientProvider.cpp (pic)) [local_execute], and 3 other actions
[2026-01-19T08:16:12.830-08:00] Waiting on fbcode//zippydb/client/prod/internal/tests/utils:mock_zclient_provider (cfg:opt-linux-x86_64-fbcode-platform010-clang19-no-san-opt-by-default#7bc20b5dff24e379) -- action (cxx_compile MockZClientProvider.cpp (pic)) [local_execute], and 3 other actions
[2026-01-19T08:16:19.930-08:00] Waiting on fbcode//zippydb/client/prod/internal/tests/utils:mock_zclient_provider (cfg:opt-linux-x86_64-fbcode-platform010-clang19-no-san-opt-by-default#7bc20b5dff24e379) -- action (cxx_compile MockZClientProvider.cpp (pic)) [local_execute], and 3 other actions
[2026-01-19T08:16:26.930-08:00] Waiting on fbcode//zippydb/client/prod/internal/tests/utils:mock_zclient_provider (cfg:opt-linux-x86_64-fbcode-platform010-clang19-no-san-opt-by-default#7bc20b5dff24e379) -- action (cxx_compile MockZClientProvider.cpp (pic)) [local_execute], and 2 other actions
[2026-01-19T08:16:34.030-08:00] Waiting on fbcode//zippydb/client/prod/internal/tests/utils:mock_zclient_provider (cfg:opt-linux-x86_64-fbcode-platform010-clang19-no-san-opt-by-default#7bc20b5dff24e379) -- action (cxx_compile MockZClientProvider.cpp (pic)) [local_execute], and 2 other actions
[2026-01-19T08:16:41.030-08:00] Waiting on fbcode//zippydb/client/prod/internal/tests/utils:mock_zclient_provider (cfg:opt-linux-x86_64-fbcode-platform010-clang19-no-san-opt-by-default#7bc20b5dff24e379) -- action (cxx_compile MockZClientProvider.cpp (pic)) [local_execute], and 2 other actions
[2026-01-19T08:16:48.030-08:00] Waiting on fbcode//zippydb/client/prod/internal/tests/utils:mock_zclient_provider (cfg:opt-linux-x86_64-fbcode-platform010-clang19-no-san-opt-by-default#7bc20b5dff24e379) -- action (cxx_compile MockZClientProvider.cpp (pic)) [local_execute], and 2 other actions
[2026-01-19T08:16:55.030-08:00] Waiting on fbcode//zippydb/client/prod/internal/tests/utils:mock_zclient_provider (cfg:opt-linux-x86_64-fbcode-platform010-clang19-no-san-opt-by-default#7bc20b5dff24e379) -- action (cxx_compile MockZClientProvider.cpp (pic)) [local_execute], and 1 other actions
[2026-01-19T08:17:02.130-08:00] Waiting on fbcode//zippydb/client/prod/internal/tests/utils:mock_zclient_provider (cfg:opt-linux-x86_64-fbcode-platform010-clang19-no-san-opt-by-default#7bc20b5dff24e379) -- action (cxx_compile MockZClientProvider.cpp (pic)) [local_execute]
[2026-01-19T08:17:09.130-08:00] Waiting on fbcode//buiksat_trm:upi_trm_train (cfg:opt-linux-x86_64-fbcode-platform010-clang19-no-san-opt-by-default#7bc20b5dff24e379) -- action (cxx_link_python_exe) [local_materialize_inputs]
[2026-01-19T08:17:16.229-08:00] Waiting on fbcode//buiksat_trm:upi_trm_train (cfg:opt-linux-x86_64-fbcode-platform010-clang19-no-san-opt-by-default#7bc20b5dff24e379) -- action (cxx_link_python_exe) [local_materialize_inputs]
[2026-01-19T08:17:23.229-08:00] Waiting on fbcode//buiksat_trm:upi_trm_train (cfg:opt-linux-x86_64-fbcode-platform010-clang19-no-san-opt-by-default#7bc20b5dff24e379) -- action (cxx_link_python_exe) [local_materialize_inputs]
[2026-01-19T08:17:30.230-08:00] Waiting on fbcode//buiksat_trm:upi_trm_train (cfg:opt-linux-x86_64-fbcode-platform010-clang19-no-san-opt-by-default#7bc20b5dff24e379) -- action (cxx_link_python_exe) [local_execute]
[2026-01-19T08:17:37.230-08:00] Waiting on fbcode//buiksat_trm:upi_trm_train (cfg:opt-linux-x86_64-fbcode-platform010-clang19-no-san-opt-by-default#7bc20b5dff24e379) -- action (cxx_link_python_exe) [local_execute]
[2026-01-19T08:17:44.330-08:00] Waiting on fbcode//buiksat_trm:upi_trm_train (cfg:opt-linux-x86_64-fbcode-platform010-clang19-no-san-opt-by-default#7bc20b5dff24e379) -- action (cxx_link_python_exe) [local_execute]
[2026-01-19T08:17:51.330-08:00] Waiting on fbcode//buiksat_trm:upi_trm_train (cfg:opt-linux-x86_64-fbcode-platform010-clang19-no-san-opt-by-default#7bc20b5dff24e379) -- action (cxx_link_python_exe) [local_execute]
[2026-01-19T08:17:58.430-08:00] Waiting on fbcode//buiksat_trm:upi_trm_train (cfg:opt-linux-x86_64-fbcode-platform010-clang19-no-san-opt-by-default#7bc20b5dff24e379) -- action (cxx_link_python_exe) [local_execute]
[2026-01-19T08:18:03.624-08:00] Cache hits: 98%
[2026-01-19T08:18:03.624-08:00] Commands: 132810 (cached: 130052, remote: 0, local: 2758)
[2026-01-19T08:18:03.624-08:00] Network: Up: 1.4GiB  Down: 6.1GiB  (reSessionID-952cc2e5-a58c-4a18-a4e3-173781562f60)
[2026-01-19T08:18:05.530-08:00] Waiting on buck2 daemon 3fd3ad97-ebec-46fd-999a-44c36ebc8531...
[2026-01-19T08:18:05.530-08:00] Network: Up: 1.4GiB           Down: 6.1GiB           (reSessionID-952cc2e5-a58c-4a18-a4e3-173781562f60)
[2026-01-19T08:18:05.530-08:00] Resource usage: RSS: 18GiB CPU: 209%
[2026-01-19T08:18:05.530-08:00] IO: Read: 1
BUILD SUCCEEDED - starting your binary
[INFO] Using feasibility-aware Sudoku checker for 4x4
       score = filled - 2.0*violations - 5.0*zeroCand
       Max score: 16 (all filled, no violations)
[INFO] Training for 5000 steps (gamma=0.990, K=1, inner_unroll_n=2)
[INFO] Terminal rewards: solve=1.000, fail=-16.000
[INFO] Using TRM backbone (hidden=64, H=2, L=2)
[DEBUG] Policy head STOP bias: 0.00 (should be 0.0 for uniform init)
[INFO] Puzzle embeddings DISABLED (set --puzzle-emb-ndim > 0 to enable)
/data/repos/fbsource/buck-out/v2/gen/fbcode/7bc20b5dff24e379/buiksat_trm/__upi_trm_train__/upi_trm_train#link-tree/torch/cuda/__init__.py:373: UserWarning: Found GPU0 NVIDIA A100-PG509-200 which is of compute capability (CC) 8.0.
The following list shows the CCs this version of PyTorch was built for and the hardware CCs it supports:
Please follow the instructions at https://pytorch.org/get-started/locally/ to install a PyTorch release that supports one of these CUDA versions: 12.6, 12.8, 13.0
  _warn_unsupported_code(d, device_cc, code_ccs)
INFO:2026-01-19 08:18:12 2616814:2616814 CuptiCallbackApi.cpp:74] Callback: domain = 3, cbid = 1
INFO:2026-01-19 08:18:12 2616814:2616814 CuptiActivityProfiler.cpp:245] CUDA versions. CUPTI: 22; Runtime: 12040; Driver: 12040
INFO:2026-01-19 08:18:12 2616814:2795730 FBConfig.cpp:330] Perfetto builder enabled: 1
INFO:2026-01-19 08:18:12 2616814:2795730 DynoConfigLoader.cpp:61] Setting communication fabric enabled = 0
INFO:2026-01-19 08:18:12 2616814:2795730 DynoConfigLoader.cpp:61] Setting communication fabric enabled = 0
TritonTraceHandler: disabled because /logs does not exist
===========[FB_TRITON]=========== Triton Version: 3.3.2+fb
[INFO] Using UPI-TRM algorithm (K=1, inner_n=2)

============================================================
UPI-TRM THEORY ALIGNMENT CHECK
============================================================
⚠ Configuration has theory gaps:
  • enable_contraction=False disables spectral normalization (Assumption 4.2). L_z < 1 contraction not enforced.
  • exact_baseline_summation=False: Using approximate baseline. This gives O(ε_A/(1-γ)) bound instead of O(α·ε_A) from Theorem 5.9. For discrete action spaces (Sudoku), enable for tighter bounds.
  • theory_exact_mixture=False: Using parameter-space interpolation for CPI, which is NOT equivalent to policy-space mixture. The CPI improvement guarantee does not strictly apply. Set theory_exact_mixture=True for theory-exact behavior (but slower due to evaluating two networks).

Theory status:
  Forward-invariant projection: ✓
  Contraction enforced (L_z < 1): ✗
  Exact baseline (Thm 5.9): ✗
  Distillation (not in theory): ✓ disabled

Is theory-exact: False
============================================================

UPI-TRM theoretical dials:
  L_z target (rl_cfg.target_Lz): 0.9
  L_V target (rl_cfg.target_Lv): 1.0
  Inner unroll n (rl_cfg.inner_unroll_n): 2
  K-step horizon K (rl_cfg.K): 1
  Mixture alpha (rl_cfg.mixture_alpha): 0.1
  Latent ball radius (rl_cfg.latent_ball_radius): 10.0
  Episodic latent: True
  Exact K-step targets: False
  Exact baseline summation: False

[INFO] STOP action mode: disabled
[INFO] Forward-invariant projection enabled (R=10.0)
[WandB] Disabled by default (enable with: --wandb)
[DEBUG] Action mask: 60 valid actions out of 513 total
[DEBUG] Latent mode: episodic
[DEBUG] Step 0 probs: STOP=0.000000, edits=1.000000
[DEBUG] Top 5 action probs: torch.return_types.topk(
values=tensor([0.0231, 0.0216, 0.0211, 0.0208, 0.0207], device='cuda:0',
       grad_fn=<TopkBackward0>),
indices=tensor([243, 247, 336, 236, 339], device='cuda:0'))
[step 00050] value_loss=0.006045 policy_loss=-0.211460
[step 00050] VALUE_DEBUG: target(mean=0.84 std=0.00 min=0.84 max=0.84) V(s)(mean=0.77 std=0.04) reward(mean=0.840 std=0.000) clip=50.0
[step 00100] value_loss=0.000300 policy_loss=-0.231666
[step 00100] VALUE_DEBUG: target(mean=0.84 std=0.00 min=0.84 max=0.84) V(s)(mean=0.85 std=0.01) reward(mean=0.840 std=0.000) clip=50.0
[step 00100] eval_success_rate=1.000 eval_mean_score=16.000 eval_policy_mode=greedy [solved=50/50, score_range=16.00-16.00/11.0, initial=16.00]
[step 00100] PROGRESS: filled=16.00 violations=0.00 zero_cand=0.00
[step 00100] DEBUG: ep_len=1.0 ep_ret=0.840 stop_prob=0.001 score_chg=0.0000
[step 00150] value_loss=0.000095 policy_loss=-0.231275
[step 00150] VALUE_DEBUG: target(mean=0.84 std=0.00 min=0.84 max=0.84) V(s)(mean=0.84 std=0.01) reward(mean=0.840 std=0.000) clip=50.0
[step 00200] value_loss=0.000036 policy_loss=-0.217921
[step 00200] VALUE_DEBUG: target(mean=0.84 std=0.00 min=0.84 max=0.84) V(s)(mean=0.84 std=0.01) reward(mean=0.840 std=0.000) clip=50.0
[step 00200] eval_success_rate=1.000 eval_mean_score=16.000 eval_policy_mode=greedy [solved=50/50, score_range=16.00-16.00/11.0, initial=16.00]
[step 00200] PROGRESS: filled=16.00 violations=0.00 zero_cand=0.00
[step 00200] DEBUG: ep_len=1.0 ep_ret=0.840 stop_prob=0.001 score_chg=0.0000
[step 00250] value_loss=0.002878 policy_loss=-0.231963
[step 00250] VALUE_DEBUG: target(mean=0.84 std=0.00 min=0.84 max=0.84) V(s)(mean=0.87 std=0.05) reward(mean=0.840 std=0.000) clip=50.0
[step 00300] value_loss=0.003035 policy_loss=-0.284241
[step 00300] VALUE_DEBUG: target(mean=0.84 std=0.00 min=0.84 max=0.84) V(s)(mean=0.84 std=0.06) reward(mean=0.840 std=0.000) clip=50.0
[step 00300] eval_success_rate=1.000 eval_mean_score=16.000 eval_policy_mode=greedy [solved=50/50, score_range=16.00-16.00/11.0, initial=16.00]
[step 00300] PROGRESS: filled=16.00 violations=0.00 zero_cand=0.00
[step 00300] DEBUG: ep_len=1.0 ep_ret=0.840 stop_prob=0.001 score_chg=0.0000
[step 00350] value_loss=0.000294 policy_loss=-0.242846
[step 00350] VALUE_DEBUG: target(mean=0.84 std=0.00 min=0.84 max=0.84) V(s)(mean=0.84 std=0.02) reward(mean=0.840 std=0.000) clip=50.0
[step 00400] value_loss=0.000163 policy_loss=-0.234212
[step 00400] VALUE_DEBUG: target(mean=0.84 std=0.00 min=0.84 max=0.84) V(s)(mean=0.84 std=0.01) reward(mean=0.840 std=0.000) clip=50.0
[step 00400] eval_success_rate=1.000 eval_mean_score=16.000 eval_policy_mode=greedy [solved=50/50, score_range=16.00-16.00/11.0, initial=16.00]
[step 00400] PROGRESS: filled=16.00 violations=0.00 zero_cand=0.00
[step 00400] DEBUG: ep_len=1.0 ep_ret=0.840 stop_prob=0.000 score_chg=0.0000
[step 00450] value_loss=0.000155 policy_loss=-0.226330
[step 00450] VALUE_DEBUG: target(mean=0.84 std=0.00 min=0.84 max=0.84) V(s)(mean=0.84 std=0.01) reward(mean=0.840 std=0.000) clip=50.0
[step 00500] value_loss=0.000189 policy_loss=-0.218557
[step 00500] VALUE_DEBUG: target(mean=0.84 std=0.00 min=0.84 max=0.84) V(s)(mean=0.83 std=0.01) reward(mean=0.840 std=0.000) clip=50.0
[step 00500] eval_success_rate=1.000 eval_mean_score=16.000 eval_policy_mode=greedy [solved=50/50, score_range=16.00-16.00/11.0, initial=16.00]
[step 00500] PROGRESS: filled=16.00 violations=0.00 zero_cand=0.00
[step 00500] DEBUG: ep_len=1.0 ep_ret=0.840 stop_prob=0.001 score_chg=0.0000
[step 00550] value_loss=0.000491 policy_loss=-0.249670
[step 00550] VALUE_DEBUG: target(mean=0.84 std=0.00 min=0.84 max=0.84) V(s)(mean=0.83 std=0.02) reward(mean=0.840 std=0.000) clip=50.0
[step 00600] value_loss=0.002631 policy_loss=-0.226036
[step 00600] VALUE_DEBUG: target(mean=0.84 std=0.00 min=0.84 max=0.84) V(s)(mean=0.88 std=0.04) reward(mean=0.840 std=0.000) clip=50.0
[step 00600] eval_success_rate=1.000 eval_mean_score=16.000 eval_policy_mode=greedy [solved=50/50, score_range=16.00-16.00/11.0, initial=16.00]
[step 00600] PROGRESS: filled=16.00 violations=0.00 zero_cand=0.00
[step 00600] DEBUG: ep_len=1.0 ep_ret=0.840 stop_prob=0.001 score_chg=0.0000
[step 00650] value_loss=0.000213 policy_loss=-0.217432
[step 00650] VALUE_DEBUG: target(mean=0.84 std=0.00 min=0.84 max=0.84) V(s)(mean=0.85 std=0.01) reward(mean=0.840 std=0.000) clip=50.0
[step 00700] value_loss=0.000015 policy_loss=-0.248411
[step 00700] VALUE_DEBUG: target(mean=0.84 std=0.00 min=0.84 max=0.84) V(s)(mean=0.84 std=0.00) reward(mean=0.840 std=0.000) clip=50.0
[step 00700] eval_success_rate=1.000 eval_mean_score=16.000 eval_policy_mode=greedy [solved=50/50, score_range=16.00-16.00/11.0, initial=16.00]
[step 00700] PROGRESS: filled=16.00 violations=0.00 zero_cand=0.00
[step 00700] DEBUG: ep_len=1.0 ep_ret=0.840 stop_prob=0.001 score_chg=0.0000
[step 00750] value_loss=0.000007 policy_loss=-0.208632
[step 00750] VALUE_DEBUG: target(mean=0.84 std=0.00 min=0.84 max=0.84) V(s)(mean=0.84 std=0.00) reward(mean=0.840 std=0.000) clip=50.0
[step 00800] value_loss=0.000050 policy_loss=-0.224178
[step 00800] VALUE_DEBUG: target(mean=0.84 std=0.00 min=0.84 max=0.84) V(s)(mean=0.84 std=0.01) reward(mean=0.840 std=0.000) clip=50.0
[step 00800] eval_success_rate=1.000 eval_mean_score=16.000 eval_policy_mode=greedy [solved=50/50, score_range=16.00-16.00/11.0, initial=16.00]
[step 00800] PROGRESS: filled=16.00 violations=0.00 zero_cand=0.00
[step 00800] DEBUG: ep_len=1.0 ep_ret=0.840 stop_prob=0.001 score_chg=0.0000
[step 00850] value_loss=0.000055 policy_loss=-0.206053
[step 00850] VALUE_DEBUG: target(mean=0.84 std=0.00 min=0.84 max=0.84) V(s)(mean=0.85 std=0.00) reward(mean=0.840 std=0.000) clip=50.0
[step 00900] value_loss=0.000077 policy_loss=-0.224786
[step 00900] VALUE_DEBUG: target(mean=0.84 std=0.00 min=0.84 max=0.84) V(s)(mean=0.83 std=0.01) reward(mean=0.840 std=0.000) clip=50.0
[step 00900] eval_success_rate=1.000 eval_mean_score=16.000 eval_policy_mode=greedy [solved=50/50, score_range=16.00-16.00/11.0, initial=16.00]
[step 00900] PROGRESS: filled=16.00 violations=0.00 zero_cand=0.00
[step 00900] DEBUG: ep_len=1.0 ep_ret=0.840 stop_prob=0.001 score_chg=0.0000
[step 00950] value_loss=0.000148 policy_loss=-0.231405
[step 00950] VALUE_DEBUG: target(mean=0.84 std=0.00 min=0.84 max=0.84) V(s)(mean=0.84 std=0.01) reward(mean=0.840 std=0.000) clip=50.0
[step 01000] value_loss=0.000174 policy_loss=-0.250106
[step 01000] VALUE_DEBUG: target(mean=0.84 std=0.00 min=0.84 max=0.84) V(s)(mean=0.85 std=0.01) reward(mean=0.840 std=0.000) clip=50.0
[step 01000] eval_success_rate=1.000 eval_mean_score=16.000 eval_policy_mode=greedy [solved=50/50, score_range=16.00-16.00/11.0, initial=16.00]
[step 01000] PROGRESS: filled=16.00 violations=0.00 zero_cand=0.00
[step 01000] DEBUG: ep_len=1.0 ep_ret=0.840 stop_prob=0.001 score_chg=0.0000
[Checkpoint] Saved to /data/repos/fbsource/fbcode/buiksat_trm/results/phase4_2x2_norm_ablation/nc_yv_s41/rl_checkpoint_step_1000.pt
[step 01050] value_loss=0.000088 policy_loss=-0.245006
[step 01050] VALUE_DEBUG: target(mean=0.84 std=0.00 min=0.84 max=0.84) V(s)(mean=0.84 std=0.01) reward(mean=0.840 std=0.000) clip=50.0
[step 01100] value_loss=0.000195 policy_loss=-0.236640
[step 01100] VALUE_DEBUG: target(mean=0.84 std=0.00 min=0.84 max=0.84) V(s)(mean=0.85 std=0.01) reward(mean=0.840 std=0.000) clip=50.0
[step 01100] eval_success_rate=1.000 eval_mean_score=16.000 eval_policy_mode=greedy [solved=50/50, score_range=16.00-16.00/11.0, initial=16.00]
[step 01100] PROGRESS: filled=16.00 violations=0.00 zero_cand=0.00
[step 01100] DEBUG: ep_len=1.0 ep_ret=0.840 stop_prob=0.001 score_chg=0.0000
[step 01150] value_loss=0.000113 policy_loss=-0.242699
[step 01150] VALUE_DEBUG: target(mean=0.84 std=0.00 min=0.84 max=0.84) V(s)(mean=0.83 std=0.01) reward(mean=0.840 std=0.000) clip=50.0
[step 01200] value_loss=0.000049 policy_loss=-0.233833
[step 01200] VALUE_DEBUG: target(mean=0.84 std=0.00 min=0.84 max=0.84) V(s)(mean=0.84 std=0.01) reward(mean=0.840 std=0.000) clip=50.0
[step 01200] eval_success_rate=1.000 eval_mean_score=16.000 eval_policy_mode=greedy [solved=50/50, score_range=16.00-16.00/11.0, initial=16.00]
[step 01200] PROGRESS: filled=16.00 violations=0.00 zero_cand=0.00
[step 01200] DEBUG: ep_len=1.0 ep_ret=0.840 stop_prob=0.001 score_chg=0.0000
[step 01250] value_loss=0.000085 policy_loss=-0.239199
[step 01250] VALUE_DEBUG: target(mean=0.84 std=0.00 min=0.84 max=0.84) V(s)(mean=0.84 std=0.01) reward(mean=0.840 std=0.000) clip=50.0
[step 01300] value_loss=0.000054 policy_loss=-0.224080
[step 01300] VALUE_DEBUG: target(mean=0.84 std=0.00 min=0.84 max=0.84) V(s)(mean=0.84 std=0.01) reward(mean=0.840 std=0.000) clip=50.0
[step 01300] eval_success_rate=1.000 eval_mean_score=16.000 eval_policy_mode=greedy [solved=50/50, score_range=16.00-16.00/11.0, initial=16.00]
[step 01300] PROGRESS: filled=16.00 violations=0.00 zero_cand=0.00
[step 01300] DEBUG: ep_len=1.0 ep_ret=0.840 stop_prob=0.001 score_chg=0.0000
[step 01350] value_loss=0.000209 policy_loss=-0.235345
[step 01350] VALUE_DEBUG: target(mean=0.84 std=0.00 min=0.84 max=0.84) V(s)(mean=0.83 std=0.01) reward(mean=0.840 std=0.000) clip=50.0
[step 01400] value_loss=0.001256 policy_loss=-0.254850
[step 01400] VALUE_DEBUG: target(mean=0.84 std=0.00 min=0.84 max=0.84) V(s)(mean=0.81 std=0.02) reward(mean=0.840 std=0.000) clip=50.0
[step 01400] eval_success_rate=1.000 eval_mean_score=16.000 eval_policy_mode=greedy [solved=50/50, score_range=16.00-16.00/11.0, initial=16.00]
[step 01400] PROGRESS: filled=16.00 violations=0.00 zero_cand=0.00
[step 01400] DEBUG: ep_len=1.0 ep_ret=0.840 stop_prob=0.001 score_chg=0.0000
[step 01450] value_loss=0.000288 policy_loss=-0.231981
[step 01450] VALUE_DEBUG: target(mean=0.84 std=0.00 min=0.84 max=0.84) V(s)(mean=0.85 std=0.01) reward(mean=0.840 std=0.000) clip=50.0
[step 01500] value_loss=0.000060 policy_loss=-0.207516
[step 01500] VALUE_DEBUG: target(mean=0.84 std=0.00 min=0.84 max=0.84) V(s)(mean=0.85 std=0.01) reward(mean=0.840 std=0.000) clip=50.0
[step 01500] eval_success_rate=1.000 eval_mean_score=16.000 eval_policy_mode=greedy [solved=50/50, score_range=16.00-16.00/11.0, initial=16.00]
[step 01500] PROGRESS: filled=16.00 violations=0.00 zero_cand=0.00
[step 01500] DEBUG: ep_len=1.0 ep_ret=0.840 stop_prob=0.001 score_chg=0.0000
[step 01550] value_loss=0.000038 policy_loss=-0.225977
[step 01550] VALUE_DEBUG: target(mean=0.84 std=0.00 min=0.84 max=0.84) V(s)(mean=0.84 std=0.01) reward(mean=0.840 std=0.000) clip=50.0
[step 01600] value_loss=0.000032 policy_loss=-0.231845
[step 01600] VALUE_DEBUG: target(mean=0.84 std=0.00 min=0.84 max=0.84) V(s)(mean=0.84 std=0.00) reward(mean=0.840 std=0.000) clip=50.0
[step 01600] eval_success_rate=1.000 eval_mean_score=16.000 eval_policy_mode=greedy [solved=50/50, score_range=16.00-16.00/11.0, initial=16.00]
[step 01600] PROGRESS: filled=16.00 violations=0.00 zero_cand=0.00
[step 01600] DEBUG: ep_len=1.0 ep_ret=0.840 stop_prob=0.001 score_chg=0.0000
[step 01650] value_loss=0.000338 policy_loss=-0.219865
[step 01650] VALUE_DEBUG: target(mean=0.84 std=0.02 min=0.74 max=0.84) V(s)(mean=0.84 std=0.00) reward(mean=0.837 std=0.017) clip=50.0
[step 01700] value_loss=0.000092 policy_loss=-0.228728
[step 01700] VALUE_DEBUG: target(mean=0.84 std=0.00 min=0.84 max=0.84) V(s)(mean=0.84 std=0.01) reward(mean=0.840 std=0.000) clip=50.0
[step 01700] eval_success_rate=1.000 eval_mean_score=16.000 eval_policy_mode=greedy [solved=50/50, score_range=16.00-16.00/11.0, initial=16.00]
[step 01700] PROGRESS: filled=16.00 violations=0.00 zero_cand=0.00
[step 01700] DEBUG: ep_len=1.0 ep_ret=0.840 stop_prob=0.001 score_chg=0.0000
[step 01750] value_loss=0.000024 policy_loss=-0.214497
[step 01750] VALUE_DEBUG: target(mean=0.84 std=0.00 min=0.84 max=0.84) V(s)(mean=0.84 std=0.00) reward(mean=0.840 std=0.000) clip=50.0
[step 01800] value_loss=0.000046 policy_loss=-0.237933
[step 01800] VALUE_DEBUG: target(mean=0.84 std=0.00 min=0.84 max=0.84) V(s)(mean=0.84 std=0.01) reward(mean=0.840 std=0.000) clip=50.0
[step 01800] eval_success_rate=1.000 eval_mean_score=16.000 eval_policy_mode=greedy [solved=50/50, score_range=16.00-16.00/11.0, initial=16.00]
[step 01800] PROGRESS: filled=16.00 violations=0.00 zero_cand=0.00
[step 01800] DEBUG: ep_len=1.0 ep_ret=0.840 stop_prob=0.001 score_chg=0.0000
[step 01850] value_loss=0.000009 policy_loss=-0.219678
[step 01850] VALUE_DEBUG: target(mean=0.84 std=0.00 min=0.84 max=0.84) V(s)(mean=0.84 std=0.00) reward(mean=0.840 std=0.000) clip=50.0
[step 01900] value_loss=0.000015 policy_loss=-0.223012
[step 01900] VALUE_DEBUG: target(mean=0.84 std=0.00 min=0.84 max=0.84) V(s)(mean=0.84 std=0.00) reward(mean=0.840 std=0.000) clip=50.0
[step 01900] eval_success_rate=1.000 eval_mean_score=16.000 eval_policy_mode=greedy [solved=50/50, score_range=16.00-16.00/11.0, initial=16.00]
[step 01900] PROGRESS: filled=16.00 violations=0.00 zero_cand=0.00
[step 01900] DEBUG: ep_len=1.0 ep_ret=0.840 stop_prob=0.001 score_chg=0.0000
[step 01950] value_loss=0.000124 policy_loss=-0.230391
[step 01950] VALUE_DEBUG: target(mean=0.84 std=0.00 min=0.84 max=0.84) V(s)(mean=0.85 std=0.01) reward(mean=0.840 std=0.000) clip=50.0
[step 02000] value_loss=0.000034 policy_loss=-0.231178
[step 02000] VALUE_DEBUG: target(mean=0.84 std=0.00 min=0.84 max=0.84) V(s)(mean=0.84 std=0.00) reward(mean=0.840 std=0.000) clip=50.0
[step 02000] eval_success_rate=1.000 eval_mean_score=16.000 eval_policy_mode=greedy [solved=50/50, score_range=16.00-16.00/11.0, initial=16.00]
[step 02000] PROGRESS: filled=16.00 violations=0.00 zero_cand=0.00
[step 02000] DEBUG: ep_len=1.0 ep_ret=0.840 stop_prob=0.000 score_chg=0.0000
[Checkpoint] Saved to /data/repos/fbsource/fbcode/buiksat_trm/results/phase4_2x2_norm_ablation/nc_yv_s41/rl_checkpoint_step_2000.pt
[step 02050] value_loss=0.000006 policy_loss=-0.233123
[step 02050] VALUE_DEBUG: target(mean=0.84 std=0.00 min=0.84 max=0.84) V(s)(mean=0.84 std=0.00) reward(mean=0.840 std=0.000) clip=50.0
[step 02100] value_loss=0.000002 policy_loss=-0.221450
[step 02100] VALUE_DEBUG: target(mean=0.84 std=0.00 min=0.84 max=0.84) V(s)(mean=0.84 std=0.00) reward(mean=0.840 std=0.000) clip=50.0
[step 02100] eval_success_rate=1.000 eval_mean_score=16.000 eval_policy_mode=greedy [solved=50/50, score_range=16.00-16.00/11.0, initial=16.00]
[step 02100] PROGRESS: filled=16.00 violations=0.00 zero_cand=0.00
[step 02100] DEBUG: ep_len=1.0 ep_ret=0.840 stop_prob=0.001 score_chg=0.0000
[step 02150] value_loss=0.000123 policy_loss=-0.245475
[step 02150] VALUE_DEBUG: target(mean=0.84 std=0.00 min=0.84 max=0.84) V(s)(mean=0.85 std=0.01) reward(mean=0.840 std=0.000) clip=50.0
[step 02200] value_loss=0.000018 policy_loss=-0.231142
[step 02200] VALUE_DEBUG: target(mean=0.84 std=0.00 min=0.84 max=0.84) V(s)(mean=0.84 std=0.00) reward(mean=0.840 std=0.000) clip=50.0
[step 02200] eval_success_rate=1.000 eval_mean_score=16.000 eval_policy_mode=greedy [solved=50/50, score_range=16.00-16.00/11.0, initial=16.00]
[step 02200] PROGRESS: filled=16.00 violations=0.00 zero_cand=0.00
[step 02200] DEBUG: ep_len=1.0 ep_ret=0.840 stop_prob=0.001 score_chg=0.0000
[step 02250] value_loss=0.000010 policy_loss=-0.248085
[step 02250] VALUE_DEBUG: target(mean=0.84 std=0.00 min=0.84 max=0.84) V(s)(mean=0.84 std=0.00) reward(mean=0.840 std=0.000) clip=50.0
[step 02300] value_loss=0.000012 policy_loss=-0.223295
[step 02300] VALUE_DEBUG: target(mean=0.84 std=0.00 min=0.84 max=0.84) V(s)(mean=0.84 std=0.00) reward(mean=0.840 std=0.000) clip=50.0
[step 02300] eval_success_rate=1.000 eval_mean_score=16.000 eval_policy_mode=greedy [solved=50/50, score_range=16.00-16.00/11.0, initial=16.00]
[step 02300] PROGRESS: filled=16.00 violations=0.00 zero_cand=0.00
[step 02300] DEBUG: ep_len=1.0 ep_ret=0.840 stop_prob=0.000 score_chg=0.0000
[step 02350] value_loss=0.000014 policy_loss=-0.241661
[step 02350] VALUE_DEBUG: target(mean=0.84 std=0.00 min=0.84 max=0.84) V(s)(mean=0.84 std=0.00) reward(mean=0.840 std=0.000) clip=50.0
[step 02400] value_loss=0.000251 policy_loss=-0.227347
[step 02400] VALUE_DEBUG: target(mean=0.84 std=0.00 min=0.84 max=0.84) V(s)(mean=0.85 std=0.01) reward(mean=0.840 std=0.000) clip=50.0
[step 02400] eval_success_rate=1.000 eval_mean_score=16.000 eval_policy_mode=greedy [solved=50/50, score_range=16.00-16.00/11.0, initial=16.00]
[step 02400] PROGRESS: filled=16.00 violations=0.00 zero_cand=0.00
[step 02400] DEBUG: ep_len=1.0 ep_ret=0.840 stop_prob=0.001 score_chg=0.0000
[step 02450] value_loss=0.000208 policy_loss=-0.206880
[step 02450] VALUE_DEBUG: target(mean=0.84 std=0.00 min=0.84 max=0.84) V(s)(mean=0.83 std=0.01) reward(mean=0.840 std=0.000) clip=50.0
[step 02500] value_loss=0.000055 policy_loss=-0.229723
[step 02500] VALUE_DEBUG: target(mean=0.84 std=0.00 min=0.84 max=0.84) V(s)(mean=0.85 std=0.01) reward(mean=0.840 std=0.000) clip=50.0
[step 02500] eval_success_rate=1.000 eval_mean_score=16.000 eval_policy_mode=greedy [solved=50/50, score_range=16.00-16.00/11.0, initial=16.00]
[step 02500] PROGRESS: filled=16.00 violations=0.00 zero_cand=0.00
[step 02500] DEBUG: ep_len=1.0 ep_ret=0.840 stop_prob=0.001 score_chg=0.0000
[step 02550] value_loss=0.000012 policy_loss=-0.223870
[step 02550] VALUE_DEBUG: target(mean=0.84 std=0.00 min=0.84 max=0.84) V(s)(mean=0.84 std=0.00) reward(mean=0.840 std=0.000) clip=50.0
[step 02600] value_loss=0.000005 policy_loss=-0.245524
[step 02600] VALUE_DEBUG: target(mean=0.84 std=0.00 min=0.84 max=0.84) V(s)(mean=0.84 std=0.00) reward(mean=0.840 std=0.000) clip=50.0
[step 02600] eval_success_rate=1.000 eval_mean_score=16.000 eval_policy_mode=greedy [solved=50/50, score_range=16.00-16.00/11.0, initial=16.00]
[step 02600] PROGRESS: filled=16.00 violations=0.00 zero_cand=0.00
[step 02600] DEBUG: ep_len=1.0 ep_ret=0.840 stop_prob=0.001 score_chg=0.0000
[step 02650] value_loss=0.000058 policy_loss=-0.226466
[step 02650] VALUE_DEBUG: target(mean=0.84 std=0.00 min=0.84 max=0.84) V(s)(mean=0.84 std=0.01) reward(mean=0.840 std=0.000) clip=50.0
[step 02700] value_loss=0.000022 policy_loss=-0.207402
[step 02700] VALUE_DEBUG: target(mean=0.84 std=0.00 min=0.84 max=0.84) V(s)(mean=0.84 std=0.00) reward(mean=0.840 std=0.000) clip=50.0
[step 02700] eval_success_rate=1.000 eval_mean_score=16.000 eval_policy_mode=greedy [solved=50/50, score_range=16.00-16.00/11.0, initial=16.00]
[step 02700] PROGRESS: filled=16.00 violations=0.00 zero_cand=0.00
[step 02700] DEBUG: ep_len=1.0 ep_ret=0.840 stop_prob=0.001 score_chg=0.0000
[step 02750] value_loss=0.000055 policy_loss=-0.233446
[step 02750] VALUE_DEBUG: target(mean=0.84 std=0.00 min=0.84 max=0.84) V(s)(mean=0.84 std=0.01) reward(mean=0.840 std=0.000) clip=50.0
[step 02800] value_loss=0.000089 policy_loss=-0.224466
[step 02800] VALUE_DEBUG: target(mean=0.84 std=0.00 min=0.84 max=0.84) V(s)(mean=0.85 std=0.01) reward(mean=0.840 std=0.000) clip=50.0
[step 02800] eval_success_rate=1.000 eval_mean_score=16.000 eval_policy_mode=greedy [solved=50/50, score_range=16.00-16.00/11.0, initial=16.00]
[step 02800] PROGRESS: filled=16.00 violations=0.00 zero_cand=0.00
[step 02800] DEBUG: ep_len=1.0 ep_ret=0.840 stop_prob=0.001 score_chg=0.0000
[step 02850] value_loss=0.000015 policy_loss=-0.231814
[step 02850] VALUE_DEBUG: target(mean=0.84 std=0.00 min=0.84 max=0.84) V(s)(mean=0.84 std=0.00) reward(mean=0.840 std=0.000) clip=50.0
[step 02900] value_loss=0.000004 policy_loss=-0.232757
[step 02900] VALUE_DEBUG: target(mean=0.84 std=0.00 min=0.84 max=0.84) V(s)(mean=0.84 std=0.00) reward(mean=0.840 std=0.000) clip=50.0
[step 02900] eval_success_rate=1.000 eval_mean_score=16.000 eval_policy_mode=greedy [solved=50/50, score_range=16.00-16.00/11.0, initial=16.00]
[step 02900] PROGRESS: filled=16.00 violations=0.00 zero_cand=0.00
[step 02900] DEBUG: ep_len=1.0 ep_ret=0.840 stop_prob=0.001 score_chg=0.0000
[step 02950] value_loss=0.000002 policy_loss=-0.221544
[step 02950] VALUE_DEBUG: target(mean=0.84 std=0.00 min=0.84 max=0.84) V(s)(mean=0.84 std=0.00) reward(mean=0.840 std=0.000) clip=50.0
[step 03000] value_loss=0.000003 policy_loss=-0.227817
[step 03000] VALUE_DEBUG: target(mean=0.84 std=0.00 min=0.84 max=0.84) V(s)(mean=0.84 std=0.00) reward(mean=0.840 std=0.000) clip=50.0
[step 03000] eval_success_rate=1.000 eval_mean_score=16.000 eval_policy_mode=greedy [solved=50/50, score_range=16.00-16.00/11.0, initial=16.00]
[step 03000] PROGRESS: filled=16.00 violations=0.00 zero_cand=0.00
[step 03000] DEBUG: ep_len=1.0 ep_ret=0.840 stop_prob=0.001 score_chg=0.0000
[Checkpoint] Saved to /data/repos/fbsource/fbcode/buiksat_trm/results/phase4_2x2_norm_ablation/nc_yv_s41/rl_checkpoint_step_3000.pt
[step 03050] value_loss=0.000004 policy_loss=-0.240431
[step 03050] VALUE_DEBUG: target(mean=0.84 std=0.00 min=0.84 max=0.84) V(s)(mean=0.84 std=0.00) reward(mean=0.840 std=0.000) clip=50.0
[step 03100] value_loss=0.000029 policy_loss=-0.224030
[step 03100] VALUE_DEBUG: target(mean=0.84 std=0.00 min=0.84 max=0.84) V(s)(mean=0.84 std=0.00) reward(mean=0.840 std=0.000) clip=50.0
[step 03100] eval_success_rate=1.000 eval_mean_score=16.000 eval_policy_mode=greedy [solved=50/50, score_range=16.00-16.00/11.0, initial=16.00]
[step 03100] PROGRESS: filled=16.00 violations=0.00 zero_cand=0.00
[step 03100] DEBUG: ep_len=1.0 ep_ret=0.840 stop_prob=0.001 score_chg=0.0000
[step 03150] value_loss=0.000006 policy_loss=-0.240083
[step 03150] VALUE_DEBUG: target(mean=0.84 std=0.00 min=0.84 max=0.84) V(s)(mean=0.84 std=0.00) reward(mean=0.840 std=0.000) clip=50.0
[step 03200] value_loss=0.000002 policy_loss=-0.215549
[step 03200] VALUE_DEBUG: target(mean=0.84 std=0.00 min=0.84 max=0.84) V(s)(mean=0.84 std=0.00) reward(mean=0.840 std=0.000) clip=50.0
[step 03200] eval_success_rate=1.000 eval_mean_score=16.000 eval_policy_mode=greedy [solved=50/50, score_range=16.00-16.00/11.0, initial=16.00]
[step 03200] PROGRESS: filled=16.00 violations=0.00 zero_cand=0.00
[step 03200] DEBUG: ep_len=1.0 ep_ret=0.840 stop_prob=0.000 score_chg=0.0000
[step 03250] value_loss=0.000034 policy_loss=-0.230343
[step 03250] VALUE_DEBUG: target(mean=0.84 std=0.00 min=0.84 max=0.84) V(s)(mean=0.84 std=0.00) reward(mean=0.840 std=0.000) clip=50.0
[step 03300] value_loss=0.000004 policy_loss=-0.228355
[step 03300] VALUE_DEBUG: target(mean=0.84 std=0.00 min=0.84 max=0.84) V(s)(mean=0.84 std=0.00) reward(mean=0.840 std=0.000) clip=50.0
[step 03300] eval_success_rate=1.000 eval_mean_score=16.000 eval_policy_mode=greedy [solved=50/50, score_range=16.00-16.00/11.0, initial=16.00]
[step 03300] PROGRESS: filled=16.00 violations=0.00 zero_cand=0.00
[step 03300] DEBUG: ep_len=1.0 ep_ret=0.840 stop_prob=0.001 score_chg=0.0000
[step 03350] value_loss=0.000011 policy_loss=-0.223368
[step 03350] VALUE_DEBUG: target(mean=0.84 std=0.00 min=0.84 max=0.84) V(s)(mean=0.84 std=0.00) reward(mean=0.840 std=0.000) clip=50.0
[step 03400] value_loss=0.000020 policy_loss=-0.222746
[step 03400] VALUE_DEBUG: target(mean=0.84 std=0.00 min=0.84 max=0.84) V(s)(mean=0.84 std=0.00) reward(mean=0.840 std=0.000) clip=50.0
[step 03400] eval_success_rate=1.000 eval_mean_score=16.000 eval_policy_mode=greedy [solved=50/50, score_range=16.00-16.00/11.0, initial=16.00]
[step 03400] PROGRESS: filled=16.00 violations=0.00 zero_cand=0.00
[step 03400] DEBUG: ep_len=1.0 ep_ret=0.840 stop_prob=0.001 score_chg=0.0000
[step 03450] value_loss=0.000001 policy_loss=-0.223847
[step 03450] VALUE_DEBUG: target(mean=0.84 std=0.00 min=0.84 max=0.84) V(s)(mean=0.84 std=0.00) reward(mean=0.840 std=0.000) clip=50.0
[step 03500] value_loss=0.000021 policy_loss=-0.236925
[step 03500] VALUE_DEBUG: target(mean=0.84 std=0.00 min=0.84 max=0.84) V(s)(mean=0.84 std=0.00) reward(mean=0.840 std=0.000) clip=50.0
[step 03500] eval_success_rate=1.000 eval_mean_score=16.000 eval_policy_mode=greedy [solved=50/50, score_range=16.00-16.00/11.0, initial=16.00]
[step 03500] PROGRESS: filled=16.00 violations=0.00 zero_cand=0.00
[step 03500] DEBUG: ep_len=1.0 ep_ret=0.840 stop_prob=0.001 score_chg=0.0000
[step 03550] value_loss=0.000006 policy_loss=-0.219976
[step 03550] VALUE_DEBUG: target(mean=0.84 std=0.00 min=0.84 max=0.84) V(s)(mean=0.84 std=0.00) reward(mean=0.840 std=0.000) clip=50.0
[step 03600] value_loss=0.000001 policy_loss=-0.222621
[step 03600] VALUE_DEBUG: target(mean=0.84 std=0.00 min=0.84 max=0.84) V(s)(mean=0.84 std=0.00) reward(mean=0.840 std=0.000) clip=50.0
[step 03600] eval_success_rate=1.000 eval_mean_score=16.000 eval_policy_mode=greedy [solved=50/50, score_range=16.00-16.00/11.0, initial=16.00]
[step 03600] PROGRESS: filled=16.00 violations=0.00 zero_cand=0.00
[step 03600] DEBUG: ep_len=1.0 ep_ret=0.840 stop_prob=0.001 score_chg=0.0000
[step 03650] value_loss=0.000001 policy_loss=-0.235565
[step 03650] VALUE_DEBUG: target(mean=0.84 std=0.00 min=0.84 max=0.84) V(s)(mean=0.84 std=0.00) reward(mean=0.840 std=0.000) clip=50.0
[step 03700] value_loss=0.000004 policy_loss=-0.216370
[step 03700] VALUE_DEBUG: target(mean=0.84 std=0.00 min=0.84 max=0.84) V(s)(mean=0.84 std=0.00) reward(mean=0.840 std=0.000) clip=50.0
[step 03700] eval_success_rate=1.000 eval_mean_score=16.000 eval_policy_mode=greedy [solved=50/50, score_range=16.00-16.00/11.0, initial=16.00]
[step 03700] PROGRESS: filled=16.00 violations=0.00 zero_cand=0.00
[step 03700] DEBUG: ep_len=1.0 ep_ret=0.840 stop_prob=0.001 score_chg=0.0000
[step 03750] value_loss=0.000021 policy_loss=-0.231496
[step 03750] VALUE_DEBUG: target(mean=0.84 std=0.00 min=0.84 max=0.84) V(s)(mean=0.84 std=0.00) reward(mean=0.840 std=0.000) clip=50.0
[step 03800] value_loss=0.000001 policy_loss=-0.247074
[step 03800] VALUE_DEBUG: target(mean=0.84 std=0.00 min=0.84 max=0.84) V(s)(mean=0.84 std=0.00) reward(mean=0.840 std=0.000) clip=50.0
[step 03800] eval_success_rate=1.000 eval_mean_score=16.000 eval_policy_mode=greedy [solved=50/50, score_range=16.00-16.00/11.0, initial=16.00]
[step 03800] PROGRESS: filled=16.00 violations=0.00 zero_cand=0.00
[step 03800] DEBUG: ep_len=1.0 ep_ret=0.840 stop_prob=0.001 score_chg=0.0000
[step 03850] value_loss=0.000000 policy_loss=-0.216685
[step 03850] VALUE_DEBUG: target(mean=0.84 std=0.00 min=0.84 max=0.84) V(s)(mean=0.84 std=0.00) reward(mean=0.840 std=0.000) clip=50.0
[step 03900] value_loss=0.000012 policy_loss=-0.231070
[step 03900] VALUE_DEBUG: target(mean=0.84 std=0.00 min=0.84 max=0.84) V(s)(mean=0.84 std=0.00) reward(mean=0.840 std=0.000) clip=50.0
[step 03900] eval_success_rate=1.000 eval_mean_score=16.000 eval_policy_mode=greedy [solved=50/50, score_range=16.00-16.00/11.0, initial=16.00]
[step 03900] PROGRESS: filled=16.00 violations=0.00 zero_cand=0.00
[step 03900] DEBUG: ep_len=1.0 ep_ret=0.840 stop_prob=0.001 score_chg=0.0000
[step 03950] value_loss=0.000000 policy_loss=-0.227156
[step 03950] VALUE_DEBUG: target(mean=0.84 std=0.00 min=0.84 max=0.84) V(s)(mean=0.84 std=0.00) reward(mean=0.840 std=0.000) clip=50.0
[step 04000] value_loss=0.000003 policy_loss=-0.236215
[step 04000] VALUE_DEBUG: target(mean=0.84 std=0.00 min=0.84 max=0.84) V(s)(mean=0.84 std=0.00) reward(mean=0.840 std=0.000) clip=50.0
[step 04000] eval_success_rate=1.000 eval_mean_score=16.000 eval_policy_mode=greedy [solved=50/50, score_range=16.00-16.00/11.0, initial=16.00]
[step 04000] PROGRESS: filled=16.00 violations=0.00 zero_cand=0.00
[step 04000] DEBUG: ep_len=1.0 ep_ret=0.840 stop_prob=0.001 score_chg=0.0000
[Checkpoint] Saved to /data/repos/fbsource/fbcode/buiksat_trm/results/phase4_2x2_norm_ablation/nc_yv_s41/rl_checkpoint_step_4000.pt
[step 04050] value_loss=0.000001 policy_loss=-0.223529
[step 04050] VALUE_DEBUG: target(mean=0.84 std=0.00 min=0.84 max=0.84) V(s)(mean=0.84 std=0.00) reward(mean=0.840 std=0.000) clip=50.0
[step 04100] value_loss=0.000002 policy_loss=-0.236768
[step 04100] VALUE_DEBUG: target(mean=0.84 std=0.00 min=0.84 max=0.84) V(s)(mean=0.84 std=0.00) reward(mean=0.840 std=0.000) clip=50.0
[step 04100] eval_success_rate=1.000 eval_mean_score=16.000 eval_policy_mode=greedy [solved=50/50, score_range=16.00-16.00/11.0, initial=16.00]
[step 04100] PROGRESS: filled=16.00 violations=0.00 zero_cand=0.00
[step 04100] DEBUG: ep_len=1.0 ep_ret=0.840 stop_prob=0.001 score_chg=0.0000
[step 04150] value_loss=0.000000 policy_loss=-0.218599
[step 04150] VALUE_DEBUG: target(mean=0.84 std=0.00 min=0.84 max=0.84) V(s)(mean=0.84 std=0.00) reward(mean=0.840 std=0.000) clip=50.0
[step 04200] value_loss=0.000000 policy_loss=-0.242989
[step 04200] VALUE_DEBUG: target(mean=0.84 std=0.00 min=0.84 max=0.84) V(s)(mean=0.84 std=0.00) reward(mean=0.840 std=0.000) clip=50.0
[step 04200] eval_success_rate=1.000 eval_mean_score=16.000 eval_policy_mode=greedy [solved=50/50, score_range=16.00-16.00/11.0, initial=16.00]
[step 04200] PROGRESS: filled=16.00 violations=0.00 zero_cand=0.00
[step 04200] DEBUG: ep_len=1.0 ep_ret=0.840 stop_prob=0.001 score_chg=0.0000
[step 04250] value_loss=0.000003 policy_loss=-0.233321
[step 04250] VALUE_DEBUG: target(mean=0.84 std=0.00 min=0.84 max=0.84) V(s)(mean=0.84 std=0.00) reward(mean=0.840 std=0.000) clip=50.0
[step 04300] value_loss=0.000000 policy_loss=-0.215244
[step 04300] VALUE_DEBUG: target(mean=0.84 std=0.00 min=0.84 max=0.84) V(s)(mean=0.84 std=0.00) reward(mean=0.840 std=0.000) clip=50.0
[step 04300] eval_success_rate=1.000 eval_mean_score=16.000 eval_policy_mode=greedy [solved=50/50, score_range=16.00-16.00/11.0, initial=16.00]
[step 04300] PROGRESS: filled=16.00 violations=0.00 zero_cand=0.00
[step 04300] DEBUG: ep_len=1.0 ep_ret=0.840 stop_prob=0.001 score_chg=0.0000
[step 04350] value_loss=0.000000 policy_loss=-0.212175
[step 04350] VALUE_DEBUG: target(mean=0.84 std=0.00 min=0.84 max=0.84) V(s)(mean=0.84 std=0.00) reward(mean=0.840 std=0.000) clip=50.0
[step 04400] value_loss=0.000000 policy_loss=-0.247316
[step 04400] VALUE_DEBUG: target(mean=0.84 std=0.00 min=0.84 max=0.84) V(s)(mean=0.84 std=0.00) reward(mean=0.840 std=0.000) clip=50.0
[step 04400] eval_success_rate=1.000 eval_mean_score=16.000 eval_policy_mode=greedy [solved=50/50, score_range=16.00-16.00/11.0, initial=16.00]
[step 04400] PROGRESS: filled=16.00 violations=0.00 zero_cand=0.00
[step 04400] DEBUG: ep_len=1.0 ep_ret=0.840 stop_prob=0.001 score_chg=0.0000
[step 04450] value_loss=0.000014 policy_loss=-0.239188
[step 04450] VALUE_DEBUG: target(mean=0.84 std=0.00 min=0.84 max=0.84) V(s)(mean=0.84 std=0.00) reward(mean=0.840 std=0.000) clip=50.0
[step 04500] value_loss=0.000005 policy_loss=-0.231177
[step 04500] VALUE_DEBUG: target(mean=0.84 std=0.00 min=0.84 max=0.84) V(s)(mean=0.84 std=0.00) reward(mean=0.840 std=0.000) clip=50.0
[step 04500] eval_success_rate=1.000 eval_mean_score=16.000 eval_policy_mode=greedy [solved=50/50, score_range=16.00-16.00/11.0, initial=16.00]
[step 04500] PROGRESS: filled=16.00 violations=0.00 zero_cand=0.00
[step 04500] DEBUG: ep_len=1.0 ep_ret=0.839 stop_prob=0.001 score_chg=0.0000
[step 04550] value_loss=0.000000 policy_loss=-0.219414
[step 04550] VALUE_DEBUG: target(mean=0.84 std=0.00 min=0.84 max=0.84) V(s)(mean=0.84 std=0.00) reward(mean=0.840 std=0.000) clip=50.0
[step 04600] value_loss=0.000000 policy_loss=-0.222520
[step 04600] VALUE_DEBUG: target(mean=0.84 std=0.00 min=0.84 max=0.84) V(s)(mean=0.84 std=0.00) reward(mean=0.840 std=0.000) clip=50.0
[step 04600] eval_success_rate=1.000 eval_mean_score=16.000 eval_policy_mode=greedy [solved=50/50, score_range=16.00-16.00/11.0, initial=16.00]
[step 04600] PROGRESS: filled=16.00 violations=0.00 zero_cand=0.00
[step 04600] DEBUG: ep_len=1.0 ep_ret=0.840 stop_prob=0.001 score_chg=0.0000
[step 04650] value_loss=0.000002 policy_loss=-0.236408
[step 04650] VALUE_DEBUG: target(mean=0.84 std=0.00 min=0.84 max=0.84) V(s)(mean=0.84 std=0.00) reward(mean=0.840 std=0.000) clip=50.0
[step 04700] value_loss=0.000000 policy_loss=-0.216889
[step 04700] VALUE_DEBUG: target(mean=0.84 std=0.00 min=0.84 max=0.84) V(s)(mean=0.84 std=0.00) reward(mean=0.840 std=0.000) clip=50.0
[step 04700] eval_success_rate=1.000 eval_mean_score=16.000 eval_policy_mode=greedy [solved=50/50, score_range=16.00-16.00/11.0, initial=16.00]
[step 04700] PROGRESS: filled=16.00 violations=0.00 zero_cand=0.00
[step 04700] DEBUG: ep_len=1.0 ep_ret=0.840 stop_prob=0.001 score_chg=0.0000
[step 04750] value_loss=0.000001 policy_loss=-0.240663
[step 04750] VALUE_DEBUG: target(mean=0.84 std=0.00 min=0.84 max=0.84) V(s)(mean=0.84 std=0.00) reward(mean=0.840 std=0.000) clip=50.0
[step 04800] value_loss=0.000000 policy_loss=-0.217871
[step 04800] VALUE_DEBUG: target(mean=0.84 std=0.00 min=0.84 max=0.84) V(s)(mean=0.84 std=0.00) reward(mean=0.840 std=0.000) clip=50.0
[step 04800] eval_success_rate=1.000 eval_mean_score=16.000 eval_policy_mode=greedy [solved=50/50, score_range=16.00-16.00/11.0, initial=16.00]
[step 04800] PROGRESS: filled=16.00 violations=0.00 zero_cand=0.00
[step 04800] DEBUG: ep_len=1.0 ep_ret=0.840 stop_prob=0.001 score_chg=0.0000
[step 04850] value_loss=0.000001 policy_loss=-0.236066
[step 04850] VALUE_DEBUG: target(mean=0.84 std=0.00 min=0.84 max=0.84) V(s)(mean=0.84 std=0.00) reward(mean=0.840 std=0.000) clip=50.0
[step 04900] value_loss=0.000001 policy_loss=-0.218908
[step 04900] VALUE_DEBUG: target(mean=0.84 std=0.00 min=0.84 max=0.84) V(s)(mean=0.84 std=0.00) reward(mean=0.840 std=0.000) clip=50.0
[step 04900] eval_success_rate=1.000 eval_mean_score=16.000 eval_policy_mode=greedy [solved=50/50, score_range=16.00-16.00/11.0, initial=16.00]
[step 04900] PROGRESS: filled=16.00 violations=0.00 zero_cand=0.00
[step 04900] DEBUG: ep_len=1.0 ep_ret=0.840 stop_prob=0.001 score_chg=0.0000
[step 04950] value_loss=0.000003 policy_loss=-0.222804
[step 04950] VALUE_DEBUG: target(mean=0.84 std=0.00 min=0.84 max=0.84) V(s)(mean=0.84 std=0.00) reward(mean=0.840 std=0.000) clip=50.0
[step 05000] value_loss=0.000000 policy_loss=-0.230774
[step 05000] VALUE_DEBUG: target(mean=0.84 std=0.00 min=0.84 max=0.84) V(s)(mean=0.84 std=0.00) reward(mean=0.840 std=0.000) clip=50.0
[step 05000] eval_success_rate=1.000 eval_mean_score=16.000 eval_policy_mode=greedy [solved=50/50, score_range=16.00-16.00/11.0, initial=16.00]
[step 05000] PROGRESS: filled=16.00 violations=0.00 zero_cand=0.00
[step 05000] DEBUG: ep_len=1.0 ep_ret=0.840 stop_prob=0.001 score_chg=0.0000
[Checkpoint] Saved to /data/repos/fbsource/fbcode/buiksat_trm/results/phase4_2x2_norm_ablation/nc_yv_s41/rl_checkpoint_step_5000.pt
[Checkpoint] Saved to /data/repos/fbsource/fbcode/buiksat_trm/results/phase4_2x2_norm_ablation/nc_yv_s41/rl_checkpoint_step_5000.pt
