[2026-01-16T10:29:35.429-08:00] Buck UI: https://www.internalfb.com/buck2/056fc192-4998-4a38-a45e-cf2bebfa7fff
[2026-01-16T10:29:35.740-08:00] Network: Up: 0B  Down: 0B
BUILD SUCCEEDED - starting your binary
usage: upi_trm_train.par [-h]
                         [--dataset-paths DATASET_PATHS [DATASET_PATHS ...]]
                         [--train-steps TRAIN_STEPS] [--batch-size BATCH_SIZE]
                         [--rollouts-per-step ROLLOUTS_PER_STEP]
                         [--max-edits MAX_EDITS] [--log-interval LOG_INTERVAL]
                         [--eval-interval EVAL_INTERVAL]
                         [--eval-episodes EVAL_EPISODES] [--tqdm]
                         [--seed SEED] [--debug-checks]
                         [--baseline {ppo,a2c,dqn,ddqn,None}]
                         [--backbone {trm,norec-mlp,norec-transformer}]
                         [--config CONFIG] [--wandb-project WANDB_PROJECT]
                         [--wandb-run-name WANDB_RUN_NAME] [--wandb-offline]
                         [--wandb] [--no-wandb]
                         [--load-checkpoint LOAD_CHECKPOINT]
                         [--resume-checkpoint RESUME_CHECKPOINT]
                         [--checkpoint-dir CHECKPOINT_DIR]
                         [--save-interval SAVE_INTERVAL]
                         [--hidden-size HIDDEN_SIZE] [--h-cycles H_CYCLES]
                         [--l-cycles L_CYCLES] [--l-layers L_LAYERS]
                         [--puzzle-emb-ndim PUZZLE_EMB_NDIM]
                         [--puzzle-emb-len PUZZLE_EMB_LEN]
                         [--puzzle-emb-lr PUZZLE_EMB_LR]
                         [--puzzle-emb-weight-decay PUZZLE_EMB_WEIGHT_DECAY]
                         [--imitation-pretrain]
                         [--imitation-epochs IMITATION_EPOCHS]
upi_trm_train.par: error: unrecognized arguments:      
