[2026-01-18T18:28:23.943-08:00] Buck UI: https://www.internalfb.com/buck2/5377ddcb-a7d4-4dcd-881a-5756d4f68785
[2026-01-18T18:28:24.264-08:00] Network: Up: 0B  Down: 0B
BUILD SUCCEEDED - starting your binary
[INFO] Using feasibility-aware Sudoku checker for 4x4
       score = filled - 2.0*violations - 5.0*zeroCand
       Max score: 16 (all filled, no violations)
[INFO] Training for 5000 steps (gamma=0.990, K=1, inner_unroll_n=2)
[INFO] Terminal rewards: solve=1.000, fail=-16.000
[INFO] Using TRM backbone (hidden=64, H=2, L=2)
[DEBUG] Policy head STOP bias: 0.00 (should be 0.0 for uniform init)
[INFO] Puzzle embeddings DISABLED (set --puzzle-emb-ndim > 0 to enable)
/data/repos/fbsource/buck-out/v2/gen/fbcode/7bc20b5dff24e379/buiksat_trm/__upi_trm_train__/upi_trm_train#link-tree/torch/cuda/__init__.py:373: UserWarning: Found GPU0 NVIDIA A100-PG509-200 which is of compute capability (CC) 8.0.
The following list shows the CCs this version of PyTorch was built for and the hardware CCs it supports:
Please follow the instructions at https://pytorch.org/get-started/locally/ to install a PyTorch release that supports one of these CUDA versions: 12.6, 12.8, 13.0
  _warn_unsupported_code(d, device_cc, code_ccs)
INFO:2026-01-18 18:28:29 1226263:1226263 CuptiCallbackApi.cpp:74] Callback: domain = 3, cbid = 1
INFO:2026-01-18 18:28:29 1226263:1226263 CuptiActivityProfiler.cpp:245] CUDA versions. CUPTI: 22; Runtime: 12040; Driver: 12040
INFO:2026-01-18 18:28:29 1226263:1227381 FBConfig.cpp:330] Perfetto builder enabled: 1
INFO:2026-01-18 18:28:29 1226263:1227381 DynoConfigLoader.cpp:61] Setting communication fabric enabled = 0
INFO:2026-01-18 18:28:29 1226263:1227381 DynoConfigLoader.cpp:61] Setting communication fabric enabled = 0
TritonTraceHandler: disabled because /logs does not exist
===========[FB_TRITON]=========== Triton Version: 3.3.2+fb
[INFO] Using UPI-TRM algorithm (K=1, inner_n=2)

============================================================
UPI-TRM THEORY ALIGNMENT CHECK
============================================================
⚠ Configuration has theory gaps:
  • latent_ball_radius=0 disables forward-invariant projection (Assumption 4.1). Contraction guarantees may not hold. Set latent_ball_radius > 0.
  • enable_contraction=False disables spectral normalization (Assumption 4.2). L_z < 1 contraction not enforced.
  • exact_baseline_summation=False: Using approximate baseline. This gives O(ε_A/(1-γ)) bound instead of O(α·ε_A) from Theorem 5.9. For discrete action spaces (Sudoku), enable for tighter bounds.
  • theory_exact_mixture=False: Using parameter-space interpolation for CPI, which is NOT equivalent to policy-space mixture. The CPI improvement guarantee does not strictly apply. Set theory_exact_mixture=True for theory-exact behavior (but slower due to evaluating two networks).

Theory status:
  Forward-invariant projection: ✗
  Contraction enforced (L_z < 1): ✗
  Exact baseline (Thm 5.9): ✗
  Distillation (not in theory): ✓ disabled

Is theory-exact: False
============================================================

UPI-TRM theoretical dials:
  L_z target (rl_cfg.target_Lz): 0.9
  L_V target (rl_cfg.target_Lv): 1.0
  Inner unroll n (rl_cfg.inner_unroll_n): 2
  K-step horizon K (rl_cfg.K): 1
  Mixture alpha (rl_cfg.mixture_alpha): 0.1
  Latent ball radius (rl_cfg.latent_ball_radius): 0.0
  Episodic latent: True
  Exact K-step targets: False
  Exact baseline summation: False

[INFO] STOP action mode: disabled
[WandB] Disabled by default (enable with: --wandb)
[DEBUG] Action mask: 24 valid actions out of 97 total
[DEBUG] Latent mode: episodic
[DEBUG] Step 0 probs: STOP=0.000000, edits=1.000000
[DEBUG] Top 5 action probs: torch.return_types.topk(
values=tensor([0.0697, 0.0582, 0.0516, 0.0474, 0.0469], device='cuda:0',
       grad_fn=<TopkBackward0>),
indices=tensor([92, 86, 46, 93, 14], device='cuda:0'))
[step 00050] value_loss=14.553277 policy_loss=0.172916
[step 00050] VALUE_DEBUG: target(mean=-1.91 std=3.81 min=-10.34 max=4.55) V(s)(mean=-2.07 std=0.30) reward(mean=-1.651 std=3.773) clip=50.0
[step 00100] value_loss=33.767715 policy_loss=-0.143138
[step 00100] VALUE_DEBUG: target(mean=-2.45 std=5.87 min=-19.88 max=12.46) V(s)(mean=-2.91 std=0.54) reward(mean=-1.539 std=6.014) clip=50.0
[step 00100] eval_success_rate=0.000 eval_mean_score=6.480 eval_policy_mode=greedy [solved=0/50, score_range=-2.00-11.00/16.0, initial=9.00]
[step 00100] PROGRESS: filled=10.10 violations=1.06 zero_cand=0.30
[step 00100] DEBUG: ep_len=16.0 ep_ret=-30.709 stop_prob=0.000 score_chg=-15.2425
[step 00150] value_loss=20.120153 policy_loss=-0.315403
[step 00150] VALUE_DEBUG: target(mean=-3.80 std=4.50 min=-13.93 max=5.36) V(s)(mean=-3.34 std=0.62) reward(mean=-2.124 std=4.631) clip=50.0
[step 00200] value_loss=22.942097 policy_loss=-0.286586
[step 00200] VALUE_DEBUG: target(mean=-5.73 std=4.56 min=-19.96 max=2.69) V(s)(mean=-4.29 std=0.84) reward(mean=-3.085 std=4.912) clip=50.0
[step 00200] eval_success_rate=0.000 eval_mean_score=7.760 eval_policy_mode=greedy [solved=0/50, score_range=1.00-12.00/16.0, initial=9.00]
[step 00200] PROGRESS: filled=10.04 violations=0.64 zero_cand=0.20
[step 00200] DEBUG: ep_len=16.0 ep_ret=-29.969 stop_prob=0.000 score_chg=-14.4075
[step 00250] value_loss=7.772195 policy_loss=-0.106528
[step 00250] VALUE_DEBUG: target(mean=-3.49 std=2.75 min=-8.62 max=3.13) V(s)(mean=-4.19 std=0.45) reward(mean=0.157 std=2.734) clip=50.0
[step 00300] value_loss=35.350643 policy_loss=-1.051131
[step 00300] VALUE_DEBUG: target(mean=-5.08 std=5.53 min=-20.88 max=5.29) V(s)(mean=-5.65 std=0.88) reward(mean=-1.199 std=6.751) clip=50.0
[step 00300] eval_success_rate=0.000 eval_mean_score=8.340 eval_policy_mode=greedy [solved=0/50, score_range=-3.00-11.00/16.0, initial=9.00]
[step 00300] PROGRESS: filled=10.06 violations=0.36 zero_cand=0.20
[step 00300] DEBUG: ep_len=16.0 ep_ret=-27.995 stop_prob=0.000 score_chg=-12.2125
[step 00350] value_loss=32.512539 policy_loss=-1.124472
[step 00350] VALUE_DEBUG: target(mean=-6.97 std=5.30 min=-19.00 max=2.30) V(s)(mean=-5.67 std=0.92) reward(mean=-2.891 std=6.743) clip=50.0
[step 00400] value_loss=26.971619 policy_loss=-1.501969
[step 00400] VALUE_DEBUG: target(mean=-7.36 std=5.29 min=-20.00 max=1.94) V(s)(mean=-6.56 std=0.83) reward(mean=-2.064 std=5.951) clip=50.0
[step 00400] eval_success_rate=0.000 eval_mean_score=8.980 eval_policy_mode=greedy [solved=0/50, score_range=2.00-11.00/16.0, initial=9.00]
[step 00400] PROGRESS: filled=10.00 violations=0.26 zero_cand=0.10
[step 00400] DEBUG: ep_len=16.0 ep_ret=-25.712 stop_prob=0.000 score_chg=-9.3750
[step 00450] value_loss=14.953884 policy_loss=-1.238178
[step 00450] VALUE_DEBUG: target(mean=-6.93 std=3.47 min=-15.98 max=-0.29) V(s)(mean=-8.10 std=0.91) reward(mean=-0.873 std=4.557) clip=50.0
[step 00500] value_loss=27.537449 policy_loss=-0.632884
[step 00500] VALUE_DEBUG: target(mean=-10.17 std=4.87 min=-20.94 max=-0.08) V(s)(mean=-8.28 std=0.92) reward(mean=-3.560 std=6.064) clip=50.0
[step 00500] eval_success_rate=0.000 eval_mean_score=9.420 eval_policy_mode=greedy [solved=0/50, score_range=2.00-11.00/16.0, initial=9.00]
[step 00500] PROGRESS: filled=10.00 violations=0.04 zero_cand=0.10
[step 00500] DEBUG: ep_len=16.0 ep_ret=-23.555 stop_prob=0.000 score_chg=-6.8750
[step 00550] value_loss=23.198416 policy_loss=-0.703372
[step 00550] VALUE_DEBUG: target(mean=-9.90 std=4.70 min=-23.72 max=-2.00) V(s)(mean=-8.87 std=0.82) reward(mean=-2.438 std=5.799) clip=50.0
[step 00600] value_loss=12.193197 policy_loss=-0.733027
[step 00600] VALUE_DEBUG: target(mean=-9.48 std=3.66 min=-16.78 max=-1.88) V(s)(mean=-10.00 std=1.22) reward(mean=-1.197 std=4.211) clip=50.0
[step 00600] eval_success_rate=0.000 eval_mean_score=9.820 eval_policy_mode=greedy [solved=0/50, score_range=5.00-12.00/16.0, initial=9.00]
[step 00600] PROGRESS: filled=10.02 violations=0.00 zero_cand=0.04
[step 00600] DEBUG: ep_len=16.0 ep_ret=-22.463 stop_prob=0.000 score_chg=-5.5700
[step 00650] value_loss=10.300459 policy_loss=0.688480
[step 00650] VALUE_DEBUG: target(mean=-10.58 std=3.52 min=-16.67 max=-3.12) V(s)(mean=-9.79 std=1.04) reward(mean=-2.407 std=5.152) clip=50.0
[step 00700] value_loss=13.966486 policy_loss=-0.506758
[step 00700] VALUE_DEBUG: target(mean=-9.91 std=4.09 min=-21.97 max=2.83) V(s)(mean=-10.13 std=0.83) reward(mean=-0.813 std=5.262) clip=50.0
[step 00700] eval_success_rate=0.000 eval_mean_score=9.500 eval_policy_mode=greedy [solved=0/50, score_range=2.00-12.00/16.0, initial=9.00]
[step 00700] PROGRESS: filled=10.06 violations=0.08 zero_cand=0.08
[step 00700] DEBUG: ep_len=16.0 ep_ret=-20.730 stop_prob=0.000 score_chg=-3.6450
[step 00750] value_loss=9.959746 policy_loss=-0.565104
[step 00750] VALUE_DEBUG: target(mean=-10.61 std=3.48 min=-19.28 max=-2.13) V(s)(mean=-11.06 std=1.40) reward(mean=-1.554 std=4.868) clip=50.0
[step 00800] value_loss=12.327898 policy_loss=-0.314221
[step 00800] VALUE_DEBUG: target(mean=-11.28 std=3.36 min=-18.03 max=-4.42) V(s)(mean=-11.30 std=0.96) reward(mean=-1.413 std=4.867) clip=50.0
[step 00800] eval_success_rate=0.000 eval_mean_score=10.040 eval_policy_mode=greedy [solved=0/50, score_range=9.00-12.00/16.0, initial=9.00]
[step 00800] PROGRESS: filled=10.04 violations=0.00 zero_cand=0.00
[step 00800] DEBUG: ep_len=16.0 ep_ret=-20.606 stop_prob=0.000 score_chg=-3.4475
[step 00850] value_loss=13.878039 policy_loss=1.468962
[step 00850] VALUE_DEBUG: target(mean=-11.43 std=3.44 min=-17.02 max=-3.23) V(s)(mean=-11.73 std=0.98) reward(mean=-1.966 std=6.170) clip=50.0
[step 00900] value_loss=10.717128 policy_loss=1.630620
[step 00900] VALUE_DEBUG: target(mean=-11.55 std=3.46 min=-22.49 max=-5.85) V(s)(mean=-11.75 std=1.41) reward(mean=-1.050 std=4.145) clip=50.0
[step 00900] eval_success_rate=0.000 eval_mean_score=10.040 eval_policy_mode=greedy [solved=0/50, score_range=9.00-11.00/16.0, initial=9.00]
[step 00900] PROGRESS: filled=10.04 violations=0.00 zero_cand=0.00
[step 00900] DEBUG: ep_len=16.0 ep_ret=-20.212 stop_prob=0.000 score_chg=-2.9875
[step 00950] value_loss=15.610088 policy_loss=0.081697
[step 00950] VALUE_DEBUG: target(mean=-12.89 std=4.06 min=-21.50 max=-6.12) V(s)(mean=-12.41 std=0.99) reward(mean=-2.023 std=5.302) clip=50.0
[step 01000] value_loss=8.982780 policy_loss=1.329279
[step 01000] VALUE_DEBUG: target(mean=-13.39 std=3.11 min=-19.78 max=-9.14) V(s)(mean=-12.27 std=1.38) reward(mean=-3.063 std=5.380) clip=50.0
[step 01000] eval_success_rate=0.000 eval_mean_score=10.080 eval_policy_mode=greedy [solved=0/50, score_range=9.00-12.00/16.0, initial=9.00]
[step 01000] PROGRESS: filled=10.08 violations=0.00 zero_cand=0.00
[step 01000] DEBUG: ep_len=16.0 ep_ret=-19.420 stop_prob=0.000 score_chg=-2.1675
[Checkpoint] Saved to /home/buiksat/trm_bellman/results/exp3_v2/nc_rdis_s43/rl_checkpoint_step_1000.pt
[step 01050] value_loss=12.703830 policy_loss=0.514740
[step 01050] VALUE_DEBUG: target(mean=-12.61 std=3.40 min=-20.98 max=-6.95) V(s)(mean=-13.46 std=1.24) reward(mean=-2.420 std=6.612) clip=50.0
[step 01100] value_loss=9.802378 policy_loss=-0.954428
[step 01100] VALUE_DEBUG: target(mean=-13.38 std=3.75 min=-23.76 max=-5.30) V(s)(mean=-12.82 std=1.54) reward(mean=-1.954 std=4.219) clip=50.0
[step 01100] eval_success_rate=0.000 eval_mean_score=9.820 eval_policy_mode=greedy [solved=0/50, score_range=5.00-11.00/16.0, initial=9.00]
[step 01100] PROGRESS: filled=10.02 violations=0.00 zero_cand=0.04
[step 01100] DEBUG: ep_len=16.0 ep_ret=-18.935 stop_prob=0.000 score_chg=-1.6700
[step 01150] value_loss=13.817902 policy_loss=1.031837
[step 01150] VALUE_DEBUG: target(mean=-13.42 std=3.60 min=-22.93 max=-7.07) V(s)(mean=-13.63 std=0.99) reward(mean=-1.442 std=5.804) clip=50.0
[step 01200] value_loss=6.175145 policy_loss=1.202186
[step 01200] VALUE_DEBUG: target(mean=-14.37 std=2.45 min=-20.42 max=-11.39) V(s)(mean=-13.95 std=1.33) reward(mean=-1.029 std=2.267) clip=50.0
[step 01200] eval_success_rate=0.000 eval_mean_score=10.040 eval_policy_mode=greedy [solved=0/50, score_range=9.00-11.00/16.0, initial=9.00]
[step 01200] PROGRESS: filled=10.04 violations=0.00 zero_cand=0.00
[step 01200] DEBUG: ep_len=16.0 ep_ret=-18.807 stop_prob=0.000 score_chg=-1.6400
[step 01250] value_loss=3.586709 policy_loss=-0.113413
[step 01250] VALUE_DEBUG: target(mean=-14.14 std=2.23 min=-21.22 max=-10.63) V(s)(mean=-14.24 std=1.03) reward(mean=-1.355 std=4.232) clip=50.0
[step 01300] value_loss=4.219873 policy_loss=1.062640
[step 01300] VALUE_DEBUG: target(mean=-14.16 std=2.27 min=-20.39 max=-10.39) V(s)(mean=-14.06 std=1.00) reward(mean=-2.397 std=5.682) clip=50.0
[step 01300] eval_success_rate=0.000 eval_mean_score=10.040 eval_policy_mode=greedy [solved=0/50, score_range=9.00-11.00/16.0, initial=9.00]
[step 01300] PROGRESS: filled=10.04 violations=0.00 zero_cand=0.00
[step 01300] DEBUG: ep_len=16.0 ep_ret=-18.813 stop_prob=0.000 score_chg=-1.5225
[step 01350] value_loss=6.142725 policy_loss=-0.202032
[step 01350] VALUE_DEBUG: target(mean=-14.09 std=2.76 min=-21.92 max=-4.99) V(s)(mean=-14.06 std=0.94) reward(mean=-0.525 std=3.460) clip=50.0
[step 01400] value_loss=5.003012 policy_loss=0.694359
[step 01400] VALUE_DEBUG: target(mean=-13.83 std=2.51 min=-22.29 max=-6.53) V(s)(mean=-14.96 std=1.23) reward(mean=0.288 std=2.118) clip=50.0
[step 01400] eval_success_rate=0.000 eval_mean_score=10.080 eval_policy_mode=greedy [solved=0/50, score_range=9.00-11.00/16.0, initial=9.00]
[step 01400] PROGRESS: filled=10.08 violations=0.00 zero_cand=0.00
[step 01400] DEBUG: ep_len=16.0 ep_ret=-19.061 stop_prob=0.000 score_chg=-1.7475
[step 01450] value_loss=6.719980 policy_loss=0.555283
[step 01450] VALUE_DEBUG: target(mean=-15.47 std=2.33 min=-21.61 max=-12.13) V(s)(mean=-14.63 std=0.96) reward(mean=-0.961 std=2.454) clip=50.0
[step 01500] value_loss=9.148765 policy_loss=1.288772
[step 01500] VALUE_DEBUG: target(mean=-14.69 std=3.34 min=-23.79 max=-7.60) V(s)(mean=-15.01 std=1.13) reward(mean=-1.026 std=4.091) clip=50.0
[step 01500] eval_success_rate=0.000 eval_mean_score=10.100 eval_policy_mode=greedy [solved=0/50, score_range=9.00-12.00/16.0, initial=9.00]
[step 01500] PROGRESS: filled=10.10 violations=0.00 zero_cand=0.00
[step 01500] DEBUG: ep_len=16.0 ep_ret=-17.885 stop_prob=0.000 score_chg=-0.5450
[step 01550] value_loss=5.560464 policy_loss=0.285548
[step 01550] VALUE_DEBUG: target(mean=-14.36 std=2.48 min=-19.36 max=-5.10) V(s)(mean=-14.79 std=1.03) reward(mean=-0.533 std=4.575) clip=50.0
[step 01600] value_loss=5.924513 policy_loss=0.620475
[step 01600] VALUE_DEBUG: target(mean=-14.70 std=2.35 min=-21.33 max=-6.05) V(s)(mean=-14.80 std=1.06) reward(mean=-1.584 std=5.167) clip=50.0
[step 01600] eval_success_rate=0.000 eval_mean_score=10.140 eval_policy_mode=greedy [solved=0/50, score_range=9.00-12.00/16.0, initial=9.00]
[step 01600] PROGRESS: filled=10.14 violations=0.00 zero_cand=0.00
[step 01600] DEBUG: ep_len=16.0 ep_ret=-17.760 stop_prob=0.000 score_chg=-0.5250
[step 01650] value_loss=8.803837 policy_loss=1.283613
[step 01650] VALUE_DEBUG: target(mean=-14.63 std=3.09 min=-20.35 max=-2.28) V(s)(mean=-15.42 std=0.83) reward(mean=0.210 std=2.815) clip=50.0
[step 01700] value_loss=6.245314 policy_loss=0.188903
[step 01700] VALUE_DEBUG: target(mean=-14.76 std=2.50 min=-20.06 max=-7.34) V(s)(mean=-15.38 std=1.23) reward(mean=-0.921 std=4.232) clip=50.0
[step 01700] eval_success_rate=0.000 eval_mean_score=10.120 eval_policy_mode=greedy [solved=0/50, score_range=9.00-12.00/16.0, initial=9.00]
[step 01700] PROGRESS: filled=10.12 violations=0.00 zero_cand=0.00
[step 01700] DEBUG: ep_len=15.9 ep_ret=-18.059 stop_prob=0.000 score_chg=-0.8825
[step 01750] value_loss=8.394844 policy_loss=0.432978
[step 01750] VALUE_DEBUG: target(mean=-15.36 std=2.94 min=-21.08 max=-4.59) V(s)(mean=-15.46 std=1.18) reward(mean=-2.477 std=6.587) clip=50.0
[step 01800] value_loss=5.530109 policy_loss=0.538967
[step 01800] VALUE_DEBUG: target(mean=-15.15 std=2.84 min=-22.69 max=-6.00) V(s)(mean=-14.65 std=1.18) reward(mean=-1.165 std=4.540) clip=50.0
[step 01800] eval_success_rate=0.000 eval_mean_score=10.260 eval_policy_mode=greedy [solved=0/50, score_range=9.00-13.00/16.0, initial=9.00]
[step 01800] PROGRESS: filled=10.26 violations=0.00 zero_cand=0.00
[step 01800] DEBUG: ep_len=16.0 ep_ret=-17.921 stop_prob=0.000 score_chg=-0.5200
[step 01850] value_loss=11.564390 policy_loss=0.420926
[step 01850] VALUE_DEBUG: target(mean=-16.30 std=3.27 min=-24.09 max=-9.78) V(s)(mean=-14.88 std=0.96) reward(mean=-1.818 std=4.085) clip=50.0
[step 01900] value_loss=7.819790 policy_loss=0.269022
[step 01900] VALUE_DEBUG: target(mean=-15.62 std=2.85 min=-23.71 max=-6.64) V(s)(mean=-15.25 std=0.98) reward(mean=-1.610 std=5.865) clip=50.0
[step 01900] eval_success_rate=0.000 eval_mean_score=10.140 eval_policy_mode=greedy [solved=0/50, score_range=9.00-12.00/16.0, initial=9.00]
[step 01900] PROGRESS: filled=10.14 violations=0.00 zero_cand=0.00
[step 01900] DEBUG: ep_len=16.0 ep_ret=-17.794 stop_prob=0.000 score_chg=-0.4500
[step 01950] value_loss=5.083240 policy_loss=1.083695
[step 01950] VALUE_DEBUG: target(mean=-16.05 std=2.06 min=-21.49 max=-13.03) V(s)(mean=-15.25 std=0.96) reward(mean=-1.621 std=4.287) clip=50.0
[step 02000] value_loss=7.214294 policy_loss=-0.233377
[step 02000] VALUE_DEBUG: target(mean=-14.95 std=2.97 min=-20.10 max=-5.85) V(s)(mean=-15.49 std=1.00) reward(mean=-2.025 std=6.605) clip=50.0
[step 02000] eval_success_rate=0.000 eval_mean_score=10.200 eval_policy_mode=greedy [solved=0/50, score_range=9.00-12.00/16.0, initial=9.00]
[step 02000] PROGRESS: filled=10.20 violations=0.00 zero_cand=0.00
[step 02000] DEBUG: ep_len=16.0 ep_ret=-17.515 stop_prob=0.000 score_chg=-0.3000
[Checkpoint] Saved to /home/buiksat/trm_bellman/results/exp3_v2/nc_rdis_s43/rl_checkpoint_step_2000.pt
[step 02050] value_loss=3.011739 policy_loss=0.311976
[step 02050] VALUE_DEBUG: target(mean=-15.62 std=1.66 min=-21.07 max=-9.79) V(s)(mean=-16.06 std=0.76) reward(mean=-1.067 std=4.210) clip=50.0
[step 02100] value_loss=6.187147 policy_loss=0.236176
[step 02100] VALUE_DEBUG: target(mean=-15.05 std=2.70 min=-23.67 max=-8.17) V(s)(mean=-15.98 std=1.17) reward(mean=-1.119 std=4.792) clip=50.0
[step 02100] eval_success_rate=0.000 eval_mean_score=10.160 eval_policy_mode=greedy [solved=0/50, score_range=9.00-12.00/16.0, initial=9.00]
[step 02100] PROGRESS: filled=10.16 violations=0.00 zero_cand=0.00
[step 02100] DEBUG: ep_len=15.9 ep_ret=-16.915 stop_prob=0.000 score_chg=0.1000
[step 02150] value_loss=6.222928 policy_loss=0.576954
[step 02150] VALUE_DEBUG: target(mean=-16.05 std=2.97 min=-25.10 max=-8.56) V(s)(mean=-15.86 std=0.93) reward(mean=-1.553 std=5.139) clip=50.0
[step 02200] value_loss=2.952927 policy_loss=0.768119
[step 02200] VALUE_DEBUG: target(mean=-15.47 std=1.90 min=-20.75 max=-9.13) V(s)(mean=-15.52 std=0.94) reward(mean=-1.364 std=4.970) clip=50.0
[step 02200] eval_success_rate=0.000 eval_mean_score=10.340 eval_policy_mode=greedy [solved=0/50, score_range=9.00-12.00/16.0, initial=9.00]
[step 02200] PROGRESS: filled=10.34 violations=0.00 zero_cand=0.00
[step 02200] DEBUG: ep_len=16.0 ep_ret=-17.219 stop_prob=0.000 score_chg=0.0425
[step 02250] value_loss=2.464953 policy_loss=0.046983
[step 02250] VALUE_DEBUG: target(mean=-15.78 std=1.53 min=-22.00 max=-13.33) V(s)(mean=-15.49 std=1.10) reward(mean=-1.373 std=4.112) clip=50.0
[step 02300] value_loss=4.878453 policy_loss=0.422022
[step 02300] VALUE_DEBUG: target(mean=-16.40 std=2.23 min=-24.12 max=-13.11) V(s)(mean=-15.69 std=0.92) reward(mean=-2.084 std=4.822) clip=50.0
[step 02300] eval_success_rate=0.000 eval_mean_score=10.440 eval_policy_mode=greedy [solved=0/50, score_range=9.00-13.00/16.0, initial=9.00]
[step 02300] PROGRESS: filled=10.44 violations=0.00 zero_cand=0.00
[step 02300] DEBUG: ep_len=15.9 ep_ret=-17.298 stop_prob=0.000 score_chg=-0.1700
[step 02350] value_loss=6.058181 policy_loss=0.378358
[step 02350] VALUE_DEBUG: target(mean=-15.98 std=2.61 min=-24.56 max=-9.49) V(s)(mean=-15.91 std=0.92) reward(mean=-1.879 std=5.300) clip=50.0
[step 02400] value_loss=9.551095 policy_loss=0.066446
[step 02400] VALUE_DEBUG: target(mean=-16.17 std=3.41 min=-23.61 max=-7.20) V(s)(mean=-15.88 std=1.00) reward(mean=-0.997 std=4.189) clip=50.0
[step 02400] eval_success_rate=0.000 eval_mean_score=10.240 eval_policy_mode=greedy [solved=0/50, score_range=9.00-12.00/16.0, initial=9.00]
[step 02400] PROGRESS: filled=10.24 violations=0.00 zero_cand=0.00
[step 02400] DEBUG: ep_len=16.0 ep_ret=-16.793 stop_prob=0.000 score_chg=0.6800
[step 02450] value_loss=1.272164 policy_loss=0.403205
[step 02450] VALUE_DEBUG: target(mean=-15.49 std=1.40 min=-19.22 max=-12.77) V(s)(mean=-15.65 std=1.04) reward(mean=-1.153 std=3.913) clip=50.0
[step 02500] value_loss=4.205039 policy_loss=0.064188
[step 02500] VALUE_DEBUG: target(mean=-15.65 std=1.98 min=-19.76 max=-9.21) V(s)(mean=-16.16 std=0.77) reward(mean=0.023 std=2.104) clip=50.0
[step 02500] eval_success_rate=0.000 eval_mean_score=10.360 eval_policy_mode=greedy [solved=0/50, score_range=9.00-12.00/16.0, initial=9.00]
[step 02500] PROGRESS: filled=10.36 violations=0.00 zero_cand=0.00
[step 02500] DEBUG: ep_len=16.0 ep_ret=-17.295 stop_prob=0.000 score_chg=-0.0225
[step 02550] value_loss=4.156730 policy_loss=0.137638
[step 02550] VALUE_DEBUG: target(mean=-15.99 std=2.30 min=-22.81 max=-13.16) V(s)(mean=-15.39 std=0.95) reward(mean=-1.056 std=3.324) clip=50.0
[step 02600] value_loss=3.401305 policy_loss=0.125164
[step 02600] VALUE_DEBUG: target(mean=-15.50 std=2.09 min=-25.46 max=-13.10) V(s)(mean=-15.55 std=0.95) reward(mean=-0.995 std=4.145) clip=50.0
[step 02600] eval_success_rate=0.000 eval_mean_score=10.540 eval_policy_mode=greedy [solved=0/50, score_range=9.00-13.00/16.0, initial=9.00]
[step 02600] PROGRESS: filled=10.54 violations=0.00 zero_cand=0.00
[step 02600] DEBUG: ep_len=15.8 ep_ret=-16.071 stop_prob=0.000 score_chg=0.6150
[step 02650] value_loss=13.393634 policy_loss=0.196677
[step 02650] VALUE_DEBUG: target(mean=-14.79 std=3.44 min=-22.64 max=1.84) V(s)(mean=-15.14 std=1.07) reward(mean=0.189 std=1.542) clip=50.0
[step 02700] value_loss=4.760716 policy_loss=0.286891
[step 02700] VALUE_DEBUG: target(mean=-15.74 std=2.41 min=-22.84 max=-8.51) V(s)(mean=-15.59 std=0.83) reward(mean=-0.352 std=2.303) clip=50.0
[step 02700] eval_success_rate=0.000 eval_mean_score=10.500 eval_policy_mode=greedy [solved=0/50, score_range=9.00-14.00/16.0, initial=9.00]
[step 02700] PROGRESS: filled=10.50 violations=0.00 zero_cand=0.00
[step 02700] DEBUG: ep_len=15.9 ep_ret=-16.149 stop_prob=0.000 score_chg=0.7675
[step 02750] value_loss=3.020309 policy_loss=0.071638
[step 02750] VALUE_DEBUG: target(mean=-14.95 std=1.96 min=-16.40 max=-5.01) V(s)(mean=-15.51 std=0.83) reward(mean=-2.003 std=6.175) clip=50.0
[step 02800] value_loss=2.744989 policy_loss=0.407516
[step 02800] VALUE_DEBUG: target(mean=-15.66 std=2.00 min=-25.37 max=-13.35) V(s)(mean=-15.31 std=0.73) reward(mean=-1.003 std=4.183) clip=50.0
[step 02800] eval_success_rate=0.000 eval_mean_score=10.800 eval_policy_mode=greedy [solved=0/50, score_range=9.00-14.00/16.0, initial=9.00]
[step 02800] PROGRESS: filled=10.80 violations=0.00 zero_cand=0.00
[step 02800] DEBUG: ep_len=15.8 ep_ret=-15.304 stop_prob=0.000 score_chg=1.2975
[step 02850] value_loss=4.032225 policy_loss=1.057654
[step 02850] VALUE_DEBUG: target(mean=-15.77 std=2.31 min=-20.93 max=-8.19) V(s)(mean=-15.74 std=1.05) reward(mean=-0.224 std=1.951) clip=50.0
[step 02900] value_loss=5.824592 policy_loss=-0.177976
[step 02900] VALUE_DEBUG: target(mean=-15.79 std=2.95 min=-24.92 max=-9.79) V(s)(mean=-15.80 std=1.27) reward(mean=-1.347 std=4.585) clip=50.0
[step 02900] eval_success_rate=0.000 eval_mean_score=11.000 eval_policy_mode=greedy [solved=0/50, score_range=9.00-14.00/16.0, initial=9.00]
[step 02900] PROGRESS: filled=11.00 violations=0.00 zero_cand=0.00
[step 02900] DEBUG: ep_len=15.8 ep_ret=-15.340 stop_prob=0.000 score_chg=1.2425
[step 02950] value_loss=4.940093 policy_loss=-0.064726
[step 02950] VALUE_DEBUG: target(mean=-15.69 std=2.30 min=-21.36 max=-8.61) V(s)(mean=-15.35 std=0.82) reward(mean=-1.278 std=4.421) clip=50.0
[step 03000] value_loss=1.601714 policy_loss=-0.205279
[step 03000] VALUE_DEBUG: target(mean=-15.13 std=1.83 min=-16.99 max=-6.97) V(s)(mean=-15.15 std=0.90) reward(mean=-1.217 std=4.943) clip=50.0
[step 03000] eval_success_rate=0.000 eval_mean_score=11.000 eval_policy_mode=greedy [solved=0/50, score_range=9.00-14.00/16.0, initial=9.00]
[step 03000] PROGRESS: filled=11.00 violations=0.00 zero_cand=0.00
[step 03000] DEBUG: ep_len=15.7 ep_ret=-15.365 stop_prob=0.000 score_chg=1.2900
[Checkpoint] Saved to /home/buiksat/trm_bellman/results/exp3_v2/nc_rdis_s43/rl_checkpoint_step_3000.pt
[step 03050] value_loss=3.661107 policy_loss=1.284503
[step 03050] VALUE_DEBUG: target(mean=-15.48 std=2.09 min=-21.26 max=-11.38) V(s)(mean=-15.49 std=0.98) reward(mean=-1.219 std=4.290) clip=50.0
[step 03100] value_loss=5.120623 policy_loss=0.292415
[step 03100] VALUE_DEBUG: target(mean=-15.54 std=2.45 min=-22.42 max=-10.45) V(s)(mean=-15.83 std=1.22) reward(mean=-0.663 std=3.530) clip=50.0
[step 03100] eval_success_rate=0.000 eval_mean_score=11.120 eval_policy_mode=greedy [solved=0/50, score_range=9.00-15.00/16.0, initial=9.00]
[step 03100] PROGRESS: filled=11.12 violations=0.00 zero_cand=0.00
[step 03100] DEBUG: ep_len=15.9 ep_ret=-15.834 stop_prob=0.000 score_chg=0.9675
[step 03150] value_loss=7.265965 policy_loss=0.314122
[step 03150] VALUE_DEBUG: target(mean=-15.66 std=2.80 min=-23.88 max=-9.09) V(s)(mean=-14.97 std=0.88) reward(mean=-1.188 std=4.706) clip=50.0
[step 03200] value_loss=4.754919 policy_loss=0.118648
[step 03200] VALUE_DEBUG: target(mean=-14.89 std=2.10 min=-21.88 max=-8.98) V(s)(mean=-15.31 std=1.04) reward(mean=-0.601 std=4.537) clip=50.0
[step 03200] eval_success_rate=0.000 eval_mean_score=11.220 eval_policy_mode=greedy [solved=0/50, score_range=9.00-14.00/16.0, initial=9.00]
[step 03200] PROGRESS: filled=11.22 violations=0.00 zero_cand=0.00
[step 03200] DEBUG: ep_len=15.7 ep_ret=-14.468 stop_prob=0.000 score_chg=1.6825
[step 03250] value_loss=19.341604 policy_loss=-0.093311
[step 03250] VALUE_DEBUG: target(mean=-14.55 std=4.59 min=-23.64 max=6.84) V(s)(mean=-15.48 std=0.99) reward(mean=-0.125 std=3.803) clip=50.0
[step 03300] value_loss=12.396837 policy_loss=1.114668
[step 03300] VALUE_DEBUG: target(mean=-15.55 std=3.60 min=-25.57 max=-4.55) V(s)(mean=-15.36 std=0.97) reward(mean=-1.550 std=5.200) clip=50.0
[step 03300] eval_success_rate=0.000 eval_mean_score=11.260 eval_policy_mode=greedy [solved=0/50, score_range=9.00-14.00/16.0, initial=9.00]
[step 03300] PROGRESS: filled=11.26 violations=0.00 zero_cand=0.00
[step 03300] DEBUG: ep_len=15.7 ep_ret=-14.395 stop_prob=0.000 score_chg=1.8350
[step 03350] value_loss=13.410421 policy_loss=-0.164813
[step 03350] VALUE_DEBUG: target(mean=-14.52 std=4.08 min=-22.42 max=-4.08) V(s)(mean=-15.11 std=1.20) reward(mean=-0.877 std=6.070) clip=50.0
[step 03400] value_loss=12.037063 policy_loss=-0.060069
[step 03400] VALUE_DEBUG: target(mean=-14.61 std=3.84 min=-21.00 max=1.84) V(s)(mean=-15.25 std=0.93) reward(mean=-1.624 std=5.575) clip=50.0
[step 03400] eval_success_rate=0.000 eval_mean_score=11.260 eval_policy_mode=greedy [solved=0/50, score_range=9.00-14.00/16.0, initial=9.00]
[step 03400] PROGRESS: filled=11.26 violations=0.00 zero_cand=0.00
[step 03400] DEBUG: ep_len=15.7 ep_ret=-15.179 stop_prob=0.000 score_chg=1.3675
[step 03450] value_loss=4.921039 policy_loss=-0.510350
[step 03450] VALUE_DEBUG: target(mean=-15.80 std=2.43 min=-23.73 max=-12.94) V(s)(mean=-15.57 std=0.99) reward(mean=-0.535 std=2.320) clip=50.0
[step 03500] value_loss=4.738522 policy_loss=0.620515
[step 03500] VALUE_DEBUG: target(mean=-15.46 std=2.42 min=-23.94 max=-11.87) V(s)(mean=-15.18 std=1.27) reward(mean=-0.996 std=3.524) clip=50.0
[step 03500] eval_success_rate=0.000 eval_mean_score=11.420 eval_policy_mode=greedy [solved=0/50, score_range=9.00-15.00/16.0, initial=9.00]
[step 03500] PROGRESS: filled=11.42 violations=0.00 zero_cand=0.00
[step 03500] DEBUG: ep_len=15.7 ep_ret=-14.816 stop_prob=0.000 score_chg=1.6550
[step 03550] value_loss=0.896848 policy_loss=0.197754
[step 03550] VALUE_DEBUG: target(mean=-15.21 std=1.47 min=-20.51 max=-12.90) V(s)(mean=-15.16 std=1.01) reward(mean=-1.050 std=4.019) clip=50.0
[step 03600] value_loss=4.795836 policy_loss=0.205740
[step 03600] VALUE_DEBUG: target(mean=-14.40 std=2.35 min=-19.85 max=-8.50) V(s)(mean=-14.68 std=1.28) reward(mean=-0.472 std=4.498) clip=50.0
[step 03600] eval_success_rate=0.000 eval_mean_score=11.100 eval_policy_mode=greedy [solved=0/50, score_range=9.00-14.00/16.0, initial=9.00]
[step 03600] PROGRESS: filled=11.10 violations=0.00 zero_cand=0.00
[step 03600] DEBUG: ep_len=15.7 ep_ret=-14.789 stop_prob=0.000 score_chg=1.3750
[step 03650] value_loss=2.881626 policy_loss=0.142808
[step 03650] VALUE_DEBUG: target(mean=-15.07 std=2.02 min=-17.34 max=-5.88) V(s)(mean=-15.76 std=1.04) reward(mean=-0.002 std=3.289) clip=50.0
[step 03700] value_loss=4.470042 policy_loss=0.021446
[step 03700] VALUE_DEBUG: target(mean=-15.20 std=2.47 min=-20.58 max=-6.29) V(s)(mean=-15.20 std=0.88) reward(mean=-2.070 std=5.749) clip=50.0
[step 03700] eval_success_rate=0.000 eval_mean_score=11.300 eval_policy_mode=greedy [solved=0/50, score_range=10.00-14.00/16.0, initial=9.00]
[step 03700] PROGRESS: filled=11.30 violations=0.00 zero_cand=0.00
[step 03700] DEBUG: ep_len=15.8 ep_ret=-15.569 stop_prob=0.000 score_chg=1.1650
[step 03750] value_loss=2.929784 policy_loss=0.188128
[step 03750] VALUE_DEBUG: target(mean=-15.27 std=1.88 min=-22.53 max=-12.23) V(s)(mean=-15.05 std=0.85) reward(mean=-0.602 std=3.204) clip=50.0
[step 03800] value_loss=7.217169 policy_loss=0.695120
[step 03800] VALUE_DEBUG: target(mean=-15.55 std=2.85 min=-24.39 max=-9.00) V(s)(mean=-14.80 std=0.98) reward(mean=-0.822 std=3.732) clip=50.0
[step 03800] eval_success_rate=0.000 eval_mean_score=11.480 eval_policy_mode=greedy [solved=0/50, score_range=9.00-14.00/16.0, initial=9.00]
[step 03800] PROGRESS: filled=11.48 violations=0.00 zero_cand=0.00
[step 03800] DEBUG: ep_len=15.6 ep_ret=-14.204 stop_prob=0.000 score_chg=1.8075
[step 03850] value_loss=7.519052 policy_loss=0.344665
[step 03850] VALUE_DEBUG: target(mean=-15.51 std=3.07 min=-28.45 max=-8.49) V(s)(mean=-14.93 std=0.94) reward(mean=-0.940 std=3.939) clip=50.0
[step 03900] value_loss=8.237965 policy_loss=0.501445
[step 03900] VALUE_DEBUG: target(mean=-15.64 std=2.80 min=-22.22 max=-10.97) V(s)(mean=-14.65 std=1.04) reward(mean=-0.939 std=2.844) clip=50.0
[step 03900] eval_success_rate=0.000 eval_mean_score=11.640 eval_policy_mode=greedy [solved=0/50, score_range=10.00-15.00/16.0, initial=9.00]
[step 03900] PROGRESS: filled=11.64 violations=0.00 zero_cand=0.00
[step 03900] DEBUG: ep_len=15.6 ep_ret=-14.187 stop_prob=0.000 score_chg=1.7100
[step 03950] value_loss=6.530951 policy_loss=0.556027
[step 03950] VALUE_DEBUG: target(mean=-14.61 std=2.88 min=-21.50 max=-6.24) V(s)(mean=-14.93 std=1.17) reward(mean=-1.030 std=4.946) clip=50.0
[step 04000] value_loss=2.144975 policy_loss=0.545884
[step 04000] VALUE_DEBUG: target(mean=-15.48 std=1.78 min=-19.93 max=-11.86) V(s)(mean=-15.16 std=1.25) reward(mean=-1.877 std=4.816) clip=50.0
[step 04000] eval_success_rate=0.020 eval_mean_score=11.520 eval_policy_mode=greedy [solved=1/50, score_range=9.00-16.00/16.0, initial=9.00]
[step 04000] PROGRESS: filled=11.52 violations=0.00 zero_cand=0.00
[step 04000] DEBUG: ep_len=15.5 ep_ret=-14.215 stop_prob=0.000 score_chg=1.8325
[Checkpoint] Saved to /home/buiksat/trm_bellman/results/exp3_v2/nc_rdis_s43/rl_checkpoint_step_4000.pt
[step 04050] value_loss=8.986134 policy_loss=-0.050293
[step 04050] VALUE_DEBUG: target(mean=-15.01 std=3.02 min=-20.79 max=-7.52) V(s)(mean=-15.16 std=1.09) reward(mean=-0.384 std=4.465) clip=50.0
[step 04100] value_loss=1.385044 policy_loss=0.515865
[step 04100] VALUE_DEBUG: target(mean=-15.58 std=1.49 min=-20.98 max=-13.22) V(s)(mean=-15.57 std=0.85) reward(mean=-1.187 std=4.606) clip=50.0
[step 04100] eval_success_rate=0.000 eval_mean_score=11.500 eval_policy_mode=greedy [solved=0/50, score_range=9.00-15.00/16.0, initial=9.00]
[step 04100] PROGRESS: filled=11.50 violations=0.00 zero_cand=0.00
[step 04100] DEBUG: ep_len=15.5 ep_ret=-13.508 stop_prob=0.000 score_chg=2.1300
[step 04150] value_loss=10.289623 policy_loss=0.191998
[step 04150] VALUE_DEBUG: target(mean=-14.79 std=3.29 min=-23.57 max=-6.92) V(s)(mean=-15.42 std=1.12) reward(mean=-0.571 std=5.021) clip=50.0
[step 04200] value_loss=2.941943 policy_loss=-0.350021
[step 04200] VALUE_DEBUG: target(mean=-14.62 std=2.34 min=-21.18 max=-6.38) V(s)(mean=-14.59 std=1.41) reward(mean=0.302 std=1.700) clip=50.0
[step 04200] eval_success_rate=0.000 eval_mean_score=11.400 eval_policy_mode=greedy [solved=0/50, score_range=9.00-14.00/16.0, initial=9.00]
[step 04200] PROGRESS: filled=11.40 violations=0.00 zero_cand=0.00
[step 04200] DEBUG: ep_len=15.6 ep_ret=-14.223 stop_prob=0.000 score_chg=1.8275
[step 04250] value_loss=6.295354 policy_loss=0.080723
[step 04250] VALUE_DEBUG: target(mean=-14.72 std=2.64 min=-21.39 max=-3.13) V(s)(mean=-15.04 std=0.94) reward(mean=-0.074 std=3.681) clip=50.0
[step 04300] value_loss=2.085718 policy_loss=0.712807
[step 04300] VALUE_DEBUG: target(mean=-15.24 std=1.66 min=-21.03 max=-11.68) V(s)(mean=-15.59 std=0.99) reward(mean=-1.326 std=4.956) clip=50.0
[step 04300] eval_success_rate=0.000 eval_mean_score=11.480 eval_policy_mode=greedy [solved=0/50, score_range=9.00-14.00/16.0, initial=9.00]
[step 04300] PROGRESS: filled=11.48 violations=0.00 zero_cand=0.00
[step 04300] DEBUG: ep_len=15.5 ep_ret=-14.092 stop_prob=0.000 score_chg=1.7475
[step 04350] value_loss=0.976111 policy_loss=-0.206194
[step 04350] VALUE_DEBUG: target(mean=-14.99 std=1.57 min=-18.03 max=-9.90) V(s)(mean=-14.73 std=1.21) reward(mean=-0.950 std=4.295) clip=50.0
[step 04400] value_loss=4.147326 policy_loss=0.398221
[step 04400] VALUE_DEBUG: target(mean=-15.09 std=2.49 min=-21.65 max=-8.69) V(s)(mean=-14.71 std=1.40) reward(mean=-2.068 std=5.665) clip=50.0
[step 04400] eval_success_rate=0.000 eval_mean_score=11.500 eval_policy_mode=greedy [solved=0/50, score_range=9.00-14.00/16.0, initial=9.00]
[step 04400] PROGRESS: filled=11.50 violations=0.00 zero_cand=0.00
[step 04400] DEBUG: ep_len=15.4 ep_ret=-13.585 stop_prob=0.000 score_chg=2.0100
[step 04450] value_loss=7.472279 policy_loss=-0.180693
[step 04450] VALUE_DEBUG: target(mean=-14.70 std=3.07 min=-24.28 max=-7.70) V(s)(mean=-15.22 std=1.26) reward(mean=-1.446 std=6.208) clip=50.0
[step 04500] value_loss=5.260568 policy_loss=0.147429
[step 04500] VALUE_DEBUG: target(mean=-14.42 std=2.71 min=-22.03 max=-6.39) V(s)(mean=-14.71 std=1.38) reward(mean=-0.317 std=3.695) clip=50.0
[step 04500] eval_success_rate=0.020 eval_mean_score=11.620 eval_policy_mode=greedy [solved=1/50, score_range=10.00-16.00/16.0, initial=9.00]
[step 04500] PROGRESS: filled=11.62 violations=0.00 zero_cand=0.00
[step 04500] DEBUG: ep_len=15.4 ep_ret=-13.481 stop_prob=0.000 score_chg=2.2450
[step 04550] value_loss=4.173560 policy_loss=0.466883
[step 04550] VALUE_DEBUG: target(mean=-15.68 std=2.34 min=-22.82 max=-11.53) V(s)(mean=-15.24 std=1.16) reward(mean=-1.562 std=4.235) clip=50.0
[step 04600] value_loss=3.807136 policy_loss=-0.016119
[step 04600] VALUE_DEBUG: target(mean=-15.26 std=2.57 min=-21.96 max=-11.92) V(s)(mean=-14.67 std=1.35) reward(mean=-1.546 std=4.775) clip=50.0
[step 04600] eval_success_rate=0.000 eval_mean_score=11.920 eval_policy_mode=greedy [solved=0/50, score_range=9.00-15.00/16.0, initial=9.00]
[step 04600] PROGRESS: filled=11.92 violations=0.00 zero_cand=0.00
[step 04600] DEBUG: ep_len=15.6 ep_ret=-13.809 stop_prob=0.000 score_chg=2.0900
[step 04650] value_loss=9.720027 policy_loss=0.338740
[step 04650] VALUE_DEBUG: target(mean=-15.88 std=3.20 min=-25.04 max=-9.55) V(s)(mean=-15.03 std=1.57) reward(mean=-2.382 std=5.358) clip=50.0
[step 04700] value_loss=5.229564 policy_loss=-0.225788
[step 04700] VALUE_DEBUG: target(mean=-14.50 std=2.90 min=-22.13 max=-9.55) V(s)(mean=-14.21 std=2.07) reward(mean=-0.726 std=3.628) clip=50.0
[step 04700] eval_success_rate=0.020 eval_mean_score=11.940 eval_policy_mode=greedy [solved=1/50, score_range=10.00-16.00/16.0, initial=9.00]
[step 04700] PROGRESS: filled=11.94 violations=0.00 zero_cand=0.00
[step 04700] DEBUG: ep_len=15.5 ep_ret=-13.524 stop_prob=0.000 score_chg=2.0075
[step 04750] value_loss=4.267203 policy_loss=0.203419
[step 04750] VALUE_DEBUG: target(mean=-15.25 std=2.49 min=-22.54 max=-9.02) V(s)(mean=-14.86 std=1.24) reward(mean=-0.978 std=3.438) clip=50.0
[step 04800] value_loss=6.750253 policy_loss=-0.063293
[step 04800] VALUE_DEBUG: target(mean=-15.00 std=3.18 min=-26.05 max=-7.90) V(s)(mean=-14.49 std=1.79) reward(mean=-2.256 std=5.822) clip=50.0
[step 04800] eval_success_rate=0.020 eval_mean_score=12.040 eval_policy_mode=greedy [solved=1/50, score_range=10.00-16.00/16.0, initial=9.00]
[step 04800] PROGRESS: filled=12.04 violations=0.00 zero_cand=0.00
[step 04800] DEBUG: ep_len=15.3 ep_ret=-13.180 stop_prob=0.000 score_chg=2.0925
[step 04850] value_loss=10.480857 policy_loss=0.454297
[step 04850] VALUE_DEBUG: target(mean=-15.53 std=3.09 min=-24.58 max=-10.98) V(s)(mean=-14.49 std=1.11) reward(mean=-1.877 std=4.647) clip=50.0
[step 04900] value_loss=10.133425 policy_loss=-0.261811
[step 04900] VALUE_DEBUG: target(mean=-14.27 std=3.76 min=-22.03 max=1.84) V(s)(mean=-14.72 std=1.44) reward(mean=-2.105 std=6.302) clip=50.0
[step 04900] eval_success_rate=0.080 eval_mean_score=11.940 eval_policy_mode=greedy [solved=4/50, score_range=9.00-16.00/16.0, initial=9.00]
[step 04900] PROGRESS: filled=11.94 violations=0.00 zero_cand=0.00
[step 04900] DEBUG: ep_len=15.3 ep_ret=-13.350 stop_prob=0.000 score_chg=2.1125
[step 04950] value_loss=6.779062 policy_loss=0.938050
[step 04950] VALUE_DEBUG: target(mean=-13.95 std=3.44 min=-22.99 max=-4.13) V(s)(mean=-14.12 std=2.02) reward(mean=-0.943 std=4.056) clip=50.0
[step 05000] value_loss=8.628065 policy_loss=0.332450
[step 05000] VALUE_DEBUG: target(mean=-13.82 std=4.01 min=-20.00 max=1.84) V(s)(mean=-14.28 std=1.87) reward(mean=-0.921 std=4.336) clip=50.0
[step 05000] eval_success_rate=0.000 eval_mean_score=12.320 eval_policy_mode=greedy [solved=0/50, score_range=10.00-15.00/16.0, initial=9.00]
[step 05000] PROGRESS: filled=12.32 violations=0.00 zero_cand=0.00
[step 05000] DEBUG: ep_len=15.4 ep_ret=-13.695 stop_prob=0.000 score_chg=1.9700
[Checkpoint] Saved to /home/buiksat/trm_bellman/results/exp3_v2/nc_rdis_s43/rl_checkpoint_step_5000.pt
[Checkpoint] Saved to /home/buiksat/trm_bellman/results/exp3_v2/nc_rdis_s43/rl_checkpoint_step_5000.pt
