[2026-01-19T14:16:50.104-08:00] Buck UI: https://www.internalfb.com/buck2/3e62f343-019a-4116-9bb9-dabc0405fa81
[2026-01-19T14:16:53.966-08:00] Network: Up: 0B  Down: 0B
BUILD SUCCEEDED - starting your binary
[INFO] Using feasibility-aware Sudoku checker for 4x4
       score = filled - 2.0*violations - 5.0*zeroCand
       Max score: 16 (all filled, no violations)
[INFO] Training for 5000 steps (gamma=0.990, K=1, inner_unroll_n=2)
[INFO] Terminal rewards: solve=1.000, fail=-16.000
[INFO] Using TRM backbone (hidden=64, H=2, L=2)
[DEBUG] Policy head STOP bias: 0.00 (should be 0.0 for uniform init)
[INFO] Puzzle embeddings DISABLED (set --puzzle-emb-ndim > 0 to enable)
/data/repos/fbsource/buck-out/v2/gen/fbcode/7bc20b5dff24e379/buiksat_trm/__upi_trm_train__/upi_trm_train#link-tree/torch/cuda/__init__.py:373: UserWarning: Found GPU0 NVIDIA A100-PG509-200 which is of compute capability (CC) 8.0.
The following list shows the CCs this version of PyTorch was built for and the hardware CCs it supports:
Please follow the instructions at https://pytorch.org/get-started/locally/ to install a PyTorch release that supports one of these CUDA versions: 12.6, 12.8, 13.0
  _warn_unsupported_code(d, device_cc, code_ccs)
INFO:2026-01-19 14:16:59 898053:898053 CuptiCallbackApi.cpp:74] Callback: domain = 3, cbid = 1
INFO:2026-01-19 14:16:59 898053:898053 CuptiActivityProfiler.cpp:245] CUDA versions. CUPTI: 22; Runtime: 12040; Driver: 12040
INFO:2026-01-19 14:16:59 898053:900664 FBConfig.cpp:330] Perfetto builder enabled: 1
INFO:2026-01-19 14:16:59 898053:900664 DynoConfigLoader.cpp:61] Setting communication fabric enabled = 0
INFO:2026-01-19 14:17:00 898053:900664 DynoConfigLoader.cpp:61] Setting communication fabric enabled = 0
TritonTraceHandler: disabled because /logs does not exist
===========[FB_TRITON]=========== Triton Version: 3.3.2+fb
[INFO] Using UPI-TRM algorithm (K=1, inner_n=2)

============================================================
UPI-TRM THEORY ALIGNMENT CHECK
============================================================
⚠ Configuration has theory gaps:
  • latent_ball_radius=0 disables forward-invariant projection (Assumption 4.1). Contraction guarantees may not hold. Set latent_ball_radius > 0.
  • enable_contraction=False disables spectral normalization (Assumption 4.2). L_z < 1 contraction not enforced.
  • exact_baseline_summation=False: Using approximate baseline. This gives O(ε_A/(1-γ)) bound instead of O(α·ε_A) from Theorem 5.9. For discrete action spaces (Sudoku), enable for tighter bounds.
  • theory_exact_mixture=False: Using parameter-space interpolation for CPI, which is NOT equivalent to policy-space mixture. The CPI improvement guarantee does not strictly apply. Set theory_exact_mixture=True for theory-exact behavior (but slower due to evaluating two networks).

Theory status:
  Forward-invariant projection: ✗
  Contraction enforced (L_z < 1): ✗
  Exact baseline (Thm 5.9): ✗
  Distillation (not in theory): ✓ disabled

Is theory-exact: False
============================================================

UPI-TRM theoretical dials:
  L_z target (rl_cfg.target_Lz): 0.9
  L_V target (rl_cfg.target_Lv): 1.0
  Inner unroll n (rl_cfg.inner_unroll_n): 2
  K-step horizon K (rl_cfg.K): 1
  Mixture alpha (rl_cfg.mixture_alpha): 0.1
  Latent ball radius (rl_cfg.latent_ball_radius): 0.0
  Episodic latent: True
  Exact K-step targets: False
  Exact baseline summation: False

[INFO] STOP action mode: disabled
[WandB] Disabled by default (enable with: --wandb)
[DEBUG] Action mask: 16 valid actions out of 97 total
[DEBUG] Latent mode: episodic
[DEBUG] Step 0 probs: STOP=0.000000, edits=1.000000
[DEBUG] Top 5 action probs: torch.return_types.topk(
values=tensor([0.0794, 0.0762, 0.0739, 0.0722, 0.0704], device='cuda:0',
       grad_fn=<TopkBackward0>),
indices=tensor([92, 22, 21, 10,  3], device='cuda:0'))
[step 00050] value_loss=13.600511 policy_loss=-0.548875
[step 00050] VALUE_DEBUG: target(mean=-1.02 std=3.69 min=-7.94 max=5.80) V(s)(mean=-0.96 std=0.26) reward(mean=-0.898 std=3.699) clip=50.0
[step 00100] value_loss=28.150335 policy_loss=-0.597150
[step 00100] VALUE_DEBUG: target(mean=-0.40 std=5.24 min=-22.09 max=6.84) V(s)(mean=-1.53 std=0.75) reward(mean=0.127 std=5.301) clip=50.0
[step 00100] eval_success_rate=0.220 eval_mean_score=12.240 eval_policy_mode=greedy [solved=11/50, score_range=5.00-16.00/16.0, initial=13.52]
[step 00100] PROGRESS: filled=14.72 violations=0.94 zero_cand=0.12
[step 00100] DEBUG: ep_len=11.0 ep_ret=-13.258 stop_prob=0.000 score_chg=-4.6425
[step 00150] value_loss=26.278105 policy_loss=-0.478031
[step 00150] VALUE_DEBUG: target(mean=-0.13 std=4.89 min=-16.04 max=8.00) V(s)(mean=-1.92 std=0.85) reward(mean=0.787 std=4.901) clip=50.0
[step 00200] value_loss=39.575100 policy_loss=-1.013707
[step 00200] VALUE_DEBUG: target(mean=-2.65 std=6.25 min=-20.02 max=6.84) V(s)(mean=-2.51 std=1.39) reward(mean=-1.602 std=6.479) clip=50.0
[step 00200] eval_success_rate=0.300 eval_mean_score=13.720 eval_policy_mode=greedy [solved=15/50, score_range=6.00-16.00/16.0, initial=13.52]
[step 00200] PROGRESS: filled=14.56 violations=0.32 zero_cand=0.04
[step 00200] DEBUG: ep_len=10.1 ep_ret=-9.764 stop_prob=0.000 score_chg=-2.4875
[step 00250] value_loss=29.657419 policy_loss=-0.252682
[step 00250] VALUE_DEBUG: target(mean=-2.94 std=5.86 min=-20.06 max=6.84) V(s)(mean=-2.45 std=2.22) reward(mean=-1.559 std=6.141) clip=50.0
[step 00300] value_loss=27.187168 policy_loss=0.452453
[step 00300] VALUE_DEBUG: target(mean=-4.61 std=5.16 min=-18.02 max=3.29) V(s)(mean=-2.36 std=1.66) reward(mean=-3.043 std=5.448) clip=50.0
[step 00300] eval_success_rate=0.380 eval_mean_score=14.600 eval_policy_mode=greedy [solved=19/50, score_range=13.00-16.00/16.0, initial=13.52]
[step 00300] PROGRESS: filled=14.60 violations=0.00 zero_cand=0.00
[step 00300] DEBUG: ep_len=8.8 ep_ret=-6.456 stop_prob=0.000 score_chg=-0.5100
[step 00350] value_loss=13.169700 policy_loss=-0.690417
[step 00350] VALUE_DEBUG: target(mean=-2.76 std=4.48 min=-10.67 max=6.84) V(s)(mean=-3.52 std=2.21) reward(mean=0.300 std=3.592) clip=50.0
[step 00400] value_loss=16.924023 policy_loss=1.062555
[step 00400] VALUE_DEBUG: target(mean=-4.35 std=4.92 min=-16.09 max=6.24) V(s)(mean=-3.52 std=2.07) reward(mean=-1.722 std=5.089) clip=50.0
[step 00400] eval_success_rate=0.360 eval_mean_score=14.580 eval_policy_mode=greedy [solved=18/50, score_range=13.00-16.00/16.0, initial=13.52]
[step 00400] PROGRESS: filled=14.58 violations=0.00 zero_cand=0.00
[step 00400] DEBUG: ep_len=7.8 ep_ret=-5.080 stop_prob=0.000 score_chg=0.2775
[step 00450] value_loss=10.611098 policy_loss=0.095128
[step 00450] VALUE_DEBUG: target(mean=-3.08 std=3.51 min=-11.50 max=6.20) V(s)(mean=-4.14 std=2.82) reward(mean=0.383 std=3.050) clip=50.0
[step 00500] value_loss=35.219250 policy_loss=0.225773
[step 00500] VALUE_DEBUG: target(mean=-5.12 std=5.82 min=-22.09 max=6.84) V(s)(mean=-4.37 std=1.72) reward(mean=-1.690 std=6.429) clip=50.0
[step 00500] eval_success_rate=0.360 eval_mean_score=14.600 eval_policy_mode=greedy [solved=18/50, score_range=13.00-16.00/16.0, initial=13.52]
[step 00500] PROGRESS: filled=14.60 violations=0.00 zero_cand=0.00
[step 00500] DEBUG: ep_len=7.8 ep_ret=-4.320 stop_prob=0.000 score_chg=0.8050
[step 00550] value_loss=10.742697 policy_loss=0.586813
[step 00550] VALUE_DEBUG: target(mean=-3.12 std=3.93 min=-13.39 max=6.84) V(s)(mean=-4.58 std=2.20) reward(mean=0.414 std=3.067) clip=50.0
[step 00600] value_loss=15.278797 policy_loss=0.678362
[step 00600] VALUE_DEBUG: target(mean=-5.13 std=5.18 min=-16.15 max=6.84) V(s)(mean=-4.67 std=2.85) reward(mean=-1.321 std=5.520) clip=50.0
[step 00600] eval_success_rate=0.380 eval_mean_score=14.700 eval_policy_mode=greedy [solved=19/50, score_range=13.00-16.00/16.0, initial=13.52]
[step 00600] PROGRESS: filled=14.70 violations=0.00 zero_cand=0.00
[step 00600] DEBUG: ep_len=7.6 ep_ret=-3.826 stop_prob=0.000 score_chg=1.0175
[step 00650] value_loss=23.023178 policy_loss=-0.301412
[step 00650] VALUE_DEBUG: target(mean=-5.83 std=5.29 min=-18.08 max=6.84) V(s)(mean=-6.28 std=2.63) reward(mean=-1.075 std=5.347) clip=50.0
[step 00700] value_loss=9.143625 policy_loss=1.142969
[step 00700] VALUE_DEBUG: target(mean=-4.94 std=4.31 min=-12.85 max=2.95) V(s)(mean=-6.07 std=3.23) reward(mean=0.206 std=2.333) clip=50.0
[step 00700] eval_success_rate=0.360 eval_mean_score=14.640 eval_policy_mode=greedy [solved=18/50, score_range=13.00-16.00/16.0, initial=13.52]
[step 00700] PROGRESS: filled=14.64 violations=0.00 zero_cand=0.00
[step 00700] DEBUG: ep_len=7.2 ep_ret=-2.913 stop_prob=0.000 score_chg=1.2175
[step 00750] value_loss=6.837373 policy_loss=0.941436
[step 00750] VALUE_DEBUG: target(mean=-4.76 std=4.02 min=-14.01 max=6.84) V(s)(mean=-5.15 std=3.20) reward(mean=0.421 std=2.810) clip=50.0
[step 00800] value_loss=25.891140 policy_loss=0.384268
[step 00800] VALUE_DEBUG: target(mean=-7.06 std=5.44 min=-22.04 max=4.59) V(s)(mean=-6.03 std=3.43) reward(mean=-1.434 std=4.856) clip=50.0
[step 00800] eval_success_rate=0.400 eval_mean_score=14.780 eval_policy_mode=greedy [solved=20/50, score_range=13.00-16.00/16.0, initial=13.52]
[step 00800] PROGRESS: filled=14.78 violations=0.00 zero_cand=0.00
[step 00800] DEBUG: ep_len=6.9 ep_ret=-2.164 stop_prob=0.000 score_chg=1.5600
[step 00850] value_loss=21.493631 policy_loss=1.184618
[step 00850] VALUE_DEBUG: target(mean=-5.88 std=6.52 min=-22.04 max=6.84) V(s)(mean=-6.04 std=3.86) reward(mean=-1.335 std=6.106) clip=50.0
[step 00900] value_loss=25.954975 policy_loss=-0.007737
[step 00900] VALUE_DEBUG: target(mean=-7.25 std=5.45 min=-16.15 max=6.84) V(s)(mean=-6.71 std=3.24) reward(mean=-2.242 std=6.374) clip=50.0
[step 00900] eval_success_rate=0.460 eval_mean_score=14.840 eval_policy_mode=greedy [solved=23/50, score_range=13.00-16.00/16.0, initial=13.52]
[step 00900] PROGRESS: filled=14.84 violations=0.00 zero_cand=0.00
[step 00900] DEBUG: ep_len=5.8 ep_ret=-1.144 stop_prob=0.000 score_chg=1.6900
[step 00950] value_loss=18.686069 policy_loss=0.726848
[step 00950] VALUE_DEBUG: target(mean=-6.45 std=6.11 min=-25.06 max=6.84) V(s)(mean=-5.19 std=4.10) reward(mean=-1.628 std=5.584) clip=50.0
[step 01000] value_loss=21.730875 policy_loss=0.635926
[step 01000] VALUE_DEBUG: target(mean=-7.57 std=5.33 min=-16.56 max=6.84) V(s)(mean=-7.14 std=3.45) reward(mean=-1.606 std=4.140) clip=50.0
[step 01000] eval_success_rate=0.520 eval_mean_score=15.020 eval_policy_mode=greedy [solved=26/50, score_range=13.00-16.00/16.0, initial=13.52]
[step 01000] PROGRESS: filled=15.02 violations=0.00 zero_cand=0.00
[step 01000] DEBUG: ep_len=6.2 ep_ret=-1.225 stop_prob=0.000 score_chg=1.6625
[Checkpoint] Saved to /data/repos/fbsource/fbcode/buiksat_trm/results/exp5_v2_inputs_eval/nc_rdis_s41/rl_checkpoint_step_1000.pt
[step 01050] value_loss=12.116648 policy_loss=0.738373
[step 01050] VALUE_DEBUG: target(mean=-6.74 std=5.28 min=-12.40 max=6.84) V(s)(mean=-7.94 std=4.15) reward(mean=0.188 std=2.276) clip=50.0
[step 01100] value_loss=14.861106 policy_loss=-0.565277
[step 01100] VALUE_DEBUG: target(mean=-6.12 std=5.97 min=-16.15 max=6.84) V(s)(mean=-6.40 std=4.22) reward(mean=-1.005 std=5.655) clip=50.0
[step 01100] eval_success_rate=0.480 eval_mean_score=15.020 eval_policy_mode=greedy [solved=24/50, score_range=13.00-16.00/16.0, initial=13.52]
[step 01100] PROGRESS: filled=15.02 violations=0.00 zero_cand=0.00
[step 01100] DEBUG: ep_len=6.2 ep_ret=-1.192 stop_prob=0.000 score_chg=1.7325
[step 01150] value_loss=17.760675 policy_loss=0.896577
[step 01150] VALUE_DEBUG: target(mean=-5.70 std=6.15 min=-16.15 max=6.84) V(s)(mean=-4.57 std=4.42) reward(mean=-1.306 std=5.683) clip=50.0
[step 01200] value_loss=12.108860 policy_loss=0.099178
[step 01200] VALUE_DEBUG: target(mean=-5.15 std=5.26 min=-16.10 max=3.87) V(s)(mean=-5.76 std=4.72) reward(mean=0.390 std=3.926) clip=50.0
[step 01200] eval_success_rate=0.440 eval_mean_score=14.940 eval_policy_mode=greedy [solved=22/50, score_range=13.00-16.00/16.0, initial=13.52]
[step 01200] PROGRESS: filled=14.94 violations=0.00 zero_cand=0.00
[step 01200] DEBUG: ep_len=6.0 ep_ret=-0.469 stop_prob=0.000 score_chg=1.8825
[step 01250] value_loss=6.044743 policy_loss=-0.878467
[step 01250] VALUE_DEBUG: target(mean=-6.26 std=5.04 min=-13.15 max=6.35) V(s)(mean=-6.10 std=5.02) reward(mean=-0.135 std=2.545) clip=50.0
[step 01300] value_loss=8.133041 policy_loss=-0.572526
[step 01300] VALUE_DEBUG: target(mean=-6.91 std=4.90 min=-12.69 max=6.84) V(s)(mean=-6.90 std=4.05) reward(mean=-0.205 std=2.374) clip=50.0
[step 01300] eval_success_rate=0.600 eval_mean_score=15.220 eval_policy_mode=greedy [solved=30/50, score_range=13.00-16.00/16.0, initial=13.52]
[step 01300] PROGRESS: filled=15.22 violations=0.00 zero_cand=0.00
[step 01300] DEBUG: ep_len=5.5 ep_ret=-0.293 stop_prob=0.000 score_chg=1.8725
[step 01350] value_loss=14.208140 policy_loss=1.032804
[step 01350] VALUE_DEBUG: target(mean=-6.08 std=5.98 min=-16.63 max=6.84) V(s)(mean=-5.22 std=4.50) reward(mean=-0.509 std=3.016) clip=50.0
[step 01400] value_loss=26.911156 policy_loss=0.057709
[step 01400] VALUE_DEBUG: target(mean=-7.26 std=6.27 min=-16.15 max=6.84) V(s)(mean=-7.45 std=4.23) reward(mean=-1.423 std=5.399) clip=50.0
[step 01400] eval_success_rate=0.600 eval_mean_score=15.220 eval_policy_mode=greedy [solved=30/50, score_range=13.00-16.00/16.0, initial=13.52]
[step 01400] PROGRESS: filled=15.22 violations=0.00 zero_cand=0.00
[step 01400] DEBUG: ep_len=5.1 ep_ret=0.176 stop_prob=0.000 score_chg=1.9050
[step 01450] value_loss=16.472881 policy_loss=0.329469
[step 01450] VALUE_DEBUG: target(mean=-8.73 std=5.62 min=-19.23 max=2.91) V(s)(mean=-7.42 std=5.02) reward(mean=-2.227 std=4.692) clip=50.0
[step 01500] value_loss=7.831032 policy_loss=0.752209
[step 01500] VALUE_DEBUG: target(mean=-6.72 std=6.21 min=-17.50 max=6.84) V(s)(mean=-7.78 std=4.78) reward(mean=-0.098 std=3.528) clip=50.0
[step 01500] eval_success_rate=0.680 eval_mean_score=15.280 eval_policy_mode=greedy [solved=34/50, score_range=13.00-16.00/16.0, initial=13.52]
[step 01500] PROGRESS: filled=15.28 violations=0.00 zero_cand=0.00
[step 01500] DEBUG: ep_len=5.3 ep_ret=0.182 stop_prob=0.000 score_chg=2.0600
[step 01550] value_loss=6.217095 policy_loss=1.254789
[step 01550] VALUE_DEBUG: target(mean=-5.81 std=5.74 min=-14.90 max=5.84) V(s)(mean=-6.09 std=5.52) reward(mean=0.092 std=1.280) clip=50.0
[step 01600] value_loss=6.886660 policy_loss=0.254050
[step 01600] VALUE_DEBUG: target(mean=-6.42 std=5.77 min=-16.06 max=4.31) V(s)(mean=-6.58 std=5.32) reward(mean=-0.302 std=3.803) clip=50.0
[step 01600] eval_success_rate=0.720 eval_mean_score=15.400 eval_policy_mode=greedy [solved=36/50, score_range=13.00-16.00/16.0, initial=13.52]
[step 01600] PROGRESS: filled=15.40 violations=0.00 zero_cand=0.00
[step 01600] DEBUG: ep_len=4.9 ep_ret=0.588 stop_prob=0.000 score_chg=2.0850
[step 01650] value_loss=23.737783 policy_loss=-0.666532
[step 01650] VALUE_DEBUG: target(mean=-6.19 std=6.99 min=-16.15 max=6.84) V(s)(mean=-6.54 std=4.85) reward(mean=-0.065 std=4.829) clip=50.0
[step 01700] value_loss=8.171581 policy_loss=0.396700
[step 01700] VALUE_DEBUG: target(mean=-7.99 std=5.85 min=-19.75 max=6.58) V(s)(mean=-7.25 std=5.16) reward(mean=-0.798 std=2.318) clip=50.0
[step 01700] eval_success_rate=0.740 eval_mean_score=15.460 eval_policy_mode=greedy [solved=37/50, score_range=13.00-16.00/16.0, initial=13.52]
[step 01700] PROGRESS: filled=15.46 violations=0.00 zero_cand=0.00
[step 01700] DEBUG: ep_len=4.9 ep_ret=0.718 stop_prob=0.000 score_chg=2.0700
[step 01750] value_loss=12.469818 policy_loss=0.942553
[step 01750] VALUE_DEBUG: target(mean=-3.29 std=6.12 min=-19.08 max=6.84) V(s)(mean=-3.77 std=5.52) reward(mean=0.300 std=2.741) clip=50.0
[step 01800] value_loss=6.516194 policy_loss=0.974373
[step 01800] VALUE_DEBUG: target(mean=-5.28 std=5.94 min=-14.16 max=6.84) V(s)(mean=-6.26 std=5.96) reward(mean=0.593 std=2.510) clip=50.0
[step 01800] eval_success_rate=0.720 eval_mean_score=15.520 eval_policy_mode=greedy [solved=36/50, score_range=13.00-16.00/16.0, initial=13.52]
[step 01800] PROGRESS: filled=15.52 violations=0.00 zero_cand=0.00
[step 01800] DEBUG: ep_len=4.7 ep_ret=0.538 stop_prob=0.000 score_chg=2.0300
[step 01850] value_loss=1.993588 policy_loss=-0.934759
[step 01850] VALUE_DEBUG: target(mean=-5.84 std=5.53 min=-14.74 max=5.22) V(s)(mean=-6.31 std=5.55) reward(mean=0.277 std=1.465) clip=50.0
[step 01900] value_loss=23.123039 policy_loss=-0.096494
[step 01900] VALUE_DEBUG: target(mean=-4.20 std=6.55 min=-14.10 max=7.36) V(s)(mean=-6.31 std=5.40) reward(mean=0.816 std=2.606) clip=50.0
[step 01900] eval_success_rate=0.760 eval_mean_score=15.600 eval_policy_mode=greedy [solved=38/50, score_range=13.00-16.00/16.0, initial=13.52]
[step 01900] PROGRESS: filled=15.60 violations=0.00 zero_cand=0.00
[step 01900] DEBUG: ep_len=4.4 ep_ret=1.040 stop_prob=0.000 score_chg=2.1625
[step 01950] value_loss=12.299413 policy_loss=0.437294
[step 01950] VALUE_DEBUG: target(mean=-7.61 std=5.93 min=-16.09 max=6.84) V(s)(mean=-6.72 std=5.23) reward(mean=-1.249 std=4.463) clip=50.0
[step 02000] value_loss=17.277216 policy_loss=0.503679
[step 02000] VALUE_DEBUG: target(mean=-5.18 std=6.56 min=-19.63 max=5.67) V(s)(mean=-6.04 std=5.64) reward(mean=0.445 std=3.580) clip=50.0
[step 02000] eval_success_rate=0.840 eval_mean_score=15.760 eval_policy_mode=greedy [solved=42/50, score_range=14.00-16.00/16.0, initial=13.52]
[step 02000] PROGRESS: filled=15.76 violations=0.00 zero_cand=0.00
[step 02000] DEBUG: ep_len=4.3 ep_ret=0.987 stop_prob=0.000 score_chg=2.1500
[Checkpoint] Saved to /data/repos/fbsource/fbcode/buiksat_trm/results/exp5_v2_inputs_eval/nc_rdis_s41/rl_checkpoint_step_2000.pt
[step 02050] value_loss=20.885061 policy_loss=0.121778
[step 02050] VALUE_DEBUG: target(mean=-7.91 std=6.48 min=-20.38 max=1.84) V(s)(mean=-7.51 std=5.70) reward(mean=-0.899 std=3.414) clip=50.0
[step 02100] value_loss=18.526642 policy_loss=0.999772
[step 02100] VALUE_DEBUG: target(mean=-6.86 std=8.19 min=-23.07 max=6.84) V(s)(mean=-6.93 std=6.62) reward(mean=-0.931 std=6.434) clip=50.0
[step 02100] eval_success_rate=0.760 eval_mean_score=15.640 eval_policy_mode=greedy [solved=38/50, score_range=14.00-16.00/16.0, initial=13.52]
[step 02100] PROGRESS: filled=15.64 violations=0.00 zero_cand=0.00
[step 02100] DEBUG: ep_len=4.2 ep_ret=1.005 stop_prob=0.000 score_chg=2.1475
[step 02150] value_loss=18.202030 policy_loss=0.186262
[step 02150] VALUE_DEBUG: target(mean=-4.83 std=5.86 min=-16.06 max=7.07) V(s)(mean=-4.98 std=5.46) reward(mean=-0.357 std=3.913) clip=50.0
[step 02200] value_loss=6.631604 policy_loss=1.178234
[step 02200] VALUE_DEBUG: target(mean=-4.69 std=6.46 min=-15.39 max=4.71) V(s)(mean=-4.62 std=5.95) reward(mean=0.133 std=2.475) clip=50.0
[step 02200] eval_success_rate=0.880 eval_mean_score=15.760 eval_policy_mode=greedy [solved=44/50, score_range=13.00-16.00/16.0, initial=13.52]
[step 02200] PROGRESS: filled=15.76 violations=0.00 zero_cand=0.00
[step 02200] DEBUG: ep_len=4.3 ep_ret=0.683 stop_prob=0.000 score_chg=2.0900
[step 02250] value_loss=11.001343 policy_loss=0.514797
[step 02250] VALUE_DEBUG: target(mean=-7.09 std=7.07 min=-22.56 max=6.84) V(s)(mean=-7.41 std=6.32) reward(mean=-0.153 std=4.171) clip=50.0
[step 02300] value_loss=18.777939 policy_loss=0.548561
[step 02300] VALUE_DEBUG: target(mean=-4.05 std=8.22 min=-16.69 max=6.84) V(s)(mean=-4.84 std=7.49) reward(mean=0.512 std=4.506) clip=50.0
[step 02300] eval_success_rate=0.880 eval_mean_score=15.800 eval_policy_mode=greedy [solved=44/50, score_range=14.00-16.00/16.0, initial=13.52]
[step 02300] PROGRESS: filled=15.80 violations=0.00 zero_cand=0.00
[step 02300] DEBUG: ep_len=3.9 ep_ret=1.214 stop_prob=0.000 score_chg=2.1900
[step 02350] value_loss=7.006394 policy_loss=-0.613535
[step 02350] VALUE_DEBUG: target(mean=-6.52 std=8.03 min=-20.72 max=10.23) V(s)(mean=-6.44 std=7.32) reward(mean=-0.149 std=3.941) clip=50.0
[step 02400] value_loss=8.981960 policy_loss=-1.138720
[step 02400] VALUE_DEBUG: target(mean=-5.61 std=8.36 min=-20.47 max=10.94) V(s)(mean=-6.03 std=7.42) reward(mean=0.277 std=2.435) clip=50.0
[step 02400] eval_success_rate=0.860 eval_mean_score=15.820 eval_policy_mode=greedy [solved=43/50, score_range=14.00-16.00/16.0, initial=13.52]
[step 02400] PROGRESS: filled=15.82 violations=0.00 zero_cand=0.00
[step 02400] DEBUG: ep_len=4.0 ep_ret=1.133 stop_prob=0.000 score_chg=2.2125
[step 02450] value_loss=22.525457 policy_loss=-0.046775
[step 02450] VALUE_DEBUG: target(mean=-6.18 std=8.05 min=-24.95 max=6.58) V(s)(mean=-6.37 std=6.35) reward(mean=-0.776 std=4.113) clip=50.0
[step 02500] value_loss=13.118248 policy_loss=1.312184
[step 02500] VALUE_DEBUG: target(mean=-5.38 std=6.46 min=-16.55 max=6.84) V(s)(mean=-6.16 std=6.35) reward(mean=0.125 std=3.620) clip=50.0
[step 02500] eval_success_rate=0.860 eval_mean_score=15.780 eval_policy_mode=greedy [solved=43/50, score_range=13.00-16.00/16.0, initial=13.52]
[step 02500] PROGRESS: filled=15.78 violations=0.00 zero_cand=0.00
[step 02500] DEBUG: ep_len=4.0 ep_ret=1.331 stop_prob=0.000 score_chg=2.2450
[step 02550] value_loss=4.649341 policy_loss=-0.900345
[step 02550] VALUE_DEBUG: target(mean=-6.30 std=7.67 min=-19.06 max=3.43) V(s)(mean=-5.72 std=7.23) reward(mean=-0.623 std=2.390) clip=50.0
[step 02600] value_loss=13.380669 policy_loss=0.460423
[step 02600] VALUE_DEBUG: target(mean=-7.61 std=7.45 min=-19.32 max=2.64) V(s)(mean=-6.07 std=6.96) reward(mean=-1.827 std=4.520) clip=50.0
[step 02600] eval_success_rate=0.860 eval_mean_score=15.740 eval_policy_mode=greedy [solved=43/50, score_range=13.00-16.00/16.0, initial=13.52]
[step 02600] PROGRESS: filled=15.74 violations=0.00 zero_cand=0.00
[step 02600] DEBUG: ep_len=4.0 ep_ret=1.021 stop_prob=0.000 score_chg=2.1950
[step 02650] value_loss=5.505920 policy_loss=0.042221
[step 02650] VALUE_DEBUG: target(mean=-6.78 std=7.45 min=-22.47 max=11.79) V(s)(mean=-5.94 std=6.11) reward(mean=-0.314 std=2.584) clip=50.0
[step 02700] value_loss=43.753899 policy_loss=0.245360
[step 02700] VALUE_DEBUG: target(mean=-7.18 std=7.43 min=-22.09 max=1.84) V(s)(mean=-5.01 std=7.07) reward(mean=-2.496 std=5.816) clip=50.0
[step 02700] eval_success_rate=0.880 eval_mean_score=15.800 eval_policy_mode=greedy [solved=44/50, score_range=13.00-16.00/16.0, initial=13.52]
[step 02700] PROGRESS: filled=15.80 violations=0.00 zero_cand=0.00
[step 02700] DEBUG: ep_len=3.8 ep_ret=1.479 stop_prob=0.000 score_chg=2.1900
[step 02750] value_loss=3.565126 policy_loss=-0.889521
[step 02750] VALUE_DEBUG: target(mean=-4.69 std=7.29 min=-20.75 max=5.95) V(s)(mean=-4.72 std=6.54) reward(mean=0.151 std=1.459) clip=50.0
[step 02800] value_loss=20.024834 policy_loss=-0.589619
[step 02800] VALUE_DEBUG: target(mean=-6.65 std=8.74 min=-22.09 max=9.68) V(s)(mean=-6.75 std=7.36) reward(mean=-1.753 std=6.595) clip=50.0
[step 02800] eval_success_rate=0.880 eval_mean_score=15.840 eval_policy_mode=greedy [solved=44/50, score_range=14.00-16.00/16.0, initial=13.52]
[step 02800] PROGRESS: filled=15.84 violations=0.00 zero_cand=0.00
[step 02800] DEBUG: ep_len=3.8 ep_ret=1.510 stop_prob=0.000 score_chg=2.2250
[step 02850] value_loss=12.801918 policy_loss=0.165178
[step 02850] VALUE_DEBUG: target(mean=-2.90 std=8.01 min=-16.93 max=8.53) V(s)(mean=-3.45 std=7.65) reward(mean=1.253 std=3.667) clip=50.0
[step 02900] value_loss=7.259771 policy_loss=0.327601
[step 02900] VALUE_DEBUG: target(mean=-6.60 std=7.59 min=-19.64 max=6.50) V(s)(mean=-6.20 std=6.98) reward(mean=-1.427 std=4.674) clip=50.0
[step 02900] eval_success_rate=0.860 eval_mean_score=15.780 eval_policy_mode=greedy [solved=43/50, score_range=13.00-16.00/16.0, initial=13.52]
[step 02900] PROGRESS: filled=15.78 violations=0.00 zero_cand=0.00
[step 02900] DEBUG: ep_len=3.9 ep_ret=1.020 stop_prob=0.000 score_chg=2.0850
[step 02950] value_loss=8.234081 policy_loss=-0.177919
[step 02950] VALUE_DEBUG: target(mean=-5.54 std=8.32 min=-20.96 max=6.84) V(s)(mean=-5.91 std=7.46) reward(mean=0.088 std=2.907) clip=50.0
[step 03000] value_loss=23.082487 policy_loss=0.314139
[step 03000] VALUE_DEBUG: target(mean=-8.20 std=8.10 min=-22.09 max=8.41) V(s)(mean=-7.17 std=7.47) reward(mean=-2.574 std=6.470) clip=50.0
[step 03000] eval_success_rate=0.880 eval_mean_score=15.800 eval_policy_mode=greedy [solved=44/50, score_range=14.00-16.00/16.0, initial=13.52]
[step 03000] PROGRESS: filled=15.80 violations=0.00 zero_cand=0.00
[step 03000] DEBUG: ep_len=4.1 ep_ret=1.061 stop_prob=0.000 score_chg=2.2375
[Checkpoint] Saved to /data/repos/fbsource/fbcode/buiksat_trm/results/exp5_v2_inputs_eval/nc_rdis_s41/rl_checkpoint_step_3000.pt
[step 03050] value_loss=9.630079 policy_loss=-0.232372
[step 03050] VALUE_DEBUG: target(mean=-3.88 std=7.21 min=-18.34 max=6.84) V(s)(mean=-3.56 std=5.94) reward(mean=-0.641 std=4.489) clip=50.0
[step 03100] value_loss=9.654768 policy_loss=0.277113
[step 03100] VALUE_DEBUG: target(mean=-3.61 std=7.70 min=-22.00 max=6.84) V(s)(mean=-3.28 std=6.67) reward(mean=-0.180 std=4.557) clip=50.0
[step 03100] eval_success_rate=0.880 eval_mean_score=15.840 eval_policy_mode=greedy [solved=44/50, score_range=14.00-16.00/16.0, initial=13.52]
[step 03100] PROGRESS: filled=15.84 violations=0.00 zero_cand=0.00
[step 03100] DEBUG: ep_len=4.0 ep_ret=1.042 stop_prob=0.000 score_chg=2.2200
[step 03150] value_loss=5.240083 policy_loss=-0.239499
[step 03150] VALUE_DEBUG: target(mean=-4.92 std=7.63 min=-19.50 max=6.84) V(s)(mean=-5.13 std=6.80) reward(mean=0.262 std=2.532) clip=50.0
[step 03200] value_loss=4.982312 policy_loss=0.256794
[step 03200] VALUE_DEBUG: target(mean=-3.93 std=7.02 min=-16.21 max=6.46) V(s)(mean=-4.25 std=6.06) reward(mean=0.352 std=2.598) clip=50.0
[step 03200] eval_success_rate=0.880 eval_mean_score=15.840 eval_policy_mode=greedy [solved=44/50, score_range=14.00-16.00/16.0, initial=13.52]
[step 03200] PROGRESS: filled=15.84 violations=0.00 zero_cand=0.00
[step 03200] DEBUG: ep_len=3.6 ep_ret=1.705 stop_prob=0.000 score_chg=2.2775
[step 03250] value_loss=9.997066 policy_loss=0.308979
[step 03250] VALUE_DEBUG: target(mean=-4.76 std=8.29 min=-21.23 max=6.84) V(s)(mean=-5.27 std=7.38) reward(mean=0.805 std=3.183) clip=50.0
[step 03300] value_loss=9.676258 policy_loss=1.030606
[step 03300] VALUE_DEBUG: target(mean=-4.61 std=7.97 min=-17.93 max=6.84) V(s)(mean=-5.68 std=7.53) reward(mean=0.607 std=1.912) clip=50.0
[step 03300] eval_success_rate=0.880 eval_mean_score=15.880 eval_policy_mode=greedy [solved=44/50, score_range=15.00-16.00/16.0, initial=13.52]
[step 03300] PROGRESS: filled=15.88 violations=0.00 zero_cand=0.00
[step 03300] DEBUG: ep_len=4.0 ep_ret=1.254 stop_prob=0.000 score_chg=2.3025
[step 03350] value_loss=5.128078 policy_loss=0.262919
[step 03350] VALUE_DEBUG: target(mean=-4.53 std=7.23 min=-17.16 max=7.01) V(s)(mean=-5.13 std=6.47) reward(mean=0.653 std=2.598) clip=50.0
[step 03400] value_loss=15.373407 policy_loss=-0.342325
[step 03400] VALUE_DEBUG: target(mean=-3.40 std=8.22 min=-18.64 max=7.96) V(s)(mean=-3.82 std=6.85) reward(mean=0.847 std=5.093) clip=50.0
[step 03400] eval_success_rate=0.920 eval_mean_score=15.880 eval_policy_mode=greedy [solved=46/50, score_range=14.00-16.00/16.0, initial=13.52]
[step 03400] PROGRESS: filled=15.88 violations=0.00 zero_cand=0.00
[step 03400] DEBUG: ep_len=3.9 ep_ret=1.208 stop_prob=0.000 score_chg=2.2375
[step 03450] value_loss=7.169293 policy_loss=0.081945
[step 03450] VALUE_DEBUG: target(mean=-4.73 std=7.48 min=-18.27 max=4.51) V(s)(mean=-4.70 std=7.05) reward(mean=0.619 std=2.601) clip=50.0
[step 03500] value_loss=4.504450 policy_loss=-0.377131
[step 03500] VALUE_DEBUG: target(mean=-5.56 std=7.91 min=-22.50 max=4.20) V(s)(mean=-5.90 std=7.20) reward(mean=0.178 std=2.039) clip=50.0
[step 03500] eval_success_rate=0.920 eval_mean_score=15.880 eval_policy_mode=greedy [solved=46/50, score_range=14.00-16.00/16.0, initial=13.52]
[step 03500] PROGRESS: filled=15.88 violations=0.00 zero_cand=0.00
[step 03500] DEBUG: ep_len=3.5 ep_ret=1.809 stop_prob=0.000 score_chg=2.2825
[step 03550] value_loss=10.245823 policy_loss=-0.020363
[step 03550] VALUE_DEBUG: target(mean=-1.82 std=6.98 min=-16.53 max=7.99) V(s)(mean=-2.33 std=6.58) reward(mean=0.373 std=2.519) clip=50.0
[step 03600] value_loss=2.620911 policy_loss=1.158908
[step 03600] VALUE_DEBUG: target(mean=-4.75 std=8.30 min=-18.43 max=6.84) V(s)(mean=-4.86 std=7.83) reward(mean=0.663 std=1.954) clip=50.0
[step 03600] eval_success_rate=0.920 eval_mean_score=15.840 eval_policy_mode=greedy [solved=46/50, score_range=13.00-16.00/16.0, initial=13.52]
[step 03600] PROGRESS: filled=15.84 violations=0.00 zero_cand=0.00
[step 03600] DEBUG: ep_len=3.6 ep_ret=1.915 stop_prob=0.000 score_chg=2.3475
[step 03650] value_loss=7.284806 policy_loss=-0.148790
[step 03650] VALUE_DEBUG: target(mean=-4.39 std=7.39 min=-22.38 max=4.72) V(s)(mean=-4.18 std=6.32) reward(mean=-0.090 std=2.507) clip=50.0
[step 03700] value_loss=11.295271 policy_loss=-0.266788
[step 03700] VALUE_DEBUG: target(mean=-7.11 std=8.50 min=-18.41 max=8.08) V(s)(mean=-6.48 std=8.13) reward(mean=-0.117 std=2.970) clip=50.0
[step 03700] eval_success_rate=0.920 eval_mean_score=15.880 eval_policy_mode=greedy [solved=46/50, score_range=14.00-16.00/16.0, initial=13.52]
[step 03700] PROGRESS: filled=15.88 violations=0.00 zero_cand=0.00
[step 03700] DEBUG: ep_len=3.5 ep_ret=1.959 stop_prob=0.000 score_chg=2.3475
[step 03750] value_loss=12.962072 policy_loss=0.779632
[step 03750] VALUE_DEBUG: target(mean=-4.60 std=7.51 min=-21.15 max=7.68) V(s)(mean=-3.51 std=6.56) reward(mean=-0.678 std=4.367) clip=50.0
[step 03800] value_loss=13.983183 policy_loss=-0.478404
[step 03800] VALUE_DEBUG: target(mean=-3.70 std=8.03 min=-19.02 max=6.84) V(s)(mean=-2.83 std=7.11) reward(mean=-0.977 std=5.024) clip=50.0
[step 03800] eval_success_rate=0.880 eval_mean_score=15.840 eval_policy_mode=greedy [solved=44/50, score_range=14.00-16.00/16.0, initial=13.52]
[step 03800] PROGRESS: filled=15.84 violations=0.00 zero_cand=0.00
[step 03800] DEBUG: ep_len=3.5 ep_ret=1.980 stop_prob=0.000 score_chg=2.3225
[step 03850] value_loss=4.267269 policy_loss=-0.083383
[step 03850] VALUE_DEBUG: target(mean=-7.84 std=8.71 min=-21.45 max=3.47) V(s)(mean=-7.89 std=8.60) reward(mean=-1.318 std=4.539) clip=50.0
[step 03900] value_loss=15.565875 policy_loss=-0.539196
[step 03900] VALUE_DEBUG: target(mean=-4.45 std=8.44 min=-18.23 max=6.84) V(s)(mean=-4.33 std=7.50) reward(mean=0.308 std=4.407) clip=50.0
[step 03900] eval_success_rate=0.880 eval_mean_score=15.840 eval_policy_mode=greedy [solved=44/50, score_range=14.00-16.00/16.0, initial=13.52]
[step 03900] PROGRESS: filled=15.84 violations=0.00 zero_cand=0.00
[step 03900] DEBUG: ep_len=3.5 ep_ret=1.894 stop_prob=0.000 score_chg=2.2800
[step 03950] value_loss=5.344323 policy_loss=-0.114694
[step 03950] VALUE_DEBUG: target(mean=-2.72 std=7.65 min=-19.18 max=7.69) V(s)(mean=-2.56 std=7.06) reward(mean=0.528 std=2.579) clip=50.0
[step 04000] value_loss=9.494663 policy_loss=0.281514
[step 04000] VALUE_DEBUG: target(mean=-7.64 std=8.92 min=-20.77 max=2.37) V(s)(mean=-7.18 std=8.29) reward(mean=-0.538 std=3.310) clip=50.0
[step 04000] eval_success_rate=0.880 eval_mean_score=15.840 eval_policy_mode=greedy [solved=44/50, score_range=14.00-16.00/16.0, initial=13.52]
[step 04000] PROGRESS: filled=15.84 violations=0.00 zero_cand=0.00
[step 04000] DEBUG: ep_len=3.7 ep_ret=1.587 stop_prob=0.000 score_chg=2.2500
[Checkpoint] Saved to /data/repos/fbsource/fbcode/buiksat_trm/results/exp5_v2_inputs_eval/nc_rdis_s41/rl_checkpoint_step_4000.pt
[step 04050] value_loss=5.984196 policy_loss=0.653624
[step 04050] VALUE_DEBUG: target(mean=-6.48 std=8.94 min=-18.20 max=6.84) V(s)(mean=-6.72 std=8.42) reward(mean=0.614 std=2.294) clip=50.0
[step 04100] value_loss=36.306679 policy_loss=0.007028
[step 04100] VALUE_DEBUG: target(mean=-6.69 std=9.05 min=-22.04 max=6.67) V(s)(mean=-5.34 std=7.82) reward(mean=-2.387 std=6.272) clip=50.0
[step 04100] eval_success_rate=0.880 eval_mean_score=15.840 eval_policy_mode=greedy [solved=44/50, score_range=14.00-16.00/16.0, initial=13.52]
[step 04100] PROGRESS: filled=15.84 violations=0.00 zero_cand=0.00
[step 04100] DEBUG: ep_len=3.7 ep_ret=1.758 stop_prob=0.000 score_chg=2.3375
[step 04150] value_loss=5.310421 policy_loss=-0.213107
[step 04150] VALUE_DEBUG: target(mean=-4.77 std=7.84 min=-21.44 max=2.59) V(s)(mean=-4.34 std=7.60) reward(mean=-0.403 std=2.675) clip=50.0
[step 04200] value_loss=4.118817 policy_loss=0.160358
[step 04200] VALUE_DEBUG: target(mean=-5.23 std=9.14 min=-17.73 max=7.57) V(s)(mean=-5.91 std=8.57) reward(mean=0.551 std=3.850) clip=50.0
[step 04200] eval_success_rate=0.920 eval_mean_score=15.880 eval_policy_mode=greedy [solved=46/50, score_range=14.00-16.00/16.0, initial=13.52]
[step 04200] PROGRESS: filled=15.88 violations=0.00 zero_cand=0.00
[step 04200] DEBUG: ep_len=3.5 ep_ret=1.958 stop_prob=0.000 score_chg=2.2975
[step 04250] value_loss=19.482174 policy_loss=0.853809
[step 04250] VALUE_DEBUG: target(mean=-4.35 std=8.36 min=-18.08 max=6.84) V(s)(mean=-3.58 std=7.95) reward(mean=-0.940 std=4.722) clip=50.0
[step 04300] value_loss=9.615331 policy_loss=-0.164703
[step 04300] VALUE_DEBUG: target(mean=-1.80 std=8.04 min=-20.64 max=12.02) V(s)(mean=-2.73 std=6.53) reward(mean=0.589 std=4.353) clip=50.0
[step 04300] eval_success_rate=0.920 eval_mean_score=15.880 eval_policy_mode=greedy [solved=46/50, score_range=14.00-16.00/16.0, initial=13.52]
[step 04300] PROGRESS: filled=15.88 violations=0.00 zero_cand=0.00
[step 04300] DEBUG: ep_len=3.7 ep_ret=1.459 stop_prob=0.000 score_chg=2.2550
[step 04350] value_loss=20.410822 policy_loss=0.038814
[step 04350] VALUE_DEBUG: target(mean=-5.06 std=8.32 min=-17.54 max=7.77) V(s)(mean=-5.57 std=7.74) reward(mean=0.689 std=3.707) clip=50.0
[step 04400] value_loss=5.400112 policy_loss=0.642999
[step 04400] VALUE_DEBUG: target(mean=-1.70 std=7.86 min=-18.22 max=6.87) V(s)(mean=-2.44 std=7.57) reward(mean=0.714 std=3.977) clip=50.0
[step 04400] eval_success_rate=0.880 eval_mean_score=15.840 eval_policy_mode=greedy [solved=44/50, score_range=14.00-16.00/16.0, initial=13.52]
[step 04400] PROGRESS: filled=15.84 violations=0.00 zero_cand=0.00
[step 04400] DEBUG: ep_len=3.6 ep_ret=1.797 stop_prob=0.000 score_chg=2.3250
[step 04450] value_loss=4.872903 policy_loss=-0.193764
[step 04450] VALUE_DEBUG: target(mean=-3.27 std=8.47 min=-20.28 max=6.84) V(s)(mean=-3.44 std=7.76) reward(mean=0.399 std=4.535) clip=50.0
[step 04500] value_loss=19.154018 policy_loss=0.204529
[step 04500] VALUE_DEBUG: target(mean=-4.53 std=8.58 min=-22.58 max=6.84) V(s)(mean=-4.94 std=7.68) reward(mean=-0.060 std=3.998) clip=50.0
[step 04500] eval_success_rate=0.920 eval_mean_score=15.880 eval_policy_mode=greedy [solved=46/50, score_range=14.00-16.00/16.0, initial=13.52]
[step 04500] PROGRESS: filled=15.88 violations=0.00 zero_cand=0.00
[step 04500] DEBUG: ep_len=3.6 ep_ret=1.937 stop_prob=0.000 score_chg=2.3750
[step 04550] value_loss=3.441749 policy_loss=0.744800
[step 04550] VALUE_DEBUG: target(mean=-2.15 std=8.37 min=-17.48 max=6.84) V(s)(mean=-3.08 std=7.88) reward(mean=1.963 std=2.343) clip=50.0
[step 04600] value_loss=3.053929 policy_loss=0.173208
[step 04600] VALUE_DEBUG: target(mean=-3.88 std=7.42 min=-18.14 max=6.84) V(s)(mean=-4.12 std=7.35) reward(mean=0.408 std=2.373) clip=50.0
[step 04600] eval_success_rate=0.920 eval_mean_score=15.880 eval_policy_mode=greedy [solved=46/50, score_range=14.00-16.00/16.0, initial=13.52]
[step 04600] PROGRESS: filled=15.88 violations=0.00 zero_cand=0.00
[step 04600] DEBUG: ep_len=3.6 ep_ret=1.664 stop_prob=0.000 score_chg=2.2800
[step 04650] value_loss=7.795111 policy_loss=0.096469
[step 04650] VALUE_DEBUG: target(mean=-3.89 std=8.54 min=-18.07 max=6.49) V(s)(mean=-4.77 std=8.36) reward(mean=0.435 std=1.957) clip=50.0
[step 04700] value_loss=1.682163 policy_loss=0.642504
[step 04700] VALUE_DEBUG: target(mean=-3.07 std=7.33 min=-18.10 max=6.84) V(s)(mean=-2.79 std=7.50) reward(mean=-0.098 std=3.692) clip=50.0
[step 04700] eval_success_rate=0.920 eval_mean_score=15.880 eval_policy_mode=greedy [solved=46/50, score_range=14.00-16.00/16.0, initial=13.52]
[step 04700] PROGRESS: filled=15.88 violations=0.00 zero_cand=0.00
[step 04700] DEBUG: ep_len=3.6 ep_ret=1.849 stop_prob=0.000 score_chg=2.2875
[step 04750] value_loss=5.050170 policy_loss=-0.385252
[step 04750] VALUE_DEBUG: target(mean=-4.41 std=8.73 min=-18.13 max=7.94) V(s)(mean=-4.65 std=8.32) reward(mean=0.995 std=3.161) clip=50.0
[step 04800] value_loss=8.108523 policy_loss=0.630300
[step 04800] VALUE_DEBUG: target(mean=-3.33 std=8.24 min=-19.47 max=8.43) V(s)(mean=-3.01 std=7.54) reward(mean=-0.977 std=4.881) clip=50.0
[step 04800] eval_success_rate=0.840 eval_mean_score=15.600 eval_policy_mode=greedy [solved=42/50, score_range=10.00-16.00/16.0, initial=13.52]
[step 04800] PROGRESS: filled=15.84 violations=0.12 zero_cand=0.00
[step 04800] DEBUG: ep_len=3.9 ep_ret=1.410 stop_prob=0.000 score_chg=2.2200
[step 04850] value_loss=10.205336 policy_loss=-0.034225
[step 04850] VALUE_DEBUG: target(mean=-3.68 std=9.22 min=-23.92 max=10.44) V(s)(mean=-4.39 std=7.88) reward(mean=-0.035 std=4.685) clip=50.0
[step 04900] value_loss=5.036514 policy_loss=0.683573
[step 04900] VALUE_DEBUG: target(mean=-3.04 std=8.91 min=-18.11 max=11.49) V(s)(mean=-3.13 std=8.24) reward(mean=0.337 std=3.824) clip=50.0
[step 04900] eval_success_rate=0.800 eval_mean_score=15.520 eval_policy_mode=greedy [solved=40/50, score_range=10.00-16.00/16.0, initial=13.52]
[step 04900] PROGRESS: filled=15.76 violations=0.12 zero_cand=0.00
[step 04900] DEBUG: ep_len=3.4 ep_ret=1.977 stop_prob=0.000 score_chg=2.1675
[step 04950] value_loss=6.485348 policy_loss=0.199581
[step 04950] VALUE_DEBUG: target(mean=-1.97 std=7.57 min=-17.57 max=7.36) V(s)(mean=-2.55 std=6.87) reward(mean=0.597 std=4.074) clip=50.0
[step 05000] value_loss=4.611076 policy_loss=-0.505734
[step 05000] VALUE_DEBUG: target(mean=-4.88 std=8.13 min=-17.09 max=6.84) V(s)(mean=-4.87 std=7.88) reward(mean=-0.403 std=4.820) clip=50.0
[step 05000] eval_success_rate=0.880 eval_mean_score=15.640 eval_policy_mode=greedy [solved=44/50, score_range=10.00-16.00/16.0, initial=13.52]
[step 05000] PROGRESS: filled=15.88 violations=0.12 zero_cand=0.00
[step 05000] DEBUG: ep_len=3.9 ep_ret=1.845 stop_prob=0.000 score_chg=2.3975
[Checkpoint] Saved to /data/repos/fbsource/fbcode/buiksat_trm/results/exp5_v2_inputs_eval/nc_rdis_s41/rl_checkpoint_step_5000.pt
[Checkpoint] Saved to /data/repos/fbsource/fbcode/buiksat_trm/results/exp5_v2_inputs_eval/nc_rdis_s41/rl_checkpoint_step_5000.pt
