[2026-01-17T14:00:26.293-08:00] Buck UI: https://www.internalfb.com/buck2/a2bac937-5cb0-49d9-83c7-fe0bebd511f3
[2026-01-17T14:00:31.762-08:00] Network: Up: 0B  Down: 0B
BUILD SUCCEEDED - starting your binary
[INFO] Using feasibility-aware Sudoku checker for 4x4
       score = filled - 2.0*violations - 5.0*zeroCand
       Max score: 16 (all filled, no violations)
[INFO] Training for 5000 steps (gamma=0.990, K=1, inner_unroll_n=2)
[INFO] Terminal rewards: solve=1.000, fail=-16.000
/data/repos/fbsource/buck-out/v2/gen/fbcode/7bc20b5dff24e379/buiksat_trm/__upi_trm_train__/upi_trm_train#link-tree/upi_trm_train.py:879: UserWarning: rl_enable_contraction=True: Applying operator-norm clamping and contraction scaling to z->z path layers. This is REQUIRED for Assumption 3.2 (L_z < 1) but will modify network behavior. Pretrained weights from vanilla TRM may require fine-tuning.
  model = TinyRecursiveReasoningModel_ACTV1(trm_cfg_dict)
[INFO] Using TRM backbone (hidden=64, H=2, L=2)
[DEBUG] Policy head STOP bias: 0.00 (should be 0.0 for uniform init)
[INFO] Puzzle embeddings DISABLED (set --puzzle-emb-ndim > 0 to enable)
/data/repos/fbsource/buck-out/v2/gen/fbcode/7bc20b5dff24e379/buiksat_trm/__upi_trm_train__/upi_trm_train#link-tree/torch/cuda/__init__.py:373: UserWarning: Found GPU0 NVIDIA PG509-210 which is of compute capability (CC) 8.0.
The following list shows the CCs this version of PyTorch was built for and the hardware CCs it supports:
Please follow the instructions at https://pytorch.org/get-started/locally/ to install a PyTorch release that supports one of these CUDA versions: 12.6, 12.8, 13.0
  _warn_unsupported_code(d, device_cc, code_ccs)
/data/repos/fbsource/buck-out/v2/gen/fbcode/7bc20b5dff24e379/buiksat_trm/__upi_trm_train__/upi_trm_train#link-tree/torch/cuda/__init__.py:373: UserWarning: Found GPU1 NVIDIA PG509-210 which is of compute capability (CC) 8.0.
The following list shows the CCs this version of PyTorch was built for and the hardware CCs it supports:
Please follow the instructions at https://pytorch.org/get-started/locally/ to install a PyTorch release that supports one of these CUDA versions: 12.6, 12.8, 13.0
  _warn_unsupported_code(d, device_cc, code_ccs)
INFO:2026-01-17 14:00:38 3971526:3971526 CuptiCallbackApi.cpp:74] Callback: domain = 3, cbid = 1
INFO:2026-01-17 14:00:38 3971526:3971526 CuptiActivityProfiler.cpp:245] CUDA versions. CUPTI: 22; Runtime: 12040; Driver: 12040
INFO:2026-01-17 14:00:38 3971526:3974788 FBConfig.cpp:330] Perfetto builder enabled: 1
INFO:2026-01-17 14:00:38 3971526:3974788 DynoConfigLoader.cpp:61] Setting communication fabric enabled = 0
/data/repos/fbsource/buck-out/v2/gen/fbcode/7bc20b5dff24e379/buiksat_trm/__upi_trm_train__/upi_trm_train#link-tree/rl/upi_trm_trainer.py:93: UserWarning: rl_enable_contraction=True: Applying operator-norm clamping and contraction scaling to z->z path layers. This is REQUIRED for Assumption 3.2 (L_z < 1) but will modify network behavior. Pretrained weights from vanilla TRM may require fine-tuning.
  self.target_model = TinyRecursiveReasoningModel_ACTV1(self._config_to_dict(self.model.config)).to(device)
/data/repos/fbsource/buck-out/v2/gen/fbcode/7bc20b5dff24e379/buiksat_trm/__upi_trm_train__/upi_trm_train#link-tree/rl/upi_trm_trainer.py:103: UserWarning: rl_enable_contraction=True: Applying operator-norm clamping and contraction scaling to z->z path layers. This is REQUIRED for Assumption 3.2 (L_z < 1) but will modify network behavior. Pretrained weights from vanilla TRM may require fine-tuning.
  self.policy_model_candidate = TinyRecursiveReasoningModel_ACTV1(
INFO:2026-01-17 14:00:38 3971526:3974788 DynoConfigLoader.cpp:61] Setting communication fabric enabled = 0
TritonTraceHandler: disabled because /logs does not exist
===========[FB_TRITON]=========== Triton Version: 3.3.2+fb
[INFO] Using UPI-TRM algorithm (K=1, inner_n=2)

============================================================
UPI-TRM THEORY ALIGNMENT CHECK
============================================================
⚠ Configuration has theory gaps:
  • exact_baseline_summation=False: Using approximate baseline. This gives O(ε_A/(1-γ)) bound instead of O(α·ε_A) from Theorem 5.9. For discrete action spaces (Sudoku), enable for tighter bounds.
  • theory_exact_mixture=False: Using parameter-space interpolation for CPI, which is NOT equivalent to policy-space mixture. The CPI improvement guarantee does not strictly apply. Set theory_exact_mixture=True for theory-exact behavior (but slower due to evaluating two networks).

Theory status:
  Forward-invariant projection: ✓
  Contraction enforced (L_z < 1): ✓
  Exact baseline (Thm 5.9): ✗
  Distillation (not in theory): ✓ disabled

Is theory-exact: False
============================================================

UPI-TRM theoretical dials:
  L_z target (rl_cfg.target_Lz): 0.999
  L_V target (rl_cfg.target_Lv): 1.0
  Inner unroll n (rl_cfg.inner_unroll_n): 2
  K-step horizon K (rl_cfg.K): 1
  Mixture alpha (rl_cfg.mixture_alpha): 0.1
  Latent ball radius (rl_cfg.latent_ball_radius): 10.0
  Episodic latent: True
  Exact K-step targets: False
  Exact baseline summation: False

[INFO] STOP action mode: disabled
[INFO] Forward-invariant projection enabled (R=10.0)
[WandB] Disabled by default (enable with: --wandb)
[DEBUG] Action mask: 8 valid actions out of 97 total
[DEBUG] Latent mode: episodic
[DEBUG] Step 0 probs: STOP=0.000000, edits=1.000000
[DEBUG] Top 5 action probs: torch.return_types.topk(
values=tensor([0.1654, 0.1520, 0.1273, 0.1229, 0.1133], device='cuda:0',
       grad_fn=<TopkBackward0>),
indices=tensor([10,  8, 65, 64, 11], device='cuda:0'))
[step 00050] value_loss=29.007910 policy_loss=0.391718
[step 00050] VALUE_DEBUG: target(mean=-1.99 std=5.29 min=-16.00 max=6.84) V(s)(mean=-0.89 std=0.28) reward(mean=-1.885 std=5.293) clip=50.0
[step 00100] opnorm clamp applied
[step 00100] value_loss=17.968153 policy_loss=0.136436
[step 00100] VALUE_DEBUG: target(mean=-2.44 std=4.21 min=-16.04 max=3.34) V(s)(mean=-1.73 std=0.58) reward(mean=-1.918 std=4.319) clip=50.0
[step 00100] eval_success_rate=0.180 eval_mean_score=11.820 eval_policy_mode=greedy [solved=9/50, score_range=5.00-16.00/16.0, initial=13.52]
[step 00100] PROGRESS: filled=14.70 violations=1.24 zero_cand=0.08
[step 00100] DEBUG: ep_len=10.9 ep_ret=-13.333 stop_prob=0.000 score_chg=-4.8125
[step 00150] value_loss=15.668249 policy_loss=-0.306908
[step 00150] VALUE_DEBUG: target(mean=-0.92 std=3.63 min=-9.98 max=6.84) V(s)(mean=-2.22 std=0.70) reward(mean=-0.006 std=3.682) clip=50.0
[step 00200] opnorm clamp applied
[step 00200] value_loss=14.177429 policy_loss=-0.679288
[step 00200] VALUE_DEBUG: target(mean=-1.71 std=4.60 min=-7.73 max=6.84) V(s)(mean=-1.95 std=1.20) reward(mean=-0.405 std=4.164) clip=50.0
[step 00200] eval_success_rate=0.320 eval_mean_score=14.120 eval_policy_mode=greedy [solved=16/50, score_range=6.00-16.00/16.0, initial=13.52]
[step 00200] PROGRESS: filled=14.56 violations=0.22 zero_cand=0.00
[step 00200] DEBUG: ep_len=10.0 ep_ret=-10.667 stop_prob=0.000 score_chg=-3.2450
[step 00250] value_loss=25.009815 policy_loss=-1.122096
[step 00250] VALUE_DEBUG: target(mean=-2.39 std=4.54 min=-16.04 max=7.07) V(s)(mean=-3.41 std=1.78) reward(mean=-0.560 std=4.775) clip=50.0
[step 00300] opnorm clamp applied
[step 00300] value_loss=16.833900 policy_loss=-1.924926
[step 00300] VALUE_DEBUG: target(mean=-2.55 std=3.87 min=-10.36 max=6.84) V(s)(mean=-2.99 std=1.77) reward(mean=-0.666 std=3.843) clip=50.0
[step 00300] eval_success_rate=0.320 eval_mean_score=14.240 eval_policy_mode=greedy [solved=16/50, score_range=6.00-16.00/16.0, initial=13.52]
[step 00300] PROGRESS: filled=14.52 violations=0.04 zero_cand=0.04
[step 00300] DEBUG: ep_len=8.9 ep_ret=-7.750 stop_prob=0.000 score_chg=-1.5025
[step 00350] value_loss=15.825951 policy_loss=-3.021396
[step 00350] VALUE_DEBUG: target(mean=-3.10 std=4.64 min=-11.49 max=6.84) V(s)(mean=-3.37 std=2.17) reward(mean=-0.778 std=4.190) clip=50.0
[step 00400] opnorm clamp applied
[step 00400] value_loss=13.812948 policy_loss=0.700563
[step 00400] VALUE_DEBUG: target(mean=-4.09 std=4.22 min=-16.00 max=6.84) V(s)(mean=-3.58 std=2.59) reward(mean=-0.950 std=4.058) clip=50.0
[step 00400] eval_success_rate=0.320 eval_mean_score=14.560 eval_policy_mode=greedy [solved=16/50, score_range=13.00-16.00/16.0, initial=13.52]
[step 00400] PROGRESS: filled=14.56 violations=0.00 zero_cand=0.00
[step 00400] DEBUG: ep_len=8.1 ep_ret=-4.902 stop_prob=0.000 score_chg=0.4100
[step 00450] value_loss=15.368970 policy_loss=-0.286172
[step 00450] VALUE_DEBUG: target(mean=-4.46 std=4.45 min=-16.04 max=6.88) V(s)(mean=-3.66 std=2.74) reward(mean=-1.553 std=4.255) clip=50.0
[step 00500] opnorm clamp applied
[step 00500] value_loss=14.394544 policy_loss=0.036698
[step 00500] VALUE_DEBUG: target(mean=-4.83 std=4.03 min=-16.10 max=1.73) V(s)(mean=-4.28 std=2.87) reward(mean=-1.573 std=4.608) clip=50.0
[step 00500] eval_success_rate=0.340 eval_mean_score=14.580 eval_policy_mode=greedy [solved=17/50, score_range=13.00-16.00/16.0, initial=13.52]
[step 00500] PROGRESS: filled=14.58 violations=0.00 zero_cand=0.00
[step 00500] DEBUG: ep_len=7.8 ep_ret=-3.721 stop_prob=0.000 score_chg=0.9650
[step 00550] value_loss=12.451583 policy_loss=1.606559
[step 00550] VALUE_DEBUG: target(mean=-3.82 std=4.65 min=-16.09 max=6.84) V(s)(mean=-3.58 std=2.73) reward(mean=-0.928 std=4.525) clip=50.0
[step 00600] opnorm clamp applied
[step 00600] value_loss=4.173504 policy_loss=0.572481
[step 00600] VALUE_DEBUG: target(mean=-2.84 std=4.41 min=-10.27 max=8.25) V(s)(mean=-3.17 std=4.05) reward(mean=-0.045 std=2.981) clip=50.0
[step 00600] eval_success_rate=0.360 eval_mean_score=14.620 eval_policy_mode=greedy [solved=18/50, score_range=13.00-16.00/16.0, initial=13.52]
[step 00600] PROGRESS: filled=14.62 violations=0.00 zero_cand=0.00
[step 00600] DEBUG: ep_len=6.9 ep_ret=-1.696 stop_prob=0.000 score_chg=1.4600
[step 00650] value_loss=5.912618 policy_loss=1.308828
[step 00650] VALUE_DEBUG: target(mean=-4.15 std=4.28 min=-12.05 max=6.84) V(s)(mean=-4.35 std=3.47) reward(mean=-0.187 std=2.688) clip=50.0
[step 00700] opnorm clamp applied
[step 00700] value_loss=18.399925 policy_loss=0.738497
[step 00700] VALUE_DEBUG: target(mean=-4.94 std=5.29 min=-15.48 max=6.84) V(s)(mean=-4.67 std=2.74) reward(mean=-0.481 std=4.040) clip=50.0
[step 00700] eval_success_rate=0.400 eval_mean_score=14.720 eval_policy_mode=greedy [solved=20/50, score_range=13.00-16.00/16.0, initial=13.52]
[step 00700] PROGRESS: filled=14.72 violations=0.00 zero_cand=0.00
[step 00700] DEBUG: ep_len=6.3 ep_ret=-1.098 stop_prob=0.000 score_chg=1.6650
[step 00750] value_loss=11.566280 policy_loss=0.082336
[step 00750] VALUE_DEBUG: target(mean=-5.20 std=4.77 min=-16.08 max=8.70) V(s)(mean=-4.89 std=3.27) reward(mean=-0.903 std=3.953) clip=50.0
[step 00800] opnorm clamp applied
[step 00800] value_loss=9.771368 policy_loss=0.831173
[step 00800] VALUE_DEBUG: target(mean=-5.46 std=4.41 min=-12.51 max=6.84) V(s)(mean=-5.53 std=2.81) reward(mean=-0.655 std=3.764) clip=50.0
[step 00800] eval_success_rate=0.460 eval_mean_score=14.940 eval_policy_mode=greedy [solved=23/50, score_range=13.00-16.00/16.0, initial=13.52]
[step 00800] PROGRESS: filled=14.94 violations=0.00 zero_cand=0.00
[step 00800] DEBUG: ep_len=5.8 ep_ret=-0.130 stop_prob=0.000 score_chg=1.7925
[step 00850] value_loss=15.144423 policy_loss=0.831464
[step 00850] VALUE_DEBUG: target(mean=-4.89 std=5.14 min=-16.04 max=6.84) V(s)(mean=-4.31 std=3.36) reward(mean=-1.238 std=4.995) clip=50.0
[step 00900] opnorm clamp applied
[step 00900] value_loss=10.952621 policy_loss=0.900282
[step 00900] VALUE_DEBUG: target(mean=-4.49 std=5.63 min=-16.74 max=9.52) V(s)(mean=-5.03 std=4.18) reward(mean=-0.341 std=3.265) clip=50.0
[step 00900] eval_success_rate=0.460 eval_mean_score=14.940 eval_policy_mode=greedy [solved=23/50, score_range=13.00-16.00/16.0, initial=13.52]
[step 00900] PROGRESS: filled=14.94 violations=0.00 zero_cand=0.00
[step 00900] DEBUG: ep_len=6.3 ep_ret=-1.479 stop_prob=0.000 score_chg=1.6125
[step 00950] value_loss=15.631964 policy_loss=0.628640
[step 00950] VALUE_DEBUG: target(mean=-4.69 std=5.34 min=-22.04 max=6.39) V(s)(mean=-4.56 std=3.14) reward(mean=-0.207 std=4.688) clip=50.0
[step 01000] opnorm clamp applied
[step 01000] value_loss=6.998203 policy_loss=0.669883
[step 01000] VALUE_DEBUG: target(mean=-5.44 std=4.13 min=-12.33 max=4.38) V(s)(mean=-6.48 std=3.22) reward(mean=0.178 std=2.342) clip=50.0
[step 01000] eval_success_rate=0.400 eval_mean_score=14.960 eval_policy_mode=greedy [solved=20/50, score_range=13.00-16.00/16.0, initial=13.52]
[step 01000] PROGRESS: filled=14.96 violations=0.00 zero_cand=0.00
[step 01000] DEBUG: ep_len=6.5 ep_ret=-1.312 stop_prob=0.000 score_chg=1.6250
[Checkpoint] Saved to /home/buiksat/trm_bellman/checkpoints/exp2_contraction_sweep/lz_0999/seed43/rl_checkpoint_step_1000.pt
[step 01050] value_loss=22.825775 policy_loss=-0.173296
[step 01050] VALUE_DEBUG: target(mean=-5.77 std=5.16 min=-16.15 max=6.84) V(s)(mean=-5.50 std=3.63) reward(mean=-1.200 std=5.749) clip=50.0
[step 01100] opnorm clamp applied
[step 01100] value_loss=19.931618 policy_loss=0.446216
[step 01100] VALUE_DEBUG: target(mean=-6.94 std=5.20 min=-16.15 max=1.89) V(s)(mean=-6.15 std=3.77) reward(mean=-1.477 std=5.476) clip=50.0
[step 01100] eval_success_rate=0.560 eval_mean_score=15.140 eval_policy_mode=greedy [solved=28/50, score_range=13.00-16.00/16.0, initial=13.52]
[step 01100] PROGRESS: filled=15.14 violations=0.00 zero_cand=0.00
[step 01100] DEBUG: ep_len=5.3 ep_ret=0.441 stop_prob=0.000 score_chg=1.9225
[step 01150] value_loss=12.665295 policy_loss=0.087621
[step 01150] VALUE_DEBUG: target(mean=-3.68 std=5.41 min=-14.53 max=7.61) V(s)(mean=-5.09 std=3.63) reward(mean=0.574 std=3.023) clip=50.0
[step 01200] opnorm clamp applied
[step 01200] value_loss=20.104994 policy_loss=-1.317385
[step 01200] VALUE_DEBUG: target(mean=-4.92 std=5.49 min=-14.17 max=6.84) V(s)(mean=-5.83 std=3.84) reward(mean=0.225 std=3.270) clip=50.0
[step 01200] eval_success_rate=0.460 eval_mean_score=15.020 eval_policy_mode=greedy [solved=23/50, score_range=13.00-16.00/16.0, initial=13.52]
[step 01200] PROGRESS: filled=15.02 violations=0.00 zero_cand=0.00
[step 01200] DEBUG: ep_len=4.8 ep_ret=0.731 stop_prob=0.000 score_chg=1.9000
[step 01250] value_loss=26.484318 policy_loss=-0.103133
[step 01250] VALUE_DEBUG: target(mean=-4.67 std=4.85 min=-16.10 max=6.84) V(s)(mean=-5.62 std=3.74) reward(mean=-0.050 std=3.850) clip=50.0
[step 01300] opnorm clamp applied
[step 01300] value_loss=13.891617 policy_loss=0.675614
[step 01300] VALUE_DEBUG: target(mean=-4.38 std=5.19 min=-14.28 max=6.84) V(s)(mean=-5.70 std=4.05) reward(mean=0.869 std=2.473) clip=50.0
[step 01300] eval_success_rate=0.680 eval_mean_score=15.340 eval_policy_mode=greedy [solved=34/50, score_range=13.00-16.00/16.0, initial=13.52]
[step 01300] PROGRESS: filled=15.34 violations=0.00 zero_cand=0.00
[step 01300] DEBUG: ep_len=5.1 ep_ret=0.945 stop_prob=0.000 score_chg=2.1100
[step 01350] value_loss=13.403828 policy_loss=-0.487511
[step 01350] VALUE_DEBUG: target(mean=-4.24 std=5.67 min=-16.04 max=8.66) V(s)(mean=-4.75 std=4.81) reward(mean=-0.341 std=5.094) clip=50.0
[step 01400] opnorm clamp applied
[step 01400] value_loss=11.160072 policy_loss=0.840524
[step 01400] VALUE_DEBUG: target(mean=-5.89 std=4.95 min=-16.20 max=1.84) V(s)(mean=-5.19 std=3.99) reward(mean=-0.881 std=4.144) clip=50.0
[step 01400] eval_success_rate=0.680 eval_mean_score=15.460 eval_policy_mode=greedy [solved=34/50, score_range=13.00-16.00/16.0, initial=13.52]
[step 01400] PROGRESS: filled=15.46 violations=0.00 zero_cand=0.00
[step 01400] DEBUG: ep_len=5.0 ep_ret=0.522 stop_prob=0.000 score_chg=1.9225
[step 01450] value_loss=17.709496 policy_loss=0.626256
[step 01450] VALUE_DEBUG: target(mean=-5.48 std=5.94 min=-15.35 max=6.84) V(s)(mean=-6.18 std=4.69) reward(mean=0.292 std=2.970) clip=50.0
[step 01500] opnorm clamp applied
[step 01500] value_loss=13.531495 policy_loss=0.658387
[step 01500] VALUE_DEBUG: target(mean=-4.19 std=6.38 min=-17.65 max=6.84) V(s)(mean=-4.47 std=4.60) reward(mean=0.485 std=3.510) clip=50.0
[step 01500] eval_success_rate=0.680 eval_mean_score=15.420 eval_policy_mode=greedy [solved=34/50, score_range=13.00-16.00/16.0, initial=13.52]
[step 01500] PROGRESS: filled=15.42 violations=0.00 zero_cand=0.00
[step 01500] DEBUG: ep_len=4.7 ep_ret=1.535 stop_prob=0.000 score_chg=2.1875
[step 01550] value_loss=6.016777 policy_loss=0.798371
[step 01550] VALUE_DEBUG: target(mean=-5.62 std=5.59 min=-17.82 max=6.84) V(s)(mean=-5.53 std=4.34) reward(mean=-0.436 std=2.772) clip=50.0
[step 01600] opnorm clamp applied
[step 01600] value_loss=13.497255 policy_loss=-0.090336
[step 01600] VALUE_DEBUG: target(mean=-5.49 std=6.32 min=-16.12 max=6.95) V(s)(mean=-5.17 std=5.34) reward(mean=-0.492 std=3.896) clip=50.0
[step 01600] eval_success_rate=0.700 eval_mean_score=15.480 eval_policy_mode=greedy [solved=35/50, score_range=13.00-16.00/16.0, initial=13.52]
[step 01600] PROGRESS: filled=15.48 violations=0.00 zero_cand=0.00
[step 01600] DEBUG: ep_len=4.3 ep_ret=1.662 stop_prob=0.000 score_chg=2.2675
[step 01650] value_loss=14.216328 policy_loss=-0.545106
[step 01650] VALUE_DEBUG: target(mean=-5.04 std=6.55 min=-16.04 max=9.57) V(s)(mean=-5.69 std=4.96) reward(mean=-0.084 std=3.926) clip=50.0
[step 01700] opnorm clamp applied
[step 01700] value_loss=17.745792 policy_loss=0.509236
[step 01700] VALUE_DEBUG: target(mean=-5.33 std=5.53 min=-21.98 max=1.84) V(s)(mean=-5.50 std=3.76) reward(mean=-0.519 std=4.370) clip=50.0
[step 01700] eval_success_rate=0.900 eval_mean_score=15.780 eval_policy_mode=greedy [solved=45/50, score_range=13.00-16.00/16.0, initial=13.52]
[step 01700] PROGRESS: filled=15.78 violations=0.00 zero_cand=0.00
[step 01700] DEBUG: ep_len=4.3 ep_ret=1.597 stop_prob=0.000 score_chg=2.2000
[step 01750] value_loss=28.982294 policy_loss=0.280282
[step 01750] VALUE_DEBUG: target(mean=-5.05 std=6.05 min=-16.10 max=6.84) V(s)(mean=-4.66 std=4.16) reward(mean=-0.798 std=5.086) clip=50.0
[step 01800] opnorm clamp applied
[step 01800] value_loss=4.881452 policy_loss=0.189522
[step 01800] VALUE_DEBUG: target(mean=-4.07 std=5.58 min=-16.04 max=5.91) V(s)(mean=-4.16 std=4.97) reward(mean=-0.179 std=3.536) clip=50.0
[step 01800] eval_success_rate=0.760 eval_mean_score=15.580 eval_policy_mode=greedy [solved=38/50, score_range=13.00-16.00/16.0, initial=13.52]
[step 01800] PROGRESS: filled=15.58 violations=0.00 zero_cand=0.00
[step 01800] DEBUG: ep_len=3.7 ep_ret=2.140 stop_prob=0.000 score_chg=2.2050
[step 01850] value_loss=13.402193 policy_loss=-1.127727
[step 01850] VALUE_DEBUG: target(mean=-6.10 std=5.85 min=-21.10 max=6.08) V(s)(mean=-5.35 std=4.44) reward(mean=-0.987 std=4.427) clip=50.0
[step 01900] opnorm clamp applied
[step 01900] value_loss=9.815481 policy_loss=0.772738
[step 01900] VALUE_DEBUG: target(mean=-5.34 std=6.45 min=-17.01 max=6.84) V(s)(mean=-5.67 std=5.16) reward(mean=0.265 std=3.774) clip=50.0
[step 01900] eval_success_rate=0.820 eval_mean_score=15.700 eval_policy_mode=greedy [solved=41/50, score_range=13.00-16.00/16.0, initial=13.52]
[step 01900] PROGRESS: filled=15.70 violations=0.00 zero_cand=0.00
[step 01900] DEBUG: ep_len=4.2 ep_ret=1.595 stop_prob=0.000 score_chg=2.1800
[step 01950] value_loss=15.667338 policy_loss=-0.142971
[step 01950] VALUE_DEBUG: target(mean=-6.42 std=6.15 min=-17.88 max=6.84) V(s)(mean=-5.92 std=5.01) reward(mean=-1.169 std=4.439) clip=50.0
[step 02000] opnorm clamp applied
[step 02000] value_loss=13.652851 policy_loss=0.755222
[step 02000] VALUE_DEBUG: target(mean=-3.68 std=4.87 min=-12.75 max=6.84) V(s)(mean=-3.70 std=3.86) reward(mean=0.171 std=3.824) clip=50.0
[step 02000] eval_success_rate=0.860 eval_mean_score=15.780 eval_policy_mode=greedy [solved=43/50, score_range=13.00-16.00/16.0, initial=13.52]
[step 02000] PROGRESS: filled=15.78 violations=0.00 zero_cand=0.00
[step 02000] DEBUG: ep_len=3.8 ep_ret=2.026 stop_prob=0.000 score_chg=2.1900
[Checkpoint] Saved to /home/buiksat/trm_bellman/checkpoints/exp2_contraction_sweep/lz_0999/seed43/rl_checkpoint_step_2000.pt
[step 02050] value_loss=2.063093 policy_loss=-0.178884
[step 02050] VALUE_DEBUG: target(mean=-5.63 std=5.08 min=-14.45 max=6.84) V(s)(mean=-5.71 std=5.12) reward(mean=0.131 std=1.870) clip=50.0
[step 02100] opnorm clamp applied
[step 02100] value_loss=9.399520 policy_loss=0.535433
[step 02100] VALUE_DEBUG: target(mean=-5.74 std=6.10 min=-19.33 max=2.63) V(s)(mean=-5.58 std=5.24) reward(mean=-0.577 std=3.724) clip=50.0
[step 02100] eval_success_rate=0.960 eval_mean_score=15.880 eval_policy_mode=greedy [solved=48/50, score_range=13.00-16.00/16.0, initial=13.52]
[step 02100] PROGRESS: filled=15.88 violations=0.00 zero_cand=0.00
[step 02100] DEBUG: ep_len=3.6 ep_ret=2.327 stop_prob=0.000 score_chg=2.2875
[step 02150] value_loss=9.470664 policy_loss=1.135831
[step 02150] VALUE_DEBUG: target(mean=-4.30 std=5.10 min=-20.26 max=1.97) V(s)(mean=-3.46 std=4.20) reward(mean=-0.717 std=2.788) clip=50.0
[step 02200] opnorm clamp applied
[step 02200] value_loss=7.663060 policy_loss=0.220798
[step 02200] VALUE_DEBUG: target(mean=-5.44 std=5.91 min=-15.22 max=6.84) V(s)(mean=-5.57 std=5.62) reward(mean=0.078 std=2.737) clip=50.0
[step 02200] eval_success_rate=0.880 eval_mean_score=15.800 eval_policy_mode=greedy [solved=44/50, score_range=13.00-16.00/16.0, initial=13.52]
[step 02200] PROGRESS: filled=15.80 violations=0.00 zero_cand=0.00
[step 02200] DEBUG: ep_len=3.6 ep_ret=2.294 stop_prob=0.000 score_chg=2.2825
[step 02250] value_loss=5.888902 policy_loss=-0.717017
[step 02250] VALUE_DEBUG: target(mean=-1.82 std=5.19 min=-14.56 max=6.84) V(s)(mean=-1.60 std=4.24) reward(mean=0.288 std=2.875) clip=50.0
[step 02300] opnorm clamp applied
[step 02300] value_loss=8.735149 policy_loss=-0.268796
[step 02300] VALUE_DEBUG: target(mean=-4.06 std=6.20 min=-17.68 max=6.84) V(s)(mean=-4.33 std=5.29) reward(mean=-0.096 std=3.996) clip=50.0
[step 02300] eval_success_rate=0.960 eval_mean_score=15.880 eval_policy_mode=greedy [solved=48/50, score_range=13.00-16.00/16.0, initial=13.52]
[step 02300] PROGRESS: filled=15.88 violations=0.00 zero_cand=0.00
[step 02300] DEBUG: ep_len=3.8 ep_ret=1.976 stop_prob=0.000 score_chg=2.1925
[step 02350] value_loss=6.864095 policy_loss=-0.389851
[step 02350] VALUE_DEBUG: target(mean=-4.20 std=5.49 min=-16.02 max=6.84) V(s)(mean=-4.94 std=5.20) reward(mean=0.293 std=3.846) clip=50.0
[step 02400] opnorm clamp applied
[step 02400] value_loss=15.779788 policy_loss=0.089734
[step 02400] VALUE_DEBUG: target(mean=-2.87 std=6.53 min=-16.14 max=6.84) V(s)(mean=-3.39 std=4.95) reward(mean=0.090 std=3.831) clip=50.0
[step 02400] eval_success_rate=0.900 eval_mean_score=15.780 eval_policy_mode=greedy [solved=45/50, score_range=13.00-16.00/16.0, initial=13.52]
[step 02400] PROGRESS: filled=15.78 violations=0.00 zero_cand=0.00
[step 02400] DEBUG: ep_len=3.4 ep_ret=2.477 stop_prob=0.000 score_chg=2.3225
[step 02450] value_loss=17.259403 policy_loss=-0.127987
[step 02450] VALUE_DEBUG: target(mean=-7.21 std=7.37 min=-23.10 max=6.84) V(s)(mean=-6.12 std=5.69) reward(mean=-2.172 std=5.362) clip=50.0
[step 02500] opnorm clamp applied
[step 02500] value_loss=17.858870 policy_loss=-1.169121
[step 02500] VALUE_DEBUG: target(mean=-2.43 std=7.49 min=-21.10 max=7.71) V(s)(mean=-2.98 std=4.64) reward(mean=0.059 std=5.504) clip=50.0
[step 02500] eval_success_rate=0.860 eval_mean_score=15.780 eval_policy_mode=greedy [solved=43/50, score_range=13.00-16.00/16.0, initial=13.52]
[step 02500] PROGRESS: filled=15.78 violations=0.00 zero_cand=0.00
[step 02500] DEBUG: ep_len=3.4 ep_ret=2.097 stop_prob=0.000 score_chg=2.1200
[step 02550] value_loss=14.957623 policy_loss=0.480767
[step 02550] VALUE_DEBUG: target(mean=-4.14 std=6.77 min=-20.00 max=6.84) V(s)(mean=-3.68 std=6.38) reward(mean=-0.159 std=3.991) clip=50.0
[step 02600] opnorm clamp applied
[step 02600] value_loss=21.797926 policy_loss=-0.003032
[step 02600] VALUE_DEBUG: target(mean=-3.18 std=6.34 min=-16.07 max=6.84) V(s)(mean=-2.50 std=5.63) reward(mean=-0.520 std=3.908) clip=50.0
[step 02600] eval_success_rate=0.900 eval_mean_score=15.820 eval_policy_mode=greedy [solved=45/50, score_range=13.00-16.00/16.0, initial=13.52]
[step 02600] PROGRESS: filled=15.82 violations=0.00 zero_cand=0.00
[step 02600] DEBUG: ep_len=3.5 ep_ret=2.517 stop_prob=0.000 score_chg=2.3925
[step 02650] value_loss=9.920626 policy_loss=0.174831
[step 02650] VALUE_DEBUG: target(mean=-4.35 std=7.38 min=-20.84 max=6.84) V(s)(mean=-3.93 std=6.50) reward(mean=-0.822 std=4.791) clip=50.0
[step 02700] opnorm clamp applied
[step 02700] value_loss=4.091156 policy_loss=0.463977
[step 02700] VALUE_DEBUG: target(mean=-2.96 std=4.84 min=-16.20 max=3.43) V(s)(mean=-3.50 std=4.43) reward(mean=0.374 std=1.603) clip=50.0
[step 02700] eval_success_rate=0.920 eval_mean_score=15.840 eval_policy_mode=greedy [solved=46/50, score_range=13.00-16.00/16.0, initial=13.52]
[step 02700] PROGRESS: filled=15.84 violations=0.00 zero_cand=0.00
[step 02700] DEBUG: ep_len=3.5 ep_ret=2.308 stop_prob=0.000 score_chg=2.2500
[step 02750] value_loss=23.460117 policy_loss=0.172370
[step 02750] VALUE_DEBUG: target(mean=-4.52 std=6.96 min=-20.60 max=5.63) V(s)(mean=-4.32 std=5.31) reward(mean=-0.185 std=4.344) clip=50.0
[step 02800] opnorm clamp applied
[step 02800] value_loss=20.812611 policy_loss=-1.292159
[step 02800] VALUE_DEBUG: target(mean=-2.51 std=7.06 min=-16.15 max=9.86) V(s)(mean=-3.19 std=5.02) reward(mean=0.577 std=4.882) clip=50.0
[step 02800] eval_success_rate=0.920 eval_mean_score=15.840 eval_policy_mode=greedy [solved=46/50, score_range=13.00-16.00/16.0, initial=13.52]
[step 02800] PROGRESS: filled=15.84 violations=0.00 zero_cand=0.00
[step 02800] DEBUG: ep_len=3.5 ep_ret=2.164 stop_prob=0.000 score_chg=2.2900
[step 02850] value_loss=18.409275 policy_loss=1.284190
[step 02850] VALUE_DEBUG: target(mean=-3.51 std=6.66 min=-21.98 max=6.84) V(s)(mean=-2.53 std=4.74) reward(mean=-0.672 std=5.039) clip=50.0
[step 02900] opnorm clamp applied
[step 02900] value_loss=15.743575 policy_loss=-0.288674
[step 02900] VALUE_DEBUG: target(mean=-3.00 std=6.00 min=-18.06 max=3.82) V(s)(mean=-1.87 std=4.55) reward(mean=-0.537 std=3.504) clip=50.0
[step 02900] eval_success_rate=0.960 eval_mean_score=15.920 eval_policy_mode=greedy [solved=48/50, score_range=14.00-16.00/16.0, initial=13.52]
[step 02900] PROGRESS: filled=15.92 violations=0.00 zero_cand=0.00
[step 02900] DEBUG: ep_len=3.2 ep_ret=2.415 stop_prob=0.000 score_chg=2.2850
[step 02950] value_loss=9.415293 policy_loss=1.007099
[step 02950] VALUE_DEBUG: target(mean=-3.39 std=5.32 min=-16.24 max=2.82) V(s)(mean=-2.76 std=4.57) reward(mean=-0.678 std=2.841) clip=50.0
[step 03000] opnorm clamp applied
[step 03000] value_loss=13.332576 policy_loss=0.642336
[step 03000] VALUE_DEBUG: target(mean=-2.44 std=4.47 min=-14.24 max=6.84) V(s)(mean=-2.09 std=3.77) reward(mean=-0.860 std=3.507) clip=50.0
[step 03000] eval_success_rate=0.920 eval_mean_score=15.640 eval_policy_mode=greedy [solved=46/50, score_range=10.00-16.00/16.0, initial=13.52]
[step 03000] PROGRESS: filled=15.88 violations=0.12 zero_cand=0.00
[step 03000] DEBUG: ep_len=3.5 ep_ret=2.417 stop_prob=0.000 score_chg=2.4025
[Checkpoint] Saved to /home/buiksat/trm_bellman/checkpoints/exp2_contraction_sweep/lz_0999/seed43/rl_checkpoint_step_3000.pt
[step 03050] value_loss=4.849248 policy_loss=-0.113312
[step 03050] VALUE_DEBUG: target(mean=-1.92 std=5.24 min=-16.36 max=5.73) V(s)(mean=-2.62 std=5.44) reward(mean=0.217 std=2.212) clip=50.0
[step 03100] opnorm clamp applied
[step 03100] value_loss=13.099163 policy_loss=0.205958
[step 03100] VALUE_DEBUG: target(mean=-2.21 std=6.51 min=-17.96 max=6.84) V(s)(mean=-2.19 std=5.38) reward(mean=0.158 std=4.120) clip=50.0
[step 03100] eval_success_rate=0.880 eval_mean_score=15.600 eval_policy_mode=greedy [solved=44/50, score_range=10.00-16.00/16.0, initial=13.52]
[step 03100] PROGRESS: filled=15.84 violations=0.12 zero_cand=0.00
[step 03100] DEBUG: ep_len=3.5 ep_ret=2.222 stop_prob=0.000 score_chg=2.2950
[step 03150] value_loss=8.684767 policy_loss=-0.164261
[step 03150] VALUE_DEBUG: target(mean=-1.17 std=5.79 min=-19.96 max=6.77) V(s)(mean=-1.93 std=4.46) reward(mean=0.943 std=3.187) clip=50.0
[step 03200] opnorm clamp applied
[step 03200] value_loss=28.145050 policy_loss=1.586249
[step 03200] VALUE_DEBUG: target(mean=-1.63 std=6.84 min=-20.00 max=7.54) V(s)(mean=-2.19 std=5.33) reward(mean=0.447 std=4.892) clip=50.0
[step 03200] eval_success_rate=0.920 eval_mean_score=15.680 eval_policy_mode=greedy [solved=46/50, score_range=10.00-16.00/16.0, initial=13.52]
[step 03200] PROGRESS: filled=15.92 violations=0.12 zero_cand=0.00
[step 03200] DEBUG: ep_len=3.3 ep_ret=2.413 stop_prob=0.000 score_chg=2.2850
[step 03250] value_loss=11.617422 policy_loss=-0.552983
[step 03250] VALUE_DEBUG: target(mean=-0.58 std=5.83 min=-16.24 max=9.06) V(s)(mean=-1.44 std=4.25) reward(mean=1.036 std=3.469) clip=50.0
[step 03300] opnorm clamp applied
[step 03300] value_loss=11.686849 policy_loss=0.418343
[step 03300] VALUE_DEBUG: target(mean=-1.94 std=6.72 min=-16.75 max=10.53) V(s)(mean=-1.67 std=5.52) reward(mean=-0.184 std=3.909) clip=50.0
[step 03300] eval_success_rate=0.860 eval_mean_score=15.580 eval_policy_mode=greedy [solved=43/50, score_range=10.00-16.00/16.0, initial=13.52]
[step 03300] PROGRESS: filled=15.82 violations=0.12 zero_cand=0.00
[step 03300] DEBUG: ep_len=3.4 ep_ret=2.290 stop_prob=0.000 score_chg=2.2650
[step 03350] value_loss=4.470732 policy_loss=-0.295685
[step 03350] VALUE_DEBUG: target(mean=-1.05 std=4.06 min=-16.08 max=4.35) V(s)(mean=-0.93 std=3.37) reward(mean=-0.274 std=3.459) clip=50.0
[step 03400] opnorm clamp applied
[step 03400] value_loss=10.675722 policy_loss=0.046427
[step 03400] VALUE_DEBUG: target(mean=-2.42 std=6.34 min=-21.10 max=6.84) V(s)(mean=-2.09 std=4.99) reward(mean=-0.373 std=4.621) clip=50.0
[step 03400] eval_success_rate=0.920 eval_mean_score=15.640 eval_policy_mode=greedy [solved=46/50, score_range=10.00-16.00/16.0, initial=13.52]
[step 03400] PROGRESS: filled=15.88 violations=0.12 zero_cand=0.00
[step 03400] DEBUG: ep_len=3.7 ep_ret=2.176 stop_prob=0.000 score_chg=2.2675
[step 03450] value_loss=11.534841 policy_loss=0.132864
[step 03450] VALUE_DEBUG: target(mean=-4.58 std=6.61 min=-16.36 max=6.84) V(s)(mean=-4.35 std=6.14) reward(mean=-0.250 std=3.297) clip=50.0
[step 03500] opnorm clamp applied
[step 03500] value_loss=14.741337 policy_loss=-0.238787
[step 03500] VALUE_DEBUG: target(mean=-2.65 std=6.95 min=-19.31 max=9.49) V(s)(mean=-3.07 std=5.94) reward(mean=0.129 std=3.576) clip=50.0
[step 03500] eval_success_rate=0.900 eval_mean_score=15.620 eval_policy_mode=greedy [solved=45/50, score_range=10.00-16.00/16.0, initial=13.52]
[step 03500] PROGRESS: filled=15.86 violations=0.12 zero_cand=0.00
[step 03500] DEBUG: ep_len=3.2 ep_ret=2.349 stop_prob=0.000 score_chg=2.2200
[step 03550] value_loss=6.743183 policy_loss=-0.229469
[step 03550] VALUE_DEBUG: target(mean=-1.44 std=6.01 min=-16.82 max=6.74) V(s)(mean=-2.51 std=5.81) reward(mean=0.658 std=1.200) clip=50.0
[step 03600] opnorm clamp applied
[step 03600] value_loss=10.641439 policy_loss=-0.509685
[step 03600] VALUE_DEBUG: target(mean=-0.94 std=4.30 min=-10.10 max=9.41) V(s)(mean=-0.05 std=2.57) reward(mean=-0.732 std=3.539) clip=50.0
[step 03600] eval_success_rate=0.940 eval_mean_score=15.860 eval_policy_mode=greedy [solved=47/50, score_range=13.00-16.00/16.0, initial=13.52]
[step 03600] PROGRESS: filled=15.86 violations=0.00 zero_cand=0.00
[step 03600] DEBUG: ep_len=3.4 ep_ret=2.512 stop_prob=0.000 score_chg=2.4475
[step 03650] value_loss=8.220982 policy_loss=-0.421538
[step 03650] VALUE_DEBUG: target(mean=-3.53 std=6.85 min=-16.94 max=8.21) V(s)(mean=-3.30 std=6.42) reward(mean=-0.194 std=2.968) clip=50.0
[step 03700] opnorm clamp applied
[step 03700] value_loss=9.037558 policy_loss=-0.282117
[step 03700] VALUE_DEBUG: target(mean=-0.56 std=5.47 min=-16.94 max=7.43) V(s)(mean=-1.47 std=4.18) reward(mean=1.383 std=2.868) clip=50.0
[step 03700] eval_success_rate=0.900 eval_mean_score=15.620 eval_policy_mode=greedy [solved=45/50, score_range=10.00-16.00/16.0, initial=13.52]
[step 03700] PROGRESS: filled=15.86 violations=0.12 zero_cand=0.00
[step 03700] DEBUG: ep_len=3.3 ep_ret=2.278 stop_prob=0.000 score_chg=2.2375
[step 03750] value_loss=16.390013 policy_loss=0.104208
[step 03750] VALUE_DEBUG: target(mean=-2.06 std=5.79 min=-16.04 max=6.84) V(s)(mean=-1.64 std=4.64) reward(mean=0.041 std=4.410) clip=50.0
[step 03800] opnorm clamp applied
[step 03800] value_loss=36.642830 policy_loss=-0.190122
[step 03800] VALUE_DEBUG: target(mean=-2.19 std=6.10 min=-22.09 max=6.84) V(s)(mean=-0.19 std=2.35) reward(mean=-1.832 std=5.761) clip=50.0
[step 03800] eval_success_rate=0.900 eval_mean_score=15.620 eval_policy_mode=greedy [solved=45/50, score_range=10.00-16.00/16.0, initial=13.52]
[step 03800] PROGRESS: filled=15.86 violations=0.12 zero_cand=0.00
[step 03800] DEBUG: ep_len=3.4 ep_ret=2.237 stop_prob=0.000 score_chg=2.2925
[step 03850] value_loss=7.392136 policy_loss=1.675139
[step 03850] VALUE_DEBUG: target(mean=-1.31 std=5.71 min=-21.71 max=6.92) V(s)(mean=-1.24 std=4.79) reward(mean=0.262 std=2.866) clip=50.0
[step 03900] opnorm clamp applied
[step 03900] value_loss=12.222447 policy_loss=0.583991
[step 03900] VALUE_DEBUG: target(mean=-1.33 std=6.27 min=-16.48 max=6.84) V(s)(mean=-1.62 std=5.57) reward(mean=0.626 std=3.789) clip=50.0
[step 03900] eval_success_rate=0.940 eval_mean_score=15.860 eval_policy_mode=greedy [solved=47/50, score_range=13.00-16.00/16.0, initial=13.52]
[step 03900] PROGRESS: filled=15.86 violations=0.00 zero_cand=0.00
[step 03900] DEBUG: ep_len=3.4 ep_ret=2.430 stop_prob=0.000 score_chg=2.3600
[step 03950] value_loss=18.596252 policy_loss=0.202288
[step 03950] VALUE_DEBUG: target(mean=-1.93 std=7.39 min=-19.38 max=7.02) V(s)(mean=-1.38 std=5.72) reward(mean=-0.086 std=4.833) clip=50.0
[step 04000] opnorm clamp applied
[step 04000] value_loss=7.921367 policy_loss=0.387082
[step 04000] VALUE_DEBUG: target(mean=-2.59 std=8.63 min=-24.06 max=6.84) V(s)(mean=-3.61 std=7.48) reward(mean=0.400 std=5.858) clip=50.0
[step 04000] eval_success_rate=0.940 eval_mean_score=15.860 eval_policy_mode=greedy [solved=47/50, score_range=13.00-16.00/16.0, initial=13.52]
[step 04000] PROGRESS: filled=15.86 violations=0.00 zero_cand=0.00
[step 04000] DEBUG: ep_len=3.4 ep_ret=2.257 stop_prob=0.000 score_chg=2.3175
[Checkpoint] Saved to /home/buiksat/trm_bellman/checkpoints/exp2_contraction_sweep/lz_0999/seed43/rl_checkpoint_step_4000.pt
[step 04050] value_loss=4.965996 policy_loss=-0.191589
[step 04050] VALUE_DEBUG: target(mean=-1.59 std=5.22 min=-17.29 max=6.84) V(s)(mean=-0.82 std=4.94) reward(mean=-0.147 std=2.492) clip=50.0
[step 04100] opnorm clamp applied
[step 04100] value_loss=10.662721 policy_loss=0.166388
[step 04100] VALUE_DEBUG: target(mean=-0.62 std=5.54 min=-16.86 max=6.46) V(s)(mean=-0.71 std=4.71) reward(mean=0.094 std=3.239) clip=50.0
[step 04100] eval_success_rate=0.920 eval_mean_score=15.840 eval_policy_mode=greedy [solved=46/50, score_range=13.00-16.00/16.0, initial=13.52]
[step 04100] PROGRESS: filled=15.84 violations=0.00 zero_cand=0.00
[step 04100] DEBUG: ep_len=3.1 ep_ret=2.575 stop_prob=0.000 score_chg=2.3050
[step 04150] value_loss=8.178080 policy_loss=0.243623
[step 04150] VALUE_DEBUG: target(mean=-1.12 std=6.64 min=-16.62 max=6.84) V(s)(mean=-1.13 std=5.70) reward(mean=0.314 std=3.076) clip=50.0
[step 04200] opnorm clamp applied
[step 04200] value_loss=27.502783 policy_loss=0.540144
[step 04200] VALUE_DEBUG: target(mean=-1.42 std=8.44 min=-20.00 max=6.91) V(s)(mean=-1.56 std=6.30) reward(mean=-0.316 std=6.509) clip=50.0
[step 04200] eval_success_rate=0.940 eval_mean_score=15.860 eval_policy_mode=greedy [solved=47/50, score_range=13.00-16.00/16.0, initial=13.52]
[step 04200] PROGRESS: filled=15.86 violations=0.00 zero_cand=0.00
[step 04200] DEBUG: ep_len=3.2 ep_ret=2.054 stop_prob=0.000 score_chg=2.1325
[step 04250] value_loss=6.919748 policy_loss=0.816484
[step 04250] VALUE_DEBUG: target(mean=0.19 std=3.50 min=-6.91 max=6.84) V(s)(mean=0.24 std=2.52) reward(mean=-0.151 std=2.894) clip=50.0
[step 04300] opnorm clamp applied
[step 04300] value_loss=4.605565 policy_loss=1.041754
[step 04300] VALUE_DEBUG: target(mean=-0.41 std=5.74 min=-21.12 max=6.84) V(s)(mean=-0.33 std=4.88) reward(mean=0.181 std=2.960) clip=50.0
[step 04300] eval_success_rate=0.940 eval_mean_score=15.860 eval_policy_mode=greedy [solved=47/50, score_range=13.00-16.00/16.0, initial=13.52]
[step 04300] PROGRESS: filled=15.86 violations=0.00 zero_cand=0.00
[step 04300] DEBUG: ep_len=3.4 ep_ret=2.026 stop_prob=0.000 score_chg=2.2525
[step 04350] value_loss=10.848166 policy_loss=-0.041965
[step 04350] VALUE_DEBUG: target(mean=-2.15 std=7.61 min=-17.60 max=7.70) V(s)(mean=-2.54 std=7.34) reward(mean=0.311 std=2.987) clip=50.0
[step 04400] opnorm clamp applied
[step 04400] value_loss=6.298554 policy_loss=0.891623
[step 04400] VALUE_DEBUG: target(mean=-1.61 std=6.28 min=-17.53 max=6.84) V(s)(mean=-2.42 std=6.16) reward(mean=0.613 std=2.110) clip=50.0
[step 04400] eval_success_rate=0.940 eval_mean_score=15.860 eval_policy_mode=greedy [solved=47/50, score_range=13.00-16.00/16.0, initial=13.52]
[step 04400] PROGRESS: filled=15.86 violations=0.00 zero_cand=0.00
[step 04400] DEBUG: ep_len=3.3 ep_ret=2.138 stop_prob=0.000 score_chg=2.2800
[step 04450] value_loss=3.458637 policy_loss=0.248014
[step 04450] VALUE_DEBUG: target(mean=-2.50 std=7.17 min=-17.52 max=7.43) V(s)(mean=-2.86 std=6.83) reward(mean=0.961 std=2.099) clip=50.0
[step 04500] opnorm clamp applied
[step 04500] value_loss=20.922199 policy_loss=-0.721843
[step 04500] VALUE_DEBUG: target(mean=-0.91 std=5.91 min=-17.56 max=7.54) V(s)(mean=-0.90 std=4.91) reward(mean=-0.413 std=5.016) clip=50.0
[step 04500] eval_success_rate=0.940 eval_mean_score=15.860 eval_policy_mode=greedy [solved=47/50, score_range=13.00-16.00/16.0, initial=13.52]
[step 04500] PROGRESS: filled=15.86 violations=0.00 zero_cand=0.00
[step 04500] DEBUG: ep_len=3.3 ep_ret=2.322 stop_prob=0.000 score_chg=2.3350
[step 04550] value_loss=3.988575 policy_loss=0.819186
[step 04550] VALUE_DEBUG: target(mean=-1.17 std=5.79 min=-17.55 max=6.84) V(s)(mean=-1.34 std=5.74) reward(mean=-0.475 std=4.658) clip=50.0
[step 04600] opnorm clamp applied
[step 04600] value_loss=5.177150 policy_loss=0.717855
[step 04600] VALUE_DEBUG: target(mean=-0.80 std=5.19 min=-15.45 max=6.84) V(s)(mean=-1.03 std=4.64) reward(mean=0.612 std=2.379) clip=50.0
[step 04600] eval_success_rate=0.940 eval_mean_score=15.860 eval_policy_mode=greedy [solved=47/50, score_range=13.00-16.00/16.0, initial=13.52]
[step 04600] PROGRESS: filled=15.86 violations=0.00 zero_cand=0.00
[step 04600] DEBUG: ep_len=2.9 ep_ret=2.608 stop_prob=0.000 score_chg=2.2650
[step 04650] value_loss=5.928735 policy_loss=-0.306172
[step 04650] VALUE_DEBUG: target(mean=-1.99 std=6.29 min=-17.56 max=6.93) V(s)(mean=-2.13 std=5.92) reward(mean=0.249 std=2.940) clip=50.0
[step 04700] opnorm clamp applied
[step 04700] value_loss=14.267847 policy_loss=-0.199881
[step 04700] VALUE_DEBUG: target(mean=-2.02 std=8.28 min=-18.03 max=6.84) V(s)(mean=-2.58 std=7.41) reward(mean=0.442 std=4.051) clip=50.0
[step 04700] eval_success_rate=0.940 eval_mean_score=15.860 eval_policy_mode=greedy [solved=47/50, score_range=13.00-16.00/16.0, initial=13.52]
[step 04700] PROGRESS: filled=15.86 violations=0.00 zero_cand=0.00
[step 04700] DEBUG: ep_len=3.1 ep_ret=2.617 stop_prob=0.000 score_chg=2.3450
[step 04750] value_loss=10.755266 policy_loss=0.872479
[step 04750] VALUE_DEBUG: target(mean=-0.59 std=7.13 min=-21.47 max=8.41) V(s)(mean=-0.52 std=6.01) reward(mean=0.314 std=3.471) clip=50.0
[step 04800] opnorm clamp applied
[step 04800] value_loss=15.486036 policy_loss=0.346861
[step 04800] VALUE_DEBUG: target(mean=-0.31 std=6.94 min=-16.97 max=10.23) V(s)(mean=-1.31 std=6.39) reward(mean=1.405 std=3.555) clip=50.0
[step 04800] eval_success_rate=0.960 eval_mean_score=15.880 eval_policy_mode=greedy [solved=48/50, score_range=13.00-16.00/16.0, initial=13.52]
[step 04800] PROGRESS: filled=15.88 violations=0.00 zero_cand=0.00
[step 04800] DEBUG: ep_len=3.3 ep_ret=2.508 stop_prob=0.000 score_chg=2.3825
[step 04850] value_loss=5.746133 policy_loss=-0.799248
[step 04850] VALUE_DEBUG: target(mean=0.49 std=4.23 min=-14.29 max=11.63) V(s)(mean=-0.06 std=3.34) reward(mean=0.912 std=2.620) clip=50.0
[step 04900] opnorm clamp applied
[step 04900] value_loss=7.693604 policy_loss=-0.080670
[step 04900] VALUE_DEBUG: target(mean=-1.72 std=6.99 min=-17.83 max=9.17) V(s)(mean=-1.58 std=6.35) reward(mean=-0.491 std=4.904) clip=50.0
[step 04900] eval_success_rate=0.960 eval_mean_score=15.880 eval_policy_mode=greedy [solved=48/50, score_range=13.00-16.00/16.0, initial=13.52]
[step 04900] PROGRESS: filled=15.88 violations=0.00 zero_cand=0.00
[step 04900] DEBUG: ep_len=3.6 ep_ret=1.793 stop_prob=0.000 score_chg=2.2225
[step 04950] value_loss=1.744427 policy_loss=0.046383
[step 04950] VALUE_DEBUG: target(mean=-1.40 std=6.48 min=-17.65 max=6.84) V(s)(mean=-1.84 std=6.29) reward(mean=0.785 std=1.824) clip=50.0
[step 05000] opnorm clamp applied
[step 05000] value_loss=8.694384 policy_loss=0.111504
[step 05000] VALUE_DEBUG: target(mean=-1.66 std=7.04 min=-17.13 max=6.84) V(s)(mean=-1.18 std=6.32) reward(mean=-0.647 std=4.148) clip=50.0
[step 05000] eval_success_rate=0.960 eval_mean_score=15.880 eval_policy_mode=greedy [solved=48/50, score_range=13.00-16.00/16.0, initial=13.52]
[step 05000] PROGRESS: filled=15.88 violations=0.00 zero_cand=0.00
[step 05000] DEBUG: ep_len=3.2 ep_ret=2.234 stop_prob=0.000 score_chg=2.2350
[Checkpoint] Saved to /home/buiksat/trm_bellman/checkpoints/exp2_contraction_sweep/lz_0999/seed43/rl_checkpoint_step_5000.pt
[Checkpoint] Saved to /home/buiksat/trm_bellman/checkpoints/exp2_contraction_sweep/lz_0999/seed43/rl_checkpoint_step_5000.pt
