[2026-01-17T14:00:23.413-08:00] Buck UI: https://www.internalfb.com/buck2/d9830ccf-41f5-44ec-9c98-96ca40fc5667
[2026-01-17T14:00:30.506-08:00] Waiting on fbcode//scribe/api/thrift:message_metadata-py3-default-types/message_metadata/types_empty (cfg:opt-linux-x86_64-fbcode-platform010-clang19-no-san-opt-by-default#7bc20b5dff24e379) -- materializing `types_empty.empty_stub`, and 4456 other actions
[2026-01-17T14:00:31.766-08:00] Network: Up: 0B  Down: 0B
BUILD SUCCEEDED - starting your binary
[INFO] Using feasibility-aware Sudoku checker for 4x4
       score = filled - 2.0*violations - 5.0*zeroCand
       Max score: 16 (all filled, no violations)
[INFO] Training for 5000 steps (gamma=0.990, K=1, inner_unroll_n=2)
[INFO] Terminal rewards: solve=1.000, fail=-16.000
/data/repos/fbsource/buck-out/v2/gen/fbcode/7bc20b5dff24e379/buiksat_trm/__upi_trm_train__/upi_trm_train#link-tree/upi_trm_train.py:879: UserWarning: rl_enable_contraction=True: Applying operator-norm clamping and contraction scaling to z->z path layers. This is REQUIRED for Assumption 3.2 (L_z < 1) but will modify network behavior. Pretrained weights from vanilla TRM may require fine-tuning.
  model = TinyRecursiveReasoningModel_ACTV1(trm_cfg_dict)
[INFO] Using TRM backbone (hidden=64, H=2, L=2)
[DEBUG] Policy head STOP bias: 0.00 (should be 0.0 for uniform init)
[INFO] Puzzle embeddings DISABLED (set --puzzle-emb-ndim > 0 to enable)
/data/repos/fbsource/buck-out/v2/gen/fbcode/7bc20b5dff24e379/buiksat_trm/__upi_trm_train__/upi_trm_train#link-tree/torch/cuda/__init__.py:373: UserWarning: Found GPU0 NVIDIA PG509-210 which is of compute capability (CC) 8.0.
The following list shows the CCs this version of PyTorch was built for and the hardware CCs it supports:
Please follow the instructions at https://pytorch.org/get-started/locally/ to install a PyTorch release that supports one of these CUDA versions: 12.6, 12.8, 13.0
  _warn_unsupported_code(d, device_cc, code_ccs)
/data/repos/fbsource/buck-out/v2/gen/fbcode/7bc20b5dff24e379/buiksat_trm/__upi_trm_train__/upi_trm_train#link-tree/torch/cuda/__init__.py:373: UserWarning: Found GPU1 NVIDIA PG509-210 which is of compute capability (CC) 8.0.
The following list shows the CCs this version of PyTorch was built for and the hardware CCs it supports:
Please follow the instructions at https://pytorch.org/get-started/locally/ to install a PyTorch release that supports one of these CUDA versions: 12.6, 12.8, 13.0
  _warn_unsupported_code(d, device_cc, code_ccs)
INFO:2026-01-17 14:00:37 3967811:3967811 CuptiCallbackApi.cpp:74] Callback: domain = 3, cbid = 1
INFO:2026-01-17 14:00:37 3967811:3967811 CuptiActivityProfiler.cpp:245] CUDA versions. CUPTI: 22; Runtime: 12040; Driver: 12040
INFO:2026-01-17 14:00:37 3967811:3974577 FBConfig.cpp:330] Perfetto builder enabled: 1
INFO:2026-01-17 14:00:37 3967811:3974577 DynoConfigLoader.cpp:61] Setting communication fabric enabled = 0
/data/repos/fbsource/buck-out/v2/gen/fbcode/7bc20b5dff24e379/buiksat_trm/__upi_trm_train__/upi_trm_train#link-tree/rl/upi_trm_trainer.py:93: UserWarning: rl_enable_contraction=True: Applying operator-norm clamping and contraction scaling to z->z path layers. This is REQUIRED for Assumption 3.2 (L_z < 1) but will modify network behavior. Pretrained weights from vanilla TRM may require fine-tuning.
  self.target_model = TinyRecursiveReasoningModel_ACTV1(self._config_to_dict(self.model.config)).to(device)
/data/repos/fbsource/buck-out/v2/gen/fbcode/7bc20b5dff24e379/buiksat_trm/__upi_trm_train__/upi_trm_train#link-tree/rl/upi_trm_trainer.py:103: UserWarning: rl_enable_contraction=True: Applying operator-norm clamping and contraction scaling to z->z path layers. This is REQUIRED for Assumption 3.2 (L_z < 1) but will modify network behavior. Pretrained weights from vanilla TRM may require fine-tuning.
  self.policy_model_candidate = TinyRecursiveReasoningModel_ACTV1(
INFO:2026-01-17 14:00:37 3967811:3974577 DynoConfigLoader.cpp:61] Setting communication fabric enabled = 0
TritonTraceHandler: disabled because /logs does not exist
===========[FB_TRITON]=========== Triton Version: 3.3.2+fb
[INFO] Using UPI-TRM algorithm (K=1, inner_n=2)

============================================================
UPI-TRM THEORY ALIGNMENT CHECK
============================================================
⚠ Configuration has theory gaps:
  • exact_baseline_summation=False: Using approximate baseline. This gives O(ε_A/(1-γ)) bound instead of O(α·ε_A) from Theorem 5.9. For discrete action spaces (Sudoku), enable for tighter bounds.
  • theory_exact_mixture=False: Using parameter-space interpolation for CPI, which is NOT equivalent to policy-space mixture. The CPI improvement guarantee does not strictly apply. Set theory_exact_mixture=True for theory-exact behavior (but slower due to evaluating two networks).

Theory status:
  Forward-invariant projection: ✓
  Contraction enforced (L_z < 1): ✓
  Exact baseline (Thm 5.9): ✗
  Distillation (not in theory): ✓ disabled

Is theory-exact: False
============================================================

UPI-TRM theoretical dials:
  L_z target (rl_cfg.target_Lz): 0.95
  L_V target (rl_cfg.target_Lv): 1.0
  Inner unroll n (rl_cfg.inner_unroll_n): 2
  K-step horizon K (rl_cfg.K): 1
  Mixture alpha (rl_cfg.mixture_alpha): 0.1
  Latent ball radius (rl_cfg.latent_ball_radius): 10.0
  Episodic latent: True
  Exact K-step targets: False
  Exact baseline summation: False

[INFO] STOP action mode: disabled
[INFO] Forward-invariant projection enabled (R=10.0)
[WandB] Disabled by default (enable with: --wandb)
[DEBUG] Action mask: 8 valid actions out of 97 total
[DEBUG] Latent mode: episodic
[DEBUG] Step 0 probs: STOP=0.000000, edits=1.000000
[DEBUG] Top 5 action probs: torch.return_types.topk(
values=tensor([0.1654, 0.1520, 0.1273, 0.1230, 0.1132], device='cuda:0',
       grad_fn=<TopkBackward0>),
indices=tensor([10,  8, 65, 64, 11], device='cuda:0'))
[step 00050] value_loss=28.995094 policy_loss=0.392903
[step 00050] VALUE_DEBUG: target(mean=-1.99 std=5.29 min=-16.00 max=6.84) V(s)(mean=-0.88 std=0.28) reward(mean=-1.885 std=5.293) clip=50.0
[step 00100] opnorm clamp applied
[step 00100] value_loss=17.956516 policy_loss=0.139542
[step 00100] VALUE_DEBUG: target(mean=-2.44 std=4.21 min=-16.04 max=3.33) V(s)(mean=-1.73 std=0.58) reward(mean=-1.918 std=4.319) clip=50.0
[step 00100] eval_success_rate=0.140 eval_mean_score=11.820 eval_policy_mode=greedy [solved=7/50, score_range=5.00-16.00/16.0, initial=13.52]
[step 00100] PROGRESS: filled=14.70 violations=1.24 zero_cand=0.08
[step 00100] DEBUG: ep_len=10.9 ep_ret=-13.336 stop_prob=0.000 score_chg=-4.8175
[step 00150] value_loss=21.577187 policy_loss=-0.307614
[step 00150] VALUE_DEBUG: target(mean=-1.66 std=4.52 min=-16.04 max=6.84) V(s)(mean=-2.03 std=0.70) reward(mean=-0.751 std=4.644) clip=50.0
[step 00200] opnorm clamp applied
[step 00200] value_loss=14.658484 policy_loss=-1.155722
[step 00200] VALUE_DEBUG: target(mean=-2.87 std=4.04 min=-10.38 max=6.84) V(s)(mean=-2.01 std=1.21) reward(mean=-1.591 std=3.867) clip=50.0
[step 00200] eval_success_rate=0.280 eval_mean_score=13.880 eval_policy_mode=greedy [solved=14/50, score_range=4.00-16.00/16.0, initial=13.52]
[step 00200] PROGRESS: filled=14.56 violations=0.24 zero_cand=0.04
[step 00200] DEBUG: ep_len=9.7 ep_ret=-10.275 stop_prob=0.000 score_chg=-3.2500
[step 00250] value_loss=13.130763 policy_loss=-0.737980
[step 00250] VALUE_DEBUG: target(mean=-2.77 std=3.23 min=-9.04 max=3.10) V(s)(mean=-2.52 std=1.80) reward(mean=-0.836 std=3.356) clip=50.0
[step 00300] opnorm clamp applied
[step 00300] value_loss=29.542677 policy_loss=-1.488579
[step 00300] VALUE_DEBUG: target(mean=-3.16 std=5.47 min=-16.10 max=3.64) V(s)(mean=-3.32 std=1.89) reward(mean=-0.952 std=5.934) clip=50.0
[step 00300] eval_success_rate=0.320 eval_mean_score=14.480 eval_policy_mode=greedy [solved=16/50, score_range=11.00-16.00/16.0, initial=13.52]
[step 00300] PROGRESS: filled=14.52 violations=0.02 zero_cand=0.00
[step 00300] DEBUG: ep_len=8.1 ep_ret=-5.583 stop_prob=0.000 score_chg=-0.8225
[step 00350] value_loss=33.308464 policy_loss=-0.590177
[step 00350] VALUE_DEBUG: target(mean=-4.33 std=6.19 min=-20.02 max=6.84) V(s)(mean=-4.29 std=1.95) reward(mean=-1.868 std=6.524) clip=50.0
[step 00400] opnorm clamp applied
[step 00400] value_loss=18.558086 policy_loss=-1.060738
[step 00400] VALUE_DEBUG: target(mean=-3.22 std=3.90 min=-14.08 max=5.11) V(s)(mean=-3.05 std=2.08) reward(mean=-0.241 std=4.106) clip=50.0
[step 00400] eval_success_rate=0.340 eval_mean_score=14.580 eval_policy_mode=greedy [solved=17/50, score_range=13.00-16.00/16.0, initial=13.52]
[step 00400] PROGRESS: filled=14.58 violations=0.00 zero_cand=0.00
[step 00400] DEBUG: ep_len=7.7 ep_ret=-3.400 stop_prob=0.000 score_chg=0.7350
[step 00450] value_loss=11.851657 policy_loss=-0.325313
[step 00450] VALUE_DEBUG: target(mean=-3.26 std=3.99 min=-10.81 max=6.84) V(s)(mean=-4.10 std=2.03) reward(mean=-0.236 std=3.501) clip=50.0
[step 00500] opnorm clamp applied
[step 00500] value_loss=23.421192 policy_loss=0.570938
[step 00500] VALUE_DEBUG: target(mean=-4.31 std=4.92 min=-16.09 max=4.96) V(s)(mean=-3.40 std=1.94) reward(mean=-1.381 std=5.178) clip=50.0
[step 00500] eval_success_rate=0.360 eval_mean_score=14.640 eval_policy_mode=greedy [solved=18/50, score_range=13.00-16.00/16.0, initial=13.52]
[step 00500] PROGRESS: filled=14.64 violations=0.00 zero_cand=0.00
[step 00500] DEBUG: ep_len=7.5 ep_ret=-3.278 stop_prob=0.000 score_chg=1.0075
[step 00550] value_loss=8.952564 policy_loss=-0.339341
[step 00550] VALUE_DEBUG: target(mean=-4.30 std=3.76 min=-12.02 max=3.78) V(s)(mean=-5.31 std=2.68) reward(mean=-0.585 std=3.581) clip=50.0
[step 00600] opnorm clamp applied
[step 00600] value_loss=14.934698 policy_loss=-0.074301
[step 00600] VALUE_DEBUG: target(mean=-5.00 std=4.89 min=-12.11 max=6.84) V(s)(mean=-5.69 std=2.79) reward(mean=-0.678 std=4.055) clip=50.0
[step 00600] eval_success_rate=0.360 eval_mean_score=14.660 eval_policy_mode=greedy [solved=18/50, score_range=13.00-16.00/16.0, initial=13.52]
[step 00600] PROGRESS: filled=14.66 violations=0.00 zero_cand=0.00
[step 00600] DEBUG: ep_len=6.4 ep_ret=-1.307 stop_prob=0.000 score_chg=1.6725
[step 00650] value_loss=21.650326 policy_loss=0.103958
[step 00650] VALUE_DEBUG: target(mean=-5.47 std=5.81 min=-16.15 max=7.17) V(s)(mean=-5.47 std=2.79) reward(mean=-1.950 std=5.626) clip=50.0
[step 00700] opnorm clamp applied
[step 00700] value_loss=33.333130 policy_loss=0.527317
[step 00700] VALUE_DEBUG: target(mean=-4.73 std=6.88 min=-22.08 max=6.84) V(s)(mean=-4.42 std=3.66) reward(mean=-1.127 std=6.875) clip=50.0
[step 00700] eval_success_rate=0.380 eval_mean_score=14.760 eval_policy_mode=greedy [solved=19/50, score_range=13.00-16.00/16.0, initial=13.52]
[step 00700] PROGRESS: filled=14.76 violations=0.00 zero_cand=0.00
[step 00700] DEBUG: ep_len=6.2 ep_ret=-0.933 stop_prob=0.000 score_chg=1.5975
[step 00750] value_loss=12.476492 policy_loss=0.808734
[step 00750] VALUE_DEBUG: target(mean=-5.76 std=4.24 min=-15.98 max=1.84) V(s)(mean=-4.39 std=3.22) reward(mean=-1.768 std=3.521) clip=50.0
[step 00800] opnorm clamp applied
[step 00800] value_loss=15.276524 policy_loss=0.741458
[step 00800] VALUE_DEBUG: target(mean=-4.01 std=5.18 min=-15.98 max=6.84) V(s)(mean=-4.50 std=3.61) reward(mean=-0.353 std=4.467) clip=50.0
[step 00800] eval_success_rate=0.380 eval_mean_score=14.680 eval_policy_mode=greedy [solved=19/50, score_range=13.00-16.00/16.0, initial=13.52]
[step 00800] PROGRESS: filled=14.68 violations=0.00 zero_cand=0.00
[step 00800] DEBUG: ep_len=5.9 ep_ret=-0.669 stop_prob=0.000 score_chg=1.7500
[step 00850] value_loss=11.508794 policy_loss=0.702719
[step 00850] VALUE_DEBUG: target(mean=-4.71 std=4.68 min=-13.72 max=6.84) V(s)(mean=-5.18 std=3.52) reward(mean=-0.174 std=3.276) clip=50.0
[step 00900] opnorm clamp applied
[step 00900] value_loss=11.199720 policy_loss=1.298844
[step 00900] VALUE_DEBUG: target(mean=-5.06 std=4.79 min=-16.15 max=6.84) V(s)(mean=-4.36 std=2.93) reward(mean=-0.983 std=3.742) clip=50.0
[step 00900] eval_success_rate=0.420 eval_mean_score=14.820 eval_policy_mode=greedy [solved=21/50, score_range=13.00-16.00/16.0, initial=13.52]
[step 00900] PROGRESS: filled=14.82 violations=0.00 zero_cand=0.00
[step 00900] DEBUG: ep_len=6.4 ep_ret=-0.658 stop_prob=0.000 score_chg=1.9600
[step 00950] value_loss=11.722694 policy_loss=0.349249
[step 00950] VALUE_DEBUG: target(mean=-4.96 std=3.95 min=-12.14 max=3.88) V(s)(mean=-4.93 std=3.12) reward(mean=-0.629 std=3.088) clip=50.0
[step 01000] opnorm clamp applied
[step 01000] value_loss=12.323349 policy_loss=0.369021
[step 01000] VALUE_DEBUG: target(mean=-4.33 std=4.78 min=-16.14 max=2.93) V(s)(mean=-5.31 std=3.68) reward(mean=0.358 std=4.265) clip=50.0
[step 01000] eval_success_rate=0.380 eval_mean_score=14.760 eval_policy_mode=greedy [solved=19/50, score_range=13.00-16.00/16.0, initial=13.52]
[step 01000] PROGRESS: filled=14.76 violations=0.00 zero_cand=0.00
[step 01000] DEBUG: ep_len=5.6 ep_ret=0.584 stop_prob=0.000 score_chg=2.2175
[Checkpoint] Saved to /home/buiksat/trm_bellman/checkpoints/exp2_contraction_sweep/lz_095/seed43/rl_checkpoint_step_1000.pt
[step 01050] value_loss=13.147366 policy_loss=0.368006
[step 01050] VALUE_DEBUG: target(mean=-5.12 std=5.82 min=-16.39 max=7.25) V(s)(mean=-4.61 std=4.26) reward(mean=-0.511 std=4.496) clip=50.0
[step 01100] opnorm clamp applied
[step 01100] value_loss=14.594456 policy_loss=0.075459
[step 01100] VALUE_DEBUG: target(mean=-4.94 std=5.17 min=-16.09 max=5.57) V(s)(mean=-4.84 std=3.55) reward(mean=-0.998 std=4.595) clip=50.0
[step 01100] eval_success_rate=0.520 eval_mean_score=15.240 eval_policy_mode=greedy [solved=26/50, score_range=13.00-16.00/16.0, initial=13.52]
[step 01100] PROGRESS: filled=15.24 violations=0.00 zero_cand=0.00
[step 01100] DEBUG: ep_len=5.4 ep_ret=0.720 stop_prob=0.000 score_chg=2.1250
[step 01150] value_loss=13.552392 policy_loss=1.299300
[step 01150] VALUE_DEBUG: target(mean=-3.94 std=5.99 min=-15.96 max=6.84) V(s)(mean=-4.42 std=4.78) reward(mean=-0.255 std=4.464) clip=50.0
[step 01200] opnorm clamp applied
[step 01200] value_loss=13.562399 policy_loss=0.928528
[step 01200] VALUE_DEBUG: target(mean=-6.32 std=5.10 min=-13.08 max=5.87) V(s)(mean=-5.66 std=3.86) reward(mean=-0.973 std=3.296) clip=50.0
[step 01200] eval_success_rate=0.620 eval_mean_score=15.340 eval_policy_mode=greedy [solved=31/50, score_range=13.00-16.00/16.0, initial=13.52]
[step 01200] PROGRESS: filled=15.34 violations=0.00 zero_cand=0.00
[step 01200] DEBUG: ep_len=4.8 ep_ret=1.098 stop_prob=0.000 score_chg=2.0150
[step 01250] value_loss=17.195343 policy_loss=0.163346
[step 01250] VALUE_DEBUG: target(mean=-6.57 std=5.78 min=-21.98 max=7.41) V(s)(mean=-5.29 std=4.37) reward(mean=-1.454 std=5.070) clip=50.0
[step 01300] opnorm clamp applied
[step 01300] value_loss=13.082371 policy_loss=0.435937
[step 01300] VALUE_DEBUG: target(mean=-3.33 std=5.34 min=-12.04 max=9.39) V(s)(mean=-3.83 std=4.58) reward(mean=0.017 std=3.023) clip=50.0
[step 01300] eval_success_rate=0.680 eval_mean_score=15.440 eval_policy_mode=greedy [solved=34/50, score_range=13.00-16.00/16.0, initial=13.52]
[step 01300] PROGRESS: filled=15.44 violations=0.00 zero_cand=0.00
[step 01300] DEBUG: ep_len=5.1 ep_ret=0.776 stop_prob=0.000 score_chg=2.1150
[step 01350] value_loss=12.629793 policy_loss=0.261179
[step 01350] VALUE_DEBUG: target(mean=-5.89 std=4.62 min=-16.93 max=4.14) V(s)(mean=-5.56 std=3.70) reward(mean=-0.622 std=3.430) clip=50.0
[step 01400] opnorm clamp applied
[step 01400] value_loss=9.166964 policy_loss=0.389950
[step 01400] VALUE_DEBUG: target(mean=-5.21 std=4.38 min=-13.81 max=6.02) V(s)(mean=-5.83 std=3.43) reward(mean=0.164 std=2.302) clip=50.0
[step 01400] eval_success_rate=0.620 eval_mean_score=15.340 eval_policy_mode=greedy [solved=31/50, score_range=13.00-16.00/16.0, initial=13.52]
[step 01400] PROGRESS: filled=15.34 violations=0.00 zero_cand=0.00
[step 01400] DEBUG: ep_len=4.9 ep_ret=0.740 stop_prob=0.000 score_chg=2.0525
[step 01450] value_loss=12.416956 policy_loss=1.274346
[step 01450] VALUE_DEBUG: target(mean=-3.35 std=4.86 min=-12.17 max=6.19) V(s)(mean=-4.64 std=4.50) reward(mean=0.894 std=3.306) clip=50.0
[step 01500] opnorm clamp applied
[step 01500] value_loss=4.594799 policy_loss=0.025590
[step 01500] VALUE_DEBUG: target(mean=-5.05 std=4.50 min=-11.06 max=6.97) V(s)(mean=-6.04 std=3.83) reward(mean=1.035 std=1.976) clip=50.0
[step 01500] eval_success_rate=0.680 eval_mean_score=15.440 eval_policy_mode=greedy [solved=34/50, score_range=13.00-16.00/16.0, initial=13.52]
[step 01500] PROGRESS: filled=15.44 violations=0.00 zero_cand=0.00
[step 01500] DEBUG: ep_len=4.6 ep_ret=1.973 stop_prob=0.000 score_chg=2.3675
[step 01550] value_loss=12.042253 policy_loss=0.187191
[step 01550] VALUE_DEBUG: target(mean=-4.95 std=5.66 min=-15.94 max=6.84) V(s)(mean=-3.60 std=4.58) reward(mean=-1.351 std=4.161) clip=50.0
[step 01600] opnorm clamp applied
[step 01600] value_loss=9.647000 policy_loss=0.175691
[step 01600] VALUE_DEBUG: target(mean=-3.90 std=4.66 min=-11.39 max=6.84) V(s)(mean=-4.45 std=4.32) reward(mean=0.238 std=2.466) clip=50.0
[step 01600] eval_success_rate=0.800 eval_mean_score=15.600 eval_policy_mode=greedy [solved=40/50, score_range=13.00-16.00/16.0, initial=13.52]
[step 01600] PROGRESS: filled=15.60 violations=0.00 zero_cand=0.00
[step 01600] DEBUG: ep_len=4.4 ep_ret=1.835 stop_prob=0.000 score_chg=2.2775
[step 01650] value_loss=12.503366 policy_loss=0.503609
[step 01650] VALUE_DEBUG: target(mean=-4.04 std=6.23 min=-21.10 max=6.84) V(s)(mean=-4.66 std=5.29) reward(mean=-0.086 std=4.388) clip=50.0
[step 01700] opnorm clamp applied
[step 01700] value_loss=7.858398 policy_loss=0.367099
[step 01700] VALUE_DEBUG: target(mean=-4.46 std=5.52 min=-15.54 max=6.58) V(s)(mean=-4.24 std=4.21) reward(mean=0.150 std=2.710) clip=50.0
[step 01700] eval_success_rate=0.740 eval_mean_score=15.580 eval_policy_mode=greedy [solved=37/50, score_range=13.00-16.00/16.0, initial=13.52]
[step 01700] PROGRESS: filled=15.58 violations=0.00 zero_cand=0.00
[step 01700] DEBUG: ep_len=4.2 ep_ret=1.876 stop_prob=0.000 score_chg=2.2650
[step 01750] value_loss=8.018286 policy_loss=-1.011563
[step 01750] VALUE_DEBUG: target(mean=-3.55 std=4.87 min=-16.04 max=4.39) V(s)(mean=-3.40 std=3.28) reward(mean=-0.353 std=3.855) clip=50.0
[step 01800] opnorm clamp applied
[step 01800] value_loss=15.512804 policy_loss=1.212536
[step 01800] VALUE_DEBUG: target(mean=-2.92 std=5.40 min=-11.96 max=9.42) V(s)(mean=-4.59 std=4.48) reward(mean=0.846 std=2.814) clip=50.0
[step 01800] eval_success_rate=0.800 eval_mean_score=15.600 eval_policy_mode=greedy [solved=40/50, score_range=13.00-16.00/16.0, initial=13.52]
[step 01800] PROGRESS: filled=15.60 violations=0.00 zero_cand=0.00
[step 01800] DEBUG: ep_len=3.7 ep_ret=2.089 stop_prob=0.000 score_chg=2.2325
[step 01850] value_loss=9.432817 policy_loss=-0.080163
[step 01850] VALUE_DEBUG: target(mean=-4.76 std=6.58 min=-17.18 max=6.84) V(s)(mean=-4.89 std=4.97) reward(mean=-0.148 std=4.177) clip=50.0
[step 01900] opnorm clamp applied
[step 01900] value_loss=24.624243 policy_loss=0.528704
[step 01900] VALUE_DEBUG: target(mean=-2.46 std=6.18 min=-22.09 max=6.84) V(s)(mean=-3.29 std=4.31) reward(mean=0.381 std=4.791) clip=50.0
[step 01900] eval_success_rate=0.900 eval_mean_score=15.820 eval_policy_mode=greedy [solved=45/50, score_range=14.00-16.00/16.0, initial=13.52]
[step 01900] PROGRESS: filled=15.82 violations=0.00 zero_cand=0.00
[step 01900] DEBUG: ep_len=4.2 ep_ret=1.997 stop_prob=0.000 score_chg=2.2925
[step 01950] value_loss=8.849346 policy_loss=0.329577
[step 01950] VALUE_DEBUG: target(mean=-3.98 std=5.35 min=-14.46 max=5.22) V(s)(mean=-3.01 std=4.25) reward(mean=-0.818 std=2.894) clip=50.0
[step 02000] opnorm clamp applied
[step 02000] value_loss=8.995676 policy_loss=0.128928
[step 02000] VALUE_DEBUG: target(mean=-5.48 std=6.12 min=-13.35 max=9.06) V(s)(mean=-5.41 std=5.10) reward(mean=-0.259 std=3.137) clip=50.0
[step 02000] eval_success_rate=0.880 eval_mean_score=15.880 eval_policy_mode=greedy [solved=44/50, score_range=15.00-16.00/16.0, initial=13.52]
[step 02000] PROGRESS: filled=15.88 violations=0.00 zero_cand=0.00
[step 02000] DEBUG: ep_len=3.7 ep_ret=2.289 stop_prob=0.000 score_chg=2.3125
[Checkpoint] Saved to /home/buiksat/trm_bellman/checkpoints/exp2_contraction_sweep/lz_095/seed43/rl_checkpoint_step_2000.pt
[step 02050] value_loss=20.003090 policy_loss=0.770634
[step 02050] VALUE_DEBUG: target(mean=-2.90 std=5.57 min=-15.79 max=6.84) V(s)(mean=-4.29 std=4.97) reward(mean=0.592 std=4.009) clip=50.0
[step 02100] opnorm clamp applied
[step 02100] value_loss=4.982270 policy_loss=-0.460851
[step 02100] VALUE_DEBUG: target(mean=-3.17 std=5.23 min=-15.74 max=6.04) V(s)(mean=-3.15 std=4.29) reward(mean=0.147 std=2.413) clip=50.0
[step 02100] eval_success_rate=0.860 eval_mean_score=15.740 eval_policy_mode=greedy [solved=43/50, score_range=13.00-16.00/16.0, initial=13.52]
[step 02100] PROGRESS: filled=15.74 violations=0.00 zero_cand=0.00
[step 02100] DEBUG: ep_len=3.5 ep_ret=2.423 stop_prob=0.000 score_chg=2.3875
[step 02150] value_loss=17.105721 policy_loss=0.970003
[step 02150] VALUE_DEBUG: target(mean=-4.17 std=6.02 min=-18.04 max=3.53) V(s)(mean=-3.50 std=3.85) reward(mean=-0.728 std=3.997) clip=50.0
[step 02200] opnorm clamp applied
[step 02200] value_loss=9.134589 policy_loss=0.081683
[step 02200] VALUE_DEBUG: target(mean=-2.78 std=6.14 min=-13.14 max=6.84) V(s)(mean=-3.80 std=5.23) reward(mean=0.837 std=2.554) clip=50.0
[step 02200] eval_success_rate=0.900 eval_mean_score=15.900 eval_policy_mode=greedy [solved=45/50, score_range=15.00-16.00/16.0, initial=13.52]
[step 02200] PROGRESS: filled=15.90 violations=0.00 zero_cand=0.00
[step 02200] DEBUG: ep_len=3.5 ep_ret=2.476 stop_prob=0.000 score_chg=2.3900
[step 02250] value_loss=17.444931 policy_loss=-0.375867
[step 02250] VALUE_DEBUG: target(mean=-5.54 std=6.08 min=-17.66 max=6.84) V(s)(mean=-4.51 std=4.70) reward(mean=-1.208 std=5.107) clip=50.0
[step 02300] opnorm clamp applied
[step 02300] value_loss=24.676069 policy_loss=0.777071
[step 02300] VALUE_DEBUG: target(mean=-3.24 std=5.97 min=-16.14 max=6.84) V(s)(mean=-3.35 std=4.68) reward(mean=0.038 std=4.841) clip=50.0
[step 02300] eval_success_rate=0.880 eval_mean_score=15.800 eval_policy_mode=greedy [solved=44/50, score_range=14.00-16.00/16.0, initial=13.52]
[step 02300] PROGRESS: filled=15.80 violations=0.00 zero_cand=0.00
[step 02300] DEBUG: ep_len=3.6 ep_ret=2.280 stop_prob=0.000 score_chg=2.4275
[step 02350] value_loss=26.525343 policy_loss=-0.050105
[step 02350] VALUE_DEBUG: target(mean=-2.64 std=7.19 min=-22.04 max=9.60) V(s)(mean=-2.75 std=5.51) reward(mean=0.003 std=4.965) clip=50.0
[step 02400] opnorm clamp applied
[step 02400] value_loss=20.674446 policy_loss=-0.257526
[step 02400] VALUE_DEBUG: target(mean=-3.27 std=6.06 min=-22.04 max=6.66) V(s)(mean=-2.75 std=4.17) reward(mean=-0.707 std=5.123) clip=50.0
[step 02400] eval_success_rate=0.960 eval_mean_score=15.960 eval_policy_mode=greedy [solved=48/50, score_range=15.00-16.00/16.0, initial=13.52]
[step 02400] PROGRESS: filled=15.96 violations=0.00 zero_cand=0.00
[step 02400] DEBUG: ep_len=3.3 ep_ret=2.613 stop_prob=0.000 score_chg=2.4150
[step 02450] value_loss=4.350062 policy_loss=0.376857
[step 02450] VALUE_DEBUG: target(mean=-4.11 std=5.16 min=-16.10 max=2.44) V(s)(mean=-3.46 std=4.81) reward(mean=-1.385 std=3.611) clip=50.0
[step 02500] opnorm clamp applied
[step 02500] value_loss=16.635876 policy_loss=0.306162
[step 02500] VALUE_DEBUG: target(mean=-1.87 std=5.90 min=-16.15 max=9.40) V(s)(mean=-2.89 std=4.13) reward(mean=0.901 std=4.350) clip=50.0
[step 02500] eval_success_rate=0.940 eval_mean_score=15.900 eval_policy_mode=greedy [solved=47/50, score_range=14.00-16.00/16.0, initial=13.52]
[step 02500] PROGRESS: filled=15.90 violations=0.00 zero_cand=0.00
[step 02500] DEBUG: ep_len=3.3 ep_ret=2.453 stop_prob=0.000 score_chg=2.3400
[step 02550] value_loss=9.706285 policy_loss=0.497169
[step 02550] VALUE_DEBUG: target(mean=-2.74 std=4.87 min=-16.15 max=5.57) V(s)(mean=-3.78 std=4.09) reward(mean=0.190 std=3.674) clip=50.0
[step 02600] opnorm clamp applied
[step 02600] value_loss=31.952484 policy_loss=0.545982
[step 02600] VALUE_DEBUG: target(mean=-1.68 std=5.78 min=-16.10 max=8.22) V(s)(mean=-0.95 std=3.01) reward(mean=-0.891 std=4.914) clip=50.0
[step 02600] eval_success_rate=0.960 eval_mean_score=15.920 eval_policy_mode=greedy [solved=48/50, score_range=14.00-16.00/16.0, initial=13.52]
[step 02600] PROGRESS: filled=15.92 violations=0.00 zero_cand=0.00
[step 02600] DEBUG: ep_len=3.3 ep_ret=2.708 stop_prob=0.000 score_chg=2.4675
[step 02650] value_loss=16.971706 policy_loss=0.396074
[step 02650] VALUE_DEBUG: target(mean=-2.58 std=6.21 min=-22.04 max=6.54) V(s)(mean=-2.39 std=4.39) reward(mean=-0.238 std=4.465) clip=50.0
[step 02700] opnorm clamp applied
[step 02700] value_loss=14.004798 policy_loss=0.429869
[step 02700] VALUE_DEBUG: target(mean=-1.80 std=5.51 min=-15.88 max=7.66) V(s)(mean=-1.07 std=3.60) reward(mean=-0.113 std=3.726) clip=50.0
[step 02700] eval_success_rate=0.940 eval_mean_score=15.900 eval_policy_mode=greedy [solved=47/50, score_range=14.00-16.00/16.0, initial=13.52]
[step 02700] PROGRESS: filled=15.90 violations=0.00 zero_cand=0.00
[step 02700] DEBUG: ep_len=3.3 ep_ret=2.485 stop_prob=0.000 score_chg=2.3750
[step 02750] value_loss=6.888341 policy_loss=0.873041
[step 02750] VALUE_DEBUG: target(mean=-2.17 std=4.92 min=-14.13 max=6.84) V(s)(mean=-1.60 std=3.57) reward(mean=-0.178 std=2.785) clip=50.0
[step 02800] opnorm clamp applied
[step 02800] value_loss=9.043476 policy_loss=0.620185
[step 02800] VALUE_DEBUG: target(mean=-3.39 std=6.39 min=-16.15 max=6.84) V(s)(mean=-3.66 std=5.27) reward(mean=-0.302 std=4.186) clip=50.0
[step 02800] eval_success_rate=0.960 eval_mean_score=15.880 eval_policy_mode=greedy [solved=48/50, score_range=13.00-16.00/16.0, initial=13.52]
[step 02800] PROGRESS: filled=15.88 violations=0.00 zero_cand=0.00
[step 02800] DEBUG: ep_len=3.4 ep_ret=2.427 stop_prob=0.000 score_chg=2.4125
[step 02850] value_loss=14.659898 policy_loss=0.240634
[step 02850] VALUE_DEBUG: target(mean=-1.18 std=5.75 min=-18.88 max=6.84) V(s)(mean=-1.68 std=4.00) reward(mean=0.696 std=3.564) clip=50.0
[step 02900] opnorm clamp applied
[step 02900] value_loss=4.315279 policy_loss=0.617295
[step 02900] VALUE_DEBUG: target(mean=-2.47 std=4.26 min=-13.64 max=6.84) V(s)(mean=-2.81 std=3.65) reward(mean=0.641 std=2.401) clip=50.0
[step 02900] eval_success_rate=0.940 eval_mean_score=15.900 eval_policy_mode=greedy [solved=47/50, score_range=14.00-16.00/16.0, initial=13.52]
[step 02900] PROGRESS: filled=15.90 violations=0.00 zero_cand=0.00
[step 02900] DEBUG: ep_len=3.2 ep_ret=2.483 stop_prob=0.000 score_chg=2.3075
[step 02950] value_loss=10.606200 policy_loss=0.213215
[step 02950] VALUE_DEBUG: target(mean=-2.24 std=5.54 min=-16.00 max=9.33) V(s)(mean=-2.45 std=4.16) reward(mean=0.097 std=3.605) clip=50.0
[step 03000] opnorm clamp applied
[step 03000] value_loss=11.471334 policy_loss=-0.087348
[step 03000] VALUE_DEBUG: target(mean=-3.48 std=6.87 min=-20.90 max=7.79) V(s)(mean=-3.02 std=5.13) reward(mean=-0.271 std=3.818) clip=50.0
[step 03000] eval_success_rate=0.940 eval_mean_score=15.900 eval_policy_mode=greedy [solved=47/50, score_range=14.00-16.00/16.0, initial=13.52]
[step 03000] PROGRESS: filled=15.90 violations=0.00 zero_cand=0.00
[step 03000] DEBUG: ep_len=3.4 ep_ret=2.562 stop_prob=0.000 score_chg=2.4600
[Checkpoint] Saved to /home/buiksat/trm_bellman/checkpoints/exp2_contraction_sweep/lz_095/seed43/rl_checkpoint_step_3000.pt
[step 03050] value_loss=7.368918 policy_loss=-0.715404
[step 03050] VALUE_DEBUG: target(mean=-4.41 std=5.48 min=-16.08 max=4.36) V(s)(mean=-4.15 std=4.82) reward(mean=-0.953 std=3.736) clip=50.0
[step 03100] opnorm clamp applied
[step 03100] value_loss=22.673697 policy_loss=0.186799
[step 03100] VALUE_DEBUG: target(mean=-3.55 std=6.55 min=-22.00 max=2.42) V(s)(mean=-1.75 std=4.37) reward(mean=-1.489 std=5.175) clip=50.0
[step 03100] eval_success_rate=0.940 eval_mean_score=15.900 eval_policy_mode=greedy [solved=47/50, score_range=14.00-16.00/16.0, initial=13.52]
[step 03100] PROGRESS: filled=15.90 violations=0.00 zero_cand=0.00
[step 03100] DEBUG: ep_len=3.3 ep_ret=2.432 stop_prob=0.000 score_chg=2.3550
[step 03150] value_loss=8.259202 policy_loss=0.058752
[step 03150] VALUE_DEBUG: target(mean=-1.76 std=5.54 min=-14.29 max=6.84) V(s)(mean=-2.29 std=4.31) reward(mean=0.422 std=2.952) clip=50.0
[step 03200] opnorm clamp applied
[step 03200] value_loss=12.910347 policy_loss=0.757981
[step 03200] VALUE_DEBUG: target(mean=-0.94 std=4.37 min=-16.09 max=6.84) V(s)(mean=-0.32 std=3.05) reward(mean=-0.342 std=3.824) clip=50.0
[step 03200] eval_success_rate=0.960 eval_mean_score=15.960 eval_policy_mode=greedy [solved=48/50, score_range=15.00-16.00/16.0, initial=13.52]
[step 03200] PROGRESS: filled=15.96 violations=0.00 zero_cand=0.00
[step 03200] DEBUG: ep_len=3.1 ep_ret=2.571 stop_prob=0.000 score_chg=2.3450
[step 03250] value_loss=6.951623 policy_loss=0.142220
[step 03250] VALUE_DEBUG: target(mean=-0.06 std=4.31 min=-14.56 max=7.54) V(s)(mean=-1.15 std=3.56) reward(mean=1.087 std=2.496) clip=50.0
[step 03300] opnorm clamp applied
[step 03300] value_loss=9.511501 policy_loss=-0.299431
[step 03300] VALUE_DEBUG: target(mean=0.21 std=4.09 min=-11.65 max=7.07) V(s)(mean=-0.59 std=2.96) reward(mean=0.937 std=2.721) clip=50.0
[step 03300] eval_success_rate=0.960 eval_mean_score=15.920 eval_policy_mode=greedy [solved=48/50, score_range=14.00-16.00/16.0, initial=13.52]
[step 03300] PROGRESS: filled=15.92 violations=0.00 zero_cand=0.00
[step 03300] DEBUG: ep_len=3.2 ep_ret=2.460 stop_prob=0.000 score_chg=2.3300
[step 03350] value_loss=11.483679 policy_loss=-0.071704
[step 03350] VALUE_DEBUG: target(mean=-0.57 std=4.77 min=-16.10 max=6.84) V(s)(mean=-0.15 std=4.00) reward(mean=0.424 std=3.686) clip=50.0
[step 03400] opnorm clamp applied
[step 03400] value_loss=7.548684 policy_loss=0.856760
[step 03400] VALUE_DEBUG: target(mean=-2.14 std=5.75 min=-20.62 max=6.84) V(s)(mean=-2.08 std=4.80) reward(mean=-0.401 std=3.043) clip=50.0
[step 03400] eval_success_rate=0.960 eval_mean_score=15.920 eval_policy_mode=greedy [solved=48/50, score_range=14.00-16.00/16.0, initial=13.52]
[step 03400] PROGRESS: filled=15.92 violations=0.00 zero_cand=0.00
[step 03400] DEBUG: ep_len=3.3 ep_ret=2.322 stop_prob=0.000 score_chg=2.3775
[step 03450] value_loss=3.171106 policy_loss=-0.637403
[step 03450] VALUE_DEBUG: target(mean=-1.05 std=4.30 min=-14.93 max=6.84) V(s)(mean=-0.97 std=4.08) reward(mean=0.321 std=2.216) clip=50.0
[step 03500] opnorm clamp applied
[step 03500] value_loss=12.740336 policy_loss=0.224060
[step 03500] VALUE_DEBUG: target(mean=-1.13 std=5.75 min=-16.10 max=8.13) V(s)(mean=-2.70 std=5.60) reward(mean=0.074 std=4.278) clip=50.0
[step 03500] eval_success_rate=0.960 eval_mean_score=15.920 eval_policy_mode=greedy [solved=48/50, score_range=14.00-16.00/16.0, initial=13.52]
[step 03500] PROGRESS: filled=15.92 violations=0.00 zero_cand=0.00
[step 03500] DEBUG: ep_len=3.0 ep_ret=2.555 stop_prob=0.000 score_chg=2.3200
[step 03550] value_loss=3.802083 policy_loss=0.456390
[step 03550] VALUE_DEBUG: target(mean=-0.17 std=4.54 min=-14.05 max=6.84) V(s)(mean=-0.48 std=4.10) reward(mean=0.470 std=2.150) clip=50.0
[step 03600] opnorm clamp applied
[step 03600] value_loss=3.654336 policy_loss=1.050266
[step 03600] VALUE_DEBUG: target(mean=-1.23 std=5.72 min=-19.18 max=5.77) V(s)(mean=-1.05 std=5.06) reward(mean=-0.546 std=2.200) clip=50.0
[step 03600] eval_success_rate=0.960 eval_mean_score=15.960 eval_policy_mode=greedy [solved=48/50, score_range=15.00-16.00/16.0, initial=13.52]
[step 03600] PROGRESS: filled=15.96 violations=0.00 zero_cand=0.00
[step 03600] DEBUG: ep_len=3.3 ep_ret=2.654 stop_prob=0.000 score_chg=2.4950
[step 03650] value_loss=21.769785 policy_loss=0.295720
[step 03650] VALUE_DEBUG: target(mean=-2.02 std=6.26 min=-20.04 max=4.80) V(s)(mean=-0.98 std=4.57) reward(mean=-0.619 std=5.328) clip=50.0
[step 03700] opnorm clamp applied
[step 03700] value_loss=10.805618 policy_loss=-0.510624
[step 03700] VALUE_DEBUG: target(mean=-1.32 std=6.10 min=-15.98 max=6.84) V(s)(mean=-0.95 std=5.53) reward(mean=-0.188 std=3.720) clip=50.0
[step 03700] eval_success_rate=0.960 eval_mean_score=15.960 eval_policy_mode=greedy [solved=48/50, score_range=15.00-16.00/16.0, initial=13.52]
[step 03700] PROGRESS: filled=15.96 violations=0.00 zero_cand=0.00
[step 03700] DEBUG: ep_len=3.1 ep_ret=2.484 stop_prob=0.000 score_chg=2.3975
[step 03750] value_loss=13.335613 policy_loss=-0.356952
[step 03750] VALUE_DEBUG: target(mean=-0.81 std=5.59 min=-13.98 max=7.38) V(s)(mean=-1.17 std=4.36) reward(mean=0.572 std=3.203) clip=50.0
[step 03800] opnorm clamp applied
[step 03800] value_loss=10.399689 policy_loss=0.070644
[step 03800] VALUE_DEBUG: target(mean=-0.98 std=5.08 min=-16.10 max=4.82) V(s)(mean=-0.96 std=3.38) reward(mean=-0.514 std=3.960) clip=50.0
[step 03800] eval_success_rate=0.960 eval_mean_score=15.960 eval_policy_mode=greedy [solved=48/50, score_range=15.00-16.00/16.0, initial=13.52]
[step 03800] PROGRESS: filled=15.96 violations=0.00 zero_cand=0.00
[step 03800] DEBUG: ep_len=3.1 ep_ret=2.421 stop_prob=0.000 score_chg=2.3325
[step 03850] value_loss=5.824234 policy_loss=0.696583
[step 03850] VALUE_DEBUG: target(mean=-1.56 std=4.94 min=-14.36 max=6.84) V(s)(mean=-2.21 std=4.90) reward(mean=0.827 std=2.534) clip=50.0
[step 03900] opnorm clamp applied
[step 03900] value_loss=9.952504 policy_loss=0.034518
[step 03900] VALUE_DEBUG: target(mean=-0.43 std=5.99 min=-15.83 max=11.73) V(s)(mean=-1.36 std=5.06) reward(mean=1.062 std=2.841) clip=50.0
[step 03900] eval_success_rate=0.960 eval_mean_score=15.960 eval_policy_mode=greedy [solved=48/50, score_range=15.00-16.00/16.0, initial=13.52]
[step 03900] PROGRESS: filled=15.96 violations=0.00 zero_cand=0.00
[step 03900] DEBUG: ep_len=3.3 ep_ret=2.551 stop_prob=0.000 score_chg=2.4300
[step 03950] value_loss=20.512695 policy_loss=0.032858
[step 03950] VALUE_DEBUG: target(mean=-0.02 std=6.13 min=-22.09 max=10.54) V(s)(mean=-0.01 std=4.13) reward(mean=0.490 std=4.655) clip=50.0
[step 04000] opnorm clamp applied
[step 04000] value_loss=11.228678 policy_loss=1.706565
[step 04000] VALUE_DEBUG: target(mean=-0.68 std=6.29 min=-16.10 max=11.96) V(s)(mean=-0.98 std=5.17) reward(mean=0.654 std=3.503) clip=50.0
[step 04000] eval_success_rate=0.960 eval_mean_score=15.960 eval_policy_mode=greedy [solved=48/50, score_range=15.00-16.00/16.0, initial=13.52]
[step 04000] PROGRESS: filled=15.96 violations=0.00 zero_cand=0.00
[step 04000] DEBUG: ep_len=3.3 ep_ret=2.402 stop_prob=0.000 score_chg=2.4175
[Checkpoint] Saved to /home/buiksat/trm_bellman/checkpoints/exp2_contraction_sweep/lz_095/seed43/rl_checkpoint_step_4000.pt
[step 04050] value_loss=2.990052 policy_loss=-0.279140
[step 04050] VALUE_DEBUG: target(mean=-0.45 std=3.77 min=-16.08 max=6.11) V(s)(mean=-0.70 std=3.59) reward(mean=0.562 std=1.670) clip=50.0
[step 04100] opnorm clamp applied
[step 04100] value_loss=9.257915 policy_loss=0.337495
[step 04100] VALUE_DEBUG: target(mean=-1.47 std=7.11 min=-22.09 max=7.98) V(s)(mean=-1.29 std=5.72) reward(mean=-0.312 std=5.307) clip=50.0
[step 04100] eval_success_rate=0.960 eval_mean_score=15.960 eval_policy_mode=greedy [solved=48/50, score_range=15.00-16.00/16.0, initial=13.52]
[step 04100] PROGRESS: filled=15.96 violations=0.00 zero_cand=0.00
[step 04100] DEBUG: ep_len=2.9 ep_ret=2.696 stop_prob=0.000 score_chg=2.3675
[step 04150] value_loss=6.514879 policy_loss=0.727073
[step 04150] VALUE_DEBUG: target(mean=-1.92 std=5.83 min=-16.08 max=4.51) V(s)(mean=-1.69 std=5.34) reward(mean=-0.325 std=2.538) clip=50.0
[step 04200] opnorm clamp applied
[step 04200] value_loss=8.203895 policy_loss=1.144426
[step 04200] VALUE_DEBUG: target(mean=-1.75 std=7.34 min=-22.09 max=7.74) V(s)(mean=-2.01 std=6.18) reward(mean=-0.106 std=4.738) clip=50.0
[step 04200] eval_success_rate=0.960 eval_mean_score=15.960 eval_policy_mode=greedy [solved=48/50, score_range=15.00-16.00/16.0, initial=13.52]
[step 04200] PROGRESS: filled=15.96 violations=0.00 zero_cand=0.00
[step 04200] DEBUG: ep_len=3.1 ep_ret=2.265 stop_prob=0.000 score_chg=2.2575
[step 04250] value_loss=1.546199 policy_loss=0.044872
[step 04250] VALUE_DEBUG: target(mean=-1.39 std=6.58 min=-16.15 max=7.69) V(s)(mean=-1.70 std=6.17) reward(mean=0.657 std=1.251) clip=50.0
[step 04300] opnorm clamp applied
[step 04300] value_loss=33.370884 policy_loss=0.152628
[step 04300] VALUE_DEBUG: target(mean=-2.10 std=7.60 min=-20.04 max=7.92) V(s)(mean=-0.42 std=5.21) reward(mean=-1.252 std=6.179) clip=50.0
[step 04300] eval_success_rate=0.960 eval_mean_score=15.960 eval_policy_mode=greedy [solved=48/50, score_range=15.00-16.00/16.0, initial=13.52]
[step 04300] PROGRESS: filled=15.96 violations=0.00 zero_cand=0.00
[step 04300] DEBUG: ep_len=3.3 ep_ret=2.194 stop_prob=0.000 score_chg=2.3900
[step 04350] value_loss=6.912807 policy_loss=-0.101866
[step 04350] VALUE_DEBUG: target(mean=-1.06 std=4.73 min=-16.10 max=6.84) V(s)(mean=-1.12 std=4.19) reward(mean=0.257 std=2.697) clip=50.0
[step 04400] opnorm clamp applied
[step 04400] value_loss=14.036819 policy_loss=0.768085
[step 04400] VALUE_DEBUG: target(mean=-1.79 std=7.94 min=-21.44 max=9.86) V(s)(mean=-1.24 std=6.18) reward(mean=-0.122 std=3.542) clip=50.0
[step 04400] eval_success_rate=0.960 eval_mean_score=15.960 eval_policy_mode=greedy [solved=48/50, score_range=15.00-16.00/16.0, initial=13.52]
[step 04400] PROGRESS: filled=15.96 violations=0.00 zero_cand=0.00
[step 04400] DEBUG: ep_len=3.2 ep_ret=2.238 stop_prob=0.000 score_chg=2.3300
[step 04450] value_loss=11.418645 policy_loss=0.357190
[step 04450] VALUE_DEBUG: target(mean=-1.04 std=6.94 min=-22.08 max=6.84) V(s)(mean=-0.73 std=5.32) reward(mean=-0.323 std=4.721) clip=50.0
[step 04500] opnorm clamp applied
[step 04500] value_loss=1.710801 policy_loss=-0.086475
[step 04500] VALUE_DEBUG: target(mean=-1.41 std=5.39 min=-16.25 max=6.84) V(s)(mean=-1.47 std=5.04) reward(mean=-0.102 std=3.352) clip=50.0
[step 04500] eval_success_rate=0.960 eval_mean_score=15.960 eval_policy_mode=greedy [solved=48/50, score_range=15.00-16.00/16.0, initial=13.52]
[step 04500] PROGRESS: filled=15.96 violations=0.00 zero_cand=0.00
[step 04500] DEBUG: ep_len=3.2 ep_ret=2.521 stop_prob=0.000 score_chg=2.4425
[step 04550] value_loss=1.746308 policy_loss=-0.467511
[step 04550] VALUE_DEBUG: target(mean=-0.64 std=5.30 min=-16.23 max=6.11) V(s)(mean=-1.32 std=5.03) reward(mean=0.918 std=1.114) clip=50.0
[step 04600] opnorm clamp applied
[step 04600] value_loss=4.610154 policy_loss=-0.271059
[step 04600] VALUE_DEBUG: target(mean=-1.42 std=5.51 min=-16.15 max=5.62) V(s)(mean=-1.63 std=5.62) reward(mean=0.062 std=3.841) clip=50.0
[step 04600] eval_success_rate=0.960 eval_mean_score=15.920 eval_policy_mode=greedy [solved=48/50, score_range=14.00-16.00/16.0, initial=13.52]
[step 04600] PROGRESS: filled=15.92 violations=0.00 zero_cand=0.00
[step 04600] DEBUG: ep_len=2.9 ep_ret=2.653 stop_prob=0.000 score_chg=2.3125
[step 04650] value_loss=1.599065 policy_loss=0.011884
[step 04650] VALUE_DEBUG: target(mean=0.48 std=4.48 min=-14.86 max=6.84) V(s)(mean=-0.06 std=4.24) reward(mean=0.890 std=1.860) clip=50.0
[step 04700] opnorm clamp applied
[step 04700] value_loss=3.398792 policy_loss=0.118130
[step 04700] VALUE_DEBUG: target(mean=-1.08 std=6.37 min=-22.39 max=6.89) V(s)(mean=-0.92 std=5.44) reward(mean=-0.502 std=3.407) clip=50.0
[step 04700] eval_success_rate=0.960 eval_mean_score=15.960 eval_policy_mode=greedy [solved=48/50, score_range=15.00-16.00/16.0, initial=13.52]
[step 04700] PROGRESS: filled=15.96 violations=0.00 zero_cand=0.00
[step 04700] DEBUG: ep_len=2.9 ep_ret=2.733 stop_prob=0.000 score_chg=2.3600
[step 04750] value_loss=8.044943 policy_loss=0.483879
[step 04750] VALUE_DEBUG: target(mean=-2.67 std=7.97 min=-19.61 max=6.84) V(s)(mean=-2.43 std=6.85) reward(mean=-0.183 std=4.303) clip=50.0
[step 04800] opnorm clamp applied
[step 04800] value_loss=3.266223 policy_loss=0.588391
[step 04800] VALUE_DEBUG: target(mean=-0.40 std=4.84 min=-14.02 max=8.29) V(s)(mean=-0.69 std=4.61) reward(mean=0.433 std=1.950) clip=50.0
[step 04800] eval_success_rate=0.960 eval_mean_score=15.960 eval_policy_mode=greedy [solved=48/50, score_range=15.00-16.00/16.0, initial=13.52]
[step 04800] PROGRESS: filled=15.96 violations=0.00 zero_cand=0.00
[step 04800] DEBUG: ep_len=3.2 ep_ret=2.651 stop_prob=0.000 score_chg=2.4400
[step 04850] value_loss=6.423917 policy_loss=-0.403055
[step 04850] VALUE_DEBUG: target(mean=-0.42 std=4.50 min=-15.50 max=6.84) V(s)(mean=-0.27 std=3.72) reward(mean=0.088 std=2.840) clip=50.0
[step 04900] opnorm clamp applied
[step 04900] value_loss=5.603877 policy_loss=0.021304
[step 04900] VALUE_DEBUG: target(mean=1.27 std=4.49 min=-16.50 max=7.04) V(s)(mean=0.85 std=3.72) reward(mean=0.903 std=2.614) clip=50.0
[step 04900] eval_success_rate=0.960 eval_mean_score=15.960 eval_policy_mode=greedy [solved=48/50, score_range=15.00-16.00/16.0, initial=13.52]
[step 04900] PROGRESS: filled=15.96 violations=0.00 zero_cand=0.00
[step 04900] DEBUG: ep_len=3.5 ep_ret=1.956 stop_prob=0.000 score_chg=2.2950
[step 04950] value_loss=15.243891 policy_loss=0.395111
[step 04950] VALUE_DEBUG: target(mean=-1.21 std=6.57 min=-16.43 max=8.54) V(s)(mean=-0.59 std=5.35) reward(mean=-0.230 std=4.110) clip=50.0
[step 05000] opnorm clamp applied
[step 05000] value_loss=6.295185 policy_loss=0.170563
[step 05000] VALUE_DEBUG: target(mean=-1.32 std=6.18 min=-16.40 max=9.43) V(s)(mean=-1.58 std=5.21) reward(mean=0.465 std=2.658) clip=50.0
[step 05000] eval_success_rate=0.960 eval_mean_score=15.960 eval_policy_mode=greedy [solved=48/50, score_range=15.00-16.00/16.0, initial=13.52]
[step 05000] PROGRESS: filled=15.96 violations=0.00 zero_cand=0.00
[step 05000] DEBUG: ep_len=3.1 ep_ret=2.436 stop_prob=0.000 score_chg=2.3375
[Checkpoint] Saved to /home/buiksat/trm_bellman/checkpoints/exp2_contraction_sweep/lz_095/seed43/rl_checkpoint_step_5000.pt
[Checkpoint] Saved to /home/buiksat/trm_bellman/checkpoints/exp2_contraction_sweep/lz_095/seed43/rl_checkpoint_step_5000.pt
