[2026-01-17T14:00:22.899-08:00] Buck UI: https://www.internalfb.com/buck2/f75a6ec1-6f44-4029-b023-b518fcd333f7
[2026-01-17T14:00:29.991-08:00] Waiting on buck2 daemon f75a6ec1-6f44-4029-b023-b518fcd333f7...
[2026-01-17T14:00:29.991-08:00] Network: Up:   0B             Down:   0B           
[2026-01-17T14:00:29.991-08:00] Resource usage: RSS: 37GiB CPU: 107%
[2026-01-17T14:00:29.991-08:00] IO: none
[2026-01-17T14:00:31.770-08:00] Network: Up: 0B  Down: 0B
BUILD SUCCEEDED - starting your binary
[INFO] Using feasibility-aware Sudoku checker for 4x4
       score = filled - 2.0*violations - 5.0*zeroCand
       Max score: 16 (all filled, no violations)
[INFO] Training for 5000 steps (gamma=0.990, K=1, inner_unroll_n=2)
[INFO] Terminal rewards: solve=1.000, fail=-16.000
/data/repos/fbsource/buck-out/v2/gen/fbcode/7bc20b5dff24e379/buiksat_trm/__upi_trm_train__/upi_trm_train#link-tree/upi_trm_train.py:879: UserWarning: rl_enable_contraction=True: Applying operator-norm clamping and contraction scaling to z->z path layers. This is REQUIRED for Assumption 3.2 (L_z < 1) but will modify network behavior. Pretrained weights from vanilla TRM may require fine-tuning.
  model = TinyRecursiveReasoningModel_ACTV1(trm_cfg_dict)
[INFO] Using TRM backbone (hidden=64, H=2, L=2)
[DEBUG] Policy head STOP bias: 0.00 (should be 0.0 for uniform init)
[INFO] Puzzle embeddings DISABLED (set --puzzle-emb-ndim > 0 to enable)
/data/repos/fbsource/buck-out/v2/gen/fbcode/7bc20b5dff24e379/buiksat_trm/__upi_trm_train__/upi_trm_train#link-tree/torch/cuda/__init__.py:373: UserWarning: Found GPU0 NVIDIA PG509-210 which is of compute capability (CC) 8.0.
The following list shows the CCs this version of PyTorch was built for and the hardware CCs it supports:
Please follow the instructions at https://pytorch.org/get-started/locally/ to install a PyTorch release that supports one of these CUDA versions: 12.6, 12.8, 13.0
  _warn_unsupported_code(d, device_cc, code_ccs)
/data/repos/fbsource/buck-out/v2/gen/fbcode/7bc20b5dff24e379/buiksat_trm/__upi_trm_train__/upi_trm_train#link-tree/torch/cuda/__init__.py:373: UserWarning: Found GPU1 NVIDIA PG509-210 which is of compute capability (CC) 8.0.
The following list shows the CCs this version of PyTorch was built for and the hardware CCs it supports:
Please follow the instructions at https://pytorch.org/get-started/locally/ to install a PyTorch release that supports one of these CUDA versions: 12.6, 12.8, 13.0
  _warn_unsupported_code(d, device_cc, code_ccs)
INFO:2026-01-17 14:00:38 3967146:3967146 CuptiCallbackApi.cpp:74] Callback: domain = 3, cbid = 1
INFO:2026-01-17 14:00:38 3967146:3967146 CuptiActivityProfiler.cpp:245] CUDA versions. CUPTI: 22; Runtime: 12040; Driver: 12040
INFO:2026-01-17 14:00:38 3967146:3974787 FBConfig.cpp:330] Perfetto builder enabled: 1
INFO:2026-01-17 14:00:38 3967146:3974787 DynoConfigLoader.cpp:61] Setting communication fabric enabled = 0
/data/repos/fbsource/buck-out/v2/gen/fbcode/7bc20b5dff24e379/buiksat_trm/__upi_trm_train__/upi_trm_train#link-tree/rl/upi_trm_trainer.py:93: UserWarning: rl_enable_contraction=True: Applying operator-norm clamping and contraction scaling to z->z path layers. This is REQUIRED for Assumption 3.2 (L_z < 1) but will modify network behavior. Pretrained weights from vanilla TRM may require fine-tuning.
  self.target_model = TinyRecursiveReasoningModel_ACTV1(self._config_to_dict(self.model.config)).to(device)
/data/repos/fbsource/buck-out/v2/gen/fbcode/7bc20b5dff24e379/buiksat_trm/__upi_trm_train__/upi_trm_train#link-tree/rl/upi_trm_trainer.py:103: UserWarning: rl_enable_contraction=True: Applying operator-norm clamping and contraction scaling to z->z path layers. This is REQUIRED for Assumption 3.2 (L_z < 1) but will modify network behavior. Pretrained weights from vanilla TRM may require fine-tuning.
  self.policy_model_candidate = TinyRecursiveReasoningModel_ACTV1(
INFO:2026-01-17 14:00:38 3967146:3974787 DynoConfigLoader.cpp:61] Setting communication fabric enabled = 0
TritonTraceHandler: disabled because /logs does not exist
===========[FB_TRITON]=========== Triton Version: 3.3.2+fb
[INFO] Using UPI-TRM algorithm (K=1, inner_n=2)

============================================================
UPI-TRM THEORY ALIGNMENT CHECK
============================================================
⚠ Configuration has theory gaps:
  • exact_baseline_summation=False: Using approximate baseline. This gives O(ε_A/(1-γ)) bound instead of O(α·ε_A) from Theorem 5.9. For discrete action spaces (Sudoku), enable for tighter bounds.
  • theory_exact_mixture=False: Using parameter-space interpolation for CPI, which is NOT equivalent to policy-space mixture. The CPI improvement guarantee does not strictly apply. Set theory_exact_mixture=True for theory-exact behavior (but slower due to evaluating two networks).

Theory status:
  Forward-invariant projection: ✓
  Contraction enforced (L_z < 1): ✓
  Exact baseline (Thm 5.9): ✗
  Distillation (not in theory): ✓ disabled

Is theory-exact: False
============================================================

UPI-TRM theoretical dials:
  L_z target (rl_cfg.target_Lz): 0.95
  L_V target (rl_cfg.target_Lv): 1.0
  Inner unroll n (rl_cfg.inner_unroll_n): 2
  K-step horizon K (rl_cfg.K): 1
  Mixture alpha (rl_cfg.mixture_alpha): 0.1
  Latent ball radius (rl_cfg.latent_ball_radius): 10.0
  Episodic latent: True
  Exact K-step targets: False
  Exact baseline summation: False

[INFO] STOP action mode: disabled
[INFO] Forward-invariant projection enabled (R=10.0)
[WandB] Disabled by default (enable with: --wandb)
[DEBUG] Action mask: 4 valid actions out of 97 total
[DEBUG] Latent mode: episodic
[DEBUG] Step 0 probs: STOP=0.000000, edits=1.000000
[DEBUG] Top 5 action probs: torch.return_types.topk(
values=tensor([0.3158, 0.2470, 0.2191, 0.2180, 0.0000], device='cuda:0',
       grad_fn=<TopkBackward0>),
indices=tensor([74, 77, 75, 76,  0], device='cuda:0'))
[step 00050] value_loss=25.040901 policy_loss=0.643195
[step 00050] VALUE_DEBUG: target(mean=-0.72 std=4.91 min=-16.04 max=6.84) V(s)(mean=-0.88 std=0.29) reward(mean=-0.706 std=4.937) clip=50.0
[step 00100] opnorm clamp applied
[step 00100] value_loss=54.494530 policy_loss=0.217257
[step 00100] VALUE_DEBUG: target(mean=-3.20 std=7.22 min=-22.03 max=5.59) V(s)(mean=-1.46 std=0.66) reward(mean=-2.710 std=7.416) clip=50.0
[step 00100] eval_success_rate=0.200 eval_mean_score=12.460 eval_policy_mode=greedy [solved=10/50, score_range=-1.00-16.00/16.0, initial=13.52]
[step 00100] PROGRESS: filled=14.62 violations=0.98 zero_cand=0.04
[step 00100] DEBUG: ep_len=11.2 ep_ret=-13.419 stop_prob=0.000 score_chg=-4.6925
[step 00150] value_loss=14.669636 policy_loss=-0.499832
[step 00150] VALUE_DEBUG: target(mean=-1.42 std=3.91 min=-10.04 max=5.27) V(s)(mean=-1.60 std=0.65) reward(mean=-0.426 std=3.904) clip=50.0
[step 00200] opnorm clamp applied
[step 00200] value_loss=13.727541 policy_loss=-0.685635
[step 00200] VALUE_DEBUG: target(mean=-2.79 std=3.91 min=-10.06 max=6.84) V(s)(mean=-2.74 std=0.75) reward(mean=-1.275 std=3.737) clip=50.0
[step 00200] eval_success_rate=0.300 eval_mean_score=13.820 eval_policy_mode=greedy [solved=15/50, score_range=6.00-16.00/16.0, initial=13.52]
[step 00200] PROGRESS: filled=14.52 violations=0.30 zero_cand=0.02
[step 00200] DEBUG: ep_len=10.1 ep_ret=-10.319 stop_prob=0.000 score_chg=-2.9075
[step 00250] value_loss=28.905880 policy_loss=-2.592012
[step 00250] VALUE_DEBUG: target(mean=-2.59 std=5.66 min=-22.09 max=7.07) V(s)(mean=-2.90 std=1.12) reward(mean=-0.667 std=5.746) clip=50.0
[step 00300] opnorm clamp applied
[step 00300] value_loss=29.586758 policy_loss=-0.515687
[step 00300] VALUE_DEBUG: target(mean=-1.72 std=5.74 min=-14.00 max=6.84) V(s)(mean=-2.68 std=1.31) reward(mean=0.570 std=5.383) clip=50.0
[step 00300] eval_success_rate=0.320 eval_mean_score=14.520 eval_policy_mode=greedy [solved=16/50, score_range=13.00-16.00/16.0, initial=13.52]
[step 00300] PROGRESS: filled=14.52 violations=0.00 zero_cand=0.00
[step 00300] DEBUG: ep_len=9.3 ep_ret=-7.386 stop_prob=0.000 score_chg=-1.0125
[step 00350] value_loss=10.835875 policy_loss=-0.912274
[step 00350] VALUE_DEBUG: target(mean=-3.12 std=3.66 min=-12.55 max=4.47) V(s)(mean=-3.59 std=1.52) reward(mean=-0.695 std=3.363) clip=50.0
[step 00400] opnorm clamp applied
[step 00400] value_loss=26.007565 policy_loss=-1.414008
[step 00400] VALUE_DEBUG: target(mean=-4.51 std=5.34 min=-17.98 max=6.84) V(s)(mean=-4.15 std=1.25) reward(mean=-1.820 std=5.814) clip=50.0
[step 00400] eval_success_rate=0.320 eval_mean_score=14.540 eval_policy_mode=greedy [solved=16/50, score_range=13.00-16.00/16.0, initial=13.52]
[step 00400] PROGRESS: filled=14.54 violations=0.00 zero_cand=0.00
[step 00400] DEBUG: ep_len=7.8 ep_ret=-3.363 stop_prob=0.000 score_chg=1.0375
[step 00450] value_loss=23.662256 policy_loss=-0.169287
[step 00450] VALUE_DEBUG: target(mean=-4.84 std=5.02 min=-21.98 max=1.84) V(s)(mean=-5.00 std=1.49) reward(mean=-1.789 std=5.388) clip=50.0
[step 00500] opnorm clamp applied
[step 00500] value_loss=11.765043 policy_loss=0.648326
[step 00500] VALUE_DEBUG: target(mean=-4.50 std=4.17 min=-12.40 max=6.84) V(s)(mean=-4.61 std=2.15) reward(mean=-0.719 std=3.719) clip=50.0
[step 00500] eval_success_rate=0.400 eval_mean_score=14.720 eval_policy_mode=greedy [solved=20/50, score_range=13.00-16.00/16.0, initial=13.52]
[step 00500] PROGRESS: filled=14.72 violations=0.00 zero_cand=0.00
[step 00500] DEBUG: ep_len=7.4 ep_ret=-3.918 stop_prob=0.000 score_chg=0.8500
[step 00550] value_loss=14.381307 policy_loss=0.637115
[step 00550] VALUE_DEBUG: target(mean=-4.47 std=4.80 min=-12.02 max=6.84) V(s)(mean=-3.50 std=2.36) reward(mean=-0.627 std=3.897) clip=50.0
[step 00600] opnorm clamp applied
[step 00600] value_loss=21.902422 policy_loss=1.017138
[step 00600] VALUE_DEBUG: target(mean=-5.63 std=4.92 min=-16.15 max=1.64) V(s)(mean=-3.96 std=2.36) reward(mean=-1.989 std=5.200) clip=50.0
[step 00600] eval_success_rate=0.380 eval_mean_score=14.660 eval_policy_mode=greedy [solved=19/50, score_range=13.00-16.00/16.0, initial=13.52]
[step 00600] PROGRESS: filled=14.66 violations=0.00 zero_cand=0.00
[step 00600] DEBUG: ep_len=7.0 ep_ret=-2.689 stop_prob=0.000 score_chg=1.3425
[step 00650] value_loss=29.442608 policy_loss=0.609646
[step 00650] VALUE_DEBUG: target(mean=-5.48 std=5.50 min=-22.04 max=6.84) V(s)(mean=-4.50 std=2.78) reward(mean=-1.558 std=5.586) clip=50.0
[step 00700] opnorm clamp applied
[step 00700] value_loss=11.354383 policy_loss=0.951366
[step 00700] VALUE_DEBUG: target(mean=-5.13 std=4.28 min=-16.04 max=4.38) V(s)(mean=-4.85 std=2.78) reward(mean=-1.219 std=4.184) clip=50.0
[step 00700] eval_success_rate=0.380 eval_mean_score=14.580 eval_policy_mode=greedy [solved=19/50, score_range=13.00-16.00/16.0, initial=13.52]
[step 00700] PROGRESS: filled=14.58 violations=0.00 zero_cand=0.00
[step 00700] DEBUG: ep_len=6.4 ep_ret=-1.555 stop_prob=0.000 score_chg=1.5050
[step 00750] value_loss=34.298286 policy_loss=-0.407171
[step 00750] VALUE_DEBUG: target(mean=-7.02 std=5.61 min=-22.09 max=1.84) V(s)(mean=-5.45 std=2.81) reward(mean=-2.616 std=6.154) clip=50.0
[step 00800] opnorm clamp applied
[step 00800] value_loss=12.181115 policy_loss=-1.086858
[step 00800] VALUE_DEBUG: target(mean=-6.00 std=4.11 min=-15.10 max=1.84) V(s)(mean=-4.77 std=2.55) reward(mean=-1.160 std=4.217) clip=50.0
[step 00800] eval_success_rate=0.400 eval_mean_score=14.680 eval_policy_mode=greedy [solved=20/50, score_range=13.00-16.00/16.0, initial=13.52]
[step 00800] PROGRESS: filled=14.68 violations=0.00 zero_cand=0.00
[step 00800] DEBUG: ep_len=6.8 ep_ret=-2.219 stop_prob=0.000 score_chg=1.2525
[step 00850] value_loss=8.686941 policy_loss=0.398101
[step 00850] VALUE_DEBUG: target(mean=-5.98 std=3.38 min=-12.77 max=1.84) V(s)(mean=-5.98 std=2.45) reward(mean=-0.689 std=2.775) clip=50.0
[step 00900] opnorm clamp applied
[step 00900] value_loss=19.853321 policy_loss=1.182677
[step 00900] VALUE_DEBUG: target(mean=-4.52 std=5.40 min=-16.15 max=6.84) V(s)(mean=-4.67 std=3.17) reward(mean=-0.292 std=5.066) clip=50.0
[step 00900] eval_success_rate=0.440 eval_mean_score=14.780 eval_policy_mode=greedy [solved=22/50, score_range=13.00-16.00/16.0, initial=13.52]
[step 00900] PROGRESS: filled=14.78 violations=0.00 zero_cand=0.00
[step 00900] DEBUG: ep_len=6.1 ep_ret=-1.190 stop_prob=0.000 score_chg=1.5425
[step 00950] value_loss=8.152052 policy_loss=0.348912
[step 00950] VALUE_DEBUG: target(mean=-5.48 std=5.01 min=-16.14 max=1.84) V(s)(mean=-5.23 std=3.14) reward(mean=-1.290 std=4.632) clip=50.0
[step 01000] opnorm clamp applied
[step 01000] value_loss=8.620010 policy_loss=1.115159
[step 01000] VALUE_DEBUG: target(mean=-5.77 std=4.55 min=-16.14 max=4.72) V(s)(mean=-6.04 std=3.24) reward(mean=-0.242 std=3.760) clip=50.0
[step 01000] eval_success_rate=0.460 eval_mean_score=14.920 eval_policy_mode=greedy [solved=23/50, score_range=13.00-16.00/16.0, initial=13.52]
[step 01000] PROGRESS: filled=14.92 violations=0.00 zero_cand=0.00
[step 01000] DEBUG: ep_len=6.0 ep_ret=-0.961 stop_prob=0.000 score_chg=1.7100
[Checkpoint] Saved to /home/buiksat/trm_bellman/checkpoints/exp2_contraction_sweep/lz_095/seed42/rl_checkpoint_step_1000.pt
[step 01050] value_loss=9.897555 policy_loss=0.346838
[step 01050] VALUE_DEBUG: target(mean=-5.83 std=4.90 min=-14.77 max=2.61) V(s)(mean=-5.76 std=3.88) reward(mean=-0.705 std=2.787) clip=50.0
[step 01100] opnorm clamp applied
[step 01100] value_loss=13.667364 policy_loss=0.455604
[step 01100] VALUE_DEBUG: target(mean=-5.90 std=5.44 min=-16.78 max=6.84) V(s)(mean=-6.16 std=3.41) reward(mean=-0.383 std=4.248) clip=50.0
[step 01100] eval_success_rate=0.500 eval_mean_score=15.040 eval_policy_mode=greedy [solved=25/50, score_range=13.00-16.00/16.0, initial=13.52]
[step 01100] PROGRESS: filled=15.04 violations=0.00 zero_cand=0.00
[step 01100] DEBUG: ep_len=6.3 ep_ret=-1.311 stop_prob=0.000 score_chg=1.5750
[step 01150] value_loss=20.138584 policy_loss=0.438171
[step 01150] VALUE_DEBUG: target(mean=-7.51 std=4.79 min=-18.06 max=1.84) V(s)(mean=-5.99 std=3.15) reward(mean=-1.511 std=5.194) clip=50.0
[step 01200] opnorm clamp applied
[step 01200] value_loss=15.059441 policy_loss=-0.174870
[step 01200] VALUE_DEBUG: target(mean=-7.05 std=5.34 min=-17.31 max=4.25) V(s)(mean=-5.51 std=4.18) reward(mean=-1.348 std=4.266) clip=50.0
[step 01200] eval_success_rate=0.600 eval_mean_score=15.220 eval_policy_mode=greedy [solved=30/50, score_range=13.00-16.00/16.0, initial=13.52]
[step 01200] PROGRESS: filled=15.22 violations=0.00 zero_cand=0.00
[step 01200] DEBUG: ep_len=5.5 ep_ret=-0.200 stop_prob=0.000 score_chg=1.9200
[step 01250] value_loss=16.507872 policy_loss=0.464704
[step 01250] VALUE_DEBUG: target(mean=-5.43 std=6.09 min=-16.09 max=6.84) V(s)(mean=-6.33 std=4.35) reward(mean=-0.077 std=4.120) clip=50.0
[step 01300] opnorm clamp applied
[step 01300] value_loss=15.377453 policy_loss=0.700533
[step 01300] VALUE_DEBUG: target(mean=-7.13 std=6.17 min=-18.10 max=6.65) V(s)(mean=-5.79 std=4.99) reward(mean=-2.650 std=5.618) clip=50.0
[step 01300] eval_success_rate=0.640 eval_mean_score=15.280 eval_policy_mode=greedy [solved=32/50, score_range=13.00-16.00/16.0, initial=13.52]
[step 01300] PROGRESS: filled=15.28 violations=0.00 zero_cand=0.00
[step 01300] DEBUG: ep_len=5.1 ep_ret=0.783 stop_prob=0.000 score_chg=2.0825
[step 01350] value_loss=13.245340 policy_loss=-0.448190
[step 01350] VALUE_DEBUG: target(mean=-8.17 std=5.10 min=-22.04 max=1.98) V(s)(mean=-7.43 std=3.44) reward(mean=-1.568 std=5.032) clip=50.0
[step 01400] opnorm clamp applied
[step 01400] value_loss=10.011474 policy_loss=-0.013190
[step 01400] VALUE_DEBUG: target(mean=-5.70 std=5.71 min=-18.81 max=3.99) V(s)(mean=-6.27 std=3.93) reward(mean=-0.729 std=4.605) clip=50.0
[step 01400] eval_success_rate=0.600 eval_mean_score=15.240 eval_policy_mode=greedy [solved=30/50, score_range=13.00-16.00/16.0, initial=13.52]
[step 01400] PROGRESS: filled=15.24 violations=0.00 zero_cand=0.00
[step 01400] DEBUG: ep_len=4.9 ep_ret=0.679 stop_prob=0.000 score_chg=1.9900
[step 01450] value_loss=19.545956 policy_loss=-0.059362
[step 01450] VALUE_DEBUG: target(mean=-7.55 std=5.64 min=-16.15 max=6.80) V(s)(mean=-6.69 std=3.47) reward(mean=-2.208 std=5.911) clip=50.0
[step 01500] opnorm clamp applied
[step 01500] value_loss=13.103033 policy_loss=0.929029
[step 01500] VALUE_DEBUG: target(mean=-6.77 std=6.18 min=-17.14 max=6.84) V(s)(mean=-7.19 std=4.31) reward(mean=-0.164 std=3.062) clip=50.0
[step 01500] eval_success_rate=0.640 eval_mean_score=15.320 eval_policy_mode=greedy [solved=32/50, score_range=13.00-16.00/16.0, initial=13.52]
[step 01500] PROGRESS: filled=15.32 violations=0.00 zero_cand=0.00
[step 01500] DEBUG: ep_len=5.2 ep_ret=-0.539 stop_prob=0.000 score_chg=1.7950
[step 01550] value_loss=10.115713 policy_loss=0.164731
[step 01550] VALUE_DEBUG: target(mean=-6.84 std=5.12 min=-16.15 max=3.59) V(s)(mean=-6.86 std=4.11) reward(mean=-1.319 std=5.254) clip=50.0
[step 01600] opnorm clamp applied
[step 01600] value_loss=10.748290 policy_loss=0.832047
[step 01600] VALUE_DEBUG: target(mean=-5.79 std=6.45 min=-20.46 max=6.84) V(s)(mean=-5.27 std=4.85) reward(mean=-0.109 std=2.932) clip=50.0
[step 01600] eval_success_rate=0.660 eval_mean_score=15.440 eval_policy_mode=greedy [solved=33/50, score_range=13.00-16.00/16.0, initial=13.52]
[step 01600] PROGRESS: filled=15.44 violations=0.00 zero_cand=0.00
[step 01600] DEBUG: ep_len=5.3 ep_ret=-0.033 stop_prob=0.000 score_chg=1.9600
[step 01650] value_loss=8.947210 policy_loss=-0.143869
[step 01650] VALUE_DEBUG: target(mean=-5.07 std=4.49 min=-12.50 max=1.89) V(s)(mean=-4.49 std=3.98) reward(mean=-0.416 std=2.642) clip=50.0
[step 01700] opnorm clamp applied
[step 01700] value_loss=4.170759 policy_loss=0.403285
[step 01700] VALUE_DEBUG: target(mean=-4.82 std=5.75 min=-16.10 max=5.32) V(s)(mean=-4.54 std=5.50) reward(mean=-0.655 std=3.492) clip=50.0
[step 01700] eval_success_rate=0.740 eval_mean_score=15.440 eval_policy_mode=greedy [solved=37/50, score_range=13.00-16.00/16.0, initial=13.52]
[step 01700] PROGRESS: filled=15.44 violations=0.00 zero_cand=0.00
[step 01700] DEBUG: ep_len=4.6 ep_ret=0.649 stop_prob=0.000 score_chg=2.0525
[step 01750] value_loss=14.550820 policy_loss=0.073839
[step 01750] VALUE_DEBUG: target(mean=-5.25 std=5.65 min=-12.70 max=6.88) V(s)(mean=-6.65 std=4.18) reward(mean=0.666 std=3.302) clip=50.0
[step 01800] opnorm clamp applied
[step 01800] value_loss=11.788017 policy_loss=0.753501
[step 01800] VALUE_DEBUG: target(mean=-6.89 std=5.66 min=-20.97 max=3.94) V(s)(mean=-6.23 std=4.21) reward(mean=-0.594 std=4.117) clip=50.0
[step 01800] eval_success_rate=0.760 eval_mean_score=15.520 eval_policy_mode=greedy [solved=38/50, score_range=13.00-16.00/16.0, initial=13.52]
[step 01800] PROGRESS: filled=15.52 violations=0.00 zero_cand=0.00
[step 01800] DEBUG: ep_len=4.5 ep_ret=1.267 stop_prob=0.000 score_chg=2.1975
[step 01850] value_loss=7.188906 policy_loss=0.212437
[step 01850] VALUE_DEBUG: target(mean=-6.74 std=5.86 min=-16.10 max=6.84) V(s)(mean=-7.51 std=5.22) reward(mean=0.033 std=3.184) clip=50.0
[step 01900] opnorm clamp applied
[step 01900] value_loss=9.103458 policy_loss=0.139535
[step 01900] VALUE_DEBUG: target(mean=-6.01 std=6.15 min=-21.98 max=4.89) V(s)(mean=-5.85 std=5.23) reward(mean=-0.272 std=4.500) clip=50.0
[step 01900] eval_success_rate=0.740 eval_mean_score=15.580 eval_policy_mode=greedy [solved=37/50, score_range=13.00-16.00/16.0, initial=13.52]
[step 01900] PROGRESS: filled=15.58 violations=0.00 zero_cand=0.00
[step 01900] DEBUG: ep_len=4.8 ep_ret=0.396 stop_prob=0.000 score_chg=1.9850
[step 01950] value_loss=9.512632 policy_loss=-0.729914
[step 01950] VALUE_DEBUG: target(mean=-7.10 std=5.39 min=-15.94 max=3.13) V(s)(mean=-6.55 std=5.00) reward(mean=-1.011 std=3.386) clip=50.0
[step 02000] opnorm clamp applied
[step 02000] value_loss=7.426835 policy_loss=0.565872
[step 02000] VALUE_DEBUG: target(mean=-4.31 std=5.51 min=-13.27 max=5.48) V(s)(mean=-5.60 std=5.24) reward(mean=0.809 std=1.594) clip=50.0
[step 02000] eval_success_rate=0.860 eval_mean_score=15.720 eval_policy_mode=greedy [solved=43/50, score_range=13.00-16.00/16.0, initial=13.52]
[step 02000] PROGRESS: filled=15.72 violations=0.00 zero_cand=0.00
[step 02000] DEBUG: ep_len=4.9 ep_ret=0.566 stop_prob=0.000 score_chg=2.1850
[Checkpoint] Saved to /home/buiksat/trm_bellman/checkpoints/exp2_contraction_sweep/lz_095/seed42/rl_checkpoint_step_2000.pt
[step 02050] value_loss=7.264634 policy_loss=-1.872376
[step 02050] VALUE_DEBUG: target(mean=-3.87 std=5.10 min=-12.75 max=6.84) V(s)(mean=-4.94 std=5.20) reward(mean=0.873 std=2.574) clip=50.0
[step 02100] opnorm clamp applied
[step 02100] value_loss=20.334282 policy_loss=0.506417
[step 02100] VALUE_DEBUG: target(mean=-5.94 std=7.07 min=-21.73 max=9.97) V(s)(mean=-4.83 std=4.58) reward(mean=-2.026 std=5.941) clip=50.0
[step 02100] eval_success_rate=0.800 eval_mean_score=15.660 eval_policy_mode=greedy [solved=40/50, score_range=13.00-16.00/16.0, initial=13.52]
[step 02100] PROGRESS: filled=15.66 violations=0.00 zero_cand=0.00
[step 02100] DEBUG: ep_len=4.3 ep_ret=0.846 stop_prob=0.000 score_chg=2.0800
[step 02150] value_loss=24.854362 policy_loss=-1.027858
[step 02150] VALUE_DEBUG: target(mean=-7.75 std=6.57 min=-22.03 max=1.84) V(s)(mean=-7.22 std=4.98) reward(mean=-1.517 std=6.022) clip=50.0
[step 02200] opnorm clamp applied
[step 02200] value_loss=14.451115 policy_loss=0.480759
[step 02200] VALUE_DEBUG: target(mean=-6.56 std=6.70 min=-19.77 max=7.96) V(s)(mean=-6.45 std=5.71) reward(mean=-1.272 std=4.531) clip=50.0
[step 02200] eval_success_rate=0.820 eval_mean_score=15.700 eval_policy_mode=greedy [solved=41/50, score_range=13.00-16.00/16.0, initial=13.52]
[step 02200] PROGRESS: filled=15.70 violations=0.00 zero_cand=0.00
[step 02200] DEBUG: ep_len=4.1 ep_ret=1.225 stop_prob=0.000 score_chg=2.1425
[step 02250] value_loss=9.324633 policy_loss=-0.349382
[step 02250] VALUE_DEBUG: target(mean=-3.55 std=6.50 min=-14.14 max=7.67) V(s)(mean=-3.45 std=5.65) reward(mean=-0.050 std=3.840) clip=50.0
[step 02300] opnorm clamp applied
[step 02300] value_loss=11.252672 policy_loss=0.534840
[step 02300] VALUE_DEBUG: target(mean=-5.59 std=6.01 min=-17.89 max=5.37) V(s)(mean=-4.23 std=4.48) reward(mean=-1.388 std=3.762) clip=50.0
[step 02300] eval_success_rate=0.840 eval_mean_score=15.800 eval_policy_mode=greedy [solved=42/50, score_range=14.00-16.00/16.0, initial=13.52]
[step 02300] PROGRESS: filled=15.80 violations=0.00 zero_cand=0.00
[step 02300] DEBUG: ep_len=4.0 ep_ret=1.334 stop_prob=0.000 score_chg=2.1600
[step 02350] value_loss=6.168962 policy_loss=-0.007434
[step 02350] VALUE_DEBUG: target(mean=-3.60 std=6.41 min=-19.73 max=6.84) V(s)(mean=-4.66 std=5.47) reward(mean=0.679 std=1.773) clip=50.0
[step 02400] opnorm clamp applied
[step 02400] value_loss=15.068436 policy_loss=-0.094327
[step 02400] VALUE_DEBUG: target(mean=-4.58 std=6.71 min=-16.15 max=6.84) V(s)(mean=-5.31 std=5.03) reward(mean=-0.110 std=4.020) clip=50.0
[step 02400] eval_success_rate=0.840 eval_mean_score=15.800 eval_policy_mode=greedy [solved=42/50, score_range=14.00-16.00/16.0, initial=13.52]
[step 02400] PROGRESS: filled=15.80 violations=0.00 zero_cand=0.00
[step 02400] DEBUG: ep_len=3.9 ep_ret=1.457 stop_prob=0.000 score_chg=2.2325
[step 02450] value_loss=2.884604 policy_loss=0.226387
[step 02450] VALUE_DEBUG: target(mean=-4.87 std=6.02 min=-14.55 max=6.84) V(s)(mean=-5.45 std=5.60) reward(mean=0.371 std=1.943) clip=50.0
[step 02500] opnorm clamp applied
[step 02500] value_loss=6.472084 policy_loss=-1.251239
[step 02500] VALUE_DEBUG: target(mean=-3.83 std=5.57 min=-17.93 max=2.75) V(s)(mean=-3.79 std=4.51) reward(mean=-0.037 std=2.490) clip=50.0
[step 02500] eval_success_rate=0.840 eval_mean_score=15.760 eval_policy_mode=greedy [solved=42/50, score_range=13.00-16.00/16.0, initial=13.52]
[step 02500] PROGRESS: filled=15.76 violations=0.00 zero_cand=0.00
[step 02500] DEBUG: ep_len=4.1 ep_ret=1.359 stop_prob=0.000 score_chg=2.2475
[step 02550] value_loss=8.487726 policy_loss=0.931879
[step 02550] VALUE_DEBUG: target(mean=-4.18 std=5.99 min=-16.08 max=5.33) V(s)(mean=-4.62 std=5.06) reward(mean=-0.838 std=4.896) clip=50.0
[step 02600] opnorm clamp applied
[step 02600] value_loss=4.319788 policy_loss=-0.338018
[step 02600] VALUE_DEBUG: target(mean=-4.37 std=5.62 min=-16.14 max=6.84) V(s)(mean=-4.54 std=5.27) reward(mean=-0.196 std=3.794) clip=50.0
[step 02600] eval_success_rate=0.860 eval_mean_score=15.820 eval_policy_mode=greedy [solved=43/50, score_range=14.00-16.00/16.0, initial=13.52]
[step 02600] PROGRESS: filled=15.82 violations=0.00 zero_cand=0.00
[step 02600] DEBUG: ep_len=4.1 ep_ret=1.593 stop_prob=0.000 score_chg=2.2250
[step 02650] value_loss=15.427248 policy_loss=-0.818224
[step 02650] VALUE_DEBUG: target(mean=-3.08 std=6.07 min=-14.77 max=6.84) V(s)(mean=-4.23 std=5.56) reward(mean=0.968 std=2.443) clip=50.0
[step 02700] opnorm clamp applied
[step 02700] value_loss=4.480246 policy_loss=0.099864
[step 02700] VALUE_DEBUG: target(mean=-4.82 std=6.73 min=-16.14 max=6.84) V(s)(mean=-5.13 std=6.43) reward(mean=-0.161 std=3.686) clip=50.0
[step 02700] eval_success_rate=0.880 eval_mean_score=15.800 eval_policy_mode=greedy [solved=44/50, score_range=14.00-16.00/16.0, initial=13.52]
[step 02700] PROGRESS: filled=15.80 violations=0.00 zero_cand=0.00
[step 02700] DEBUG: ep_len=3.8 ep_ret=1.752 stop_prob=0.000 score_chg=2.2500
[step 02750] value_loss=9.911526 policy_loss=0.833596
[step 02750] VALUE_DEBUG: target(mean=-3.22 std=7.05 min=-16.14 max=7.77) V(s)(mean=-4.43 std=5.89) reward(mean=0.587 std=5.012) clip=50.0
[step 02800] opnorm clamp applied
[step 02800] value_loss=7.092306 policy_loss=-0.096996
[step 02800] VALUE_DEBUG: target(mean=-4.30 std=7.52 min=-19.76 max=9.33) V(s)(mean=-4.01 std=6.21) reward(mean=0.391 std=2.956) clip=50.0
[step 02800] eval_success_rate=0.880 eval_mean_score=15.800 eval_policy_mode=greedy [solved=44/50, score_range=14.00-16.00/16.0, initial=13.52]
[step 02800] PROGRESS: filled=15.80 violations=0.00 zero_cand=0.00
[step 02800] DEBUG: ep_len=3.7 ep_ret=1.576 stop_prob=0.000 score_chg=2.1425
[step 02850] value_loss=16.196157 policy_loss=0.265839
[step 02850] VALUE_DEBUG: target(mean=-4.03 std=6.66 min=-19.94 max=6.84) V(s)(mean=-4.12 std=5.76) reward(mean=-0.412 std=5.505) clip=50.0
[step 02900] opnorm clamp applied
[step 02900] value_loss=5.280648 policy_loss=-1.058316
[step 02900] VALUE_DEBUG: target(mean=-4.91 std=6.15 min=-14.92 max=2.23) V(s)(mean=-5.57 std=6.10) reward(mean=0.189 std=2.134) clip=50.0
[step 02900] eval_success_rate=0.880 eval_mean_score=15.800 eval_policy_mode=greedy [solved=44/50, score_range=14.00-16.00/16.0, initial=13.52]
[step 02900] PROGRESS: filled=15.80 violations=0.00 zero_cand=0.00
[step 02900] DEBUG: ep_len=3.9 ep_ret=1.363 stop_prob=0.000 score_chg=2.1750
[step 02950] value_loss=1.790468 policy_loss=0.209046
[step 02950] VALUE_DEBUG: target(mean=-2.68 std=5.78 min=-16.04 max=6.84) V(s)(mean=-2.96 std=5.54) reward(mean=0.395 std=3.345) clip=50.0
[step 03000] opnorm clamp applied
[step 03000] value_loss=4.310537 policy_loss=-1.312852
[step 03000] VALUE_DEBUG: target(mean=-3.61 std=6.90 min=-16.06 max=6.84) V(s)(mean=-4.25 std=6.67) reward(mean=0.469 std=3.515) clip=50.0
[step 03000] eval_success_rate=0.880 eval_mean_score=15.840 eval_policy_mode=greedy [solved=44/50, score_range=14.00-16.00/16.0, initial=13.52]
[step 03000] PROGRESS: filled=15.84 violations=0.00 zero_cand=0.00
[step 03000] DEBUG: ep_len=3.7 ep_ret=2.211 stop_prob=0.000 score_chg=2.3625
[Checkpoint] Saved to /home/buiksat/trm_bellman/checkpoints/exp2_contraction_sweep/lz_095/seed42/rl_checkpoint_step_3000.pt
[step 03050] value_loss=5.956429 policy_loss=0.239507
[step 03050] VALUE_DEBUG: target(mean=-4.15 std=6.76 min=-18.25 max=8.18) V(s)(mean=-4.49 std=6.17) reward(mean=0.264 std=2.668) clip=50.0
[step 03100] opnorm clamp applied
[step 03100] value_loss=16.316772 policy_loss=0.326229
[step 03100] VALUE_DEBUG: target(mean=-4.52 std=6.85 min=-21.09 max=6.84) V(s)(mean=-4.52 std=6.11) reward(mean=-1.300 std=4.988) clip=50.0
[step 03100] eval_success_rate=0.880 eval_mean_score=15.760 eval_policy_mode=greedy [solved=44/50, score_range=13.00-16.00/16.0, initial=13.52]
[step 03100] PROGRESS: filled=15.76 violations=0.00 zero_cand=0.00
[step 03100] DEBUG: ep_len=3.5 ep_ret=2.285 stop_prob=0.000 score_chg=2.3175
[step 03150] value_loss=6.092839 policy_loss=0.216677
[step 03150] VALUE_DEBUG: target(mean=-4.66 std=7.17 min=-18.17 max=6.84) V(s)(mean=-5.05 std=6.85) reward(mean=0.341 std=2.602) clip=50.0
[step 03200] opnorm clamp applied
[step 03200] value_loss=14.947853 policy_loss=0.141361
[step 03200] VALUE_DEBUG: target(mean=-3.96 std=7.26 min=-16.54 max=11.00) V(s)(mean=-3.85 std=5.79) reward(mean=0.086 std=4.437) clip=50.0
[step 03200] eval_success_rate=0.900 eval_mean_score=15.860 eval_policy_mode=greedy [solved=45/50, score_range=14.00-16.00/16.0, initial=13.52]
[step 03200] PROGRESS: filled=15.86 violations=0.00 zero_cand=0.00
[step 03200] DEBUG: ep_len=3.5 ep_ret=2.228 stop_prob=0.000 score_chg=2.3475
[step 03250] value_loss=6.335769 policy_loss=0.572209
[step 03250] VALUE_DEBUG: target(mean=-6.01 std=6.90 min=-23.19 max=6.84) V(s)(mean=-5.38 std=5.94) reward(mean=-0.930 std=3.936) clip=50.0
[step 03300] opnorm clamp applied
[step 03300] value_loss=11.624907 policy_loss=-1.045550
[step 03300] VALUE_DEBUG: target(mean=-4.71 std=7.50 min=-19.78 max=6.84) V(s)(mean=-5.01 std=6.59) reward(mean=-0.434 std=4.659) clip=50.0
[step 03300] eval_success_rate=0.900 eval_mean_score=15.860 eval_policy_mode=greedy [solved=45/50, score_range=14.00-16.00/16.0, initial=13.52]
[step 03300] PROGRESS: filled=15.86 violations=0.00 zero_cand=0.00
[step 03300] DEBUG: ep_len=3.3 ep_ret=2.410 stop_prob=0.000 score_chg=2.3375
[step 03350] value_loss=3.032237 policy_loss=-0.408867
[step 03350] VALUE_DEBUG: target(mean=-5.05 std=6.81 min=-15.86 max=6.84) V(s)(mean=-5.88 std=6.55) reward(mean=0.750 std=1.724) clip=50.0
[step 03400] opnorm clamp applied
[step 03400] value_loss=17.685022 policy_loss=0.182662
[step 03400] VALUE_DEBUG: target(mean=-2.39 std=7.20 min=-16.10 max=10.55) V(s)(mean=-2.73 std=6.29) reward(mean=0.136 std=3.625) clip=50.0
[step 03400] eval_success_rate=0.900 eval_mean_score=15.860 eval_policy_mode=greedy [solved=45/50, score_range=14.00-16.00/16.0, initial=13.52]
[step 03400] PROGRESS: filled=15.86 violations=0.00 zero_cand=0.00
[step 03400] DEBUG: ep_len=3.5 ep_ret=2.244 stop_prob=0.000 score_chg=2.3675
[step 03450] value_loss=6.892261 policy_loss=0.908761
[step 03450] VALUE_DEBUG: target(mean=-6.32 std=7.35 min=-16.02 max=6.84) V(s)(mean=-6.31 std=7.07) reward(mean=-0.398 std=3.244) clip=50.0
[step 03500] opnorm clamp applied
[step 03500] value_loss=11.657274 policy_loss=0.367607
[step 03500] VALUE_DEBUG: target(mean=-3.73 std=6.56 min=-15.08 max=6.84) V(s)(mean=-4.16 std=5.81) reward(mean=0.344 std=2.490) clip=50.0
[step 03500] eval_success_rate=0.920 eval_mean_score=15.880 eval_policy_mode=greedy [solved=46/50, score_range=14.00-16.00/16.0, initial=13.52]
[step 03500] PROGRESS: filled=15.88 violations=0.00 zero_cand=0.00
[step 03500] DEBUG: ep_len=3.4 ep_ret=2.326 stop_prob=0.000 score_chg=2.3450
[step 03550] value_loss=8.780006 policy_loss=0.806909
[step 03550] VALUE_DEBUG: target(mean=-3.64 std=6.06 min=-17.35 max=2.69) V(s)(mean=-4.39 std=5.64) reward(mean=0.375 std=1.957) clip=50.0
[step 03600] opnorm clamp applied
[step 03600] value_loss=6.042439 policy_loss=0.027347
[step 03600] VALUE_DEBUG: target(mean=-4.09 std=7.16 min=-18.56 max=6.84) V(s)(mean=-4.10 std=6.59) reward(mean=0.352 std=2.412) clip=50.0
[step 03600] eval_success_rate=0.900 eval_mean_score=15.860 eval_policy_mode=greedy [solved=45/50, score_range=14.00-16.00/16.0, initial=13.52]
[step 03600] PROGRESS: filled=15.86 violations=0.00 zero_cand=0.00
[step 03600] DEBUG: ep_len=3.3 ep_ret=2.383 stop_prob=0.000 score_chg=2.3525
[step 03650] value_loss=6.158689 policy_loss=0.205111
[step 03650] VALUE_DEBUG: target(mean=-2.76 std=6.65 min=-16.15 max=6.84) V(s)(mean=-3.53 std=6.04) reward(mean=0.533 std=3.544) clip=50.0
[step 03700] opnorm clamp applied
[step 03700] value_loss=4.767451 policy_loss=-0.348271
[step 03700] VALUE_DEBUG: target(mean=-6.00 std=8.07 min=-16.24 max=6.84) V(s)(mean=-6.80 std=7.57) reward(mean=0.657 std=1.952) clip=50.0
[step 03700] eval_success_rate=0.920 eval_mean_score=15.880 eval_policy_mode=greedy [solved=46/50, score_range=14.00-16.00/16.0, initial=13.52]
[step 03700] PROGRESS: filled=15.88 violations=0.00 zero_cand=0.00
[step 03700] DEBUG: ep_len=3.2 ep_ret=2.197 stop_prob=0.000 score_chg=2.1925
[step 03750] value_loss=8.265759 policy_loss=-0.000998
[step 03750] VALUE_DEBUG: target(mean=-2.74 std=7.23 min=-16.27 max=8.52) V(s)(mean=-2.90 std=6.87) reward(mean=-0.190 std=3.956) clip=50.0
[step 03800] opnorm clamp applied
[step 03800] value_loss=5.497497 policy_loss=-0.181888
[step 03800] VALUE_DEBUG: target(mean=-3.21 std=7.00 min=-18.11 max=6.84) V(s)(mean=-2.91 std=6.13) reward(mean=-0.468 std=3.622) clip=50.0
[step 03800] eval_success_rate=0.860 eval_mean_score=15.820 eval_policy_mode=greedy [solved=43/50, score_range=14.00-16.00/16.0, initial=13.52]
[step 03800] PROGRESS: filled=15.82 violations=0.00 zero_cand=0.00
[step 03800] DEBUG: ep_len=3.4 ep_ret=2.282 stop_prob=0.000 score_chg=2.2975
[step 03850] value_loss=1.889356 policy_loss=-0.087908
[step 03850] VALUE_DEBUG: target(mean=-2.64 std=5.58 min=-16.31 max=4.28) V(s)(mean=-2.82 std=5.68) reward(mean=0.263 std=1.491) clip=50.0
[step 03900] opnorm clamp applied
[step 03900] value_loss=22.808491 policy_loss=-0.259371
[step 03900] VALUE_DEBUG: target(mean=-2.73 std=6.24 min=-16.15 max=4.67) V(s)(mean=-1.21 std=5.32) reward(mean=-1.244 std=4.649) clip=50.0
[step 03900] eval_success_rate=0.880 eval_mean_score=15.840 eval_policy_mode=greedy [solved=44/50, score_range=14.00-16.00/16.0, initial=13.52]
[step 03900] PROGRESS: filled=15.84 violations=0.00 zero_cand=0.00
[step 03900] DEBUG: ep_len=3.6 ep_ret=2.466 stop_prob=0.000 score_chg=2.4250
[step 03950] value_loss=13.536650 policy_loss=0.465305
[step 03950] VALUE_DEBUG: target(mean=-2.65 std=6.94 min=-16.15 max=6.84) V(s)(mean=-2.36 std=6.18) reward(mean=0.275 std=4.931) clip=50.0
[step 04000] opnorm clamp applied
[step 04000] value_loss=13.494102 policy_loss=0.240384
[step 04000] VALUE_DEBUG: target(mean=-3.89 std=7.24 min=-21.72 max=4.96) V(s)(mean=-2.96 std=6.50) reward(mean=-1.005 std=4.284) clip=50.0
[step 04000] eval_success_rate=0.880 eval_mean_score=15.840 eval_policy_mode=greedy [solved=44/50, score_range=14.00-16.00/16.0, initial=13.52]
[step 04000] PROGRESS: filled=15.84 violations=0.00 zero_cand=0.00
[step 04000] DEBUG: ep_len=3.2 ep_ret=2.755 stop_prob=0.000 score_chg=2.4150
[Checkpoint] Saved to /home/buiksat/trm_bellman/checkpoints/exp2_contraction_sweep/lz_095/seed42/rl_checkpoint_step_4000.pt
[step 04050] value_loss=14.786086 policy_loss=-0.513510
[step 04050] VALUE_DEBUG: target(mean=-1.32 std=7.00 min=-16.32 max=7.68) V(s)(mean=-0.82 std=5.97) reward(mean=-0.476 std=4.540) clip=50.0
[step 04100] opnorm clamp applied
[step 04100] value_loss=5.494017 policy_loss=0.785810
[step 04100] VALUE_DEBUG: target(mean=-3.58 std=7.14 min=-16.38 max=6.84) V(s)(mean=-4.42 std=6.57) reward(mean=0.903 std=2.161) clip=50.0
[step 04100] eval_success_rate=0.900 eval_mean_score=15.860 eval_policy_mode=greedy [solved=45/50, score_range=14.00-16.00/16.0, initial=13.52]
[step 04100] PROGRESS: filled=15.86 violations=0.00 zero_cand=0.00
[step 04100] DEBUG: ep_len=3.5 ep_ret=2.102 stop_prob=0.000 score_chg=2.2600
[step 04150] value_loss=4.314535 policy_loss=0.615865
[step 04150] VALUE_DEBUG: target(mean=-1.18 std=6.21 min=-16.48 max=8.65) V(s)(mean=-1.80 std=6.22) reward(mean=1.073 std=2.352) clip=50.0
[step 04200] opnorm clamp applied
[step 04200] value_loss=32.978966 policy_loss=-0.318440
[step 04200] VALUE_DEBUG: target(mean=-2.07 std=7.84 min=-22.73 max=8.09) V(s)(mean=-1.28 std=4.66) reward(mean=-0.735 std=6.376) clip=50.0
[step 04200] eval_success_rate=0.880 eval_mean_score=15.840 eval_policy_mode=greedy [solved=44/50, score_range=14.00-16.00/16.0, initial=13.52]
[step 04200] PROGRESS: filled=15.84 violations=0.00 zero_cand=0.00
[step 04200] DEBUG: ep_len=3.3 ep_ret=2.347 stop_prob=0.000 score_chg=2.3600
[step 04250] value_loss=2.478135 policy_loss=0.388010
[step 04250] VALUE_DEBUG: target(mean=-3.09 std=6.50 min=-16.55 max=6.84) V(s)(mean=-3.12 std=6.08) reward(mean=-0.188 std=3.839) clip=50.0
[step 04300] opnorm clamp applied
[step 04300] value_loss=6.812902 policy_loss=-0.394801
[step 04300] VALUE_DEBUG: target(mean=-2.30 std=6.53 min=-16.60 max=9.22) V(s)(mean=-2.35 std=5.85) reward(mean=0.461 std=3.070) clip=50.0
[step 04300] eval_success_rate=0.840 eval_mean_score=15.800 eval_policy_mode=greedy [solved=42/50, score_range=14.00-16.00/16.0, initial=13.52]
[step 04300] PROGRESS: filled=15.80 violations=0.00 zero_cand=0.00
[step 04300] DEBUG: ep_len=3.5 ep_ret=2.072 stop_prob=0.000 score_chg=2.3225
[step 04350] value_loss=16.497601 policy_loss=1.163461
[step 04350] VALUE_DEBUG: target(mean=-4.79 std=8.20 min=-18.77 max=6.84) V(s)(mean=-3.52 std=7.08) reward(mean=-2.327 std=5.951) clip=50.0
[step 04400] opnorm clamp applied
[step 04400] value_loss=14.535378 policy_loss=-0.181262
[step 04400] VALUE_DEBUG: target(mean=-0.36 std=6.53 min=-16.75 max=12.30) V(s)(mean=-0.50 std=5.62) reward(mean=-0.039 std=4.434) clip=50.0
[step 04400] eval_success_rate=0.860 eval_mean_score=15.740 eval_policy_mode=greedy [solved=43/50, score_range=13.00-16.00/16.0, initial=13.52]
[step 04400] PROGRESS: filled=15.74 violations=0.00 zero_cand=0.00
[step 04400] DEBUG: ep_len=3.4 ep_ret=2.393 stop_prob=0.000 score_chg=2.3300
[step 04450] value_loss=11.585972 policy_loss=0.392378
[step 04450] VALUE_DEBUG: target(mean=-2.32 std=5.92 min=-16.26 max=9.13) V(s)(mean=-1.78 std=5.02) reward(mean=-0.502 std=3.676) clip=50.0
[step 04500] opnorm clamp applied
[step 04500] value_loss=7.701789 policy_loss=-0.327901
[step 04500] VALUE_DEBUG: target(mean=-4.33 std=8.04 min=-16.76 max=7.73) V(s)(mean=-4.25 std=7.08) reward(mean=-0.658 std=4.741) clip=50.0
[step 04500] eval_success_rate=0.860 eval_mean_score=15.740 eval_policy_mode=greedy [solved=43/50, score_range=13.00-16.00/16.0, initial=13.52]
[step 04500] PROGRESS: filled=15.74 violations=0.00 zero_cand=0.00
[step 04500] DEBUG: ep_len=3.5 ep_ret=1.930 stop_prob=0.000 score_chg=2.1400
[step 04550] value_loss=25.095078 policy_loss=0.448260
[step 04550] VALUE_DEBUG: target(mean=-2.39 std=7.40 min=-16.78 max=10.14) V(s)(mean=-3.08 std=6.71) reward(mean=0.182 std=3.791) clip=50.0
[step 04600] opnorm clamp applied
[step 04600] value_loss=14.539329 policy_loss=0.815292
[step 04600] VALUE_DEBUG: target(mean=-3.29 std=7.42 min=-20.00 max=6.84) V(s)(mean=-3.00 std=6.28) reward(mean=-0.336 std=5.142) clip=50.0
[step 04600] eval_success_rate=0.840 eval_mean_score=15.800 eval_policy_mode=greedy [solved=42/50, score_range=14.00-16.00/16.0, initial=13.52]
[step 04600] PROGRESS: filled=15.80 violations=0.00 zero_cand=0.00
[step 04600] DEBUG: ep_len=3.6 ep_ret=2.352 stop_prob=0.000 score_chg=2.4000
[step 04650] value_loss=2.828798 policy_loss=0.382605
[step 04650] VALUE_DEBUG: target(mean=-0.81 std=5.31 min=-12.84 max=10.83) V(s)(mean=-1.40 std=4.97) reward(mean=0.810 std=1.861) clip=50.0
[step 04700] opnorm clamp applied
[step 04700] value_loss=5.643139 policy_loss=-0.530912
[step 04700] VALUE_DEBUG: target(mean=-4.07 std=7.25 min=-17.46 max=6.84) V(s)(mean=-4.06 std=6.51) reward(mean=-0.387 std=3.723) clip=50.0
[step 04700] eval_success_rate=0.860 eval_mean_score=15.820 eval_policy_mode=greedy [solved=43/50, score_range=14.00-16.00/16.0, initial=13.52]
[step 04700] PROGRESS: filled=15.82 violations=0.00 zero_cand=0.00
[step 04700] DEBUG: ep_len=3.3 ep_ret=2.556 stop_prob=0.000 score_chg=2.4000
[step 04750] value_loss=8.109058 policy_loss=0.497374
[step 04750] VALUE_DEBUG: target(mean=-0.38 std=6.82 min=-16.78 max=11.08) V(s)(mean=-0.91 std=6.10) reward(mean=1.118 std=3.160) clip=50.0
[step 04800] opnorm clamp applied
[step 04800] value_loss=16.742649 policy_loss=0.430083
[step 04800] VALUE_DEBUG: target(mean=0.83 std=1.60 min=-3.65 max=3.52) V(s)(mean=-0.32 std=3.63) reward(mean=0.582 std=1.770) clip=50.0
[step 04800] eval_success_rate=0.860 eval_mean_score=15.820 eval_policy_mode=greedy [solved=43/50, score_range=14.00-16.00/16.0, initial=13.52]
[step 04800] PROGRESS: filled=15.82 violations=0.00 zero_cand=0.00
[step 04800] DEBUG: ep_len=3.6 ep_ret=2.145 stop_prob=0.000 score_chg=2.3375
[step 04850] value_loss=6.417300 policy_loss=-0.150770
[step 04850] VALUE_DEBUG: target(mean=-2.65 std=7.66 min=-16.89 max=8.55) V(s)(mean=-2.65 std=7.23) reward(mean=0.645 std=2.507) clip=50.0
[step 04900] opnorm clamp applied
[step 04900] value_loss=3.920021 policy_loss=0.190045
[step 04900] VALUE_DEBUG: target(mean=-3.61 std=7.15 min=-16.10 max=6.11) V(s)(mean=-3.51 std=6.57) reward(mean=0.007 std=3.458) clip=50.0
[step 04900] eval_success_rate=0.860 eval_mean_score=15.820 eval_policy_mode=greedy [solved=43/50, score_range=14.00-16.00/16.0, initial=13.52]
[step 04900] PROGRESS: filled=15.82 violations=0.00 zero_cand=0.00
[step 04900] DEBUG: ep_len=3.5 ep_ret=2.212 stop_prob=0.000 score_chg=2.3400
[step 04950] value_loss=10.384789 policy_loss=-0.749648
[step 04950] VALUE_DEBUG: target(mean=-2.30 std=6.10 min=-15.49 max=5.09) V(s)(mean=-1.70 std=5.98) reward(mean=-0.222 std=3.032) clip=50.0
[step 05000] opnorm clamp applied
[step 05000] value_loss=4.272285 policy_loss=0.580483
[step 05000] VALUE_DEBUG: target(mean=-1.76 std=6.06 min=-16.87 max=4.62) V(s)(mean=-1.53 std=5.86) reward(mean=-0.218 std=2.277) clip=50.0
[step 05000] eval_success_rate=0.900 eval_mean_score=15.900 eval_policy_mode=greedy [solved=45/50, score_range=15.00-16.00/16.0, initial=13.52]
[step 05000] PROGRESS: filled=15.90 violations=0.00 zero_cand=0.00
[step 05000] DEBUG: ep_len=3.5 ep_ret=2.097 stop_prob=0.000 score_chg=2.3100
[Checkpoint] Saved to /home/buiksat/trm_bellman/checkpoints/exp2_contraction_sweep/lz_095/seed42/rl_checkpoint_step_5000.pt
[Checkpoint] Saved to /home/buiksat/trm_bellman/checkpoints/exp2_contraction_sweep/lz_095/seed42/rl_checkpoint_step_5000.pt
