[2026-01-17T14:00:25.615-08:00] Buck UI: https://www.internalfb.com/buck2/e817a546-37aa-40cf-a323-ce14a520a5a6
[2026-01-17T14:00:31.764-08:00] Network: Up: 0B  Down: 0B
BUILD SUCCEEDED - starting your binary
[INFO] Using feasibility-aware Sudoku checker for 4x4
       score = filled - 2.0*violations - 5.0*zeroCand
       Max score: 16 (all filled, no violations)
[INFO] Training for 5000 steps (gamma=0.990, K=1, inner_unroll_n=2)
[INFO] Terminal rewards: solve=1.000, fail=-16.000
/data/repos/fbsource/buck-out/v2/gen/fbcode/7bc20b5dff24e379/buiksat_trm/__upi_trm_train__/upi_trm_train#link-tree/upi_trm_train.py:879: UserWarning: rl_enable_contraction=True: Applying operator-norm clamping and contraction scaling to z->z path layers. This is REQUIRED for Assumption 3.2 (L_z < 1) but will modify network behavior. Pretrained weights from vanilla TRM may require fine-tuning.
  model = TinyRecursiveReasoningModel_ACTV1(trm_cfg_dict)
[INFO] Using TRM backbone (hidden=64, H=2, L=2)
[DEBUG] Policy head STOP bias: 0.00 (should be 0.0 for uniform init)
[INFO] Puzzle embeddings DISABLED (set --puzzle-emb-ndim > 0 to enable)
/data/repos/fbsource/buck-out/v2/gen/fbcode/7bc20b5dff24e379/buiksat_trm/__upi_trm_train__/upi_trm_train#link-tree/torch/cuda/__init__.py:373: UserWarning: Found GPU0 NVIDIA PG509-210 which is of compute capability (CC) 8.0.
The following list shows the CCs this version of PyTorch was built for and the hardware CCs it supports:
Please follow the instructions at https://pytorch.org/get-started/locally/ to install a PyTorch release that supports one of these CUDA versions: 12.6, 12.8, 13.0
  _warn_unsupported_code(d, device_cc, code_ccs)
/data/repos/fbsource/buck-out/v2/gen/fbcode/7bc20b5dff24e379/buiksat_trm/__upi_trm_train__/upi_trm_train#link-tree/torch/cuda/__init__.py:373: UserWarning: Found GPU1 NVIDIA PG509-210 which is of compute capability (CC) 8.0.
The following list shows the CCs this version of PyTorch was built for and the hardware CCs it supports:
Please follow the instructions at https://pytorch.org/get-started/locally/ to install a PyTorch release that supports one of these CUDA versions: 12.6, 12.8, 13.0
  _warn_unsupported_code(d, device_cc, code_ccs)
INFO:2026-01-17 14:00:38 3970350:3970350 CuptiCallbackApi.cpp:74] Callback: domain = 3, cbid = 1
INFO:2026-01-17 14:00:38 3970350:3970350 CuptiActivityProfiler.cpp:245] CUDA versions. CUPTI: 22; Runtime: 12040; Driver: 12040
INFO:2026-01-17 14:00:38 3970350:3974833 FBConfig.cpp:330] Perfetto builder enabled: 1
INFO:2026-01-17 14:00:38 3970350:3974833 DynoConfigLoader.cpp:61] Setting communication fabric enabled = 0
/data/repos/fbsource/buck-out/v2/gen/fbcode/7bc20b5dff24e379/buiksat_trm/__upi_trm_train__/upi_trm_train#link-tree/rl/upi_trm_trainer.py:93: UserWarning: rl_enable_contraction=True: Applying operator-norm clamping and contraction scaling to z->z path layers. This is REQUIRED for Assumption 3.2 (L_z < 1) but will modify network behavior. Pretrained weights from vanilla TRM may require fine-tuning.
  self.target_model = TinyRecursiveReasoningModel_ACTV1(self._config_to_dict(self.model.config)).to(device)
/data/repos/fbsource/buck-out/v2/gen/fbcode/7bc20b5dff24e379/buiksat_trm/__upi_trm_train__/upi_trm_train#link-tree/rl/upi_trm_trainer.py:103: UserWarning: rl_enable_contraction=True: Applying operator-norm clamping and contraction scaling to z->z path layers. This is REQUIRED for Assumption 3.2 (L_z < 1) but will modify network behavior. Pretrained weights from vanilla TRM may require fine-tuning.
  self.policy_model_candidate = TinyRecursiveReasoningModel_ACTV1(
INFO:2026-01-17 14:00:38 3970350:3974833 DynoConfigLoader.cpp:61] Setting communication fabric enabled = 0
TritonTraceHandler: disabled because /logs does not exist
===========[FB_TRITON]=========== Triton Version: 3.3.2+fb
[INFO] Using UPI-TRM algorithm (K=1, inner_n=2)

============================================================
UPI-TRM THEORY ALIGNMENT CHECK
============================================================
⚠ Configuration has theory gaps:
  • exact_baseline_summation=False: Using approximate baseline. This gives O(ε_A/(1-γ)) bound instead of O(α·ε_A) from Theorem 5.9. For discrete action spaces (Sudoku), enable for tighter bounds.
  • theory_exact_mixture=False: Using parameter-space interpolation for CPI, which is NOT equivalent to policy-space mixture. The CPI improvement guarantee does not strictly apply. Set theory_exact_mixture=True for theory-exact behavior (but slower due to evaluating two networks).

Theory status:
  Forward-invariant projection: ✓
  Contraction enforced (L_z < 1): ✓
  Exact baseline (Thm 5.9): ✗
  Distillation (not in theory): ✓ disabled

Is theory-exact: False
============================================================

UPI-TRM theoretical dials:
  L_z target (rl_cfg.target_Lz): 0.999
  L_V target (rl_cfg.target_Lv): 1.0
  Inner unroll n (rl_cfg.inner_unroll_n): 2
  K-step horizon K (rl_cfg.K): 1
  Mixture alpha (rl_cfg.mixture_alpha): 0.1
  Latent ball radius (rl_cfg.latent_ball_radius): 10.0
  Episodic latent: True
  Exact K-step targets: False
  Exact baseline summation: False

[INFO] STOP action mode: disabled
[INFO] Forward-invariant projection enabled (R=10.0)
[WandB] Disabled by default (enable with: --wandb)
[DEBUG] Action mask: 4 valid actions out of 97 total
[DEBUG] Latent mode: episodic
[DEBUG] Step 0 probs: STOP=0.000000, edits=1.000000
[DEBUG] Top 5 action probs: torch.return_types.topk(
values=tensor([0.3159, 0.2470, 0.2191, 0.2180, 0.0000], device='cuda:0',
       grad_fn=<TopkBackward0>),
indices=tensor([74, 77, 75, 76,  0], device='cuda:0'))
[step 00050] value_loss=25.038479 policy_loss=0.643341
[step 00050] VALUE_DEBUG: target(mean=-0.72 std=4.91 min=-16.04 max=6.84) V(s)(mean=-0.88 std=0.29) reward(mean=-0.706 std=4.937) clip=50.0
[step 00100] opnorm clamp applied
[step 00100] value_loss=54.494530 policy_loss=0.217709
[step 00100] VALUE_DEBUG: target(mean=-3.20 std=7.22 min=-22.03 max=5.59) V(s)(mean=-1.46 std=0.66) reward(mean=-2.710 std=7.416) clip=50.0
[step 00100] eval_success_rate=0.200 eval_mean_score=12.460 eval_policy_mode=greedy [solved=10/50, score_range=-1.00-16.00/16.0, initial=13.52]
[step 00100] PROGRESS: filled=14.62 violations=0.98 zero_cand=0.04
[step 00100] DEBUG: ep_len=11.2 ep_ret=-13.419 stop_prob=0.000 score_chg=-4.6925
[step 00150] value_loss=14.680736 policy_loss=-0.505018
[step 00150] VALUE_DEBUG: target(mean=-1.42 std=3.91 min=-10.04 max=5.28) V(s)(mean=-1.59 std=0.65) reward(mean=-0.426 std=3.904) clip=50.0
[step 00200] opnorm clamp applied
[step 00200] value_loss=14.076820 policy_loss=-0.602546
[step 00200] VALUE_DEBUG: target(mean=-3.21 std=4.08 min=-11.03 max=6.84) V(s)(mean=-2.73 std=0.93) reward(mean=-1.547 std=3.955) clip=50.0
[step 00200] eval_success_rate=0.300 eval_mean_score=14.220 eval_policy_mode=greedy [solved=15/50, score_range=6.00-16.00/16.0, initial=13.52]
[step 00200] PROGRESS: filled=14.52 violations=0.10 zero_cand=0.02
[step 00200] DEBUG: ep_len=10.1 ep_ret=-10.372 stop_prob=0.000 score_chg=-2.9200
[step 00250] value_loss=28.529602 policy_loss=-0.019933
[step 00250] VALUE_DEBUG: target(mean=-1.98 std=5.23 min=-20.04 max=7.28) V(s)(mean=-3.10 std=1.12) reward(mean=-0.192 std=5.404) clip=50.0
[step 00300] opnorm clamp applied
[step 00300] value_loss=16.044718 policy_loss=0.412850
[step 00300] VALUE_DEBUG: target(mean=-1.96 std=4.48 min=-9.01 max=6.84) V(s)(mean=-2.98 std=1.30) reward(mean=-0.004 std=4.027) clip=50.0
[step 00300] eval_success_rate=0.300 eval_mean_score=14.400 eval_policy_mode=greedy [solved=15/50, score_range=10.00-16.00/16.0, initial=13.52]
[step 00300] PROGRESS: filled=14.52 violations=0.06 zero_cand=0.00
[step 00300] DEBUG: ep_len=9.2 ep_ret=-7.638 stop_prob=0.000 score_chg=-1.1050
[step 00350] value_loss=22.139610 policy_loss=0.063339
[step 00350] VALUE_DEBUG: target(mean=-3.50 std=5.33 min=-16.06 max=6.84) V(s)(mean=-2.85 std=1.73) reward(mean=-1.126 std=5.450) clip=50.0
[step 00400] opnorm clamp applied
[step 00400] value_loss=36.064728 policy_loss=-0.732571
[step 00400] VALUE_DEBUG: target(mean=-4.97 std=6.48 min=-21.96 max=6.84) V(s)(mean=-4.27 std=1.69) reward(mean=-2.531 std=6.513) clip=50.0
[step 00400] eval_success_rate=0.320 eval_mean_score=14.560 eval_policy_mode=greedy [solved=16/50, score_range=13.00-16.00/16.0, initial=13.52]
[step 00400] PROGRESS: filled=14.56 violations=0.00 zero_cand=0.00
[step 00400] DEBUG: ep_len=7.6 ep_ret=-3.442 stop_prob=0.000 score_chg=0.7675
[step 00450] value_loss=12.176981 policy_loss=0.882836
[step 00450] VALUE_DEBUG: target(mean=-2.75 std=3.88 min=-9.03 max=6.84) V(s)(mean=-3.70 std=1.52) reward(mean=0.598 std=3.046) clip=50.0
[step 00500] opnorm clamp applied
[step 00500] value_loss=22.755596 policy_loss=0.386290
[step 00500] VALUE_DEBUG: target(mean=-3.05 std=4.56 min=-15.96 max=6.84) V(s)(mean=-3.80 std=2.82) reward(mean=0.065 std=4.195) clip=50.0
[step 00500] eval_success_rate=0.320 eval_mean_score=14.640 eval_policy_mode=greedy [solved=16/50, score_range=13.00-16.00/16.0, initial=13.52]
[step 00500] PROGRESS: filled=14.64 violations=0.00 zero_cand=0.00
[step 00500] DEBUG: ep_len=6.9 ep_ret=-2.652 stop_prob=0.000 score_chg=1.3000
[step 00550] value_loss=15.236544 policy_loss=0.376690
[step 00550] VALUE_DEBUG: target(mean=-3.76 std=4.86 min=-16.09 max=6.84) V(s)(mean=-3.99 std=2.26) reward(mean=-0.331 std=4.898) clip=50.0
[step 00600] opnorm clamp applied
[step 00600] value_loss=36.482834 policy_loss=-0.180725
[step 00600] VALUE_DEBUG: target(mean=-5.66 std=5.94 min=-22.03 max=3.42) V(s)(mean=-5.60 std=1.80) reward(mean=-1.556 std=7.000) clip=50.0
[step 00600] eval_success_rate=0.320 eval_mean_score=14.600 eval_policy_mode=greedy [solved=16/50, score_range=13.00-16.00/16.0, initial=13.52]
[step 00600] PROGRESS: filled=14.60 violations=0.00 zero_cand=0.00
[step 00600] DEBUG: ep_len=6.9 ep_ret=-2.680 stop_prob=0.000 score_chg=1.4350
[step 00650] value_loss=21.211601 policy_loss=0.201892
[step 00650] VALUE_DEBUG: target(mean=-4.30 std=5.10 min=-16.04 max=6.84) V(s)(mean=-5.07 std=2.45) reward(mean=-0.402 std=4.954) clip=50.0
[step 00700] opnorm clamp applied
[step 00700] value_loss=10.396935 policy_loss=0.632293
[step 00700] VALUE_DEBUG: target(mean=-5.25 std=4.35 min=-16.15 max=6.35) V(s)(mean=-5.04 std=2.50) reward(mean=-1.045 std=3.848) clip=50.0
[step 00700] eval_success_rate=0.340 eval_mean_score=14.660 eval_policy_mode=greedy [solved=17/50, score_range=13.00-16.00/16.0, initial=13.52]
[step 00700] PROGRESS: filled=14.66 violations=0.00 zero_cand=0.00
[step 00700] DEBUG: ep_len=6.8 ep_ret=-2.359 stop_prob=0.000 score_chg=1.4825
[step 00750] value_loss=13.165037 policy_loss=0.609033
[step 00750] VALUE_DEBUG: target(mean=-4.79 std=4.65 min=-16.04 max=6.84) V(s)(mean=-5.48 std=2.81) reward(mean=-0.024 std=4.216) clip=50.0
[step 00800] opnorm clamp applied
[step 00800] value_loss=14.579999 policy_loss=-0.077666
[step 00800] VALUE_DEBUG: target(mean=-7.02 std=3.98 min=-16.10 max=3.91) V(s)(mean=-6.89 std=3.13) reward(mean=-1.533 std=4.705) clip=50.0
[step 00800] eval_success_rate=0.380 eval_mean_score=14.660 eval_policy_mode=greedy [solved=19/50, score_range=13.00-16.00/16.0, initial=13.52]
[step 00800] PROGRESS: filled=14.66 violations=0.00 zero_cand=0.00
[step 00800] DEBUG: ep_len=7.1 ep_ret=-2.400 stop_prob=0.000 score_chg=1.6575
[step 00850] value_loss=16.642845 policy_loss=-0.124301
[step 00850] VALUE_DEBUG: target(mean=-4.81 std=5.73 min=-16.10 max=5.21) V(s)(mean=-4.00 std=3.79) reward(mean=-2.172 std=5.659) clip=50.0
[step 00900] opnorm clamp applied
[step 00900] value_loss=10.455383 policy_loss=0.457347
[step 00900] VALUE_DEBUG: target(mean=-5.70 std=3.79 min=-15.99 max=2.56) V(s)(mean=-6.12 std=2.46) reward(mean=-0.122 std=3.495) clip=50.0
[step 00900] eval_success_rate=0.420 eval_mean_score=14.740 eval_policy_mode=greedy [solved=21/50, score_range=13.00-16.00/16.0, initial=13.52]
[step 00900] PROGRESS: filled=14.74 violations=0.00 zero_cand=0.00
[step 00900] DEBUG: ep_len=6.5 ep_ret=-1.536 stop_prob=0.000 score_chg=1.5900
[step 00950] value_loss=13.586515 policy_loss=0.687434
[step 00950] VALUE_DEBUG: target(mean=-6.60 std=5.43 min=-22.04 max=6.84) V(s)(mean=-6.47 std=4.18) reward(mean=-1.253 std=4.888) clip=50.0
[step 01000] opnorm clamp applied
[step 01000] value_loss=12.516490 policy_loss=0.950688
[step 01000] VALUE_DEBUG: target(mean=-6.16 std=5.88 min=-17.16 max=4.21) V(s)(mean=-5.04 std=4.26) reward(mean=-1.069 std=4.277) clip=50.0
[step 01000] eval_success_rate=0.380 eval_mean_score=14.940 eval_policy_mode=greedy [solved=19/50, score_range=13.00-16.00/16.0, initial=13.52]
[step 01000] PROGRESS: filled=14.94 violations=0.00 zero_cand=0.00
[step 01000] DEBUG: ep_len=6.5 ep_ret=-0.905 stop_prob=0.000 score_chg=1.7550
[Checkpoint] Saved to /home/buiksat/trm_bellman/checkpoints/exp2_contraction_sweep/lz_0999/seed42/rl_checkpoint_step_1000.pt
[step 01050] value_loss=16.690289 policy_loss=0.026315
[step 01050] VALUE_DEBUG: target(mean=-5.86 std=5.02 min=-16.30 max=7.14) V(s)(mean=-5.17 std=3.12) reward(mean=-0.884 std=4.641) clip=50.0
[step 01100] opnorm clamp applied
[step 01100] value_loss=10.913082 policy_loss=1.619150
[step 01100] VALUE_DEBUG: target(mean=-5.10 std=5.57 min=-16.14 max=6.84) V(s)(mean=-5.38 std=3.97) reward(mean=-0.977 std=4.894) clip=50.0
[step 01100] eval_success_rate=0.440 eval_mean_score=15.040 eval_policy_mode=greedy [solved=22/50, score_range=13.00-16.00/16.0, initial=13.52]
[step 01100] PROGRESS: filled=15.04 violations=0.00 zero_cand=0.00
[step 01100] DEBUG: ep_len=5.9 ep_ret=-0.765 stop_prob=0.000 score_chg=1.6400
[step 01150] value_loss=5.284541 policy_loss=0.861670
[step 01150] VALUE_DEBUG: target(mean=-4.85 std=5.43 min=-14.47 max=5.46) V(s)(mean=-5.02 std=4.58) reward(mean=0.008 std=2.463) clip=50.0
[step 01200] opnorm clamp applied
[step 01200] value_loss=7.985922 policy_loss=0.533035
[step 01200] VALUE_DEBUG: target(mean=-5.86 std=4.56 min=-14.64 max=6.84) V(s)(mean=-5.99 std=4.48) reward(mean=-0.045 std=2.706) clip=50.0
[step 01200] eval_success_rate=0.500 eval_mean_score=15.160 eval_policy_mode=greedy [solved=25/50, score_range=13.00-16.00/16.0, initial=13.52]
[step 01200] PROGRESS: filled=15.16 violations=0.00 zero_cand=0.00
[step 01200] DEBUG: ep_len=5.4 ep_ret=0.472 stop_prob=0.000 score_chg=2.0250
[step 01250] value_loss=7.535839 policy_loss=0.350160
[step 01250] VALUE_DEBUG: target(mean=-5.12 std=4.96 min=-16.22 max=6.84) V(s)(mean=-5.48 std=4.07) reward(mean=0.544 std=2.622) clip=50.0
[step 01300] opnorm clamp applied
[step 01300] value_loss=12.230857 policy_loss=-0.406881
[step 01300] VALUE_DEBUG: target(mean=-5.99 std=5.63 min=-17.28 max=5.56) V(s)(mean=-5.69 std=4.34) reward(mean=-0.641 std=4.483) clip=50.0
[step 01300] eval_success_rate=0.640 eval_mean_score=15.400 eval_policy_mode=greedy [solved=32/50, score_range=13.00-16.00/16.0, initial=13.52]
[step 01300] PROGRESS: filled=15.40 violations=0.00 zero_cand=0.00
[step 01300] DEBUG: ep_len=4.9 ep_ret=1.163 stop_prob=0.000 score_chg=2.1925
[step 01350] value_loss=9.273030 policy_loss=0.869731
[step 01350] VALUE_DEBUG: target(mean=-8.45 std=5.19 min=-16.94 max=1.84) V(s)(mean=-7.56 std=3.66) reward(mean=-1.602 std=4.585) clip=50.0
[step 01400] opnorm clamp applied
[step 01400] value_loss=12.616663 policy_loss=0.086783
[step 01400] VALUE_DEBUG: target(mean=-3.47 std=5.94 min=-14.04 max=6.84) V(s)(mean=-4.68 std=4.61) reward(mean=1.005 std=4.169) clip=50.0
[step 01400] eval_success_rate=0.640 eval_mean_score=15.320 eval_policy_mode=greedy [solved=32/50, score_range=13.00-16.00/16.0, initial=13.52]
[step 01400] PROGRESS: filled=15.32 violations=0.00 zero_cand=0.00
[step 01400] DEBUG: ep_len=4.7 ep_ret=0.792 stop_prob=0.000 score_chg=2.1225
[step 01450] value_loss=12.404163 policy_loss=0.697728
[step 01450] VALUE_DEBUG: target(mean=-6.01 std=5.66 min=-16.15 max=6.84) V(s)(mean=-5.90 std=4.09) reward(mean=-0.708 std=4.634) clip=50.0
[step 01500] opnorm clamp applied
[step 01500] value_loss=18.572689 policy_loss=0.008357
[step 01500] VALUE_DEBUG: target(mean=-6.66 std=5.41 min=-17.98 max=6.84) V(s)(mean=-6.93 std=3.93) reward(mean=-0.342 std=4.827) clip=50.0
[step 01500] eval_success_rate=0.620 eval_mean_score=15.280 eval_policy_mode=greedy [solved=31/50, score_range=13.00-16.00/16.0, initial=13.52]
[step 01500] PROGRESS: filled=15.28 violations=0.00 zero_cand=0.00
[step 01500] DEBUG: ep_len=4.9 ep_ret=1.143 stop_prob=0.000 score_chg=2.1025
[step 01550] value_loss=13.568468 policy_loss=0.353786
[step 01550] VALUE_DEBUG: target(mean=-5.71 std=5.30 min=-16.04 max=5.64) V(s)(mean=-4.21 std=4.75) reward(mean=-1.646 std=4.076) clip=50.0
[step 01600] opnorm clamp applied
[step 01600] value_loss=13.425692 policy_loss=-0.211887
[step 01600] VALUE_DEBUG: target(mean=-4.74 std=5.76 min=-17.14 max=6.84) V(s)(mean=-5.73 std=3.96) reward(mean=0.951 std=3.382) clip=50.0
[step 01600] eval_success_rate=0.660 eval_mean_score=15.500 eval_policy_mode=greedy [solved=33/50, score_range=13.00-16.00/16.0, initial=13.52]
[step 01600] PROGRESS: filled=15.50 violations=0.00 zero_cand=0.00
[step 01600] DEBUG: ep_len=4.9 ep_ret=1.289 stop_prob=0.000 score_chg=2.1725
[step 01650] value_loss=15.561947 policy_loss=0.553969
[step 01650] VALUE_DEBUG: target(mean=-6.50 std=6.28 min=-16.97 max=7.91) V(s)(mean=-5.82 std=3.91) reward(mean=-0.585 std=3.690) clip=50.0
[step 01700] opnorm clamp applied
[step 01700] value_loss=13.188232 policy_loss=-0.672991
[step 01700] VALUE_DEBUG: target(mean=-6.47 std=6.19 min=-17.42 max=6.84) V(s)(mean=-5.74 std=4.44) reward(mean=-0.778 std=4.415) clip=50.0
[step 01700] eval_success_rate=0.760 eval_mean_score=15.520 eval_policy_mode=greedy [solved=38/50, score_range=13.00-16.00/16.0, initial=13.52]
[step 01700] PROGRESS: filled=15.52 violations=0.00 zero_cand=0.00
[step 01700] DEBUG: ep_len=4.6 ep_ret=1.219 stop_prob=0.000 score_chg=2.0800
[step 01750] value_loss=8.802022 policy_loss=-0.157532
[step 01750] VALUE_DEBUG: target(mean=-5.62 std=5.50 min=-18.33 max=6.84) V(s)(mean=-5.63 std=4.82) reward(mean=0.409 std=3.212) clip=50.0
[step 01800] opnorm clamp applied
[step 01800] value_loss=4.085661 policy_loss=0.903973
[step 01800] VALUE_DEBUG: target(mean=-5.60 std=6.17 min=-16.15 max=8.94) V(s)(mean=-5.98 std=5.59) reward(mean=-0.214 std=4.387) clip=50.0
[step 01800] eval_success_rate=0.760 eval_mean_score=15.640 eval_policy_mode=greedy [solved=38/50, score_range=13.00-16.00/16.0, initial=13.52]
[step 01800] PROGRESS: filled=15.64 violations=0.00 zero_cand=0.00
[step 01800] DEBUG: ep_len=5.0 ep_ret=0.741 stop_prob=0.000 score_chg=2.1050
[step 01850] value_loss=25.195820 policy_loss=0.165985
[step 01850] VALUE_DEBUG: target(mean=-4.48 std=5.39 min=-16.10 max=6.84) V(s)(mean=-4.04 std=4.91) reward(mean=0.408 std=4.527) clip=50.0
[step 01900] opnorm clamp applied
[step 01900] value_loss=29.973488 policy_loss=0.219711
[step 01900] VALUE_DEBUG: target(mean=-6.91 std=6.69 min=-22.09 max=5.85) V(s)(mean=-5.25 std=4.98) reward(mean=-2.017 std=6.325) clip=50.0
[step 01900] eval_success_rate=0.740 eval_mean_score=15.560 eval_policy_mode=greedy [solved=37/50, score_range=13.00-16.00/16.0, initial=13.52]
[step 01900] PROGRESS: filled=15.56 violations=0.00 zero_cand=0.00
[step 01900] DEBUG: ep_len=4.2 ep_ret=1.718 stop_prob=0.000 score_chg=2.2175
[step 01950] value_loss=7.183591 policy_loss=0.231487
[step 01950] VALUE_DEBUG: target(mean=-4.61 std=6.22 min=-15.34 max=6.84) V(s)(mean=-4.78 std=4.77) reward(mean=0.125 std=2.559) clip=50.0
[step 02000] opnorm clamp applied
[step 02000] value_loss=11.850250 policy_loss=0.195201
[step 02000] VALUE_DEBUG: target(mean=-2.46 std=5.63 min=-17.58 max=5.46) V(s)(mean=-3.20 std=4.88) reward(mean=0.283 std=2.666) clip=50.0
[step 02000] eval_success_rate=0.880 eval_mean_score=15.820 eval_policy_mode=greedy [solved=44/50, score_range=13.00-16.00/16.0, initial=13.52]
[step 02000] PROGRESS: filled=15.82 violations=0.00 zero_cand=0.00
[step 02000] DEBUG: ep_len=4.1 ep_ret=1.978 stop_prob=0.000 score_chg=2.3150
[Checkpoint] Saved to /home/buiksat/trm_bellman/checkpoints/exp2_contraction_sweep/lz_0999/seed42/rl_checkpoint_step_2000.pt
[step 02050] value_loss=7.483056 policy_loss=-1.009922
[step 02050] VALUE_DEBUG: target(mean=-4.83 std=4.90 min=-16.66 max=1.84) V(s)(mean=-4.76 std=3.91) reward(mean=-0.525 std=2.836) clip=50.0
[step 02100] opnorm clamp applied
[step 02100] value_loss=19.299423 policy_loss=-0.041143
[step 02100] VALUE_DEBUG: target(mean=-4.26 std=5.95 min=-15.92 max=6.84) V(s)(mean=-4.03 std=4.83) reward(mean=-0.300 std=4.391) clip=50.0
[step 02100] eval_success_rate=0.860 eval_mean_score=15.740 eval_policy_mode=greedy [solved=43/50, score_range=14.00-16.00/16.0, initial=13.52]
[step 02100] PROGRESS: filled=15.74 violations=0.00 zero_cand=0.00
[step 02100] DEBUG: ep_len=3.9 ep_ret=2.003 stop_prob=0.000 score_chg=2.3075
[step 02150] value_loss=9.042039 policy_loss=-0.105399
[step 02150] VALUE_DEBUG: target(mean=-4.80 std=5.82 min=-14.46 max=6.84) V(s)(mean=-4.18 std=4.45) reward(mean=-0.427 std=3.651) clip=50.0
[step 02200] opnorm clamp applied
[step 02200] value_loss=6.187819 policy_loss=0.317667
[step 02200] VALUE_DEBUG: target(mean=-5.91 std=5.14 min=-18.08 max=2.51) V(s)(mean=-5.44 std=4.70) reward(mean=-0.745 std=3.895) clip=50.0
[step 02200] eval_success_rate=0.920 eval_mean_score=15.920 eval_policy_mode=greedy [solved=46/50, score_range=15.00-16.00/16.0, initial=13.52]
[step 02200] PROGRESS: filled=15.92 violations=0.00 zero_cand=0.00
[step 02200] DEBUG: ep_len=3.5 ep_ret=2.257 stop_prob=0.000 score_chg=2.3050
[step 02250] value_loss=10.268446 policy_loss=-0.381117
[step 02250] VALUE_DEBUG: target(mean=-4.50 std=5.76 min=-16.15 max=6.84) V(s)(mean=-4.91 std=5.14) reward(mean=-0.533 std=4.491) clip=50.0
[step 02300] opnorm clamp applied
[step 02300] value_loss=25.114738 policy_loss=-0.230204
[step 02300] VALUE_DEBUG: target(mean=-4.72 std=6.22 min=-16.18 max=6.84) V(s)(mean=-3.89 std=5.35) reward(mean=-1.082 std=4.576) clip=50.0
[step 02300] eval_success_rate=0.880 eval_mean_score=15.840 eval_policy_mode=greedy [solved=44/50, score_range=14.00-16.00/16.0, initial=13.52]
[step 02300] PROGRESS: filled=15.84 violations=0.00 zero_cand=0.00
[step 02300] DEBUG: ep_len=3.5 ep_ret=2.812 stop_prob=0.000 score_chg=2.4300
[step 02350] value_loss=8.116083 policy_loss=0.695930
[step 02350] VALUE_DEBUG: target(mean=-4.45 std=5.61 min=-17.89 max=5.96) V(s)(mean=-4.01 std=4.45) reward(mean=-0.514 std=2.703) clip=50.0
[step 02400] opnorm clamp applied
[step 02400] value_loss=17.380140 policy_loss=0.875212
[step 02400] VALUE_DEBUG: target(mean=-4.12 std=5.26 min=-15.58 max=6.84) V(s)(mean=-4.56 std=4.16) reward(mean=-0.025 std=2.924) clip=50.0
[step 02400] eval_success_rate=0.920 eval_mean_score=15.880 eval_policy_mode=greedy [solved=46/50, score_range=13.00-16.00/16.0, initial=13.52]
[step 02400] PROGRESS: filled=15.88 violations=0.00 zero_cand=0.00
[step 02400] DEBUG: ep_len=3.4 ep_ret=2.648 stop_prob=0.000 score_chg=2.3775
[step 02450] value_loss=14.342106 policy_loss=-1.052960
[step 02450] VALUE_DEBUG: target(mean=-2.06 std=6.00 min=-17.07 max=8.87) V(s)(mean=-2.79 std=4.95) reward(mean=1.168 std=3.867) clip=50.0
[step 02500] opnorm clamp applied
[step 02500] value_loss=17.556435 policy_loss=0.015224
[step 02500] VALUE_DEBUG: target(mean=-3.32 std=5.34 min=-13.28 max=6.84) V(s)(mean=-4.39 std=4.73) reward(mean=0.493 std=2.525) clip=50.0
[step 02500] eval_success_rate=0.900 eval_mean_score=15.780 eval_policy_mode=greedy [solved=45/50, score_range=13.00-16.00/16.0, initial=13.52]
[step 02500] PROGRESS: filled=15.78 violations=0.00 zero_cand=0.00
[step 02500] DEBUG: ep_len=3.2 ep_ret=2.859 stop_prob=0.000 score_chg=2.4375
[step 02550] value_loss=4.503229 policy_loss=-0.220346
[step 02550] VALUE_DEBUG: target(mean=-4.20 std=5.25 min=-12.33 max=6.84) V(s)(mean=-4.15 std=4.70) reward(mean=0.163 std=2.223) clip=50.0
[step 02600] opnorm clamp applied
[step 02600] value_loss=19.030647 policy_loss=0.269963
[step 02600] VALUE_DEBUG: target(mean=-4.17 std=6.30 min=-16.15 max=6.84) V(s)(mean=-4.26 std=4.65) reward(mean=-0.404 std=4.950) clip=50.0
[step 02600] eval_success_rate=0.920 eval_mean_score=15.840 eval_policy_mode=greedy [solved=46/50, score_range=14.00-16.00/16.0, initial=13.52]
[step 02600] PROGRESS: filled=15.84 violations=0.00 zero_cand=0.00
[step 02600] DEBUG: ep_len=3.2 ep_ret=2.832 stop_prob=0.000 score_chg=2.4025
[step 02650] value_loss=13.327704 policy_loss=0.631194
[step 02650] VALUE_DEBUG: target(mean=-3.37 std=6.87 min=-17.98 max=6.84) V(s)(mean=-3.77 std=5.38) reward(mean=0.312 std=4.497) clip=50.0
[step 02700] opnorm clamp applied
[step 02700] value_loss=9.292994 policy_loss=0.170173
[step 02700] VALUE_DEBUG: target(mean=-2.18 std=6.80 min=-17.47 max=6.84) V(s)(mean=-2.55 std=5.44) reward(mean=0.556 std=4.069) clip=50.0
[step 02700] eval_success_rate=0.940 eval_mean_score=15.940 eval_policy_mode=greedy [solved=47/50, score_range=15.00-16.00/16.0, initial=13.52]
[step 02700] PROGRESS: filled=15.94 violations=0.00 zero_cand=0.00
[step 02700] DEBUG: ep_len=3.3 ep_ret=2.837 stop_prob=0.000 score_chg=2.4675
[step 02750] value_loss=12.749100 policy_loss=-0.369798
[step 02750] VALUE_DEBUG: target(mean=-4.06 std=6.48 min=-16.31 max=5.60) V(s)(mean=-4.71 std=5.03) reward(mean=0.291 std=3.887) clip=50.0
[step 02800] opnorm clamp applied
[step 02800] value_loss=10.106750 policy_loss=0.048629
[step 02800] VALUE_DEBUG: target(mean=-5.31 std=6.83 min=-17.09 max=5.63) V(s)(mean=-4.08 std=5.54) reward(mean=-1.299 std=3.966) clip=50.0
[step 02800] eval_success_rate=0.940 eval_mean_score=15.940 eval_policy_mode=greedy [solved=47/50, score_range=15.00-16.00/16.0, initial=13.52]
[step 02800] PROGRESS: filled=15.94 violations=0.00 zero_cand=0.00
[step 02800] DEBUG: ep_len=3.2 ep_ret=2.764 stop_prob=0.000 score_chg=2.4275
[step 02850] value_loss=5.273624 policy_loss=0.523125
[step 02850] VALUE_DEBUG: target(mean=-2.68 std=5.23 min=-13.22 max=6.84) V(s)(mean=-3.48 std=4.46) reward(mean=0.903 std=2.093) clip=50.0
[step 02900] opnorm clamp applied
[step 02900] value_loss=10.966487 policy_loss=0.079606
[step 02900] VALUE_DEBUG: target(mean=-3.87 std=6.61 min=-19.04 max=7.98) V(s)(mean=-3.78 std=4.83) reward(mean=0.403 std=3.597) clip=50.0
[step 02900] eval_success_rate=0.940 eval_mean_score=15.940 eval_policy_mode=greedy [solved=47/50, score_range=15.00-16.00/16.0, initial=13.52]
[step 02900] PROGRESS: filled=15.94 violations=0.00 zero_cand=0.00
[step 02900] DEBUG: ep_len=3.1 ep_ret=2.854 stop_prob=0.000 score_chg=2.4125
[step 02950] value_loss=10.850349 policy_loss=0.163458
[step 02950] VALUE_DEBUG: target(mean=-2.46 std=5.64 min=-16.29 max=7.39) V(s)(mean=-2.82 std=4.46) reward(mean=-0.173 std=3.330) clip=50.0
[step 03000] opnorm clamp applied
[step 03000] value_loss=11.333175 policy_loss=0.560985
[step 03000] VALUE_DEBUG: target(mean=-3.79 std=5.78 min=-16.04 max=6.84) V(s)(mean=-3.30 std=5.12) reward(mean=-0.103 std=3.676) clip=50.0
[step 03000] eval_success_rate=0.940 eval_mean_score=15.940 eval_policy_mode=greedy [solved=47/50, score_range=15.00-16.00/16.0, initial=13.52]
[step 03000] PROGRESS: filled=15.94 violations=0.00 zero_cand=0.00
[step 03000] DEBUG: ep_len=3.2 ep_ret=3.038 stop_prob=0.000 score_chg=2.5250
[Checkpoint] Saved to /home/buiksat/trm_bellman/checkpoints/exp2_contraction_sweep/lz_0999/seed42/rl_checkpoint_step_3000.pt
[step 03050] value_loss=18.023087 policy_loss=-0.189421
[step 03050] VALUE_DEBUG: target(mean=-1.75 std=5.05 min=-14.12 max=6.84) V(s)(mean=-2.26 std=4.17) reward(mean=-0.216 std=3.514) clip=50.0
[step 03100] opnorm clamp applied
[step 03100] value_loss=31.274029 policy_loss=-0.114448
[step 03100] VALUE_DEBUG: target(mean=-4.04 std=6.37 min=-16.04 max=6.84) V(s)(mean=-3.10 std=4.33) reward(mean=-1.296 std=5.720) clip=50.0
[step 03100] eval_success_rate=0.980 eval_mean_score=15.980 eval_policy_mode=greedy [solved=49/50, score_range=15.00-16.00/16.0, initial=13.52]
[step 03100] PROGRESS: filled=15.98 violations=0.00 zero_cand=0.00
[step 03100] DEBUG: ep_len=3.1 ep_ret=2.970 stop_prob=0.000 score_chg=2.4975
[step 03150] value_loss=10.977745 policy_loss=0.068207
[step 03150] VALUE_DEBUG: target(mean=-5.45 std=5.56 min=-16.75 max=2.88) V(s)(mean=-4.04 std=5.06) reward(mean=-0.993 std=2.982) clip=50.0
[step 03200] opnorm clamp applied
[step 03200] value_loss=20.219704 policy_loss=-0.465757
[step 03200] VALUE_DEBUG: target(mean=-4.17 std=7.30 min=-17.63 max=6.84) V(s)(mean=-3.22 std=4.89) reward(mean=-1.248 std=4.948) clip=50.0
[step 03200] eval_success_rate=1.000 eval_mean_score=16.000 eval_policy_mode=greedy [solved=50/50, score_range=16.00-16.00/16.0, initial=13.52]
[step 03200] PROGRESS: filled=16.00 violations=0.00 zero_cand=0.00
[step 03200] DEBUG: ep_len=3.1 ep_ret=3.098 stop_prob=0.000 score_chg=2.5275
[step 03250] value_loss=17.535154 policy_loss=1.182243
[step 03250] VALUE_DEBUG: target(mean=-0.97 std=5.33 min=-16.15 max=7.95) V(s)(mean=-0.66 std=3.52) reward(mean=0.037 std=4.290) clip=50.0
[step 03300] opnorm clamp applied
[step 03300] value_loss=28.590382 policy_loss=0.084337
[step 03300] VALUE_DEBUG: target(mean=-2.92 std=7.18 min=-21.98 max=8.87) V(s)(mean=-2.16 std=4.56) reward(mean=-1.488 std=6.607) clip=50.0
[step 03300] eval_success_rate=0.980 eval_mean_score=15.980 eval_policy_mode=greedy [solved=49/50, score_range=15.00-16.00/16.0, initial=13.52]
[step 03300] PROGRESS: filled=15.98 violations=0.00 zero_cand=0.00
[step 03300] DEBUG: ep_len=3.0 ep_ret=3.058 stop_prob=0.000 score_chg=2.4750
[step 03350] value_loss=19.225807 policy_loss=-0.361349
[step 03350] VALUE_DEBUG: target(mean=-3.60 std=6.96 min=-21.09 max=6.92) V(s)(mean=-3.29 std=4.47) reward(mean=-0.748 std=5.363) clip=50.0
[step 03400] opnorm clamp applied
[step 03400] value_loss=6.042210 policy_loss=-0.096134
[step 03400] VALUE_DEBUG: target(mean=-2.69 std=4.96 min=-12.09 max=6.84) V(s)(mean=-2.45 std=4.46) reward(mean=0.127 std=2.942) clip=50.0
[step 03400] eval_success_rate=1.000 eval_mean_score=16.000 eval_policy_mode=greedy [solved=50/50, score_range=16.00-16.00/16.0, initial=13.52]
[step 03400] PROGRESS: filled=16.00 violations=0.00 zero_cand=0.00
[step 03400] DEBUG: ep_len=3.1 ep_ret=3.119 stop_prob=0.000 score_chg=2.5525
[step 03450] value_loss=13.883728 policy_loss=0.360285
[step 03450] VALUE_DEBUG: target(mean=-2.10 std=5.16 min=-16.14 max=7.72) V(s)(mean=-2.34 std=4.10) reward(mean=-0.370 std=4.066) clip=50.0
[step 03500] opnorm clamp applied
[step 03500] value_loss=18.808937 policy_loss=0.264022
[step 03500] VALUE_DEBUG: target(mean=-3.51 std=6.50 min=-21.10 max=6.84) V(s)(mean=-2.44 std=4.41) reward(mean=-1.283 std=5.176) clip=50.0
[step 03500] eval_success_rate=0.980 eval_mean_score=15.980 eval_policy_mode=greedy [solved=49/50, score_range=15.00-16.00/16.0, initial=13.52]
[step 03500] PROGRESS: filled=15.98 violations=0.00 zero_cand=0.00
[step 03500] DEBUG: ep_len=3.0 ep_ret=3.014 stop_prob=0.000 score_chg=2.4725
[step 03550] value_loss=9.409734 policy_loss=-0.079850
[step 03550] VALUE_DEBUG: target(mean=-2.19 std=5.17 min=-12.63 max=6.84) V(s)(mean=-2.22 std=4.69) reward(mean=0.162 std=3.258) clip=50.0
[step 03600] opnorm clamp applied
[step 03600] value_loss=5.067656 policy_loss=0.673723
[step 03600] VALUE_DEBUG: target(mean=-1.41 std=4.94 min=-14.93 max=7.94) V(s)(mean=-1.67 std=3.71) reward(mean=0.094 std=2.082) clip=50.0
[step 03600] eval_success_rate=1.000 eval_mean_score=16.000 eval_policy_mode=greedy [solved=50/50, score_range=16.00-16.00/16.0, initial=13.52]
[step 03600] PROGRESS: filled=16.00 violations=0.00 zero_cand=0.00
[step 03600] DEBUG: ep_len=2.9 ep_ret=3.051 stop_prob=0.000 score_chg=2.4600
[step 03650] value_loss=9.453479 policy_loss=-1.110402
[step 03650] VALUE_DEBUG: target(mean=-1.29 std=4.71 min=-16.15 max=3.88) V(s)(mean=-1.11 std=3.62) reward(mean=-0.005 std=3.237) clip=50.0
[step 03700] opnorm clamp applied
[step 03700] value_loss=3.257770 policy_loss=-0.009258
[step 03700] VALUE_DEBUG: target(mean=-1.58 std=4.44 min=-14.79 max=6.84) V(s)(mean=-1.73 std=3.97) reward(mean=0.345 std=2.276) clip=50.0
[step 03700] eval_success_rate=1.000 eval_mean_score=16.000 eval_policy_mode=greedy [solved=50/50, score_range=16.00-16.00/16.0, initial=13.52]
[step 03700] PROGRESS: filled=16.00 violations=0.00 zero_cand=0.00
[step 03700] DEBUG: ep_len=2.8 ep_ret=2.951 stop_prob=0.000 score_chg=2.3450
[step 03750] value_loss=19.372080 policy_loss=0.347734
[step 03750] VALUE_DEBUG: target(mean=-1.88 std=5.70 min=-19.31 max=5.07) V(s)(mean=-1.71 std=4.07) reward(mean=-0.223 std=3.875) clip=50.0
[step 03800] opnorm clamp applied
[step 03800] value_loss=6.940301 policy_loss=-0.170769
[step 03800] VALUE_DEBUG: target(mean=-0.69 std=4.57 min=-12.19 max=6.84) V(s)(mean=-1.42 std=4.63) reward(mean=1.400 std=2.552) clip=50.0
[step 03800] eval_success_rate=1.000 eval_mean_score=16.000 eval_policy_mode=greedy [solved=50/50, score_range=16.00-16.00/16.0, initial=13.52]
[step 03800] PROGRESS: filled=16.00 violations=0.00 zero_cand=0.00
[step 03800] DEBUG: ep_len=2.8 ep_ret=3.088 stop_prob=0.000 score_chg=2.4900
[step 03850] value_loss=20.809557 policy_loss=0.503664
[step 03850] VALUE_DEBUG: target(mean=-2.41 std=5.88 min=-19.94 max=6.84) V(s)(mean=-2.69 std=5.10) reward(mean=0.034 std=4.140) clip=50.0
[step 03900] opnorm clamp applied
[step 03900] value_loss=18.157421 policy_loss=-0.063488
[step 03900] VALUE_DEBUG: target(mean=-1.79 std=5.42 min=-16.15 max=6.84) V(s)(mean=-1.43 std=3.74) reward(mean=0.061 std=4.145) clip=50.0
[step 03900] eval_success_rate=1.000 eval_mean_score=16.000 eval_policy_mode=greedy [solved=50/50, score_range=16.00-16.00/16.0, initial=13.52]
[step 03900] PROGRESS: filled=16.00 violations=0.00 zero_cand=0.00
[step 03900] DEBUG: ep_len=3.0 ep_ret=3.136 stop_prob=0.000 score_chg=2.5550
[step 03950] value_loss=19.944620 policy_loss=0.900349
[step 03950] VALUE_DEBUG: target(mean=-1.06 std=5.78 min=-16.10 max=10.33) V(s)(mean=-0.84 std=4.22) reward(mean=-0.213 std=4.146) clip=50.0
[step 04000] opnorm clamp applied
[step 04000] value_loss=8.734760 policy_loss=0.669902
[step 04000] VALUE_DEBUG: target(mean=-2.42 std=5.83 min=-16.10 max=6.93) V(s)(mean=-2.08 std=4.19) reward(mean=-0.439 std=3.928) clip=50.0
[step 04000] eval_success_rate=1.000 eval_mean_score=16.000 eval_policy_mode=greedy [solved=50/50, score_range=16.00-16.00/16.0, initial=13.52]
[step 04000] PROGRESS: filled=16.00 violations=0.00 zero_cand=0.00
[step 04000] DEBUG: ep_len=2.9 ep_ret=3.055 stop_prob=0.000 score_chg=2.4600
[Checkpoint] Saved to /home/buiksat/trm_bellman/checkpoints/exp2_contraction_sweep/lz_0999/seed42/rl_checkpoint_step_4000.pt
[step 04050] value_loss=8.470463 policy_loss=0.149313
[step 04050] VALUE_DEBUG: target(mean=-2.23 std=4.58 min=-16.10 max=4.70) V(s)(mean=-1.76 std=3.85) reward(mean=-0.560 std=3.949) clip=50.0
[step 04100] opnorm clamp applied
[step 04100] value_loss=11.369937 policy_loss=-0.570853
[step 04100] VALUE_DEBUG: target(mean=-1.58 std=4.93 min=-13.20 max=6.84) V(s)(mean=-1.32 std=4.25) reward(mean=-0.454 std=3.497) clip=50.0
[step 04100] eval_success_rate=1.000 eval_mean_score=16.000 eval_policy_mode=greedy [solved=50/50, score_range=16.00-16.00/16.0, initial=13.52]
[step 04100] PROGRESS: filled=16.00 violations=0.00 zero_cand=0.00
[step 04100] DEBUG: ep_len=2.8 ep_ret=2.999 stop_prob=0.000 score_chg=2.3975
[step 04150] value_loss=8.023026 policy_loss=-0.057097
[step 04150] VALUE_DEBUG: target(mean=-0.86 std=4.46 min=-13.94 max=6.84) V(s)(mean=-1.56 std=3.84) reward(mean=0.933 std=2.282) clip=50.0
[step 04200] opnorm clamp applied
[step 04200] value_loss=25.880535 policy_loss=0.078230
[step 04200] VALUE_DEBUG: target(mean=-2.78 std=6.20 min=-20.02 max=6.84) V(s)(mean=-2.43 std=4.75) reward(mean=-0.420 std=4.319) clip=50.0
[step 04200] eval_success_rate=0.980 eval_mean_score=15.980 eval_policy_mode=greedy [solved=49/50, score_range=15.00-16.00/16.0, initial=13.52]
[step 04200] PROGRESS: filled=15.98 violations=0.00 zero_cand=0.00
[step 04200] DEBUG: ep_len=2.9 ep_ret=3.063 stop_prob=0.000 score_chg=2.4725
[step 04250] value_loss=11.392424 policy_loss=0.762050
[step 04250] VALUE_DEBUG: target(mean=-0.19 std=4.37 min=-8.17 max=6.84) V(s)(mean=-0.99 std=4.10) reward(mean=0.867 std=2.906) clip=50.0
[step 04300] opnorm clamp applied
[step 04300] value_loss=5.913570 policy_loss=0.330163
[step 04300] VALUE_DEBUG: target(mean=-0.08 std=4.38 min=-12.43 max=7.17) V(s)(mean=-0.35 std=3.60) reward(mean=0.408 std=2.718) clip=50.0
[step 04300] eval_success_rate=0.980 eval_mean_score=15.980 eval_policy_mode=greedy [solved=49/50, score_range=15.00-16.00/16.0, initial=13.52]
[step 04300] PROGRESS: filled=15.98 violations=0.00 zero_cand=0.00
[step 04300] DEBUG: ep_len=2.9 ep_ret=3.070 stop_prob=0.000 score_chg=2.4775
[step 04350] value_loss=5.525835 policy_loss=0.012301
[step 04350] VALUE_DEBUG: target(mean=-0.74 std=3.80 min=-12.45 max=7.15) V(s)(mean=-1.10 std=3.54) reward(mean=0.463 std=2.687) clip=50.0
[step 04400] opnorm clamp applied
[step 04400] value_loss=16.400808 policy_loss=-0.077509
[step 04400] VALUE_DEBUG: target(mean=0.79 std=4.78 min=-16.08 max=7.72) V(s)(mean=-0.59 std=3.79) reward(mean=1.178 std=3.743) clip=50.0
[step 04400] eval_success_rate=0.980 eval_mean_score=15.980 eval_policy_mode=greedy [solved=49/50, score_range=15.00-16.00/16.0, initial=13.52]
[step 04400] PROGRESS: filled=15.98 violations=0.00 zero_cand=0.00
[step 04400] DEBUG: ep_len=2.9 ep_ret=3.038 stop_prob=0.000 score_chg=2.4450
[step 04450] value_loss=14.857471 policy_loss=0.858791
[step 04450] VALUE_DEBUG: target(mean=-1.52 std=6.91 min=-17.46 max=7.49) V(s)(mean=-1.23 std=4.54) reward(mean=-0.655 std=4.853) clip=50.0
[step 04500] opnorm clamp applied
[step 04500] value_loss=15.623194 policy_loss=0.485277
[step 04500] VALUE_DEBUG: target(mean=-1.08 std=5.57 min=-16.14 max=6.84) V(s)(mean=-0.64 std=3.79) reward(mean=-0.688 std=4.834) clip=50.0
[step 04500] eval_success_rate=1.000 eval_mean_score=16.000 eval_policy_mode=greedy [solved=50/50, score_range=16.00-16.00/16.0, initial=13.52]
[step 04500] PROGRESS: filled=16.00 violations=0.00 zero_cand=0.00
[step 04500] DEBUG: ep_len=2.7 ep_ret=2.977 stop_prob=0.000 score_chg=2.3675
[step 04550] value_loss=6.708739 policy_loss=0.688674
[step 04550] VALUE_DEBUG: target(mean=-0.53 std=3.76 min=-8.99 max=7.51) V(s)(mean=-0.84 std=3.50) reward(mean=0.753 std=3.163) clip=50.0
[step 04600] opnorm clamp applied
[step 04600] value_loss=6.408052 policy_loss=0.212571
[step 04600] VALUE_DEBUG: target(mean=0.42 std=3.35 min=-8.28 max=6.84) V(s)(mean=0.05 std=3.36) reward(mean=0.679 std=2.717) clip=50.0
[step 04600] eval_success_rate=0.980 eval_mean_score=15.980 eval_policy_mode=greedy [solved=49/50, score_range=15.00-16.00/16.0, initial=13.52]
[step 04600] PROGRESS: filled=15.98 violations=0.00 zero_cand=0.00
[step 04600] DEBUG: ep_len=3.0 ep_ret=3.093 stop_prob=0.000 score_chg=2.5125
[step 04650] value_loss=19.282841 policy_loss=-0.459744
[step 04650] VALUE_DEBUG: target(mean=-2.29 std=6.49 min=-22.09 max=7.54) V(s)(mean=-1.55 std=4.57) reward(mean=-0.654 std=5.080) clip=50.0
[step 04700] opnorm clamp applied
[step 04700] value_loss=15.087999 policy_loss=0.217650
[step 04700] VALUE_DEBUG: target(mean=0.85 std=4.30 min=-16.10 max=7.03) V(s)(mean=0.99 std=2.44) reward(mean=0.428 std=4.160) clip=50.0
[step 04700] eval_success_rate=0.980 eval_mean_score=15.980 eval_policy_mode=greedy [solved=49/50, score_range=15.00-16.00/16.0, initial=13.52]
[step 04700] PROGRESS: filled=15.98 violations=0.00 zero_cand=0.00
[step 04700] DEBUG: ep_len=3.0 ep_ret=3.086 stop_prob=0.000 score_chg=2.5025
[step 04750] value_loss=7.314502 policy_loss=0.067377
[step 04750] VALUE_DEBUG: target(mean=-0.48 std=5.21 min=-12.28 max=6.84) V(s)(mean=-1.24 std=4.59) reward(mean=0.875 std=2.556) clip=50.0
[step 04800] opnorm clamp applied
[step 04800] value_loss=1.750732 policy_loss=-0.237201
[step 04800] VALUE_DEBUG: target(mean=0.14 std=3.46 min=-9.01 max=6.84) V(s)(mean=-0.29 std=2.99) reward(mean=0.681 std=1.643) clip=50.0
[step 04800] eval_success_rate=1.000 eval_mean_score=16.000 eval_policy_mode=greedy [solved=50/50, score_range=16.00-16.00/16.0, initial=13.52]
[step 04800] PROGRESS: filled=16.00 violations=0.00 zero_cand=0.00
[step 04800] DEBUG: ep_len=2.9 ep_ret=3.033 stop_prob=0.000 score_chg=2.4450
[step 04850] value_loss=6.940277 policy_loss=0.596294
[step 04850] VALUE_DEBUG: target(mean=-1.02 std=3.70 min=-12.85 max=2.98) V(s)(mean=-0.95 std=3.57) reward(mean=0.006 std=2.175) clip=50.0
[step 04900] opnorm clamp applied
[step 04900] value_loss=4.873443 policy_loss=-0.268701
[step 04900] VALUE_DEBUG: target(mean=-1.13 std=4.91 min=-15.50 max=6.84) V(s)(mean=-0.72 std=3.74) reward(mean=0.242 std=2.601) clip=50.0
[step 04900] eval_success_rate=0.960 eval_mean_score=15.960 eval_policy_mode=greedy [solved=48/50, score_range=15.00-16.00/16.0, initial=13.52]
[step 04900] PROGRESS: filled=15.96 violations=0.00 zero_cand=0.00
[step 04900] DEBUG: ep_len=3.0 ep_ret=3.103 stop_prob=0.000 score_chg=2.5275
[step 04950] value_loss=14.830152 policy_loss=-0.158676
[step 04950] VALUE_DEBUG: target(mean=0.56 std=5.55 min=-16.15 max=9.58) V(s)(mean=0.92 std=2.29) reward(mean=-0.258 std=4.886) clip=50.0
[step 05000] opnorm clamp applied
[step 05000] value_loss=16.960434 policy_loss=1.133295
[step 05000] VALUE_DEBUG: target(mean=-1.74 std=5.04 min=-14.60 max=6.76) V(s)(mean=-0.82 std=3.26) reward(mean=-0.866 std=4.006) clip=50.0
[step 05000] eval_success_rate=0.960 eval_mean_score=15.960 eval_policy_mode=greedy [solved=48/50, score_range=15.00-16.00/16.0, initial=13.52]
[step 05000] PROGRESS: filled=15.96 violations=0.00 zero_cand=0.00
[step 05000] DEBUG: ep_len=3.0 ep_ret=3.011 stop_prob=0.000 score_chg=2.4275
[Checkpoint] Saved to /home/buiksat/trm_bellman/checkpoints/exp2_contraction_sweep/lz_0999/seed42/rl_checkpoint_step_5000.pt
[Checkpoint] Saved to /home/buiksat/trm_bellman/checkpoints/exp2_contraction_sweep/lz_0999/seed42/rl_checkpoint_step_5000.pt
