[2026-01-17T14:00:24.181-08:00] Buck UI: https://www.internalfb.com/buck2/cd900c96-14e8-43b1-a628-8f14b51f6a77
[2026-01-17T14:00:31.273-08:00] Waiting on buck2 daemon cd900c96-14e8-43b1-a628-8f14b51f6a77...
[2026-01-17T14:00:31.273-08:00] Network: Up:   0B             Down:   0B           
[2026-01-17T14:00:31.273-08:00] Resource usage: RSS: 37GiB CPU: 572%
[2026-01-17T14:00:31.273-08:00] IO: none
[2026-01-17T14:00:31.765-08:00] Network: Up: 0B  Down: 0B
BUILD SUCCEEDED - starting your binary
[INFO] Using feasibility-aware Sudoku checker for 4x4
       score = filled - 2.0*violations - 5.0*zeroCand
       Max score: 16 (all filled, no violations)
[INFO] Training for 5000 steps (gamma=0.990, K=1, inner_unroll_n=2)
[INFO] Terminal rewards: solve=1.000, fail=-16.000
/data/repos/fbsource/buck-out/v2/gen/fbcode/7bc20b5dff24e379/buiksat_trm/__upi_trm_train__/upi_trm_train#link-tree/upi_trm_train.py:879: UserWarning: rl_enable_contraction=True: Applying operator-norm clamping and contraction scaling to z->z path layers. This is REQUIRED for Assumption 3.2 (L_z < 1) but will modify network behavior. Pretrained weights from vanilla TRM may require fine-tuning.
  model = TinyRecursiveReasoningModel_ACTV1(trm_cfg_dict)
[INFO] Using TRM backbone (hidden=64, H=2, L=2)
[DEBUG] Policy head STOP bias: 0.00 (should be 0.0 for uniform init)
[INFO] Puzzle embeddings DISABLED (set --puzzle-emb-ndim > 0 to enable)
/data/repos/fbsource/buck-out/v2/gen/fbcode/7bc20b5dff24e379/buiksat_trm/__upi_trm_train__/upi_trm_train#link-tree/torch/cuda/__init__.py:373: UserWarning: Found GPU0 NVIDIA PG509-210 which is of compute capability (CC) 8.0.
The following list shows the CCs this version of PyTorch was built for and the hardware CCs it supports:
Please follow the instructions at https://pytorch.org/get-started/locally/ to install a PyTorch release that supports one of these CUDA versions: 12.6, 12.8, 13.0
  _warn_unsupported_code(d, device_cc, code_ccs)
/data/repos/fbsource/buck-out/v2/gen/fbcode/7bc20b5dff24e379/buiksat_trm/__upi_trm_train__/upi_trm_train#link-tree/torch/cuda/__init__.py:373: UserWarning: Found GPU1 NVIDIA PG509-210 which is of compute capability (CC) 8.0.
The following list shows the CCs this version of PyTorch was built for and the hardware CCs it supports:
Please follow the instructions at https://pytorch.org/get-started/locally/ to install a PyTorch release that supports one of these CUDA versions: 12.6, 12.8, 13.0
  _warn_unsupported_code(d, device_cc, code_ccs)
INFO:2026-01-17 14:00:38 3968623:3968623 CuptiCallbackApi.cpp:74] Callback: domain = 3, cbid = 1
INFO:2026-01-17 14:00:38 3968623:3968623 CuptiActivityProfiler.cpp:245] CUDA versions. CUPTI: 22; Runtime: 12040; Driver: 12040
INFO:2026-01-17 14:00:38 3968623:3974829 FBConfig.cpp:330] Perfetto builder enabled: 1
INFO:2026-01-17 14:00:38 3968623:3974829 DynoConfigLoader.cpp:61] Setting communication fabric enabled = 0
/data/repos/fbsource/buck-out/v2/gen/fbcode/7bc20b5dff24e379/buiksat_trm/__upi_trm_train__/upi_trm_train#link-tree/rl/upi_trm_trainer.py:93: UserWarning: rl_enable_contraction=True: Applying operator-norm clamping and contraction scaling to z->z path layers. This is REQUIRED for Assumption 3.2 (L_z < 1) but will modify network behavior. Pretrained weights from vanilla TRM may require fine-tuning.
  self.target_model = TinyRecursiveReasoningModel_ACTV1(self._config_to_dict(self.model.config)).to(device)
/data/repos/fbsource/buck-out/v2/gen/fbcode/7bc20b5dff24e379/buiksat_trm/__upi_trm_train__/upi_trm_train#link-tree/rl/upi_trm_trainer.py:103: UserWarning: rl_enable_contraction=True: Applying operator-norm clamping and contraction scaling to z->z path layers. This is REQUIRED for Assumption 3.2 (L_z < 1) but will modify network behavior. Pretrained weights from vanilla TRM may require fine-tuning.
  self.policy_model_candidate = TinyRecursiveReasoningModel_ACTV1(
INFO:2026-01-17 14:00:38 3968623:3974829 DynoConfigLoader.cpp:61] Setting communication fabric enabled = 0
TritonTraceHandler: disabled because /logs does not exist
===========[FB_TRITON]=========== Triton Version: 3.3.2+fb
[INFO] Using UPI-TRM algorithm (K=1, inner_n=2)

============================================================
UPI-TRM THEORY ALIGNMENT CHECK
============================================================
⚠ Configuration has theory gaps:
  • exact_baseline_summation=False: Using approximate baseline. This gives O(ε_A/(1-γ)) bound instead of O(α·ε_A) from Theorem 5.9. For discrete action spaces (Sudoku), enable for tighter bounds.
  • theory_exact_mixture=False: Using parameter-space interpolation for CPI, which is NOT equivalent to policy-space mixture. The CPI improvement guarantee does not strictly apply. Set theory_exact_mixture=True for theory-exact behavior (but slower due to evaluating two networks).

Theory status:
  Forward-invariant projection: ✓
  Contraction enforced (L_z < 1): ✓
  Exact baseline (Thm 5.9): ✗
  Distillation (not in theory): ✓ disabled

Is theory-exact: False
============================================================

UPI-TRM theoretical dials:
  L_z target (rl_cfg.target_Lz): 0.99
  L_V target (rl_cfg.target_Lv): 1.0
  Inner unroll n (rl_cfg.inner_unroll_n): 2
  K-step horizon K (rl_cfg.K): 1
  Mixture alpha (rl_cfg.mixture_alpha): 0.1
  Latent ball radius (rl_cfg.latent_ball_radius): 10.0
  Episodic latent: True
  Exact K-step targets: False
  Exact baseline summation: False

[INFO] STOP action mode: disabled
[INFO] Forward-invariant projection enabled (R=10.0)
[WandB] Disabled by default (enable with: --wandb)
[DEBUG] Action mask: 4 valid actions out of 97 total
[DEBUG] Latent mode: episodic
[DEBUG] Step 0 probs: STOP=0.000000, edits=1.000000
[DEBUG] Top 5 action probs: torch.return_types.topk(
values=tensor([0.3159, 0.2470, 0.2191, 0.2180, 0.0000], device='cuda:0',
       grad_fn=<TopkBackward0>),
indices=tensor([74, 77, 75, 76,  0], device='cuda:0'))
[step 00050] value_loss=25.041653 policy_loss=0.643439
[step 00050] VALUE_DEBUG: target(mean=-0.72 std=4.91 min=-16.04 max=6.84) V(s)(mean=-0.88 std=0.29) reward(mean=-0.706 std=4.937) clip=50.0
[step 00100] opnorm clamp applied
[step 00100] value_loss=54.512840 policy_loss=0.218420
[step 00100] VALUE_DEBUG: target(mean=-3.20 std=7.22 min=-22.03 max=5.59) V(s)(mean=-1.45 std=0.66) reward(mean=-2.710 std=7.416) clip=50.0
[step 00100] eval_success_rate=0.200 eval_mean_score=12.460 eval_policy_mode=greedy [solved=10/50, score_range=-1.00-16.00/16.0, initial=13.52]
[step 00100] PROGRESS: filled=14.62 violations=0.98 zero_cand=0.04
[step 00100] DEBUG: ep_len=11.2 ep_ret=-13.419 stop_prob=0.000 score_chg=-4.6925
[step 00150] value_loss=14.861469 policy_loss=-0.544812
[step 00150] VALUE_DEBUG: target(mean=-1.43 std=3.91 min=-10.04 max=5.26) V(s)(mean=-1.70 std=0.67) reward(mean=-0.426 std=3.904) clip=50.0
[step 00200] opnorm clamp applied
[step 00200] value_loss=14.106533 policy_loss=-0.711424
[step 00200] VALUE_DEBUG: target(mean=-2.82 std=3.93 min=-10.10 max=6.84) V(s)(mean=-2.76 std=0.67) reward(mean=-1.275 std=3.737) clip=50.0
[step 00200] eval_success_rate=0.320 eval_mean_score=13.940 eval_policy_mode=greedy [solved=16/50, score_range=6.00-16.00/16.0, initial=13.52]
[step 00200] PROGRESS: filled=14.52 violations=0.24 zero_cand=0.02
[step 00200] DEBUG: ep_len=10.1 ep_ret=-10.406 stop_prob=0.000 score_chg=-2.9125
[step 00250] value_loss=18.045576 policy_loss=-1.148816
[step 00250] VALUE_DEBUG: target(mean=-2.22 std=4.47 min=-20.04 max=5.27) V(s)(mean=-2.60 std=1.04) reward(mean=-0.207 std=4.601) clip=50.0
[step 00300] opnorm clamp applied
[step 00300] value_loss=24.813648 policy_loss=-0.146047
[step 00300] VALUE_DEBUG: target(mean=-2.00 std=5.09 min=-16.10 max=6.84) V(s)(mean=-3.08 std=1.74) reward(mean=0.262 std=5.124) clip=50.0
[step 00300] eval_success_rate=0.280 eval_mean_score=14.280 eval_policy_mode=greedy [solved=14/50, score_range=10.00-16.00/16.0, initial=13.52]
[step 00300] PROGRESS: filled=14.52 violations=0.12 zero_cand=0.00
[step 00300] DEBUG: ep_len=9.6 ep_ret=-7.647 stop_prob=0.000 score_chg=-1.0900
[step 00350] value_loss=26.086767 policy_loss=-0.505514
[step 00350] VALUE_DEBUG: target(mean=-4.33 std=4.60 min=-16.10 max=4.11) V(s)(mean=-3.16 std=1.85) reward(mean=-1.945 std=5.239) clip=50.0
[step 00400] opnorm clamp applied
[step 00400] value_loss=15.607080 policy_loss=-1.195501
[step 00400] VALUE_DEBUG: target(mean=-3.80 std=4.35 min=-16.04 max=6.84) V(s)(mean=-4.19 std=1.28) reward(mean=-0.875 std=4.154) clip=50.0
[step 00400] eval_success_rate=0.320 eval_mean_score=14.560 eval_policy_mode=greedy [solved=16/50, score_range=13.00-16.00/16.0, initial=13.52]
[step 00400] PROGRESS: filled=14.56 violations=0.00 zero_cand=0.00
[step 00400] DEBUG: ep_len=8.5 ep_ret=-5.145 stop_prob=0.000 score_chg=0.4075
[step 00450] value_loss=10.931812 policy_loss=0.534439
[step 00450] VALUE_DEBUG: target(mean=-3.33 std=3.45 min=-9.62 max=6.84) V(s)(mean=-3.77 std=1.86) reward(mean=-0.588 std=3.101) clip=50.0
[step 00500] opnorm clamp applied
[step 00500] value_loss=6.828716 policy_loss=0.604178
[step 00500] VALUE_DEBUG: target(mean=-4.08 std=3.16 min=-11.36 max=2.60) V(s)(mean=-4.40 std=1.49) reward(mean=-0.417 std=2.732) clip=50.0
[step 00500] eval_success_rate=0.320 eval_mean_score=14.540 eval_policy_mode=greedy [solved=16/50, score_range=13.00-16.00/16.0, initial=13.52]
[step 00500] PROGRESS: filled=14.54 violations=0.00 zero_cand=0.00
[step 00500] DEBUG: ep_len=7.5 ep_ret=-3.989 stop_prob=0.000 score_chg=0.9875
[step 00550] value_loss=12.061112 policy_loss=1.328543
[step 00550] VALUE_DEBUG: target(mean=-5.38 std=4.31 min=-16.15 max=3.09) V(s)(mean=-4.79 std=2.78) reward(mean=-1.413 std=3.937) clip=50.0
[step 00600] opnorm clamp applied
[step 00600] value_loss=19.930592 policy_loss=0.720369
[step 00600] VALUE_DEBUG: target(mean=-6.57 std=5.04 min=-16.15 max=3.59) V(s)(mean=-4.85 std=2.60) reward(mean=-2.593 std=5.007) clip=50.0
[step 00600] eval_success_rate=0.380 eval_mean_score=14.740 eval_policy_mode=greedy [solved=19/50, score_range=13.00-16.00/16.0, initial=13.52]
[step 00600] PROGRESS: filled=14.74 violations=0.00 zero_cand=0.00
[step 00600] DEBUG: ep_len=7.5 ep_ret=-3.995 stop_prob=0.000 score_chg=0.9800
[step 00650] value_loss=10.513023 policy_loss=0.989027
[step 00650] VALUE_DEBUG: target(mean=-5.74 std=3.73 min=-16.10 max=2.24) V(s)(mean=-5.01 std=2.30) reward(mean=-0.687 std=3.628) clip=50.0
[step 00700] opnorm clamp applied
[step 00700] value_loss=15.982313 policy_loss=0.687377
[step 00700] VALUE_DEBUG: target(mean=-4.47 std=4.85 min=-13.95 max=6.84) V(s)(mean=-5.41 std=2.41) reward(mean=-0.323 std=3.178) clip=50.0
[step 00700] eval_success_rate=0.400 eval_mean_score=14.700 eval_policy_mode=greedy [solved=20/50, score_range=13.00-16.00/16.0, initial=13.52]
[step 00700] PROGRESS: filled=14.70 violations=0.00 zero_cand=0.00
[step 00700] DEBUG: ep_len=6.7 ep_ret=-1.751 stop_prob=0.000 score_chg=1.6050
[step 00750] value_loss=15.894593 policy_loss=0.787977
[step 00750] VALUE_DEBUG: target(mean=-5.30 std=5.94 min=-16.10 max=8.02) V(s)(mean=-4.92 std=4.42) reward(mean=-0.921 std=5.356) clip=50.0
[step 00800] opnorm clamp applied
[step 00800] value_loss=7.670286 policy_loss=0.967193
[step 00800] VALUE_DEBUG: target(mean=-5.34 std=3.77 min=-13.37 max=3.34) V(s)(mean=-5.64 std=3.33) reward(mean=-0.176 std=1.973) clip=50.0
[step 00800] eval_success_rate=0.460 eval_mean_score=14.720 eval_policy_mode=greedy [solved=23/50, score_range=13.00-16.00/16.0, initial=13.52]
[step 00800] PROGRESS: filled=14.72 violations=0.00 zero_cand=0.00
[step 00800] DEBUG: ep_len=7.1 ep_ret=-2.334 stop_prob=0.000 score_chg=1.4600
[step 00850] value_loss=6.165172 policy_loss=-0.031609
[step 00850] VALUE_DEBUG: target(mean=-4.55 std=4.67 min=-13.20 max=6.84) V(s)(mean=-5.17 std=4.12) reward(mean=0.496 std=2.999) clip=50.0
[step 00900] opnorm clamp applied
[step 00900] value_loss=20.564735 policy_loss=0.852169
[step 00900] VALUE_DEBUG: target(mean=-6.62 std=4.95 min=-17.14 max=1.84) V(s)(mean=-5.59 std=2.71) reward(mean=-2.723 std=5.346) clip=50.0
[step 00900] eval_success_rate=0.440 eval_mean_score=14.860 eval_policy_mode=greedy [solved=22/50, score_range=13.00-16.00/16.0, initial=13.52]
[step 00900] PROGRESS: filled=14.86 violations=0.00 zero_cand=0.00
[step 00900] DEBUG: ep_len=6.3 ep_ret=-1.622 stop_prob=0.000 score_chg=1.4275
[step 00950] value_loss=10.775465 policy_loss=0.084092
[step 00950] VALUE_DEBUG: target(mean=-4.32 std=4.65 min=-12.12 max=6.84) V(s)(mean=-4.38 std=3.67) reward(mean=0.320 std=2.804) clip=50.0
[step 01000] opnorm clamp applied
[step 01000] value_loss=16.876678 policy_loss=0.558714
[step 01000] VALUE_DEBUG: target(mean=-5.08 std=4.98 min=-16.04 max=6.15) V(s)(mean=-5.27 std=3.98) reward(mean=-1.101 std=4.569) clip=50.0
[step 01000] eval_success_rate=0.420 eval_mean_score=14.840 eval_policy_mode=greedy [solved=21/50, score_range=13.00-16.00/16.0, initial=13.52]
[step 01000] PROGRESS: filled=14.84 violations=0.00 zero_cand=0.00
[step 01000] DEBUG: ep_len=6.2 ep_ret=-1.291 stop_prob=0.000 score_chg=1.6175
[Checkpoint] Saved to /home/buiksat/trm_bellman/checkpoints/exp2_contraction_sweep/lz_099/seed42/rl_checkpoint_step_1000.pt
[step 01050] value_loss=20.101631 policy_loss=0.755881
[step 01050] VALUE_DEBUG: target(mean=-6.18 std=6.60 min=-22.09 max=3.82) V(s)(mean=-5.51 std=4.19) reward(mean=-1.364 std=5.869) clip=50.0
[step 01100] opnorm clamp applied
[step 01100] value_loss=11.828823 policy_loss=0.587736
[step 01100] VALUE_DEBUG: target(mean=-6.38 std=5.30 min=-16.39 max=6.84) V(s)(mean=-7.08 std=3.51) reward(mean=0.010 std=3.054) clip=50.0
[step 01100] eval_success_rate=0.500 eval_mean_score=15.000 eval_policy_mode=greedy [solved=25/50, score_range=13.00-16.00/16.0, initial=13.52]
[step 01100] PROGRESS: filled=15.00 violations=0.00 zero_cand=0.00
[step 01100] DEBUG: ep_len=5.8 ep_ret=-0.808 stop_prob=0.000 score_chg=1.6800
[step 01150] value_loss=6.191777 policy_loss=1.047078
[step 01150] VALUE_DEBUG: target(mean=-4.41 std=4.87 min=-11.77 max=6.84) V(s)(mean=-4.88 std=4.46) reward(mean=0.792 std=2.498) clip=50.0
[step 01200] opnorm clamp applied
[step 01200] value_loss=20.338213 policy_loss=0.880554
[step 01200] VALUE_DEBUG: target(mean=-4.33 std=5.19 min=-11.57 max=6.84) V(s)(mean=-6.67 std=3.83) reward(mean=1.131 std=2.596) clip=50.0
[step 01200] eval_success_rate=0.520 eval_mean_score=15.080 eval_policy_mode=greedy [solved=26/50, score_range=13.00-16.00/16.0, initial=13.52]
[step 01200] PROGRESS: filled=15.08 violations=0.00 zero_cand=0.00
[step 01200] DEBUG: ep_len=5.7 ep_ret=-0.261 stop_prob=0.000 score_chg=1.9300
[step 01250] value_loss=26.448887 policy_loss=0.056864
[step 01250] VALUE_DEBUG: target(mean=-6.18 std=6.44 min=-22.04 max=6.84) V(s)(mean=-5.06 std=4.32) reward(mean=-1.042 std=5.420) clip=50.0
[step 01300] opnorm clamp applied
[step 01300] value_loss=8.475546 policy_loss=0.596014
[step 01300] VALUE_DEBUG: target(mean=-5.47 std=4.83 min=-16.02 max=6.84) V(s)(mean=-5.44 std=4.29) reward(mean=0.188 std=3.146) clip=50.0
[step 01300] eval_success_rate=0.580 eval_mean_score=15.120 eval_policy_mode=greedy [solved=29/50, score_range=13.00-16.00/16.0, initial=13.52]
[step 01300] PROGRESS: filled=15.12 violations=0.00 zero_cand=0.00
[step 01300] DEBUG: ep_len=5.6 ep_ret=-0.769 stop_prob=0.000 score_chg=1.7800
[step 01350] value_loss=4.206391 policy_loss=0.102375
[step 01350] VALUE_DEBUG: target(mean=-6.68 std=4.44 min=-14.57 max=3.67) V(s)(mean=-6.91 std=4.14) reward(mean=0.047 std=2.178) clip=50.0
[step 01400] opnorm clamp applied
[step 01400] value_loss=12.384907 policy_loss=-0.214722
[step 01400] VALUE_DEBUG: target(mean=-4.73 std=6.94 min=-18.71 max=6.96) V(s)(mean=-5.17 std=5.34) reward(mean=-1.109 std=4.969) clip=50.0
[step 01400] eval_success_rate=0.600 eval_mean_score=15.200 eval_policy_mode=greedy [solved=30/50, score_range=13.00-16.00/16.0, initial=13.52]
[step 01400] PROGRESS: filled=15.20 violations=0.00 zero_cand=0.00
[step 01400] DEBUG: ep_len=5.7 ep_ret=-0.558 stop_prob=0.000 score_chg=1.8900
[step 01450] value_loss=14.058567 policy_loss=0.203081
[step 01450] VALUE_DEBUG: target(mean=-6.72 std=5.89 min=-20.04 max=1.84) V(s)(mean=-5.64 std=4.58) reward(mean=-0.827 std=3.898) clip=50.0
[step 01500] opnorm clamp applied
[step 01500] value_loss=7.071888 policy_loss=-0.109274
[step 01500] VALUE_DEBUG: target(mean=-5.98 std=5.82 min=-16.64 max=4.09) V(s)(mean=-5.28 std=4.84) reward(mean=-1.231 std=4.185) clip=50.0
[step 01500] eval_success_rate=0.680 eval_mean_score=15.460 eval_policy_mode=greedy [solved=34/50, score_range=13.00-16.00/16.0, initial=13.52]
[step 01500] PROGRESS: filled=15.46 violations=0.00 zero_cand=0.00
[step 01500] DEBUG: ep_len=5.1 ep_ret=0.573 stop_prob=0.000 score_chg=2.0025
[step 01550] value_loss=11.995734 policy_loss=-0.831404
[step 01550] VALUE_DEBUG: target(mean=-7.14 std=5.58 min=-21.98 max=6.84) V(s)(mean=-6.58 std=4.49) reward(mean=-0.962 std=4.344) clip=50.0
[step 01600] opnorm clamp applied
[step 01600] value_loss=14.976168 policy_loss=0.581360
[step 01600] VALUE_DEBUG: target(mean=-7.54 std=5.63 min=-22.04 max=1.84) V(s)(mean=-7.24 std=3.83) reward(mean=-1.553 std=5.043) clip=50.0
[step 01600] eval_success_rate=0.700 eval_mean_score=15.480 eval_policy_mode=greedy [solved=35/50, score_range=13.00-16.00/16.0, initial=13.52]
[step 01600] PROGRESS: filled=15.48 violations=0.00 zero_cand=0.00
[step 01600] DEBUG: ep_len=5.1 ep_ret=0.221 stop_prob=0.000 score_chg=2.0775
[step 01650] value_loss=6.764112 policy_loss=0.393670
[step 01650] VALUE_DEBUG: target(mean=-6.67 std=5.92 min=-17.67 max=1.84) V(s)(mean=-6.07 std=4.45) reward(mean=-0.595 std=3.685) clip=50.0
[step 01700] opnorm clamp applied
[step 01700] value_loss=11.237121 policy_loss=-0.475717
[step 01700] VALUE_DEBUG: target(mean=-6.35 std=5.41 min=-16.79 max=3.79) V(s)(mean=-6.77 std=4.52) reward(mean=-0.086 std=2.235) clip=50.0
[step 01700] eval_success_rate=0.680 eval_mean_score=15.500 eval_policy_mode=greedy [solved=34/50, score_range=13.00-16.00/16.0, initial=13.52]
[step 01700] PROGRESS: filled=15.50 violations=0.00 zero_cand=0.00
[step 01700] DEBUG: ep_len=4.8 ep_ret=0.884 stop_prob=0.000 score_chg=2.1600
[step 01750] value_loss=12.360758 policy_loss=-0.224026
[step 01750] VALUE_DEBUG: target(mean=-6.37 std=6.12 min=-18.98 max=5.89) V(s)(mean=-5.32 std=4.86) reward(mean=-1.048 std=3.736) clip=50.0
[step 01800] opnorm clamp applied
[step 01800] value_loss=6.982724 policy_loss=0.593116
[step 01800] VALUE_DEBUG: target(mean=-4.82 std=5.81 min=-15.65 max=6.84) V(s)(mean=-4.71 std=4.27) reward(mean=-0.244 std=2.619) clip=50.0
[step 01800] eval_success_rate=0.620 eval_mean_score=15.320 eval_policy_mode=greedy [solved=31/50, score_range=13.00-16.00/16.0, initial=13.52]
[step 01800] PROGRESS: filled=15.32 violations=0.00 zero_cand=0.00
[step 01800] DEBUG: ep_len=4.8 ep_ret=0.786 stop_prob=0.000 score_chg=2.1700
[step 01850] value_loss=22.598049 policy_loss=0.334674
[step 01850] VALUE_DEBUG: target(mean=-5.12 std=6.30 min=-16.14 max=6.84) V(s)(mean=-4.38 std=5.01) reward(mean=-0.963 std=4.150) clip=50.0
[step 01900] opnorm clamp applied
[step 01900] value_loss=6.218720 policy_loss=0.233254
[step 01900] VALUE_DEBUG: target(mean=-6.96 std=4.97 min=-16.10 max=4.40) V(s)(mean=-6.56 std=4.43) reward(mean=-0.942 std=3.355) clip=50.0
[step 01900] eval_success_rate=0.760 eval_mean_score=15.560 eval_policy_mode=greedy [solved=38/50, score_range=13.00-16.00/16.0, initial=13.52]
[step 01900] PROGRESS: filled=15.56 violations=0.00 zero_cand=0.00
[step 01900] DEBUG: ep_len=4.5 ep_ret=1.209 stop_prob=0.000 score_chg=2.0900
[step 01950] value_loss=10.877613 policy_loss=-0.327568
[step 01950] VALUE_DEBUG: target(mean=-6.28 std=5.54 min=-16.10 max=5.58) V(s)(mean=-5.45 std=4.93) reward(mean=-1.023 std=3.579) clip=50.0
[step 02000] opnorm clamp applied
[step 02000] value_loss=14.692646 policy_loss=0.433202
[step 02000] VALUE_DEBUG: target(mean=-5.59 std=6.49 min=-16.10 max=6.84) V(s)(mean=-5.45 std=5.42) reward(mean=-0.146 std=4.959) clip=50.0
[step 02000] eval_success_rate=0.780 eval_mean_score=15.660 eval_policy_mode=greedy [solved=39/50, score_range=14.00-16.00/16.0, initial=13.52]
[step 02000] PROGRESS: filled=15.66 violations=0.00 zero_cand=0.00
[step 02000] DEBUG: ep_len=4.3 ep_ret=1.664 stop_prob=0.000 score_chg=2.3175
[Checkpoint] Saved to /home/buiksat/trm_bellman/checkpoints/exp2_contraction_sweep/lz_099/seed42/rl_checkpoint_step_2000.pt
[step 02050] value_loss=8.040313 policy_loss=-0.304221
[step 02050] VALUE_DEBUG: target(mean=-5.00 std=5.87 min=-17.53 max=6.25) V(s)(mean=-5.64 std=5.23) reward(mean=0.723 std=2.852) clip=50.0
[step 02100] opnorm clamp applied
[step 02100] value_loss=3.726168 policy_loss=0.195470
[step 02100] VALUE_DEBUG: target(mean=-4.41 std=6.20 min=-17.39 max=6.84) V(s)(mean=-4.85 std=5.54) reward(mean=0.587 std=1.984) clip=50.0
[step 02100] eval_success_rate=0.820 eval_mean_score=15.680 eval_policy_mode=greedy [solved=41/50, score_range=13.00-16.00/16.0, initial=13.52]
[step 02100] PROGRESS: filled=15.68 violations=0.00 zero_cand=0.00
[step 02100] DEBUG: ep_len=4.0 ep_ret=2.085 stop_prob=0.000 score_chg=2.3050
[step 02150] value_loss=15.305028 policy_loss=-0.640654
[step 02150] VALUE_DEBUG: target(mean=-3.97 std=5.46 min=-11.84 max=6.84) V(s)(mean=-4.54 std=5.17) reward(mean=0.591 std=2.745) clip=50.0
[step 02200] opnorm clamp applied
[step 02200] value_loss=8.159840 policy_loss=-0.434966
[step 02200] VALUE_DEBUG: target(mean=-5.40 std=5.81 min=-16.15 max=6.94) V(s)(mean=-5.75 std=5.04) reward(mean=0.190 std=3.714) clip=50.0
[step 02200] eval_success_rate=0.860 eval_mean_score=15.740 eval_policy_mode=greedy [solved=43/50, score_range=13.00-16.00/16.0, initial=13.52]
[step 02200] PROGRESS: filled=15.74 violations=0.00 zero_cand=0.00
[step 02200] DEBUG: ep_len=3.6 ep_ret=2.385 stop_prob=0.000 score_chg=2.3525
[step 02250] value_loss=12.603877 policy_loss=-0.264921
[step 02250] VALUE_DEBUG: target(mean=-6.57 std=6.80 min=-18.24 max=6.84) V(s)(mean=-6.53 std=5.50) reward(mean=-0.716 std=3.710) clip=50.0
[step 02300] opnorm clamp applied
[step 02300] value_loss=15.676552 policy_loss=-0.557146
[step 02300] VALUE_DEBUG: target(mean=-4.34 std=5.40 min=-18.04 max=4.17) V(s)(mean=-3.65 std=4.77) reward(mean=-0.734 std=3.905) clip=50.0
[step 02300] eval_success_rate=0.820 eval_mean_score=15.680 eval_policy_mode=greedy [solved=41/50, score_range=13.00-16.00/16.0, initial=13.52]
[step 02300] PROGRESS: filled=15.68 violations=0.00 zero_cand=0.00
[step 02300] DEBUG: ep_len=3.7 ep_ret=1.927 stop_prob=0.000 score_chg=2.2375
[step 02350] value_loss=27.387409 policy_loss=-0.270867
[step 02350] VALUE_DEBUG: target(mean=-5.23 std=7.07 min=-21.98 max=6.84) V(s)(mean=-5.13 std=5.89) reward(mean=-0.522 std=4.802) clip=50.0
[step 02400] opnorm clamp applied
[step 02400] value_loss=21.205891 policy_loss=0.122491
[step 02400] VALUE_DEBUG: target(mean=-5.60 std=7.70 min=-21.98 max=10.55) V(s)(mean=-4.87 std=5.87) reward(mean=-0.858 std=5.443) clip=50.0
[step 02400] eval_success_rate=0.860 eval_mean_score=15.740 eval_policy_mode=greedy [solved=43/50, score_range=13.00-16.00/16.0, initial=13.52]
[step 02400] PROGRESS: filled=15.74 violations=0.00 zero_cand=0.00
[step 02400] DEBUG: ep_len=3.9 ep_ret=1.798 stop_prob=0.000 score_chg=2.2150
[step 02450] value_loss=3.739264 policy_loss=-0.865304
[step 02450] VALUE_DEBUG: target(mean=-5.00 std=5.20 min=-16.08 max=1.84) V(s)(mean=-5.24 std=5.54) reward(mean=-0.108 std=1.952) clip=50.0
[step 02500] opnorm clamp applied
[step 02500] value_loss=5.937558 policy_loss=0.709097
[step 02500] VALUE_DEBUG: target(mean=-3.70 std=6.46 min=-16.08 max=6.84) V(s)(mean=-3.64 std=5.60) reward(mean=-0.235 std=3.596) clip=50.0
[step 02500] eval_success_rate=0.940 eval_mean_score=15.880 eval_policy_mode=greedy [solved=47/50, score_range=14.00-16.00/16.0, initial=13.52]
[step 02500] PROGRESS: filled=15.88 violations=0.00 zero_cand=0.00
[step 02500] DEBUG: ep_len=3.8 ep_ret=1.953 stop_prob=0.000 score_chg=2.3250
[step 02550] value_loss=3.323862 policy_loss=0.248725
[step 02550] VALUE_DEBUG: target(mean=-5.94 std=5.94 min=-14.15 max=3.55) V(s)(mean=-6.42 std=5.77) reward(mean=0.224 std=1.888) clip=50.0
[step 02600] opnorm clamp applied
[step 02600] value_loss=27.968578 policy_loss=-0.444004
[step 02600] VALUE_DEBUG: target(mean=-5.61 std=6.99 min=-22.09 max=6.84) V(s)(mean=-5.04 std=6.03) reward(mean=-0.252 std=5.666) clip=50.0
[step 02600] eval_success_rate=0.900 eval_mean_score=15.820 eval_policy_mode=greedy [solved=45/50, score_range=14.00-16.00/16.0, initial=13.52]
[step 02600] PROGRESS: filled=15.82 violations=0.00 zero_cand=0.00
[step 02600] DEBUG: ep_len=3.7 ep_ret=2.167 stop_prob=0.000 score_chg=2.3575
[step 02650] value_loss=10.748874 policy_loss=-0.370324
[step 02650] VALUE_DEBUG: target(mean=-2.54 std=6.45 min=-12.89 max=7.52) V(s)(mean=-3.51 std=6.25) reward(mean=1.253 std=2.252) clip=50.0
[step 02700] opnorm clamp applied
[step 02700] value_loss=2.761428 policy_loss=-0.166588
[step 02700] VALUE_DEBUG: target(mean=-4.02 std=5.82 min=-14.04 max=6.84) V(s)(mean=-4.71 std=5.37) reward(mean=0.154 std=3.159) clip=50.0
[step 02700] eval_success_rate=0.860 eval_mean_score=15.840 eval_policy_mode=greedy [solved=43/50, score_range=14.00-16.00/16.0, initial=13.52]
[step 02700] PROGRESS: filled=15.84 violations=0.00 zero_cand=0.00
[step 02700] DEBUG: ep_len=3.6 ep_ret=2.420 stop_prob=0.000 score_chg=2.4250
[step 02750] value_loss=7.492569 policy_loss=-0.966680
[step 02750] VALUE_DEBUG: target(mean=-6.16 std=6.22 min=-15.74 max=5.57) V(s)(mean=-5.46 std=5.93) reward(mean=-0.548 std=2.540) clip=50.0
[step 02800] opnorm clamp applied
[step 02800] value_loss=8.603943 policy_loss=0.466940
[step 02800] VALUE_DEBUG: target(mean=-3.70 std=6.46 min=-17.60 max=6.84) V(s)(mean=-3.94 std=5.43) reward(mean=0.286 std=3.875) clip=50.0
[step 02800] eval_success_rate=0.940 eval_mean_score=15.820 eval_policy_mode=greedy [solved=47/50, score_range=13.00-16.00/16.0, initial=13.52]
[step 02800] PROGRESS: filled=15.82 violations=0.00 zero_cand=0.00
[step 02800] DEBUG: ep_len=3.3 ep_ret=2.489 stop_prob=0.000 score_chg=2.3325
[step 02850] value_loss=3.179915 policy_loss=0.065229
[step 02850] VALUE_DEBUG: target(mean=-3.81 std=6.40 min=-13.49 max=6.84) V(s)(mean=-3.56 std=5.75) reward(mean=0.377 std=2.760) clip=50.0
[step 02900] opnorm clamp applied
[step 02900] value_loss=5.435919 policy_loss=1.242758
[step 02900] VALUE_DEBUG: target(mean=-4.58 std=6.10 min=-17.87 max=6.84) V(s)(mean=-3.93 std=5.28) reward(mean=-0.837 std=3.874) clip=50.0
[step 02900] eval_success_rate=0.960 eval_mean_score=15.920 eval_policy_mode=greedy [solved=48/50, score_range=14.00-16.00/16.0, initial=13.52]
[step 02900] PROGRESS: filled=15.92 violations=0.00 zero_cand=0.00
[step 02900] DEBUG: ep_len=3.4 ep_ret=2.176 stop_prob=0.000 score_chg=2.2875
[step 02950] value_loss=9.025015 policy_loss=-1.595279
[step 02950] VALUE_DEBUG: target(mean=-4.12 std=6.60 min=-16.09 max=6.84) V(s)(mean=-4.44 std=5.92) reward(mean=-0.045 std=3.886) clip=50.0
[step 03000] opnorm clamp applied
[step 03000] value_loss=14.082413 policy_loss=0.009845
[step 03000] VALUE_DEBUG: target(mean=-2.70 std=5.01 min=-12.80 max=6.84) V(s)(mean=-2.64 std=4.34) reward(mean=-0.179 std=3.129) clip=50.0
[step 03000] eval_success_rate=0.960 eval_mean_score=15.920 eval_policy_mode=greedy [solved=48/50, score_range=14.00-16.00/16.0, initial=13.52]
[step 03000] PROGRESS: filled=15.92 violations=0.00 zero_cand=0.00
[step 03000] DEBUG: ep_len=3.7 ep_ret=2.189 stop_prob=0.000 score_chg=2.3650
[Checkpoint] Saved to /home/buiksat/trm_bellman/checkpoints/exp2_contraction_sweep/lz_099/seed42/rl_checkpoint_step_3000.pt
[step 03050] value_loss=10.032521 policy_loss=-0.441323
[step 03050] VALUE_DEBUG: target(mean=-2.80 std=6.89 min=-21.84 max=6.92) V(s)(mean=-2.81 std=5.94) reward(mean=-0.005 std=3.167) clip=50.0
[step 03100] opnorm clamp applied
[step 03100] value_loss=6.130390 policy_loss=0.191658
[step 03100] VALUE_DEBUG: target(mean=-3.69 std=6.10 min=-16.10 max=7.11) V(s)(mean=-3.71 std=5.68) reward(mean=-0.185 std=4.100) clip=50.0
[step 03100] eval_success_rate=0.960 eval_mean_score=15.920 eval_policy_mode=greedy [solved=48/50, score_range=14.00-16.00/16.0, initial=13.52]
[step 03100] PROGRESS: filled=15.92 violations=0.00 zero_cand=0.00
[step 03100] DEBUG: ep_len=3.5 ep_ret=2.282 stop_prob=0.000 score_chg=2.3575
[step 03150] value_loss=7.322184 policy_loss=-0.346259
[step 03150] VALUE_DEBUG: target(mean=-4.33 std=6.03 min=-13.82 max=8.36) V(s)(mean=-4.84 std=4.83) reward(mean=0.496 std=2.866) clip=50.0
[step 03200] opnorm clamp applied
[step 03200] value_loss=4.273838 policy_loss=-0.423973
[step 03200] VALUE_DEBUG: target(mean=-2.13 std=5.50 min=-13.34 max=2.77) V(s)(mean=-2.31 std=5.28) reward(mean=0.271 std=1.415) clip=50.0
[step 03200] eval_success_rate=0.920 eval_mean_score=15.880 eval_policy_mode=greedy [solved=46/50, score_range=14.00-16.00/16.0, initial=13.52]
[step 03200] PROGRESS: filled=15.88 violations=0.00 zero_cand=0.00
[step 03200] DEBUG: ep_len=3.6 ep_ret=2.358 stop_prob=0.000 score_chg=2.4475
[step 03250] value_loss=7.118136 policy_loss=0.952899
[step 03250] VALUE_DEBUG: target(mean=-4.16 std=5.98 min=-13.90 max=6.84) V(s)(mean=-4.94 std=5.99) reward(mean=0.503 std=2.692) clip=50.0
[step 03300] opnorm clamp applied
[step 03300] value_loss=22.565083 policy_loss=-0.412776
[step 03300] VALUE_DEBUG: target(mean=-6.10 std=7.20 min=-19.19 max=8.22) V(s)(mean=-4.33 std=5.12) reward(mean=-2.989 std=6.181) clip=50.0
[step 03300] eval_success_rate=0.960 eval_mean_score=15.960 eval_policy_mode=greedy [solved=48/50, score_range=15.00-16.00/16.0, initial=13.52]
[step 03300] PROGRESS: filled=15.96 violations=0.00 zero_cand=0.00
[step 03300] DEBUG: ep_len=3.4 ep_ret=2.325 stop_prob=0.000 score_chg=2.3425
[step 03350] value_loss=8.714462 policy_loss=0.878597
[step 03350] VALUE_DEBUG: target(mean=-5.83 std=6.75 min=-16.15 max=5.47) V(s)(mean=-5.04 std=5.98) reward(mean=-1.677 std=4.773) clip=50.0
[step 03400] opnorm clamp applied
[step 03400] value_loss=11.267048 policy_loss=-0.639091
[step 03400] VALUE_DEBUG: target(mean=-4.13 std=7.41 min=-19.94 max=6.84) V(s)(mean=-3.47 std=6.37) reward(mean=-0.470 std=5.262) clip=50.0
[step 03400] eval_success_rate=0.960 eval_mean_score=15.960 eval_policy_mode=greedy [solved=48/50, score_range=15.00-16.00/16.0, initial=13.52]
[step 03400] PROGRESS: filled=15.96 violations=0.00 zero_cand=0.00
[step 03400] DEBUG: ep_len=3.7 ep_ret=2.179 stop_prob=0.000 score_chg=2.4575
[step 03450] value_loss=7.684621 policy_loss=-0.400405
[step 03450] VALUE_DEBUG: target(mean=-2.96 std=5.78 min=-14.16 max=6.84) V(s)(mean=-3.26 std=5.65) reward(mean=0.741 std=2.954) clip=50.0
[step 03500] opnorm clamp applied
[step 03500] value_loss=12.024162 policy_loss=-0.152768
[step 03500] VALUE_DEBUG: target(mean=-4.36 std=5.77 min=-15.11 max=6.84) V(s)(mean=-3.98 std=4.74) reward(mean=-0.204 std=3.255) clip=50.0
[step 03500] eval_success_rate=0.960 eval_mean_score=15.920 eval_policy_mode=greedy [solved=48/50, score_range=14.00-16.00/16.0, initial=13.52]
[step 03500] PROGRESS: filled=15.92 violations=0.00 zero_cand=0.00
[step 03500] DEBUG: ep_len=3.5 ep_ret=2.267 stop_prob=0.000 score_chg=2.3850
[step 03550] value_loss=18.103653 policy_loss=-0.604296
[step 03550] VALUE_DEBUG: target(mean=-1.61 std=6.84 min=-17.67 max=7.71) V(s)(mean=-2.27 std=5.13) reward(mean=0.559 std=4.283) clip=50.0
[step 03600] opnorm clamp applied
[step 03600] value_loss=21.632980 policy_loss=0.292604
[step 03600] VALUE_DEBUG: target(mean=-0.19 std=5.35 min=-14.09 max=9.16) V(s)(mean=-1.98 std=5.15) reward(mean=1.589 std=2.836) clip=50.0
[step 03600] eval_success_rate=0.960 eval_mean_score=15.920 eval_policy_mode=greedy [solved=48/50, score_range=14.00-16.00/16.0, initial=13.52]
[step 03600] PROGRESS: filled=15.92 violations=0.00 zero_cand=0.00
[step 03600] DEBUG: ep_len=3.4 ep_ret=2.172 stop_prob=0.000 score_chg=2.3300
[step 03650] value_loss=4.131321 policy_loss=0.733550
[step 03650] VALUE_DEBUG: target(mean=-1.65 std=6.53 min=-14.63 max=7.69) V(s)(mean=-2.41 std=5.70) reward(mean=1.022 std=2.310) clip=50.0
[step 03700] opnorm clamp applied
[step 03700] value_loss=7.747055 policy_loss=-0.597357
[step 03700] VALUE_DEBUG: target(mean=-1.17 std=5.84 min=-14.03 max=8.41) V(s)(mean=-2.33 std=5.41) reward(mean=1.032 std=2.477) clip=50.0
[step 03700] eval_success_rate=0.960 eval_mean_score=15.920 eval_policy_mode=greedy [solved=48/50, score_range=14.00-16.00/16.0, initial=13.52]
[step 03700] PROGRESS: filled=15.92 violations=0.00 zero_cand=0.00
[step 03700] DEBUG: ep_len=3.0 ep_ret=2.567 stop_prob=0.000 score_chg=2.2900
[step 03750] value_loss=3.586642 policy_loss=-0.050884
[step 03750] VALUE_DEBUG: target(mean=-2.66 std=6.21 min=-16.15 max=6.93) V(s)(mean=-2.98 std=5.90) reward(mean=-0.099 std=3.672) clip=50.0
[step 03800] opnorm clamp applied
[step 03800] value_loss=15.756467 policy_loss=0.037297
[step 03800] VALUE_DEBUG: target(mean=-1.35 std=4.92 min=-15.05 max=6.84) V(s)(mean=-2.30 std=3.74) reward(mean=0.562 std=2.693) clip=50.0
[step 03800] eval_success_rate=0.960 eval_mean_score=15.920 eval_policy_mode=greedy [solved=48/50, score_range=14.00-16.00/16.0, initial=13.52]
[step 03800] PROGRESS: filled=15.92 violations=0.00 zero_cand=0.00
[step 03800] DEBUG: ep_len=3.3 ep_ret=2.419 stop_prob=0.000 score_chg=2.4325
[step 03850] value_loss=7.337785 policy_loss=1.010348
[step 03850] VALUE_DEBUG: target(mean=-2.63 std=6.17 min=-14.61 max=8.17) V(s)(mean=-2.14 std=5.54) reward(mean=0.091 std=3.150) clip=50.0
[step 03900] opnorm clamp applied
[step 03900] value_loss=5.502406 policy_loss=0.212451
[step 03900] VALUE_DEBUG: target(mean=-2.52 std=6.63 min=-16.14 max=8.26) V(s)(mean=-2.87 std=6.22) reward(mean=0.238 std=3.758) clip=50.0
[step 03900] eval_success_rate=0.960 eval_mean_score=15.960 eval_policy_mode=greedy [solved=48/50, score_range=15.00-16.00/16.0, initial=13.52]
[step 03900] PROGRESS: filled=15.96 violations=0.00 zero_cand=0.00
[step 03900] DEBUG: ep_len=3.2 ep_ret=2.804 stop_prob=0.000 score_chg=2.5150
[step 03950] value_loss=13.224318 policy_loss=-1.489151
[step 03950] VALUE_DEBUG: target(mean=-1.86 std=5.82 min=-18.39 max=6.84) V(s)(mean=-1.26 std=4.81) reward(mean=-0.887 std=4.572) clip=50.0
[step 04000] opnorm clamp applied
[step 04000] value_loss=6.883061 policy_loss=1.275266
[step 04000] VALUE_DEBUG: target(mean=-2.08 std=5.54 min=-13.31 max=8.45) V(s)(mean=-1.94 std=4.93) reward(mean=0.218 std=2.956) clip=50.0
[step 04000] eval_success_rate=0.960 eval_mean_score=15.960 eval_policy_mode=greedy [solved=48/50, score_range=15.00-16.00/16.0, initial=13.52]
[step 04000] PROGRESS: filled=15.96 violations=0.00 zero_cand=0.00
[step 04000] DEBUG: ep_len=3.2 ep_ret=2.356 stop_prob=0.000 score_chg=2.3675
[Checkpoint] Saved to /home/buiksat/trm_bellman/checkpoints/exp2_contraction_sweep/lz_099/seed42/rl_checkpoint_step_4000.pt
[step 04050] value_loss=8.532991 policy_loss=-0.232455
[step 04050] VALUE_DEBUG: target(mean=-2.01 std=6.00 min=-16.15 max=6.84) V(s)(mean=-1.81 std=4.88) reward(mean=0.031 std=3.726) clip=50.0
[step 04100] opnorm clamp applied
[step 04100] value_loss=19.290962 policy_loss=0.352141
[step 04100] VALUE_DEBUG: target(mean=-1.49 std=5.31 min=-16.04 max=6.84) V(s)(mean=-0.96 std=3.73) reward(mean=-0.158 std=3.842) clip=50.0
[step 04100] eval_success_rate=0.960 eval_mean_score=15.960 eval_policy_mode=greedy [solved=48/50, score_range=15.00-16.00/16.0, initial=13.52]
[step 04100] PROGRESS: filled=15.96 violations=0.00 zero_cand=0.00
[step 04100] DEBUG: ep_len=3.1 ep_ret=2.382 stop_prob=0.000 score_chg=2.3350
[step 04150] value_loss=6.420414 policy_loss=-1.373612
[step 04150] VALUE_DEBUG: target(mean=-3.28 std=7.28 min=-15.64 max=7.83) V(s)(mean=-3.26 std=6.77) reward(mean=0.006 std=2.906) clip=50.0
[step 04200] opnorm clamp applied
[step 04200] value_loss=8.841340 policy_loss=-1.258745
[step 04200] VALUE_DEBUG: target(mean=-3.05 std=6.19 min=-18.02 max=6.90) V(s)(mean=-3.23 std=5.13) reward(mean=-0.121 std=2.972) clip=50.0
[step 04200] eval_success_rate=0.960 eval_mean_score=15.960 eval_policy_mode=greedy [solved=48/50, score_range=15.00-16.00/16.0, initial=13.52]
[step 04200] PROGRESS: filled=15.96 violations=0.00 zero_cand=0.00
[step 04200] DEBUG: ep_len=3.3 ep_ret=2.516 stop_prob=0.000 score_chg=2.3975
[step 04250] value_loss=6.030730 policy_loss=-0.945279
[step 04250] VALUE_DEBUG: target(mean=-2.06 std=6.28 min=-15.44 max=10.89) V(s)(mean=-2.22 std=5.58) reward(mean=0.375 std=2.632) clip=50.0
[step 04300] opnorm clamp applied
[step 04300] value_loss=10.217278 policy_loss=-0.143250
[step 04300] VALUE_DEBUG: target(mean=-1.54 std=5.65 min=-12.44 max=10.76) V(s)(mean=-1.32 std=5.60) reward(mean=0.229 std=3.613) clip=50.0
[step 04300] eval_success_rate=0.960 eval_mean_score=15.960 eval_policy_mode=greedy [solved=48/50, score_range=15.00-16.00/16.0, initial=13.52]
[step 04300] PROGRESS: filled=15.96 violations=0.00 zero_cand=0.00
[step 04300] DEBUG: ep_len=3.3 ep_ret=2.220 stop_prob=0.000 score_chg=2.3150
[step 04350] value_loss=15.102172 policy_loss=0.460944
[step 04350] VALUE_DEBUG: target(mean=-2.64 std=7.10 min=-18.75 max=7.13) V(s)(mean=-1.80 std=5.58) reward(mean=-0.796 std=3.879) clip=50.0
[step 04400] opnorm clamp applied
[step 04400] value_loss=6.495952 policy_loss=-0.870855
[step 04400] VALUE_DEBUG: target(mean=-1.46 std=6.35 min=-13.45 max=11.22) V(s)(mean=-1.60 std=5.59) reward(mean=0.538 std=2.930) clip=50.0
[step 04400] eval_success_rate=0.960 eval_mean_score=15.960 eval_policy_mode=greedy [solved=48/50, score_range=15.00-16.00/16.0, initial=13.52]
[step 04400] PROGRESS: filled=15.96 violations=0.00 zero_cand=0.00
[step 04400] DEBUG: ep_len=3.1 ep_ret=2.779 stop_prob=0.000 score_chg=2.4200
[step 04450] value_loss=8.492062 policy_loss=0.603232
[step 04450] VALUE_DEBUG: target(mean=-2.63 std=6.48 min=-16.15 max=8.35) V(s)(mean=-3.45 std=5.85) reward(mean=0.646 std=4.168) clip=50.0
[step 04500] opnorm clamp applied
[step 04500] value_loss=9.371716 policy_loss=0.115736
[step 04500] VALUE_DEBUG: target(mean=-2.97 std=7.70 min=-15.88 max=6.84) V(s)(mean=-3.43 std=6.83) reward(mean=0.347 std=3.170) clip=50.0
[step 04500] eval_success_rate=0.960 eval_mean_score=15.960 eval_policy_mode=greedy [solved=48/50, score_range=15.00-16.00/16.0, initial=13.52]
[step 04500] PROGRESS: filled=15.96 violations=0.00 zero_cand=0.00
[step 04500] DEBUG: ep_len=3.2 ep_ret=2.295 stop_prob=0.000 score_chg=2.2975
[step 04550] value_loss=14.999029 policy_loss=0.649057
[step 04550] VALUE_DEBUG: target(mean=-2.90 std=6.98 min=-20.09 max=6.74) V(s)(mean=-2.70 std=5.86) reward(mean=-0.158 std=3.578) clip=50.0
[step 04600] opnorm clamp applied
[step 04600] value_loss=6.012046 policy_loss=1.001952
[step 04600] VALUE_DEBUG: target(mean=-5.30 std=7.46 min=-20.85 max=3.99) V(s)(mean=-5.00 std=6.55) reward(mean=-0.686 std=3.352) clip=50.0
[step 04600] eval_success_rate=0.960 eval_mean_score=15.960 eval_policy_mode=greedy [solved=48/50, score_range=15.00-16.00/16.0, initial=13.52]
[step 04600] PROGRESS: filled=15.96 violations=0.00 zero_cand=0.00
[step 04600] DEBUG: ep_len=3.3 ep_ret=2.471 stop_prob=0.000 score_chg=2.4125
[step 04650] value_loss=5.485605 policy_loss=-0.311777
[step 04650] VALUE_DEBUG: target(mean=-2.48 std=6.07 min=-15.37 max=6.84) V(s)(mean=-2.02 std=5.28) reward(mean=0.075 std=2.632) clip=50.0
[step 04700] opnorm clamp applied
[step 04700] value_loss=11.717126 policy_loss=0.602488
[step 04700] VALUE_DEBUG: target(mean=-1.85 std=5.56 min=-16.15 max=6.84) V(s)(mean=-1.22 std=4.69) reward(mean=-0.753 std=4.796) clip=50.0
[step 04700] eval_success_rate=0.960 eval_mean_score=15.960 eval_policy_mode=greedy [solved=48/50, score_range=15.00-16.00/16.0, initial=13.52]
[step 04700] PROGRESS: filled=15.96 violations=0.00 zero_cand=0.00
[step 04700] DEBUG: ep_len=3.5 ep_ret=2.293 stop_prob=0.000 score_chg=2.4250
[step 04750] value_loss=9.782351 policy_loss=0.193498
[step 04750] VALUE_DEBUG: target(mean=-2.31 std=6.40 min=-15.83 max=7.88) V(s)(mean=-2.03 std=5.50) reward(mean=0.188 std=3.318) clip=50.0
[step 04800] opnorm clamp applied
[step 04800] value_loss=8.804712 policy_loss=-0.136040
[step 04800] VALUE_DEBUG: target(mean=-1.53 std=6.51 min=-15.82 max=9.33) V(s)(mean=-2.16 std=5.70) reward(mean=0.933 std=2.593) clip=50.0
[step 04800] eval_success_rate=0.960 eval_mean_score=15.960 eval_policy_mode=greedy [solved=48/50, score_range=15.00-16.00/16.0, initial=13.52]
[step 04800] PROGRESS: filled=15.96 violations=0.00 zero_cand=0.00
[step 04800] DEBUG: ep_len=3.2 ep_ret=2.450 stop_prob=0.000 score_chg=2.3675
[step 04850] value_loss=21.582291 policy_loss=0.061866
[step 04850] VALUE_DEBUG: target(mean=-4.47 std=7.64 min=-22.04 max=7.36) V(s)(mean=-3.86 std=6.83) reward(mean=-0.673 std=4.798) clip=50.0
[step 04900] opnorm clamp applied
[step 04900] value_loss=14.974811 policy_loss=0.736226
[step 04900] VALUE_DEBUG: target(mean=-2.63 std=7.31 min=-23.15 max=7.54) V(s)(mean=-1.24 std=5.56) reward(mean=-1.672 std=3.977) clip=50.0
[step 04900] eval_success_rate=0.960 eval_mean_score=15.960 eval_policy_mode=greedy [solved=48/50, score_range=15.00-16.00/16.0, initial=13.52]
[step 04900] PROGRESS: filled=15.96 violations=0.00 zero_cand=0.00
[step 04900] DEBUG: ep_len=3.2 ep_ret=2.693 stop_prob=0.000 score_chg=2.4825
[step 04950] value_loss=5.386883 policy_loss=0.323547
[step 04950] VALUE_DEBUG: target(mean=-2.14 std=5.87 min=-15.35 max=3.89) V(s)(mean=-2.10 std=5.85) reward(mean=0.343 std=1.975) clip=50.0
[step 05000] opnorm clamp applied
[step 05000] value_loss=4.761005 policy_loss=0.606300
[step 05000] VALUE_DEBUG: target(mean=-0.52 std=5.25 min=-14.92 max=6.84) V(s)(mean=-1.24 std=4.87) reward(mean=0.962 std=2.401) clip=50.0
[step 05000] eval_success_rate=0.960 eval_mean_score=15.960 eval_policy_mode=greedy [solved=48/50, score_range=15.00-16.00/16.0, initial=13.52]
[step 05000] PROGRESS: filled=15.96 violations=0.00 zero_cand=0.00
[step 05000] DEBUG: ep_len=3.2 ep_ret=2.362 stop_prob=0.000 score_chg=2.3675
[Checkpoint] Saved to /home/buiksat/trm_bellman/checkpoints/exp2_contraction_sweep/lz_099/seed42/rl_checkpoint_step_5000.pt
[Checkpoint] Saved to /home/buiksat/trm_bellman/checkpoints/exp2_contraction_sweep/lz_099/seed42/rl_checkpoint_step_5000.pt
