[2026-01-19T14:16:52.130-08:00] Buck UI: https://www.internalfb.com/buck2/2d89da83-9734-405c-9b5e-10e808a9afaa
[2026-01-19T14:16:53.964-08:00] Network: Up: 0B  Down: 0B
BUILD SUCCEEDED - starting your binary
[INFO] Using feasibility-aware Sudoku checker for 4x4
       score = filled - 2.0*violations - 5.0*zeroCand
       Max score: 16 (all filled, no violations)
[INFO] Training for 5000 steps (gamma=0.990, K=1, inner_unroll_n=2)
[INFO] Terminal rewards: solve=1.000, fail=-16.000
[INFO] Using TRM backbone (hidden=64, H=2, L=2)
[DEBUG] Policy head STOP bias: 0.00 (should be 0.0 for uniform init)
[INFO] Puzzle embeddings DISABLED (set --puzzle-emb-ndim > 0 to enable)
/data/repos/fbsource/buck-out/v2/gen/fbcode/7bc20b5dff24e379/buiksat_trm/__upi_trm_train__/upi_trm_train#link-tree/torch/cuda/__init__.py:373: UserWarning: Found GPU0 NVIDIA A100-PG509-200 which is of compute capability (CC) 8.0.
The following list shows the CCs this version of PyTorch was built for and the hardware CCs it supports:
Please follow the instructions at https://pytorch.org/get-started/locally/ to install a PyTorch release that supports one of these CUDA versions: 12.6, 12.8, 13.0
  _warn_unsupported_code(d, device_cc, code_ccs)
INFO:2026-01-19 14:17:00 898644:898644 CuptiCallbackApi.cpp:74] Callback: domain = 3, cbid = 1
INFO:2026-01-19 14:17:00 898644:898644 CuptiActivityProfiler.cpp:245] CUDA versions. CUPTI: 22; Runtime: 12040; Driver: 12040
INFO:2026-01-19 14:17:00 898644:900790 FBConfig.cpp:330] Perfetto builder enabled: 1
INFO:2026-01-19 14:17:00 898644:900790 DynoConfigLoader.cpp:61] Setting communication fabric enabled = 0
INFO:2026-01-19 14:17:00 898644:900790 DynoConfigLoader.cpp:61] Setting communication fabric enabled = 0
TritonTraceHandler: disabled because /logs does not exist
===========[FB_TRITON]=========== Triton Version: 3.3.2+fb
[INFO] Using UPI-TRM algorithm (K=1, inner_n=2)

============================================================
UPI-TRM THEORY ALIGNMENT CHECK
============================================================
⚠ Configuration has theory gaps:
  • latent_ball_radius=0 disables forward-invariant projection (Assumption 4.1). Contraction guarantees may not hold. Set latent_ball_radius > 0.
  • enable_contraction=False disables spectral normalization (Assumption 4.2). L_z < 1 contraction not enforced.
  • exact_baseline_summation=False: Using approximate baseline. This gives O(ε_A/(1-γ)) bound instead of O(α·ε_A) from Theorem 5.9. For discrete action spaces (Sudoku), enable for tighter bounds.
  • theory_exact_mixture=False: Using parameter-space interpolation for CPI, which is NOT equivalent to policy-space mixture. The CPI improvement guarantee does not strictly apply. Set theory_exact_mixture=True for theory-exact behavior (but slower due to evaluating two networks).

Theory status:
  Forward-invariant projection: ✗
  Contraction enforced (L_z < 1): ✗
  Exact baseline (Thm 5.9): ✗
  Distillation (not in theory): ✓ disabled

Is theory-exact: False
============================================================

UPI-TRM theoretical dials:
  L_z target (rl_cfg.target_Lz): 0.9
  L_V target (rl_cfg.target_Lv): 1.0
  Inner unroll n (rl_cfg.inner_unroll_n): 2
  K-step horizon K (rl_cfg.K): 1
  Mixture alpha (rl_cfg.mixture_alpha): 0.1
  Latent ball radius (rl_cfg.latent_ball_radius): 0.0
  Episodic latent: True
  Exact K-step targets: False
  Exact baseline summation: False

[INFO] STOP action mode: disabled
[WandB] Disabled by default (enable with: --wandb)
[DEBUG] Action mask: 4 valid actions out of 97 total
[DEBUG] Latent mode: episodic
[DEBUG] Step 0 probs: STOP=0.000000, edits=1.000000
[DEBUG] Top 5 action probs: torch.return_types.topk(
values=tensor([0.2758, 0.2642, 0.2336, 0.2263, 0.0000], device='cuda:0',
       grad_fn=<TopkBackward0>),
indices=tensor([76, 74, 77, 75,  0], device='cuda:0'))
[step 00050] value_loss=17.086775 policy_loss=0.625083
[step 00050] VALUE_DEBUG: target(mean=-1.79 std=4.19 min=-8.51 max=8.89) V(s)(mean=-1.81 std=0.30) reward(mean=-1.597 std=4.128) clip=50.0
[step 00100] value_loss=26.876217 policy_loss=-0.353813
[step 00100] VALUE_DEBUG: target(mean=-2.88 std=5.04 min=-21.94 max=6.84) V(s)(mean=-1.97 std=0.56) reward(mean=-2.103 std=5.097) clip=50.0
[step 00100] eval_success_rate=0.180 eval_mean_score=13.160 eval_policy_mode=greedy [solved=9/50, score_range=7.00-16.00/16.0, initial=13.52]
[step 00100] PROGRESS: filled=14.60 violations=0.72 zero_cand=0.00
[step 00100] DEBUG: ep_len=11.2 ep_ret=-13.929 stop_prob=0.000 score_chg=-5.0700
[step 00150] value_loss=25.855999 policy_loss=-1.247947
[step 00150] VALUE_DEBUG: target(mean=-3.95 std=5.03 min=-16.04 max=6.84) V(s)(mean=-3.81 std=0.49) reward(mean=-2.436 std=5.284) clip=50.0
[step 00200] value_loss=20.530750 policy_loss=-2.042601
[step 00200] VALUE_DEBUG: target(mean=-3.10 std=4.56 min=-16.04 max=3.80) V(s)(mean=-3.10 std=0.83) reward(mean=-1.330 std=4.825) clip=50.0
[step 00200] eval_success_rate=0.280 eval_mean_score=13.820 eval_policy_mode=greedy [solved=14/50, score_range=6.00-16.00/16.0, initial=13.52]
[step 00200] PROGRESS: filled=14.54 violations=0.26 zero_cand=0.04
[step 00200] DEBUG: ep_len=10.2 ep_ret=-10.781 stop_prob=0.000 score_chg=-3.0650
[step 00250] value_loss=25.343197 policy_loss=-1.608168
[step 00250] VALUE_DEBUG: target(mean=-4.40 std=5.19 min=-20.01 max=6.84) V(s)(mean=-3.67 std=0.94) reward(mean=-2.295 std=5.466) clip=50.0
[step 00300] value_loss=32.337177 policy_loss=0.206636
[step 00300] VALUE_DEBUG: target(mean=-4.31 std=5.91 min=-18.00 max=6.84) V(s)(mean=-3.40 std=1.70) reward(mean=-2.265 std=6.336) clip=50.0
[step 00300] eval_success_rate=0.320 eval_mean_score=14.520 eval_policy_mode=greedy [solved=16/50, score_range=13.00-16.00/16.0, initial=13.52]
[step 00300] PROGRESS: filled=14.52 violations=0.00 zero_cand=0.00
[step 00300] DEBUG: ep_len=8.5 ep_ret=-6.769 stop_prob=0.000 score_chg=-0.8125
[step 00350] value_loss=26.355515 policy_loss=-1.030127
[step 00350] VALUE_DEBUG: target(mean=-4.53 std=5.23 min=-21.98 max=6.84) V(s)(mean=-4.72 std=1.75) reward(mean=-1.598 std=5.702) clip=50.0
[step 00400] value_loss=22.683046 policy_loss=1.195689
[step 00400] VALUE_DEBUG: target(mean=-4.24 std=5.18 min=-16.14 max=7.97) V(s)(mean=-4.78 std=1.90) reward(mean=-0.765 std=5.402) clip=50.0
[step 00400] eval_success_rate=0.360 eval_mean_score=14.560 eval_policy_mode=greedy [solved=18/50, score_range=13.00-16.00/16.0, initial=13.52]
[step 00400] PROGRESS: filled=14.56 violations=0.00 zero_cand=0.00
[step 00400] DEBUG: ep_len=8.1 ep_ret=-5.448 stop_prob=0.000 score_chg=0.4700
[step 00450] value_loss=21.577188 policy_loss=-0.429597
[step 00450] VALUE_DEBUG: target(mean=-7.05 std=4.67 min=-21.98 max=0.58) V(s)(mean=-5.77 std=1.76) reward(mean=-3.142 std=5.562) clip=50.0
[step 00500] value_loss=24.974787 policy_loss=-0.047226
[step 00500] VALUE_DEBUG: target(mean=-4.11 std=5.08 min=-16.15 max=6.84) V(s)(mean=-4.90 std=2.23) reward(mean=-0.876 std=5.362) clip=50.0
[step 00500] eval_success_rate=0.340 eval_mean_score=14.600 eval_policy_mode=greedy [solved=17/50, score_range=13.00-16.00/16.0, initial=13.52]
[step 00500] PROGRESS: filled=14.60 violations=0.00 zero_cand=0.00
[step 00500] DEBUG: ep_len=8.4 ep_ret=-6.098 stop_prob=0.000 score_chg=0.4975
[step 00550] value_loss=11.872984 policy_loss=1.038893
[step 00550] VALUE_DEBUG: target(mean=-5.88 std=4.19 min=-16.15 max=2.72) V(s)(mean=-4.54 std=2.94) reward(mean=-1.379 std=4.321) clip=50.0
[step 00600] value_loss=18.528008 policy_loss=1.474427
[step 00600] VALUE_DEBUG: target(mean=-5.47 std=4.57 min=-16.69 max=3.85) V(s)(mean=-4.93 std=2.68) reward(mean=-1.224 std=4.703) clip=50.0
[step 00600] eval_success_rate=0.340 eval_mean_score=14.620 eval_policy_mode=greedy [solved=17/50, score_range=13.00-16.00/16.0, initial=13.52]
[step 00600] PROGRESS: filled=14.62 violations=0.00 zero_cand=0.00
[step 00600] DEBUG: ep_len=8.0 ep_ret=-4.883 stop_prob=0.000 score_chg=0.8725
[step 00650] value_loss=27.221872 policy_loss=0.359774
[step 00650] VALUE_DEBUG: target(mean=-6.63 std=6.26 min=-22.04 max=6.84) V(s)(mean=-5.49 std=2.99) reward(mean=-2.492 std=6.592) clip=50.0
[step 00700] value_loss=13.226086 policy_loss=0.343841
[step 00700] VALUE_DEBUG: target(mean=-6.27 std=4.98 min=-16.64 max=6.84) V(s)(mean=-6.13 std=3.21) reward(mean=-1.003 std=4.918) clip=50.0
[step 00700] eval_success_rate=0.420 eval_mean_score=14.660 eval_policy_mode=greedy [solved=21/50, score_range=13.00-16.00/16.0, initial=13.52]
[step 00700] PROGRESS: filled=14.66 violations=0.00 zero_cand=0.00
[step 00700] DEBUG: ep_len=8.1 ep_ret=-5.094 stop_prob=0.000 score_chg=0.7575
[step 00750] value_loss=8.534902 policy_loss=-0.111664
[step 00750] VALUE_DEBUG: target(mean=-4.64 std=4.92 min=-16.14 max=6.84) V(s)(mean=-5.39 std=3.90) reward(mean=0.069 std=3.887) clip=50.0
[step 00800] value_loss=6.186798 policy_loss=0.918908
[step 00800] VALUE_DEBUG: target(mean=-5.72 std=5.23 min=-16.04 max=6.84) V(s)(mean=-7.03 std=4.50) reward(mean=-0.202 std=3.761) clip=50.0
[step 00800] eval_success_rate=0.380 eval_mean_score=14.740 eval_policy_mode=greedy [solved=19/50, score_range=13.00-16.00/16.0, initial=13.52]
[step 00800] PROGRESS: filled=14.74 violations=0.00 zero_cand=0.00
[step 00800] DEBUG: ep_len=7.9 ep_ret=-4.365 stop_prob=0.000 score_chg=0.8950
[step 00850] value_loss=13.600003 policy_loss=-0.336503
[step 00850] VALUE_DEBUG: target(mean=-8.09 std=5.08 min=-17.23 max=5.68) V(s)(mean=-7.52 std=3.17) reward(mean=-1.729 std=5.391) clip=50.0
[step 00900] value_loss=15.820629 policy_loss=0.410244
[step 00900] VALUE_DEBUG: target(mean=-8.40 std=4.47 min=-16.15 max=6.84) V(s)(mean=-8.47 std=2.08) reward(mean=-1.470 std=4.955) clip=50.0
[step 00900] eval_success_rate=0.420 eval_mean_score=14.920 eval_policy_mode=greedy [solved=21/50, score_range=13.00-16.00/16.0, initial=13.52]
[step 00900] PROGRESS: filled=14.92 violations=0.00 zero_cand=0.00
[step 00900] DEBUG: ep_len=6.9 ep_ret=-2.876 stop_prob=0.000 score_chg=1.1350
[step 00950] value_loss=3.409492 policy_loss=0.943593
[step 00950] VALUE_DEBUG: target(mean=-6.83 std=4.30 min=-13.29 max=4.86) V(s)(mean=-7.23 std=4.07) reward(mean=-0.010 std=1.996) clip=50.0
[step 01000] value_loss=5.014229 policy_loss=0.729773
[step 01000] VALUE_DEBUG: target(mean=-5.61 std=4.52 min=-11.33 max=5.33) V(s)(mean=-6.38 std=4.02) reward(mean=-0.101 std=1.373) clip=50.0
[step 01000] eval_success_rate=0.560 eval_mean_score=14.940 eval_policy_mode=greedy [solved=28/50, score_range=13.00-16.00/16.0, initial=13.52]
[step 01000] PROGRESS: filled=14.94 violations=0.00 zero_cand=0.00
[step 01000] DEBUG: ep_len=6.5 ep_ret=-2.239 stop_prob=0.000 score_chg=1.3425
[Checkpoint] Saved to /data/repos/fbsource/fbcode/buiksat_trm/results/exp5_v2_inputs_eval/nc_rdis_s42/rl_checkpoint_step_1000.pt
[step 01050] value_loss=5.749091 policy_loss=0.774568
[step 01050] VALUE_DEBUG: target(mean=-7.12 std=4.23 min=-16.08 max=2.74) V(s)(mean=-6.93 std=4.17) reward(mean=-0.510 std=3.403) clip=50.0
[step 01100] value_loss=4.480843 policy_loss=0.015002
[step 01100] VALUE_DEBUG: target(mean=-7.84 std=3.31 min=-12.05 max=1.84) V(s)(mean=-7.23 std=3.66) reward(mean=-0.421 std=2.251) clip=50.0
[step 01100] eval_success_rate=0.580 eval_mean_score=15.100 eval_policy_mode=greedy [solved=29/50, score_range=13.00-16.00/16.0, initial=13.52]
[step 01100] PROGRESS: filled=15.10 violations=0.00 zero_cand=0.00
[step 01100] DEBUG: ep_len=6.9 ep_ret=-2.624 stop_prob=0.000 score_chg=1.4300
[step 01150] value_loss=13.917807 policy_loss=1.357561
[step 01150] VALUE_DEBUG: target(mean=-8.04 std=5.66 min=-16.35 max=5.55) V(s)(mean=-7.76 std=3.94) reward(mean=-1.046 std=4.238) clip=50.0
[step 01200] value_loss=12.761406 policy_loss=2.311743
[step 01200] VALUE_DEBUG: target(mean=-5.92 std=6.14 min=-20.09 max=3.67) V(s)(mean=-6.00 std=4.51) reward(mean=-0.734 std=4.855) clip=50.0
[step 01200] eval_success_rate=0.540 eval_mean_score=15.060 eval_policy_mode=greedy [solved=27/50, score_range=13.00-16.00/16.0, initial=13.52]
[step 01200] PROGRESS: filled=15.06 violations=0.00 zero_cand=0.00
[step 01200] DEBUG: ep_len=6.8 ep_ret=-2.998 stop_prob=0.000 score_chg=1.3050
[step 01250] value_loss=15.346830 policy_loss=0.460415
[step 01250] VALUE_DEBUG: target(mean=-8.86 std=5.27 min=-16.15 max=2.52) V(s)(mean=-7.70 std=3.72) reward(mean=-2.413 std=5.650) clip=50.0
[step 01300] value_loss=22.906681 policy_loss=0.495018
[step 01300] VALUE_DEBUG: target(mean=-7.33 std=6.68 min=-21.96 max=6.84) V(s)(mean=-6.74 std=3.79) reward(mean=-1.600 std=6.903) clip=50.0
[step 01300] eval_success_rate=0.640 eval_mean_score=15.280 eval_policy_mode=greedy [solved=32/50, score_range=13.00-16.00/16.0, initial=13.52]
[step 01300] PROGRESS: filled=15.28 violations=0.00 zero_cand=0.00
[step 01300] DEBUG: ep_len=6.2 ep_ret=-1.858 stop_prob=0.000 score_chg=1.4275
[step 01350] value_loss=8.935853 policy_loss=0.332326
[step 01350] VALUE_DEBUG: target(mean=-6.26 std=6.14 min=-16.00 max=6.84) V(s)(mean=-6.59 std=4.89) reward(mean=0.394 std=4.002) clip=50.0
[step 01400] value_loss=12.702658 policy_loss=1.110412
[step 01400] VALUE_DEBUG: target(mean=-7.70 std=7.00 min=-19.83 max=6.84) V(s)(mean=-6.84 std=5.55) reward(mean=-1.005 std=4.815) clip=50.0
[step 01400] eval_success_rate=0.640 eval_mean_score=15.160 eval_policy_mode=greedy [solved=32/50, score_range=13.00-16.00/16.0, initial=13.52]
[step 01400] PROGRESS: filled=15.16 violations=0.00 zero_cand=0.00
[step 01400] DEBUG: ep_len=5.9 ep_ret=-1.589 stop_prob=0.000 score_chg=1.5425
[step 01450] value_loss=19.131271 policy_loss=0.865002
[step 01450] VALUE_DEBUG: target(mean=-8.80 std=7.55 min=-25.06 max=6.84) V(s)(mean=-8.94 std=4.13) reward(mean=-1.265 std=6.528) clip=50.0
[step 01500] value_loss=7.815723 policy_loss=-0.349600
[step 01500] VALUE_DEBUG: target(mean=-7.61 std=6.09 min=-22.02 max=3.27) V(s)(mean=-7.39 std=5.20) reward(mean=-1.543 std=5.707) clip=50.0
[step 01500] eval_success_rate=0.540 eval_mean_score=15.140 eval_policy_mode=greedy [solved=27/50, score_range=13.00-16.00/16.0, initial=13.52]
[step 01500] PROGRESS: filled=15.14 violations=0.00 zero_cand=0.00
[step 01500] DEBUG: ep_len=6.2 ep_ret=-1.861 stop_prob=0.000 score_chg=1.5050
[step 01550] value_loss=27.285709 policy_loss=0.745263
[step 01550] VALUE_DEBUG: target(mean=-9.24 std=7.31 min=-21.94 max=6.84) V(s)(mean=-7.86 std=5.43) reward(mean=-2.651 std=6.688) clip=50.0
[step 01600] value_loss=20.400593 policy_loss=0.477386
[step 01600] VALUE_DEBUG: target(mean=-8.72 std=6.14 min=-20.00 max=6.84) V(s)(mean=-9.03 std=4.79) reward(mean=-0.720 std=5.991) clip=50.0
[step 01600] eval_success_rate=0.680 eval_mean_score=15.440 eval_policy_mode=greedy [solved=34/50, score_range=13.00-16.00/16.0, initial=13.52]
[step 01600] PROGRESS: filled=15.44 violations=0.00 zero_cand=0.00
[step 01600] DEBUG: ep_len=5.8 ep_ret=-0.821 stop_prob=0.000 score_chg=1.8275
[step 01650] value_loss=6.110796 policy_loss=-0.558741
[step 01650] VALUE_DEBUG: target(mean=-6.49 std=6.48 min=-14.19 max=6.84) V(s)(mean=-7.50 std=5.68) reward(mean=0.037 std=2.537) clip=50.0
[step 01700] value_loss=7.580059 policy_loss=1.031788
[step 01700] VALUE_DEBUG: target(mean=-9.07 std=5.54 min=-16.10 max=1.84) V(s)(mean=-8.32 std=4.63) reward(mean=-1.613 std=5.106) clip=50.0
[step 01700] eval_success_rate=0.640 eval_mean_score=15.360 eval_policy_mode=greedy [solved=32/50, score_range=13.00-16.00/16.0, initial=13.52]
[step 01700] PROGRESS: filled=15.36 violations=0.00 zero_cand=0.00
[step 01700] DEBUG: ep_len=5.2 ep_ret=-0.035 stop_prob=0.000 score_chg=1.9625
[step 01750] value_loss=17.938679 policy_loss=-0.445108
[step 01750] VALUE_DEBUG: target(mean=-7.31 std=5.42 min=-14.03 max=1.84) V(s)(mean=-7.28 std=4.56) reward(mean=-0.139 std=2.314) clip=50.0
[step 01800] value_loss=4.055109 policy_loss=0.191324
[step 01800] VALUE_DEBUG: target(mean=-8.33 std=6.28 min=-18.41 max=2.72) V(s)(mean=-8.20 std=5.78) reward(mean=-0.279 std=3.114) clip=50.0
[step 01800] eval_success_rate=0.680 eval_mean_score=15.400 eval_policy_mode=greedy [solved=34/50, score_range=13.00-16.00/16.0, initial=13.52]
[step 01800] PROGRESS: filled=15.40 violations=0.00 zero_cand=0.00
[step 01800] DEBUG: ep_len=5.3 ep_ret=-0.502 stop_prob=0.000 score_chg=1.7400
[step 01850] value_loss=4.688001 policy_loss=-0.207910
[step 01850] VALUE_DEBUG: target(mean=-9.34 std=6.68 min=-21.10 max=5.99) V(s)(mean=-9.55 std=6.13) reward(mean=-0.329 std=3.560) clip=50.0
[step 01900] value_loss=9.931148 policy_loss=-0.625465
[step 01900] VALUE_DEBUG: target(mean=-6.58 std=6.80 min=-15.43 max=6.84) V(s)(mean=-7.35 std=6.52) reward(mean=0.192 std=2.418) clip=50.0
[step 01900] eval_success_rate=0.780 eval_mean_score=15.580 eval_policy_mode=greedy [solved=39/50, score_range=13.00-16.00/16.0, initial=13.52]
[step 01900] PROGRESS: filled=15.58 violations=0.00 zero_cand=0.00
[step 01900] DEBUG: ep_len=5.0 ep_ret=-0.110 stop_prob=0.000 score_chg=1.8825
[step 01950] value_loss=35.084885 policy_loss=0.570961
[step 01950] VALUE_DEBUG: target(mean=-7.75 std=7.04 min=-22.04 max=6.84) V(s)(mean=-6.46 std=6.21) reward(mean=-0.996 std=5.397) clip=50.0
[step 02000] value_loss=6.146641 policy_loss=-0.700965
[step 02000] VALUE_DEBUG: target(mean=-6.12 std=6.23 min=-21.09 max=2.71) V(s)(mean=-7.13 std=5.96) reward(mean=0.283 std=4.291) clip=50.0
[step 02000] eval_success_rate=0.800 eval_mean_score=15.560 eval_policy_mode=greedy [solved=40/50, score_range=13.00-16.00/16.0, initial=13.52]
[step 02000] PROGRESS: filled=15.56 violations=0.00 zero_cand=0.00
[step 02000] DEBUG: ep_len=5.1 ep_ret=-0.489 stop_prob=0.000 score_chg=1.7350
[Checkpoint] Saved to /data/repos/fbsource/fbcode/buiksat_trm/results/exp5_v2_inputs_eval/nc_rdis_s42/rl_checkpoint_step_2000.pt
[step 02050] value_loss=14.871139 policy_loss=-0.200449
[step 02050] VALUE_DEBUG: target(mean=-7.17 std=6.02 min=-17.57 max=4.86) V(s)(mean=-6.53 std=5.03) reward(mean=-0.708 std=4.700) clip=50.0
[step 02100] value_loss=6.570027 policy_loss=1.223449
[step 02100] VALUE_DEBUG: target(mean=-8.60 std=7.08 min=-16.15 max=6.84) V(s)(mean=-8.80 std=5.95) reward(mean=-0.744 std=5.432) clip=50.0
[step 02100] eval_success_rate=0.780 eval_mean_score=15.560 eval_policy_mode=greedy [solved=39/50, score_range=13.00-16.00/16.0, initial=13.52]
[step 02100] PROGRESS: filled=15.56 violations=0.00 zero_cand=0.00
[step 02100] DEBUG: ep_len=5.1 ep_ret=-0.128 stop_prob=0.000 score_chg=1.8975
[step 02150] value_loss=20.180830 policy_loss=-0.721814
[step 02150] VALUE_DEBUG: target(mean=-5.68 std=7.49 min=-16.15 max=6.84) V(s)(mean=-6.31 std=5.81) reward(mean=-0.312 std=6.147) clip=50.0
[step 02200] value_loss=7.897575 policy_loss=-0.600566
[step 02200] VALUE_DEBUG: target(mean=-8.97 std=5.97 min=-18.51 max=1.84) V(s)(mean=-9.16 std=5.68) reward(mean=-1.207 std=4.166) clip=50.0
[step 02200] eval_success_rate=0.740 eval_mean_score=15.580 eval_policy_mode=greedy [solved=37/50, score_range=13.00-16.00/16.0, initial=13.52]
[step 02200] PROGRESS: filled=15.58 violations=0.00 zero_cand=0.00
[step 02200] DEBUG: ep_len=4.8 ep_ret=0.097 stop_prob=0.000 score_chg=1.8175
[step 02250] value_loss=28.053127 policy_loss=-0.233437
[step 02250] VALUE_DEBUG: target(mean=-7.56 std=7.25 min=-19.20 max=6.84) V(s)(mean=-8.12 std=6.66) reward(mean=-0.397 std=4.230) clip=50.0
[step 02300] value_loss=9.942394 policy_loss=0.297615
[step 02300] VALUE_DEBUG: target(mean=-6.25 std=7.77 min=-22.91 max=6.84) V(s)(mean=-5.78 std=6.05) reward(mean=-0.268 std=3.255) clip=50.0
[step 02300] eval_success_rate=0.900 eval_mean_score=15.760 eval_policy_mode=greedy [solved=45/50, score_range=13.00-16.00/16.0, initial=13.52]
[step 02300] PROGRESS: filled=15.76 violations=0.00 zero_cand=0.00
[step 02300] DEBUG: ep_len=4.4 ep_ret=1.116 stop_prob=0.000 score_chg=2.1125
[step 02350] value_loss=4.988292 policy_loss=-0.511277
[step 02350] VALUE_DEBUG: target(mean=-8.61 std=6.77 min=-21.07 max=2.27) V(s)(mean=-8.48 std=6.19) reward(mean=-0.108 std=2.026) clip=50.0
[step 02400] value_loss=5.445863 policy_loss=-0.314378
[step 02400] VALUE_DEBUG: target(mean=-6.94 std=5.69 min=-17.13 max=1.84) V(s)(mean=-6.55 std=5.22) reward(mean=-0.757 std=2.257) clip=50.0
[step 02400] eval_success_rate=0.740 eval_mean_score=15.500 eval_policy_mode=greedy [solved=37/50, score_range=13.00-16.00/16.0, initial=13.52]
[step 02400] PROGRESS: filled=15.50 violations=0.00 zero_cand=0.00
[step 02400] DEBUG: ep_len=4.8 ep_ret=0.207 stop_prob=0.000 score_chg=1.8800
[step 02450] value_loss=4.845335 policy_loss=0.009179
[step 02450] VALUE_DEBUG: target(mean=-8.22 std=7.09 min=-18.48 max=4.53) V(s)(mean=-7.82 std=6.51) reward(mean=-0.328 std=2.132) clip=50.0
[step 02500] value_loss=9.452352 policy_loss=0.084326
[step 02500] VALUE_DEBUG: target(mean=-6.73 std=7.27 min=-25.05 max=2.59) V(s)(mean=-5.98 std=6.11) reward(mean=-0.744 std=4.855) clip=50.0
[step 02500] eval_success_rate=0.840 eval_mean_score=15.780 eval_policy_mode=greedy [solved=42/50, score_range=14.00-16.00/16.0, initial=13.52]
[step 02500] PROGRESS: filled=15.78 violations=0.00 zero_cand=0.00
[step 02500] DEBUG: ep_len=4.7 ep_ret=0.862 stop_prob=0.000 score_chg=2.1100
[step 02550] value_loss=15.049483 policy_loss=-0.186639
[step 02550] VALUE_DEBUG: target(mean=-8.30 std=6.48 min=-17.98 max=2.87) V(s)(mean=-7.60 std=5.84) reward(mean=-1.365 std=4.746) clip=50.0
[step 02600] value_loss=16.229904 policy_loss=-0.289694
[step 02600] VALUE_DEBUG: target(mean=-7.15 std=8.59 min=-19.90 max=6.84) V(s)(mean=-7.35 std=7.04) reward(mean=-0.328 std=4.656) clip=50.0
[step 02600] eval_success_rate=0.860 eval_mean_score=15.780 eval_policy_mode=greedy [solved=43/50, score_range=14.00-16.00/16.0, initial=13.52]
[step 02600] PROGRESS: filled=15.78 violations=0.00 zero_cand=0.00
[step 02600] DEBUG: ep_len=4.1 ep_ret=0.989 stop_prob=0.000 score_chg=2.1350
[step 02650] value_loss=9.830751 policy_loss=0.318808
[step 02650] VALUE_DEBUG: target(mean=-8.60 std=7.12 min=-20.67 max=6.49) V(s)(mean=-9.07 std=6.65) reward(mean=0.445 std=2.119) clip=50.0
[step 02700] value_loss=9.687742 policy_loss=-1.367631
[step 02700] VALUE_DEBUG: target(mean=-6.66 std=7.32 min=-19.96 max=6.84) V(s)(mean=-6.76 std=6.57) reward(mean=-0.354 std=4.650) clip=50.0
[step 02700] eval_success_rate=0.840 eval_mean_score=15.740 eval_policy_mode=greedy [solved=42/50, score_range=13.00-16.00/16.0, initial=13.52]
[step 02700] PROGRESS: filled=15.74 violations=0.00 zero_cand=0.00
[step 02700] DEBUG: ep_len=4.1 ep_ret=1.294 stop_prob=0.000 score_chg=2.1625
[step 02750] value_loss=11.782986 policy_loss=-0.058932
[step 02750] VALUE_DEBUG: target(mean=-7.01 std=7.07 min=-19.60 max=6.84) V(s)(mean=-6.50 std=6.86) reward(mean=-0.651 std=3.547) clip=50.0
[step 02800] value_loss=4.871032 policy_loss=0.660751
[step 02800] VALUE_DEBUG: target(mean=-6.12 std=8.15 min=-16.73 max=7.08) V(s)(mean=-5.80 std=8.29) reward(mean=-0.502 std=3.522) clip=50.0
[step 02800] eval_success_rate=0.840 eval_mean_score=15.620 eval_policy_mode=greedy [solved=42/50, score_range=10.00-16.00/16.0, initial=13.52]
[step 02800] PROGRESS: filled=15.86 violations=0.12 zero_cand=0.00
[step 02800] DEBUG: ep_len=4.3 ep_ret=0.941 stop_prob=0.000 score_chg=1.9625
[step 02850] value_loss=16.381248 policy_loss=-0.376253
[step 02850] VALUE_DEBUG: target(mean=-7.08 std=7.73 min=-16.81 max=6.84) V(s)(mean=-8.46 std=5.99) reward(mean=1.029 std=2.484) clip=50.0
[step 02900] value_loss=4.091856 policy_loss=0.085158
[step 02900] VALUE_DEBUG: target(mean=-6.63 std=7.59 min=-22.20 max=3.83) V(s)(mean=-6.36 std=7.50) reward(mean=-0.629 std=3.511) clip=50.0
[step 02900] eval_success_rate=0.900 eval_mean_score=15.840 eval_policy_mode=greedy [solved=45/50, score_range=13.00-16.00/16.0, initial=13.52]
[step 02900] PROGRESS: filled=15.84 violations=0.00 zero_cand=0.00
[step 02900] DEBUG: ep_len=4.3 ep_ret=1.000 stop_prob=0.000 score_chg=2.1625
[step 02950] value_loss=22.205828 policy_loss=-0.741091
[step 02950] VALUE_DEBUG: target(mean=-5.06 std=7.25 min=-16.88 max=6.84) V(s)(mean=-5.88 std=6.08) reward(mean=-0.775 std=5.806) clip=50.0
[step 03000] value_loss=3.071326 policy_loss=0.150753
[step 03000] VALUE_DEBUG: target(mean=-8.06 std=8.20 min=-17.30 max=6.99) V(s)(mean=-8.60 std=7.79) reward(mean=0.323 std=3.493) clip=50.0
[step 03000] eval_success_rate=0.860 eval_mean_score=15.840 eval_policy_mode=greedy [solved=43/50, score_range=14.00-16.00/16.0, initial=13.52]
[step 03000] PROGRESS: filled=15.84 violations=0.00 zero_cand=0.00
[step 03000] DEBUG: ep_len=4.2 ep_ret=0.967 stop_prob=0.000 score_chg=2.1125
[Checkpoint] Saved to /data/repos/fbsource/fbcode/buiksat_trm/results/exp5_v2_inputs_eval/nc_rdis_s42/rl_checkpoint_step_3000.pt
[step 03050] value_loss=13.662539 policy_loss=0.209991
[step 03050] VALUE_DEBUG: target(mean=-5.16 std=7.90 min=-17.61 max=6.84) V(s)(mean=-6.45 std=6.77) reward(mean=0.808 std=2.412) clip=50.0
[step 03100] value_loss=35.006474 policy_loss=-0.054787
[step 03100] VALUE_DEBUG: target(mean=-6.00 std=8.32 min=-21.10 max=6.84) V(s)(mean=-6.41 std=7.01) reward(mean=-0.182 std=5.398) clip=50.0
[step 03100] eval_success_rate=0.860 eval_mean_score=15.760 eval_policy_mode=greedy [solved=43/50, score_range=13.00-16.00/16.0, initial=13.52]
[step 03100] PROGRESS: filled=15.76 violations=0.00 zero_cand=0.00
[step 03100] DEBUG: ep_len=4.0 ep_ret=1.246 stop_prob=0.000 score_chg=2.0600
[step 03150] value_loss=14.317302 policy_loss=-0.917248
[step 03150] VALUE_DEBUG: target(mean=-7.79 std=8.13 min=-18.93 max=3.78) V(s)(mean=-7.54 std=8.12) reward(mean=-1.120 std=4.719) clip=50.0
[step 03200] value_loss=16.144964 policy_loss=-0.679986
[step 03200] VALUE_DEBUG: target(mean=-6.30 std=8.20 min=-21.69 max=6.84) V(s)(mean=-6.03 std=7.10) reward(mean=0.033 std=3.940) clip=50.0
[step 03200] eval_success_rate=0.900 eval_mean_score=15.820 eval_policy_mode=greedy [solved=45/50, score_range=13.00-16.00/16.0, initial=13.52]
[step 03200] PROGRESS: filled=15.82 violations=0.00 zero_cand=0.00
[step 03200] DEBUG: ep_len=4.6 ep_ret=0.478 stop_prob=0.000 score_chg=2.0425
[step 03250] value_loss=4.359742 policy_loss=0.418664
[step 03250] VALUE_DEBUG: target(mean=-6.97 std=6.96 min=-17.72 max=6.84) V(s)(mean=-7.27 std=6.54) reward(mean=0.265 std=2.224) clip=50.0
[step 03300] value_loss=8.302240 policy_loss=0.082699
[step 03300] VALUE_DEBUG: target(mean=-6.48 std=7.65 min=-18.01 max=6.84) V(s)(mean=-6.17 std=7.40) reward(mean=-0.470 std=3.244) clip=50.0
[step 03300] eval_success_rate=0.900 eval_mean_score=15.820 eval_policy_mode=greedy [solved=45/50, score_range=13.00-16.00/16.0, initial=13.52]
[step 03300] PROGRESS: filled=15.82 violations=0.00 zero_cand=0.00
[step 03300] DEBUG: ep_len=3.9 ep_ret=1.349 stop_prob=0.000 score_chg=2.1500
[step 03350] value_loss=11.840141 policy_loss=-0.732024
[step 03350] VALUE_DEBUG: target(mean=-4.62 std=8.46 min=-17.45 max=6.84) V(s)(mean=-5.65 std=7.94) reward(mean=0.241 std=4.268) clip=50.0
[step 03400] value_loss=24.781691 policy_loss=-0.798308
[step 03400] VALUE_DEBUG: target(mean=-5.31 std=8.17 min=-21.98 max=5.51) V(s)(mean=-5.11 std=6.29) reward(mean=-1.205 std=5.337) clip=50.0
[step 03400] eval_success_rate=0.900 eval_mean_score=15.840 eval_policy_mode=greedy [solved=45/50, score_range=13.00-16.00/16.0, initial=13.52]
[step 03400] PROGRESS: filled=15.84 violations=0.00 zero_cand=0.00
[step 03400] DEBUG: ep_len=4.2 ep_ret=1.092 stop_prob=0.000 score_chg=2.1025
[step 03450] value_loss=10.226317 policy_loss=-0.566235
[step 03450] VALUE_DEBUG: target(mean=-6.51 std=7.55 min=-17.66 max=4.89) V(s)(mean=-6.80 std=7.19) reward(mean=-0.314 std=4.236) clip=50.0
[step 03500] value_loss=9.555546 policy_loss=0.178063
[step 03500] VALUE_DEBUG: target(mean=-7.58 std=8.10 min=-22.01 max=6.65) V(s)(mean=-7.88 std=7.94) reward(mean=-0.428 std=2.822) clip=50.0
[step 03500] eval_success_rate=0.900 eval_mean_score=15.840 eval_policy_mode=greedy [solved=45/50, score_range=13.00-16.00/16.0, initial=13.52]
[step 03500] PROGRESS: filled=15.84 violations=0.00 zero_cand=0.00
[step 03500] DEBUG: ep_len=4.4 ep_ret=0.402 stop_prob=0.000 score_chg=1.9525
[step 03550] value_loss=8.475823 policy_loss=0.790147
[step 03550] VALUE_DEBUG: target(mean=-7.41 std=8.93 min=-22.89 max=9.02) V(s)(mean=-7.03 std=8.22) reward(mean=0.099 std=3.283) clip=50.0
[step 03600] value_loss=10.345568 policy_loss=0.728252
[step 03600] VALUE_DEBUG: target(mean=-3.22 std=6.98 min=-19.12 max=6.84) V(s)(mean=-3.45 std=6.32) reward(mean=0.089 std=3.777) clip=50.0
[step 03600] eval_success_rate=0.900 eval_mean_score=15.820 eval_policy_mode=greedy [solved=45/50, score_range=13.00-16.00/16.0, initial=13.52]
[step 03600] PROGRESS: filled=15.82 violations=0.00 zero_cand=0.00
[step 03600] DEBUG: ep_len=4.2 ep_ret=0.909 stop_prob=0.000 score_chg=2.0650
[step 03650] value_loss=3.370924 policy_loss=-0.598461
[step 03650] VALUE_DEBUG: target(mean=-5.30 std=8.44 min=-23.64 max=7.02) V(s)(mean=-5.34 std=7.64) reward(mean=-0.903 std=4.453) clip=50.0
[step 03700] value_loss=2.465017 policy_loss=0.767367
[step 03700] VALUE_DEBUG: target(mean=-6.20 std=7.24 min=-17.61 max=6.84) V(s)(mean=-6.21 std=6.99) reward(mean=-0.316 std=3.429) clip=50.0
[step 03700] eval_success_rate=0.900 eval_mean_score=15.820 eval_policy_mode=greedy [solved=45/50, score_range=13.00-16.00/16.0, initial=13.52]
[step 03700] PROGRESS: filled=15.82 violations=0.00 zero_cand=0.00
[step 03700] DEBUG: ep_len=4.0 ep_ret=1.337 stop_prob=0.000 score_chg=2.2000
[step 03750] value_loss=5.990875 policy_loss=0.425404
[step 03750] VALUE_DEBUG: target(mean=-5.39 std=7.53 min=-19.34 max=6.84) V(s)(mean=-5.72 std=7.03) reward(mean=0.083 std=3.569) clip=50.0
[step 03800] value_loss=9.512716 policy_loss=1.233549
[step 03800] VALUE_DEBUG: target(mean=-4.92 std=7.60 min=-17.76 max=6.84) V(s)(mean=-5.04 std=6.73) reward(mean=-0.626 std=3.945) clip=50.0
[step 03800] eval_success_rate=0.920 eval_mean_score=15.880 eval_policy_mode=greedy [solved=46/50, score_range=14.00-16.00/16.0, initial=13.52]
[step 03800] PROGRESS: filled=15.88 violations=0.00 zero_cand=0.00
[step 03800] DEBUG: ep_len=3.6 ep_ret=1.886 stop_prob=0.000 score_chg=2.2450
[step 03850] value_loss=3.138516 policy_loss=0.290932
[step 03850] VALUE_DEBUG: target(mean=-4.10 std=7.21 min=-16.53 max=10.86) V(s)(mean=-4.37 std=7.18) reward(mean=0.623 std=2.328) clip=50.0
[step 03900] value_loss=13.339222 policy_loss=0.116165
[step 03900] VALUE_DEBUG: target(mean=-6.07 std=7.87 min=-20.81 max=9.06) V(s)(mean=-5.80 std=7.53) reward(mean=-0.398 std=3.573) clip=50.0
[step 03900] eval_success_rate=0.940 eval_mean_score=15.900 eval_policy_mode=greedy [solved=47/50, score_range=14.00-16.00/16.0, initial=13.52]
[step 03900] PROGRESS: filled=15.90 violations=0.00 zero_cand=0.00
[step 03900] DEBUG: ep_len=3.7 ep_ret=1.981 stop_prob=0.000 score_chg=2.3500
[step 03950] value_loss=4.175033 policy_loss=-0.025233
[step 03950] VALUE_DEBUG: target(mean=-4.49 std=8.02 min=-18.12 max=6.84) V(s)(mean=-4.86 std=7.82) reward(mean=0.060 std=3.804) clip=50.0
[step 04000] value_loss=8.191875 policy_loss=0.612379
[step 04000] VALUE_DEBUG: target(mean=-5.78 std=6.85 min=-17.78 max=3.22) V(s)(mean=-5.20 std=6.46) reward(mean=-0.469 std=3.003) clip=50.0
[step 04000] eval_success_rate=0.960 eval_mean_score=15.920 eval_policy_mode=greedy [solved=48/50, score_range=14.00-16.00/16.0, initial=13.52]
[step 04000] PROGRESS: filled=15.92 violations=0.00 zero_cand=0.00
[step 04000] DEBUG: ep_len=3.5 ep_ret=2.198 stop_prob=0.000 score_chg=2.3625
[Checkpoint] Saved to /data/repos/fbsource/fbcode/buiksat_trm/results/exp5_v2_inputs_eval/nc_rdis_s42/rl_checkpoint_step_4000.pt
[step 04050] value_loss=8.990703 policy_loss=0.674251
[step 04050] VALUE_DEBUG: target(mean=-4.98 std=8.59 min=-23.68 max=10.11) V(s)(mean=-4.56 std=7.66) reward(mean=-0.648 std=4.412) clip=50.0
[step 04100] value_loss=4.858606 policy_loss=-0.713729
[step 04100] VALUE_DEBUG: target(mean=-3.46 std=6.57 min=-18.32 max=8.25) V(s)(mean=-3.86 std=6.16) reward(mean=0.528 std=2.630) clip=50.0
[step 04100] eval_success_rate=0.940 eval_mean_score=15.900 eval_policy_mode=greedy [solved=47/50, score_range=14.00-16.00/16.0, initial=13.52]
[step 04100] PROGRESS: filled=15.90 violations=0.00 zero_cand=0.00
[step 04100] DEBUG: ep_len=3.5 ep_ret=2.345 stop_prob=0.000 score_chg=2.3700
[step 04150] value_loss=6.379436 policy_loss=0.239091
[step 04150] VALUE_DEBUG: target(mean=-7.04 std=8.67 min=-18.14 max=6.90) V(s)(mean=-7.06 std=8.84) reward(mean=-0.004 std=4.138) clip=50.0
[step 04200] value_loss=9.245365 policy_loss=1.090486
[step 04200] VALUE_DEBUG: target(mean=-5.22 std=7.67 min=-17.93 max=6.84) V(s)(mean=-5.05 std=7.72) reward(mean=-0.915 std=4.277) clip=50.0
[step 04200] eval_success_rate=0.960 eval_mean_score=15.920 eval_policy_mode=greedy [solved=48/50, score_range=14.00-16.00/16.0, initial=13.52]
[step 04200] PROGRESS: filled=15.92 violations=0.00 zero_cand=0.00
[step 04200] DEBUG: ep_len=3.6 ep_ret=1.824 stop_prob=0.000 score_chg=2.2575
[step 04250] value_loss=6.496107 policy_loss=-0.018434
[step 04250] VALUE_DEBUG: target(mean=-7.48 std=7.98 min=-18.01 max=5.13) V(s)(mean=-7.57 std=7.64) reward(mean=-0.625 std=4.694) clip=50.0
[step 04300] value_loss=6.368600 policy_loss=-0.059047
[step 04300] VALUE_DEBUG: target(mean=-4.72 std=7.47 min=-18.07 max=6.84) V(s)(mean=-4.57 std=7.16) reward(mean=-0.081 std=2.539) clip=50.0
[step 04300] eval_success_rate=0.940 eval_mean_score=15.880 eval_policy_mode=greedy [solved=47/50, score_range=13.00-16.00/16.0, initial=13.52]
[step 04300] PROGRESS: filled=15.88 violations=0.00 zero_cand=0.00
[step 04300] DEBUG: ep_len=3.8 ep_ret=1.934 stop_prob=0.000 score_chg=2.2975
[step 04350] value_loss=3.915551 policy_loss=-0.461542
[step 04350] VALUE_DEBUG: target(mean=-5.24 std=8.64 min=-18.16 max=6.84) V(s)(mean=-4.71 std=8.40) reward(mean=-0.006 std=2.267) clip=50.0
[step 04400] value_loss=7.295966 policy_loss=-0.384186
[step 04400] VALUE_DEBUG: target(mean=-4.77 std=8.47 min=-21.91 max=6.72) V(s)(mean=-4.42 std=7.84) reward(mean=0.005 std=2.807) clip=50.0
[step 04400] eval_success_rate=0.940 eval_mean_score=15.880 eval_policy_mode=greedy [solved=47/50, score_range=13.00-16.00/16.0, initial=13.52]
[step 04400] PROGRESS: filled=15.88 violations=0.00 zero_cand=0.00
[step 04400] DEBUG: ep_len=3.7 ep_ret=1.891 stop_prob=0.000 score_chg=2.2525
[step 04450] value_loss=5.376236 policy_loss=0.900902
[step 04450] VALUE_DEBUG: target(mean=-6.30 std=8.42 min=-21.24 max=4.76) V(s)(mean=-5.79 std=7.94) reward(mean=-0.779 std=3.742) clip=50.0
[step 04500] value_loss=6.127191 policy_loss=0.271468
[step 04500] VALUE_DEBUG: target(mean=-4.86 std=7.69 min=-20.71 max=2.45) V(s)(mean=-4.53 std=7.35) reward(mean=-0.099 std=2.498) clip=50.0
[step 04500] eval_success_rate=0.940 eval_mean_score=15.880 eval_policy_mode=greedy [solved=47/50, score_range=13.00-16.00/16.0, initial=13.52]
[step 04500] PROGRESS: filled=15.88 violations=0.00 zero_cand=0.00
[step 04500] DEBUG: ep_len=3.6 ep_ret=2.202 stop_prob=0.000 score_chg=2.3725
[step 04550] value_loss=5.306586 policy_loss=0.014493
[step 04550] VALUE_DEBUG: target(mean=-4.71 std=8.30 min=-22.70 max=6.81) V(s)(mean=-4.73 std=7.76) reward(mean=0.032 std=2.642) clip=50.0
[step 04600] value_loss=5.836900 policy_loss=0.156565
[step 04600] VALUE_DEBUG: target(mean=-4.70 std=7.77 min=-20.19 max=6.84) V(s)(mean=-5.15 std=7.29) reward(mean=-0.318 std=3.717) clip=50.0
[step 04600] eval_success_rate=0.940 eval_mean_score=15.880 eval_policy_mode=greedy [solved=47/50, score_range=13.00-16.00/16.0, initial=13.52]
[step 04600] PROGRESS: filled=15.88 violations=0.00 zero_cand=0.00
[step 04600] DEBUG: ep_len=3.4 ep_ret=2.154 stop_prob=0.000 score_chg=2.3100
[step 04650] value_loss=4.436216 policy_loss=-0.177364
[step 04650] VALUE_DEBUG: target(mean=-3.19 std=7.46 min=-19.78 max=8.68) V(s)(mean=-2.89 std=6.62) reward(mean=-0.279 std=2.376) clip=50.0
[step 04700] value_loss=27.697460 policy_loss=-0.224190
[step 04700] VALUE_DEBUG: target(mean=-3.13 std=7.10 min=-18.34 max=6.37) V(s)(mean=-2.04 std=6.04) reward(mean=-1.067 std=4.446) clip=50.0
[step 04700] eval_success_rate=0.940 eval_mean_score=15.880 eval_policy_mode=greedy [solved=47/50, score_range=13.00-16.00/16.0, initial=13.52]
[step 04700] PROGRESS: filled=15.88 violations=0.00 zero_cand=0.00
[step 04700] DEBUG: ep_len=3.3 ep_ret=2.357 stop_prob=0.000 score_chg=2.3300
[step 04750] value_loss=19.130909 policy_loss=-0.041511
[step 04750] VALUE_DEBUG: target(mean=-4.60 std=9.11 min=-22.27 max=9.41) V(s)(mean=-6.00 std=7.79) reward(mean=-0.226 std=5.111) clip=50.0
[step 04800] value_loss=23.510328 policy_loss=0.379939
[step 04800] VALUE_DEBUG: target(mean=-5.58 std=8.54 min=-19.54 max=6.32) V(s)(mean=-4.83 std=7.51) reward(mean=-0.568 std=4.562) clip=50.0
[step 04800] eval_success_rate=0.960 eval_mean_score=15.900 eval_policy_mode=greedy [solved=48/50, score_range=13.00-16.00/16.0, initial=13.52]
[step 04800] PROGRESS: filled=15.90 violations=0.00 zero_cand=0.00
[step 04800] DEBUG: ep_len=3.2 ep_ret=2.280 stop_prob=0.000 score_chg=2.2325
[step 04850] value_loss=19.089573 policy_loss=0.483208
[step 04850] VALUE_DEBUG: target(mean=-3.79 std=7.49 min=-17.09 max=6.84) V(s)(mean=-3.54 std=6.80) reward(mean=-0.380 std=4.377) clip=50.0
[step 04900] value_loss=11.569990 policy_loss=-0.634337
[step 04900] VALUE_DEBUG: target(mean=-4.53 std=6.49 min=-16.47 max=4.61) V(s)(mean=-3.28 std=5.81) reward(mean=-0.989 std=3.664) clip=50.0
[step 04900] eval_success_rate=0.960 eval_mean_score=15.900 eval_policy_mode=greedy [solved=48/50, score_range=13.00-16.00/16.0, initial=13.52]
[step 04900] PROGRESS: filled=15.90 violations=0.00 zero_cand=0.00
[step 04900] DEBUG: ep_len=3.3 ep_ret=2.502 stop_prob=0.000 score_chg=2.3425
[step 04950] value_loss=17.621527 policy_loss=0.512344
[step 04950] VALUE_DEBUG: target(mean=-5.07 std=7.57 min=-20.61 max=7.25) V(s)(mean=-3.68 std=7.03) reward(mean=-2.058 std=5.679) clip=50.0
[step 05000] value_loss=0.773846 policy_loss=-0.341530
[step 05000] VALUE_DEBUG: target(mean=-4.73 std=7.30 min=-18.30 max=5.28) V(s)(mean=-4.86 std=7.15) reward(mean=0.583 std=1.137) clip=50.0
[step 05000] eval_success_rate=0.960 eval_mean_score=15.900 eval_policy_mode=greedy [solved=48/50, score_range=13.00-16.00/16.0, initial=13.52]
[step 05000] PROGRESS: filled=15.90 violations=0.00 zero_cand=0.00
[step 05000] DEBUG: ep_len=3.5 ep_ret=2.498 stop_prob=0.000 score_chg=2.4525
[Checkpoint] Saved to /data/repos/fbsource/fbcode/buiksat_trm/results/exp5_v2_inputs_eval/nc_rdis_s42/rl_checkpoint_step_5000.pt
[Checkpoint] Saved to /data/repos/fbsource/fbcode/buiksat_trm/results/exp5_v2_inputs_eval/nc_rdis_s42/rl_checkpoint_step_5000.pt
