[2026-01-19T14:16:54.113-08:00] Buck UI: https://www.internalfb.com/buck2/e99811b8-fe16-4beb-9f85-7a54aa51c34a
[2026-01-19T14:16:54.413-08:00] Network: Up: 0B  Down: 0B
BUILD SUCCEEDED - starting your binary
[INFO] Using feasibility-aware Sudoku checker for 4x4
       score = filled - 2.0*violations - 5.0*zeroCand
       Max score: 16 (all filled, no violations)
[INFO] Training for 5000 steps (gamma=0.990, K=1, inner_unroll_n=2)
[INFO] Terminal rewards: solve=1.000, fail=-16.000
[INFO] Using TRM backbone (hidden=64, H=2, L=2)
[DEBUG] Policy head STOP bias: 0.00 (should be 0.0 for uniform init)
[INFO] Puzzle embeddings DISABLED (set --puzzle-emb-ndim > 0 to enable)
/data/repos/fbsource/buck-out/v2/gen/fbcode/7bc20b5dff24e379/buiksat_trm/__upi_trm_train__/upi_trm_train#link-tree/torch/cuda/__init__.py:373: UserWarning: Found GPU0 NVIDIA A100-PG509-200 which is of compute capability (CC) 8.0.
The following list shows the CCs this version of PyTorch was built for and the hardware CCs it supports:
Please follow the instructions at https://pytorch.org/get-started/locally/ to install a PyTorch release that supports one of these CUDA versions: 12.6, 12.8, 13.0
  _warn_unsupported_code(d, device_cc, code_ccs)
INFO:2026-01-19 14:17:00 899300:899300 CuptiCallbackApi.cpp:74] Callback: domain = 3, cbid = 1
INFO:2026-01-19 14:17:00 899300:899300 CuptiActivityProfiler.cpp:245] CUDA versions. CUPTI: 22; Runtime: 12040; Driver: 12040
INFO:2026-01-19 14:17:00 899300:900791 FBConfig.cpp:330] Perfetto builder enabled: 1
INFO:2026-01-19 14:17:00 899300:900791 DynoConfigLoader.cpp:61] Setting communication fabric enabled = 0
INFO:2026-01-19 14:17:00 899300:900791 DynoConfigLoader.cpp:61] Setting communication fabric enabled = 0
TritonTraceHandler: disabled because /logs does not exist
===========[FB_TRITON]=========== Triton Version: 3.3.2+fb
[INFO] Using UPI-TRM algorithm (K=1, inner_n=2)

============================================================
UPI-TRM THEORY ALIGNMENT CHECK
============================================================
⚠ Configuration has theory gaps:
  • latent_ball_radius=0 disables forward-invariant projection (Assumption 4.1). Contraction guarantees may not hold. Set latent_ball_radius > 0.
  • enable_contraction=False disables spectral normalization (Assumption 4.2). L_z < 1 contraction not enforced.
  • exact_baseline_summation=False: Using approximate baseline. This gives O(ε_A/(1-γ)) bound instead of O(α·ε_A) from Theorem 5.9. For discrete action spaces (Sudoku), enable for tighter bounds.
  • theory_exact_mixture=False: Using parameter-space interpolation for CPI, which is NOT equivalent to policy-space mixture. The CPI improvement guarantee does not strictly apply. Set theory_exact_mixture=True for theory-exact behavior (but slower due to evaluating two networks).

Theory status:
  Forward-invariant projection: ✗
  Contraction enforced (L_z < 1): ✗
  Exact baseline (Thm 5.9): ✗
  Distillation (not in theory): ✓ disabled

Is theory-exact: False
============================================================

UPI-TRM theoretical dials:
  L_z target (rl_cfg.target_Lz): 0.9
  L_V target (rl_cfg.target_Lv): 1.0
  Inner unroll n (rl_cfg.inner_unroll_n): 2
  K-step horizon K (rl_cfg.K): 1
  Mixture alpha (rl_cfg.mixture_alpha): 0.1
  Latent ball radius (rl_cfg.latent_ball_radius): 0.0
  Episodic latent: True
  Exact K-step targets: False
  Exact baseline summation: False

[INFO] STOP action mode: disabled
[WandB] Disabled by default (enable with: --wandb)
[DEBUG] Action mask: 16 valid actions out of 97 total
[DEBUG] Latent mode: episodic
[DEBUG] Step 0 probs: STOP=0.000000, edits=1.000000
[DEBUG] Top 5 action probs: torch.return_types.topk(
values=tensor([0.0941, 0.0864, 0.0774, 0.0704, 0.0661], device='cuda:0',
       grad_fn=<TopkBackward0>),
indices=tensor([40, 83, 88, 59, 58], device='cuda:0'))
[step 00050] value_loss=34.524029 policy_loss=1.652853
[step 00050] VALUE_DEBUG: target(mean=-1.75 std=5.89 min=-21.98 max=6.84) V(s)(mean=-1.18 std=0.30) reward(mean=-1.596 std=5.913) clip=50.0
[step 00100] value_loss=17.718794 policy_loss=-0.222122
[step 00100] VALUE_DEBUG: target(mean=-1.57 std=4.36 min=-11.84 max=6.84) V(s)(mean=-1.80 std=0.55) reward(mean=-0.894 std=4.263) clip=50.0
[step 00100] eval_success_rate=0.160 eval_mean_score=12.580 eval_policy_mode=greedy [solved=8/50, score_range=7.00-16.00/16.0, initial=13.52]
[step 00100] PROGRESS: filled=14.62 violations=1.02 zero_cand=0.00
[step 00100] DEBUG: ep_len=11.2 ep_ret=-14.012 stop_prob=0.000 score_chg=-4.9100
[step 00150] value_loss=19.372860 policy_loss=-0.050685
[step 00150] VALUE_DEBUG: target(mean=-3.06 std=4.21 min=-16.04 max=6.84) V(s)(mean=-1.64 std=0.97) reward(mean=-1.967 std=4.217) clip=50.0
[step 00200] value_loss=19.762054 policy_loss=-0.783283
[step 00200] VALUE_DEBUG: target(mean=-3.90 std=4.65 min=-15.98 max=4.18) V(s)(mean=-2.42 std=1.41) reward(mean=-2.116 std=4.784) clip=50.0
[step 00200] eval_success_rate=0.260 eval_mean_score=13.280 eval_policy_mode=greedy [solved=13/50, score_range=2.00-16.00/16.0, initial=13.52]
[step 00200] PROGRESS: filled=14.56 violations=0.44 zero_cand=0.08
[step 00200] DEBUG: ep_len=9.9 ep_ret=-9.868 stop_prob=0.000 score_chg=-2.7100
[step 00250] value_loss=31.381897 policy_loss=-0.673523
[step 00250] VALUE_DEBUG: target(mean=-2.66 std=6.19 min=-22.04 max=6.84) V(s)(mean=-2.18 std=1.95) reward(mean=-0.761 std=6.186) clip=50.0
[step 00300] value_loss=20.017754 policy_loss=-1.122499
[step 00300] VALUE_DEBUG: target(mean=-3.54 std=4.83 min=-16.10 max=4.77) V(s)(mean=-3.41 std=1.34) reward(mean=-1.130 std=5.030) clip=50.0
[step 00300] eval_success_rate=0.320 eval_mean_score=14.340 eval_policy_mode=greedy [solved=16/50, score_range=10.00-16.00/16.0, initial=13.52]
[step 00300] PROGRESS: filled=14.54 violations=0.10 zero_cand=0.00
[step 00300] DEBUG: ep_len=9.1 ep_ret=-7.764 stop_prob=0.000 score_chg=-1.2125
[step 00350] value_loss=19.310171 policy_loss=-0.540698
[step 00350] VALUE_DEBUG: target(mean=-3.89 std=4.24 min=-20.06 max=3.92) V(s)(mean=-4.00 std=2.05) reward(mean=-0.363 std=4.648) clip=50.0
[step 00400] value_loss=14.110229 policy_loss=-0.287265
[step 00400] VALUE_DEBUG: target(mean=-4.01 std=4.85 min=-16.10 max=6.84) V(s)(mean=-4.80 std=2.31) reward(mean=-0.986 std=4.891) clip=50.0
[step 00400] eval_success_rate=0.340 eval_mean_score=14.620 eval_policy_mode=greedy [solved=17/50, score_range=13.00-16.00/16.0, initial=13.52]
[step 00400] PROGRESS: filled=14.62 violations=0.00 zero_cand=0.00
[step 00400] DEBUG: ep_len=7.6 ep_ret=-5.145 stop_prob=0.000 score_chg=0.3700
[step 00450] value_loss=16.607025 policy_loss=0.168399
[step 00450] VALUE_DEBUG: target(mean=-4.15 std=5.19 min=-17.96 max=6.84) V(s)(mean=-4.54 std=2.93) reward(mean=-0.518 std=4.688) clip=50.0
[step 00500] value_loss=16.837368 policy_loss=0.681026
[step 00500] VALUE_DEBUG: target(mean=-5.58 std=4.53 min=-16.15 max=7.12) V(s)(mean=-5.43 std=2.56) reward(mean=-1.360 std=4.950) clip=50.0
[step 00500] eval_success_rate=0.340 eval_mean_score=14.680 eval_policy_mode=greedy [solved=17/50, score_range=13.00-16.00/16.0, initial=13.52]
[step 00500] PROGRESS: filled=14.68 violations=0.00 zero_cand=0.00
[step 00500] DEBUG: ep_len=7.8 ep_ret=-4.172 stop_prob=0.000 score_chg=0.8625
[step 00550] value_loss=12.560483 policy_loss=0.223065
[step 00550] VALUE_DEBUG: target(mean=-6.50 std=5.15 min=-16.04 max=6.84) V(s)(mean=-5.65 std=3.46) reward(mean=-2.081 std=4.232) clip=50.0
[step 00600] value_loss=17.905636 policy_loss=0.569084
[step 00600] VALUE_DEBUG: target(mean=-3.46 std=4.42 min=-8.96 max=6.84) V(s)(mean=-5.55 std=3.16) reward(mean=1.312 std=3.043) clip=50.0
[step 00600] eval_success_rate=0.340 eval_mean_score=14.680 eval_policy_mode=greedy [solved=17/50, score_range=13.00-16.00/16.0, initial=13.52]
[step 00600] PROGRESS: filled=14.68 violations=0.00 zero_cand=0.00
[step 00600] DEBUG: ep_len=7.9 ep_ret=-3.182 stop_prob=0.000 score_chg=1.3800
[step 00650] value_loss=11.034891 policy_loss=0.384614
[step 00650] VALUE_DEBUG: target(mean=-5.20 std=4.13 min=-13.67 max=5.05) V(s)(mean=-6.33 std=2.53) reward(mean=0.539 std=2.995) clip=50.0
[step 00700] value_loss=10.402502 policy_loss=1.260544
[step 00700] VALUE_DEBUG: target(mean=-7.09 std=3.71 min=-16.10 max=1.84) V(s)(mean=-6.03 std=2.34) reward(mean=-0.664 std=3.750) clip=50.0
[step 00700] eval_success_rate=0.440 eval_mean_score=14.680 eval_policy_mode=greedy [solved=22/50, score_range=13.00-16.00/16.0, initial=13.52]
[step 00700] PROGRESS: filled=14.68 violations=0.00 zero_cand=0.00
[step 00700] DEBUG: ep_len=7.6 ep_ret=-3.721 stop_prob=0.000 score_chg=1.1775
[step 00750] value_loss=22.648327 policy_loss=0.436503
[step 00750] VALUE_DEBUG: target(mean=-5.27 std=6.18 min=-16.10 max=8.28) V(s)(mean=-4.91 std=4.62) reward(mean=-0.760 std=5.381) clip=50.0
[step 00800] value_loss=15.035808 policy_loss=-0.017117
[step 00800] VALUE_DEBUG: target(mean=-8.26 std=5.66 min=-22.00 max=6.07) V(s)(mean=-7.55 std=3.64) reward(mean=-2.840 std=6.170) clip=50.0
[step 00800] eval_success_rate=0.420 eval_mean_score=14.860 eval_policy_mode=greedy [solved=21/50, score_range=13.00-16.00/16.0, initial=13.52]
[step 00800] PROGRESS: filled=14.86 violations=0.00 zero_cand=0.00
[step 00800] DEBUG: ep_len=6.5 ep_ret=-1.583 stop_prob=0.000 score_chg=1.6375
[step 00850] value_loss=16.287411 policy_loss=0.235976
[step 00850] VALUE_DEBUG: target(mean=-4.61 std=5.61 min=-14.41 max=6.84) V(s)(mean=-4.61 std=3.84) reward(mean=-0.010 std=3.145) clip=50.0
[step 00900] value_loss=26.332371 policy_loss=0.760848
[step 00900] VALUE_DEBUG: target(mean=-5.81 std=5.87 min=-22.04 max=6.20) V(s)(mean=-4.56 std=3.99) reward(mean=-1.115 std=4.617) clip=50.0
[step 00900] eval_success_rate=0.440 eval_mean_score=14.800 eval_policy_mode=greedy [solved=22/50, score_range=13.00-16.00/16.0, initial=13.52]
[step 00900] PROGRESS: filled=14.80 violations=0.00 zero_cand=0.00
[step 00900] DEBUG: ep_len=6.4 ep_ret=-1.298 stop_prob=0.000 score_chg=1.6950
[step 00950] value_loss=6.954865 policy_loss=0.732579
[step 00950] VALUE_DEBUG: target(mean=-7.52 std=4.51 min=-16.14 max=5.02) V(s)(mean=-7.49 std=3.61) reward(mean=-0.886 std=3.619) clip=50.0
[step 01000] value_loss=15.317653 policy_loss=0.601491
[step 01000] VALUE_DEBUG: target(mean=-8.66 std=4.67 min=-21.98 max=-0.14) V(s)(mean=-7.98 std=3.11) reward(mean=-2.114 std=5.821) clip=50.0
[step 01000] eval_success_rate=0.520 eval_mean_score=15.020 eval_policy_mode=greedy [solved=26/50, score_range=13.00-16.00/16.0, initial=13.52]
[step 01000] PROGRESS: filled=15.02 violations=0.00 zero_cand=0.00
[step 01000] DEBUG: ep_len=5.9 ep_ret=-0.399 stop_prob=0.000 score_chg=1.8450
[Checkpoint] Saved to /data/repos/fbsource/fbcode/buiksat_trm/results/exp5_v2_inputs_eval/nc_rdis_s43/rl_checkpoint_step_1000.pt
[step 01050] value_loss=19.335281 policy_loss=-0.140144
[step 01050] VALUE_DEBUG: target(mean=-7.65 std=5.40 min=-21.09 max=4.87) V(s)(mean=-7.22 std=3.54) reward(mean=-1.231 std=6.075) clip=50.0
[step 01100] value_loss=11.596758 policy_loss=0.507849
[step 01100] VALUE_DEBUG: target(mean=-6.14 std=5.78 min=-16.09 max=6.84) V(s)(mean=-7.81 std=4.48) reward(mean=-0.392 std=3.548) clip=50.0
[step 01100] eval_success_rate=0.540 eval_mean_score=15.100 eval_policy_mode=greedy [solved=27/50, score_range=13.00-16.00/16.0, initial=13.52]
[step 01100] PROGRESS: filled=15.10 violations=0.00 zero_cand=0.00
[step 01100] DEBUG: ep_len=6.4 ep_ret=-1.403 stop_prob=0.000 score_chg=1.7750
[step 01150] value_loss=14.692781 policy_loss=0.571505
[step 01150] VALUE_DEBUG: target(mean=-6.23 std=5.09 min=-16.10 max=1.94) V(s)(mean=-5.59 std=5.08) reward(mean=-1.206 std=4.160) clip=50.0
[step 01200] value_loss=18.489805 policy_loss=0.629095
[step 01200] VALUE_DEBUG: target(mean=-8.22 std=5.98 min=-22.04 max=1.84) V(s)(mean=-7.02 std=4.54) reward(mean=-1.447 std=4.790) clip=50.0
[step 01200] eval_success_rate=0.500 eval_mean_score=15.180 eval_policy_mode=greedy [solved=25/50, score_range=13.00-16.00/16.0, initial=13.52]
[step 01200] PROGRESS: filled=15.18 violations=0.00 zero_cand=0.00
[step 01200] DEBUG: ep_len=5.6 ep_ret=-0.344 stop_prob=0.000 score_chg=1.7800
[step 01250] value_loss=9.409867 policy_loss=1.314267
[step 01250] VALUE_DEBUG: target(mean=-7.01 std=4.99 min=-15.40 max=6.84) V(s)(mean=-7.09 std=3.86) reward(mean=-0.169 std=2.535) clip=50.0
[step 01300] value_loss=15.882681 policy_loss=0.056661
[step 01300] VALUE_DEBUG: target(mean=-5.25 std=5.43 min=-16.47 max=6.84) V(s)(mean=-6.70 std=3.83) reward(mean=1.048 std=3.235) clip=50.0
[step 01300] eval_success_rate=0.520 eval_mean_score=15.040 eval_policy_mode=greedy [solved=26/50, score_range=13.00-16.00/16.0, initial=13.52]
[step 01300] PROGRESS: filled=15.04 violations=0.00 zero_cand=0.00
[step 01300] DEBUG: ep_len=5.3 ep_ret=0.143 stop_prob=0.000 score_chg=2.0325
[step 01350] value_loss=14.015926 policy_loss=1.269459
[step 01350] VALUE_DEBUG: target(mean=-8.17 std=5.87 min=-18.85 max=6.84) V(s)(mean=-8.36 std=3.53) reward(mean=-0.637 std=4.175) clip=50.0
[step 01400] value_loss=15.855770 policy_loss=0.090472
[step 01400] VALUE_DEBUG: target(mean=-7.98 std=4.54 min=-18.04 max=2.18) V(s)(mean=-7.09 std=3.35) reward(mean=-1.132 std=4.820) clip=50.0
[step 01400] eval_success_rate=0.660 eval_mean_score=15.420 eval_policy_mode=greedy [solved=33/50, score_range=13.00-16.00/16.0, initial=13.52]
[step 01400] PROGRESS: filled=15.42 violations=0.00 zero_cand=0.00
[step 01400] DEBUG: ep_len=5.1 ep_ret=1.474 stop_prob=0.000 score_chg=2.3100
[step 01450] value_loss=28.061724 policy_loss=0.693015
[step 01450] VALUE_DEBUG: target(mean=-5.42 std=6.48 min=-16.15 max=7.07) V(s)(mean=-5.48 std=5.01) reward(mean=-0.322 std=4.972) clip=50.0
[step 01500] value_loss=8.639341 policy_loss=0.549511
[step 01500] VALUE_DEBUG: target(mean=-5.68 std=5.21 min=-13.32 max=6.84) V(s)(mean=-6.67 std=4.16) reward(mean=0.160 std=2.264) clip=50.0
[step 01500] eval_success_rate=0.640 eval_mean_score=15.300 eval_policy_mode=greedy [solved=32/50, score_range=13.00-16.00/16.0, initial=13.52]
[step 01500] PROGRESS: filled=15.30 violations=0.00 zero_cand=0.00
[step 01500] DEBUG: ep_len=4.7 ep_ret=1.312 stop_prob=0.000 score_chg=2.1850
[step 01550] value_loss=9.720448 policy_loss=-0.030136
[step 01550] VALUE_DEBUG: target(mean=-7.24 std=6.14 min=-18.46 max=6.84) V(s)(mean=-7.14 std=4.58) reward(mean=-0.769 std=4.112) clip=50.0
[step 01600] value_loss=12.196478 policy_loss=0.825914
[step 01600] VALUE_DEBUG: target(mean=-4.28 std=5.76 min=-12.73 max=6.84) V(s)(mean=-5.76 std=4.78) reward(mean=1.070 std=2.941) clip=50.0
[step 01600] eval_success_rate=0.760 eval_mean_score=15.620 eval_policy_mode=greedy [solved=38/50, score_range=13.00-16.00/16.0, initial=13.52]
[step 01600] PROGRESS: filled=15.62 violations=0.00 zero_cand=0.00
[step 01600] DEBUG: ep_len=4.8 ep_ret=0.934 stop_prob=0.000 score_chg=2.1050
[step 01650] value_loss=16.946651 policy_loss=-0.016921
[step 01650] VALUE_DEBUG: target(mean=-5.03 std=6.09 min=-17.15 max=6.84) V(s)(mean=-5.62 std=5.35) reward(mean=0.068 std=4.015) clip=50.0
[step 01700] value_loss=13.588203 policy_loss=0.405013
[step 01700] VALUE_DEBUG: target(mean=-6.15 std=6.08 min=-22.00 max=1.94) V(s)(mean=-5.57 std=4.52) reward(mean=-0.872 std=4.586) clip=50.0
[step 01700] eval_success_rate=0.800 eval_mean_score=15.680 eval_policy_mode=greedy [solved=40/50, score_range=14.00-16.00/16.0, initial=13.52]
[step 01700] PROGRESS: filled=15.68 violations=0.00 zero_cand=0.00
[step 01700] DEBUG: ep_len=4.9 ep_ret=1.179 stop_prob=0.000 score_chg=2.2500
[step 01750] value_loss=5.778259 policy_loss=-0.882976
[step 01750] VALUE_DEBUG: target(mean=-5.12 std=6.20 min=-13.99 max=7.10) V(s)(mean=-6.34 std=5.16) reward(mean=1.131 std=2.048) clip=50.0
[step 01800] value_loss=11.290802 policy_loss=-0.087906
[step 01800] VALUE_DEBUG: target(mean=-6.87 std=6.15 min=-17.48 max=6.84) V(s)(mean=-7.95 std=5.09) reward(mean=0.632 std=2.423) clip=50.0
[step 01800] eval_success_rate=0.840 eval_mean_score=15.720 eval_policy_mode=greedy [solved=42/50, score_range=14.00-16.00/16.0, initial=13.52]
[step 01800] PROGRESS: filled=15.72 violations=0.00 zero_cand=0.00
[step 01800] DEBUG: ep_len=4.2 ep_ret=1.941 stop_prob=0.000 score_chg=2.2725
[step 01850] value_loss=9.226321 policy_loss=0.324693
[step 01850] VALUE_DEBUG: target(mean=-5.37 std=6.92 min=-17.80 max=9.23) V(s)(mean=-5.29 std=5.53) reward(mean=0.354 std=2.938) clip=50.0
[step 01900] value_loss=14.995995 policy_loss=0.227863
[step 01900] VALUE_DEBUG: target(mean=-5.83 std=6.40 min=-16.50 max=6.84) V(s)(mean=-5.33 std=5.53) reward(mean=-0.251 std=3.457) clip=50.0
[step 01900] eval_success_rate=0.860 eval_mean_score=15.660 eval_policy_mode=greedy [solved=43/50, score_range=13.00-16.00/16.0, initial=13.52]
[step 01900] PROGRESS: filled=15.66 violations=0.00 zero_cand=0.00
[step 01900] DEBUG: ep_len=4.0 ep_ret=1.772 stop_prob=0.000 score_chg=2.2125
[step 01950] value_loss=9.443899 policy_loss=0.282479
[step 01950] VALUE_DEBUG: target(mean=-6.04 std=5.53 min=-16.14 max=1.84) V(s)(mean=-6.38 std=4.36) reward(mean=-0.182 std=3.901) clip=50.0
[step 02000] value_loss=6.939387 policy_loss=0.878685
[step 02000] VALUE_DEBUG: target(mean=-6.95 std=6.50 min=-16.98 max=2.48) V(s)(mean=-6.48 std=5.76) reward(mean=-0.964 std=4.385) clip=50.0
[step 02000] eval_success_rate=0.820 eval_mean_score=15.740 eval_policy_mode=greedy [solved=41/50, score_range=13.00-16.00/16.0, initial=13.52]
[step 02000] PROGRESS: filled=15.74 violations=0.00 zero_cand=0.00
[step 02000] DEBUG: ep_len=3.9 ep_ret=2.250 stop_prob=0.000 score_chg=2.3825
[Checkpoint] Saved to /data/repos/fbsource/fbcode/buiksat_trm/results/exp5_v2_inputs_eval/nc_rdis_s43/rl_checkpoint_step_2000.pt
[step 02050] value_loss=8.472964 policy_loss=0.252715
[step 02050] VALUE_DEBUG: target(mean=-4.53 std=5.73 min=-17.41 max=5.04) V(s)(mean=-4.20 std=4.77) reward(mean=-0.184 std=3.084) clip=50.0
[step 02100] value_loss=10.955734 policy_loss=-1.316708
[step 02100] VALUE_DEBUG: target(mean=-4.81 std=6.26 min=-15.05 max=6.84) V(s)(mean=-5.33 std=5.65) reward(mean=-0.012 std=2.482) clip=50.0
[step 02100] eval_success_rate=0.840 eval_mean_score=15.760 eval_policy_mode=greedy [solved=42/50, score_range=14.00-16.00/16.0, initial=13.52]
[step 02100] PROGRESS: filled=15.76 violations=0.00 zero_cand=0.00
[step 02100] DEBUG: ep_len=3.6 ep_ret=2.804 stop_prob=0.000 score_chg=2.4700
[step 02150] value_loss=10.473330 policy_loss=0.742864
[step 02150] VALUE_DEBUG: target(mean=-6.21 std=7.37 min=-16.08 max=7.48) V(s)(mean=-5.87 std=6.33) reward(mean=-1.294 std=4.762) clip=50.0
[step 02200] value_loss=11.431212 policy_loss=0.633707
[step 02200] VALUE_DEBUG: target(mean=-3.41 std=5.72 min=-13.85 max=6.84) V(s)(mean=-3.09 std=5.21) reward(mean=0.127 std=3.342) clip=50.0
[step 02200] eval_success_rate=0.800 eval_mean_score=15.800 eval_policy_mode=greedy [solved=40/50, score_range=15.00-16.00/16.0, initial=13.52]
[step 02200] PROGRESS: filled=15.80 violations=0.00 zero_cand=0.00
[step 02200] DEBUG: ep_len=3.5 ep_ret=2.598 stop_prob=0.000 score_chg=2.3900
[step 02250] value_loss=12.296182 policy_loss=0.120424
[step 02250] VALUE_DEBUG: target(mean=-6.13 std=6.93 min=-20.11 max=8.24) V(s)(mean=-5.44 std=4.94) reward(mean=-0.583 std=3.118) clip=50.0
[step 02300] value_loss=3.420386 policy_loss=-0.430887
[step 02300] VALUE_DEBUG: target(mean=-5.12 std=5.80 min=-16.10 max=5.80) V(s)(mean=-5.26 std=5.28) reward(mean=0.251 std=3.301) clip=50.0
[step 02300] eval_success_rate=0.820 eval_mean_score=15.780 eval_policy_mode=greedy [solved=41/50, score_range=14.00-16.00/16.0, initial=13.52]
[step 02300] PROGRESS: filled=15.78 violations=0.00 zero_cand=0.00
[step 02300] DEBUG: ep_len=3.5 ep_ret=2.510 stop_prob=0.000 score_chg=2.4225
[step 02350] value_loss=8.354921 policy_loss=-0.584873
[step 02350] VALUE_DEBUG: target(mean=-2.97 std=5.04 min=-15.06 max=1.84) V(s)(mean=-4.08 std=4.99) reward(mean=0.772 std=1.174) clip=50.0
[step 02400] value_loss=16.380960 policy_loss=0.155480
[step 02400] VALUE_DEBUG: target(mean=-4.86 std=5.51 min=-20.06 max=4.02) V(s)(mean=-4.35 std=4.53) reward(mean=-0.509 std=4.500) clip=50.0
[step 02400] eval_success_rate=0.900 eval_mean_score=15.860 eval_policy_mode=greedy [solved=45/50, score_range=14.00-16.00/16.0, initial=13.52]
[step 02400] PROGRESS: filled=15.86 violations=0.00 zero_cand=0.00
[step 02400] DEBUG: ep_len=3.6 ep_ret=2.603 stop_prob=0.000 score_chg=2.4325
[step 02450] value_loss=22.988878 policy_loss=0.337152
[step 02450] VALUE_DEBUG: target(mean=-5.97 std=6.59 min=-16.15 max=6.84) V(s)(mean=-5.78 std=5.95) reward(mean=-0.653 std=4.681) clip=50.0
[step 02500] value_loss=30.801868 policy_loss=-0.709364
[step 02500] VALUE_DEBUG: target(mean=-2.56 std=6.80 min=-22.03 max=7.03) V(s)(mean=-2.23 std=3.68) reward(mean=-0.624 std=6.452) clip=50.0
[step 02500] eval_success_rate=0.940 eval_mean_score=15.940 eval_policy_mode=greedy [solved=47/50, score_range=15.00-16.00/16.0, initial=13.52]
[step 02500] PROGRESS: filled=15.94 violations=0.00 zero_cand=0.00
[step 02500] DEBUG: ep_len=3.3 ep_ret=2.884 stop_prob=0.000 score_chg=2.3875
[step 02550] value_loss=16.606941 policy_loss=0.282850
[step 02550] VALUE_DEBUG: target(mean=-3.96 std=7.03 min=-19.78 max=6.84) V(s)(mean=-3.97 std=5.69) reward(mean=-0.245 std=5.001) clip=50.0
[step 02600] value_loss=7.336139 policy_loss=-0.459504
[step 02600] VALUE_DEBUG: target(mean=-2.20 std=4.90 min=-15.00 max=6.82) V(s)(mean=-2.38 std=4.50) reward(mean=0.562 std=2.138) clip=50.0
[step 02600] eval_success_rate=0.920 eval_mean_score=15.920 eval_policy_mode=greedy [solved=46/50, score_range=15.00-16.00/16.0, initial=13.52]
[step 02600] PROGRESS: filled=15.92 violations=0.00 zero_cand=0.00
[step 02600] DEBUG: ep_len=3.1 ep_ret=2.980 stop_prob=0.000 score_chg=2.4575
[step 02650] value_loss=9.485340 policy_loss=0.002918
[step 02650] VALUE_DEBUG: target(mean=-3.74 std=5.47 min=-16.02 max=6.84) V(s)(mean=-3.08 std=4.94) reward(mean=-0.340 std=3.984) clip=50.0
[step 02700] value_loss=10.574813 policy_loss=-0.168939
[step 02700] VALUE_DEBUG: target(mean=-5.56 std=5.43 min=-16.15 max=1.84) V(s)(mean=-5.03 std=4.78) reward(mean=-0.743 std=4.372) clip=50.0
[step 02700] eval_success_rate=0.900 eval_mean_score=15.860 eval_policy_mode=greedy [solved=45/50, score_range=14.00-16.00/16.0, initial=13.52]
[step 02700] PROGRESS: filled=15.86 violations=0.00 zero_cand=0.00
[step 02700] DEBUG: ep_len=3.1 ep_ret=2.819 stop_prob=0.000 score_chg=2.4275
[step 02750] value_loss=19.304346 policy_loss=-0.699372
[step 02750] VALUE_DEBUG: target(mean=-2.71 std=6.05 min=-16.15 max=6.84) V(s)(mean=-3.30 std=5.05) reward(mean=0.025 std=4.370) clip=50.0
[step 02800] value_loss=5.700231 policy_loss=0.000323
[step 02800] VALUE_DEBUG: target(mean=-1.92 std=6.19 min=-14.97 max=10.91) V(s)(mean=-2.17 std=5.27) reward(mean=0.873 std=2.337) clip=50.0
[step 02800] eval_success_rate=1.000 eval_mean_score=16.000 eval_policy_mode=greedy [solved=50/50, score_range=16.00-16.00/16.0, initial=13.52]
[step 02800] PROGRESS: filled=16.00 violations=0.00 zero_cand=0.00
[step 02800] DEBUG: ep_len=2.9 ep_ret=3.031 stop_prob=0.000 score_chg=2.4450
[step 02850] value_loss=7.875179 policy_loss=-0.563964
[step 02850] VALUE_DEBUG: target(mean=-4.43 std=6.18 min=-15.15 max=7.42) V(s)(mean=-4.65 std=4.71) reward(mean=0.256 std=2.785) clip=50.0
[step 02900] value_loss=5.297472 policy_loss=0.018468
[step 02900] VALUE_DEBUG: target(mean=-1.91 std=5.67 min=-11.53 max=8.02) V(s)(mean=-2.22 std=5.02) reward(mean=0.684 std=2.437) clip=50.0
[step 02900] eval_success_rate=0.940 eval_mean_score=15.900 eval_policy_mode=greedy [solved=47/50, score_range=14.00-16.00/16.0, initial=13.52]
[step 02900] PROGRESS: filled=15.90 violations=0.00 zero_cand=0.00
[step 02900] DEBUG: ep_len=3.1 ep_ret=3.103 stop_prob=0.000 score_chg=2.5400
[step 02950] value_loss=6.701725 policy_loss=0.000387
[step 02950] VALUE_DEBUG: target(mean=-4.50 std=5.93 min=-16.11 max=6.84) V(s)(mean=-4.10 std=5.43) reward(mean=-0.127 std=2.679) clip=50.0
[step 03000] value_loss=19.529421 policy_loss=0.465506
[step 03000] VALUE_DEBUG: target(mean=-4.13 std=5.27 min=-16.09 max=6.84) V(s)(mean=-4.70 std=4.15) reward(mean=-0.156 std=3.472) clip=50.0
[step 03000] eval_success_rate=0.980 eval_mean_score=15.980 eval_policy_mode=greedy [solved=49/50, score_range=15.00-16.00/16.0, initial=13.52]
[step 03000] PROGRESS: filled=15.98 violations=0.00 zero_cand=0.00
[step 03000] DEBUG: ep_len=2.9 ep_ret=2.930 stop_prob=0.000 score_chg=2.3375
[Checkpoint] Saved to /data/repos/fbsource/fbcode/buiksat_trm/results/exp5_v2_inputs_eval/nc_rdis_s43/rl_checkpoint_step_3000.pt
[step 03050] value_loss=11.790181 policy_loss=0.537240
[step 03050] VALUE_DEBUG: target(mean=-3.11 std=6.09 min=-16.09 max=7.02) V(s)(mean=-2.73 std=4.93) reward(mean=-0.739 std=3.370) clip=50.0
[step 03100] value_loss=11.934708 policy_loss=0.614167
[step 03100] VALUE_DEBUG: target(mean=-3.74 std=6.35 min=-19.45 max=8.89) V(s)(mean=-3.48 std=4.92) reward(mean=-0.778 std=4.052) clip=50.0
[step 03100] eval_success_rate=1.000 eval_mean_score=16.000 eval_policy_mode=greedy [solved=50/50, score_range=16.00-16.00/16.0, initial=13.52]
[step 03100] PROGRESS: filled=16.00 violations=0.00 zero_cand=0.00
[step 03100] DEBUG: ep_len=2.7 ep_ret=3.002 stop_prob=0.000 score_chg=2.3950
[step 03150] value_loss=6.783135 policy_loss=0.652491
[step 03150] VALUE_DEBUG: target(mean=-1.59 std=5.11 min=-16.15 max=6.84) V(s)(mean=-1.50 std=4.39) reward(mean=0.156 std=3.790) clip=50.0
[step 03200] value_loss=13.792586 policy_loss=0.064933
[step 03200] VALUE_DEBUG: target(mean=-5.02 std=6.50 min=-19.18 max=3.47) V(s)(mean=-3.45 std=4.86) reward(mean=-1.873 std=5.252) clip=50.0
[step 03200] eval_success_rate=1.000 eval_mean_score=16.000 eval_policy_mode=greedy [solved=50/50, score_range=16.00-16.00/16.0, initial=13.52]
[step 03200] PROGRESS: filled=16.00 violations=0.00 zero_cand=0.00
[step 03200] DEBUG: ep_len=2.9 ep_ret=3.084 stop_prob=0.000 score_chg=2.4975
[step 03250] value_loss=6.758179 policy_loss=0.522590
[step 03250] VALUE_DEBUG: target(mean=-3.50 std=4.83 min=-14.27 max=4.94) V(s)(mean=-4.15 std=4.72) reward(mean=0.407 std=1.230) clip=50.0
[step 03300] value_loss=6.869848 policy_loss=-0.104580
[step 03300] VALUE_DEBUG: target(mean=-1.93 std=4.80 min=-13.91 max=5.94) V(s)(mean=-1.71 std=4.72) reward(mean=0.007 std=2.741) clip=50.0
[step 03300] eval_success_rate=1.000 eval_mean_score=16.000 eval_policy_mode=greedy [solved=50/50, score_range=16.00-16.00/16.0, initial=13.52]
[step 03300] PROGRESS: filled=16.00 violations=0.00 zero_cand=0.00
[step 03300] DEBUG: ep_len=3.0 ep_ret=3.135 stop_prob=0.000 score_chg=2.5500
[step 03350] value_loss=15.664703 policy_loss=-1.494437
[step 03350] VALUE_DEBUG: target(mean=-3.39 std=5.37 min=-18.32 max=6.84) V(s)(mean=-3.03 std=3.98) reward(mean=-0.312 std=3.384) clip=50.0
[step 03400] value_loss=12.585353 policy_loss=0.936468
[step 03400] VALUE_DEBUG: target(mean=-2.28 std=4.97 min=-10.96 max=8.85) V(s)(mean=-3.41 std=3.78) reward(mean=0.912 std=3.034) clip=50.0
[step 03400] eval_success_rate=0.980 eval_mean_score=15.980 eval_policy_mode=greedy [solved=49/50, score_range=15.00-16.00/16.0, initial=13.52]
[step 03400] PROGRESS: filled=15.98 violations=0.00 zero_cand=0.00
[step 03400] DEBUG: ep_len=3.0 ep_ret=3.104 stop_prob=0.000 score_chg=2.5250
[step 03450] value_loss=10.595869 policy_loss=0.502684
[step 03450] VALUE_DEBUG: target(mean=-2.92 std=5.32 min=-22.04 max=6.59) V(s)(mean=-2.07 std=3.83) reward(mean=-1.091 std=4.422) clip=50.0
[step 03500] value_loss=11.957232 policy_loss=-0.128071
[step 03500] VALUE_DEBUG: target(mean=-3.22 std=5.57 min=-19.02 max=5.19) V(s)(mean=-3.19 std=4.95) reward(mean=-0.532 std=2.419) clip=50.0
[step 03500] eval_success_rate=0.980 eval_mean_score=15.980 eval_policy_mode=greedy [solved=49/50, score_range=15.00-16.00/16.0, initial=13.52]
[step 03500] PROGRESS: filled=15.98 violations=0.00 zero_cand=0.00
[step 03500] DEBUG: ep_len=3.0 ep_ret=3.044 stop_prob=0.000 score_chg=2.4575
[step 03550] value_loss=11.458710 policy_loss=0.546034
[step 03550] VALUE_DEBUG: target(mean=-1.32 std=4.90 min=-13.69 max=6.84) V(s)(mean=-2.60 std=4.43) reward(mean=0.618 std=2.513) clip=50.0
[step 03600] value_loss=15.427961 policy_loss=-0.148309
[step 03600] VALUE_DEBUG: target(mean=-2.94 std=5.56 min=-13.96 max=6.84) V(s)(mean=-2.66 std=4.47) reward(mean=-0.237 std=3.626) clip=50.0
[step 03600] eval_success_rate=0.980 eval_mean_score=15.980 eval_policy_mode=greedy [solved=49/50, score_range=15.00-16.00/16.0, initial=13.52]
[step 03600] PROGRESS: filled=15.98 violations=0.00 zero_cand=0.00
[step 03600] DEBUG: ep_len=2.9 ep_ret=2.995 stop_prob=0.000 score_chg=2.3975
[step 03650] value_loss=5.437327 policy_loss=0.397384
[step 03650] VALUE_DEBUG: target(mean=-1.30 std=5.51 min=-13.43 max=8.34) V(s)(mean=-1.38 std=4.90) reward(mean=0.387 std=2.402) clip=50.0
[step 03700] value_loss=7.542713 policy_loss=-1.234585
[step 03700] VALUE_DEBUG: target(mean=-2.34 std=5.47 min=-16.10 max=10.98) V(s)(mean=-2.42 std=4.44) reward(mean=-0.156 std=3.567) clip=50.0
[step 03700] eval_success_rate=0.980 eval_mean_score=15.980 eval_policy_mode=greedy [solved=49/50, score_range=15.00-16.00/16.0, initial=13.52]
[step 03700] PROGRESS: filled=15.98 violations=0.00 zero_cand=0.00
[step 03700] DEBUG: ep_len=2.9 ep_ret=3.078 stop_prob=0.000 score_chg=2.4900
[step 03750] value_loss=7.139807 policy_loss=-0.109826
[step 03750] VALUE_DEBUG: target(mean=-1.53 std=5.74 min=-16.10 max=6.98) V(s)(mean=-1.62 std=4.28) reward(mean=0.067 std=3.885) clip=50.0
[step 03800] value_loss=9.430664 policy_loss=-0.162729
[step 03800] VALUE_DEBUG: target(mean=-1.71 std=5.08 min=-16.15 max=6.84) V(s)(mean=-0.86 std=3.46) reward(mean=-0.628 std=3.816) clip=50.0
[step 03800] eval_success_rate=0.980 eval_mean_score=15.980 eval_policy_mode=greedy [solved=49/50, score_range=15.00-16.00/16.0, initial=13.52]
[step 03800] PROGRESS: filled=15.98 violations=0.00 zero_cand=0.00
[step 03800] DEBUG: ep_len=2.9 ep_ret=3.068 stop_prob=0.000 score_chg=2.4725
[step 03850] value_loss=26.984110 policy_loss=-0.347297
[step 03850] VALUE_DEBUG: target(mean=-1.90 std=5.91 min=-20.06 max=8.00) V(s)(mean=-1.16 std=3.21) reward(mean=-0.504 std=5.159) clip=50.0
[step 03900] value_loss=7.635481 policy_loss=0.200572
[step 03900] VALUE_DEBUG: target(mean=-0.50 std=4.01 min=-9.38 max=8.58) V(s)(mean=-0.94 std=3.54) reward(mean=0.900 std=2.979) clip=50.0
[step 03900] eval_success_rate=0.980 eval_mean_score=15.980 eval_policy_mode=greedy [solved=49/50, score_range=15.00-16.00/16.0, initial=13.52]
[step 03900] PROGRESS: filled=15.98 violations=0.00 zero_cand=0.00
[step 03900] DEBUG: ep_len=2.9 ep_ret=3.056 stop_prob=0.000 score_chg=2.4650
[step 03950] value_loss=8.885928 policy_loss=-0.043058
[step 03950] VALUE_DEBUG: target(mean=0.36 std=3.70 min=-8.06 max=8.43) V(s)(mean=-0.32 std=2.08) reward(mean=0.881 std=2.981) clip=50.0
[step 04000] value_loss=8.189294 policy_loss=-0.581407
[step 04000] VALUE_DEBUG: target(mean=-1.74 std=4.34 min=-9.92 max=6.84) V(s)(mean=-1.37 std=3.32) reward(mean=0.032 std=3.084) clip=50.0
[step 04000] eval_success_rate=0.980 eval_mean_score=15.980 eval_policy_mode=greedy [solved=49/50, score_range=15.00-16.00/16.0, initial=13.52]
[step 04000] PROGRESS: filled=15.98 violations=0.00 zero_cand=0.00
[step 04000] DEBUG: ep_len=2.9 ep_ret=3.003 stop_prob=0.000 score_chg=2.4100
[Checkpoint] Saved to /data/repos/fbsource/fbcode/buiksat_trm/results/exp5_v2_inputs_eval/nc_rdis_s43/rl_checkpoint_step_4000.pt
[step 04050] value_loss=11.591123 policy_loss=0.917565
[step 04050] VALUE_DEBUG: target(mean=-1.21 std=4.99 min=-11.79 max=7.86) V(s)(mean=-1.97 std=4.02) reward(mean=0.662 std=3.290) clip=50.0
[step 04100] value_loss=19.587456 policy_loss=-1.326591
[step 04100] VALUE_DEBUG: target(mean=-1.82 std=6.00 min=-16.15 max=6.84) V(s)(mean=-1.04 std=3.95) reward(mean=-0.710 std=4.704) clip=50.0
[step 04100] eval_success_rate=0.980 eval_mean_score=15.980 eval_policy_mode=greedy [solved=49/50, score_range=15.00-16.00/16.0, initial=13.52]
[step 04100] PROGRESS: filled=15.98 violations=0.00 zero_cand=0.00
[step 04100] DEBUG: ep_len=3.0 ep_ret=3.123 stop_prob=0.000 score_chg=2.5450
[step 04150] value_loss=15.096687 policy_loss=0.083004
[step 04150] VALUE_DEBUG: target(mean=-0.56 std=4.48 min=-11.24 max=8.59) V(s)(mean=-0.76 std=4.05) reward(mean=0.319 std=2.779) clip=50.0
[step 04200] value_loss=10.894758 policy_loss=-1.307456
[step 04200] VALUE_DEBUG: target(mean=-0.85 std=5.38 min=-16.15 max=7.45) V(s)(mean=-1.13 std=4.15) reward(mean=0.276 std=3.467) clip=50.0
[step 04200] eval_success_rate=0.980 eval_mean_score=15.980 eval_policy_mode=greedy [solved=49/50, score_range=15.00-16.00/16.0, initial=13.52]
[step 04200] PROGRESS: filled=15.98 violations=0.00 zero_cand=0.00
[step 04200] DEBUG: ep_len=3.0 ep_ret=3.119 stop_prob=0.000 score_chg=2.5425
[step 04250] value_loss=16.964939 policy_loss=0.722601
[step 04250] VALUE_DEBUG: target(mean=-2.24 std=5.39 min=-16.09 max=6.84) V(s)(mean=-2.07 std=3.39) reward(mean=-0.435 std=4.249) clip=50.0
[step 04300] value_loss=18.132071 policy_loss=-0.475255
[step 04300] VALUE_DEBUG: target(mean=-1.70 std=5.94 min=-16.79 max=6.84) V(s)(mean=-0.93 std=4.06) reward(mean=-0.236 std=3.999) clip=50.0
[step 04300] eval_success_rate=0.980 eval_mean_score=15.980 eval_policy_mode=greedy [solved=49/50, score_range=15.00-16.00/16.0, initial=13.52]
[step 04300] PROGRESS: filled=15.98 violations=0.00 zero_cand=0.00
[step 04300] DEBUG: ep_len=3.1 ep_ret=2.917 stop_prob=0.000 score_chg=2.4350
[step 04350] value_loss=16.457161 policy_loss=0.083750
[step 04350] VALUE_DEBUG: target(mean=-0.99 std=4.67 min=-16.15 max=6.84) V(s)(mean=-0.59 std=3.84) reward(mean=0.053 std=3.910) clip=50.0
[step 04400] value_loss=6.854873 policy_loss=0.014600
[step 04400] VALUE_DEBUG: target(mean=0.13 std=3.53 min=-12.29 max=5.33) V(s)(mean=0.12 std=2.35) reward(mean=0.122 std=2.594) clip=50.0
[step 04400] eval_success_rate=0.980 eval_mean_score=15.980 eval_policy_mode=greedy [solved=49/50, score_range=15.00-16.00/16.0, initial=13.52]
[step 04400] PROGRESS: filled=15.98 violations=0.00 zero_cand=0.00
[step 04400] DEBUG: ep_len=3.1 ep_ret=3.013 stop_prob=0.000 score_chg=2.5400
[step 04450] value_loss=4.254579 policy_loss=-0.103898
[step 04450] VALUE_DEBUG: target(mean=-0.25 std=4.15 min=-11.95 max=7.65) V(s)(mean=-0.84 std=3.66) reward(mean=0.522 std=1.751) clip=50.0
[step 04500] value_loss=9.043180 policy_loss=0.393163
[step 04500] VALUE_DEBUG: target(mean=-0.63 std=3.40 min=-8.88 max=5.86) V(s)(mean=0.01 std=2.84) reward(mean=-0.293 std=3.101) clip=50.0
[step 04500] eval_success_rate=0.980 eval_mean_score=15.980 eval_policy_mode=greedy [solved=49/50, score_range=15.00-16.00/16.0, initial=13.52]
[step 04500] PROGRESS: filled=15.98 violations=0.00 zero_cand=0.00
[step 04500] DEBUG: ep_len=3.0 ep_ret=2.952 stop_prob=0.000 score_chg=2.5100
[step 04550] value_loss=8.932717 policy_loss=0.406350
[step 04550] VALUE_DEBUG: target(mean=-0.14 std=4.57 min=-11.42 max=7.22) V(s)(mean=-0.13 std=3.71) reward(mean=0.048 std=3.072) clip=50.0
[step 04600] value_loss=7.360892 policy_loss=-0.916307
[step 04600] VALUE_DEBUG: target(mean=-0.02 std=4.90 min=-11.40 max=8.47) V(s)(mean=-0.88 std=4.13) reward(mean=0.868 std=2.634) clip=50.0
[step 04600] eval_success_rate=0.980 eval_mean_score=15.980 eval_policy_mode=greedy [solved=49/50, score_range=15.00-16.00/16.0, initial=13.52]
[step 04600] PROGRESS: filled=15.98 violations=0.00 zero_cand=0.00
[step 04600] DEBUG: ep_len=3.1 ep_ret=2.903 stop_prob=0.000 score_chg=2.4675
[step 04650] value_loss=10.164489 policy_loss=0.396904
[step 04650] VALUE_DEBUG: target(mean=0.51 std=3.36 min=-6.62 max=6.84) V(s)(mean=-0.19 std=3.08) reward(mean=0.839 std=3.125) clip=50.0
[step 04700] value_loss=17.762913 policy_loss=0.331577
[step 04700] VALUE_DEBUG: target(mean=-1.04 std=6.02 min=-16.15 max=7.53) V(s)(mean=-1.01 std=3.87) reward(mean=-0.116 std=4.788) clip=50.0
[step 04700] eval_success_rate=0.980 eval_mean_score=15.980 eval_policy_mode=greedy [solved=49/50, score_range=15.00-16.00/16.0, initial=13.52]
[step 04700] PROGRESS: filled=15.98 violations=0.00 zero_cand=0.00
[step 04700] DEBUG: ep_len=3.0 ep_ret=2.938 stop_prob=0.000 score_chg=2.4575
[step 04750] value_loss=5.852149 policy_loss=0.242478
[step 04750] VALUE_DEBUG: target(mean=-0.18 std=4.70 min=-17.31 max=9.78) V(s)(mean=0.20 std=3.37) reward(mean=0.158 std=3.127) clip=50.0
[step 04800] value_loss=8.658278 policy_loss=-0.130957
[step 04800] VALUE_DEBUG: target(mean=-1.23 std=5.30 min=-11.01 max=12.61) V(s)(mean=-0.73 std=4.36) reward(mean=0.382 std=3.515) clip=50.0
[step 04800] eval_success_rate=0.980 eval_mean_score=15.980 eval_policy_mode=greedy [solved=49/50, score_range=15.00-16.00/16.0, initial=13.52]
[step 04800] PROGRESS: filled=15.98 violations=0.00 zero_cand=0.00
[step 04800] DEBUG: ep_len=3.3 ep_ret=2.680 stop_prob=0.000 score_chg=2.4925
[step 04850] value_loss=16.429852 policy_loss=0.226058
[step 04850] VALUE_DEBUG: target(mean=-0.53 std=4.29 min=-10.91 max=7.18) V(s)(mean=-1.29 std=4.14) reward(mean=0.548 std=2.579) clip=50.0
[step 04900] value_loss=27.598352 policy_loss=0.487013
[step 04900] VALUE_DEBUG: target(mean=-1.08 std=5.91 min=-16.15 max=6.84) V(s)(mean=0.05 std=3.52) reward(mean=-1.114 std=5.161) clip=50.0
[step 04900] eval_success_rate=0.980 eval_mean_score=15.980 eval_policy_mode=greedy [solved=49/50, score_range=15.00-16.00/16.0, initial=13.52]
[step 04900] PROGRESS: filled=15.98 violations=0.00 zero_cand=0.00
[step 04900] DEBUG: ep_len=3.0 ep_ret=2.712 stop_prob=0.000 score_chg=2.3550
[step 04950] value_loss=7.176147 policy_loss=0.555812
[step 04950] VALUE_DEBUG: target(mean=0.46 std=3.89 min=-11.23 max=9.65) V(s)(mean=-0.01 std=3.06) reward(mean=0.557 std=2.622) clip=50.0
[step 05000] value_loss=4.304978 policy_loss=0.279063
[step 05000] VALUE_DEBUG: target(mean=-1.13 std=4.42 min=-12.12 max=6.84) V(s)(mean=-0.79 std=3.75) reward(mean=0.059 std=2.415) clip=50.0
[step 05000] eval_success_rate=0.980 eval_mean_score=15.980 eval_policy_mode=greedy [solved=49/50, score_range=15.00-16.00/16.0, initial=13.52]
[step 05000] PROGRESS: filled=15.98 violations=0.00 zero_cand=0.00
[step 05000] DEBUG: ep_len=3.1 ep_ret=2.895 stop_prob=0.000 score_chg=2.5100
[Checkpoint] Saved to /data/repos/fbsource/fbcode/buiksat_trm/results/exp5_v2_inputs_eval/nc_rdis_s43/rl_checkpoint_step_5000.pt
[Checkpoint] Saved to /data/repos/fbsource/fbcode/buiksat_trm/results/exp5_v2_inputs_eval/nc_rdis_s43/rl_checkpoint_step_5000.pt
