[2026-01-19T08:08:17.512-08:00] Buck UI: https://www.internalfb.com/buck2/6c409132-3038-4eda-8a61-24ca5cd2ad04
[2026-01-19T08:08:26.007-08:00] Waiting on buck2 daemon 6c409132-3038-4eda-8a61-24ca5cd2ad04...
[2026-01-19T08:08:26.008-08:00] Resource usage: RSS: 1.8GiB CPU: 2595%
[2026-01-19T08:08:26.008-08:00] IO: none
[2026-01-19T08:08:28.720-08:00] [2m2026-01-19T16:08:28.671934Z[0m [33m WARN[0m [2mbuck2_interpreter_for_build::interpreter::functions::warning[0m[2m:[0m NCCL version '2.23.4' format is being deprecated for this NCCL version, please use MAJOR:MINOR format: 2.23 instead
[2026-01-19T08:08:28.720-08:00] [2m2026-01-19T16:08:28.671975Z[0m [33m WARN[0m [2mbuck2_interpreter_for_build::interpreter::functions::warning[0m[2m:[0m NCCL version '2.25.1' format is being deprecated for this NCCL version, please use MAJOR:MINOR format: 2.25 instead
[2026-01-19T08:08:28.720-08:00] [2m2026-01-19T16:08:28.672000Z[0m [33m WARN[0m [2mbuck2_interpreter_for_build::interpreter::functions::warning[0m[2m:[0m NCCL version '2.23.4' format is being deprecated for this NCCL version, please use MAJOR:MINOR format: 2.23 instead
[2026-01-19T08:08:28.720-08:00] [2m2026-01-19T16:08:28.672008Z[0m [33m WARN[0m [2mbuck2_interpreter_for_build::interpreter::functions::warning[0m[2m:[0m NCCL version '2.23.4' format is being deprecated for this NCCL version, please use MAJOR:MINOR format: 2.23 instead
[2026-01-19T08:08:28.720-08:00] [2m2026-01-19T16:08:28.672017Z[0m [33m WARN[0m [2mbuck2_interpreter_for_build::interpreter::functions::warning[0m[2m:[0m NCCL version '2.23.4' format is being deprecated for this NCCL version, please use MAJOR:MINOR format: 2.23 instead
[2026-01-19T08:08:34.708-08:00] [2m2026-01-19T16:08:34.636322Z[0m [33m WARN[0m [2mbuck2_interpreter_for_build::interpreter::functions::warning[0m[2m:[0m ptxas 12.8 is not available on platform platform010-aarch64-compat
[2026-01-19T08:08:34.708-08:00] [2m2026-01-19T16:08:34.636350Z[0m [33m WARN[0m [2mbuck2_interpreter_for_build::interpreter::functions::warning[0m[2m:[0m ptxas 12.8 is not available on platform platform010-compat
[2026-01-19T08:08:34.708-08:00] [2m2026-01-19T16:08:34.636355Z[0m [33m WARN[0m [2mbuck2_interpreter_for_build::interpreter::functions::warning[0m[2m:[0m ptxas 12.8 is not available on platform platform010-libcxx
[2026-01-19T08:08:34.708-08:00] [2m2026-01-19T16:08:34.636360Z[0m [33m WARN[0m [2mbuck2_interpreter_for_build::interpreter::functions::warning[0m[2m:[0m ptxas 12.8 is not available on platform antlir-distro
[2026-01-19T08:08:41.709-08:00] Waiting on buck2 daemon 6c409132-3038-4eda-8a61-24ca5cd2ad04...
[2026-01-19T08:08:41.709-08:00] Resource usage: RSS: 6.7GiB CPU: 8377%
[2026-01-19T08:08:41.709-08:00] IO: none
[2026-01-19T08:08:48.808-08:00] Waiting on buck2 daemon 6c409132-3038-4eda-8a61-24ca5cd2ad04...
[2026-01-19T08:08:48.808-08:00] Resource usage: RSS: 5.8GiB CPU: 420%
[2026-01-19T08:08:48.808-08:00] IO: none
[2026-01-19T08:08:55.808-08:00] Waiting on buck2 daemon 6c409132-3038-4eda-8a61-24ca5cd2ad04...
[2026-01-19T08:08:55.808-08:00] Resource usage: RSS: 6.3GiB CPU: 4580%
[2026-01-19T08:08:55.808-08:00] IO: none
[2026-01-19T08:09:02.208-08:00] RE Session: reSessionID-952cc2e5-a58c-4a18-a4e3-173781562f60
[2026-01-19T08:09:09.308-08:00] Waiting on fbcode//mcrouter/lib/carbon/facebook/compiler:carbon_compiler (cfg:opt-linux-x86_64-fbcode-platform010-clang19-no-san-opt-by-default#9c797207700c926f) -- action (generate_shared_library_interface __link_groups__/__python_generated_allocator_preload) [local_materialize_inputs], and 43 other actions
[2026-01-19T08:09:16.341-08:00] Waiting on fbsource//xplat/rust/toolchain/sysroot/1.91.1:gimli-0.32.0 (cfg:opt-linux-x86_64-fbcode-platform010-clang19-no-san-opt-by-default#7bc20b5dff24e379) -- action (strip_debug LPPL/stripped/libgimli.rlib) [local_materialize_inputs], and 480 other actions
[2026-01-19T08:09:23.407-08:00] Waiting on fbcode//remote_execution/lib/if/client_lib:re-client-lib-if-cpp2-client.thrift (cfg:opt-linux-x86_64-fbcode-platform010-clang19-no-san-opt-by-default#7bc20b5dff24e379) -- action (genrule_thrift), and 125 other actions
[2026-01-19T08:09:30.507-08:00] Waiting on fbcode//remote_execution/lib/if:common-py3-default-types__cython/common/types (cfg:opt-linux-x86_64-fbcode-platform010-clang19-no-san-opt-by-default#7bc20b5dff24e379) -- action (genrule_cython_compile_src) [local_execute], and 105 other actions
[2026-01-19T08:09:37.508-08:00] Waiting on fbcode//remote_execution/lib/if:common-py3-default-types__cython/common/types (cfg:opt-linux-x86_64-fbcode-platform010-clang19-no-san-opt-by-default#7bc20b5dff24e379) -- action (genrule_cython_compile_src) [local_execute], and 64 other actions
[2026-01-19T08:09:44.608-08:00] Waiting on fbcode//remote_execution/lib/if:common-py3-default-types__cython/common/types (cfg:opt-linux-x86_64-fbcode-platform010-clang19-no-san-opt-by-default#7bc20b5dff24e379) -- action (genrule_cython_compile_src) [local_execute], and 35 other actions
[2026-01-19T08:09:51.708-08:00] Waiting on fbcode//remote_execution/lib/if:common-py3-default-types__cython/common/types (cfg:opt-linux-x86_64-fbcode-platform010-clang19-no-san-opt-by-default#7bc20b5dff24e379) -- action (genrule_cython_compile_src) [local_execute], and 28 other actions
[2026-01-19T08:09:58.808-08:00] Waiting on fbcode//configerator/structs/di/data_flow_monitor/collector:message_metadata-py3-default-types/message_metadata/types (cfg:opt-linux-x86_64-fbcode-platform010-clang19-no-san-opt-by-default#7bc20b5dff24e379) -- action (cxx_compile message_metadata/types.cpp (pic)) [local_execute], and 20 other actions
[2026-01-19T08:10:05.913-08:00] Waiting on fbcode//fbpkg:thrift-py3-default-types/fbpkg/types_fields (cfg:opt-linux-x86_64-fbcode-platform010-clang19-no-san-opt-by-default#7bc20b5dff24e379) -- action (cxx_compile fbpkg/types_fields.cpp (pic)), and 18 other actions
[2026-01-19T08:10:13.008-08:00] Waiting on fbcode//fblearner/flow/service/if:indexing-py3-default-types/indexing/types_fields (cfg:opt-linux-x86_64-fbcode-platform010-clang19-no-san-opt-by-default#7bc20b5dff24e379) -- action (cxx_compile indexing/types_fields.cpp (pic)) [local_execute], and 12 other actions
[2026-01-19T08:10:20.010-08:00] Waiting on fbcode//login/if:login_credentials_thrift-py3-default-types/credentials/types (cfg:opt-linux-x86_64-fbcode-platform010-clang19-no-san-opt-by-default#7bc20b5dff24e379) -- action (cxx_compile credentials/types.cpp (pic)) [local_execute], and 10 other actions
[2026-01-19T08:10:27.108-08:00] Waiting on fbcode//login/if:login_credentials_thrift-py3-default-types/credentials/types (cfg:opt-linux-x86_64-fbcode-platform010-clang19-no-san-opt-by-default#7bc20b5dff24e379) -- action (cxx_compile credentials/types.cpp (pic)) [local_execute], and 7 other actions
[2026-01-19T08:10:34.117-08:00] Waiting on fbcode//login/if:login_credentials_thrift-py3-default-types/credentials/types (cfg:opt-linux-x86_64-fbcode-platform010-clang19-no-san-opt-by-default#7bc20b5dff24e379) -- action (cxx_compile credentials/types.cpp (pic)) [local_execute], and 10 other actions
[2026-01-19T08:10:41.208-08:00] Waiting on fbcode//login/if:login_credentials_thrift-py3-default-types/credentials/types (cfg:opt-linux-x86_64-fbcode-platform010-clang19-no-san-opt-by-default#7bc20b5dff24e379) -- action (cxx_compile credentials/types.cpp (pic)) [local_execute], and 5 other actions
[2026-01-19T08:10:48.307-08:00] Waiting on fbcode//login/if:login_credentials_thrift-py3-default-types/credentials/types (cfg:opt-linux-x86_64-fbcode-platform010-clang19-no-san-opt-by-default#7bc20b5dff24e379) -- action (cxx_compile credentials/types.cpp (pic)) [local_execute], and 2 other actions
[2026-01-19T08:10:55.408-08:00] Waiting on fbcode//login/if:login_credentials_thrift-py3-default-types/credentials/types (cfg:opt-linux-x86_64-fbcode-platform010-clang19-no-san-opt-by-default#7bc20b5dff24e379) -- action (cxx_compile credentials/types.cpp (pic)) [local_execute], and 1 other actions
[2026-01-19T08:11:02.508-08:00] Waiting on fbcode//login/if:login_credentials_thrift-py3-default-types/credentials/types (cfg:opt-linux-x86_64-fbcode-platform010-clang19-no-san-opt-by-default#7bc20b5dff24e379) -- action (cxx_compile credentials/types.cpp (pic)), and 23 other actions
[2026-01-19T08:11:09.508-08:00] Waiting on fbcode//login/if:login_credentials_thrift-py3-default-types/credentials/types (cfg:opt-linux-x86_64-fbcode-platform010-clang19-no-san-opt-by-default#7bc20b5dff24e379) -- action (cxx_compile credentials/types.cpp (pic)), and 30 other actions
[2026-01-19T08:11:16.612-08:00] Waiting on fbcode//dsi/logger/configs/GeneratedDynamoCompileLoggerConfig:log_entry-py3-default-types/LogEntry/types (cfg:opt-linux-x86_64-fbcode-platform010-clang19-no-san-opt-by-default#7bc20b5dff24e379) -- action (suffix_symbols LogEntry/types.cpp.pic_dsi$logger$py3$GeneratedDynamoCompile$LogEntry$types_.o) [local_materialize_inputs], and 656 other actions
[2026-01-19T08:11:23.709-08:00] Waiting on fbcode//dsi/logger/configs/GeneratedDynamoCompileLoggerConfig:log_entry-py3-default-types/LogEntry/types (cfg:opt-linux-x86_64-fbcode-platform010-clang19-no-san-opt-by-default#7bc20b5dff24e379) -- action (suffix_symbols LogEntry/types.cpp.pic_dsi$logger$py3$GeneratedDynamoCompile$LogEntry$types_.o) [local_prepare_outputs], and 42 other actions
[2026-01-19T08:11:30.809-08:00] Waiting on fbcode//configerator/structs/data_access_policies/if:policy_annotation-py3-default-types/policy_annotation/types_fields (cfg:opt-linux-x86_64-fbcode-platform010-clang19-no-san-opt-by-default#7bc20b5dff24e379) -- action (cxx_compile policy_annotation/types_fields.cpp (pic)) [local_execute], and 13 other actions
[2026-01-19T08:11:37.815-08:00] Waiting on fbcode//configerator/structs/data_access_policies/if:policy_annotation-py3-default-types/policy_annotation/types_fields (cfg:opt-linux-x86_64-fbcode-platform010-clang19-no-san-opt-by-default#7bc20b5dff24e379) -- action (cxx_compile policy_annotation/types_fields.cpp (pic)) [local_execute], and 11 other actions
[2026-01-19T08:11:44.908-08:00] Waiting on fbcode//configerator/structs/data_access_policies/if:policy_annotation-py3-default-types/policy_annotation/types_fields (cfg:opt-linux-x86_64-fbcode-platform010-clang19-no-san-opt-by-default#7bc20b5dff24e379) -- action (cxx_compile policy_annotation/types_fields.cpp (pic)) [local_execute], and 11 other actions
[2026-01-19T08:11:52.014-08:00] Waiting on fbcode//configerator/structs/data_access_policies/if:policy_annotation-py3-default-types/policy_annotation/types_fields (cfg:opt-linux-x86_64-fbcode-platform010-clang19-no-san-opt-by-default#7bc20b5dff24e379) -- action (cxx_compile policy_annotation/types_fields.cpp (pic)) [local_execute], and 185 other actions
[2026-01-19T08:11:59.014-08:00] Waiting on fbcode//configerator/structs/data_access_policies/if:policy_annotation-py3-default-types/policy_annotation/types_fields (cfg:opt-linux-x86_64-fbcode-platform010-clang19-no-san-opt-by-default#7bc20b5dff24e379) -- action (cxx_compile policy_annotation/types_fields.cpp (pic)) [local_execute], and 20 other actions
[2026-01-19T08:12:06.117-08:00] Waiting on fbcode//configerator/structs/data_access_policies/if:policy_annotation-py3-default-types/policy_annotation/types_fields (cfg:opt-linux-x86_64-fbcode-platform010-clang19-no-san-opt-by-default#7bc20b5dff24e379) -- action (cxx_compile policy_annotation/types_fields.cpp (pic)) [local_execute], and 12 other actions
[2026-01-19T08:12:13.210-08:00] Waiting on fbcode//dsi/logger/configs/PyperTrainingEventsInfoLoggerConfig:_py3-logger-bindings/logger (cfg:opt-linux-x86_64-fbcode-platform010-clang19-no-san-opt-by-default#7bc20b5dff24e379) -- action (cxx_compile logger.cpp (pic)) [local_execute]
[2026-01-19T08:12:20.313-08:00] Waiting on buck2 daemon 6c409132-3038-4eda-8a61-24ca5cd2ad04...
[2026-01-19T08:12:20.313-08:00] Network: Up: 1.3GiB           Down: 3.5GiB           (reSessionID-952cc2e5-a58c-4a18-a4e3-173781562f60)
[2026-01-19T08:12:20.313-08:00] Resource usage: RSS: 18GiB CPU: 421%
[2026-01-19T08:12:20.313-08:00] IO: Copy: 2 Symlink: 1 Stat: 2
[2026-01-19T08:12:27.417-08:00] Waiting on buck2 daemon 6c409132-3038-4eda-8a61-24ca5cd2ad04...
[2026-01-19T08:12:27.417-08:00] Network: Up: 1.3GiB           Down: 3.5GiB           (reSessionID-952cc2e5-a58c-4a18-a4e3-173781562f60)
[2026-01-19T08:12:27.417-08:00] Resource usage: RSS: 17GiB CPU: 126%
[2026-01-19T08:12:27.417-08:00] IO: none
[2026-01-19T08:12:34.510-08:00] Waiting on buck2 daemon 6c409132-3038-4eda-8a61-24ca5cd2ad04...
[2026-01-19T08:12:34.510-08:00] Network: Up: 1.3GiB  47KiB/s  Down: 3.5GiB           (reSessionID-952cc2e5-a58c-4a18-a4e3-173781562f60)
[2026-01-19T08:12:34.510-08:00] Resource usage: RSS: 18GiB CPU: 178%
[2026-01-19T08:12:34.510-08:00] IO: none
[2026-01-19T08:12:41.608-08:00] Waiting on buck2 daemon 6c409132-3038-4eda-8a61-24ca5cd2ad04...
[2026-01-19T08:12:41.608-08:00] Network: Up: 1.3GiB           Down: 3.5GiB  90KiB/s  (reSessionID-952cc2e5-a58c-4a18-a4e3-173781562f60)
[2026-01-19T08:12:41.608-08:00] Resource usage: RSS: 17GiB CPU: 276%
[2026-01-19T08:12:41.608-08:00] IO: none
[2026-01-19T08:12:48.609-08:00] Waiting on buck2 daemon 6c409132-3038-4eda-8a61-24ca5cd2ad04...
[2026-01-19T08:12:48.609-08:00] Network: Up: 1.3GiB 596KiB/s  Down: 3.5GiB 497KiB/s  (reSessionID-952cc2e5-a58c-4a18-a4e3-173781562f60)
[2026-01-19T08:12:48.609-08:00] Resource usage: RSS: 18GiB CPU: 435%
[2026-01-19T08:12:48.609-08:00] IO: none
[2026-01-19T08:12:55.708-08:00] Waiting on buck2 daemon 6c409132-3038-4eda-8a61-24ca5cd2ad04...
[2026-01-19T08:12:55.708-08:00] Network: Up: 1.3GiB 296KiB/s  Down: 3.6GiB 3.4MiB/s  (reSessionID-952cc2e5-a58c-4a18-a4e3-173781562f60)
[2026-01-19T08:12:55.708-08:00] Resource usage: RSS: 18GiB CPU: 596%
[2026-01-19T08:12:55.708-08:00] IO: MkDir: 3 Stat: 1
[2026-01-19T08:13:02.809-08:00] Waiting on buck2 daemon 6c409132-3038-4eda-8a61-24ca5cd2ad04...
[2026-01-19T08:13:02.809-08:00] Network: Up: 1.3GiB 309KiB/s  Down: 3.6GiB 309KiB/s  (reSessionID-952cc2e5-a58c-4a18-a4e3-173781562f60)
[2026-01-19T08:13:02.809-08:00] Resource usage: RSS: 18GiB CPU: 447%
[2026-01-19T08:13:02.809-08:00] IO: Copy: 3
[2026-01-19T08:13:09.910-08:00] Waiting on buck2 daemon 6c409132-3038-4eda-8a61-24ca5cd2ad04...
[2026-01-19T08:13:09.910-08:00] Network: Up: 1.3GiB 199KiB/s  Down: 3.6GiB 893KiB/s  (reSessionID-952cc2e5-a58c-4a18-a4e3-173781562f60)
[2026-01-19T08:13:09.910-08:00] Resource usage: RSS: 18GiB CPU: 421%
[2026-01-19T08:13:09.910-08:00] IO: Symlink: 1 MkDir: 3 Write: 18
[2026-01-19T08:13:17.009-08:00] Waiting on buck2 daemon 6c409132-3038-4eda-8a61-24ca5cd2ad04...
[2026-01-19T08:13:17.009-08:00] Network: Up: 1.3GiB 534KiB/s  Down: 4.0GiB 2.9MiB/s  (reSessionID-952cc2e5-a58c-4a18-a4e3-173781562f60)
[2026-01-19T08:13:17.009-08:00] Resource usage: RSS: 18GiB CPU: 790%
[2026-01-19T08:13:17.009-08:00] IO: none
[2026-01-19T08:13:24.107-08:00] Waiting on buck2 daemon 6c409132-3038-4eda-8a61-24ca5cd2ad04...
[2026-01-19T08:13:24.107-08:00] Network: Up: 1.3GiB           Down: 4.0GiB 1.1MiB/s  (reSessionID-952cc2e5-a58c-4a18-a4e3-173781562f60)
[2026-01-19T08:13:24.107-08:00] Resource usage: RSS: 18GiB CPU: 1069%
[2026-01-19T08:13:24.107-08:00] IO: Symlink: 1 MkDir: 3
[2026-01-19T08:13:31.112-08:00] Waiting on buck2 daemon 6c409132-3038-4eda-8a61-24ca5cd2ad04...
[2026-01-19T08:13:31.112-08:00] Network: Up: 1.3GiB  73KiB/s  Down: 4.1GiB 1.4MiB/s  (reSessionID-952cc2e5-a58c-4a18-a4e3-173781562f60)
[2026-01-19T08:13:31.112-08:00] Resource usage: RSS: 18GiB CPU: 412%
[2026-01-19T08:13:31.112-08:00] IO: none
[2026-01-19T08:13:38.209-08:00] Waiting on buck2 daemon 6c409132-3038-4eda-8a61-24ca5cd2ad04...
[2026-01-19T08:13:38.209-08:00] Network: Up: 1.3GiB           Down: 4.1GiB 869KiB/s  (reSessionID-952cc2e5-a58c-4a18-a4e3-173781562f60)
[2026-01-19T08:13:38.209-08:00] Resource usage: RSS: 18GiB CPU: 727%
[2026-01-19T08:13:38.209-08:00] IO: none
[2026-01-19T08:13:45.314-08:00] Waiting on buck2 daemon 6c409132-3038-4eda-8a61-24ca5cd2ad04...
[2026-01-19T08:13:45.314-08:00] Network: Up: 1.3GiB           Down: 4.1GiB 9.5MiB/s  (reSessionID-952cc2e5-a58c-4a18-a4e3-173781562f60)
[2026-01-19T08:13:45.314-08:00] Resource usage: RSS: 18GiB CPU: 200%
[2026-01-19T08:13:45.314-08:00] IO: none
[2026-01-19T08:13:52.316-08:00] Waiting on buck2 daemon 6c409132-3038-4eda-8a61-24ca5cd2ad04...
[2026-01-19T08:13:52.316-08:00] Network: Up: 1.3GiB 100KiB/s  Down: 4.1GiB 571KiB/s  (reSessionID-952cc2e5-a58c-4a18-a4e3-173781562f60)
[2026-01-19T08:13:52.316-08:00] Resource usage: RSS: 18GiB CPU: 560%
[2026-01-19T08:13:52.316-08:00] IO: none
[2026-01-19T08:13:59.411-08:00] Waiting on buck2 daemon 6c409132-3038-4eda-8a61-24ca5cd2ad04...
[2026-01-19T08:13:59.411-08:00] Network: Up: 1.3GiB 280KiB/s  Down: 4.1GiB 279KiB/s  (reSessionID-952cc2e5-a58c-4a18-a4e3-173781562f60)
[2026-01-19T08:13:59.411-08:00] Resource usage: RSS: 18GiB CPU: 628%
[2026-01-19T08:13:59.411-08:00] IO: none
[2026-01-19T08:14:06.415-08:00] Waiting on buck2 daemon 6c409132-3038-4eda-8a61-24ca5cd2ad04...
[2026-01-19T08:14:06.415-08:00] Network: Up: 1.3GiB 124KiB/s  Down: 4.1GiB           (reSessionID-952cc2e5-a58c-4a18-a4e3-173781562f60)
[2026-01-19T08:14:06.415-08:00] Resource usage: RSS: 18GiB CPU: 380%
[2026-01-19T08:14:06.415-08:00] IO: none
[2026-01-19T08:14:13.510-08:00] Waiting on buck2 daemon 6c409132-3038-4eda-8a61-24ca5cd2ad04...
[2026-01-19T08:14:13.510-08:00] Network: Up: 1.3GiB  24KiB/s  Down: 4.1GiB 8.5MiB/s  (reSessionID-952cc2e5-a58c-4a18-a4e3-173781562f60)
[2026-01-19T08:14:13.510-08:00] Resource usage: RSS: 18GiB CPU: 230%
[2026-01-19T08:14:13.510-08:00] IO: none
[2026-01-19T08:14:20.608-08:00] Waiting on buck2 daemon 6c409132-3038-4eda-8a61-24ca5cd2ad04...
[2026-01-19T08:14:20.608-08:00] Network: Up: 1.3GiB 115KiB/s  Down: 4.2GiB 7.7MiB/s  (reSessionID-952cc2e5-a58c-4a18-a4e3-173781562f60)
[2026-01-19T08:14:20.608-08:00] Resource usage: RSS: 18GiB CPU: 315%
[2026-01-19T08:14:20.608-08:00] IO: none
[2026-01-19T08:14:27.708-08:00] Waiting on buck2 daemon 6c409132-3038-4eda-8a61-24ca5cd2ad04...
[2026-01-19T08:14:27.708-08:00] Network: Up: 1.3GiB 133KiB/s  Down: 4.2GiB 7.5MiB/s  (reSessionID-952cc2e5-a58c-4a18-a4e3-173781562f60)
[2026-01-19T08:14:27.708-08:00] Resource usage: RSS: 18GiB CPU: 316%
[2026-01-19T08:14:27.708-08:00] IO: Copy: 3
[2026-01-19T08:14:34.708-08:00] Waiting on buck2 daemon 6c409132-3038-4eda-8a61-24ca5cd2ad04...
[2026-01-19T08:14:34.708-08:00] Network: Up: 1.3GiB           Down: 4.4GiB  10MiB/s  (reSessionID-952cc2e5-a58c-4a18-a4e3-173781562f60)
[2026-01-19T08:14:34.708-08:00] Resource usage: RSS: 18GiB CPU: 488%
[2026-01-19T08:14:34.708-08:00] IO: Copy: 4
[2026-01-19T08:14:41.708-08:00] Waiting on buck2 daemon 6c409132-3038-4eda-8a61-24ca5cd2ad04...
[2026-01-19T08:14:41.708-08:00] Network: Up: 1.3GiB           Down: 4.5GiB 7.5MiB/s  (reSessionID-952cc2e5-a58c-4a18-a4e3-173781562f60)
[2026-01-19T08:14:41.708-08:00] Resource usage: RSS: 18GiB CPU: 356%
[2026-01-19T08:14:41.708-08:00] IO: none
[2026-01-19T08:14:48.711-08:00] Waiting on buck2 daemon 6c409132-3038-4eda-8a61-24ca5cd2ad04...
[2026-01-19T08:14:48.711-08:00] Network: Up: 1.3GiB           Down: 4.5GiB 6.0MiB/s  (reSessionID-952cc2e5-a58c-4a18-a4e3-173781562f60)
[2026-01-19T08:14:48.711-08:00] Resource usage: RSS: 18GiB CPU: 271%
[2026-01-19T08:14:48.711-08:00] IO: none
[2026-01-19T08:14:55.808-08:00] Waiting on buck2 daemon 6c409132-3038-4eda-8a61-24ca5cd2ad04...
[2026-01-19T08:14:55.808-08:00] Network: Up: 1.4GiB 5.1KiB/s  Down: 4.6GiB  21MiB/s  (reSessionID-952cc2e5-a58c-4a18-a4e3-173781562f60)
[2026-01-19T08:14:55.808-08:00] Resource usage: RSS: 18GiB CPU: 324%
[2026-01-19T08:14:55.808-08:00] IO: none
[2026-01-19T08:15:02.908-08:00] Waiting on buck2 daemon 6c409132-3038-4eda-8a61-24ca5cd2ad04...
[2026-01-19T08:15:02.908-08:00] Network: Up: 1.4GiB 348KiB/s  Down: 4.6GiB           (reSessionID-952cc2e5-a58c-4a18-a4e3-173781562f60)
[2026-01-19T08:15:02.908-08:00] Resource usage: RSS: 17GiB CPU: 133%
[2026-01-19T08:15:02.908-08:00] IO: none
[2026-01-19T08:15:09.908-08:00] Waiting on buck2 daemon 6c409132-3038-4eda-8a61-24ca5cd2ad04...
[2026-01-19T08:15:09.908-08:00] Network: Up: 1.4GiB 180KiB/s  Down: 4.6GiB 180KiB/s  (reSessionID-952cc2e5-a58c-4a18-a4e3-173781562f60)
[2026-01-19T08:15:09.908-08:00] Resource usage: RSS: 17GiB CPU: 138%
[2026-01-19T08:15:09.908-08:00] IO: none
[2026-01-19T08:15:17.008-08:00] Waiting on buck2 daemon 6c409132-3038-4eda-8a61-24ca5cd2ad04...
[2026-01-19T08:15:17.008-08:00] Network: Up: 1.4GiB           Down: 4.6GiB           (reSessionID-952cc2e5-a58c-4a18-a4e3-173781562f60)
[2026-01-19T08:15:17.008-08:00] Resource usage: RSS: 17GiB CPU: 112%
[2026-01-19T08:15:17.008-08:00] IO: none
[2026-01-19T08:15:24.008-08:00] Waiting on buck2 daemon 6c409132-3038-4eda-8a61-24ca5cd2ad04...
[2026-01-19T08:15:24.008-08:00] Network: Up: 1.4GiB           Down: 4.6GiB           (reSessionID-952cc2e5-a58c-4a18-a4e3-173781562f60)
[2026-01-19T08:15:24.008-08:00] Resource usage: RSS: 17GiB CPU: 110%
[2026-01-19T08:15:24.008-08:00] IO: none
[2026-01-19T08:15:31.108-08:00] Waiting on buck2 daemon 6c409132-3038-4eda-8a61-24ca5cd2ad04...
[2026-01-19T08:15:31.108-08:00] Network: Up: 1.4GiB           Down: 4.6GiB           (reSessionID-952cc2e5-a58c-4a18-a4e3-173781562f60)
[2026-01-19T08:15:31.108-08:00] Resource usage: RSS: 17GiB CPU: 110%
[2026-01-19T08:15:31.108-08:00] IO: none
[2026-01-19T08:15:38.208-08:00] Waiting on buck2 daemon 6c409132-3038-4eda-8a61-24ca5cd2ad04...
[2026-01-19T08:15:38.208-08:00] Network: Up: 1.4GiB           Down: 4.6GiB           (reSessionID-952cc2e5-a58c-4a18-a4e3-173781562f60)
[2026-01-19T08:15:38.208-08:00] Resource usage: RSS: 17GiB CPU: 112%
[2026-01-19T08:15:38.208-08:00] IO: none
[2026-01-19T08:15:45.308-08:00] Waiting on buck2 daemon 6c409132-3038-4eda-8a61-24ca5cd2ad04...
[2026-01-19T08:15:45.308-08:00] Network: Up: 1.4GiB           Down: 4.6GiB           (reSessionID-952cc2e5-a58c-4a18-a4e3-173781562f60)
[2026-01-19T08:15:45.308-08:00] Resource usage: RSS: 17GiB CPU: 109%
[2026-01-19T08:15:45.308-08:00] IO: none
[2026-01-19T08:15:52.308-08:00] Waiting on buck2 daemon 6c409132-3038-4eda-8a61-24ca5cd2ad04...
[2026-01-19T08:15:52.308-08:00] Network: Up: 1.4GiB           Down: 4.6GiB           (reSessionID-952cc2e5-a58c-4a18-a4e3-173781562f60)
[2026-01-19T08:15:52.308-08:00] Resource usage: RSS: 17GiB CPU: 108%
[2026-01-19T08:15:52.308-08:00] IO: none
[2026-01-19T08:15:59.408-08:00] Waiting on buck2 daemon 6c409132-3038-4eda-8a61-24ca5cd2ad04...
[2026-01-19T08:15:59.408-08:00] Network: Up: 1.4GiB           Down: 4.6GiB           (reSessionID-952cc2e5-a58c-4a18-a4e3-173781562f60)
[2026-01-19T08:15:59.408-08:00] Resource usage: RSS: 17GiB CPU: 110%
[2026-01-19T08:15:59.408-08:00] IO: none
[2026-01-19T08:16:06.508-08:00] Waiting on buck2 daemon 6c409132-3038-4eda-8a61-24ca5cd2ad04...
[2026-01-19T08:16:06.508-08:00] Network: Up: 1.4GiB           Down: 4.6GiB           (reSessionID-952cc2e5-a58c-4a18-a4e3-173781562f60)
[2026-01-19T08:16:06.508-08:00] Resource usage: RSS: 17GiB CPU: 108%
[2026-01-19T08:16:06.508-08:00] IO: none
[2026-01-19T08:16:13.608-08:00] Waiting on buck2 daemon 6c409132-3038-4eda-8a61-24ca5cd2ad04...
[2026-01-19T08:16:13.608-08:00] Network: Up: 1.4GiB           Down: 4.6GiB           (reSessionID-952cc2e5-a58c-4a18-a4e3-173781562f60)
[2026-01-19T08:16:13.608-08:00] Resource usage: RSS: 17GiB CPU: 109%
[2026-01-19T08:16:13.608-08:00] IO: none
[2026-01-19T08:16:20.708-08:00] Waiting on buck2 daemon 6c409132-3038-4eda-8a61-24ca5cd2ad04...
[2026-01-19T08:16:20.708-08:00] Network: Up: 1.4GiB           Down: 4.6GiB           (reSessionID-952cc2e5-a58c-4a18-a4e3-173781562f60)
[2026-01-19T08:16:20.708-08:00] Resource usage: RSS: 17GiB CPU: 108%
[2026-01-19T08:16:20.708-08:00] IO: none
[2026-01-19T08:16:27.708-08:00] Waiting on buck2 daemon 6c409132-3038-4eda-8a61-24ca5cd2ad04...
[2026-01-19T08:16:27.708-08:00] Network: Up: 1.4GiB           Down: 4.6GiB           (reSessionID-952cc2e5-a58c-4a18-a4e3-173781562f60)
[2026-01-19T08:16:27.708-08:00] Resource usage: RSS: 17GiB CPU: 108%
[2026-01-19T08:16:27.708-08:00] IO: none
[2026-01-19T08:16:34.807-08:00] Waiting on buck2 daemon 6c409132-3038-4eda-8a61-24ca5cd2ad04...
[2026-01-19T08:16:34.807-08:00] Network: Up: 1.4GiB           Down: 4.6GiB           (reSessionID-952cc2e5-a58c-4a18-a4e3-173781562f60)
[2026-01-19T08:16:34.807-08:00] Resource usage: RSS: 17GiB CPU: 110%
[2026-01-19T08:16:34.807-08:00] IO: none
[2026-01-19T08:16:41.808-08:00] Waiting on buck2 daemon 6c409132-3038-4eda-8a61-24ca5cd2ad04...
[2026-01-19T08:16:41.808-08:00] Network: Up: 1.4GiB           Down: 4.6GiB           (reSessionID-952cc2e5-a58c-4a18-a4e3-173781562f60)
[2026-01-19T08:16:41.808-08:00] Resource usage: RSS: 17GiB CPU: 108%
[2026-01-19T08:16:41.808-08:00] IO: none
[2026-01-19T08:16:48.908-08:00] Waiting on buck2 daemon 6c409132-3038-4eda-8a61-24ca5cd2ad04...
[2026-01-19T08:16:48.908-08:00] Network: Up: 1.4GiB           Down: 4.6GiB           (reSessionID-952cc2e5-a58c-4a18-a4e3-173781562f60)
[2026-01-19T08:16:48.908-08:00] Resource usage: RSS: 17GiB CPU: 110%
[2026-01-19T08:16:48.908-08:00] IO: none
[2026-01-19T08:16:56.008-08:00] Waiting on buck2 daemon 6c409132-3038-4eda-8a61-24ca5cd2ad04...
[2026-01-19T08:16:56.008-08:00] Network: Up: 1.4GiB           Down: 4.6GiB           (reSessionID-952cc2e5-a58c-4a18-a4e3-173781562f60)
[2026-01-19T08:16:56.008-08:00] Resource usage: RSS: 17GiB CPU: 108%
[2026-01-19T08:16:56.008-08:00] IO: none
[2026-01-19T08:17:03.108-08:00] Waiting on buck2 daemon 6c409132-3038-4eda-8a61-24ca5cd2ad04...
[2026-01-19T08:17:03.108-08:00] Network: Up: 1.4GiB           Down: 4.7GiB           (reSessionID-952cc2e5-a58c-4a18-a4e3-173781562f60)
[2026-01-19T08:17:03.108-08:00] Resource usage: RSS: 17GiB CPU: 110%
[2026-01-19T08:17:03.108-08:00] IO: none
[2026-01-19T08:17:10.108-08:00] Waiting on buck2 daemon 6c409132-3038-4eda-8a61-24ca5cd2ad04...
[2026-01-19T08:17:10.108-08:00] Network: Up: 1.4GiB           Down: 4.7GiB           (reSessionID-952cc2e5-a58c-4a18-a4e3-173781562f60)
[2026-01-19T08:17:10.108-08:00] Resource usage: RSS: 18GiB CPU: 209%
[2026-01-19T08:17:10.108-08:00] IO: none
[2026-01-19T08:17:17.208-08:00] Waiting on buck2 daemon 6c409132-3038-4eda-8a61-24ca5cd2ad04...
[2026-01-19T08:17:17.208-08:00] Network: Up: 1.4GiB           Down: 5.0GiB  90MiB/s  (reSessionID-952cc2e5-a58c-4a18-a4e3-173781562f60)
[2026-01-19T08:17:17.208-08:00] Resource usage: RSS: 19GiB CPU: 1208%
[2026-01-19T08:17:17.208-08:00] IO: Symlink: 2 MkDir: 2
[2026-01-19T08:17:24.308-08:00] Waiting on buck2 daemon 6c409132-3038-4eda-8a61-24ca5cd2ad04...
[2026-01-19T08:17:24.308-08:00] Network: Up: 1.4GiB           Down: 5.6GiB  99MiB/s  (reSessionID-952cc2e5-a58c-4a18-a4e3-173781562f60)
[2026-01-19T08:17:24.308-08:00] Resource usage: RSS: 19GiB CPU: 1272%
[2026-01-19T08:17:24.308-08:00] IO: Symlink: 1 MkDir: 2 Stat: 1
[2026-01-19T08:17:31.308-08:00] Waiting on buck2 daemon 6c409132-3038-4eda-8a61-24ca5cd2ad04...
[2026-01-19T08:17:31.308-08:00] Network: Up: 1.4GiB           Down: 6.1GiB           (reSessionID-952cc2e5-a58c-4a18-a4e3-173781562f60)
[2026-01-19T08:17:31.308-08:00] Resource usage: RSS: 18GiB CPU: 110%
[2026-01-19T08:17:31.308-08:00] IO: none
[2026-01-19T08:17:38.408-08:00] Waiting on buck2 daemon 6c409132-3038-4eda-8a61-24ca5cd2ad04...
[2026-01-19T08:17:38.408-08:00] Network: Up: 1.4GiB           Down: 6.1GiB           (reSessionID-952cc2e5-a58c-4a18-a4e3-173781562f60)
[2026-01-19T08:17:38.408-08:00] Resource usage: RSS: 18GiB CPU: 110%
[2026-01-19T08:17:38.408-08:00] IO: none
[2026-01-19T08:17:45.508-08:00] Waiting on buck2 daemon 6c409132-3038-4eda-8a61-24ca5cd2ad04...
[2026-01-19T08:17:45.508-08:00] Network: Up: 1.4GiB           Down: 6.1GiB           (reSessionID-952cc2e5-a58c-4a18-a4e3-173781562f60)
[2026-01-19T08:17:45.508-08:00] Resource usage: RSS: 18GiB CPU: 107%
[2026-01-19T08:17:45.508-08:00] IO: none
[2026-01-19T08:17:52.607-08:00] Waiting on buck2 daemon 6c409132-3038-4eda-8a61-24ca5cd2ad04...
[2026-01-19T08:17:52.607-08:00] Network: Up: 1.4GiB           Down: 6.1GiB           (reSessionID-952cc2e5-a58c-4a18-a4e3-173781562f60)
[2026-01-19T08:17:52.607-08:00] Resource usage: RSS: 18GiB CPU: 109%
[2026-01-19T08:17:52.607-08:00] IO: none
[2026-01-19T08:17:59.608-08:00] Waiting on buck2 daemon 6c409132-3038-4eda-8a61-24ca5cd2ad04...
[2026-01-19T08:17:59.608-08:00] Network: Up: 1.4GiB           Down: 6.1GiB           (reSessionID-952cc2e5-a58c-4a18-a4e3-173781562f60)
[2026-01-19T08:17:59.608-08:00] Resource usage: RSS: 18GiB CPU: 108%
[2026-01-19T08:17:59.608-08:00] IO: none
[2026-01-19T08:18:03.135-08:00] Cache hits: 97%
[2026-01-19T08:18:03.135-08:00] Commands: 12689 (cached: 12305, remote: 0, local: 384)
[2026-01-19T08:18:03.135-08:00] Network: Up: 1.4GiB  Down: 6.1GiB  (reSessionID-952cc2e5-a58c-4a18-a4e3-173781562f60)
BUILD SUCCEEDED - starting your binary
[INFO] Using feasibility-aware Sudoku checker for 4x4
       score = filled - 2.0*violations - 5.0*zeroCand
       Max score: 16 (all filled, no violations)
[INFO] Training for 5000 steps (gamma=0.990, K=1, inner_unroll_n=2)
[INFO] Terminal rewards: solve=1.000, fail=-16.000
[INFO] Using TRM backbone (hidden=64, H=2, L=2)
[DEBUG] Policy head STOP bias: 0.00 (should be 0.0 for uniform init)
[INFO] Puzzle embeddings DISABLED (set --puzzle-emb-ndim > 0 to enable)
/data/repos/fbsource/buck-out/v2/gen/fbcode/7bc20b5dff24e379/buiksat_trm/__upi_trm_train__/upi_trm_train#link-tree/torch/cuda/__init__.py:373: UserWarning: Found GPU0 NVIDIA A100-PG509-200 which is of compute capability (CC) 8.0.
The following list shows the CCs this version of PyTorch was built for and the hardware CCs it supports:
Please follow the instructions at https://pytorch.org/get-started/locally/ to install a PyTorch release that supports one of these CUDA versions: 12.6, 12.8, 13.0
  _warn_unsupported_code(d, device_cc, code_ccs)
INFO:2026-01-19 08:18:08 2616799:2616799 CuptiCallbackApi.cpp:74] Callback: domain = 3, cbid = 1
INFO:2026-01-19 08:18:08 2616799:2616799 CuptiActivityProfiler.cpp:245] CUDA versions. CUPTI: 22; Runtime: 12040; Driver: 12040
INFO:2026-01-19 08:18:08 2616799:2795018 FBConfig.cpp:330] Perfetto builder enabled: 1
INFO:2026-01-19 08:18:08 2616799:2795018 DynoConfigLoader.cpp:61] Setting communication fabric enabled = 0
INFO:2026-01-19 08:18:08 2616799:2795018 DynoConfigLoader.cpp:61] Setting communication fabric enabled = 0
TritonTraceHandler: disabled because /logs does not exist
===========[FB_TRITON]=========== Triton Version: 3.3.2+fb
[INFO] Using UPI-TRM algorithm (K=1, inner_n=2)

============================================================
UPI-TRM THEORY ALIGNMENT CHECK
============================================================
⚠ Configuration has theory gaps:
  • enable_contraction=False disables spectral normalization (Assumption 4.2). L_z < 1 contraction not enforced.
  • exact_baseline_summation=False: Using approximate baseline. This gives O(ε_A/(1-γ)) bound instead of O(α·ε_A) from Theorem 5.9. For discrete action spaces (Sudoku), enable for tighter bounds.
  • theory_exact_mixture=False: Using parameter-space interpolation for CPI, which is NOT equivalent to policy-space mixture. The CPI improvement guarantee does not strictly apply. Set theory_exact_mixture=True for theory-exact behavior (but slower due to evaluating two networks).

Theory status:
  Forward-invariant projection: ✓
  Contraction enforced (L_z < 1): ✗
  Exact baseline (Thm 5.9): ✗
  Distillation (not in theory): ✓ disabled

Is theory-exact: False
============================================================

UPI-TRM theoretical dials:
  L_z target (rl_cfg.target_Lz): 0.9
  L_V target (rl_cfg.target_Lv): 1.0
  Inner unroll n (rl_cfg.inner_unroll_n): 2
  K-step horizon K (rl_cfg.K): 1
  Mixture alpha (rl_cfg.mixture_alpha): 0.1
  Latent ball radius (rl_cfg.latent_ball_radius): 10.0
  Episodic latent: True
  Exact K-step targets: False
  Exact baseline summation: False

[INFO] STOP action mode: disabled
[INFO] Forward-invariant projection enabled (R=10.0)
[WandB] Disabled by default (enable with: --wandb)
[DEBUG] Action mask: 30 valid actions out of 513 total
[DEBUG] Latent mode: episodic
[DEBUG] Step 0 probs: STOP=0.000000, edits=1.000000
[DEBUG] Top 5 action probs: torch.return_types.topk(
values=tensor([0.0486, 0.0444, 0.0443, 0.0440, 0.0384], device='cuda:0',
       grad_fn=<TopkBackward0>),
indices=tensor([191, 167, 177, 189, 165], device='cuda:0'))
[step 00050] value_loss=0.014089 policy_loss=-0.224703
[step 00050] VALUE_DEBUG: target(mean=0.84 std=0.00 min=0.84 max=0.84) V(s)(mean=0.73 std=0.03) reward(mean=0.840 std=0.000) clip=50.0
[step 00100] value_loss=0.000158 policy_loss=-0.223382
[step 00100] VALUE_DEBUG: target(mean=0.84 std=0.00 min=0.84 max=0.84) V(s)(mean=0.85 std=0.01) reward(mean=0.840 std=0.000) clip=50.0
[step 00100] eval_success_rate=1.000 eval_mean_score=16.000 eval_policy_mode=greedy [solved=50/50, score_range=16.00-16.00/14.0, initial=16.00]
[step 00100] PROGRESS: filled=16.00 violations=0.00 zero_cand=0.00
[step 00100] DEBUG: ep_len=1.0 ep_ret=0.840 stop_prob=0.001 score_chg=0.0000
[step 00150] value_loss=0.000162 policy_loss=-0.209564
[step 00150] VALUE_DEBUG: target(mean=0.84 std=0.00 min=0.84 max=0.84) V(s)(mean=0.84 std=0.01) reward(mean=0.840 std=0.000) clip=50.0
[step 00200] value_loss=0.001432 policy_loss=-0.229180
[step 00200] VALUE_DEBUG: target(mean=0.84 std=0.00 min=0.84 max=0.84) V(s)(mean=0.87 std=0.02) reward(mean=0.840 std=0.000) clip=50.0
[step 00200] eval_success_rate=1.000 eval_mean_score=16.000 eval_policy_mode=greedy [solved=50/50, score_range=16.00-16.00/14.0, initial=16.00]
[step 00200] PROGRESS: filled=16.00 violations=0.00 zero_cand=0.00
[step 00200] DEBUG: ep_len=1.0 ep_ret=0.840 stop_prob=0.001 score_chg=0.0000
[step 00250] value_loss=0.009131 policy_loss=-0.269974
[step 00250] VALUE_DEBUG: target(mean=0.84 std=0.00 min=0.84 max=0.84) V(s)(mean=0.77 std=0.07) reward(mean=0.840 std=0.000) clip=50.0
[step 00300] value_loss=0.001542 policy_loss=-0.275727
[step 00300] VALUE_DEBUG: target(mean=0.84 std=0.00 min=0.84 max=0.84) V(s)(mean=0.86 std=0.04) reward(mean=0.840 std=0.000) clip=50.0
[step 00300] eval_success_rate=1.000 eval_mean_score=16.000 eval_policy_mode=greedy [solved=50/50, score_range=16.00-16.00/14.0, initial=16.00]
[step 00300] PROGRESS: filled=16.00 violations=0.00 zero_cand=0.00
[step 00300] DEBUG: ep_len=1.0 ep_ret=0.840 stop_prob=0.001 score_chg=0.0000
[step 00350] value_loss=0.000443 policy_loss=-0.209688
[step 00350] VALUE_DEBUG: target(mean=0.84 std=0.00 min=0.84 max=0.84) V(s)(mean=0.83 std=0.02) reward(mean=0.840 std=0.000) clip=50.0
[step 00400] value_loss=0.000115 policy_loss=-0.262217
[step 00400] VALUE_DEBUG: target(mean=0.84 std=0.00 min=0.84 max=0.84) V(s)(mean=0.84 std=0.01) reward(mean=0.840 std=0.000) clip=50.0
[step 00400] eval_success_rate=1.000 eval_mean_score=16.000 eval_policy_mode=greedy [solved=50/50, score_range=16.00-16.00/14.0, initial=16.00]
[step 00400] PROGRESS: filled=16.00 violations=0.00 zero_cand=0.00
[step 00400] DEBUG: ep_len=1.0 ep_ret=0.840 stop_prob=0.001 score_chg=0.0000
[step 00450] value_loss=0.000301 policy_loss=-0.207417
[step 00450] VALUE_DEBUG: target(mean=0.84 std=0.00 min=0.84 max=0.84) V(s)(mean=0.83 std=0.02) reward(mean=0.840 std=0.000) clip=50.0
[step 00500] value_loss=0.008986 policy_loss=-0.273825
[step 00500] VALUE_DEBUG: target(mean=0.84 std=0.00 min=0.84 max=0.84) V(s)(mean=0.92 std=0.05) reward(mean=0.840 std=0.000) clip=50.0
[step 00500] eval_success_rate=1.000 eval_mean_score=16.000 eval_policy_mode=greedy [solved=50/50, score_range=16.00-16.00/14.0, initial=16.00]
[step 00500] PROGRESS: filled=16.00 violations=0.00 zero_cand=0.00
[step 00500] DEBUG: ep_len=1.0 ep_ret=0.840 stop_prob=0.001 score_chg=0.0000
[step 00550] value_loss=0.004285 policy_loss=-0.206402
[step 00550] VALUE_DEBUG: target(mean=0.84 std=0.00 min=0.84 max=0.84) V(s)(mean=0.89 std=0.04) reward(mean=0.840 std=0.000) clip=50.0
[step 00600] value_loss=0.000576 policy_loss=-0.233676
[step 00600] VALUE_DEBUG: target(mean=0.84 std=0.00 min=0.84 max=0.84) V(s)(mean=0.86 std=0.02) reward(mean=0.840 std=0.000) clip=50.0
[step 00600] eval_success_rate=1.000 eval_mean_score=16.000 eval_policy_mode=greedy [solved=50/50, score_range=16.00-16.00/14.0, initial=16.00]
[step 00600] PROGRESS: filled=16.00 violations=0.00 zero_cand=0.00
[step 00600] DEBUG: ep_len=1.0 ep_ret=0.840 stop_prob=0.001 score_chg=0.0000
[step 00650] value_loss=0.000189 policy_loss=-0.221478
[step 00650] VALUE_DEBUG: target(mean=0.84 std=0.00 min=0.84 max=0.84) V(s)(mean=0.85 std=0.01) reward(mean=0.840 std=0.000) clip=50.0
[step 00700] value_loss=0.000015 policy_loss=-0.226299
[step 00700] VALUE_DEBUG: target(mean=0.84 std=0.00 min=0.84 max=0.84) V(s)(mean=0.84 std=0.00) reward(mean=0.840 std=0.000) clip=50.0
[step 00700] eval_success_rate=1.000 eval_mean_score=16.000 eval_policy_mode=greedy [solved=50/50, score_range=16.00-16.00/14.0, initial=16.00]
[step 00700] PROGRESS: filled=16.00 violations=0.00 zero_cand=0.00
[step 00700] DEBUG: ep_len=1.0 ep_ret=0.840 stop_prob=0.001 score_chg=0.0000
[step 00750] value_loss=0.000002 policy_loss=-0.213927
[step 00750] VALUE_DEBUG: target(mean=0.84 std=0.00 min=0.84 max=0.84) V(s)(mean=0.84 std=0.00) reward(mean=0.840 std=0.000) clip=50.0
[step 00800] value_loss=0.000010 policy_loss=-0.232708
[step 00800] VALUE_DEBUG: target(mean=0.84 std=0.00 min=0.84 max=0.84) V(s)(mean=0.84 std=0.00) reward(mean=0.840 std=0.000) clip=50.0
[step 00800] eval_success_rate=1.000 eval_mean_score=16.000 eval_policy_mode=greedy [solved=50/50, score_range=16.00-16.00/14.0, initial=16.00]
[step 00800] PROGRESS: filled=16.00 violations=0.00 zero_cand=0.00
[step 00800] DEBUG: ep_len=1.0 ep_ret=0.840 stop_prob=0.001 score_chg=0.0000
[step 00850] value_loss=0.000005 policy_loss=-0.220923
[step 00850] VALUE_DEBUG: target(mean=0.84 std=0.00 min=0.84 max=0.84) V(s)(mean=0.84 std=0.00) reward(mean=0.840 std=0.000) clip=50.0
[step 00900] value_loss=0.000000 policy_loss=-0.219412
[step 00900] VALUE_DEBUG: target(mean=0.84 std=0.00 min=0.84 max=0.84) V(s)(mean=0.84 std=0.00) reward(mean=0.840 std=0.000) clip=50.0
[step 00900] eval_success_rate=1.000 eval_mean_score=16.000 eval_policy_mode=greedy [solved=50/50, score_range=16.00-16.00/14.0, initial=16.00]
[step 00900] PROGRESS: filled=16.00 violations=0.00 zero_cand=0.00
[step 00900] DEBUG: ep_len=1.0 ep_ret=0.840 stop_prob=0.001 score_chg=0.0000
[step 00950] value_loss=0.000000 policy_loss=-0.230016
[step 00950] VALUE_DEBUG: target(mean=0.84 std=0.00 min=0.84 max=0.84) V(s)(mean=0.84 std=0.00) reward(mean=0.840 std=0.000) clip=50.0
[step 01000] value_loss=0.000000 policy_loss=-0.222905
[step 01000] VALUE_DEBUG: target(mean=0.84 std=0.00 min=0.84 max=0.84) V(s)(mean=0.84 std=0.00) reward(mean=0.840 std=0.000) clip=50.0
[step 01000] eval_success_rate=1.000 eval_mean_score=16.000 eval_policy_mode=greedy [solved=50/50, score_range=16.00-16.00/14.0, initial=16.00]
[step 01000] PROGRESS: filled=16.00 violations=0.00 zero_cand=0.00
[step 01000] DEBUG: ep_len=1.0 ep_ret=0.840 stop_prob=0.001 score_chg=0.0000
[Checkpoint] Saved to /data/repos/fbsource/fbcode/buiksat_trm/results/phase4_2x2_norm_ablation/nc_nv_s43/rl_checkpoint_step_1000.pt
[step 01050] value_loss=0.000000 policy_loss=-0.207420
[step 01050] VALUE_DEBUG: target(mean=0.84 std=0.00 min=0.84 max=0.84) V(s)(mean=0.84 std=0.00) reward(mean=0.840 std=0.000) clip=50.0
[step 01100] value_loss=0.000090 policy_loss=-0.221100
[step 01100] VALUE_DEBUG: target(mean=0.84 std=0.00 min=0.84 max=0.84) V(s)(mean=0.84 std=0.01) reward(mean=0.840 std=0.000) clip=50.0
[step 01100] eval_success_rate=1.000 eval_mean_score=16.000 eval_policy_mode=greedy [solved=50/50, score_range=16.00-16.00/14.0, initial=16.00]
[step 01100] PROGRESS: filled=16.00 violations=0.00 zero_cand=0.00
[step 01100] DEBUG: ep_len=1.0 ep_ret=0.840 stop_prob=0.001 score_chg=0.0000
[step 01150] value_loss=0.000006 policy_loss=-0.222897
[step 01150] VALUE_DEBUG: target(mean=0.84 std=0.00 min=0.84 max=0.84) V(s)(mean=0.84 std=0.00) reward(mean=0.840 std=0.000) clip=50.0
[step 01200] value_loss=0.000014 policy_loss=-0.223489
[step 01200] VALUE_DEBUG: target(mean=0.84 std=0.00 min=0.84 max=0.84) V(s)(mean=0.84 std=0.00) reward(mean=0.840 std=0.000) clip=50.0
[step 01200] eval_success_rate=1.000 eval_mean_score=16.000 eval_policy_mode=greedy [solved=50/50, score_range=16.00-16.00/14.0, initial=16.00]
[step 01200] PROGRESS: filled=16.00 violations=0.00 zero_cand=0.00
[step 01200] DEBUG: ep_len=1.0 ep_ret=0.840 stop_prob=0.001 score_chg=0.0000
[step 01250] value_loss=0.000038 policy_loss=-0.213769
[step 01250] VALUE_DEBUG: target(mean=0.84 std=0.00 min=0.84 max=0.84) V(s)(mean=0.84 std=0.01) reward(mean=0.840 std=0.000) clip=50.0
[step 01300] value_loss=0.000008 policy_loss=-0.235237
[step 01300] VALUE_DEBUG: target(mean=0.84 std=0.00 min=0.84 max=0.84) V(s)(mean=0.84 std=0.00) reward(mean=0.840 std=0.000) clip=50.0
[step 01300] eval_success_rate=1.000 eval_mean_score=16.000 eval_policy_mode=greedy [solved=50/50, score_range=16.00-16.00/14.0, initial=16.00]
[step 01300] PROGRESS: filled=16.00 violations=0.00 zero_cand=0.00
[step 01300] DEBUG: ep_len=1.0 ep_ret=0.840 stop_prob=0.001 score_chg=0.0000
[step 01350] value_loss=0.000009 policy_loss=-0.228509
[step 01350] VALUE_DEBUG: target(mean=0.84 std=0.00 min=0.84 max=0.84) V(s)(mean=0.84 std=0.00) reward(mean=0.840 std=0.000) clip=50.0
[step 01400] value_loss=0.000009 policy_loss=-0.216322
[step 01400] VALUE_DEBUG: target(mean=0.84 std=0.00 min=0.84 max=0.84) V(s)(mean=0.84 std=0.00) reward(mean=0.840 std=0.000) clip=50.0
[step 01400] eval_success_rate=1.000 eval_mean_score=16.000 eval_policy_mode=greedy [solved=50/50, score_range=16.00-16.00/14.0, initial=16.00]
[step 01400] PROGRESS: filled=16.00 violations=0.00 zero_cand=0.00
[step 01400] DEBUG: ep_len=1.0 ep_ret=0.840 stop_prob=0.001 score_chg=0.0000
[step 01450] value_loss=0.000760 policy_loss=-0.230312
[step 01450] VALUE_DEBUG: target(mean=0.84 std=0.00 min=0.84 max=0.84) V(s)(mean=0.84 std=0.03) reward(mean=0.840 std=0.000) clip=50.0
[step 01500] value_loss=0.000050 policy_loss=-0.214736
[step 01500] VALUE_DEBUG: target(mean=0.84 std=0.00 min=0.84 max=0.84) V(s)(mean=0.84 std=0.01) reward(mean=0.840 std=0.000) clip=50.0
[step 01500] eval_success_rate=1.000 eval_mean_score=16.000 eval_policy_mode=greedy [solved=50/50, score_range=16.00-16.00/14.0, initial=16.00]
[step 01500] PROGRESS: filled=16.00 violations=0.00 zero_cand=0.00
[step 01500] DEBUG: ep_len=1.0 ep_ret=0.840 stop_prob=0.001 score_chg=0.0000
[step 01550] value_loss=0.000471 policy_loss=-0.206792
[step 01550] VALUE_DEBUG: target(mean=0.84 std=0.00 min=0.84 max=0.84) V(s)(mean=0.82 std=0.01) reward(mean=0.840 std=0.000) clip=50.0
[step 01600] value_loss=0.000127 policy_loss=-0.220371
[step 01600] VALUE_DEBUG: target(mean=0.84 std=0.00 min=0.84 max=0.84) V(s)(mean=0.84 std=0.01) reward(mean=0.840 std=0.000) clip=50.0
[step 01600] eval_success_rate=1.000 eval_mean_score=16.000 eval_policy_mode=greedy [solved=50/50, score_range=16.00-16.00/14.0, initial=16.00]
[step 01600] PROGRESS: filled=16.00 violations=0.00 zero_cand=0.00
[step 01600] DEBUG: ep_len=1.0 ep_ret=0.840 stop_prob=0.001 score_chg=0.0000
[step 01650] value_loss=0.000019 policy_loss=-0.233869
[step 01650] VALUE_DEBUG: target(mean=0.84 std=0.00 min=0.84 max=0.84) V(s)(mean=0.84 std=0.00) reward(mean=0.840 std=0.000) clip=50.0
[step 01700] value_loss=0.000028 policy_loss=-0.229664
[step 01700] VALUE_DEBUG: target(mean=0.84 std=0.00 min=0.84 max=0.84) V(s)(mean=0.84 std=0.01) reward(mean=0.840 std=0.000) clip=50.0
[step 01700] eval_success_rate=1.000 eval_mean_score=16.000 eval_policy_mode=greedy [solved=50/50, score_range=16.00-16.00/14.0, initial=16.00]
[step 01700] PROGRESS: filled=16.00 violations=0.00 zero_cand=0.00
[step 01700] DEBUG: ep_len=1.0 ep_ret=0.840 stop_prob=0.001 score_chg=0.0000
[step 01750] value_loss=0.000141 policy_loss=-0.249435
[step 01750] VALUE_DEBUG: target(mean=0.84 std=0.00 min=0.84 max=0.84) V(s)(mean=0.85 std=0.00) reward(mean=0.840 std=0.000) clip=50.0
[step 01800] value_loss=0.000115 policy_loss=-0.219789
[step 01800] VALUE_DEBUG: target(mean=0.84 std=0.00 min=0.84 max=0.84) V(s)(mean=0.84 std=0.01) reward(mean=0.840 std=0.000) clip=50.0
[step 01800] eval_success_rate=1.000 eval_mean_score=16.000 eval_policy_mode=greedy [solved=50/50, score_range=16.00-16.00/14.0, initial=16.00]
[step 01800] PROGRESS: filled=16.00 violations=0.00 zero_cand=0.00
[step 01800] DEBUG: ep_len=1.0 ep_ret=0.840 stop_prob=0.001 score_chg=0.0000
[step 01850] value_loss=0.000131 policy_loss=-0.218153
[step 01850] VALUE_DEBUG: target(mean=0.84 std=0.00 min=0.84 max=0.84) V(s)(mean=0.83 std=0.01) reward(mean=0.840 std=0.000) clip=50.0
[step 01900] value_loss=0.000033 policy_loss=-0.247989
[step 01900] VALUE_DEBUG: target(mean=0.84 std=0.00 min=0.84 max=0.84) V(s)(mean=0.84 std=0.01) reward(mean=0.840 std=0.000) clip=50.0
[step 01900] eval_success_rate=1.000 eval_mean_score=16.000 eval_policy_mode=greedy [solved=50/50, score_range=16.00-16.00/14.0, initial=16.00]
[step 01900] PROGRESS: filled=16.00 violations=0.00 zero_cand=0.00
[step 01900] DEBUG: ep_len=1.0 ep_ret=0.840 stop_prob=0.001 score_chg=0.0000
[step 01950] value_loss=0.000003 policy_loss=-0.233476
[step 01950] VALUE_DEBUG: target(mean=0.84 std=0.00 min=0.84 max=0.84) V(s)(mean=0.84 std=0.00) reward(mean=0.840 std=0.000) clip=50.0
[step 02000] value_loss=0.000012 policy_loss=-0.216620
[step 02000] VALUE_DEBUG: target(mean=0.84 std=0.00 min=0.84 max=0.84) V(s)(mean=0.84 std=0.00) reward(mean=0.840 std=0.000) clip=50.0
[step 02000] eval_success_rate=1.000 eval_mean_score=16.000 eval_policy_mode=greedy [solved=50/50, score_range=16.00-16.00/14.0, initial=16.00]
[step 02000] PROGRESS: filled=16.00 violations=0.00 zero_cand=0.00
[step 02000] DEBUG: ep_len=1.0 ep_ret=0.840 stop_prob=0.001 score_chg=0.0000
[Checkpoint] Saved to /data/repos/fbsource/fbcode/buiksat_trm/results/phase4_2x2_norm_ablation/nc_nv_s43/rl_checkpoint_step_2000.pt
[step 02050] value_loss=0.000339 policy_loss=-0.230806
[step 02050] VALUE_DEBUG: target(mean=0.84 std=0.02 min=0.74 max=0.84) V(s)(mean=0.84 std=0.00) reward(mean=0.837 std=0.017) clip=50.0
[step 02100] value_loss=0.000846 policy_loss=-0.222853
[step 02100] VALUE_DEBUG: target(mean=0.84 std=0.00 min=0.84 max=0.84) V(s)(mean=0.84 std=0.03) reward(mean=0.840 std=0.000) clip=50.0
[step 02100] eval_success_rate=1.000 eval_mean_score=16.000 eval_policy_mode=greedy [solved=50/50, score_range=16.00-16.00/14.0, initial=16.00]
[step 02100] PROGRESS: filled=16.00 violations=0.00 zero_cand=0.00
[step 02100] DEBUG: ep_len=1.0 ep_ret=0.840 stop_prob=0.001 score_chg=0.0000
[step 02150] value_loss=0.000389 policy_loss=-0.235154
[step 02150] VALUE_DEBUG: target(mean=0.84 std=0.00 min=0.84 max=0.84) V(s)(mean=0.83 std=0.01) reward(mean=0.840 std=0.000) clip=50.0
[step 02200] value_loss=0.000224 policy_loss=-0.232714
[step 02200] VALUE_DEBUG: target(mean=0.84 std=0.00 min=0.84 max=0.84) V(s)(mean=0.85 std=0.01) reward(mean=0.840 std=0.000) clip=50.0
[step 02200] eval_success_rate=1.000 eval_mean_score=16.000 eval_policy_mode=greedy [solved=50/50, score_range=16.00-16.00/14.0, initial=16.00]
[step 02200] PROGRESS: filled=16.00 violations=0.00 zero_cand=0.00
[step 02200] DEBUG: ep_len=1.0 ep_ret=0.840 stop_prob=0.001 score_chg=0.0000
[step 02250] value_loss=0.000186 policy_loss=-0.239881
[step 02250] VALUE_DEBUG: target(mean=0.84 std=0.00 min=0.84 max=0.84) V(s)(mean=0.85 std=0.01) reward(mean=0.840 std=0.000) clip=50.0
[step 02300] value_loss=0.000057 policy_loss=-0.243655
[step 02300] VALUE_DEBUG: target(mean=0.84 std=0.00 min=0.84 max=0.84) V(s)(mean=0.85 std=0.01) reward(mean=0.840 std=0.000) clip=50.0
[step 02300] eval_success_rate=1.000 eval_mean_score=16.000 eval_policy_mode=greedy [solved=50/50, score_range=16.00-16.00/14.0, initial=16.00]
[step 02300] PROGRESS: filled=16.00 violations=0.00 zero_cand=0.00
[step 02300] DEBUG: ep_len=1.0 ep_ret=0.840 stop_prob=0.001 score_chg=0.0000
[step 02350] value_loss=0.000004 policy_loss=-0.247810
[step 02350] VALUE_DEBUG: target(mean=0.84 std=0.00 min=0.84 max=0.84) V(s)(mean=0.84 std=0.00) reward(mean=0.840 std=0.000) clip=50.0
[step 02400] value_loss=0.000036 policy_loss=-0.217245
[step 02400] VALUE_DEBUG: target(mean=0.84 std=0.00 min=0.84 max=0.84) V(s)(mean=0.84 std=0.00) reward(mean=0.840 std=0.000) clip=50.0
[step 02400] eval_success_rate=1.000 eval_mean_score=16.000 eval_policy_mode=greedy [solved=50/50, score_range=16.00-16.00/14.0, initial=16.00]
[step 02400] PROGRESS: filled=16.00 violations=0.00 zero_cand=0.00
[step 02400] DEBUG: ep_len=1.0 ep_ret=0.840 stop_prob=0.001 score_chg=0.0000
[step 02450] value_loss=0.000003 policy_loss=-0.228511
[step 02450] VALUE_DEBUG: target(mean=0.84 std=0.00 min=0.84 max=0.84) V(s)(mean=0.84 std=0.00) reward(mean=0.840 std=0.000) clip=50.0
[step 02500] value_loss=0.000008 policy_loss=-0.225493
[step 02500] VALUE_DEBUG: target(mean=0.84 std=0.00 min=0.84 max=0.84) V(s)(mean=0.84 std=0.00) reward(mean=0.840 std=0.000) clip=50.0
[step 02500] eval_success_rate=1.000 eval_mean_score=16.000 eval_policy_mode=greedy [solved=50/50, score_range=16.00-16.00/14.0, initial=16.00]
[step 02500] PROGRESS: filled=16.00 violations=0.00 zero_cand=0.00
[step 02500] DEBUG: ep_len=1.0 ep_ret=0.840 stop_prob=0.000 score_chg=0.0000
[step 02550] value_loss=0.000001 policy_loss=-0.232986
[step 02550] VALUE_DEBUG: target(mean=0.84 std=0.00 min=0.84 max=0.84) V(s)(mean=0.84 std=0.00) reward(mean=0.840 std=0.000) clip=50.0
[step 02600] value_loss=0.000006 policy_loss=-0.222832
[step 02600] VALUE_DEBUG: target(mean=0.84 std=0.00 min=0.84 max=0.84) V(s)(mean=0.84 std=0.00) reward(mean=0.840 std=0.000) clip=50.0
[step 02600] eval_success_rate=1.000 eval_mean_score=16.000 eval_policy_mode=greedy [solved=50/50, score_range=16.00-16.00/14.0, initial=16.00]
[step 02600] PROGRESS: filled=16.00 violations=0.00 zero_cand=0.00
[step 02600] DEBUG: ep_len=1.0 ep_ret=0.840 stop_prob=0.001 score_chg=0.0000
[step 02650] value_loss=0.000011 policy_loss=-0.207151
[step 02650] VALUE_DEBUG: target(mean=0.84 std=0.00 min=0.84 max=0.84) V(s)(mean=0.84 std=0.00) reward(mean=0.840 std=0.000) clip=50.0
[step 02700] value_loss=0.000002 policy_loss=-0.247034
[step 02700] VALUE_DEBUG: target(mean=0.84 std=0.00 min=0.84 max=0.84) V(s)(mean=0.84 std=0.00) reward(mean=0.840 std=0.000) clip=50.0
[step 02700] eval_success_rate=1.000 eval_mean_score=16.000 eval_policy_mode=greedy [solved=50/50, score_range=16.00-16.00/14.0, initial=16.00]
[step 02700] PROGRESS: filled=16.00 violations=0.00 zero_cand=0.00
[step 02700] DEBUG: ep_len=1.0 ep_ret=0.840 stop_prob=0.001 score_chg=0.0000
[step 02750] value_loss=0.000061 policy_loss=-0.222764
[step 02750] VALUE_DEBUG: target(mean=0.84 std=0.00 min=0.84 max=0.84) V(s)(mean=0.84 std=0.01) reward(mean=0.840 std=0.000) clip=50.0
[step 02800] value_loss=0.000035 policy_loss=-0.232177
[step 02800] VALUE_DEBUG: target(mean=0.84 std=0.00 min=0.84 max=0.84) V(s)(mean=0.84 std=0.01) reward(mean=0.840 std=0.000) clip=50.0
[step 02800] eval_success_rate=1.000 eval_mean_score=16.000 eval_policy_mode=greedy [solved=50/50, score_range=16.00-16.00/14.0, initial=16.00]
[step 02800] PROGRESS: filled=16.00 violations=0.00 zero_cand=0.00
[step 02800] DEBUG: ep_len=1.0 ep_ret=0.840 stop_prob=0.001 score_chg=0.0000
[step 02850] value_loss=0.000012 policy_loss=-0.236594
[step 02850] VALUE_DEBUG: target(mean=0.84 std=0.00 min=0.84 max=0.84) V(s)(mean=0.84 std=0.00) reward(mean=0.840 std=0.000) clip=50.0
[step 02900] value_loss=0.000147 policy_loss=-0.245350
[step 02900] VALUE_DEBUG: target(mean=0.84 std=0.00 min=0.84 max=0.84) V(s)(mean=0.84 std=0.01) reward(mean=0.840 std=0.000) clip=50.0
[step 02900] eval_success_rate=1.000 eval_mean_score=16.000 eval_policy_mode=greedy [solved=50/50, score_range=16.00-16.00/14.0, initial=16.00]
[step 02900] PROGRESS: filled=16.00 violations=0.00 zero_cand=0.00
[step 02900] DEBUG: ep_len=1.0 ep_ret=0.839 stop_prob=0.001 score_chg=0.0000
[step 02950] value_loss=0.000018 policy_loss=-0.232153
[step 02950] VALUE_DEBUG: target(mean=0.84 std=0.00 min=0.84 max=0.84) V(s)(mean=0.84 std=0.00) reward(mean=0.840 std=0.000) clip=50.0
[step 03000] value_loss=0.000003 policy_loss=-0.225032
[step 03000] VALUE_DEBUG: target(mean=0.84 std=0.00 min=0.84 max=0.84) V(s)(mean=0.84 std=0.00) reward(mean=0.840 std=0.000) clip=50.0
[step 03000] eval_success_rate=1.000 eval_mean_score=16.000 eval_policy_mode=greedy [solved=50/50, score_range=16.00-16.00/14.0, initial=16.00]
[step 03000] PROGRESS: filled=16.00 violations=0.00 zero_cand=0.00
[step 03000] DEBUG: ep_len=1.0 ep_ret=0.840 stop_prob=0.001 score_chg=0.0000
[Checkpoint] Saved to /data/repos/fbsource/fbcode/buiksat_trm/results/phase4_2x2_norm_ablation/nc_nv_s43/rl_checkpoint_step_3000.pt
[step 03050] value_loss=0.000001 policy_loss=-0.243026
[step 03050] VALUE_DEBUG: target(mean=0.84 std=0.00 min=0.84 max=0.84) V(s)(mean=0.84 std=0.00) reward(mean=0.840 std=0.000) clip=50.0
[step 03100] value_loss=0.000010 policy_loss=-0.237412
[step 03100] VALUE_DEBUG: target(mean=0.84 std=0.00 min=0.84 max=0.84) V(s)(mean=0.84 std=0.00) reward(mean=0.840 std=0.000) clip=50.0
[step 03100] eval_success_rate=1.000 eval_mean_score=16.000 eval_policy_mode=greedy [solved=50/50, score_range=16.00-16.00/14.0, initial=16.00]
[step 03100] PROGRESS: filled=16.00 violations=0.00 zero_cand=0.00
[step 03100] DEBUG: ep_len=1.0 ep_ret=0.840 stop_prob=0.001 score_chg=0.0000
[step 03150] value_loss=0.000004 policy_loss=-0.215821
[step 03150] VALUE_DEBUG: target(mean=0.84 std=0.00 min=0.84 max=0.84) V(s)(mean=0.84 std=0.00) reward(mean=0.840 std=0.000) clip=50.0
[step 03200] value_loss=0.000000 policy_loss=-0.210702
[step 03200] VALUE_DEBUG: target(mean=0.84 std=0.00 min=0.84 max=0.84) V(s)(mean=0.84 std=0.00) reward(mean=0.840 std=0.000) clip=50.0
[step 03200] eval_success_rate=1.000 eval_mean_score=16.000 eval_policy_mode=greedy [solved=50/50, score_range=16.00-16.00/14.0, initial=16.00]
[step 03200] PROGRESS: filled=16.00 violations=0.00 zero_cand=0.00
[step 03200] DEBUG: ep_len=1.0 ep_ret=0.840 stop_prob=0.001 score_chg=0.0000
[step 03250] value_loss=0.000000 policy_loss=-0.235196
[step 03250] VALUE_DEBUG: target(mean=0.84 std=0.00 min=0.84 max=0.84) V(s)(mean=0.84 std=0.00) reward(mean=0.840 std=0.000) clip=50.0
[step 03300] value_loss=0.000000 policy_loss=-0.245262
[step 03300] VALUE_DEBUG: target(mean=0.84 std=0.00 min=0.84 max=0.84) V(s)(mean=0.84 std=0.00) reward(mean=0.840 std=0.000) clip=50.0
[step 03300] eval_success_rate=1.000 eval_mean_score=16.000 eval_policy_mode=greedy [solved=50/50, score_range=16.00-16.00/14.0, initial=16.00]
[step 03300] PROGRESS: filled=16.00 violations=0.00 zero_cand=0.00
[step 03300] DEBUG: ep_len=1.0 ep_ret=0.840 stop_prob=0.001 score_chg=0.0000
[step 03350] value_loss=0.000004 policy_loss=-0.219596
[step 03350] VALUE_DEBUG: target(mean=0.84 std=0.00 min=0.84 max=0.84) V(s)(mean=0.84 std=0.00) reward(mean=0.840 std=0.000) clip=50.0
[step 03400] value_loss=0.000017 policy_loss=-0.248748
[step 03400] VALUE_DEBUG: target(mean=0.84 std=0.00 min=0.84 max=0.84) V(s)(mean=0.84 std=0.00) reward(mean=0.840 std=0.000) clip=50.0
[step 03400] eval_success_rate=1.000 eval_mean_score=16.000 eval_policy_mode=greedy [solved=50/50, score_range=16.00-16.00/14.0, initial=16.00]
[step 03400] PROGRESS: filled=16.00 violations=0.00 zero_cand=0.00
[step 03400] DEBUG: ep_len=1.0 ep_ret=0.840 stop_prob=0.001 score_chg=0.0000
[step 03450] value_loss=0.000001 policy_loss=-0.241519
[step 03450] VALUE_DEBUG: target(mean=0.84 std=0.00 min=0.84 max=0.84) V(s)(mean=0.84 std=0.00) reward(mean=0.840 std=0.000) clip=50.0
[step 03500] value_loss=0.000024 policy_loss=-0.232905
[step 03500] VALUE_DEBUG: target(mean=0.84 std=0.00 min=0.84 max=0.84) V(s)(mean=0.84 std=0.00) reward(mean=0.840 std=0.000) clip=50.0
[step 03500] eval_success_rate=1.000 eval_mean_score=16.000 eval_policy_mode=greedy [solved=50/50, score_range=16.00-16.00/14.0, initial=16.00]
[step 03500] PROGRESS: filled=16.00 violations=0.00 zero_cand=0.00
[step 03500] DEBUG: ep_len=1.0 ep_ret=0.840 stop_prob=0.001 score_chg=0.0000
[step 03550] value_loss=0.000006 policy_loss=-0.220495
[step 03550] VALUE_DEBUG: target(mean=0.84 std=0.00 min=0.84 max=0.84) V(s)(mean=0.84 std=0.00) reward(mean=0.840 std=0.000) clip=50.0
[step 03600] value_loss=0.000001 policy_loss=-0.230683
[step 03600] VALUE_DEBUG: target(mean=0.84 std=0.00 min=0.84 max=0.84) V(s)(mean=0.84 std=0.00) reward(mean=0.840 std=0.000) clip=50.0
[step 03600] eval_success_rate=1.000 eval_mean_score=16.000 eval_policy_mode=greedy [solved=50/50, score_range=16.00-16.00/14.0, initial=16.00]
[step 03600] PROGRESS: filled=16.00 violations=0.00 zero_cand=0.00
[step 03600] DEBUG: ep_len=1.0 ep_ret=0.840 stop_prob=0.001 score_chg=0.0000
[step 03650] value_loss=0.000003 policy_loss=-0.227407
[step 03650] VALUE_DEBUG: target(mean=0.84 std=0.00 min=0.84 max=0.84) V(s)(mean=0.84 std=0.00) reward(mean=0.840 std=0.000) clip=50.0
[step 03700] value_loss=0.000305 policy_loss=-0.219676
[step 03700] VALUE_DEBUG: target(mean=0.84 std=0.02 min=0.74 max=0.84) V(s)(mean=0.84 std=0.00) reward(mean=0.837 std=0.017) clip=50.0
[step 03700] eval_success_rate=1.000 eval_mean_score=16.000 eval_policy_mode=greedy [solved=50/50, score_range=16.00-16.00/14.0, initial=16.00]
[step 03700] PROGRESS: filled=16.00 violations=0.00 zero_cand=0.00
[step 03700] DEBUG: ep_len=1.0 ep_ret=0.840 stop_prob=0.001 score_chg=0.0000
[step 03750] value_loss=0.000004 policy_loss=-0.222786
[step 03750] VALUE_DEBUG: target(mean=0.84 std=0.00 min=0.84 max=0.84) V(s)(mean=0.84 std=0.00) reward(mean=0.840 std=0.000) clip=50.0
[step 03800] value_loss=0.000035 policy_loss=-0.221932
[step 03800] VALUE_DEBUG: target(mean=0.84 std=0.00 min=0.84 max=0.84) V(s)(mean=0.84 std=0.01) reward(mean=0.840 std=0.000) clip=50.0
[step 03800] eval_success_rate=1.000 eval_mean_score=16.000 eval_policy_mode=greedy [solved=50/50, score_range=16.00-16.00/14.0, initial=16.00]
[step 03800] PROGRESS: filled=16.00 violations=0.00 zero_cand=0.00
[step 03800] DEBUG: ep_len=1.0 ep_ret=0.840 stop_prob=0.001 score_chg=0.0000
[step 03850] value_loss=0.000008 policy_loss=-0.228701
[step 03850] VALUE_DEBUG: target(mean=0.84 std=0.00 min=0.84 max=0.84) V(s)(mean=0.84 std=0.00) reward(mean=0.840 std=0.000) clip=50.0
[step 03900] value_loss=0.000001 policy_loss=-0.205238
[step 03900] VALUE_DEBUG: target(mean=0.84 std=0.00 min=0.84 max=0.84) V(s)(mean=0.84 std=0.00) reward(mean=0.840 std=0.000) clip=50.0
[step 03900] eval_success_rate=1.000 eval_mean_score=16.000 eval_policy_mode=greedy [solved=50/50, score_range=16.00-16.00/14.0, initial=16.00]
[step 03900] PROGRESS: filled=16.00 violations=0.00 zero_cand=0.00
[step 03900] DEBUG: ep_len=1.0 ep_ret=0.840 stop_prob=0.001 score_chg=0.0000
[step 03950] value_loss=0.000000 policy_loss=-0.233041
[step 03950] VALUE_DEBUG: target(mean=0.84 std=0.00 min=0.84 max=0.84) V(s)(mean=0.84 std=0.00) reward(mean=0.840 std=0.000) clip=50.0
[step 04000] value_loss=0.000002 policy_loss=-0.225967
[step 04000] VALUE_DEBUG: target(mean=0.84 std=0.00 min=0.84 max=0.84) V(s)(mean=0.84 std=0.00) reward(mean=0.840 std=0.000) clip=50.0
[step 04000] eval_success_rate=1.000 eval_mean_score=16.000 eval_policy_mode=greedy [solved=50/50, score_range=16.00-16.00/14.0, initial=16.00]
[step 04000] PROGRESS: filled=16.00 violations=0.00 zero_cand=0.00
[step 04000] DEBUG: ep_len=1.0 ep_ret=0.840 stop_prob=0.001 score_chg=0.0000
[Checkpoint] Saved to /data/repos/fbsource/fbcode/buiksat_trm/results/phase4_2x2_norm_ablation/nc_nv_s43/rl_checkpoint_step_4000.pt
[step 04050] value_loss=0.000000 policy_loss=-0.220654
[step 04050] VALUE_DEBUG: target(mean=0.84 std=0.00 min=0.84 max=0.84) V(s)(mean=0.84 std=0.00) reward(mean=0.840 std=0.000) clip=50.0
[step 04100] value_loss=0.000000 policy_loss=-0.223961
[step 04100] VALUE_DEBUG: target(mean=0.84 std=0.00 min=0.84 max=0.84) V(s)(mean=0.84 std=0.00) reward(mean=0.840 std=0.000) clip=50.0
[step 04100] eval_success_rate=1.000 eval_mean_score=16.000 eval_policy_mode=greedy [solved=50/50, score_range=16.00-16.00/14.0, initial=16.00]
[step 04100] PROGRESS: filled=16.00 violations=0.00 zero_cand=0.00
[step 04100] DEBUG: ep_len=1.0 ep_ret=0.840 stop_prob=0.001 score_chg=0.0000
[step 04150] value_loss=0.000012 policy_loss=-0.220079
[step 04150] VALUE_DEBUG: target(mean=0.84 std=0.00 min=0.84 max=0.84) V(s)(mean=0.84 std=0.00) reward(mean=0.840 std=0.000) clip=50.0
[step 04200] value_loss=0.000002 policy_loss=-0.232230
[step 04200] VALUE_DEBUG: target(mean=0.84 std=0.00 min=0.84 max=0.84) V(s)(mean=0.84 std=0.00) reward(mean=0.840 std=0.000) clip=50.0
[step 04200] eval_success_rate=1.000 eval_mean_score=16.000 eval_policy_mode=greedy [solved=50/50, score_range=16.00-16.00/14.0, initial=16.00]
[step 04200] PROGRESS: filled=16.00 violations=0.00 zero_cand=0.00
[step 04200] DEBUG: ep_len=1.0 ep_ret=0.840 stop_prob=0.001 score_chg=0.0000
[step 04250] value_loss=0.000006 policy_loss=-0.220504
[step 04250] VALUE_DEBUG: target(mean=0.84 std=0.00 min=0.84 max=0.84) V(s)(mean=0.84 std=0.00) reward(mean=0.840 std=0.000) clip=50.0
[step 04300] value_loss=0.000004 policy_loss=-0.228185
[step 04300] VALUE_DEBUG: target(mean=0.84 std=0.00 min=0.84 max=0.84) V(s)(mean=0.84 std=0.00) reward(mean=0.840 std=0.000) clip=50.0
[step 04300] eval_success_rate=1.000 eval_mean_score=16.000 eval_policy_mode=greedy [solved=50/50, score_range=16.00-16.00/14.0, initial=16.00]
[step 04300] PROGRESS: filled=16.00 violations=0.00 zero_cand=0.00
[step 04300] DEBUG: ep_len=1.0 ep_ret=0.840 stop_prob=0.001 score_chg=0.0000
[step 04350] value_loss=0.000008 policy_loss=-0.233040
[step 04350] VALUE_DEBUG: target(mean=0.84 std=0.00 min=0.84 max=0.84) V(s)(mean=0.84 std=0.00) reward(mean=0.840 std=0.000) clip=50.0
[step 04400] value_loss=0.000004 policy_loss=-0.235550
[step 04400] VALUE_DEBUG: target(mean=0.84 std=0.00 min=0.84 max=0.84) V(s)(mean=0.84 std=0.00) reward(mean=0.840 std=0.000) clip=50.0
[step 04400] eval_success_rate=1.000 eval_mean_score=16.000 eval_policy_mode=greedy [solved=50/50, score_range=16.00-16.00/14.0, initial=16.00]
[step 04400] PROGRESS: filled=16.00 violations=0.00 zero_cand=0.00
[step 04400] DEBUG: ep_len=1.0 ep_ret=0.840 stop_prob=0.001 score_chg=0.0000
[step 04450] value_loss=0.000003 policy_loss=-0.228592
[step 04450] VALUE_DEBUG: target(mean=0.84 std=0.00 min=0.84 max=0.84) V(s)(mean=0.84 std=0.00) reward(mean=0.840 std=0.000) clip=50.0
[step 04500] value_loss=0.000006 policy_loss=-0.217471
[step 04500] VALUE_DEBUG: target(mean=0.84 std=0.00 min=0.84 max=0.84) V(s)(mean=0.84 std=0.00) reward(mean=0.840 std=0.000) clip=50.0
[step 04500] eval_success_rate=1.000 eval_mean_score=16.000 eval_policy_mode=greedy [solved=50/50, score_range=16.00-16.00/14.0, initial=16.00]
[step 04500] PROGRESS: filled=16.00 violations=0.00 zero_cand=0.00
[step 04500] DEBUG: ep_len=1.0 ep_ret=0.840 stop_prob=0.001 score_chg=0.0000
[step 04550] value_loss=0.000003 policy_loss=-0.200146
[step 04550] VALUE_DEBUG: target(mean=0.84 std=0.00 min=0.84 max=0.84) V(s)(mean=0.84 std=0.00) reward(mean=0.840 std=0.000) clip=50.0
[step 04600] value_loss=0.000002 policy_loss=-0.242585
[step 04600] VALUE_DEBUG: target(mean=0.84 std=0.00 min=0.84 max=0.84) V(s)(mean=0.84 std=0.00) reward(mean=0.840 std=0.000) clip=50.0
[step 04600] eval_success_rate=1.000 eval_mean_score=16.000 eval_policy_mode=greedy [solved=50/50, score_range=16.00-16.00/14.0, initial=16.00]
[step 04600] PROGRESS: filled=16.00 violations=0.00 zero_cand=0.00
[step 04600] DEBUG: ep_len=1.0 ep_ret=0.840 stop_prob=0.001 score_chg=0.0000
[step 04650] value_loss=0.000000 policy_loss=-0.217317
[step 04650] VALUE_DEBUG: target(mean=0.84 std=0.00 min=0.84 max=0.84) V(s)(mean=0.84 std=0.00) reward(mean=0.840 std=0.000) clip=50.0
[step 04700] value_loss=0.000000 policy_loss=-0.219615
[step 04700] VALUE_DEBUG: target(mean=0.84 std=0.00 min=0.84 max=0.84) V(s)(mean=0.84 std=0.00) reward(mean=0.840 std=0.000) clip=50.0
[step 04700] eval_success_rate=1.000 eval_mean_score=16.000 eval_policy_mode=greedy [solved=50/50, score_range=16.00-16.00/14.0, initial=16.00]
[step 04700] PROGRESS: filled=16.00 violations=0.00 zero_cand=0.00
[step 04700] DEBUG: ep_len=1.0 ep_ret=0.840 stop_prob=0.001 score_chg=0.0000
[step 04750] value_loss=0.000010 policy_loss=-0.237215
[step 04750] VALUE_DEBUG: target(mean=0.84 std=0.00 min=0.84 max=0.84) V(s)(mean=0.84 std=0.00) reward(mean=0.840 std=0.000) clip=50.0
[step 04800] value_loss=0.000000 policy_loss=-0.228363
[step 04800] VALUE_DEBUG: target(mean=0.84 std=0.00 min=0.84 max=0.84) V(s)(mean=0.84 std=0.00) reward(mean=0.840 std=0.000) clip=50.0
[step 04800] eval_success_rate=1.000 eval_mean_score=16.000 eval_policy_mode=greedy [solved=50/50, score_range=16.00-16.00/14.0, initial=16.00]
[step 04800] PROGRESS: filled=16.00 violations=0.00 zero_cand=0.00
[step 04800] DEBUG: ep_len=1.0 ep_ret=0.840 stop_prob=0.001 score_chg=0.0000
[step 04850] value_loss=0.000001 policy_loss=-0.210004
[step 04850] VALUE_DEBUG: target(mean=0.84 std=0.00 min=0.84 max=0.84) V(s)(mean=0.84 std=0.00) reward(mean=0.840 std=0.000) clip=50.0
[step 04900] value_loss=0.000000 policy_loss=-0.236251
[step 04900] VALUE_DEBUG: target(mean=0.84 std=0.00 min=0.84 max=0.84) V(s)(mean=0.84 std=0.00) reward(mean=0.840 std=0.000) clip=50.0
[step 04900] eval_success_rate=1.000 eval_mean_score=16.000 eval_policy_mode=greedy [solved=50/50, score_range=16.00-16.00/14.0, initial=16.00]
[step 04900] PROGRESS: filled=16.00 violations=0.00 zero_cand=0.00
[step 04900] DEBUG: ep_len=1.0 ep_ret=0.840 stop_prob=0.001 score_chg=0.0000
[step 04950] value_loss=0.000000 policy_loss=-0.229345
[step 04950] VALUE_DEBUG: target(mean=0.84 std=0.00 min=0.84 max=0.84) V(s)(mean=0.84 std=0.00) reward(mean=0.840 std=0.000) clip=50.0
[step 05000] value_loss=0.000002 policy_loss=-0.231735
[step 05000] VALUE_DEBUG: target(mean=0.84 std=0.00 min=0.84 max=0.84) V(s)(mean=0.84 std=0.00) reward(mean=0.840 std=0.000) clip=50.0
[step 05000] eval_success_rate=1.000 eval_mean_score=16.000 eval_policy_mode=greedy [solved=50/50, score_range=16.00-16.00/14.0, initial=16.00]
[step 05000] PROGRESS: filled=16.00 violations=0.00 zero_cand=0.00
[step 05000] DEBUG: ep_len=1.0 ep_ret=0.840 stop_prob=0.001 score_chg=0.0000
[Checkpoint] Saved to /data/repos/fbsource/fbcode/buiksat_trm/results/phase4_2x2_norm_ablation/nc_nv_s43/rl_checkpoint_step_5000.pt
[Checkpoint] Saved to /data/repos/fbsource/fbcode/buiksat_trm/results/phase4_2x2_norm_ablation/nc_nv_s43/rl_checkpoint_step_5000.pt
