[2026-04-12T16:51:45.838-07:00] Buck UI: https://www.internalfb.com/buck2/2cf8b87d-3080-42ee-8a60-2b42603cf8ca
[2026-04-12T16:51:45.961-07:00] Network: Up: 0B  Down: 0B
BUILD SUCCEEDED - starting your binary
WARNING:root:===========[FB_TRITON]=========== Triton Version: 3.5.0+fb
INFO:2026-04-12 16:51:54 2621506:2621506 CuptiCallbackApi.cpp:69] Callback: domain = 3, cbid = 1
INFO:2026-04-12 16:51:54 2621506:2621506 CuptiActivityProfiler.cpp:93] CUDA versions. CUPTI: 22; Runtime: 12040; Driver: 12040
INFO:2026-04-12 16:51:54 2621506:2622284 FBConfig.cpp:330] Perfetto builder enabled: 1
INFO:2026-04-12 16:51:54 2621506:2622284 DynoConfigLoader.cpp:61] Setting communication fabric enabled = 0
INFO:2026-04-12 16:51:55 2621506:2622284 DynoConfigLoader.cpp:61] Setting communication fabric enabled = 0
[step 00100] eval_success_rate=0.000 eval_mean_return=-18.168 eval_invalid_action_rate=0.760
[step 00200] eval_success_rate=0.000 eval_mean_return=-18.437 eval_invalid_action_rate=0.718
[step 00300] eval_success_rate=0.000 eval_mean_return=-18.269 eval_invalid_action_rate=0.618
[step 00400] eval_success_rate=0.000 eval_mean_return=-17.681 eval_invalid_action_rate=0.820
[step 00500] eval_success_rate=0.000 eval_mean_return=-18.101 eval_invalid_action_rate=0.679
[step 00600] eval_success_rate=0.000 eval_mean_return=-18.319 eval_invalid_action_rate=0.659
[step 00700] eval_success_rate=0.000 eval_mean_return=-18.470 eval_invalid_action_rate=0.560
[step 00800] eval_success_rate=0.000 eval_mean_return=-18.722 eval_invalid_action_rate=0.480
[step 00900] eval_success_rate=0.000 eval_mean_return=-18.454 eval_invalid_action_rate=0.579
[step 01000] eval_success_rate=0.000 eval_mean_return=-18.302 eval_invalid_action_rate=0.740
[step 01000] checkpoint=/home/buiksat/trm_bellman/results/neurips2026/external_hard4x4/a2c/seed7/model_step_1000.zip
[step 01100] eval_success_rate=0.000 eval_mean_return=-18.336 eval_invalid_action_rate=0.734
[step 01200] eval_success_rate=0.000 eval_mean_return=-18.386 eval_invalid_action_rate=0.679
[step 01300] eval_success_rate=0.000 eval_mean_return=-18.420 eval_invalid_action_rate=0.756
[step 01400] eval_success_rate=0.000 eval_mean_return=-18.538 eval_invalid_action_rate=0.716
[step 01500] eval_success_rate=0.000 eval_mean_return=-18.588 eval_invalid_action_rate=0.699
[step 01600] eval_success_rate=0.000 eval_mean_return=-18.403 eval_invalid_action_rate=0.696
[step 01700] eval_success_rate=0.000 eval_mean_return=-18.958 eval_invalid_action_rate=0.616
[step 01800] eval_success_rate=0.000 eval_mean_return=-18.756 eval_invalid_action_rate=0.618
[step 01900] eval_success_rate=0.000 eval_mean_return=-18.672 eval_invalid_action_rate=0.600
[step 02000] eval_success_rate=0.000 eval_mean_return=-18.907 eval_invalid_action_rate=0.499
[step 02000] checkpoint=/home/buiksat/trm_bellman/results/neurips2026/external_hard4x4/a2c/seed7/model_step_2000.zip
[step 02100] eval_success_rate=0.000 eval_mean_return=-18.907 eval_invalid_action_rate=0.517
[step 02200] eval_success_rate=0.000 eval_mean_return=-19.159 eval_invalid_action_rate=0.476
[step 02300] eval_success_rate=0.000 eval_mean_return=-18.991 eval_invalid_action_rate=0.479
[step 02400] eval_success_rate=0.000 eval_mean_return=-19.008 eval_invalid_action_rate=0.497
[step 02500] eval_success_rate=0.000 eval_mean_return=-18.973 eval_invalid_action_rate=0.459
[step 02600] eval_success_rate=0.000 eval_mean_return=-18.991 eval_invalid_action_rate=0.460
[step 02700] eval_success_rate=0.000 eval_mean_return=-19.142 eval_invalid_action_rate=0.475
[step 02800] eval_success_rate=0.000 eval_mean_return=-19.211 eval_invalid_action_rate=0.456
[step 02900] eval_success_rate=0.000 eval_mean_return=-19.092 eval_invalid_action_rate=0.458
[step 03000] eval_success_rate=0.000 eval_mean_return=-19.075 eval_invalid_action_rate=0.459
[step 03000] checkpoint=/home/buiksat/trm_bellman/results/neurips2026/external_hard4x4/a2c/seed7/model_step_3000.zip
[step 03100] eval_success_rate=0.000 eval_mean_return=-19.025 eval_invalid_action_rate=0.479
[step 03200] eval_success_rate=0.000 eval_mean_return=-18.739 eval_invalid_action_rate=0.578
[step 03300] eval_success_rate=0.000 eval_mean_return=-18.739 eval_invalid_action_rate=0.599
[step 03400] eval_success_rate=0.000 eval_mean_return=-18.622 eval_invalid_action_rate=0.660
[step 03500] eval_success_rate=0.000 eval_mean_return=-18.706 eval_invalid_action_rate=0.640
[step 03600] eval_success_rate=0.000 eval_mean_return=-18.673 eval_invalid_action_rate=0.676
[step 03700] eval_success_rate=0.000 eval_mean_return=-18.673 eval_invalid_action_rate=0.639
[step 03800] eval_success_rate=0.000 eval_mean_return=-18.840 eval_invalid_action_rate=0.619
[step 03900] eval_success_rate=0.000 eval_mean_return=-18.773 eval_invalid_action_rate=0.640
[step 04000] eval_success_rate=0.000 eval_mean_return=-18.790 eval_invalid_action_rate=0.639
[step 04000] checkpoint=/home/buiksat/trm_bellman/results/neurips2026/external_hard4x4/a2c/seed7/model_step_4000.zip
[step 04100] eval_success_rate=0.000 eval_mean_return=-18.992 eval_invalid_action_rate=0.694
[step 04200] eval_success_rate=0.000 eval_mean_return=-18.739 eval_invalid_action_rate=0.676
[step 04300] eval_success_rate=0.000 eval_mean_return=-18.622 eval_invalid_action_rate=0.679
[step 04400] eval_success_rate=0.000 eval_mean_return=-18.725 eval_invalid_action_rate=0.679
[step 04500] eval_success_rate=0.000 eval_mean_return=-18.538 eval_invalid_action_rate=0.716
[step 04600] eval_success_rate=0.000 eval_mean_return=-18.622 eval_invalid_action_rate=0.677
[step 04700] eval_success_rate=0.000 eval_mean_return=-18.722 eval_invalid_action_rate=0.676
[step 04800] eval_success_rate=0.000 eval_mean_return=-19.077 eval_invalid_action_rate=0.619
[step 04900] eval_success_rate=0.000 eval_mean_return=-19.077 eval_invalid_action_rate=0.600
[step 05000] eval_success_rate=0.000 eval_mean_return=-18.890 eval_invalid_action_rate=0.619
[step 05000] checkpoint=/home/buiksat/trm_bellman/results/neurips2026/external_hard4x4/a2c/seed7/model_step_5000.zip
[baseline] env=sudoku4x4 algo=a2c backend=sb3
[baseline] action_space_n=97 observation_keys=inputs,plan,action_mask
[baseline] finished training: steps=5000 final_eval_success_rate=0.000 final_eval_mean_return=-18.941
[baseline] t0.3_ready=True
[baseline] t0.2_status=complete
[baseline] note: Vanilla SB3 PPO/A2C does not apply logit masking from action_mask; the policy acts in the full no-mask action space and invalid edits are penalized by the environment. This matches the paper's hard-4x4 no-mask protocol and should be compared against the internal no-mask A2C baseline.
[baseline] summary written to /home/buiksat/trm_bellman/results/neurips2026/external_hard4x4/a2c/seed7/train_summary.json
