[2026-08-03T10:08:19.498-07:00] Buck UI: https://www.internalfb.com/buck2/f1398716-19a5-47a2-938a-1dcaa2fd4f94
[2026-08-03T10:08:20.579-07:00] Test session: https://www.internalfb.com/intern/testinfra/testrun/1125900424159803
[2026-08-03T10:08:55.717-07:00] RE Session: reSessionID-05164787-d8ec-4b54-a407-a18da99c68e6
[2026-08-03T10:09:32.390-07:00] Action failed: fbcode//buiksat_trm:evaluators (cfg:opt-linux-x86_64-fbcode-platform010-clang21-no-san-opt-by-default#178ee1fde62472f5) (py_compile CHECKED_HASH)
[2026-08-03T10:09:32.390-07:00] Remote command returned non-zero exit code 1
[2026-08-03T10:09:32.390-07:00] Remote action, reproduce with: `frecli cas download-action b1e1d5a66cc0b45128516e524769809f71702a1d9b6d10d829761089a4d42a11:148`
[2026-08-03T10:09:32.390-07:00] Stdout: <empty>
[2026-08-03T10:09:32.390-07:00] Stderr:
Traceback (most recent call last):
  File "<frozen runpy>", line 198, in _run_module_as_main
  File "<frozen runpy>", line 88, in _run_code
  File "/re_cwd/buck-out/v2/art/fbcode/178ee1fde62472f5/python/build/compile/__compile__/compile/__main__.py", line 192, in <module>
    sys.exit(main(sys.argv))
             ^^^^^^^^^^^^^^
  File "/re_cwd/buck-out/v2/art/fbcode/178ee1fde62472f5/python/build/compile/__compile__/compile/__main__.py", line 177, in main
    compile(
  File "/usr/local/fbcode/platform010/lib/python3.12/py_compile.py", line 142, in compile
    source_bytes = loader.get_data(file)
                   ^^^^^^^^^^^^^^^^^^^^^
  File "<frozen importlib._bootstrap_external>", line 1193, in get_data
FileNotFoundError: [Errno 2] No such file or directory: 'fbcode/buiksat_trm/evaluators/__init__.py'
[2026-08-03T10:09:32.390-07:00]
[2026-08-03T10:09:32.390-07:00] Action sub-errors produced by error handlers:
- [python_no_file_or_directory]

[2026-08-03T10:09:34.280-07:00] Action failed: fbcode//buiksat_trm:replay_theory_diagnostics (cfg:opt-linux-x86_64-fbcode-platform010-clang21-no-san-opt-by-default#178ee1fde62472f5) (py_compile CHECKED_HASH)
[2026-08-03T10:09:34.280-07:00] Remote command returned non-zero exit code 1
[2026-08-03T10:09:34.280-07:00] Remote action, reproduce with: `frecli cas download-action b272ec9b6404f11b78d1af5e27c806e0f526f6f1389f96ae9b7dc51a66a3d5b7:148`
[2026-08-03T10:09:34.280-07:00] Stdout: <empty>
[2026-08-03T10:09:34.280-07:00] Stderr:
Traceback (most recent call last):
  File "<frozen runpy>", line 198, in _run_module_as_main
  File "<frozen runpy>", line 88, in _run_code
  File "/re_cwd/buck-out/v2/art/fbcode/178ee1fde62472f5/python/build/compile/__compile__/compile/__main__.py", line 192, in <module>
    sys.exit(main(sys.argv))
             ^^^^^^^^^^^^^^
  File "/re_cwd/buck-out/v2/art/fbcode/178ee1fde62472f5/python/build/compile/__compile__/compile/__main__.py", line 177, in main
    compile(
  File "/usr/local/fbcode/platform010/lib/python3.12/py_compile.py", line 142, in compile
    source_bytes = loader.get_data(file)
                   ^^^^^^^^^^^^^^^^^^^^^
  File "<frozen importlib._bootstrap_external>", line 1193, in get_data
FileNotFoundError: [Errno 2] No such file or directory: 'fbcode/buiksat_trm/rl/replay.py'
[2026-08-03T10:09:34.280-07:00]
[2026-08-03T10:09:34.280-07:00] Action sub-errors produced by error handlers:
- [python_no_file_or_directory]

[2026-08-03T10:12:43.299-07:00] Network: up 35MiB  down 3.6GiB  session reSessionID-05164787-d8ec-4b54-a407-a18da99c68e6
[2026-08-03T10:12:43.299-07:00] Test session: https://www.internalfb.com/intern/testinfra/testrun/1125900424159803
[2026-08-03T10:12:43.789-07:00]
[2026-08-03T10:12:43.789-07:00] BUILD ERRORS (2)
[2026-08-03T10:12:43.789-07:00] The following actions failed during the execution of this command:
[2026-08-03T10:12:43.789-07:00] Action failed: fbcode//buiksat_trm:evaluators (cfg:opt-linux-x86_64-fbcode-platform010-clang21-no-san-opt-by-default#178ee1fde62472f5) (py_compile CHECKED_HASH)
[2026-08-03T10:12:43.789-07:00] Remote command returned non-zero exit code 1
[2026-08-03T10:12:43.789-07:00] Remote action, reproduce with: `frecli cas download-action b1e1d5a66cc0b45128516e524769809f71702a1d9b6d10d829761089a4d42a11:148`
[2026-08-03T10:12:43.789-07:00] Stdout: <empty>
[2026-08-03T10:12:43.789-07:00] Stderr:
Traceback (most recent call last):
  File "<frozen runpy>", line 198, in _run_module_as_main
  File "<frozen runpy>", line 88, in _run_code
  File "/re_cwd/buck-out/v2/art/fbcode/178ee1fde62472f5/python/build/compile/__compile__/compile/__main__.py", line 192, in <module>
    sys.exit(main(sys.argv))
             ^^^^^^^^^^^^^^
  File "/re_cwd/buck-out/v2/art/fbcode/178ee1fde62472f5/python/build/compile/__compile__/compile/__main__.py", line 177, in main
    compile(
  File "/usr/local/fbcode/platform010/lib/python3.12/py_compile.py", line 142, in compile
    source_bytes = loader.get_data(file)
                   ^^^^^^^^^^^^^^^^^^^^^
  File "<frozen importlib._bootstrap_external>", line 1193, in get_data
FileNotFoundError: [Errno 2] No such file or directory: 'fbcode/buiksat_trm/evaluators/__init__.py'
[2026-08-03T10:12:43.789-07:00]
[2026-08-03T10:12:43.789-07:00] Action sub-errors produced by error handlers:
- [python_no_file_or_directory]

[2026-08-03T10:12:43.789-07:00] Action failed: fbcode//buiksat_trm:replay_theory_diagnostics (cfg:opt-linux-x86_64-fbcode-platform010-clang21-no-san-opt-by-default#178ee1fde62472f5) (py_compile CHECKED_HASH)
[2026-08-03T10:12:43.789-07:00] Remote command returned non-zero exit code 1
[2026-08-03T10:12:43.789-07:00] Remote action, reproduce with: `frecli cas download-action b272ec9b6404f11b78d1af5e27c806e0f526f6f1389f96ae9b7dc51a66a3d5b7:148`
[2026-08-03T10:12:43.789-07:00] Stdout: <empty>
[2026-08-03T10:12:43.789-07:00] Stderr:
Traceback (most recent call last):
  File "<frozen runpy>", line 198, in _run_module_as_main
  File "<frozen runpy>", line 88, in _run_code
  File "/re_cwd/buck-out/v2/art/fbcode/178ee1fde62472f5/python/build/compile/__compile__/compile/__main__.py", line 192, in <module>
    sys.exit(main(sys.argv))
             ^^^^^^^^^^^^^^
  File "/re_cwd/buck-out/v2/art/fbcode/178ee1fde62472f5/python/build/compile/__compile__/compile/__main__.py", line 177, in main
    compile(
  File "/usr/local/fbcode/platform010/lib/python3.12/py_compile.py", line 142, in compile
    source_bytes = loader.get_data(file)
                   ^^^^^^^^^^^^^^^^^^^^^
  File "<frozen importlib._bootstrap_external>", line 1193, in get_data
FileNotFoundError: [Errno 2] No such file or directory: 'fbcode/buiksat_trm/rl/replay.py'
[2026-08-03T10:12:43.789-07:00]
[2026-08-03T10:12:43.789-07:00] Action sub-errors produced by error handlers:
- [python_no_file_or_directory]

[2026-08-03T10:12:43.790-07:00]
Failed to build 'fbcode//buiksat_trm:replay_theory_diagnostics (cfg:opt-linux-x86_64-fbcode-platform010-clang21-no-san-opt-by-default#178ee1fde62472f5)'
Failed to build 'fbcode//buiksat_trm:evaluators (cfg:opt-linux-x86_64-fbcode-platform010-clang21-no-san-opt-by-default#178ee1fde62472f5)'
2 BUILDS FAILED
Tests finished: [mPass 71[m. Fail 0. Timeout 0. Fatal 0. Skip 0. Omit 0. Infra Failure 0. [mBuild failure 2[m
