[2026-08-03T06:22:24.496-07:00] Buck UI: https://www.internalfb.com/buck2/ffa5382e-2a4c-41ee-98fa-480d0133ca67
[2026-08-03T06:22:28.376-07:00] Test session: https://www.internalfb.com/intern/testinfra/testrun/1125900424127883
[2026-08-03T06:23:56.580-07:00] RE Session: reSessionID-653c8907-f86d-4506-9684-0ba312f493a1
[2026-08-03T06:27:42.375-07:00] ✗ Fail: fbcode//buiksat_trm:plot_exp1_unroll_sensitivity-library-type-checking - unmanaged (0.5s)
[2026-08-03T06:27:42.375-07:00] Test returned with non-zero exit code
[2026-08-03T06:27:42.375-07:00] stdout:
[2026-08-03T06:27:42.375-07:00]
[2026-08-03T06:27:42.375-07:00] stderr:
[2026-08-03T06:27:42.375-07:00] Found type errors!
[2026-08-03T06:27:42.375-07:00] fbcode/buiksat_trm/scripts/plot_exp1_unroll_sensitivity.py:109:12 Returned type `dict[int, dict[Unknown, Unknown]]` is not assignable to declared return type `dict[str, dict[str, float]]`
[2026-08-03T06:27:42.375-07:00]
[2026-08-03T06:28:11.152-07:00] ✗ Fail: fbcode//buiksat_trm:make_paper_figures_exp1_split-library-type-checking - unmanaged (1.1s)
[2026-08-03T06:28:11.152-07:00] Test returned with non-zero exit code
[2026-08-03T06:28:11.152-07:00] stdout:
[2026-08-03T06:28:11.152-07:00]
[2026-08-03T06:28:11.152-07:00] stderr:
[2026-08-03T06:28:11.152-07:00] Found type errors!
[2026-08-03T06:28:11.152-07:00] fbcode/buiksat_trm/scripts/make_paper_figures_exp1_split.py:85:33 Cannot set item in `dict[str | Any, float]`
[2026-08-03T06:28:11.152-07:00]   Argument `str | Any` is not assignable to parameter `value` with type `float` in function `dict.__setitem__`
[2026-08-03T06:28:11.152-07:00] fbcode/buiksat_trm/scripts/make_paper_figures_exp1_split.py:287:30 Argument `float` is not assignable to parameter `object` with type `int` in function `list.append`
[2026-08-03T06:28:11.152-07:00] fbcode/buiksat_trm/scripts/make_paper_figures_exp1_split.py:291:38 Argument `float` is not assignable to parameter `object` with type `int` in function `list.append`
[2026-08-03T06:28:11.152-07:00] fbcode/buiksat_trm/scripts/make_paper_figures_exp1_split.py:293:38 Argument `float` is not assignable to parameter `object` with type `int` in function `list.append`
[2026-08-03T06:28:11.152-07:00]
[2026-08-03T06:28:17.518-07:00] ✗ Fail: fbcode//buiksat_trm:audit_phase4_paper_ready-library-type-checking - unmanaged (0.5s)
[2026-08-03T06:28:17.518-07:00] Test returned with non-zero exit code
[2026-08-03T06:28:17.518-07:00] stdout:
[2026-08-03T06:28:17.518-07:00]
[2026-08-03T06:28:17.518-07:00] stderr:
[2026-08-03T06:28:17.518-07:00] Found type errors!
[2026-08-03T06:28:17.518-07:00] fbcode/buiksat_trm/scripts/audit_phase4_paper_ready.py:121:70 Default `None` is not assignable to parameter `summary` with type `dict[str, Any]`
[2026-08-03T06:28:17.518-07:00]   The type includes `None` which is not accepted here. Narrow the type with an `is not None` check.
[2026-08-03T06:28:17.518-07:00]
[2026-08-03T06:28:17.540-07:00] ✗ Fail: fbcode//buiksat_trm:audit_exp1_paper_ready-library-type-checking - unmanaged (0.5s)
[2026-08-03T06:28:17.540-07:00] Test returned with non-zero exit code
[2026-08-03T06:28:17.540-07:00] stdout:
[2026-08-03T06:28:17.540-07:00]
[2026-08-03T06:28:17.540-07:00] stderr:
[2026-08-03T06:28:17.540-07:00] Found type errors!
[2026-08-03T06:28:17.540-07:00] fbcode/buiksat_trm/scripts/audit_exp1_paper_ready.py:92:31 Cannot set item in `dict[str, tuple[float, float]]`
[2026-08-03T06:28:17.540-07:00]   Argument `float` is not assignable to parameter `value` with type `tuple[float, float]` in function `dict.__setitem__`
[2026-08-03T06:28:17.540-07:00] fbcode/buiksat_trm/scripts/audit_exp1_paper_ready.py:106:38 Cannot set item in `dict[str, tuple[float, float]]`
[2026-08-03T06:28:17.540-07:00]   Argument `float` is not assignable to parameter `value` with type `tuple[float, float]` in function `dict.__setitem__`
[2026-08-03T06:28:17.540-07:00] fbcode/buiksat_trm/scripts/audit_exp1_paper_ready.py:419:33 No attribute `__version__` in module `torch`
[2026-08-03T06:28:17.540-07:00]
[2026-08-03T07:00:21.401-07:00] ✗ Fail: fbcode//buiksat_trm:make_paper_figures_exp1-library-type-checking - unmanaged (0.3s)
[2026-08-03T07:00:21.401-07:00] Test returned with non-zero exit code
[2026-08-03T07:00:21.401-07:00] stdout:
[2026-08-03T07:00:21.401-07:00]
[2026-08-03T07:00:21.401-07:00] stderr:
[2026-08-03T07:00:21.401-07:00] Found type errors!
[2026-08-03T07:00:21.401-07:00] fbcode/buiksat_trm/scripts/make_paper_figures_exp1.py:97:33 Cannot set item in `dict[str | Any, float]`
[2026-08-03T07:00:21.401-07:00]   Argument `str | Any` is not assignable to parameter `value` with type `float` in function `dict.__setitem__`
[2026-08-03T07:00:21.401-07:00] fbcode/buiksat_trm/scripts/make_paper_figures_exp1.py:438:41 Argument `float` is not assignable to parameter `object` with type `int` in function `list.append`
[2026-08-03T07:00:21.401-07:00] fbcode/buiksat_trm/scripts/make_paper_figures_exp1.py:439:41 Argument `float` is not assignable to parameter `object` with type `int` in function `list.append`
[2026-08-03T07:00:21.401-07:00] fbcode/buiksat_trm/scripts/make_paper_figures_exp1.py:509:34 Argument `float` is not assignable to parameter `object` with type `int` in function `list.append`
[2026-08-03T07:00:21.401-07:00] fbcode/buiksat_trm/scripts/make_paper_figures_exp1.py:514:42 Argument `float` is not assignable to parameter `object` with type `int` in function `list.append`
[2026-08-03T07:00:21.401-07:00] fbcode/buiksat_trm/scripts/make_paper_figures_exp1.py:516:42 Argument `float` is not assignable to parameter `object` with type `int` in function `list.append`
[2026-08-03T07:00:21.401-07:00]
[2026-08-03T07:00:29.847-07:00] ✗ Fail: fbcode//buiksat_trm:make_paper_figures_exp1_final-library-type-checking - unmanaged (0.5s)
[2026-08-03T07:00:29.847-07:00] Test returned with non-zero exit code
[2026-08-03T07:00:29.847-07:00] stdout:
[2026-08-03T07:00:29.847-07:00]
[2026-08-03T07:00:29.847-07:00] stderr:
[2026-08-03T07:00:29.847-07:00] Found type errors!
[2026-08-03T07:00:29.847-07:00] fbcode/buiksat_trm/scripts/make_paper_figures_exp1_final.py:212:39 Argument `float` is not assignable to parameter `object` with type `int` in function `list.append`
[2026-08-03T07:00:29.847-07:00] fbcode/buiksat_trm/scripts/make_paper_figures_exp1_final.py:213:39 Argument `float` is not assignable to parameter `object` with type `int` in function `list.append`
[2026-08-03T07:00:29.847-07:00] fbcode/buiksat_trm/scripts/make_paper_figures_exp1_final.py:213:46 `-` is not supported between `None` and `float`
[2026-08-03T07:00:29.847-07:00]   Argument `None` is not assignable to parameter `value` with type `float` in function `float.__rsub__`
[2026-08-03T07:00:29.847-07:00]   The type includes `None` which is not accepted here. Narrow the type with an `is not None` check.
[2026-08-03T07:00:29.847-07:00] fbcode/buiksat_trm/scripts/make_paper_figures_exp1_final.py:215:39 Argument `float` is not assignable to parameter `object` with type `int` in function `list.append`
[2026-08-03T07:00:29.847-07:00] fbcode/buiksat_trm/scripts/make_paper_figures_exp1_final.py:216:39 Argument `float` is not assignable to parameter `object` with type `int` in function `list.append`
[2026-08-03T07:00:29.847-07:00] fbcode/buiksat_trm/scripts/make_paper_figures_exp1_final.py:285:30 Argument `float` is not assignable to parameter `object` with type `int` in function `list.append`
[2026-08-03T07:00:29.847-07:00] fbcode/buiksat_trm/scripts/make_paper_figures_exp1_final.py:288:33 `-` is not supported between `None` and `float`
[2026-08-03T07:00:29.847-07:00]   Argument `None` is not assignable to parameter `value` with type `float` in function `float.__rsub__`
[2026-08-03T07:00:29.847-07:00]   The type includes `None` which is not accepted here. Narrow the type with an `is not None` check.
[2026-08-03T07:00:29.847-07:00] fbcode/buiksat_trm/scripts/make_paper_figures_exp1_final.py:289:38 Argument `float` is not assignable to parameter `object` with type `int` in function `list.append`
[2026-08-03T07:00:29.847-07:00] fbcode/buiksat_trm/scripts/make_paper_figures_exp1_final.py:291:38 Argument `float` is not assignable to parameter `object` with type `int` in function `list.append`
[2026-08-03T07:00:29.847-07:00]
