[2026-01-23T23:33:24.842-08:00] Buck UI: https://www.internalfb.com/buck2/76ea76d1-b625-43b4-ac35-d0421939e30a
[2026-01-23T23:33:25.152-08:00] Network: Up: 0B  Down: 0B
BUILD SUCCEEDED - starting your binary
[DATASET] dataset_paths=['/home/buiksat/trm_bellman/data/sudoku-9x9']
[DATASET] resolved_dataset_name=sudoku-9x9
[DATASET] num_samples=64
[INFO] Using feasibility-aware Sudoku checker for 9x9
       score = filled - 2.0*violations - 5.0*zeroCand
       Max score: 81 (all filled, no violations)
[INFO] Training for 25000 steps (gamma=0.990, K=1, inner_unroll_n=2)
[INFO] Terminal rewards: solve=1.000, fail=-81.000
[INFO] Using TRM backbone (hidden=64, H=2, L=2)
[DEBUG] Policy head STOP bias: 0.00 (should be 0.0 for uniform init)
[INFO] Puzzle embeddings DISABLED (set --puzzle-emb-ndim > 0 to enable)
============================================================
TRAINER SELECTION
============================================================
/data/repos/fbsource/buck-out/v2/gen/fbcode/7bc20b5dff24e379/buiksat_trm/__upi_trm_train__/upi_trm_train#link-tree/torch/cuda/__init__.py:373: UserWarning: Found GPU0 NVIDIA PG509-210 which is of compute capability (CC) 8.0.
The following list shows the CCs this version of PyTorch was built for and the hardware CCs it supports:
Please follow the instructions at https://pytorch.org/get-started/locally/ to install a PyTorch release that supports one of these CUDA versions: 12.6, 12.8, 13.0
  _warn_unsupported_code(d, device_cc, code_ccs)
INFO:2026-01-23 23:33:30 2804286:2804286 CuptiCallbackApi.cpp:74] Callback: domain = 3, cbid = 1
INFO:2026-01-23 23:33:30 2804286:2804286 CuptiActivityProfiler.cpp:245] CUDA versions. CUPTI: 22; Runtime: 12040; Driver: 12040
INFO:2026-01-23 23:33:30 2804286:2805827 FBConfig.cpp:330] Perfetto builder enabled: 1
INFO:2026-01-23 23:33:30 2804286:2805827 DynoConfigLoader.cpp:61] Setting communication fabric enabled = 0
INFO:2026-01-23 23:33:30 2804286:2805827 DynoConfigLoader.cpp:61] Setting communication fabric enabled = 0
TritonTraceHandler: disabled because /logs does not exist
===========[FB_TRITON]=========== Triton Version: 3.3.2+fb
[TRAINER] UPI-TRM (K=1, inner_n=2)
[TRAINER] CLI --baseline: None, YAML algorithm: upi_trm
============================================================

============================================================
UPI-TRM THEORY ALIGNMENT CHECK
============================================================
⚠ Configuration has theory gaps:
  • enable_contraction=False disables spectral normalization (Assumption 4.2). L_z < 1 contraction not enforced.
  • exact_baseline_summation=False: Using approximate baseline. This gives O(ε_A/(1-γ)) bound instead of O(α·ε_A) from Theorem 5.9. For discrete action spaces (Sudoku), enable for tighter bounds.
  • theory_exact_mixture=False: Using parameter-space interpolation for CPI, which is NOT equivalent to policy-space mixture. The CPI improvement guarantee does not strictly apply. Set theory_exact_mixture=True for theory-exact behavior (but slower due to evaluating two networks).

Theory status:
  Forward-invariant projection: ✓
  Contraction enforced (L_z < 1): ✗
  Exact baseline (Thm 5.9): ✗
  Distillation (not in theory): ✓ disabled

Is theory-exact: False
============================================================

UPI-TRM theoretical dials:
  L_z target (rl_cfg.target_Lz): 0.9
  L_V target (rl_cfg.target_Lv): 1.0
  Inner unroll n (rl_cfg.inner_unroll_n): 2
  K-step horizon K (rl_cfg.K): 1
  Mixture alpha (rl_cfg.mixture_alpha): 0.1
  Latent ball radius (rl_cfg.latent_ball_radius): 10.0
  Episodic latent: False
  Exact K-step targets: False
  Exact baseline summation: False

[INFO] STOP action mode: disabled
[INFO] Forward-invariant projection enabled (R=10.0)
[WandB] Disabled by default (enable with: --wandb)
[DEBUG] Action mask: 441 valid actions out of 892 total
[DEBUG] Latent mode: persistent
[DEBUG] Step 0 probs: STOP=0.000000, edits=1.000000
[DEBUG] Top 5 action probs: torch.return_types.topk(
values=tensor([0.0040, 0.0038, 0.0036, 0.0034, 0.0033], device='cuda:0',
       grad_fn=<TopkBackward0>),
indices=tensor([370,  95, 555, 355, 246], device='cuda:0'))
[step 00100] value_loss=8.754782 policy_loss=-0.356223
[step 00100] VALUE_DEBUG: target(mean=-2.39 std=3.19 min=-9.33 max=7.12) V(s)(mean=-2.45 std=0.90) reward(mean=-0.925 std=3.081) clip=100.0
[step 00200] value_loss=12.772194 policy_loss=4.715336
[step 00200] VALUE_DEBUG: target(mean=-3.67 std=3.33 min=-16.23 max=3.56) V(s)(mean=-4.73 std=0.71) reward(mean=-0.841 std=3.301) clip=100.0
[step 00300] value_loss=14.245668 policy_loss=-0.450824
[step 00300] VALUE_DEBUG: target(mean=-4.58 std=3.35 min=-12.41 max=2.19) V(s)(mean=-6.28 std=0.84) reward(mean=-0.154 std=3.335) clip=100.0
[step 00400] value_loss=89.551086 policy_loss=-0.540155
[step 00400] VALUE_DEBUG: target(mean=-7.87 std=9.77 min=-80.46 max=2.07) V(s)(mean=-7.63 std=1.34) reward(mean=-2.188 std=10.440) clip=100.0
[step 00500] value_loss=11.250191 policy_loss=-0.492872
[step 00500] VALUE_DEBUG: target(mean=-8.63 std=3.08 min=-17.85 max=-0.60) V(s)(mean=-8.59 std=1.30) reward(mean=-1.351 std=3.155) clip=100.0
[step 00500] eval_success_rate=0.000 eval_mean_score=26.250 eval_policy_mode=greedy [solved=0/100, score_range=16.00-36.00/81.0, initial=26.64]
[step 00500] PROGRESS: filled=27.65 violations=0.70 zero_cand=0.00
[step 00500] DEBUG: ep_len=81.0 ep_ret=-146.187 stop_prob=0.000 score_chg=-82.0108
[step 00600] value_loss=10.231203 policy_loss=-0.767594
[step 00600] VALUE_DEBUG: target(mean=-10.06 std=3.20 min=-19.25 max=-2.08) V(s)(mean=-9.58 std=1.31) reward(mean=-1.159 std=3.043) clip=100.0
[step 00700] value_loss=6.350121 policy_loss=4.970899
[step 00700] VALUE_DEBUG: target(mean=-10.65 std=3.21 min=-21.23 max=0.96) V(s)(mean=-11.12 std=1.91) reward(mean=-0.714 std=2.620) clip=100.0
[step 00800] value_loss=215.148041 policy_loss=-0.020869
[step 00800] VALUE_DEBUG: target(mean=-14.33 std=14.74 min=-80.95 max=-6.56) V(s)(mean=-11.22 std=1.81) reward(mean=-4.380 std=16.890) clip=100.0
[step 00900] value_loss=68.606064 policy_loss=1.406345
[step 00900] VALUE_DEBUG: target(mean=-12.52 std=9.00 min=-81.03 max=-5.92) V(s)(mean=-12.51 std=1.75) reward(mean=-1.497 std=10.180) clip=100.0
[step 01000] value_loss=4.712459 policy_loss=3.339822
[step 01000] VALUE_DEBUG: target(mean=-12.26 std=2.09 min=-21.89 max=-7.91) V(s)(mean=-13.76 std=1.47) reward(mean=-0.477 std=1.425) clip=100.0
[step 01000] eval_success_rate=0.000 eval_mean_score=26.640 eval_policy_mode=greedy [solved=0/100, score_range=16.00-36.00/81.0, initial=26.64]
[step 01000] PROGRESS: filled=27.64 violations=0.50 zero_cand=0.00
[step 01000] DEBUG: ep_len=81.0 ep_ret=-123.704 stop_prob=0.000 score_chg=-38.0690
[Checkpoint] Saved to /home/buiksat/trm_bellman/results/sudoku9x9_real/upi_trm_seed3/rl_checkpoint_step_1000.pt
[step 01100] value_loss=72.863205 policy_loss=0.902037
[step 01100] VALUE_DEBUG: target(mean=-14.12 std=8.63 min=-81.19 max=-9.83) V(s)(mean=-14.35 std=1.86) reward(mean=-1.635 std=10.094) clip=100.0
[step 01200] value_loss=68.076225 policy_loss=0.041366
[step 01200] VALUE_DEBUG: target(mean=-15.11 std=8.47 min=-81.04 max=-10.98) V(s)(mean=-15.00 std=1.53) reward(mean=-1.661 std=10.046) clip=100.0
[step 01300] value_loss=54.360775 policy_loss=-0.392565
[step 01300] VALUE_DEBUG: target(mean=-15.71 std=7.79 min=-74.13 max=-11.03) V(s)(mean=-15.61 std=1.82) reward(mean=-1.824 std=9.262) clip=100.0
[step 01400] value_loss=61.538597 policy_loss=-1.051195
[step 01400] VALUE_DEBUG: target(mean=-16.37 std=8.38 min=-81.22 max=-11.55) V(s)(mean=-15.90 std=2.08) reward(mean=-1.469 std=10.057) clip=100.0
[step 01500] value_loss=114.753235 policy_loss=-0.113287
[step 01500] VALUE_DEBUG: target(mean=-17.81 std=11.15 min=-81.14 max=-10.26) V(s)(mean=-17.42 std=2.37) reward(mean=-2.620 std=13.715) clip=100.0
[step 01500] eval_success_rate=0.000 eval_mean_score=26.630 eval_policy_mode=greedy [solved=0/100, score_range=16.00-36.00/81.0, initial=26.64]
[step 01500] PROGRESS: filled=27.65 violations=0.51 zero_cand=0.00
[step 01500] DEBUG: ep_len=81.0 ep_ret=-110.549 stop_prob=0.000 score_chg=-12.9675
[step 01600] value_loss=2.621028 policy_loss=0.133226
[step 01600] VALUE_DEBUG: target(mean=-16.98 std=2.54 min=-25.49 max=-11.15) V(s)(mean=-16.94 std=3.24) reward(mean=-0.451 std=1.119) clip=100.0
[step 01700] value_loss=54.889427 policy_loss=0.597087
[step 01700] VALUE_DEBUG: target(mean=-18.58 std=8.18 min=-81.16 max=-12.31) V(s)(mean=-17.42 std=2.59) reward(mean=-1.697 std=10.047) clip=100.0
[step 01800] value_loss=61.491383 policy_loss=0.012500
[step 01800] VALUE_DEBUG: target(mean=-19.90 std=8.08 min=-81.16 max=-13.15) V(s)(mean=-19.90 std=2.66) reward(mean=-1.579 std=10.044) clip=100.0
[step 01900] value_loss=1.722741 policy_loss=1.504200
[step 01900] VALUE_DEBUG: target(mean=-20.49 std=3.49 min=-28.11 max=-9.47) V(s)(mean=-20.62 std=3.39) reward(mean=-0.377 std=0.976) clip=100.0
[step 02000] value_loss=0.867328 policy_loss=-0.156896
[step 02000] VALUE_DEBUG: target(mean=-20.19 std=3.04 min=-27.17 max=-13.39) V(s)(mean=-20.04 std=2.90) reward(mean=-0.287 std=0.773) clip=100.0
[step 02000] eval_success_rate=0.000 eval_mean_score=26.680 eval_policy_mode=greedy [solved=0/100, score_range=16.00-36.00/81.0, initial=26.64]
[step 02000] PROGRESS: filled=27.64 violations=0.48 zero_cand=0.00
[step 02000] DEBUG: ep_len=81.0 ep_ret=-109.637 stop_prob=0.000 score_chg=-10.9823
[Checkpoint] Saved to /home/buiksat/trm_bellman/results/sudoku9x9_real/upi_trm_seed3/rl_checkpoint_step_2000.pt
[step 02100] value_loss=104.425766 policy_loss=-0.019440
[step 02100] VALUE_DEBUG: target(mean=-22.71 std=10.77 min=-81.24 max=-16.50) V(s)(mean=-21.12 std=2.37) reward(mean=-2.777 std=14.111) clip=100.0
[step 02200] value_loss=1.351331 policy_loss=0.209733
[step 02200] VALUE_DEBUG: target(mean=-21.56 std=2.98 min=-28.93 max=-15.04) V(s)(mean=-21.15 std=2.73) reward(mean=-0.310 std=0.561) clip=100.0
[step 02300] value_loss=149.377563 policy_loss=0.346883
[step 02300] VALUE_DEBUG: target(mean=-25.34 std=12.63 min=-81.24 max=-13.20) V(s)(mean=-22.67 std=2.71) reward(mean=-4.021 std=17.111) clip=100.0
[step 02400] value_loss=1.737628 policy_loss=0.953970
[step 02400] VALUE_DEBUG: target(mean=-22.58 std=2.95 min=-28.96 max=-14.38) V(s)(mean=-23.23 std=3.04) reward(mean=-0.259 std=0.825) clip=100.0
[step 02500] value_loss=2.734718 policy_loss=1.547991
[step 02500] VALUE_DEBUG: target(mean=-24.30 std=2.82 min=-30.23 max=-16.54) V(s)(mean=-25.34 std=2.86) reward(mean=-0.318 std=0.852) clip=100.0
[step 02500] eval_success_rate=0.000 eval_mean_score=26.640 eval_policy_mode=greedy [solved=0/100, score_range=18.00-36.00/81.0, initial=26.64]
[step 02500] PROGRESS: filled=27.64 violations=0.50 zero_cand=0.00
[step 02500] DEBUG: ep_len=81.0 ep_ret=-109.277 stop_prob=0.000 score_chg=-10.2230
[step 02600] value_loss=116.498871 policy_loss=-0.057574
[step 02600] VALUE_DEBUG: target(mean=-26.61 std=10.80 min=-86.23 max=-17.52) V(s)(mean=-25.02 std=3.33) reward(mean=-2.980 std=14.539) clip=100.0
[step 02700] value_loss=0.448565 policy_loss=-0.517627
[step 02700] VALUE_DEBUG: target(mean=-24.75 std=3.03 min=-33.17 max=-18.83) V(s)(mean=-24.74 std=3.24) reward(mean=-0.289 std=0.630) clip=100.0
[step 02800] value_loss=47.513542 policy_loss=0.496276
[step 02800] VALUE_DEBUG: target(mean=-27.22 std=7.55 min=-81.23 max=-18.21) V(s)(mean=-26.29 std=3.71) reward(mean=-1.715 std=10.050) clip=100.0
[step 02900] value_loss=3.057308 policy_loss=0.088404
[step 02900] VALUE_DEBUG: target(mean=-26.40 std=3.71 min=-35.55 max=-18.62) V(s)(mean=-27.15 std=3.74) reward(mean=-0.424 std=1.218) clip=100.0
[step 03000] value_loss=3.412847 policy_loss=0.917954
[step 03000] VALUE_DEBUG: target(mean=-27.34 std=3.59 min=-35.80 max=-17.83) V(s)(mean=-28.96 std=3.39) reward(mean=-0.329 std=0.713) clip=100.0
[step 03000] eval_success_rate=0.000 eval_mean_score=26.940 eval_policy_mode=greedy [solved=0/100, score_range=18.00-36.00/81.0, initial=26.64]
[step 03000] PROGRESS: filled=27.64 violations=0.35 zero_cand=0.00
[step 03000] DEBUG: ep_len=81.0 ep_ret=-109.017 stop_prob=0.000 score_chg=-9.8153
[Checkpoint] Saved to /home/buiksat/trm_bellman/results/sudoku9x9_real/upi_trm_seed3/rl_checkpoint_step_3000.pt
[step 03100] value_loss=80.869904 policy_loss=0.509969
[step 03100] VALUE_DEBUG: target(mean=-28.89 std=10.08 min=-81.21 max=-16.92) V(s)(mean=-27.49 std=3.78) reward(mean=-2.864 std=14.082) clip=100.0
[step 03200] value_loss=71.325905 policy_loss=0.204019
[step 03200] VALUE_DEBUG: target(mean=-29.99 std=9.58 min=-81.21 max=-18.86) V(s)(mean=-29.01 std=4.04) reward(mean=-2.839 std=13.661) clip=100.0
[step 03300] value_loss=1.489788 policy_loss=0.164303
[step 03300] VALUE_DEBUG: target(mean=-28.93 std=3.85 min=-37.55 max=-18.67) V(s)(mean=-29.20 std=4.11) reward(mean=-0.266 std=0.897) clip=100.0
[step 03400] value_loss=79.342773 policy_loss=0.073507
[step 03400] VALUE_DEBUG: target(mean=-30.79 std=9.96 min=-81.26 max=-20.16) V(s)(mean=-29.24 std=4.03) reward(mean=-2.870 std=14.121) clip=100.0
[step 03500] value_loss=35.014023 policy_loss=-0.011572
[step 03500] VALUE_DEBUG: target(mean=-30.59 std=7.57 min=-81.17 max=-21.32) V(s)(mean=-30.16 std=4.31) reward(mean=-1.495 std=10.083) clip=100.0
[step 03500] eval_success_rate=0.000 eval_mean_score=26.820 eval_policy_mode=greedy [solved=0/100, score_range=16.00-36.00/81.0, initial=26.64]
[step 03500] PROGRESS: filled=27.64 violations=0.41 zero_cand=0.00
[step 03500] DEBUG: ep_len=81.0 ep_ret=-108.786 stop_prob=0.000 score_chg=-9.3530
[step 03600] value_loss=2.819154 policy_loss=0.058758
[step 03600] VALUE_DEBUG: target(mean=-30.30 std=4.00 min=-39.46 max=-20.58) V(s)(mean=-31.15 std=3.75) reward(mean=-0.414 std=1.178) clip=100.0
[step 03700] value_loss=33.108288 policy_loss=0.327588
[step 03700] VALUE_DEBUG: target(mean=-32.23 std=7.64 min=-81.11 max=-18.70) V(s)(mean=-31.65 std=4.86) reward(mean=-1.546 std=10.049) clip=100.0
[step 03800] value_loss=97.242569 policy_loss=0.232738
[step 03800] VALUE_DEBUG: target(mean=-33.45 std=11.38 min=-81.22 max=-22.31) V(s)(mean=-32.16 std=4.63) reward(mean=-4.076 std=17.102) clip=100.0
[step 03900] value_loss=0.987041 policy_loss=0.475692
[step 03900] VALUE_DEBUG: target(mean=-33.17 std=3.58 min=-41.33 max=-25.78) V(s)(mean=-33.54 std=3.97) reward(mean=-0.170 std=0.537) clip=100.0
[step 04000] value_loss=34.649410 policy_loss=0.039316
[step 04000] VALUE_DEBUG: target(mean=-33.94 std=7.60 min=-82.10 max=-20.20) V(s)(mean=-33.72 std=4.64) reward(mean=-1.491 std=10.168) clip=100.0
[step 04000] eval_success_rate=0.000 eval_mean_score=26.940 eval_policy_mode=greedy [solved=0/100, score_range=16.00-36.00/81.0, initial=26.64]
[step 04000] PROGRESS: filled=27.64 violations=0.35 zero_cand=0.00
[step 04000] DEBUG: ep_len=81.0 ep_ret=-108.709 stop_prob=0.000 score_chg=-9.4618
[Checkpoint] Saved to /home/buiksat/trm_bellman/results/sudoku9x9_real/upi_trm_seed3/rl_checkpoint_step_4000.pt
[step 04100] value_loss=40.429115 policy_loss=0.044569
[step 04100] VALUE_DEBUG: target(mean=-32.96 std=7.50 min=-81.09 max=-20.84) V(s)(mean=-32.06 std=4.57) reward(mean=-1.502 std=10.080) clip=100.0
[step 04200] value_loss=2.215065 policy_loss=0.104563
[step 04200] VALUE_DEBUG: target(mean=-33.48 std=5.26 min=-47.70 max=-23.63) V(s)(mean=-33.88 std=4.90) reward(mean=-0.548 std=1.219) clip=100.0
[step 04300] value_loss=1.260129 policy_loss=0.129405
[step 04300] VALUE_DEBUG: target(mean=-32.96 std=5.42 min=-42.05 max=-20.58) V(s)(mean=-33.65 std=5.84) reward(mean=-0.212 std=0.230) clip=100.0
[step 04400] value_loss=2.005778 policy_loss=0.143152
[step 04400] VALUE_DEBUG: target(mean=-34.38 std=5.12 min=-43.06 max=-23.28) V(s)(mean=-34.03 std=5.52) reward(mean=-0.287 std=0.997) clip=100.0
[step 04500] value_loss=2.350951 policy_loss=0.261392
[step 04500] VALUE_DEBUG: target(mean=-33.44 std=5.66 min=-50.15 max=-21.43) V(s)(mean=-33.18 std=5.95) reward(mean=-0.462 std=1.074) clip=100.0
[step 04500] eval_success_rate=0.000 eval_mean_score=26.740 eval_policy_mode=greedy [solved=0/100, score_range=16.00-36.00/81.0, initial=26.64]
[step 04500] PROGRESS: filled=27.64 violations=0.45 zero_cand=0.00
[step 04500] DEBUG: ep_len=81.0 ep_ret=-108.606 stop_prob=0.000 score_chg=-9.2205
[step 04600] value_loss=1.421360 policy_loss=-0.007138
[step 04600] VALUE_DEBUG: target(mean=-35.21 std=5.40 min=-44.93 max=-23.18) V(s)(mean=-35.15 std=5.85) reward(mean=-0.301 std=0.732) clip=100.0
[step 04700] value_loss=0.824399 policy_loss=-0.125917
[step 04700] VALUE_DEBUG: target(mean=-36.11 std=5.39 min=-46.29 max=-24.29) V(s)(mean=-36.22 std=5.40) reward(mean=-0.226 std=0.539) clip=100.0
[step 04800] value_loss=1.595450 policy_loss=-0.005234
[step 04800] VALUE_DEBUG: target(mean=-37.24 std=4.78 min=-45.62 max=-20.33) V(s)(mean=-36.82 std=5.04) reward(mean=-0.273 std=0.796) clip=100.0
[step 04900] value_loss=1.791238 policy_loss=-0.699267
[step 04900] VALUE_DEBUG: target(mean=-36.58 std=5.73 min=-47.81 max=-22.75) V(s)(mean=-36.49 std=6.05) reward(mean=-0.304 std=0.880) clip=100.0
[step 05000] value_loss=33.570000 policy_loss=0.035392
[step 05000] VALUE_DEBUG: target(mean=-36.66 std=7.91 min=-81.12 max=-18.38) V(s)(mean=-36.86 std=5.57) reward(mean=-1.590 std=10.036) clip=100.0
[step 05000] eval_success_rate=0.000 eval_mean_score=26.800 eval_policy_mode=greedy [solved=0/100, score_range=16.00-36.00/81.0, initial=26.64]
[step 05000] PROGRESS: filled=27.64 violations=0.42 zero_cand=0.00
[step 05000] DEBUG: ep_len=81.0 ep_ret=-108.542 stop_prob=0.000 score_chg=-9.2863
[Checkpoint] Saved to /home/buiksat/trm_bellman/results/sudoku9x9_real/upi_trm_seed3/rl_checkpoint_step_5000.pt
[step 05100] value_loss=22.531931 policy_loss=-0.109456
[step 05100] VALUE_DEBUG: target(mean=-39.21 std=6.87 min=-81.03 max=-27.24) V(s)(mean=-39.11 std=4.41) reward(mean=-1.706 std=10.050) clip=100.0
[step 05200] value_loss=35.984474 policy_loss=-0.115074
[step 05200] VALUE_DEBUG: target(mean=-39.40 std=7.10 min=-81.21 max=-26.87) V(s)(mean=-38.62 std=5.09) reward(mean=-1.537 std=10.040) clip=100.0
[step 05300] value_loss=4.307395 policy_loss=0.008981
[step 05300] VALUE_DEBUG: target(mean=-37.05 std=7.05 min=-50.41 max=-17.78) V(s)(mean=-38.00 std=6.45) reward(mean=-0.506 std=1.238) clip=100.0
[step 05400] value_loss=1.475407 policy_loss=0.236613
[step 05400] VALUE_DEBUG: target(mean=-39.26 std=6.06 min=-51.65 max=-26.29) V(s)(mean=-38.76 std=6.17) reward(mean=-0.366 std=0.831) clip=100.0
[step 05500] value_loss=19.293173 policy_loss=-0.200636
[step 05500] VALUE_DEBUG: target(mean=-39.22 std=7.74 min=-81.12 max=-27.45) V(s)(mean=-39.71 std=5.86) reward(mean=-1.503 std=10.035) clip=100.0
[step 05500] eval_success_rate=0.000 eval_mean_score=26.760 eval_policy_mode=greedy [solved=0/100, score_range=16.00-36.00/81.0, initial=26.64]
[step 05500] PROGRESS: filled=27.64 violations=0.44 zero_cand=0.00
[step 05500] DEBUG: ep_len=81.0 ep_ret=-108.410 stop_prob=0.000 score_chg=-9.0470
[step 05600] value_loss=17.989916 policy_loss=0.086626
[step 05600] VALUE_DEBUG: target(mean=-40.68 std=7.55 min=-81.11 max=-26.33) V(s)(mean=-40.09 std=5.67) reward(mean=-1.497 std=10.043) clip=100.0
[step 05700] value_loss=40.450134 policy_loss=-0.040435
[step 05700] VALUE_DEBUG: target(mean=-40.88 std=9.94 min=-81.26 max=-18.76) V(s)(mean=-39.82 std=7.03) reward(mean=-2.778 std=14.099) clip=100.0
[step 05800] value_loss=1.851576 policy_loss=-0.010412
[step 05800] VALUE_DEBUG: target(mean=-39.64 std=5.49 min=-46.97 max=-24.72) V(s)(mean=-40.72 std=5.50) reward(mean=-0.201 std=0.357) clip=100.0
[step 05900] value_loss=2.153142 policy_loss=-0.057524
[step 05900] VALUE_DEBUG: target(mean=-41.04 std=5.57 min=-49.58 max=-24.37) V(s)(mean=-41.01 std=5.77) reward(mean=-0.284 std=1.031) clip=100.0
[step 06000] value_loss=2.051877 policy_loss=0.071371
[step 06000] VALUE_DEBUG: target(mean=-40.88 std=5.38 min=-50.98 max=-26.42) V(s)(mean=-40.73 std=5.56) reward(mean=-0.425 std=0.953) clip=100.0
[step 06000] eval_success_rate=0.000 eval_mean_score=26.660 eval_policy_mode=greedy [solved=0/100, score_range=16.00-36.00/81.0, initial=26.64]
[step 06000] PROGRESS: filled=27.64 violations=0.49 zero_cand=0.00
[step 06000] DEBUG: ep_len=81.0 ep_ret=-108.395 stop_prob=0.000 score_chg=-9.0975
[Checkpoint] Saved to /home/buiksat/trm_bellman/results/sudoku9x9_real/upi_trm_seed3/rl_checkpoint_step_6000.pt
[step 06100] value_loss=1.321220 policy_loss=0.121371
[step 06100] VALUE_DEBUG: target(mean=-40.53 std=5.04 min=-48.73 max=-28.04) V(s)(mean=-40.62 std=5.00) reward(mean=-0.353 std=0.675) clip=100.0
[step 06200] value_loss=2.263215 policy_loss=0.057212
[step 06200] VALUE_DEBUG: target(mean=-42.19 std=5.58 min=-49.14 max=-27.78) V(s)(mean=-43.08 std=5.51) reward(mean=-0.283 std=0.599) clip=100.0
[step 06300] value_loss=0.827093 policy_loss=0.008081
[step 06300] VALUE_DEBUG: target(mean=-41.19 std=6.57 min=-54.44 max=-24.33) V(s)(mean=-41.10 std=6.79) reward(mean=-0.269 std=0.674) clip=100.0
[step 06400] value_loss=2.135327 policy_loss=0.202252
[step 06400] VALUE_DEBUG: target(mean=-42.71 std=5.88 min=-49.32 max=-21.15) V(s)(mean=-42.65 std=6.11) reward(mean=-0.377 std=1.005) clip=100.0
[step 06500] value_loss=12.891947 policy_loss=-0.091647
[step 06500] VALUE_DEBUG: target(mean=-41.99 std=7.67 min=-76.09 max=-25.02) V(s)(mean=-42.07 std=6.58) reward(mean=-1.498 std=9.431) clip=100.0
[step 06500] eval_success_rate=0.000 eval_mean_score=26.700 eval_policy_mode=greedy [solved=0/100, score_range=16.00-36.00/81.0, initial=26.64]
[step 06500] PROGRESS: filled=27.64 violations=0.47 zero_cand=0.00
[step 06500] DEBUG: ep_len=81.0 ep_ret=-108.614 stop_prob=0.000 score_chg=-9.2890
[step 06600] value_loss=21.176956 policy_loss=0.221094
[step 06600] VALUE_DEBUG: target(mean=-43.14 std=7.80 min=-81.17 max=-21.27) V(s)(mean=-42.35 std=6.25) reward(mean=-1.635 std=10.063) clip=100.0
[step 06700] value_loss=2.372260 policy_loss=0.221415
[step 06700] VALUE_DEBUG: target(mean=-42.48 std=5.87 min=-52.95 max=-28.86) V(s)(mean=-42.98 std=5.38) reward(mean=-0.472 std=1.025) clip=100.0
[step 06800] value_loss=19.881462 policy_loss=0.017741
[step 06800] VALUE_DEBUG: target(mean=-44.16 std=7.30 min=-81.03 max=-23.16) V(s)(mean=-43.94 std=5.70) reward(mean=-1.687 std=10.033) clip=100.0
[step 06900] value_loss=0.914931 policy_loss=0.226199
[step 06900] VALUE_DEBUG: target(mean=-43.86 std=5.53 min=-52.41 max=-32.01) V(s)(mean=-43.82 std=5.46) reward(mean=-0.404 std=0.930) clip=100.0
[step 07000] value_loss=17.450884 policy_loss=0.046600
[step 07000] VALUE_DEBUG: target(mean=-45.07 std=6.46 min=-81.29 max=-30.24) V(s)(mean=-45.03 std=4.48) reward(mean=-1.477 std=10.106) clip=100.0
[step 07000] eval_success_rate=0.000 eval_mean_score=26.700 eval_policy_mode=greedy [solved=0/100, score_range=16.00-36.00/81.0, initial=26.64]
[step 07000] PROGRESS: filled=27.64 violations=0.47 zero_cand=0.00
[step 07000] DEBUG: ep_len=81.0 ep_ret=-108.643 stop_prob=0.000 score_chg=-9.2450
[Checkpoint] Saved to /home/buiksat/trm_bellman/results/sudoku9x9_real/upi_trm_seed3/rl_checkpoint_step_7000.pt
[step 07100] value_loss=19.608446 policy_loss=-0.030559
[step 07100] VALUE_DEBUG: target(mean=-45.01 std=6.96 min=-80.19 max=-28.27) V(s)(mean=-44.27 std=5.04) reward(mean=-1.936 std=9.970) clip=100.0
[step 07200] value_loss=18.703611 policy_loss=-0.225090
[step 07200] VALUE_DEBUG: target(mean=-43.94 std=7.32 min=-83.16 max=-28.59) V(s)(mean=-43.52 std=5.36) reward(mean=-1.702 std=10.298) clip=100.0
[step 07300] value_loss=33.019283 policy_loss=-0.027259
[step 07300] VALUE_DEBUG: target(mean=-46.58 std=7.81 min=-81.15 max=-23.32) V(s)(mean=-45.77 std=4.90) reward(mean=-2.838 std=14.089) clip=100.0
[step 07400] value_loss=0.627275 policy_loss=-0.130705
[step 07400] VALUE_DEBUG: target(mean=-43.95 std=4.95 min=-49.78 max=-30.04) V(s)(mean=-44.52 std=4.91) reward(mean=-0.204 std=0.333) clip=100.0
[step 07500] value_loss=15.687270 policy_loss=0.203365
[step 07500] VALUE_DEBUG: target(mean=-44.92 std=7.15 min=-80.21 max=-29.30) V(s)(mean=-44.95 std=5.32) reward(mean=-1.588 std=9.928) clip=100.0
[step 07500] eval_success_rate=0.000 eval_mean_score=26.820 eval_policy_mode=greedy [solved=0/100, score_range=16.00-36.00/81.0, initial=26.64]
[step 07500] PROGRESS: filled=27.64 violations=0.41 zero_cand=0.00
[step 07500] DEBUG: ep_len=81.0 ep_ret=-108.412 stop_prob=0.000 score_chg=-9.1177
[step 07600] value_loss=2.108501 policy_loss=0.360098
[step 07600] VALUE_DEBUG: target(mean=-44.78 std=4.35 min=-52.66 max=-36.05) V(s)(mean=-44.24 std=4.31) reward(mean=-0.474 std=0.919) clip=100.0
[step 07700] value_loss=28.093725 policy_loss=-0.017611
[step 07700] VALUE_DEBUG: target(mean=-46.33 std=7.83 min=-81.32 max=-29.13) V(s)(mean=-45.81 std=5.20) reward(mean=-2.791 std=13.760) clip=100.0
[step 07800] value_loss=2.546117 policy_loss=-0.120549
[step 07800] VALUE_DEBUG: target(mean=-45.18 std=4.98 min=-55.08 max=-31.85) V(s)(mean=-45.02 std=4.80) reward(mean=-0.523 std=1.311) clip=100.0
[step 07900] value_loss=19.925014 policy_loss=0.265747
[step 07900] VALUE_DEBUG: target(mean=-45.60 std=6.72 min=-81.23 max=-31.02) V(s)(mean=-45.44 std=4.73) reward(mean=-1.448 std=10.165) clip=100.0
[step 08000] value_loss=1.107078 policy_loss=-0.202170
[step 08000] VALUE_DEBUG: target(mean=-45.44 std=4.98 min=-55.64 max=-29.74) V(s)(mean=-45.51 std=4.70) reward(mean=-0.439 std=0.916) clip=100.0
[step 08000] eval_success_rate=0.000 eval_mean_score=27.260 eval_policy_mode=greedy [solved=0/100, score_range=18.00-36.00/81.0, initial=26.64]
[step 08000] PROGRESS: filled=27.64 violations=0.19 zero_cand=0.00
[step 08000] DEBUG: ep_len=81.0 ep_ret=-108.482 stop_prob=0.000 score_chg=-8.7815
[Checkpoint] Saved to /home/buiksat/trm_bellman/results/sudoku9x9_real/upi_trm_seed3/rl_checkpoint_step_8000.pt
[step 08100] value_loss=2.533342 policy_loss=-0.403837
[step 08100] VALUE_DEBUG: target(mean=-44.76 std=4.65 min=-52.61 max=-28.73) V(s)(mean=-44.81 std=4.49) reward(mean=-0.359 std=1.209) clip=100.0
[step 08200] value_loss=2.063027 policy_loss=-0.737931
[step 08200] VALUE_DEBUG: target(mean=-44.35 std=5.50 min=-50.51 max=-31.14) V(s)(mean=-43.53 std=6.33) reward(mean=-0.292 std=0.511) clip=100.0
[step 08300] value_loss=1.939137 policy_loss=0.296275
[step 08300] VALUE_DEBUG: target(mean=-46.18 std=4.48 min=-53.31 max=-35.50) V(s)(mean=-45.96 std=4.50) reward(mean=-0.473 std=1.016) clip=100.0
[step 08400] value_loss=17.703732 policy_loss=0.239479
[step 08400] VALUE_DEBUG: target(mean=-46.00 std=7.05 min=-81.29 max=-26.53) V(s)(mean=-45.64 std=4.98) reward(mean=-1.648 std=10.061) clip=100.0
[step 08500] value_loss=16.432684 policy_loss=0.096857
[step 08500] VALUE_DEBUG: target(mean=-46.48 std=6.48 min=-81.16 max=-28.20) V(s)(mean=-46.20 std=4.56) reward(mean=-1.576 std=10.041) clip=100.0
[step 08500] eval_success_rate=0.000 eval_mean_score=27.360 eval_policy_mode=greedy [solved=0/100, score_range=18.00-36.00/81.0, initial=26.64]
[step 08500] PROGRESS: filled=27.64 violations=0.14 zero_cand=0.00
[step 08500] DEBUG: ep_len=81.0 ep_ret=-108.618 stop_prob=0.000 score_chg=-8.7453
[step 08600] value_loss=54.397243 policy_loss=0.203918
[step 08600] VALUE_DEBUG: target(mean=-46.88 std=9.27 min=-81.22 max=-28.24) V(s)(mean=-45.21 std=5.55) reward(mean=-4.205 std=17.102) clip=100.0
[step 08700] value_loss=1.230093 policy_loss=-0.143323
[step 08700] VALUE_DEBUG: target(mean=-46.18 std=5.03 min=-52.33 max=-28.29) V(s)(mean=-46.29 std=5.14) reward(mean=-0.393 std=0.709) clip=100.0
[step 08800] value_loss=1.466768 policy_loss=0.055218
[step 08800] VALUE_DEBUG: target(mean=-45.15 std=5.02 min=-54.40 max=-27.61) V(s)(mean=-45.00 std=5.17) reward(mean=-0.376 std=0.990) clip=100.0
[step 08900] value_loss=1.660255 policy_loss=0.271540
[step 08900] VALUE_DEBUG: target(mean=-45.99 std=5.35 min=-54.39 max=-28.68) V(s)(mean=-45.78 std=5.39) reward(mean=-0.408 std=1.116) clip=100.0
[step 09000] value_loss=31.699394 policy_loss=0.090838
[step 09000] VALUE_DEBUG: target(mean=-46.81 std=7.40 min=-81.25 max=-34.22) V(s)(mean=-46.08 std=4.08) reward(mean=-2.761 std=14.107) clip=100.0
[step 09000] eval_success_rate=0.000 eval_mean_score=27.340 eval_policy_mode=greedy [solved=0/100, score_range=18.00-36.00/81.0, initial=26.64]
[step 09000] PROGRESS: filled=27.64 violations=0.15 zero_cand=0.00
[step 09000] DEBUG: ep_len=81.0 ep_ret=-108.245 stop_prob=0.000 score_chg=-8.5928
[Checkpoint] Saved to /home/buiksat/trm_bellman/results/sudoku9x9_real/upi_trm_seed3/rl_checkpoint_step_9000.pt
[step 09100] value_loss=1.682176 policy_loss=0.618655
[step 09100] VALUE_DEBUG: target(mean=-46.76 std=4.02 min=-52.34 max=-34.99) V(s)(mean=-46.68 std=4.15) reward(mean=-0.376 std=0.867) clip=100.0
[step 09200] value_loss=1.309344 policy_loss=0.994423
[step 09200] VALUE_DEBUG: target(mean=-47.08 std=3.35 min=-52.01 max=-35.56) V(s)(mean=-47.42 std=3.00) reward(mean=-0.367 std=0.698) clip=100.0
[step 09300] value_loss=0.591381 policy_loss=0.413383
[step 09300] VALUE_DEBUG: target(mean=-46.29 std=3.53 min=-49.74 max=-35.12) V(s)(mean=-46.32 std=3.87) reward(mean=-0.178 std=0.522) clip=100.0
[step 09400] value_loss=1.512153 policy_loss=0.213230
[step 09400] VALUE_DEBUG: target(mean=-47.22 std=3.83 min=-52.33 max=-29.55) V(s)(mean=-47.00 std=4.11) reward(mean=-0.460 std=0.821) clip=100.0
[step 09500] value_loss=16.476437 policy_loss=0.373694
[step 09500] VALUE_DEBUG: target(mean=-47.56 std=5.90 min=-81.23 max=-32.57) V(s)(mean=-46.98 std=4.20) reward(mean=-1.680 std=10.058) clip=100.0
[step 09500] eval_success_rate=0.000 eval_mean_score=27.360 eval_policy_mode=greedy [solved=0/100, score_range=18.00-36.00/81.0, initial=26.64]
[step 09500] PROGRESS: filled=27.64 violations=0.14 zero_cand=0.00
[step 09500] DEBUG: ep_len=81.0 ep_ret=-108.334 stop_prob=0.000 score_chg=-8.6305
[step 09600] value_loss=0.960804 policy_loss=0.275001
[step 09600] VALUE_DEBUG: target(mean=-46.92 std=4.04 min=-54.61 max=-33.31) V(s)(mean=-47.33 std=3.69) reward(mean=-0.289 std=0.809) clip=100.0
[step 09700] value_loss=17.314333 policy_loss=-0.538012
[step 09700] VALUE_DEBUG: target(mean=-47.19 std=6.13 min=-81.15 max=-35.46) V(s)(mean=-46.73 std=4.11) reward(mean=-1.681 std=10.113) clip=100.0
[step 09800] value_loss=31.699961 policy_loss=0.359803
[step 09800] VALUE_DEBUG: target(mean=-47.97 std=7.00 min=-81.18 max=-37.97) V(s)(mean=-47.05 std=3.75) reward(mean=-2.862 std=14.091) clip=100.0
[step 09900] value_loss=16.187302 policy_loss=0.215451
[step 09900] VALUE_DEBUG: target(mean=-48.01 std=5.11 min=-81.17 max=-40.11) V(s)(mean=-47.62 std=2.83) reward(mean=-1.559 std=10.054) clip=100.0
[step 10000] value_loss=17.001730 policy_loss=-0.328573
[step 10000] VALUE_DEBUG: target(mean=-47.36 std=5.96 min=-81.14 max=-34.52) V(s)(mean=-46.74 std=3.98) reward(mean=-1.755 std=10.084) clip=100.0
[step 10000] eval_success_rate=0.000 eval_mean_score=27.340 eval_policy_mode=greedy [solved=0/100, score_range=18.00-36.00/81.0, initial=26.64]
[step 10000] PROGRESS: filled=27.64 violations=0.15 zero_cand=0.00
[step 10000] DEBUG: ep_len=81.0 ep_ret=-108.487 stop_prob=0.000 score_chg=-8.7600
[Checkpoint] Saved to /home/buiksat/trm_bellman/results/sudoku9x9_real/upi_trm_seed3/rl_checkpoint_step_10000.pt
[step 10100] value_loss=0.866893 policy_loss=-1.004182
[step 10100] VALUE_DEBUG: target(mean=-47.17 std=3.27 min=-52.61 max=-39.39) V(s)(mean=-47.49 std=3.10) reward(mean=-0.118 std=0.844) clip=100.0
[step 10200] value_loss=1.309841 policy_loss=0.052420
[step 10200] VALUE_DEBUG: target(mean=-46.41 std=4.85 min=-54.63 max=-33.50) V(s)(mean=-46.22 std=4.77) reward(mean=-0.379 std=1.019) clip=100.0
[step 10300] value_loss=2.135314 policy_loss=0.024788
[step 10300] VALUE_DEBUG: target(mean=-47.44 std=3.66 min=-52.78 max=-34.98) V(s)(mean=-47.44 std=3.79) reward(mean=-0.238 std=1.222) clip=100.0
[step 10400] value_loss=30.133236 policy_loss=0.160899
[step 10400] VALUE_DEBUG: target(mean=-47.66 std=7.03 min=-81.11 max=-33.90) V(s)(mean=-47.15 std=3.58) reward(mean=-2.699 std=14.011) clip=100.0
[step 10500] value_loss=15.949383 policy_loss=0.173521
[step 10500] VALUE_DEBUG: target(mean=-47.37 std=6.02 min=-80.10 max=-35.74) V(s)(mean=-46.78 std=4.48) reward(mean=-1.638 std=9.951) clip=100.0
[step 10500] eval_success_rate=0.000 eval_mean_score=27.300 eval_policy_mode=greedy [solved=0/100, score_range=18.00-36.00/81.0, initial=26.64]
[step 10500] PROGRESS: filled=27.64 violations=0.17 zero_cand=0.00
[step 10500] DEBUG: ep_len=81.0 ep_ret=-108.454 stop_prob=0.000 score_chg=-8.6308
[step 10600] value_loss=0.851254 policy_loss=0.013296
[step 10600] VALUE_DEBUG: target(mean=-47.04 std=3.59 min=-53.66 max=-37.72) V(s)(mean=-47.12 std=3.42) reward(mean=-0.286 std=0.826) clip=100.0
[step 10700] value_loss=16.705034 policy_loss=0.252879
[step 10700] VALUE_DEBUG: target(mean=-47.26 std=6.67 min=-81.25 max=-29.97) V(s)(mean=-46.61 std=5.01) reward(mean=-1.676 std=10.088) clip=100.0
[step 10800] value_loss=1.587968 policy_loss=0.165897
[step 10800] VALUE_DEBUG: target(mean=-47.39 std=3.73 min=-54.65 max=-32.05) V(s)(mean=-47.31 std=3.47) reward(mean=-0.399 std=1.090) clip=100.0
[step 10900] value_loss=0.749585 policy_loss=0.139093
[step 10900] VALUE_DEBUG: target(mean=-46.21 std=4.22 min=-52.52 max=-30.83) V(s)(mean=-46.45 std=4.30) reward(mean=-0.230 std=0.686) clip=100.0
[step 11000] value_loss=0.916611 policy_loss=-0.094144
[step 11000] VALUE_DEBUG: target(mean=-46.81 std=4.66 min=-53.62 max=-30.42) V(s)(mean=-46.82 std=4.44) reward(mean=-0.393 std=0.851) clip=100.0
[step 11000] eval_success_rate=0.000 eval_mean_score=27.340 eval_policy_mode=greedy [solved=0/100, score_range=18.00-36.00/81.0, initial=26.64]
[step 11000] PROGRESS: filled=27.64 violations=0.15 zero_cand=0.00
[step 11000] DEBUG: ep_len=81.0 ep_ret=-108.501 stop_prob=0.000 score_chg=-8.5890
[Checkpoint] Saved to /home/buiksat/trm_bellman/results/sudoku9x9_real/upi_trm_seed3/rl_checkpoint_step_11000.pt
[step 11100] value_loss=111.547638 policy_loss=0.113440
[step 11100] VALUE_DEBUG: target(mean=-51.67 std=10.87 min=-82.17 max=-32.48) V(s)(mean=-48.23 std=3.03) reward(mean=-9.268 std=25.265) clip=100.0
[step 11200] value_loss=1.501553 policy_loss=0.010044
[step 11200] VALUE_DEBUG: target(mean=-48.09 std=3.21 min=-54.77 max=-38.54) V(s)(mean=-48.10 std=2.96) reward(mean=-0.431 std=1.110) clip=100.0
[step 11300] value_loss=30.746361 policy_loss=0.040336
[step 11300] VALUE_DEBUG: target(mean=-48.72 std=6.51 min=-81.27 max=-38.17) V(s)(mean=-48.03 std=3.00) reward(mean=-2.673 std=14.101) clip=100.0
[step 11400] value_loss=1.607500 policy_loss=-0.862336
[step 11400] VALUE_DEBUG: target(mean=-47.97 std=3.74 min=-55.65 max=-34.94) V(s)(mean=-48.12 std=3.42) reward(mean=-0.366 std=1.228) clip=100.0
[step 11500] value_loss=0.197400 policy_loss=0.568743
[step 11500] VALUE_DEBUG: target(mean=-46.09 std=4.48 min=-50.83 max=-31.23) V(s)(mean=-46.38 std=4.43) reward(mean=-0.234 std=0.254) clip=100.0
[step 11500] eval_success_rate=0.000 eval_mean_score=27.340 eval_policy_mode=greedy [solved=0/100, score_range=18.00-36.00/81.0, initial=26.64]
[step 11500] PROGRESS: filled=27.64 violations=0.15 zero_cand=0.00
[step 11500] DEBUG: ep_len=81.0 ep_ret=-108.387 stop_prob=0.000 score_chg=-8.5890
[step 11600] value_loss=0.549717 policy_loss=0.110323
[step 11600] VALUE_DEBUG: target(mean=-47.50 std=3.29 min=-53.80 max=-37.11) V(s)(mean=-47.54 std=3.19) reward(mean=-0.390 std=0.697) clip=100.0
[step 11700] value_loss=16.834490 policy_loss=-0.080650
[step 11700] VALUE_DEBUG: target(mean=-48.36 std=5.07 min=-81.31 max=-39.36) V(s)(mean=-48.09 std=2.80) reward(mean=-1.598 std=10.085) clip=100.0
[step 11800] value_loss=0.387096 policy_loss=-0.733556
[step 11800] VALUE_DEBUG: target(mean=-47.84 std=3.21 min=-52.73 max=-38.69) V(s)(mean=-47.98 std=3.25) reward(mean=-0.238 std=0.586) clip=100.0
[step 11900] value_loss=31.196888 policy_loss=-0.013855
[step 11900] VALUE_DEBUG: target(mean=-49.16 std=6.49 min=-81.24 max=-32.95) V(s)(mean=-48.36 std=3.02) reward(mean=-2.788 std=14.101) clip=100.0
[step 12000] value_loss=16.987869 policy_loss=0.596104
[step 12000] VALUE_DEBUG: target(mean=-48.34 std=5.92 min=-81.31 max=-33.35) V(s)(mean=-47.80 std=3.92) reward(mean=-1.756 std=10.086) clip=100.0
[step 12000] eval_success_rate=0.000 eval_mean_score=27.340 eval_policy_mode=greedy [solved=0/100, score_range=17.00-36.00/81.0, initial=26.64]
[step 12000] PROGRESS: filled=27.64 violations=0.15 zero_cand=0.00
[step 12000] DEBUG: ep_len=81.0 ep_ret=-108.374 stop_prob=0.000 score_chg=-8.4680
[Checkpoint] Saved to /home/buiksat/trm_bellman/results/sudoku9x9_real/upi_trm_seed3/rl_checkpoint_step_12000.pt
[step 12100] value_loss=33.412899 policy_loss=0.148901
[step 12100] VALUE_DEBUG: target(mean=-48.46 std=7.05 min=-84.06 max=-36.40) V(s)(mean=-47.53 std=3.70) reward(mean=-2.796 std=14.336) clip=100.0
[step 12200] value_loss=33.129963 policy_loss=0.014688
[step 12200] VALUE_DEBUG: target(mean=-48.74 std=7.06 min=-81.22 max=-34.28) V(s)(mean=-47.81 std=3.75) reward(mean=-2.919 std=14.142) clip=100.0
[step 12300] value_loss=18.736187 policy_loss=0.189798
[step 12300] VALUE_DEBUG: target(mean=-48.26 std=6.15 min=-81.09 max=-33.17) V(s)(mean=-47.40 std=4.08) reward(mean=-1.938 std=10.120) clip=100.0
[step 12400] value_loss=16.163740 policy_loss=0.211087
[step 12400] VALUE_DEBUG: target(mean=-48.66 std=5.10 min=-81.17 max=-37.82) V(s)(mean=-48.37 std=2.95) reward(mean=-1.558 std=10.070) clip=100.0
[step 12500] value_loss=16.382975 policy_loss=0.154372
[step 12500] VALUE_DEBUG: target(mean=-47.96 std=5.87 min=-81.17 max=-33.48) V(s)(mean=-47.51 std=3.95) reward(mean=-1.681 std=10.057) clip=100.0
[step 12500] eval_success_rate=0.000 eval_mean_score=27.400 eval_policy_mode=greedy [solved=0/100, score_range=18.00-36.00/81.0, initial=26.64]
[step 12500] PROGRESS: filled=27.64 violations=0.12 zero_cand=0.00
[step 12500] DEBUG: ep_len=81.0 ep_ret=-108.641 stop_prob=0.000 score_chg=-8.7912
[step 12600] value_loss=2.319373 policy_loss=0.094467
[step 12600] VALUE_DEBUG: target(mean=-48.15 std=3.07 min=-57.52 max=-38.12) V(s)(mean=-48.09 std=3.18) reward(mean=-0.286 std=1.308) clip=100.0
[step 12700] value_loss=32.554916 policy_loss=-0.064909
[step 12700] VALUE_DEBUG: target(mean=-48.79 std=6.84 min=-82.10 max=-38.13) V(s)(mean=-47.84 std=3.52) reward(mean=-2.910 std=14.162) clip=100.0
[step 12800] value_loss=1.781103 policy_loss=0.050669
[step 12800] VALUE_DEBUG: target(mean=-47.26 std=3.89 min=-52.76 max=-34.89) V(s)(mean=-47.26 std=3.80) reward(mean=-0.476 std=1.013) clip=100.0
[step 12900] value_loss=16.726425 policy_loss=0.285253
[step 12900] VALUE_DEBUG: target(mean=-47.20 std=6.09 min=-81.20 max=-33.56) V(s)(mean=-46.62 std=4.40) reward(mean=-1.704 std=10.070) clip=100.0
[step 13000] value_loss=15.735843 policy_loss=0.078184
[step 13000] VALUE_DEBUG: target(mean=-48.81 std=4.99 min=-81.18 max=-39.32) V(s)(mean=-48.54 std=2.66) reward(mean=-1.610 std=10.046) clip=100.0
[step 13000] eval_success_rate=0.000 eval_mean_score=27.340 eval_policy_mode=greedy [solved=0/100, score_range=18.00-36.00/81.0, initial=26.64]
[step 13000] PROGRESS: filled=27.64 violations=0.15 zero_cand=0.00
[step 13000] DEBUG: ep_len=81.0 ep_ret=-108.684 stop_prob=0.000 score_chg=-8.8445
[Checkpoint] Saved to /home/buiksat/trm_bellman/results/sudoku9x9_real/upi_trm_seed3/rl_checkpoint_step_13000.pt
[step 13100] value_loss=30.950985 policy_loss=0.044655
[step 13100] VALUE_DEBUG: target(mean=-48.68 std=6.86 min=-81.34 max=-35.72) V(s)(mean=-47.90 std=3.56) reward(mean=-2.795 std=14.110) clip=100.0
[step 13200] value_loss=1.113186 policy_loss=-0.024355
[step 13200] VALUE_DEBUG: target(mean=-47.84 std=3.23 min=-53.74 max=-33.98) V(s)(mean=-48.02 std=3.17) reward(mean=-0.266 std=0.935) clip=100.0
[step 13300] value_loss=0.331207 policy_loss=0.447875
[step 13300] VALUE_DEBUG: target(mean=-47.12 std=4.03 min=-52.69 max=-33.59) V(s)(mean=-47.15 std=4.18) reward(mean=-0.223 std=0.482) clip=100.0
[step 13400] value_loss=15.662535 policy_loss=0.113057
[step 13400] VALUE_DEBUG: target(mean=-48.16 std=5.36 min=-81.15 max=-35.43) V(s)(mean=-47.79 std=3.39) reward(mean=-1.547 std=10.045) clip=100.0
[step 13500] value_loss=17.473007 policy_loss=-0.130401
[step 13500] VALUE_DEBUG: target(mean=-48.39 std=5.64 min=-82.12 max=-36.17) V(s)(mean=-48.06 std=3.38) reward(mean=-1.537 std=10.208) clip=100.0
[step 13500] eval_success_rate=0.000 eval_mean_score=27.420 eval_policy_mode=greedy [solved=0/100, score_range=18.00-36.00/81.0, initial=26.64]
[step 13500] PROGRESS: filled=27.64 violations=0.11 zero_cand=0.00
[step 13500] DEBUG: ep_len=81.0 ep_ret=-108.856 stop_prob=0.000 score_chg=-8.9655
[step 13600] value_loss=16.944084 policy_loss=0.153710
[step 13600] VALUE_DEBUG: target(mean=-48.18 std=5.52 min=-81.32 max=-37.10) V(s)(mean=-47.82 std=3.37) reward(mean=-1.486 std=10.105) clip=100.0
[step 13700] value_loss=0.916850 policy_loss=0.433205
[step 13700] VALUE_DEBUG: target(mean=-47.81 std=3.78 min=-52.74 max=-35.75) V(s)(mean=-47.74 std=3.73) reward(mean=-0.370 std=0.766) clip=100.0
[step 13800] value_loss=0.502611 policy_loss=-0.040064
[step 13800] VALUE_DEBUG: target(mean=-47.68 std=3.66 min=-54.68 max=-36.54) V(s)(mean=-47.83 std=3.56) reward(mean=-0.313 std=0.689) clip=100.0
[step 13900] value_loss=19.255259 policy_loss=0.156437
[step 13900] VALUE_DEBUG: target(mean=-48.64 std=5.09 min=-81.19 max=-35.37) V(s)(mean=-48.10 std=2.86) reward(mean=-1.693 std=10.053) clip=100.0
[step 14000] value_loss=2.957782 policy_loss=-0.166096
[step 14000] VALUE_DEBUG: target(mean=-47.44 std=3.79 min=-54.62 max=-35.30) V(s)(mean=-47.35 std=4.03) reward(mean=-0.290 std=1.501) clip=100.0
[step 14000] eval_success_rate=0.000 eval_mean_score=27.440 eval_policy_mode=greedy [solved=0/100, score_range=18.00-36.00/81.0, initial=26.64]
[step 14000] PROGRESS: filled=27.64 violations=0.10 zero_cand=0.00
[step 14000] DEBUG: ep_len=81.0 ep_ret=-108.903 stop_prob=0.000 score_chg=-9.0255
[Checkpoint] Saved to /home/buiksat/trm_bellman/results/sudoku9x9_real/upi_trm_seed3/rl_checkpoint_step_14000.pt
[step 14100] value_loss=0.550306 policy_loss=0.038867
[step 14100] VALUE_DEBUG: target(mean=-47.01 std=4.18 min=-54.73 max=-36.06) V(s)(mean=-47.17 std=3.98) reward(mean=-0.247 std=0.677) clip=100.0
[step 14200] value_loss=15.664120 policy_loss=0.065953
[step 14200] VALUE_DEBUG: target(mean=-48.14 std=5.35 min=-81.16 max=-34.72) V(s)(mean=-47.85 std=3.32) reward(mean=-1.464 std=10.064) clip=100.0
[step 14300] value_loss=0.382180 policy_loss=-0.278742
[step 14300] VALUE_DEBUG: target(mean=-47.88 std=3.33 min=-51.58 max=-37.26) V(s)(mean=-47.91 std=3.56) reward(mean=-0.305 std=0.510) clip=100.0
[step 14400] value_loss=0.833092 policy_loss=0.355644
[step 14400] VALUE_DEBUG: target(mean=-47.74 std=3.71 min=-52.82 max=-35.67) V(s)(mean=-47.82 std=3.47) reward(mean=-0.368 std=0.680) clip=100.0
[step 14500] value_loss=0.427350 policy_loss=-0.093903
[step 14500] VALUE_DEBUG: target(mean=-48.44 std=2.78 min=-54.72 max=-37.98) V(s)(mean=-48.56 std=2.74) reward(mean=-0.286 std=0.662) clip=100.0
[step 14500] eval_success_rate=0.000 eval_mean_score=27.430 eval_policy_mode=greedy [solved=0/100, score_range=18.00-36.00/81.0, initial=26.64]
[step 14500] PROGRESS: filled=27.65 violations=0.11 zero_cand=0.00
[step 14500] DEBUG: ep_len=81.0 ep_ret=-109.017 stop_prob=0.000 score_chg=-9.0832
[step 14600] value_loss=15.908102 policy_loss=-0.412386
[step 14600] VALUE_DEBUG: target(mean=-48.28 std=5.42 min=-81.24 max=-34.06) V(s)(mean=-48.10 std=3.35) reward(mean=-1.396 std=10.084) clip=100.0
[step 14700] value_loss=31.383011 policy_loss=0.075307
[step 14700] VALUE_DEBUG: target(mean=-48.87 std=6.60 min=-81.23 max=-37.48) V(s)(mean=-48.05 std=3.05) reward(mean=-2.805 std=14.106) clip=100.0
[step 14800] value_loss=18.130688 policy_loss=0.001604
[step 14800] VALUE_DEBUG: target(mean=-48.42 std=5.89 min=-82.10 max=-33.50) V(s)(mean=-47.93 std=3.97) reward(mean=-1.588 std=10.213) clip=100.0
[step 14900] value_loss=15.420717 policy_loss=-0.237910
[step 14900] VALUE_DEBUG: target(mean=-47.66 std=5.52 min=-81.29 max=-39.33) V(s)(mean=-47.44 std=3.54) reward(mean=-1.509 std=10.052) clip=100.0
[step 15000] value_loss=16.695213 policy_loss=-0.159733
[step 15000] VALUE_DEBUG: target(mean=-48.80 std=4.79 min=-81.20 max=-40.23) V(s)(mean=-48.45 std=2.47) reward(mean=-1.502 std=10.086) clip=100.0
[step 15000] eval_success_rate=0.000 eval_mean_score=27.480 eval_policy_mode=greedy [solved=0/100, score_range=18.00-36.00/81.0, initial=26.64]
[step 15000] PROGRESS: filled=27.64 violations=0.08 zero_cand=0.00
[step 15000] DEBUG: ep_len=81.0 ep_ret=-108.745 stop_prob=0.000 score_chg=-8.6145
[Checkpoint] Saved to /home/buiksat/trm_bellman/results/sudoku9x9_real/upi_trm_seed3/rl_checkpoint_step_15000.pt
[step 15100] value_loss=0.736302 policy_loss=0.556654
[step 15100] VALUE_DEBUG: target(mean=-47.08 std=3.69 min=-55.72 max=-37.69) V(s)(mean=-47.18 std=3.51) reward(mean=-0.325 std=0.861) clip=100.0
[step 15200] value_loss=0.939587 policy_loss=0.032997
[step 15200] VALUE_DEBUG: target(mean=-48.48 std=2.81 min=-55.75 max=-39.28) V(s)(mean=-48.45 std=2.77) reward(mean=-0.401 std=0.946) clip=100.0
[step 15300] value_loss=16.770107 policy_loss=0.144593
[step 15300] VALUE_DEBUG: target(mean=-48.91 std=4.83 min=-81.07 max=-39.73) V(s)(mean=-48.50 std=2.36) reward(mean=-1.611 std=10.045) clip=100.0
[step 15400] value_loss=16.815500 policy_loss=0.371595
[step 15400] VALUE_DEBUG: target(mean=-48.82 std=5.30 min=-81.16 max=-38.81) V(s)(mean=-48.21 std=3.08) reward(mean=-1.810 std=10.077) clip=100.0
[step 15500] value_loss=0.881544 policy_loss=0.190475
[step 15500] VALUE_DEBUG: target(mean=-47.95 std=3.62 min=-53.76 max=-36.97) V(s)(mean=-48.04 std=3.21) reward(mean=-0.452 std=0.891) clip=100.0
[step 15500] eval_success_rate=0.000 eval_mean_score=27.460 eval_policy_mode=greedy [solved=0/100, score_range=18.00-36.00/81.0, initial=26.64]
[step 15500] PROGRESS: filled=27.64 violations=0.09 zero_cand=0.00
[step 15500] DEBUG: ep_len=81.0 ep_ret=-109.173 stop_prob=0.000 score_chg=-9.1958
[step 15600] value_loss=18.876909 policy_loss=-0.105264
[step 15600] VALUE_DEBUG: target(mean=-48.24 std=5.69 min=-84.28 max=-37.17) V(s)(mean=-47.79 std=3.33) reward(mean=-1.592 std=10.443) clip=100.0
[step 15700] value_loss=16.349476 policy_loss=0.093659
[step 15700] VALUE_DEBUG: target(mean=-48.97 std=4.99 min=-81.20 max=-33.85) V(s)(mean=-48.67 std=2.50) reward(mean=-1.669 std=10.064) clip=100.0
[step 15800] value_loss=21.262434 policy_loss=-0.164261
[step 15800] VALUE_DEBUG: target(mean=-48.70 std=5.84 min=-86.12 max=-36.59) V(s)(mean=-48.09 std=3.34) reward(mean=-1.737 std=10.673) clip=100.0
[step 15900] value_loss=21.431122 policy_loss=0.181795
[step 15900] VALUE_DEBUG: target(mean=-49.13 std=5.08 min=-81.22 max=-35.88) V(s)(mean=-48.69 std=2.64) reward(mean=-1.581 std=10.124) clip=100.0
[step 16000] value_loss=16.239265 policy_loss=0.141742
[step 16000] VALUE_DEBUG: target(mean=-48.84 std=4.97 min=-81.11 max=-37.62) V(s)(mean=-48.42 std=2.87) reward(mean=-1.687 std=10.051) clip=100.0
[step 16000] eval_success_rate=0.000 eval_mean_score=27.530 eval_policy_mode=greedy [solved=0/100, score_range=18.00-36.00/81.0, initial=26.64]
[step 16000] PROGRESS: filled=27.65 violations=0.06 zero_cand=0.00
[step 16000] DEBUG: ep_len=81.0 ep_ret=-108.995 stop_prob=0.000 score_chg=-8.9062
[Checkpoint] Saved to /home/buiksat/trm_bellman/results/sudoku9x9_real/upi_trm_seed3/rl_checkpoint_step_16000.pt
[step 16100] value_loss=0.903233 policy_loss=0.418273
[step 16100] VALUE_DEBUG: target(mean=-48.55 std=2.59 min=-52.65 max=-40.36) V(s)(mean=-48.55 std=2.44) reward(mean=-0.415 std=0.806) clip=100.0
[step 16200] value_loss=0.690973 policy_loss=-0.133998
[step 16200] VALUE_DEBUG: target(mean=-47.23 std=4.06 min=-54.74 max=-37.14) V(s)(mean=-47.35 std=3.96) reward(mean=-0.335 std=0.796) clip=100.0
[step 16300] value_loss=16.082392 policy_loss=-0.338227
[step 16300] VALUE_DEBUG: target(mean=-48.84 std=5.08 min=-81.26 max=-38.87) V(s)(mean=-48.42 std=2.96) reward(mean=-1.628 std=10.066) clip=100.0
[step 16400] value_loss=0.515437 policy_loss=0.043905
[step 16400] VALUE_DEBUG: target(mean=-47.71 std=3.46 min=-52.77 max=-36.48) V(s)(mean=-47.78 std=3.62) reward(mean=-0.289 std=0.541) clip=100.0
[step 16500] value_loss=17.281029 policy_loss=0.092581
[step 16500] VALUE_DEBUG: target(mean=-48.60 std=5.53 min=-81.27 max=-35.97) V(s)(mean=-48.28 std=3.34) reward(mean=-1.479 std=10.149) clip=100.0
[step 16500] eval_success_rate=0.000 eval_mean_score=27.540 eval_policy_mode=greedy [solved=0/100, score_range=18.00-36.00/81.0, initial=26.64]
[step 16500] PROGRESS: filled=27.66 violations=0.06 zero_cand=0.00
[step 16500] DEBUG: ep_len=81.0 ep_ret=-108.955 stop_prob=0.000 score_chg=-8.8317
[step 16600] value_loss=16.240292 policy_loss=-0.270329
[step 16600] VALUE_DEBUG: target(mean=-48.29 std=5.16 min=-81.15 max=-38.56) V(s)(mean=-48.01 std=3.21) reward(mean=-1.426 std=10.083) clip=100.0
[step 16700] value_loss=16.598539 policy_loss=0.508520
[step 16700] VALUE_DEBUG: target(mean=-48.77 std=5.34 min=-81.18 max=-34.51) V(s)(mean=-48.27 std=3.40) reward(mean=-1.716 std=10.059) clip=100.0
[step 16800] value_loss=16.015676 policy_loss=0.248352
[step 16800] VALUE_DEBUG: target(mean=-48.05 std=5.81 min=-81.22 max=-33.61) V(s)(mean=-47.65 std=3.88) reward(mean=-1.606 std=10.072) clip=100.0
[step 16900] value_loss=2.281754 policy_loss=0.546275
[step 16900] VALUE_DEBUG: target(mean=-48.85 std=2.70 min=-55.52 max=-40.87) V(s)(mean=-48.67 std=2.37) reward(mean=-0.489 std=1.413) clip=100.0
[step 17000] value_loss=0.377186 policy_loss=-0.081168
[step 17000] VALUE_DEBUG: target(mean=-48.34 std=2.60 min=-52.75 max=-41.14) V(s)(mean=-48.52 std=2.60) reward(mean=-0.265 std=0.592) clip=100.0
[step 17000] eval_success_rate=0.000 eval_mean_score=27.580 eval_policy_mode=greedy [solved=0/100, score_range=18.00-36.00/81.0, initial=26.64]
[step 17000] PROGRESS: filled=27.70 violations=0.06 zero_cand=0.00
[step 17000] DEBUG: ep_len=81.0 ep_ret=-109.028 stop_prob=0.000 score_chg=-8.7033
[Checkpoint] Saved to /home/buiksat/trm_bellman/results/sudoku9x9_real/upi_trm_seed3/rl_checkpoint_step_17000.pt
[step 17100] value_loss=32.931908 policy_loss=0.182527
[step 17100] VALUE_DEBUG: target(mean=-48.70 std=6.92 min=-81.12 max=-35.19) V(s)(mean=-47.90 std=3.85) reward(mean=-2.676 std=14.123) clip=100.0
[step 17200] value_loss=15.739693 policy_loss=0.257298
[step 17200] VALUE_DEBUG: target(mean=-48.33 std=5.35 min=-81.17 max=-38.11) V(s)(mean=-48.00 std=3.41) reward(mean=-1.508 std=10.062) clip=100.0
[step 17300] value_loss=1.375123 policy_loss=0.200096
[step 17300] VALUE_DEBUG: target(mean=-47.92 std=3.49 min=-55.62 max=-37.84) V(s)(mean=-47.80 std=3.45) reward(mean=-0.450 std=1.009) clip=100.0
[step 17400] value_loss=2.379697 policy_loss=0.309386
[step 17400] VALUE_DEBUG: target(mean=-47.80 std=4.00 min=-55.53 max=-34.27) V(s)(mean=-47.98 std=3.58) reward(mean=-0.302 std=1.547) clip=100.0
[step 17500] value_loss=31.090357 policy_loss=0.398410
[step 17500] VALUE_DEBUG: target(mean=-49.28 std=6.56 min=-81.17 max=-34.29) V(s)(mean=-48.28 std=3.14) reward(mean=-2.883 std=14.080) clip=100.0
[step 17500] eval_success_rate=0.000 eval_mean_score=27.610 eval_policy_mode=greedy [solved=0/100, score_range=18.00-36.00/81.0, initial=26.64]
[step 17500] PROGRESS: filled=27.69 violations=0.04 zero_cand=0.00
[step 17500] DEBUG: ep_len=81.0 ep_ret=-108.812 stop_prob=0.000 score_chg=-8.5493
[step 17600] value_loss=0.678730 policy_loss=0.321767
[step 17600] VALUE_DEBUG: target(mean=-47.10 std=4.40 min=-53.72 max=-34.47) V(s)(mean=-47.27 std=4.13) reward(mean=-0.343 std=0.792) clip=100.0
[step 17700] value_loss=15.586754 policy_loss=0.357001
[step 17700] VALUE_DEBUG: target(mean=-48.43 std=5.51 min=-81.17 max=-35.20) V(s)(mean=-48.08 std=3.43) reward(mean=-1.557 std=10.051) clip=100.0
[step 17800] value_loss=16.824093 policy_loss=0.199678
[step 17800] VALUE_DEBUG: target(mean=-48.61 std=5.61 min=-81.31 max=-36.65) V(s)(mean=-47.94 std=3.58) reward(mean=-1.799 std=10.093) clip=100.0
[step 17900] value_loss=15.856551 policy_loss=-1.317391
[step 17900] VALUE_DEBUG: target(mean=-48.36 std=5.50 min=-81.17 max=-36.50) V(s)(mean=-47.99 std=3.38) reward(mean=-1.602 std=10.060) clip=100.0
[step 18000] value_loss=17.991045 policy_loss=0.502066
[step 18000] VALUE_DEBUG: target(mean=-48.84 std=5.38 min=-81.05 max=-37.48) V(s)(mean=-48.36 std=2.98) reward(mean=-1.675 std=10.150) clip=100.0
[step 18000] eval_success_rate=0.000 eval_mean_score=27.610 eval_policy_mode=greedy [solved=0/100, score_range=18.00-37.00/81.0, initial=26.64]
[step 18000] PROGRESS: filled=27.69 violations=0.04 zero_cand=0.00
[step 18000] DEBUG: ep_len=81.0 ep_ret=-109.087 stop_prob=0.000 score_chg=-8.7197
[Checkpoint] Saved to /home/buiksat/trm_bellman/results/sudoku9x9_real/upi_trm_seed3/rl_checkpoint_step_18000.pt
[step 18100] value_loss=0.882751 policy_loss=-0.123218
[step 18100] VALUE_DEBUG: target(mean=-48.29 std=3.46 min=-54.65 max=-37.42) V(s)(mean=-48.36 std=3.48) reward(mean=-0.248 std=0.927) clip=100.0
[step 18200] value_loss=16.961157 policy_loss=0.457199
[step 18200] VALUE_DEBUG: target(mean=-48.50 std=5.40 min=-81.18 max=-37.94) V(s)(mean=-48.05 std=3.37) reward(mean=-1.605 std=10.067) clip=100.0
[step 18300] value_loss=0.879296 policy_loss=0.027910
[step 18300] VALUE_DEBUG: target(mean=-48.26 std=3.35 min=-54.28 max=-35.10) V(s)(mean=-48.40 std=3.35) reward(mean=-0.293 std=0.818) clip=100.0
[step 18400] value_loss=0.423519 policy_loss=0.306422
[step 18400] VALUE_DEBUG: target(mean=-48.23 std=3.08 min=-52.71 max=-35.85) V(s)(mean=-48.49 std=3.04) reward(mean=-0.204 std=0.596) clip=100.0
[step 18500] value_loss=1.022300 policy_loss=0.604956
[step 18500] VALUE_DEBUG: target(mean=-48.07 std=3.07 min=-52.08 max=-38.55) V(s)(mean=-48.28 std=3.16) reward(mean=-0.164 std=0.870) clip=100.0
[step 18500] eval_success_rate=0.000 eval_mean_score=27.560 eval_policy_mode=greedy [solved=0/100, score_range=18.00-36.00/81.0, initial=26.64]
[step 18500] PROGRESS: filled=27.64 violations=0.04 zero_cand=0.00
[step 18500] DEBUG: ep_len=81.0 ep_ret=-109.126 stop_prob=0.000 score_chg=-8.8100
[step 18600] value_loss=1.146372 policy_loss=0.367535
[step 18600] VALUE_DEBUG: target(mean=-47.73 std=3.46 min=-55.56 max=-37.39) V(s)(mean=-47.66 std=3.30) reward(mean=-0.401 std=1.060) clip=100.0
[step 18700] value_loss=15.863214 policy_loss=0.132399
[step 18700] VALUE_DEBUG: target(mean=-49.54 std=4.47 min=-81.21 max=-40.55) V(s)(mean=-49.12 std=1.90) reward(mean=-1.646 std=10.051) clip=100.0
[step 18800] value_loss=15.839322 policy_loss=0.828250
[step 18800] VALUE_DEBUG: target(mean=-48.48 std=5.15 min=-81.19 max=-39.58) V(s)(mean=-48.17 std=2.94) reward(mean=-1.603 std=10.056) clip=100.0
[step 18900] value_loss=16.483301 policy_loss=-0.089348
[step 18900] VALUE_DEBUG: target(mean=-48.19 std=5.70 min=-81.22 max=-36.70) V(s)(mean=-47.63 std=3.92) reward(mean=-1.687 std=10.063) clip=100.0
[step 19000] value_loss=1.281062 policy_loss=0.002077
[step 19000] VALUE_DEBUG: target(mean=-48.37 std=3.49 min=-54.74 max=-37.44) V(s)(mean=-48.22 std=3.10) reward(mean=-0.587 std=1.098) clip=100.0
[step 19000] eval_success_rate=0.000 eval_mean_score=27.600 eval_policy_mode=greedy [solved=0/100, score_range=18.00-36.00/81.0, initial=26.64]
[step 19000] PROGRESS: filled=27.72 violations=0.06 zero_cand=0.00
[step 19000] DEBUG: ep_len=81.0 ep_ret=-109.032 stop_prob=0.000 score_chg=-8.5820
[Checkpoint] Saved to /home/buiksat/trm_bellman/results/sudoku9x9_real/upi_trm_seed3/rl_checkpoint_step_19000.pt
[step 19100] value_loss=16.195944 policy_loss=0.088807
[step 19100] VALUE_DEBUG: target(mean=-48.98 std=5.14 min=-81.12 max=-38.53) V(s)(mean=-48.47 std=3.02) reward(mean=-1.679 std=10.057) clip=100.0
[step 19200] value_loss=30.656967 policy_loss=-0.290522
[step 19200] VALUE_DEBUG: target(mean=-49.72 std=6.27 min=-81.09 max=-34.41) V(s)(mean=-48.69 std=2.70) reward(mean=-3.019 std=13.923) clip=100.0
[step 19300] value_loss=0.817486 policy_loss=0.622999
[step 19300] VALUE_DEBUG: target(mean=-47.96 std=3.75 min=-54.66 max=-35.81) V(s)(mean=-47.98 std=3.54) reward(mean=-0.418 std=0.915) clip=100.0
[step 19400] value_loss=31.131800 policy_loss=0.372228
[step 19400] VALUE_DEBUG: target(mean=-49.23 std=6.66 min=-81.29 max=-37.39) V(s)(mean=-48.26 std=3.40) reward(mean=-2.903 std=14.081) clip=100.0
[step 19500] value_loss=33.869499 policy_loss=-0.128882
[step 19500] VALUE_DEBUG: target(mean=-49.55 std=6.76 min=-82.24 max=-33.07) V(s)(mean=-48.56 std=3.27) reward(mean=-2.960 std=14.180) clip=100.0
[step 19500] eval_success_rate=0.000 eval_mean_score=27.600 eval_policy_mode=greedy [solved=0/100, score_range=18.00-36.00/81.0, initial=26.64]
[step 19500] PROGRESS: filled=27.72 violations=0.06 zero_cand=0.00
[step 19500] DEBUG: ep_len=81.0 ep_ret=-108.725 stop_prob=0.000 score_chg=-8.4060
[step 19600] value_loss=32.266663 policy_loss=0.021071
[step 19600] VALUE_DEBUG: target(mean=-49.31 std=6.65 min=-81.26 max=-37.38) V(s)(mean=-48.20 std=3.18) reward(mean=-3.070 std=14.070) clip=100.0
[step 19700] value_loss=17.421408 policy_loss=0.335247
[step 19700] VALUE_DEBUG: target(mean=-48.20 std=5.27 min=-81.26 max=-38.17) V(s)(mean=-47.99 std=3.06) reward(mean=-1.399 std=10.112) clip=100.0
[step 19800] value_loss=16.067694 policy_loss=-0.350728
[step 19800] VALUE_DEBUG: target(mean=-48.74 std=5.27 min=-81.14 max=-35.80) V(s)(mean=-48.25 std=3.17) reward(mean=-1.686 std=10.050) clip=100.0
[step 19900] value_loss=15.771905 policy_loss=-0.285700
[step 19900] VALUE_DEBUG: target(mean=-48.81 std=5.04 min=-81.20 max=-38.61) V(s)(mean=-48.36 std=3.01) reward(mean=-1.591 std=10.051) clip=100.0
[step 20000] value_loss=1.919197 policy_loss=0.416541
[step 20000] VALUE_DEBUG: target(mean=-48.21 std=3.66 min=-58.69 max=-35.77) V(s)(mean=-48.16 std=3.27) reward(mean=-0.496 std=1.339) clip=100.0
[step 20000] eval_success_rate=0.000 eval_mean_score=27.590 eval_policy_mode=greedy [solved=0/100, score_range=18.00-36.00/81.0, initial=26.64]
[step 20000] PROGRESS: filled=27.71 violations=0.06 zero_cand=0.00
[step 20000] DEBUG: ep_len=81.0 ep_ret=-108.654 stop_prob=0.000 score_chg=-8.2545
[Checkpoint] Saved to /home/buiksat/trm_bellman/results/sudoku9x9_real/upi_trm_seed3/rl_checkpoint_step_20000.pt
[step 20100] value_loss=0.594577 policy_loss=-0.021693
[step 20100] VALUE_DEBUG: target(mean=-48.19 std=3.52 min=-54.71 max=-35.23) V(s)(mean=-48.24 std=3.41) reward(mean=-0.377 std=0.775) clip=100.0
[step 20200] value_loss=33.690285 policy_loss=0.122238
[step 20200] VALUE_DEBUG: target(mean=-49.44 std=6.97 min=-81.24 max=-34.92) V(s)(mean=-48.36 std=3.46) reward(mean=-3.022 std=14.158) clip=100.0
[step 20300] value_loss=30.559418 policy_loss=0.234353
[step 20300] VALUE_DEBUG: target(mean=-49.42 std=6.26 min=-81.16 max=-40.79) V(s)(mean=-48.60 std=2.53) reward(mean=-2.840 std=14.072) clip=100.0
[step 20400] value_loss=17.109055 policy_loss=-0.293537
[step 20400] VALUE_DEBUG: target(mean=-48.82 std=5.24 min=-81.16 max=-37.30) V(s)(mean=-48.17 std=3.14) reward(mean=-1.770 std=10.073) clip=100.0
[step 20500] value_loss=0.887385 policy_loss=0.278731
[step 20500] VALUE_DEBUG: target(mean=-47.81 std=3.48 min=-51.89 max=-37.70) V(s)(mean=-47.98 std=3.37) reward(mean=-0.293 std=0.749) clip=100.0
[step 20500] eval_success_rate=0.000 eval_mean_score=27.550 eval_policy_mode=greedy [solved=0/100, score_range=18.00-36.00/81.0, initial=26.64]
[step 20500] PROGRESS: filled=27.67 violations=0.06 zero_cand=0.00
[step 20500] DEBUG: ep_len=81.0 ep_ret=-109.066 stop_prob=0.000 score_chg=-8.6265
[step 20600] value_loss=35.618759 policy_loss=0.062573
[step 20600] VALUE_DEBUG: target(mean=-48.61 std=7.35 min=-85.15 max=-35.10) V(s)(mean=-47.55 std=3.80) reward(mean=-2.967 std=14.436) clip=100.0
[step 20700] value_loss=2.191608 policy_loss=-0.031746
[step 20700] VALUE_DEBUG: target(mean=-48.41 std=3.14 min=-57.58 max=-39.60) V(s)(mean=-48.46 std=3.03) reward(mean=-0.375 std=1.426) clip=100.0
[step 20800] value_loss=1.443006 policy_loss=0.576151
[step 20800] VALUE_DEBUG: target(mean=-48.70 std=2.83 min=-54.73 max=-35.97) V(s)(mean=-48.65 std=2.67) reward(mean=-0.397 std=0.997) clip=100.0
[step 20900] value_loss=15.724400 policy_loss=0.306093
[step 20900] VALUE_DEBUG: target(mean=-48.27 std=5.56 min=-81.18 max=-37.00) V(s)(mean=-47.96 std=3.48) reward(mean=-1.558 std=10.057) clip=100.0
[step 21000] value_loss=1.786592 policy_loss=0.330456
[step 21000] VALUE_DEBUG: target(mean=-48.61 std=2.93 min=-55.68 max=-39.35) V(s)(mean=-48.64 std=2.61) reward(mean=-0.407 std=1.296) clip=100.0
[step 21000] eval_success_rate=0.000 eval_mean_score=27.580 eval_policy_mode=greedy [solved=0/100, score_range=18.00-36.00/81.0, initial=26.64]
[step 21000] PROGRESS: filled=27.70 violations=0.06 zero_cand=0.00
[step 21000] DEBUG: ep_len=81.0 ep_ret=-108.914 stop_prob=0.000 score_chg=-8.4168
[Checkpoint] Saved to /home/buiksat/trm_bellman/results/sudoku9x9_real/upi_trm_seed3/rl_checkpoint_step_21000.pt
[step 21100] value_loss=45.832695 policy_loss=-0.085771
[step 21100] VALUE_DEBUG: target(mean=-49.67 std=7.54 min=-81.31 max=-36.82) V(s)(mean=-48.39 std=2.89) reward(mean=-3.983 std=17.093) clip=100.0
[step 21200] value_loss=0.198953 policy_loss=0.121026
[step 21200] VALUE_DEBUG: target(mean=-48.25 std=3.50 min=-50.58 max=-32.82) V(s)(mean=-48.54 std=3.46) reward(mean=-0.155 std=0.380) clip=100.0
[step 21300] value_loss=2.065871 policy_loss=0.116522
[step 21300] VALUE_DEBUG: target(mean=-48.27 std=3.85 min=-55.64 max=-35.41) V(s)(mean=-48.05 std=3.52) reward(mean=-0.609 std=1.385) clip=100.0
[step 21400] value_loss=31.072845 policy_loss=0.480720
[step 21400] VALUE_DEBUG: target(mean=-48.71 std=7.12 min=-81.26 max=-35.71) V(s)(mean=-47.80 std=3.98) reward(mean=-2.881 std=14.092) clip=100.0
[step 21500] value_loss=0.524089 policy_loss=0.593015
[step 21500] VALUE_DEBUG: target(mean=-47.71 std=3.62 min=-51.71 max=-34.56) V(s)(mean=-47.99 std=3.72) reward(mean=-0.098 std=0.663) clip=100.0
[step 21500] eval_success_rate=0.000 eval_mean_score=27.560 eval_policy_mode=greedy [solved=0/100, score_range=18.00-36.00/81.0, initial=26.64]
[step 21500] PROGRESS: filled=27.68 violations=0.06 zero_cand=0.00
[step 21500] DEBUG: ep_len=81.0 ep_ret=-108.879 stop_prob=0.000 score_chg=-8.3470
[step 21600] value_loss=16.971210 policy_loss=0.255844
[step 21600] VALUE_DEBUG: target(mean=-49.08 std=5.19 min=-81.26 max=-35.45) V(s)(mean=-48.54 std=2.85) reward(mean=-1.772 std=10.099) clip=100.0
[step 21700] value_loss=0.331672 policy_loss=-0.804419
[step 21700] VALUE_DEBUG: target(mean=-48.14 std=3.54 min=-53.70 max=-35.16) V(s)(mean=-48.25 std=3.51) reward(mean=-0.312 std=0.583) clip=100.0
[step 21800] value_loss=0.868836 policy_loss=0.137893
[step 21800] VALUE_DEBUG: target(mean=-48.26 std=3.22 min=-50.82 max=-32.57) V(s)(mean=-48.46 std=3.12) reward(mean=-0.259 std=0.831) clip=100.0
[step 21900] value_loss=1.178623 policy_loss=0.065475
[step 21900] VALUE_DEBUG: target(mean=-48.50 std=3.19 min=-55.70 max=-37.63) V(s)(mean=-48.52 std=2.94) reward(mean=-0.472 std=1.064) clip=100.0
[step 22000] value_loss=1.372168 policy_loss=0.559956
[step 22000] VALUE_DEBUG: target(mean=-48.00 std=3.43 min=-54.70 max=-37.52) V(s)(mean=-47.93 std=3.28) reward(mean=-0.398 std=1.117) clip=100.0
[step 22000] eval_success_rate=0.000 eval_mean_score=27.600 eval_policy_mode=greedy [solved=0/100, score_range=18.00-36.00/81.0, initial=26.64]
[step 22000] PROGRESS: filled=27.72 violations=0.06 zero_cand=0.00
[step 22000] DEBUG: ep_len=81.0 ep_ret=-108.894 stop_prob=0.000 score_chg=-8.4258
[Checkpoint] Saved to /home/buiksat/trm_bellman/results/sudoku9x9_real/upi_trm_seed3/rl_checkpoint_step_22000.pt
[step 22100] value_loss=1.079134 policy_loss=0.169507
[step 22100] VALUE_DEBUG: target(mean=-47.93 std=3.25 min=-54.68 max=-36.79) V(s)(mean=-47.93 std=3.07) reward(mean=-0.365 std=0.991) clip=100.0
[step 22200] value_loss=16.226646 policy_loss=0.015361
[step 22200] VALUE_DEBUG: target(mean=-48.61 std=5.36 min=-81.05 max=-35.97) V(s)(mean=-48.18 std=3.41) reward(mean=-1.586 std=10.063) clip=100.0
[step 22300] value_loss=30.920097 policy_loss=0.350768
[step 22300] VALUE_DEBUG: target(mean=-49.33 std=6.22 min=-81.29 max=-37.89) V(s)(mean=-48.64 std=2.53) reward(mean=-2.649 std=14.122) clip=100.0
[step 22400] value_loss=0.292917 policy_loss=0.410923
[step 22400] VALUE_DEBUG: target(mean=-47.94 std=3.65 min=-52.68 max=-35.26) V(s)(mean=-48.19 std=3.65) reward(mean=-0.235 std=0.480) clip=100.0
[step 22500] value_loss=24.045261 policy_loss=0.199776
[step 22500] VALUE_DEBUG: target(mean=-48.74 std=5.30 min=-81.25 max=-37.46) V(s)(mean=-48.12 std=3.34) reward(mean=-1.643 std=10.080) clip=100.0
[step 22500] eval_success_rate=0.000 eval_mean_score=27.580 eval_policy_mode=greedy [solved=0/100, score_range=18.00-36.00/81.0, initial=26.64]
[step 22500] PROGRESS: filled=27.70 violations=0.06 zero_cand=0.00
[step 22500] DEBUG: ep_len=81.0 ep_ret=-108.720 stop_prob=0.000 score_chg=-8.4032
[step 22600] value_loss=31.129370 policy_loss=0.077251
[step 22600] VALUE_DEBUG: target(mean=-49.29 std=6.46 min=-81.27 max=-36.68) V(s)(mean=-48.51 std=3.03) reward(mean=-2.722 std=14.112) clip=100.0
[step 22700] value_loss=45.045799 policy_loss=0.235587
[step 22700] VALUE_DEBUG: target(mean=-48.39 std=7.60 min=-90.16 max=-35.26) V(s)(mean=-47.58 std=3.45) reward(mean=-2.765 std=14.937) clip=100.0
[step 22800] value_loss=0.201750 policy_loss=0.333086
[step 22800] VALUE_DEBUG: target(mean=-47.86 std=3.42 min=-51.80 max=-35.81) V(s)(mean=-48.00 std=3.51) reward(mean=-0.233 std=0.396) clip=100.0
[step 22900] value_loss=0.967936 policy_loss=0.722746
[step 22900] VALUE_DEBUG: target(mean=-48.43 std=3.44 min=-54.73 max=-33.73) V(s)(mean=-48.42 std=3.18) reward(mean=-0.445 std=0.985) clip=100.0
[step 23000] value_loss=17.652802 policy_loss=0.485488
[step 23000] VALUE_DEBUG: target(mean=-48.16 std=6.12 min=-81.06 max=-36.01) V(s)(mean=-47.41 std=4.02) reward(mean=-1.941 std=10.093) clip=100.0
[step 23000] eval_success_rate=0.000 eval_mean_score=27.600 eval_policy_mode=greedy [solved=0/100, score_range=18.00-37.00/81.0, initial=26.64]
[step 23000] PROGRESS: filled=27.72 violations=0.06 zero_cand=0.00
[step 23000] DEBUG: ep_len=81.0 ep_ret=-108.706 stop_prob=0.000 score_chg=-8.3317
[Checkpoint] Saved to /home/buiksat/trm_bellman/results/sudoku9x9_real/upi_trm_seed3/rl_checkpoint_step_23000.pt
[step 23100] value_loss=46.894928 policy_loss=0.578965
[step 23100] VALUE_DEBUG: target(mean=-49.18 std=7.97 min=-81.24 max=-32.88) V(s)(mean=-47.96 std=3.51) reward(mean=-3.965 std=17.152) clip=100.0
[step 23200] value_loss=3.526653 policy_loss=0.152392
[step 23200] VALUE_DEBUG: target(mean=-48.76 std=3.83 min=-63.65 max=-35.35) V(s)(mean=-48.61 std=3.22) reward(mean=-0.586 std=1.854) clip=100.0
[step 23300] value_loss=19.451103 policy_loss=0.296145
[step 23300] VALUE_DEBUG: target(mean=-49.60 std=4.96 min=-81.23 max=-40.45) V(s)(mean=-48.79 std=2.23) reward(mean=-1.975 std=10.179) clip=100.0
[step 23400] value_loss=0.120254 policy_loss=0.226585
[step 23400] VALUE_DEBUG: target(mean=-47.97 std=3.52 min=-50.79 max=-35.64) V(s)(mean=-48.18 std=3.56) reward(mean=-0.208 std=0.327) clip=100.0
[step 23500] value_loss=16.110268 policy_loss=0.120835
[step 23500] VALUE_DEBUG: target(mean=-48.84 std=5.25 min=-81.18 max=-35.76) V(s)(mean=-48.47 std=3.21) reward(mean=-1.594 std=10.070) clip=100.0
[step 23500] eval_success_rate=0.000 eval_mean_score=27.580 eval_policy_mode=greedy [solved=0/100, score_range=18.00-36.00/81.0, initial=26.64]
[step 23500] PROGRESS: filled=27.70 violations=0.06 zero_cand=0.00
[step 23500] DEBUG: ep_len=81.0 ep_ret=-108.882 stop_prob=0.000 score_chg=-8.3087
[step 23600] value_loss=0.884840 policy_loss=0.254147
[step 23600] VALUE_DEBUG: target(mean=-47.73 std=3.50 min=-50.91 max=-34.35) V(s)(mean=-47.87 std=3.53) reward(mean=-0.184 std=0.805) clip=100.0
[step 23700] value_loss=62.270473 policy_loss=0.117740
[step 23700] VALUE_DEBUG: target(mean=-49.19 std=9.24 min=-81.24 max=-35.31) V(s)(mean=-47.29 std=4.10) reward(mean=-5.328 std=19.610) clip=100.0
[step 23800] value_loss=15.778427 policy_loss=0.043289
[step 23800] VALUE_DEBUG: target(mean=-47.88 std=5.74 min=-81.18 max=-34.78) V(s)(mean=-47.47 std=3.88) reward(mean=-1.516 std=10.064) clip=100.0
[step 23900] value_loss=16.296062 policy_loss=-0.008590
[step 23900] VALUE_DEBUG: target(mean=-48.62 std=5.27 min=-81.21 max=-37.37) V(s)(mean=-48.20 std=3.33) reward(mean=-1.601 std=10.060) clip=100.0
[step 24000] value_loss=0.740760 policy_loss=-0.357007
[step 24000] VALUE_DEBUG: target(mean=-48.61 std=2.84 min=-53.74 max=-34.95) V(s)(mean=-48.59 std=2.79) reward(mean=-0.435 std=0.831) clip=100.0
[step 24000] eval_success_rate=0.000 eval_mean_score=27.540 eval_policy_mode=greedy [solved=0/100, score_range=18.00-36.00/81.0, initial=26.64]
[step 24000] PROGRESS: filled=27.66 violations=0.06 zero_cand=0.00
[step 24000] DEBUG: ep_len=81.0 ep_ret=-108.928 stop_prob=0.000 score_chg=-8.4365
[Checkpoint] Saved to /home/buiksat/trm_bellman/results/sudoku9x9_real/upi_trm_seed3/rl_checkpoint_step_24000.pt
[step 24100] value_loss=49.247360 policy_loss=0.392973
[step 24100] VALUE_DEBUG: target(mean=-49.14 std=8.22 min=-84.10 max=-35.61) V(s)(mean=-47.82 std=3.88) reward(mean=-4.044 std=17.348) clip=100.0
[step 24200] value_loss=0.933989 policy_loss=0.120243
[step 24200] VALUE_DEBUG: target(mean=-48.67 std=2.33 min=-52.74 max=-41.84) V(s)(mean=-48.77 std=2.30) reward(mean=-0.350 std=0.933) clip=100.0
[step 24300] value_loss=0.934311 policy_loss=0.406002
[step 24300] VALUE_DEBUG: target(mean=-48.33 std=3.58 min=-53.58 max=-35.24) V(s)(mean=-48.35 std=3.42) reward(mean=-0.432 std=0.923) clip=100.0
[step 24400] value_loss=2.529696 policy_loss=0.209040
[step 24400] VALUE_DEBUG: target(mean=-47.96 std=4.13 min=-54.61 max=-34.82) V(s)(mean=-47.91 std=3.83) reward(mean=-0.498 std=1.490) clip=100.0
[step 24500] value_loss=30.848740 policy_loss=0.678860
[step 24500] VALUE_DEBUG: target(mean=-48.71 std=7.03 min=-81.25 max=-35.28) V(s)(mean=-47.91 std=3.79) reward(mean=-2.848 std=14.082) clip=100.0
[step 24500] eval_success_rate=0.000 eval_mean_score=27.550 eval_policy_mode=greedy [solved=0/100, score_range=18.00-36.00/81.0, initial=26.64]
[step 24500] PROGRESS: filled=27.67 violations=0.06 zero_cand=0.00
[step 24500] DEBUG: ep_len=81.0 ep_ret=-108.857 stop_prob=0.000 score_chg=-8.4232
[step 24600] value_loss=1.847441 policy_loss=0.324445
[step 24600] VALUE_DEBUG: target(mean=-48.14 std=3.12 min=-54.59 max=-36.86) V(s)(mean=-48.34 std=2.85) reward(mean=-0.246 std=1.259) clip=100.0
[step 24700] value_loss=31.467653 policy_loss=-0.011929
[step 24700] VALUE_DEBUG: target(mean=-49.15 std=6.75 min=-81.17 max=-36.38) V(s)(mean=-48.17 std=3.45) reward(mean=-2.867 std=14.092) clip=100.0
[step 24800] value_loss=1.667362 policy_loss=0.033082
[step 24800] VALUE_DEBUG: target(mean=-48.39 std=4.04 min=-58.75 max=-33.18) V(s)(mean=-48.31 std=3.72) reward(mean=-0.541 std=1.296) clip=100.0
[step 24900] value_loss=16.104601 policy_loss=0.375540
[step 24900] VALUE_DEBUG: target(mean=-48.47 std=5.21 min=-81.29 max=-37.82) V(s)(mean=-48.05 std=3.23) reward(mean=-1.527 std=10.086) clip=100.0
[step 25000] value_loss=16.555103 policy_loss=0.189700
[step 25000] VALUE_DEBUG: target(mean=-48.94 std=5.10 min=-82.06 max=-37.13) V(s)(mean=-48.53 std=2.99) reward(mean=-1.568 std=10.157) clip=100.0
[step 25000] eval_success_rate=0.000 eval_mean_score=27.580 eval_policy_mode=greedy [solved=0/100, score_range=18.00-36.00/81.0, initial=26.64]
[step 25000] PROGRESS: filled=27.70 violations=0.06 zero_cand=0.00
[step 25000] DEBUG: ep_len=81.0 ep_ret=-108.876 stop_prob=0.000 score_chg=-8.2150
[Checkpoint] Saved to /home/buiksat/trm_bellman/results/sudoku9x9_real/upi_trm_seed3/rl_checkpoint_step_25000.pt
[Checkpoint] Saved to /home/buiksat/trm_bellman/results/sudoku9x9_real/upi_trm_seed3/rl_checkpoint_step_25000.pt
