[2026-01-23T23:27:21.212-08:00] Buck UI: https://www.internalfb.com/buck2/52d2133f-b833-41e0-96c9-1352a6993e33
[2026-01-23T23:27:21.529-08:00] Network: Up: 0B  Down: 0B
BUILD SUCCEEDED - starting your binary
[DATASET] dataset_paths=['/home/buiksat/trm_bellman/data/sudoku-9x9']
[DATASET] resolved_dataset_name=sudoku-9x9
[DATASET] num_samples=64
[INFO] Using feasibility-aware Sudoku checker for 9x9
       score = filled - 2.0*violations - 5.0*zeroCand
       Max score: 81 (all filled, no violations)
[INFO] Training for 25000 steps (gamma=0.990, K=1, inner_unroll_n=2)
[INFO] Terminal rewards: solve=1.000, fail=-81.000
[INFO] Using TRM backbone (hidden=64, H=2, L=2)
[DEBUG] Policy head STOP bias: 0.00 (should be 0.0 for uniform init)
[INFO] Puzzle embeddings DISABLED (set --puzzle-emb-ndim > 0 to enable)
============================================================
TRAINER SELECTION
============================================================
/data/repos/fbsource/buck-out/v2/gen/fbcode/7bc20b5dff24e379/buiksat_trm/__upi_trm_train__/upi_trm_train#link-tree/torch/cuda/__init__.py:373: UserWarning: Found GPU0 NVIDIA PG509-210 which is of compute capability (CC) 8.0.
The following list shows the CCs this version of PyTorch was built for and the hardware CCs it supports:
Please follow the instructions at https://pytorch.org/get-started/locally/ to install a PyTorch release that supports one of these CUDA versions: 12.6, 12.8, 13.0
  _warn_unsupported_code(d, device_cc, code_ccs)
INFO:2026-01-23 23:27:26 2738558:2738558 CuptiCallbackApi.cpp:74] Callback: domain = 3, cbid = 1
INFO:2026-01-23 23:27:26 2738558:2738558 CuptiActivityProfiler.cpp:245] CUDA versions. CUPTI: 22; Runtime: 12040; Driver: 12040
INFO:2026-01-23 23:27:26 2738558:2739541 FBConfig.cpp:330] Perfetto builder enabled: 1
INFO:2026-01-23 23:27:26 2738558:2739541 DynoConfigLoader.cpp:61] Setting communication fabric enabled = 0
INFO:2026-01-23 23:27:27 2738558:2739541 DynoConfigLoader.cpp:61] Setting communication fabric enabled = 0
TritonTraceHandler: disabled because /logs does not exist
===========[FB_TRITON]=========== Triton Version: 3.3.2+fb
[TRAINER] UPI-TRM (K=1, inner_n=2)
[TRAINER] CLI --baseline: None, YAML algorithm: upi_trm
============================================================

============================================================
UPI-TRM THEORY ALIGNMENT CHECK
============================================================
⚠ Configuration has theory gaps:
  • enable_contraction=False disables spectral normalization (Assumption 4.2). L_z < 1 contraction not enforced.
  • exact_baseline_summation=False: Using approximate baseline. This gives O(ε_A/(1-γ)) bound instead of O(α·ε_A) from Theorem 5.9. For discrete action spaces (Sudoku), enable for tighter bounds.
  • theory_exact_mixture=False: Using parameter-space interpolation for CPI, which is NOT equivalent to policy-space mixture. The CPI improvement guarantee does not strictly apply. Set theory_exact_mixture=True for theory-exact behavior (but slower due to evaluating two networks).

Theory status:
  Forward-invariant projection: ✓
  Contraction enforced (L_z < 1): ✗
  Exact baseline (Thm 5.9): ✗
  Distillation (not in theory): ✓ disabled

Is theory-exact: False
============================================================

UPI-TRM theoretical dials:
  L_z target (rl_cfg.target_Lz): 0.9
  L_V target (rl_cfg.target_Lv): 1.0
  Inner unroll n (rl_cfg.inner_unroll_n): 2
  K-step horizon K (rl_cfg.K): 1
  Mixture alpha (rl_cfg.mixture_alpha): 0.1
  Latent ball radius (rl_cfg.latent_ball_radius): 10.0
  Episodic latent: False
  Exact K-step targets: False
  Exact baseline summation: False

[INFO] STOP action mode: disabled
[INFO] Forward-invariant projection enabled (R=10.0)
[WandB] Disabled by default (enable with: --wandb)
[DEBUG] Action mask: 513 valid actions out of 892 total
[DEBUG] Latent mode: persistent
[DEBUG] Step 0 probs: STOP=0.000000, edits=1.000000
[DEBUG] Top 5 action probs: torch.return_types.topk(
values=tensor([0.0032, 0.0031, 0.0030, 0.0030, 0.0029], device='cuda:0',
       grad_fn=<TopkBackward0>),
indices=tensor([746, 387, 611, 101, 109], device='cuda:0'))
[step 00100] value_loss=98.631531 policy_loss=10.012897
[step 00100] VALUE_DEBUG: target(mean=-3.50 std=9.88 min=-78.24 max=5.27) V(s)(mean=-1.94 std=0.44) reward(mean=-2.475 std=10.001) clip=100.0
[step 00200] value_loss=15.269502 policy_loss=4.731799
[step 00200] VALUE_DEBUG: target(mean=-3.44 std=3.60 min=-13.71 max=6.81) V(s)(mean=-4.65 std=0.82) reward(mean=-0.918 std=3.626) clip=100.0
[step 00300] value_loss=97.163422 policy_loss=4.394352
[step 00300] VALUE_DEBUG: target(mean=-6.60 std=9.73 min=-80.55 max=2.00) V(s)(mean=-7.30 std=0.94) reward(mean=-2.511 std=10.263) clip=100.0
[step 00400] value_loss=185.764755 policy_loss=4.196309
[step 00400] VALUE_DEBUG: target(mean=-9.04 std=13.56 min=-84.40 max=1.10) V(s)(mean=-6.09 std=1.11) reward(mean=-3.327 std=14.544) clip=100.0
[step 00500] value_loss=111.799545 policy_loss=3.688775
[step 00500] VALUE_DEBUG: target(mean=-9.91 std=10.72 min=-88.49 max=0.47) V(s)(mean=-8.99 std=1.27) reward(mean=-2.912 std=11.455) clip=100.0
[step 00500] eval_success_rate=0.000 eval_mean_score=26.270 eval_policy_mode=greedy [solved=0/100, score_range=16.00-35.00/81.0, initial=26.64]
[step 00500] PROGRESS: filled=27.67 violations=0.70 zero_cand=0.00
[step 00500] DEBUG: ep_len=81.0 ep_ret=-145.394 stop_prob=0.000 score_chg=-80.3415
[step 00600] value_loss=151.540573 policy_loss=3.054276
[step 00600] VALUE_DEBUG: target(mean=-11.37 std=12.70 min=-80.58 max=-4.71) V(s)(mean=-11.17 std=1.95) reward(mean=-3.005 std=14.167) clip=100.0
[step 00700] value_loss=159.233383 policy_loss=-0.460731
[step 00700] VALUE_DEBUG: target(mean=-12.55 std=12.71 min=-80.96 max=-0.42) V(s)(mean=-11.06 std=1.79) reward(mean=-3.115 std=14.307) clip=100.0
[step 00800] value_loss=8.460093 policy_loss=4.778386
[step 00800] VALUE_DEBUG: target(mean=-10.12 std=3.26 min=-21.51 max=-4.32) V(s)(mean=-9.00 std=1.80) reward(mean=-0.765 std=2.620) clip=100.0
[step 00900] value_loss=74.936958 policy_loss=-0.223640
[step 00900] VALUE_DEBUG: target(mean=-11.68 std=8.89 min=-80.99 max=-7.59) V(s)(mean=-11.22 std=1.80) reward(mean=-1.678 std=10.102) clip=100.0
[step 01000] value_loss=5.846298 policy_loss=-0.691087
[step 01000] VALUE_DEBUG: target(mean=-11.13 std=2.40 min=-19.68 max=-5.38) V(s)(mean=-12.99 std=1.90) reward(mean=-0.400 std=1.469) clip=100.0
[step 01000] eval_success_rate=0.000 eval_mean_score=27.220 eval_policy_mode=greedy [solved=0/100, score_range=18.00-36.00/81.0, initial=26.64]
[step 01000] PROGRESS: filled=27.64 violations=0.16 zero_cand=0.02
[step 01000] DEBUG: ep_len=81.0 ep_ret=-119.959 stop_prob=0.000 score_chg=-30.2763
[Checkpoint] Saved to /home/buiksat/trm_bellman/results/sudoku9x9_real/upi_trm_seed0/rl_checkpoint_step_1000.pt
[step 01100] value_loss=145.741852 policy_loss=1.878804
[step 01100] VALUE_DEBUG: target(mean=-14.00 std=12.54 min=-84.20 max=-5.75) V(s)(mean=-13.33 std=2.11) reward(mean=-2.631 std=14.481) clip=100.0
[step 01200] value_loss=68.536087 policy_loss=-0.110951
[step 01200] VALUE_DEBUG: target(mean=-14.21 std=8.79 min=-81.06 max=-4.50) V(s)(mean=-13.96 std=2.34) reward(mean=-1.192 std=10.182) clip=100.0
[step 01300] value_loss=139.398209 policy_loss=0.269047
[step 01300] VALUE_DEBUG: target(mean=-16.13 std=11.94 min=-81.22 max=-8.50) V(s)(mean=-15.69 std=2.48) reward(mean=-2.728 std=14.161) clip=100.0
[step 01400] value_loss=3.126898 policy_loss=0.951313
[step 01400] VALUE_DEBUG: target(mean=-14.59 std=2.59 min=-20.29 max=-4.24) V(s)(mean=-14.93 std=2.20) reward(mean=-0.267 std=1.374) clip=100.0
[step 01500] value_loss=124.806061 policy_loss=-0.263647
[step 01500] VALUE_DEBUG: target(mean=-17.00 std=11.81 min=-81.25 max=-6.83) V(s)(mean=-15.53 std=2.91) reward(mean=-2.687 std=14.146) clip=100.0
[step 01500] eval_success_rate=0.000 eval_mean_score=27.280 eval_policy_mode=greedy [solved=0/100, score_range=16.00-36.00/81.0, initial=26.64]
[step 01500] PROGRESS: filled=27.64 violations=0.13 zero_cand=0.02
[step 01500] DEBUG: ep_len=81.0 ep_ret=-109.609 stop_prob=0.000 score_chg=-10.5510
[step 01600] value_loss=2.313015 policy_loss=1.240888
[step 01600] VALUE_DEBUG: target(mean=-16.67 std=2.33 min=-22.30 max=-10.07) V(s)(mean=-17.10 std=2.71) reward(mean=-0.410 std=1.077) clip=100.0
[step 01700] value_loss=58.046711 policy_loss=2.657457
[step 01700] VALUE_DEBUG: target(mean=-18.85 std=8.43 min=-81.23 max=-9.74) V(s)(mean=-18.76 std=3.18) reward(mean=-1.817 std=10.085) clip=100.0
[step 01800] value_loss=112.851242 policy_loss=-0.016478
[step 01800] VALUE_DEBUG: target(mean=-19.60 std=11.60 min=-81.16 max=-7.22) V(s)(mean=-17.95 std=3.50) reward(mean=-2.824 std=14.095) clip=100.0
[step 01900] value_loss=1.838758 policy_loss=4.150666
[step 01900] VALUE_DEBUG: target(mean=-19.65 std=2.65 min=-25.41 max=-13.57) V(s)(mean=-19.91 std=2.73) reward(mean=-0.519 std=1.044) clip=100.0
[step 02000] value_loss=60.764366 policy_loss=0.702438
[step 02000] VALUE_DEBUG: target(mean=-20.95 std=8.17 min=-81.21 max=-11.87) V(s)(mean=-20.10 std=3.50) reward(mean=-1.596 std=10.062) clip=100.0
[step 02000] eval_success_rate=0.000 eval_mean_score=27.340 eval_policy_mode=greedy [solved=0/100, score_range=18.00-36.00/81.0, initial=26.64]
[step 02000] PROGRESS: filled=27.64 violations=0.15 zero_cand=0.00
[step 02000] DEBUG: ep_len=81.0 ep_ret=-109.291 stop_prob=0.000 score_chg=-9.9135
[Checkpoint] Saved to /home/buiksat/trm_bellman/results/sudoku9x9_real/upi_trm_seed0/rl_checkpoint_step_2000.pt
[step 02100] value_loss=2.201685 policy_loss=0.109451
[step 02100] VALUE_DEBUG: target(mean=-20.41 std=3.87 min=-32.07 max=-10.77) V(s)(mean=-21.40 std=3.94) reward(mean=-0.345 std=0.632) clip=100.0
[step 02200] value_loss=2.417407 policy_loss=0.678054
[step 02200] VALUE_DEBUG: target(mean=-20.91 std=3.59 min=-31.68 max=-11.48) V(s)(mean=-21.76 std=3.42) reward(mean=-0.266 std=1.141) clip=100.0
[step 02300] value_loss=1.652361 policy_loss=0.866717
[step 02300] VALUE_DEBUG: target(mean=-21.61 std=4.22 min=-29.90 max=-11.61) V(s)(mean=-21.54 std=4.47) reward(mean=-0.500 std=0.960) clip=100.0
[step 02400] value_loss=47.985996 policy_loss=0.117746
[step 02400] VALUE_DEBUG: target(mean=-22.71 std=8.16 min=-81.02 max=-11.91) V(s)(mean=-23.10 std=4.04) reward(mean=-1.450 std=10.040) clip=100.0
[step 02500] value_loss=1.542838 policy_loss=0.438221
[step 02500] VALUE_DEBUG: target(mean=-22.83 std=4.40 min=-33.20 max=-11.79) V(s)(mean=-22.20 std=4.87) reward(mean=-0.350 std=0.754) clip=100.0
[step 02500] eval_success_rate=0.000 eval_mean_score=27.580 eval_policy_mode=greedy [solved=0/100, score_range=18.00-36.00/81.0, initial=26.64]
[step 02500] PROGRESS: filled=27.64 violations=0.03 zero_cand=0.00
[step 02500] DEBUG: ep_len=81.0 ep_ret=-108.626 stop_prob=0.000 score_chg=-8.6720
[step 02600] value_loss=41.366871 policy_loss=0.702694
[step 02600] VALUE_DEBUG: target(mean=-24.64 std=8.06 min=-81.05 max=-15.39) V(s)(mean=-23.93 std=4.18) reward(mean=-1.501 std=10.108) clip=100.0
[step 02700] value_loss=51.078377 policy_loss=0.248913
[step 02700] VALUE_DEBUG: target(mean=-26.00 std=8.46 min=-85.14 max=-14.46) V(s)(mean=-25.03 std=4.34) reward(mean=-1.609 std=10.532) clip=100.0
[step 02800] value_loss=1.641827 policy_loss=0.182697
[step 02800] VALUE_DEBUG: target(mean=-25.38 std=4.27 min=-36.08 max=-12.09) V(s)(mean=-25.66 std=4.61) reward(mean=-0.507 std=0.979) clip=100.0
[step 02900] value_loss=76.737526 policy_loss=1.178940
[step 02900] VALUE_DEBUG: target(mean=-27.91 std=10.36 min=-81.26 max=-18.23) V(s)(mean=-26.44 std=4.10) reward(mean=-2.819 std=14.096) clip=100.0
[step 03000] value_loss=1.641677 policy_loss=-0.235200
[step 03000] VALUE_DEBUG: target(mean=-26.44 std=5.56 min=-39.67 max=-15.87) V(s)(mean=-26.28 std=5.58) reward(mean=-0.413 std=0.882) clip=100.0
[step 03000] eval_success_rate=0.000 eval_mean_score=27.500 eval_policy_mode=greedy [solved=0/100, score_range=18.00-36.00/81.0, initial=26.64]
[step 03000] PROGRESS: filled=27.64 violations=0.07 zero_cand=0.00
[step 03000] DEBUG: ep_len=81.0 ep_ret=-108.730 stop_prob=0.000 score_chg=-8.6182
[Checkpoint] Saved to /home/buiksat/trm_bellman/results/sudoku9x9_real/upi_trm_seed0/rl_checkpoint_step_3000.pt
[step 03100] value_loss=46.007896 policy_loss=1.484061
[step 03100] VALUE_DEBUG: target(mean=-29.27 std=7.89 min=-82.22 max=-18.96) V(s)(mean=-28.23 std=4.83) reward(mean=-1.670 std=10.178) clip=100.0
[step 03200] value_loss=31.411098 policy_loss=-0.127060
[step 03200] VALUE_DEBUG: target(mean=-28.88 std=8.41 min=-81.13 max=-19.41) V(s)(mean=-27.95 std=5.54) reward(mean=-1.636 std=10.083) clip=100.0
[step 03300] value_loss=77.884674 policy_loss=0.482944
[step 03300] VALUE_DEBUG: target(mean=-30.45 std=10.50 min=-81.23 max=-15.77) V(s)(mean=-28.85 std=5.54) reward(mean=-3.024 std=14.082) clip=100.0
[step 03400] value_loss=4.378024 policy_loss=0.164700
[step 03400] VALUE_DEBUG: target(mean=-29.87 std=5.55 min=-43.33 max=-18.63) V(s)(mean=-29.30 std=5.16) reward(mean=-0.686 std=1.672) clip=100.0
[step 03500] value_loss=36.091160 policy_loss=0.517007
[step 03500] VALUE_DEBUG: target(mean=-31.16 std=7.80 min=-81.18 max=-18.51) V(s)(mean=-30.20 std=4.90) reward(mean=-1.534 std=10.087) clip=100.0
[step 03500] eval_success_rate=0.000 eval_mean_score=27.540 eval_policy_mode=greedy [solved=0/100, score_range=18.00-36.00/81.0, initial=26.64]
[step 03500] PROGRESS: filled=27.64 violations=0.05 zero_cand=0.00
[step 03500] DEBUG: ep_len=81.0 ep_ret=-108.499 stop_prob=0.000 score_chg=-8.4950
[step 03600] value_loss=70.215004 policy_loss=0.046105
[step 03600] VALUE_DEBUG: target(mean=-32.81 std=10.19 min=-84.16 max=-14.84) V(s)(mean=-31.98 std=5.46) reward(mean=-3.055 std=14.156) clip=100.0
[step 03700] value_loss=1.432939 policy_loss=0.147540
[step 03700] VALUE_DEBUG: target(mean=-30.50 std=5.71 min=-42.54 max=-19.02) V(s)(mean=-31.29 std=5.25) reward(mean=-0.247 std=0.665) clip=100.0
[step 03800] value_loss=72.325516 policy_loss=-0.117345
[step 03800] VALUE_DEBUG: target(mean=-32.76 std=10.19 min=-81.26 max=-19.42) V(s)(mean=-31.78 std=5.58) reward(mean=-2.815 std=14.134) clip=100.0
[step 03900] value_loss=26.710226 policy_loss=0.064693
[step 03900] VALUE_DEBUG: target(mean=-32.82 std=9.00 min=-81.35 max=-15.00) V(s)(mean=-32.35 std=6.69) reward(mean=-1.652 std=10.064) clip=100.0
[step 04000] value_loss=1.289766 policy_loss=0.032260
[step 04000] VALUE_DEBUG: target(mean=-31.99 std=5.49 min=-42.96 max=-17.70) V(s)(mean=-32.15 std=5.92) reward(mean=-0.250 std=0.481) clip=100.0
[step 04000] eval_success_rate=0.000 eval_mean_score=27.480 eval_policy_mode=greedy [solved=0/100, score_range=18.00-36.00/81.0, initial=26.64]
[step 04000] PROGRESS: filled=27.64 violations=0.08 zero_cand=0.00
[step 04000] DEBUG: ep_len=81.0 ep_ret=-108.424 stop_prob=0.000 score_chg=-8.3422
[Checkpoint] Saved to /home/buiksat/trm_bellman/results/sudoku9x9_real/upi_trm_seed0/rl_checkpoint_step_4000.pt
[step 04100] value_loss=29.429585 policy_loss=-0.226513
[step 04100] VALUE_DEBUG: target(mean=-34.36 std=8.30 min=-81.18 max=-20.71) V(s)(mean=-33.79 std=6.00) reward(mean=-1.619 std=10.072) clip=100.0
[step 04200] value_loss=1.896032 policy_loss=0.183933
[step 04200] VALUE_DEBUG: target(mean=-32.97 std=6.16 min=-46.55 max=-19.52) V(s)(mean=-33.58 std=5.80) reward(mean=-0.330 std=0.982) clip=100.0
[step 04300] value_loss=57.752125 policy_loss=0.033782
[step 04300] VALUE_DEBUG: target(mean=-36.11 std=9.86 min=-81.24 max=-21.50) V(s)(mean=-35.53 std=5.72) reward(mean=-2.808 std=14.096) clip=100.0
[step 04400] value_loss=1.695385 policy_loss=0.096756
[step 04400] VALUE_DEBUG: target(mean=-34.87 std=5.77 min=-44.46 max=-18.48) V(s)(mean=-35.12 std=5.94) reward(mean=-0.343 std=0.958) clip=100.0
[step 04500] value_loss=1.645226 policy_loss=1.239308
[step 04500] VALUE_DEBUG: target(mean=-34.41 std=6.13 min=-46.18 max=-19.83) V(s)(mean=-35.33 std=5.89) reward(mean=-0.336 std=0.485) clip=100.0
[step 04500] eval_success_rate=0.000 eval_mean_score=27.520 eval_policy_mode=greedy [solved=0/100, score_range=18.00-36.00/81.0, initial=26.64]
[step 04500] PROGRESS: filled=27.64 violations=0.06 zero_cand=0.00
[step 04500] DEBUG: ep_len=81.0 ep_ret=-108.319 stop_prob=0.000 score_chg=-8.3955
[step 04600] value_loss=26.790142 policy_loss=0.594669
[step 04600] VALUE_DEBUG: target(mean=-35.51 std=8.10 min=-81.16 max=-20.89) V(s)(mean=-35.20 std=6.06) reward(mean=-1.415 std=10.069) clip=100.0
[step 04700] value_loss=1.148682 policy_loss=0.466228
[step 04700] VALUE_DEBUG: target(mean=-37.00 std=4.81 min=-46.81 max=-24.86) V(s)(mean=-36.96 std=5.10) reward(mean=-0.277 std=0.635) clip=100.0
[step 04800] value_loss=4.911144 policy_loss=0.085054
[step 04800] VALUE_DEBUG: target(mean=-35.98 std=5.82 min=-45.78 max=-17.99) V(s)(mean=-37.16 std=5.84) reward(mean=-0.274 std=1.152) clip=100.0
[step 04900] value_loss=25.238647 policy_loss=-0.124715
[step 04900] VALUE_DEBUG: target(mean=-37.39 std=8.23 min=-81.23 max=-23.24) V(s)(mean=-36.73 std=6.21) reward(mean=-1.620 std=10.053) clip=100.0
[step 05000] value_loss=23.560627 policy_loss=-0.122489
[step 05000] VALUE_DEBUG: target(mean=-38.26 std=8.23 min=-81.29 max=-21.92) V(s)(mean=-37.90 std=6.42) reward(mean=-1.692 std=10.071) clip=100.0
[step 05000] eval_success_rate=0.000 eval_mean_score=27.520 eval_policy_mode=greedy [solved=0/100, score_range=18.00-36.00/81.0, initial=26.64]
[step 05000] PROGRESS: filled=27.64 violations=0.06 zero_cand=0.00
[step 05000] DEBUG: ep_len=81.0 ep_ret=-108.445 stop_prob=0.000 score_chg=-8.2707
[Checkpoint] Saved to /home/buiksat/trm_bellman/results/sudoku9x9_real/upi_trm_seed0/rl_checkpoint_step_5000.pt
[step 05100] value_loss=2.102129 policy_loss=0.497953
[step 05100] VALUE_DEBUG: target(mean=-39.40 std=6.80 min=-54.06 max=-23.47) V(s)(mean=-39.40 std=6.95) reward(mean=-0.469 std=1.102) clip=100.0
[step 05200] value_loss=2.049830 policy_loss=-0.524950
[step 05200] VALUE_DEBUG: target(mean=-36.13 std=7.13 min=-47.08 max=-20.32) V(s)(mean=-35.95 std=7.37) reward(mean=-0.420 std=0.835) clip=100.0
[step 05300] value_loss=37.344921 policy_loss=0.198173
[step 05300] VALUE_DEBUG: target(mean=-38.78 std=10.13 min=-81.25 max=-18.42) V(s)(mean=-38.09 std=6.84) reward(mean=-2.883 std=14.098) clip=100.0
[step 05400] value_loss=17.147106 policy_loss=0.025092
[step 05400] VALUE_DEBUG: target(mean=-38.70 std=7.75 min=-80.99 max=-25.10) V(s)(mean=-38.45 std=6.18) reward(mean=-1.454 std=10.053) clip=100.0
[step 05500] value_loss=3.163665 policy_loss=0.144540
[step 05500] VALUE_DEBUG: target(mean=-40.20 std=6.81 min=-52.13 max=-19.42) V(s)(mean=-40.26 std=7.17) reward(mean=-0.524 std=1.190) clip=100.0
[step 05500] eval_success_rate=0.000 eval_mean_score=27.520 eval_policy_mode=greedy [solved=0/100, score_range=18.00-36.00/81.0, initial=26.64]
[step 05500] PROGRESS: filled=27.64 violations=0.06 zero_cand=0.00
[step 05500] DEBUG: ep_len=81.0 ep_ret=-108.158 stop_prob=0.000 score_chg=-8.1340
[step 05600] value_loss=3.346933 policy_loss=-0.057684
[step 05600] VALUE_DEBUG: target(mean=-38.88 std=5.86 min=-49.20 max=-26.39) V(s)(mean=-39.00 std=5.94) reward(mean=-0.459 std=1.004) clip=100.0
[step 05700] value_loss=22.594461 policy_loss=0.057412
[step 05700] VALUE_DEBUG: target(mean=-41.06 std=7.70 min=-81.23 max=-24.65) V(s)(mean=-40.62 std=6.06) reward(mean=-1.671 std=10.052) clip=100.0
[step 05800] value_loss=44.633827 policy_loss=0.312516
[step 05800] VALUE_DEBUG: target(mean=-40.03 std=9.23 min=-81.18 max=-26.10) V(s)(mean=-39.85 std=5.52) reward(mean=-2.650 std=14.102) clip=100.0
[step 05900] value_loss=18.270742 policy_loss=0.151529
[step 05900] VALUE_DEBUG: target(mean=-40.37 std=8.07 min=-81.17 max=-26.48) V(s)(mean=-39.94 std=6.06) reward(mean=-1.632 std=10.094) clip=100.0
[step 06000] value_loss=2.097510 policy_loss=-0.012698
[step 06000] VALUE_DEBUG: target(mean=-41.37 std=5.03 min=-49.23 max=-27.13) V(s)(mean=-41.74 std=5.15) reward(mean=-0.274 std=1.090) clip=100.0
[step 06000] eval_success_rate=0.000 eval_mean_score=27.520 eval_policy_mode=greedy [solved=0/100, score_range=18.00-36.00/81.0, initial=26.64]
[step 06000] PROGRESS: filled=27.64 violations=0.06 zero_cand=0.00
[step 06000] DEBUG: ep_len=81.0 ep_ret=-108.487 stop_prob=0.000 score_chg=-8.5307
[Checkpoint] Saved to /home/buiksat/trm_bellman/results/sudoku9x9_real/upi_trm_seed0/rl_checkpoint_step_6000.pt
[step 06100] value_loss=2.566409 policy_loss=0.126114
[step 06100] VALUE_DEBUG: target(mean=-40.16 std=6.45 min=-51.92 max=-26.02) V(s)(mean=-40.02 std=6.38) reward(mean=-0.531 std=0.894) clip=100.0
[step 06200] value_loss=1.326748 policy_loss=0.261511
[step 06200] VALUE_DEBUG: target(mean=-39.95 std=6.58 min=-49.49 max=-23.64) V(s)(mean=-39.90 std=6.65) reward(mean=-0.315 std=0.571) clip=100.0
[step 06300] value_loss=33.246651 policy_loss=0.149496
[step 06300] VALUE_DEBUG: target(mean=-42.34 std=9.00 min=-81.26 max=-27.18) V(s)(mean=-41.44 std=6.14) reward(mean=-2.738 std=14.105) clip=100.0
[step 06400] value_loss=18.634918 policy_loss=-0.053493
[step 06400] VALUE_DEBUG: target(mean=-43.50 std=8.59 min=-81.26 max=-24.30) V(s)(mean=-43.25 std=6.73) reward(mean=-1.690 std=10.125) clip=100.0
[step 06500] value_loss=34.958710 policy_loss=-0.462224
[step 06500] VALUE_DEBUG: target(mean=-42.33 std=8.90 min=-81.34 max=-28.16) V(s)(mean=-41.48 std=5.37) reward(mean=-2.927 std=14.109) clip=100.0
[step 06500] eval_success_rate=0.000 eval_mean_score=27.580 eval_policy_mode=greedy [solved=0/100, score_range=18.00-36.00/81.0, initial=26.64]
[step 06500] PROGRESS: filled=27.64 violations=0.03 zero_cand=0.00
[step 06500] DEBUG: ep_len=81.0 ep_ret=-108.188 stop_prob=0.000 score_chg=-8.2505
[step 06600] value_loss=1.819681 policy_loss=0.078275
[step 06600] VALUE_DEBUG: target(mean=-41.04 std=6.39 min=-50.22 max=-25.95) V(s)(mean=-41.19 std=6.25) reward(mean=-0.177 std=0.990) clip=100.0
[step 06700] value_loss=0.891074 policy_loss=0.061641
[step 06700] VALUE_DEBUG: target(mean=-41.87 std=6.02 min=-52.30 max=-27.02) V(s)(mean=-41.85 std=5.97) reward(mean=-0.319 std=0.574) clip=100.0
[step 06800] value_loss=37.765873 policy_loss=0.010317
[step 06800] VALUE_DEBUG: target(mean=-44.25 std=8.67 min=-84.07 max=-29.99) V(s)(mean=-43.35 std=5.42) reward(mean=-2.864 std=14.345) clip=100.0
[step 06900] value_loss=32.347294 policy_loss=-0.104046
[step 06900] VALUE_DEBUG: target(mean=-43.98 std=8.50 min=-81.25 max=-26.35) V(s)(mean=-42.86 std=5.56) reward(mean=-2.852 std=14.102) clip=100.0
[step 07000] value_loss=2.328727 policy_loss=0.124099
[step 07000] VALUE_DEBUG: target(mean=-43.83 std=5.67 min=-50.48 max=-29.16) V(s)(mean=-43.55 std=5.89) reward(mean=-0.450 std=0.945) clip=100.0
[step 07000] eval_success_rate=0.000 eval_mean_score=27.540 eval_policy_mode=greedy [solved=0/100, score_range=18.00-36.00/81.0, initial=26.64]
[step 07000] PROGRESS: filled=27.66 violations=0.06 zero_cand=0.00
[step 07000] DEBUG: ep_len=81.0 ep_ret=-108.311 stop_prob=0.000 score_chg=-8.2645
[Checkpoint] Saved to /home/buiksat/trm_bellman/results/sudoku9x9_real/upi_trm_seed0/rl_checkpoint_step_7000.pt
[step 07100] value_loss=1.116959 policy_loss=0.029974
[step 07100] VALUE_DEBUG: target(mean=-44.12 std=4.98 min=-49.58 max=-30.77) V(s)(mean=-44.77 std=4.94) reward(mean=-0.293 std=0.469) clip=100.0
[step 07200] value_loss=1.647588 policy_loss=0.080972
[step 07200] VALUE_DEBUG: target(mean=-44.18 std=5.90 min=-54.25 max=-29.83) V(s)(mean=-44.31 std=5.62) reward(mean=-0.514 std=1.038) clip=100.0
[step 07300] value_loss=2.172573 policy_loss=-0.158965
[step 07300] VALUE_DEBUG: target(mean=-43.13 std=5.63 min=-51.80 max=-28.95) V(s)(mean=-42.94 std=5.60) reward(mean=-0.430 std=0.939) clip=100.0
[step 07400] value_loss=18.767937 policy_loss=0.246113
[step 07400] VALUE_DEBUG: target(mean=-43.91 std=7.13 min=-81.30 max=-27.90) V(s)(mean=-43.71 std=5.27) reward(mean=-1.555 std=10.064) clip=100.0
[step 07500] value_loss=36.884338 policy_loss=0.058388
[step 07500] VALUE_DEBUG: target(mean=-44.13 std=9.03 min=-82.12 max=-29.36) V(s)(mean=-43.10 std=5.35) reward(mean=-3.114 std=14.182) clip=100.0
[step 07500] eval_success_rate=0.000 eval_mean_score=27.540 eval_policy_mode=greedy [solved=0/100, score_range=18.00-36.00/81.0, initial=26.64]
[step 07500] PROGRESS: filled=27.64 violations=0.05 zero_cand=0.00
[step 07500] DEBUG: ep_len=81.0 ep_ret=-108.152 stop_prob=0.000 score_chg=-8.1095
[step 07600] value_loss=2.814474 policy_loss=0.036696
[step 07600] VALUE_DEBUG: target(mean=-44.66 std=5.56 min=-56.91 max=-28.96) V(s)(mean=-44.55 std=5.45) reward(mean=-0.533 std=1.393) clip=100.0
[step 07700] value_loss=23.489212 policy_loss=0.139450
[step 07700] VALUE_DEBUG: target(mean=-43.05 std=7.68 min=-82.18 max=-28.49) V(s)(mean=-42.42 std=5.90) reward(mean=-1.583 std=10.166) clip=100.0
[step 07800] value_loss=20.603245 policy_loss=0.155956
[step 07800] VALUE_DEBUG: target(mean=-45.24 std=6.82 min=-80.20 max=-30.33) V(s)(mean=-44.79 std=5.26) reward(mean=-1.566 std=9.935) clip=100.0
[step 07900] value_loss=26.538120 policy_loss=0.316778
[step 07900] VALUE_DEBUG: target(mean=-44.81 std=7.29 min=-87.18 max=-29.25) V(s)(mean=-44.33 std=5.32) reward(mean=-1.640 std=10.798) clip=100.0
[step 08000] value_loss=49.298492 policy_loss=0.347818
[step 08000] VALUE_DEBUG: target(mean=-47.35 std=8.67 min=-81.27 max=-31.88) V(s)(mean=-45.91 std=4.61) reward(mean=-4.070 std=17.140) clip=100.0
[step 08000] eval_success_rate=0.000 eval_mean_score=27.540 eval_policy_mode=greedy [solved=0/100, score_range=18.00-36.00/81.0, initial=26.64]
[step 08000] PROGRESS: filled=27.64 violations=0.05 zero_cand=0.00
[step 08000] DEBUG: ep_len=81.0 ep_ret=-108.356 stop_prob=0.000 score_chg=-8.2320
[Checkpoint] Saved to /home/buiksat/trm_bellman/results/sudoku9x9_real/upi_trm_seed0/rl_checkpoint_step_8000.pt
[step 08100] value_loss=15.844943 policy_loss=0.461603
[step 08100] VALUE_DEBUG: target(mean=-45.11 std=6.95 min=-81.28 max=-29.35) V(s)(mean=-45.00 std=5.33) reward(mean=-1.517 std=10.052) clip=100.0
[step 08200] value_loss=17.475737 policy_loss=0.003315
[step 08200] VALUE_DEBUG: target(mean=-45.53 std=6.93 min=-81.08 max=-30.53) V(s)(mean=-44.81 std=5.44) reward(mean=-1.728 std=10.056) clip=100.0
[step 08300] value_loss=1.036974 policy_loss=0.173331
[step 08300] VALUE_DEBUG: target(mean=-44.59 std=5.22 min=-53.59 max=-29.07) V(s)(mean=-44.89 std=5.01) reward(mean=-0.270 std=0.844) clip=100.0
[step 08400] value_loss=16.894230 policy_loss=0.536480
[step 08400] VALUE_DEBUG: target(mean=-45.21 std=6.53 min=-81.22 max=-33.38) V(s)(mean=-44.96 std=4.75) reward(mean=-1.503 std=10.054) clip=100.0
[step 08500] value_loss=1.669595 policy_loss=0.277589
[step 08500] VALUE_DEBUG: target(mean=-44.79 std=5.43 min=-57.51 max=-30.04) V(s)(mean=-44.80 std=5.28) reward(mean=-0.364 std=1.137) clip=100.0
[step 08500] eval_success_rate=0.000 eval_mean_score=27.520 eval_policy_mode=greedy [solved=0/100, score_range=18.00-36.00/81.0, initial=26.64]
[step 08500] PROGRESS: filled=27.64 violations=0.06 zero_cand=0.00
[step 08500] DEBUG: ep_len=81.0 ep_ret=-108.197 stop_prob=0.000 score_chg=-8.1948
[step 08600] value_loss=31.080357 policy_loss=0.214299
[step 08600] VALUE_DEBUG: target(mean=-46.47 std=7.68 min=-81.28 max=-34.88) V(s)(mean=-45.80 std=4.32) reward(mean=-2.822 std=14.084) clip=100.0
[step 08700] value_loss=16.204809 policy_loss=0.030714
[step 08700] VALUE_DEBUG: target(mean=-45.95 std=6.57 min=-81.09 max=-33.28) V(s)(mean=-45.64 std=4.93) reward(mean=-1.577 std=10.026) clip=100.0
[step 08800] value_loss=0.760774 policy_loss=0.296641
[step 08800] VALUE_DEBUG: target(mean=-46.18 std=4.96 min=-52.67 max=-31.24) V(s)(mean=-46.48 std=4.70) reward(mean=-0.200 std=0.584) clip=100.0
[step 08900] value_loss=32.453514 policy_loss=0.234710
[step 08900] VALUE_DEBUG: target(mean=-46.99 std=7.63 min=-81.30 max=-31.64) V(s)(mean=-46.37 std=4.40) reward(mean=-2.787 std=14.124) clip=100.0
[step 09000] value_loss=16.097193 policy_loss=0.225946
[step 09000] VALUE_DEBUG: target(mean=-45.55 std=6.92 min=-81.34 max=-31.84) V(s)(mean=-45.13 std=5.39) reward(mean=-1.607 std=10.062) clip=100.0
[step 09000] eval_success_rate=0.000 eval_mean_score=27.520 eval_policy_mode=greedy [solved=0/100, score_range=18.00-36.00/81.0, initial=26.64]
[step 09000] PROGRESS: filled=27.64 violations=0.06 zero_cand=0.00
[step 09000] DEBUG: ep_len=81.0 ep_ret=-108.365 stop_prob=0.000 score_chg=-8.3552
[Checkpoint] Saved to /home/buiksat/trm_bellman/results/sudoku9x9_real/upi_trm_seed0/rl_checkpoint_step_9000.pt
[step 09100] value_loss=17.589260 policy_loss=0.287551
[step 09100] VALUE_DEBUG: target(mean=-47.14 std=6.01 min=-81.26 max=-31.76) V(s)(mean=-46.76 std=3.85) reward(mean=-1.735 std=10.080) clip=100.0
[step 09200] value_loss=2.553877 policy_loss=0.124701
[step 09200] VALUE_DEBUG: target(mean=-45.75 std=4.63 min=-55.72 max=-34.64) V(s)(mean=-45.83 std=4.29) reward(mean=-0.572 std=1.171) clip=100.0
[step 09300] value_loss=1.591425 policy_loss=0.458239
[step 09300] VALUE_DEBUG: target(mean=-45.85 std=4.73 min=-53.73 max=-34.49) V(s)(mean=-45.76 std=4.62) reward(mean=-0.407 std=0.968) clip=100.0
[step 09400] value_loss=1.704961 policy_loss=-0.016318
[step 09400] VALUE_DEBUG: target(mean=-45.75 std=4.43 min=-51.62 max=-36.10) V(s)(mean=-46.02 std=4.11) reward(mean=-0.299 std=1.026) clip=100.0
[step 09500] value_loss=1.388566 policy_loss=0.038624
[step 09500] VALUE_DEBUG: target(mean=-47.26 std=3.61 min=-53.61 max=-37.10) V(s)(mean=-47.27 std=3.26) reward(mean=-0.485 std=0.990) clip=100.0
[step 09500] eval_success_rate=0.000 eval_mean_score=27.520 eval_policy_mode=greedy [solved=0/100, score_range=18.00-36.00/81.0, initial=26.64]
[step 09500] PROGRESS: filled=27.64 violations=0.06 zero_cand=0.00
[step 09500] DEBUG: ep_len=81.0 ep_ret=-108.185 stop_prob=0.000 score_chg=-8.3030
[step 09600] value_loss=31.706553 policy_loss=0.052922
[step 09600] VALUE_DEBUG: target(mean=-46.98 std=7.66 min=-81.30 max=-35.31) V(s)(mean=-46.18 std=4.37) reward(mean=-2.873 std=14.097) clip=100.0
[step 09700] value_loss=16.489107 policy_loss=0.109829
[step 09700] VALUE_DEBUG: target(mean=-47.46 std=5.83 min=-81.27 max=-35.83) V(s)(mean=-47.12 std=3.97) reward(mean=-1.575 std=10.088) clip=100.0
[step 09800] value_loss=16.421255 policy_loss=0.394621
[step 09800] VALUE_DEBUG: target(mean=-45.89 std=6.95 min=-81.18 max=-32.34) V(s)(mean=-45.24 std=5.36) reward(mean=-1.613 std=10.074) clip=100.0
[step 09900] value_loss=32.108517 policy_loss=0.120810
[step 09900] VALUE_DEBUG: target(mean=-47.59 std=7.48 min=-81.31 max=-33.79) V(s)(mean=-46.83 std=4.22) reward(mean=-2.941 std=14.093) clip=100.0
[step 10000] value_loss=41.571857 policy_loss=0.194845
[step 10000] VALUE_DEBUG: target(mean=-46.56 std=7.83 min=-81.26 max=-34.25) V(s)(mean=-45.77 std=4.70) reward(mean=-2.720 std=14.142) clip=100.0
[step 10000] eval_success_rate=0.000 eval_mean_score=27.540 eval_policy_mode=greedy [solved=0/100, score_range=18.00-36.00/81.0, initial=26.64]
[step 10000] PROGRESS: filled=27.64 violations=0.05 zero_cand=0.00
[step 10000] DEBUG: ep_len=81.0 ep_ret=-108.091 stop_prob=0.000 score_chg=-7.9985
[Checkpoint] Saved to /home/buiksat/trm_bellman/results/sudoku9x9_real/upi_trm_seed0/rl_checkpoint_step_10000.pt
[step 10100] value_loss=31.488140 policy_loss=0.183208
[step 10100] VALUE_DEBUG: target(mean=-48.23 std=7.00 min=-81.17 max=-36.88) V(s)(mean=-47.51 std=3.58) reward(mean=-2.860 std=14.080) clip=100.0
[step 10200] value_loss=0.388500 policy_loss=-0.251712
[step 10200] VALUE_DEBUG: target(mean=-46.47 std=4.25 min=-51.67 max=-33.51) V(s)(mean=-46.48 std=4.48) reward(mean=-0.319 std=0.382) clip=100.0
[step 10300] value_loss=15.891935 policy_loss=0.240460
[step 10300] VALUE_DEBUG: target(mean=-47.04 std=6.01 min=-81.09 max=-34.50) V(s)(mean=-46.54 std=4.38) reward(mean=-1.602 std=10.046) clip=100.0
[step 10400] value_loss=0.553367 policy_loss=-0.300531
[step 10400] VALUE_DEBUG: target(mean=-46.99 std=3.73 min=-50.69 max=-34.33) V(s)(mean=-47.17 std=3.73) reward(mean=-0.295 std=0.454) clip=100.0
[step 10500] value_loss=0.440326 policy_loss=0.411255
[step 10500] VALUE_DEBUG: target(mean=-47.00 std=3.46 min=-52.17 max=-37.57) V(s)(mean=-47.10 std=3.46) reward(mean=-0.256 std=0.444) clip=100.0
[step 10500] eval_success_rate=0.000 eval_mean_score=27.520 eval_policy_mode=greedy [solved=0/100, score_range=18.00-36.00/81.0, initial=26.64]
[step 10500] PROGRESS: filled=27.64 violations=0.06 zero_cand=0.00
[step 10500] DEBUG: ep_len=81.0 ep_ret=-108.480 stop_prob=0.000 score_chg=-8.4608
[step 10600] value_loss=30.849476 policy_loss=0.094332
[step 10600] VALUE_DEBUG: target(mean=-47.36 std=7.42 min=-81.16 max=-34.92) V(s)(mean=-46.47 std=4.61) reward(mean=-2.733 std=14.093) clip=100.0
[step 10700] value_loss=17.433300 policy_loss=0.085304
[step 10700] VALUE_DEBUG: target(mean=-48.46 std=5.37 min=-81.10 max=-37.30) V(s)(mean=-47.96 std=3.17) reward(mean=-1.630 std=10.113) clip=100.0
[step 10800] value_loss=13.327454 policy_loss=-0.028862
[step 10800] VALUE_DEBUG: target(mean=-47.61 std=5.44 min=-77.11 max=-36.73) V(s)(mean=-47.02 std=4.02) reward(mean=-1.658 std=9.558) clip=100.0
[step 10900] value_loss=0.612342 policy_loss=0.033799
[step 10900] VALUE_DEBUG: target(mean=-47.17 std=4.00 min=-52.69 max=-34.46) V(s)(mean=-47.38 std=3.72) reward(mean=-0.279 std=0.668) clip=100.0
[step 11000] value_loss=31.964603 policy_loss=-0.186893
[step 11000] VALUE_DEBUG: target(mean=-48.77 std=6.81 min=-81.23 max=-35.97) V(s)(mean=-47.88 std=3.59) reward(mean=-2.857 std=14.086) clip=100.0
[step 11000] eval_success_rate=0.000 eval_mean_score=27.540 eval_policy_mode=greedy [solved=0/100, score_range=18.00-36.00/81.0, initial=26.64]
[step 11000] PROGRESS: filled=27.64 violations=0.05 zero_cand=0.00
[step 11000] DEBUG: ep_len=81.0 ep_ret=-108.460 stop_prob=0.000 score_chg=-8.4230
[Checkpoint] Saved to /home/buiksat/trm_bellman/results/sudoku9x9_real/upi_trm_seed0/rl_checkpoint_step_11000.pt
[step 11100] value_loss=0.408513 policy_loss=0.260267
[step 11100] VALUE_DEBUG: target(mean=-46.56 std=3.76 min=-50.72 max=-35.67) V(s)(mean=-46.65 std=3.86) reward(mean=-0.280 std=0.418) clip=100.0
[step 11200] value_loss=36.026508 policy_loss=-0.078917
[step 11200] VALUE_DEBUG: target(mean=-48.05 std=7.28 min=-81.20 max=-34.29) V(s)(mean=-47.21 std=3.91) reward(mean=-2.910 std=14.072) clip=100.0
[step 11300] value_loss=1.819202 policy_loss=0.476509
[step 11300] VALUE_DEBUG: target(mean=-46.89 std=3.72 min=-51.88 max=-36.17) V(s)(mean=-46.87 std=3.92) reward(mean=-0.229 std=0.928) clip=100.0
[step 11400] value_loss=2.211653 policy_loss=0.534248
[step 11400] VALUE_DEBUG: target(mean=-47.39 std=4.02 min=-54.70 max=-35.60) V(s)(mean=-47.50 std=3.61) reward(mean=-0.345 std=1.442) clip=100.0
[step 11500] value_loss=0.485780 policy_loss=-0.080604
[step 11500] VALUE_DEBUG: target(mean=-46.69 std=3.86 min=-50.71 max=-33.89) V(s)(mean=-47.06 std=3.91) reward(mean=-0.170 std=0.396) clip=100.0
[step 11500] eval_success_rate=0.000 eval_mean_score=27.560 eval_policy_mode=greedy [solved=0/100, score_range=18.00-36.00/81.0, initial=26.64]
[step 11500] PROGRESS: filled=27.64 violations=0.04 zero_cand=0.00
[step 11500] DEBUG: ep_len=81.0 ep_ret=-108.304 stop_prob=0.000 score_chg=-8.2175
[step 11600] value_loss=19.077801 policy_loss=0.271945
[step 11600] VALUE_DEBUG: target(mean=-47.68 std=5.84 min=-84.09 max=-37.49) V(s)(mean=-47.19 std=3.54) reward(mean=-1.618 std=10.420) clip=100.0
[step 11700] value_loss=32.670258 policy_loss=-0.121790
[step 11700] VALUE_DEBUG: target(mean=-48.14 std=7.11 min=-81.31 max=-38.70) V(s)(mean=-46.95 std=3.78) reward(mean=-3.014 std=14.105) clip=100.0
[step 11800] value_loss=0.817632 policy_loss=0.053797
[step 11800] VALUE_DEBUG: target(mean=-47.96 std=2.89 min=-51.71 max=-38.20) V(s)(mean=-48.21 std=2.84) reward(mean=-0.182 std=0.770) clip=100.0
[step 11900] value_loss=16.971870 policy_loss=0.034337
[step 11900] VALUE_DEBUG: target(mean=-48.37 std=5.39 min=-81.15 max=-36.98) V(s)(mean=-47.92 std=3.36) reward(mean=-1.520 std=10.110) clip=100.0
[step 12000] value_loss=16.843519 policy_loss=0.276143
[step 12000] VALUE_DEBUG: target(mean=-47.43 std=5.82 min=-82.29 max=-34.93) V(s)(mean=-47.19 std=3.76) reward(mean=-1.589 std=10.187) clip=100.0
[step 12000] eval_success_rate=0.000 eval_mean_score=27.600 eval_policy_mode=greedy [solved=0/100, score_range=18.00-36.00/81.0, initial=26.64]
[step 12000] PROGRESS: filled=27.64 violations=0.02 zero_cand=0.00
[step 12000] DEBUG: ep_len=81.0 ep_ret=-108.479 stop_prob=0.000 score_chg=-8.3332
[Checkpoint] Saved to /home/buiksat/trm_bellman/results/sudoku9x9_real/upi_trm_seed0/rl_checkpoint_step_12000.pt
[step 12100] value_loss=16.272055 policy_loss=0.092159
[step 12100] VALUE_DEBUG: target(mean=-47.74 std=5.70 min=-81.20 max=-36.82) V(s)(mean=-47.23 std=3.59) reward(mean=-1.628 std=10.077) clip=100.0
[step 12200] value_loss=1.139562 policy_loss=0.032240
[step 12200] VALUE_DEBUG: target(mean=-47.74 std=3.60 min=-54.64 max=-36.82) V(s)(mean=-47.72 std=3.42) reward(mean=-0.422 std=1.027) clip=100.0
[step 12300] value_loss=32.940327 policy_loss=0.033951
[step 12300] VALUE_DEBUG: target(mean=-47.98 std=6.93 min=-81.32 max=-37.22) V(s)(mean=-47.10 std=3.32) reward(mean=-2.822 std=14.102) clip=100.0
[step 12400] value_loss=47.200199 policy_loss=0.014228
[step 12400] VALUE_DEBUG: target(mean=-48.37 std=8.07 min=-81.15 max=-37.09) V(s)(mean=-47.20 std=3.39) reward(mean=-4.005 std=17.109) clip=100.0
[step 12500] value_loss=0.778379 policy_loss=0.472533
[step 12500] VALUE_DEBUG: target(mean=-46.98 std=3.81 min=-54.63 max=-37.31) V(s)(mean=-47.02 std=3.73) reward(mean=-0.328 std=0.848) clip=100.0
[step 12500] eval_success_rate=0.000 eval_mean_score=27.600 eval_policy_mode=greedy [solved=0/100, score_range=18.00-36.00/81.0, initial=26.64]
[step 12500] PROGRESS: filled=27.64 violations=0.02 zero_cand=0.00
[step 12500] DEBUG: ep_len=81.0 ep_ret=-108.558 stop_prob=0.000 score_chg=-8.3652
[step 12600] value_loss=17.274681 policy_loss=0.686344
[step 12600] VALUE_DEBUG: target(mean=-47.60 std=5.90 min=-81.30 max=-34.83) V(s)(mean=-47.23 std=4.08) reward(mean=-1.570 std=10.062) clip=100.0
[step 12700] value_loss=15.591124 policy_loss=0.186930
[step 12700] VALUE_DEBUG: target(mean=-47.97 std=5.09 min=-81.15 max=-38.88) V(s)(mean=-47.53 std=3.00) reward(mean=-1.487 std=10.048) clip=100.0
[step 12800] value_loss=0.476058 policy_loss=-0.051815
[step 12800] VALUE_DEBUG: target(mean=-48.22 std=2.76 min=-53.72 max=-37.10) V(s)(mean=-48.41 std=2.61) reward(mean=-0.311 std=0.653) clip=100.0
[step 12900] value_loss=15.831575 policy_loss=-0.274964
[step 12900] VALUE_DEBUG: target(mean=-47.88 std=5.62 min=-81.23 max=-34.19) V(s)(mean=-47.51 std=3.69) reward(mean=-1.528 std=10.070) clip=100.0
[step 13000] value_loss=2.239738 policy_loss=0.562465
[step 13000] VALUE_DEBUG: target(mean=-47.76 std=3.37 min=-54.54 max=-38.32) V(s)(mean=-47.81 std=3.37) reward(mean=-0.278 std=1.326) clip=100.0
[step 13000] eval_success_rate=0.000 eval_mean_score=27.570 eval_policy_mode=greedy [solved=0/100, score_range=18.00-36.00/81.0, initial=26.64]
[step 13000] PROGRESS: filled=27.65 violations=0.04 zero_cand=0.00
[step 13000] DEBUG: ep_len=81.0 ep_ret=-108.548 stop_prob=0.000 score_chg=-8.4002
[Checkpoint] Saved to /home/buiksat/trm_bellman/results/sudoku9x9_real/upi_trm_seed0/rl_checkpoint_step_13000.pt
[step 13100] value_loss=34.166428 policy_loss=-0.175634
[step 13100] VALUE_DEBUG: target(mean=-48.19 std=7.11 min=-82.18 max=-34.81) V(s)(mean=-47.21 std=4.06) reward(mean=-2.858 std=14.207) clip=100.0
[step 13200] value_loss=33.021236 policy_loss=0.642099
[step 13200] VALUE_DEBUG: target(mean=-48.49 std=6.93 min=-83.13 max=-37.30) V(s)(mean=-47.67 std=3.53) reward(mean=-2.823 std=14.263) clip=100.0
[step 13300] value_loss=35.307781 policy_loss=-0.213740
[step 13300] VALUE_DEBUG: target(mean=-49.13 std=6.45 min=-81.27 max=-36.79) V(s)(mean=-48.20 std=2.97) reward(mean=-2.898 std=14.086) clip=100.0
[step 13400] value_loss=1.086874 policy_loss=-0.084557
[step 13400] VALUE_DEBUG: target(mean=-47.51 std=3.60 min=-57.64 max=-37.77) V(s)(mean=-47.53 std=3.48) reward(mean=-0.354 std=1.038) clip=100.0
[step 13500] value_loss=0.553125 policy_loss=0.208367
[step 13500] VALUE_DEBUG: target(mean=-48.28 std=2.66 min=-52.76 max=-39.81) V(s)(mean=-48.46 std=2.48) reward(mean=-0.343 std=0.678) clip=100.0
[step 13500] eval_success_rate=0.000 eval_mean_score=27.660 eval_policy_mode=greedy [solved=0/100, score_range=18.00-36.00/81.0, initial=26.64]
[step 13500] PROGRESS: filled=27.66 violations=0.00 zero_cand=0.00
[step 13500] DEBUG: ep_len=81.0 ep_ret=-108.539 stop_prob=0.000 score_chg=-8.3622
[step 13600] value_loss=0.670859 policy_loss=0.529815
[step 13600] VALUE_DEBUG: target(mean=-47.32 std=3.86 min=-53.70 max=-36.00) V(s)(mean=-47.35 std=3.86) reward(mean=-0.389 std=0.750) clip=100.0
[step 13700] value_loss=0.402599 policy_loss=-0.816781
[step 13700] VALUE_DEBUG: target(mean=-47.21 std=3.62 min=-51.60 max=-35.95) V(s)(mean=-47.52 std=3.46) reward(mean=-0.182 std=0.554) clip=100.0
[step 13800] value_loss=31.037392 policy_loss=0.033071
[step 13800] VALUE_DEBUG: target(mean=-48.90 std=6.63 min=-81.15 max=-37.28) V(s)(mean=-47.98 std=3.30) reward(mean=-2.883 std=14.075) clip=100.0
[step 13900] value_loss=0.901859 policy_loss=0.176569
[step 13900] VALUE_DEBUG: target(mean=-47.85 std=3.14 min=-51.76 max=-38.43) V(s)(mean=-47.81 std=3.29) reward(mean=-0.431 std=0.605) clip=100.0
[step 14000] value_loss=16.354912 policy_loss=0.666310
[step 14000] VALUE_DEBUG: target(mean=-48.42 std=4.84 min=-81.20 max=-39.88) V(s)(mean=-48.11 std=2.77) reward(mean=-1.532 std=10.072) clip=100.0
[step 14000] eval_success_rate=0.000 eval_mean_score=27.640 eval_policy_mode=greedy [solved=0/100, score_range=18.00-36.00/81.0, initial=26.64]
[step 14000] PROGRESS: filled=27.64 violations=0.00 zero_cand=0.00
[step 14000] DEBUG: ep_len=81.0 ep_ret=-108.457 stop_prob=0.000 score_chg=-8.2790
[Checkpoint] Saved to /home/buiksat/trm_bellman/results/sudoku9x9_real/upi_trm_seed0/rl_checkpoint_step_14000.pt
[step 14100] value_loss=16.580021 policy_loss=-0.066631
[step 14100] VALUE_DEBUG: target(mean=-48.99 std=4.97 min=-81.12 max=-40.77) V(s)(mean=-48.65 std=2.71) reward(mean=-1.583 std=10.083) clip=100.0
[step 14200] value_loss=0.225146 policy_loss=0.308766
[step 14200] VALUE_DEBUG: target(mean=-47.47 std=3.18 min=-52.61 max=-39.54) V(s)(mean=-47.69 std=3.05) reward(mean=-0.212 std=0.474) clip=100.0
[step 14300] value_loss=15.943970 policy_loss=0.267575
[step 14300] VALUE_DEBUG: target(mean=-47.76 std=5.58 min=-81.03 max=-37.49) V(s)(mean=-47.69 std=3.50) reward(mean=-1.390 std=10.068) clip=100.0
[step 14400] value_loss=0.849751 policy_loss=-0.617360
[step 14400] VALUE_DEBUG: target(mean=-48.12 std=2.83 min=-53.36 max=-40.48) V(s)(mean=-48.25 std=2.73) reward(mean=-0.278 std=0.861) clip=100.0
[step 14500] value_loss=51.596405 policy_loss=-0.045620
[step 14500] VALUE_DEBUG: target(mean=-49.71 std=7.52 min=-81.26 max=-37.46) V(s)(mean=-48.23 std=2.79) reward(mean=-4.124 std=17.104) clip=100.0
[step 14500] eval_success_rate=0.000 eval_mean_score=27.640 eval_policy_mode=greedy [solved=0/100, score_range=18.00-36.00/81.0, initial=26.64]
[step 14500] PROGRESS: filled=27.64 violations=0.00 zero_cand=0.00
[step 14500] DEBUG: ep_len=81.0 ep_ret=-108.352 stop_prob=0.000 score_chg=-8.1405
[step 14600] value_loss=18.075382 policy_loss=0.371995
[step 14600] VALUE_DEBUG: target(mean=-49.00 std=5.31 min=-81.24 max=-37.51) V(s)(mean=-48.23 std=2.87) reward(mean=-1.989 std=10.110) clip=100.0
[step 14700] value_loss=31.395834 policy_loss=0.038091
[step 14700] VALUE_DEBUG: target(mean=-49.35 std=6.34 min=-81.23 max=-38.87) V(s)(mean=-48.50 std=2.50) reward(mean=-2.901 std=14.097) clip=100.0
[step 14800] value_loss=16.056177 policy_loss=-1.584216
[step 14800] VALUE_DEBUG: target(mean=-48.27 std=5.19 min=-81.14 max=-39.05) V(s)(mean=-47.89 std=3.38) reward(mean=-1.543 std=10.054) clip=100.0
[step 14900] value_loss=18.293390 policy_loss=0.710501
[step 14900] VALUE_DEBUG: target(mean=-48.80 std=5.13 min=-81.00 max=-39.92) V(s)(mean=-48.39 std=2.62) reward(mean=-1.645 std=10.155) clip=100.0
[step 15000] value_loss=17.428417 policy_loss=-0.144241
[step 15000] VALUE_DEBUG: target(mean=-48.81 std=5.12 min=-81.04 max=-36.34) V(s)(mean=-48.27 std=2.95) reward(mean=-1.736 std=10.090) clip=100.0
[step 15000] eval_success_rate=0.000 eval_mean_score=27.600 eval_policy_mode=greedy [solved=0/100, score_range=18.00-36.00/81.0, initial=26.64]
[step 15000] PROGRESS: filled=27.64 violations=0.02 zero_cand=0.00
[step 15000] DEBUG: ep_len=81.0 ep_ret=-108.553 stop_prob=0.000 score_chg=-8.2278
[Checkpoint] Saved to /home/buiksat/trm_bellman/results/sudoku9x9_real/upi_trm_seed0/rl_checkpoint_step_15000.pt
[step 15100] value_loss=16.591908 policy_loss=0.288286
[step 15100] VALUE_DEBUG: target(mean=-48.06 std=5.50 min=-81.19 max=-36.97) V(s)(mean=-47.36 std=3.66) reward(mean=-1.771 std=10.059) clip=100.0
[step 15200] value_loss=46.118610 policy_loss=0.295403
[step 15200] VALUE_DEBUG: target(mean=-48.99 std=7.86 min=-81.24 max=-37.79) V(s)(mean=-47.62 std=3.56) reward(mean=-4.088 std=17.093) clip=100.0
[step 15300] value_loss=15.806971 policy_loss=0.055914
[step 15300] VALUE_DEBUG: target(mean=-48.06 std=5.56 min=-81.15 max=-37.58) V(s)(mean=-47.75 std=3.51) reward(mean=-1.624 std=10.049) clip=100.0
[step 15400] value_loss=15.524522 policy_loss=0.057200
[step 15400] VALUE_DEBUG: target(mean=-48.11 std=5.26 min=-81.12 max=-36.45) V(s)(mean=-47.87 std=3.14) reward(mean=-1.463 std=10.052) clip=100.0
[step 15500] value_loss=15.664414 policy_loss=0.824862
[step 15500] VALUE_DEBUG: target(mean=-48.48 std=5.19 min=-81.01 max=-36.50) V(s)(mean=-48.22 std=2.90) reward(mean=-1.567 std=10.032) clip=100.0
[step 15500] eval_success_rate=0.000 eval_mean_score=27.600 eval_policy_mode=greedy [solved=0/100, score_range=18.00-36.00/81.0, initial=26.64]
[step 15500] PROGRESS: filled=27.64 violations=0.02 zero_cand=0.00
[step 15500] DEBUG: ep_len=81.0 ep_ret=-108.341 stop_prob=0.000 score_chg=-8.0452
[step 15600] value_loss=0.445625 policy_loss=-0.368370
[step 15600] VALUE_DEBUG: target(mean=-48.36 std=2.67 min=-52.23 max=-39.69) V(s)(mean=-48.48 std=2.63) reward(mean=-0.299 std=0.506) clip=100.0
[step 15700] value_loss=1.609809 policy_loss=0.044864
[step 15700] VALUE_DEBUG: target(mean=-47.80 std=2.99 min=-52.23 max=-39.24) V(s)(mean=-47.90 std=2.98) reward(mean=-0.298 std=1.132) clip=100.0
[step 15800] value_loss=11.513577 policy_loss=0.238192
[step 15800] VALUE_DEBUG: target(mean=-48.55 std=4.43 min=-76.26 max=-40.40) V(s)(mean=-48.36 std=2.59) reward(mean=-1.435 std=9.462) clip=100.0
[step 15900] value_loss=47.364929 policy_loss=0.490040
[step 15900] VALUE_DEBUG: target(mean=-50.21 std=7.26 min=-81.20 max=-41.70) V(s)(mean=-48.73 std=2.18) reward(mean=-4.293 std=17.097) clip=100.0
[step 16000] value_loss=15.821736 policy_loss=-0.407808
[step 16000] VALUE_DEBUG: target(mean=-48.44 std=4.93 min=-81.20 max=-37.02) V(s)(mean=-48.13 std=2.75) reward(mean=-1.481 std=10.063) clip=100.0
[step 16000] eval_success_rate=0.000 eval_mean_score=27.600 eval_policy_mode=greedy [solved=0/100, score_range=18.00-36.00/81.0, initial=26.64]
[step 16000] PROGRESS: filled=27.64 violations=0.02 zero_cand=0.00
[step 16000] DEBUG: ep_len=81.0 ep_ret=-108.614 stop_prob=0.000 score_chg=-8.3208
[Checkpoint] Saved to /home/buiksat/trm_bellman/results/sudoku9x9_real/upi_trm_seed0/rl_checkpoint_step_16000.pt
[step 16100] value_loss=1.129291 policy_loss=0.269887
[step 16100] VALUE_DEBUG: target(mean=-48.00 std=3.40 min=-54.52 max=-37.70) V(s)(mean=-47.99 std=3.07) reward(mean=-0.490 std=0.955) clip=100.0
[step 16200] value_loss=16.398365 policy_loss=0.031339
[step 16200] VALUE_DEBUG: target(mean=-49.45 std=4.65 min=-81.25 max=-38.39) V(s)(mean=-48.92 std=2.17) reward(mean=-1.710 std=10.074) clip=100.0
[step 16300] value_loss=46.210747 policy_loss=0.147960
[step 16300] VALUE_DEBUG: target(mean=-50.05 std=7.44 min=-81.27 max=-38.31) V(s)(mean=-48.72 std=2.70) reward(mean=-4.090 std=17.122) clip=100.0
[step 16400] value_loss=16.767359 policy_loss=-0.008757
[step 16400] VALUE_DEBUG: target(mean=-48.35 std=5.35 min=-81.17 max=-39.02) V(s)(mean=-47.77 std=3.16) reward(mean=-1.655 std=10.070) clip=100.0
[step 16500] value_loss=17.032732 policy_loss=-0.943161
[step 16500] VALUE_DEBUG: target(mean=-49.05 std=4.67 min=-81.27 max=-39.78) V(s)(mean=-48.42 std=2.40) reward(mean=-1.758 std=10.067) clip=100.0
[step 16500] eval_success_rate=0.000 eval_mean_score=27.640 eval_policy_mode=greedy [solved=0/100, score_range=18.00-36.00/81.0, initial=26.64]
[step 16500] PROGRESS: filled=27.64 violations=0.00 zero_cand=0.00
[step 16500] DEBUG: ep_len=81.0 ep_ret=-108.467 stop_prob=0.000 score_chg=-8.1520
[step 16600] value_loss=33.166794 policy_loss=-0.067318
[step 16600] VALUE_DEBUG: target(mean=-49.97 std=6.19 min=-81.22 max=-40.83) V(s)(mean=-48.83 std=2.12) reward(mean=-3.075 std=14.109) clip=100.0
[step 16700] value_loss=2.629609 policy_loss=-0.325225
[step 16700] VALUE_DEBUG: target(mean=-47.81 std=3.79 min=-58.73 max=-36.63) V(s)(mean=-47.67 std=3.33) reward(mean=-0.507 std=1.583) clip=100.0
[step 16800] value_loss=31.897202 policy_loss=-0.117391
[step 16800] VALUE_DEBUG: target(mean=-49.47 std=6.57 min=-81.24 max=-38.18) V(s)(mean=-48.44 std=2.96) reward(mean=-3.064 std=14.079) clip=100.0
[step 16900] value_loss=16.268715 policy_loss=0.631214
[step 16900] VALUE_DEBUG: target(mean=-48.47 std=5.41 min=-81.09 max=-37.93) V(s)(mean=-48.05 std=3.24) reward(mean=-1.638 std=10.056) clip=100.0
[step 17000] value_loss=16.321577 policy_loss=0.438918
[step 17000] VALUE_DEBUG: target(mean=-48.34 std=5.40 min=-81.11 max=-37.17) V(s)(mean=-47.67 std=3.31) reward(mean=-1.737 std=10.045) clip=100.0
[step 17000] eval_success_rate=0.000 eval_mean_score=27.650 eval_policy_mode=greedy [solved=0/100, score_range=18.00-36.00/81.0, initial=26.64]
[step 17000] PROGRESS: filled=27.65 violations=0.00 zero_cand=0.00
[step 17000] DEBUG: ep_len=81.0 ep_ret=-108.781 stop_prob=0.000 score_chg=-8.4935
[Checkpoint] Saved to /home/buiksat/trm_bellman/results/sudoku9x9_real/upi_trm_seed0/rl_checkpoint_step_17000.pt
[step 17100] value_loss=0.927408 policy_loss=-0.748612
[step 17100] VALUE_DEBUG: target(mean=-48.16 std=2.87 min=-54.59 max=-37.27) V(s)(mean=-48.27 std=2.75) reward(mean=-0.303 std=0.867) clip=100.0
[step 17200] value_loss=33.545250 policy_loss=0.111805
[step 17200] VALUE_DEBUG: target(mean=-49.25 std=6.63 min=-81.28 max=-37.01) V(s)(mean=-48.59 std=2.78) reward(mean=-2.725 std=14.201) clip=100.0
[step 17300] value_loss=15.921890 policy_loss=0.186533
[step 17300] VALUE_DEBUG: target(mean=-48.84 std=5.12 min=-81.09 max=-38.02) V(s)(mean=-48.32 std=3.06) reward(mean=-1.664 std=10.046) clip=100.0
[step 17400] value_loss=34.670052 policy_loss=-1.530669
[step 17400] VALUE_DEBUG: target(mean=-48.76 std=6.59 min=-81.25 max=-37.11) V(s)(mean=-47.99 std=3.01) reward(mean=-2.771 std=14.095) clip=100.0
[step 17500] value_loss=0.574098 policy_loss=0.028804
[step 17500] VALUE_DEBUG: target(mean=-48.42 std=2.52 min=-52.74 max=-41.19) V(s)(mean=-48.53 std=2.42) reward(mean=-0.345 std=0.607) clip=100.0
[step 17500] eval_success_rate=0.000 eval_mean_score=27.670 eval_policy_mode=greedy [solved=0/100, score_range=18.00-36.00/81.0, initial=26.64]
[step 17500] PROGRESS: filled=27.67 violations=0.00 zero_cand=0.00
[step 17500] DEBUG: ep_len=81.0 ep_ret=-108.987 stop_prob=0.000 score_chg=-8.6250
[step 17600] value_loss=0.973280 policy_loss=0.296578
[step 17600] VALUE_DEBUG: target(mean=-48.32 std=2.79 min=-53.76 max=-39.75) V(s)(mean=-48.49 std=2.55) reward(mean=-0.315 std=0.908) clip=100.0
[step 17700] value_loss=16.166269 policy_loss=-0.001105
[step 17700] VALUE_DEBUG: target(mean=-48.32 std=5.13 min=-81.17 max=-38.13) V(s)(mean=-47.96 std=2.81) reward(mean=-1.552 std=10.082) clip=100.0
[step 17800] value_loss=15.331719 policy_loss=-0.088237
[step 17800] VALUE_DEBUG: target(mean=-48.81 std=4.65 min=-81.06 max=-40.36) V(s)(mean=-48.58 std=2.39) reward(mean=-1.408 std=10.045) clip=100.0
[step 17900] value_loss=0.596422 policy_loss=0.535786
[step 17900] VALUE_DEBUG: target(mean=-48.04 std=2.84 min=-50.74 max=-38.39) V(s)(mean=-48.11 std=3.07) reward(mean=-0.301 std=0.465) clip=100.0
[step 18000] value_loss=1.251781 policy_loss=0.233991
[step 18000] VALUE_DEBUG: target(mean=-48.01 std=3.28 min=-54.69 max=-38.22) V(s)(mean=-48.20 std=2.89) reward(mean=-0.377 std=1.082) clip=100.0
[step 18000] eval_success_rate=0.000 eval_mean_score=27.680 eval_policy_mode=greedy [solved=0/100, score_range=18.00-36.00/81.0, initial=26.64]
[step 18000] PROGRESS: filled=27.68 violations=0.00 zero_cand=0.00
[step 18000] DEBUG: ep_len=81.0 ep_ret=-108.613 stop_prob=0.000 score_chg=-8.0960
[Checkpoint] Saved to /home/buiksat/trm_bellman/results/sudoku9x9_real/upi_trm_seed0/rl_checkpoint_step_18000.pt
[step 18100] value_loss=1.573282 policy_loss=0.685312
[step 18100] VALUE_DEBUG: target(mean=-48.52 std=2.95 min=-54.76 max=-40.41) V(s)(mean=-48.50 std=2.63) reward(mean=-0.447 std=1.207) clip=100.0
[step 18200] value_loss=0.941691 policy_loss=0.082550
[step 18200] VALUE_DEBUG: target(mean=-48.35 std=2.82 min=-55.76 max=-39.59) V(s)(mean=-48.50 std=2.48) reward(mean=-0.323 std=0.990) clip=100.0
[step 18300] value_loss=1.898588 policy_loss=0.327595
[step 18300] VALUE_DEBUG: target(mean=-47.89 std=3.47 min=-54.77 max=-38.24) V(s)(mean=-47.95 std=3.27) reward(mean=-0.322 std=1.296) clip=100.0
[step 18400] value_loss=14.611968 policy_loss=0.003882
[step 18400] VALUE_DEBUG: target(mean=-47.84 std=5.13 min=-80.12 max=-39.60) V(s)(mean=-47.71 std=3.11) reward(mean=-1.356 std=9.942) clip=100.0
[step 18500] value_loss=16.972363 policy_loss=0.207386
[step 18500] VALUE_DEBUG: target(mean=-48.77 std=5.33 min=-81.29 max=-38.22) V(s)(mean=-48.16 std=2.93) reward(mean=-1.835 std=10.094) clip=100.0
[step 18500] eval_success_rate=0.000 eval_mean_score=27.670 eval_policy_mode=greedy [solved=0/100, score_range=18.00-36.00/81.0, initial=26.64]
[step 18500] PROGRESS: filled=27.67 violations=0.00 zero_cand=0.00
[step 18500] DEBUG: ep_len=81.0 ep_ret=-108.692 stop_prob=0.000 score_chg=-8.2455
[step 18600] value_loss=15.926181 policy_loss=0.126183
[step 18600] VALUE_DEBUG: target(mean=-48.47 std=5.24 min=-81.21 max=-39.47) V(s)(mean=-48.13 std=2.99) reward(mean=-1.633 std=10.058) clip=100.0
[step 18700] value_loss=1.727510 policy_loss=0.374816
[step 18700] VALUE_DEBUG: target(mean=-48.22 std=2.86 min=-54.56 max=-39.31) V(s)(mean=-48.17 std=2.79) reward(mean=-0.385 std=1.148) clip=100.0
[step 18800] value_loss=15.497739 policy_loss=-0.399439
[step 18800] VALUE_DEBUG: target(mean=-48.54 std=5.23 min=-81.17 max=-38.28) V(s)(mean=-48.25 std=3.20) reward(mean=-1.486 std=10.056) clip=100.0
[step 18900] value_loss=1.191583 policy_loss=0.146329
[step 18900] VALUE_DEBUG: target(mean=-48.37 std=3.04 min=-53.76 max=-39.10) V(s)(mean=-48.53 std=2.95) reward(mean=-0.307 std=0.985) clip=100.0
[step 19000] value_loss=16.468016 policy_loss=-0.209667
[step 19000] VALUE_DEBUG: target(mean=-48.86 std=4.88 min=-81.15 max=-40.90) V(s)(mean=-48.27 std=2.69) reward(mean=-1.696 std=10.060) clip=100.0
[step 19000] eval_success_rate=0.000 eval_mean_score=27.670 eval_policy_mode=greedy [solved=0/100, score_range=18.00-36.00/81.0, initial=26.64]
[step 19000] PROGRESS: filled=27.67 violations=0.00 zero_cand=0.00
[step 19000] DEBUG: ep_len=81.0 ep_ret=-108.627 stop_prob=0.000 score_chg=-8.2005
[Checkpoint] Saved to /home/buiksat/trm_bellman/results/sudoku9x9_real/upi_trm_seed0/rl_checkpoint_step_19000.pt
[step 19100] value_loss=0.735413 policy_loss=0.132279
[step 19100] VALUE_DEBUG: target(mean=-48.61 std=2.44 min=-53.71 max=-42.16) V(s)(mean=-48.70 std=2.22) reward(mean=-0.385 std=0.836) clip=100.0
[step 19200] value_loss=0.136492 policy_loss=0.102771
[step 19200] VALUE_DEBUG: target(mean=-47.93 std=2.87 min=-49.82 max=-37.54) V(s)(mean=-48.21 std=2.88) reward(mean=-0.205 std=0.177) clip=100.0
[step 19300] value_loss=1.658419 policy_loss=0.061633
[step 19300] VALUE_DEBUG: target(mean=-48.41 std=2.93 min=-55.58 max=-40.30) V(s)(mean=-48.37 std=2.41) reward(mean=-0.519 std=1.280) clip=100.0
[step 19400] value_loss=15.625003 policy_loss=0.501644
[step 19400] VALUE_DEBUG: target(mean=-48.47 std=5.28 min=-81.10 max=-37.82) V(s)(mean=-48.23 std=3.23) reward(mean=-1.470 std=10.050) clip=100.0
[step 19500] value_loss=30.778257 policy_loss=0.390620
[step 19500] VALUE_DEBUG: target(mean=-49.06 std=6.51 min=-81.25 max=-36.01) V(s)(mean=-48.01 std=3.02) reward(mean=-2.958 std=14.002) clip=100.0
[step 19500] eval_success_rate=0.000 eval_mean_score=27.680 eval_policy_mode=greedy [solved=0/100, score_range=18.00-36.00/81.0, initial=26.64]
[step 19500] PROGRESS: filled=27.68 violations=0.00 zero_cand=0.00
[step 19500] DEBUG: ep_len=81.0 ep_ret=-108.673 stop_prob=0.000 score_chg=-8.2140
[step 19600] value_loss=16.117386 policy_loss=-0.147389
[step 19600] VALUE_DEBUG: target(mean=-48.48 std=5.29 min=-81.19 max=-38.52) V(s)(mean=-47.99 std=3.12) reward(mean=-1.650 std=10.071) clip=100.0
[step 19700] value_loss=18.942284 policy_loss=0.054213
[step 19700] VALUE_DEBUG: target(mean=-48.91 std=5.32 min=-83.24 max=-37.02) V(s)(mean=-48.55 std=2.94) reward(mean=-1.561 std=10.355) clip=100.0
[step 19800] value_loss=31.040529 policy_loss=-0.600113
[step 19800] VALUE_DEBUG: target(mean=-48.95 std=6.87 min=-81.32 max=-35.14) V(s)(mean=-48.01 std=3.76) reward(mean=-2.880 std=14.089) clip=100.0
[step 19900] value_loss=32.977936 policy_loss=0.310752
[step 19900] VALUE_DEBUG: target(mean=-49.19 std=6.80 min=-83.18 max=-38.37) V(s)(mean=-48.16 std=3.42) reward(mean=-2.903 std=14.258) clip=100.0
[step 20000] value_loss=0.235069 policy_loss=-0.217817
[step 20000] VALUE_DEBUG: target(mean=-47.60 std=3.25 min=-51.67 max=-38.57) V(s)(mean=-47.72 std=3.31) reward(mean=-0.181 std=0.493) clip=100.0
[step 20000] eval_success_rate=0.000 eval_mean_score=27.670 eval_policy_mode=greedy [solved=0/100, score_range=18.00-36.00/81.0, initial=26.64]
[step 20000] PROGRESS: filled=27.67 violations=0.00 zero_cand=0.00
[step 20000] DEBUG: ep_len=81.0 ep_ret=-108.828 stop_prob=0.000 score_chg=-8.2560
[Checkpoint] Saved to /home/buiksat/trm_bellman/results/sudoku9x9_real/upi_trm_seed0/rl_checkpoint_step_20000.pt
[step 20100] value_loss=16.128979 policy_loss=1.012538
[step 20100] VALUE_DEBUG: target(mean=-48.82 std=4.76 min=-81.22 max=-40.25) V(s)(mean=-48.35 std=2.23) reward(mean=-1.640 std=10.062) clip=100.0
[step 20200] value_loss=16.425097 policy_loss=0.174656
[step 20200] VALUE_DEBUG: target(mean=-48.82 std=5.14 min=-81.07 max=-38.07) V(s)(mean=-48.32 std=3.05) reward(mean=-1.658 std=10.057) clip=100.0
[step 20300] value_loss=0.760349 policy_loss=0.470783
[step 20300] VALUE_DEBUG: target(mean=-48.64 std=2.52 min=-52.72 max=-41.26) V(s)(mean=-48.62 std=2.51) reward(mean=-0.391 std=0.773) clip=100.0
[step 20400] value_loss=2.757593 policy_loss=0.038945
[step 20400] VALUE_DEBUG: target(mean=-47.86 std=3.45 min=-55.68 max=-37.89) V(s)(mean=-48.19 std=3.02) reward(mean=-0.151 std=1.604) clip=100.0
[step 20500] value_loss=14.535663 policy_loss=0.631603
[step 20500] VALUE_DEBUG: target(mean=-49.03 std=4.61 min=-80.23 max=-38.60) V(s)(mean=-48.72 std=2.33) reward(mean=-1.544 std=9.926) clip=100.0
[step 20500] eval_success_rate=0.000 eval_mean_score=27.660 eval_policy_mode=greedy [solved=0/100, score_range=18.00-36.00/81.0, initial=26.64]
[step 20500] PROGRESS: filled=27.66 violations=0.00 zero_cand=0.00
[step 20500] DEBUG: ep_len=81.0 ep_ret=-108.652 stop_prob=0.000 score_chg=-8.1035
[step 20600] value_loss=16.274910 policy_loss=0.014837
[step 20600] VALUE_DEBUG: target(mean=-48.67 std=5.40 min=-81.25 max=-37.28) V(s)(mean=-48.12 std=3.38) reward(mean=-1.643 std=10.080) clip=100.0
[step 20700] value_loss=1.594252 policy_loss=0.571442
[step 20700] VALUE_DEBUG: target(mean=-47.99 std=3.45 min=-55.76 max=-35.14) V(s)(mean=-48.07 std=3.34) reward(mean=-0.286 std=1.222) clip=100.0
[step 20800] value_loss=32.265518 policy_loss=0.117124
[step 20800] VALUE_DEBUG: target(mean=-48.85 std=6.83 min=-81.20 max=-38.19) V(s)(mean=-47.72 std=3.20) reward(mean=-3.084 std=14.081) clip=100.0
[step 20900] value_loss=1.019004 policy_loss=-0.133590
[step 20900] VALUE_DEBUG: target(mean=-47.87 std=3.34 min=-52.75 max=-36.76) V(s)(mean=-48.05 std=3.34) reward(mean=-0.179 std=0.966) clip=100.0
[step 21000] value_loss=34.452072 policy_loss=0.140581
[step 21000] VALUE_DEBUG: target(mean=-49.43 std=6.65 min=-85.15 max=-37.19) V(s)(mean=-48.54 std=2.89) reward(mean=-2.814 std=14.427) clip=100.0
[step 21000] eval_success_rate=0.000 eval_mean_score=27.690 eval_policy_mode=greedy [solved=0/100, score_range=18.00-36.00/81.0, initial=26.64]
[step 21000] PROGRESS: filled=27.69 violations=0.00 zero_cand=0.00
[step 21000] DEBUG: ep_len=81.0 ep_ret=-108.710 stop_prob=0.000 score_chg=-8.1135
[Checkpoint] Saved to /home/buiksat/trm_bellman/results/sudoku9x9_real/upi_trm_seed0/rl_checkpoint_step_21000.pt
[step 21100] value_loss=3.116967 policy_loss=0.231600
[step 21100] VALUE_DEBUG: target(mean=-48.43 std=3.14 min=-58.33 max=-38.45) V(s)(mean=-48.25 std=2.56) reward(mean=-0.587 std=1.676) clip=100.0
[step 21200] value_loss=0.595771 policy_loss=0.822080
[step 21200] VALUE_DEBUG: target(mean=-47.99 std=3.03 min=-52.35 max=-39.04) V(s)(mean=-48.06 std=3.03) reward(mean=-0.279 std=0.670) clip=100.0
[step 21300] value_loss=49.737499 policy_loss=0.064883
[step 21300] VALUE_DEBUG: target(mean=-49.67 std=7.63 min=-81.22 max=-38.01) V(s)(mean=-48.25 std=3.01) reward(mean=-4.049 std=17.122) clip=100.0
[step 21400] value_loss=0.807207 policy_loss=0.523184
[step 21400] VALUE_DEBUG: target(mean=-48.10 std=2.71 min=-52.72 max=-38.46) V(s)(mean=-48.47 std=2.50) reward(mean=-0.114 std=0.841) clip=100.0
[step 21500] value_loss=15.301941 policy_loss=0.008539
[step 21500] VALUE_DEBUG: target(mean=-48.85 std=4.95 min=-81.20 max=-38.64) V(s)(mean=-48.51 std=2.86) reward(mean=-1.534 std=10.040) clip=100.0
[step 21500] eval_success_rate=0.000 eval_mean_score=27.650 eval_policy_mode=greedy [solved=0/100, score_range=18.00-36.00/81.0, initial=26.64]
[step 21500] PROGRESS: filled=27.65 violations=0.00 zero_cand=0.00
[step 21500] DEBUG: ep_len=81.0 ep_ret=-108.738 stop_prob=0.000 score_chg=-8.1855
[step 21600] value_loss=34.877880 policy_loss=0.325121
[step 21600] VALUE_DEBUG: target(mean=-49.73 std=6.09 min=-81.23 max=-41.72) V(s)(mean=-48.69 std=1.93) reward(mean=-2.953 std=14.092) clip=100.0
[step 21700] value_loss=2.595296 policy_loss=0.725405
[step 21700] VALUE_DEBUG: target(mean=-48.13 std=3.60 min=-54.73 max=-37.61) V(s)(mean=-47.82 std=3.57) reward(mean=-0.649 std=1.420) clip=100.0
[step 21800] value_loss=0.587751 policy_loss=0.259785
[step 21800] VALUE_DEBUG: target(mean=-46.86 std=4.08 min=-54.63 max=-36.07) V(s)(mean=-47.00 std=3.89) reward(mean=-0.285 std=0.804) clip=100.0
[step 21900] value_loss=32.030910 policy_loss=0.444160
[step 21900] VALUE_DEBUG: target(mean=-49.01 std=6.71 min=-81.26 max=-38.23) V(s)(mean=-48.11 std=3.22) reward(mean=-2.858 std=14.124) clip=100.0
[step 22000] value_loss=16.123333 policy_loss=0.092619
[step 22000] VALUE_DEBUG: target(mean=-48.50 std=5.15 min=-81.31 max=-38.63) V(s)(mean=-48.29 std=3.09) reward(mean=-1.460 std=10.092) clip=100.0
[step 22000] eval_success_rate=0.000 eval_mean_score=27.680 eval_policy_mode=greedy [solved=0/100, score_range=18.00-36.00/81.0, initial=26.64]
[step 22000] PROGRESS: filled=27.68 violations=0.00 zero_cand=0.00
[step 22000] DEBUG: ep_len=81.0 ep_ret=-108.664 stop_prob=0.000 score_chg=-8.1015
[Checkpoint] Saved to /home/buiksat/trm_bellman/results/sudoku9x9_real/upi_trm_seed0/rl_checkpoint_step_22000.pt
[step 22100] value_loss=0.516316 policy_loss=0.968262
[step 22100] VALUE_DEBUG: target(mean=-48.42 std=2.58 min=-54.74 max=-36.76) V(s)(mean=-48.63 std=2.46) reward(mean=-0.215 std=0.723) clip=100.0
[step 22200] value_loss=15.673704 policy_loss=-0.065134
[step 22200] VALUE_DEBUG: target(mean=-47.91 std=5.71 min=-81.09 max=-36.39) V(s)(mean=-47.49 std=3.83) reward(mean=-1.641 std=10.035) clip=100.0
[step 22300] value_loss=0.133433 policy_loss=0.587820
[step 22300] VALUE_DEBUG: target(mean=-47.57 std=3.42 min=-50.74 max=-37.08) V(s)(mean=-47.73 std=3.49) reward(mean=-0.149 std=0.418) clip=100.0
[step 22400] value_loss=16.251827 policy_loss=0.069231
[step 22400] VALUE_DEBUG: target(mean=-47.93 std=5.91 min=-81.21 max=-34.79) V(s)(mean=-47.59 std=3.87) reward(mean=-1.535 std=10.086) clip=100.0
[step 22500] value_loss=30.737013 policy_loss=0.720169
[step 22500] VALUE_DEBUG: target(mean=-48.90 std=6.60 min=-81.23 max=-35.37) V(s)(mean=-48.21 std=3.10) reward(mean=-2.739 std=14.102) clip=100.0
[step 22500] eval_success_rate=0.000 eval_mean_score=27.680 eval_policy_mode=greedy [solved=0/100, score_range=18.00-36.00/81.0, initial=26.64]
[step 22500] PROGRESS: filled=27.68 violations=0.00 zero_cand=0.00
[step 22500] DEBUG: ep_len=81.0 ep_ret=-108.582 stop_prob=0.000 score_chg=-7.9603
[step 22600] value_loss=16.339718 policy_loss=0.533278
[step 22600] VALUE_DEBUG: target(mean=-48.99 std=4.88 min=-81.19 max=-39.76) V(s)(mean=-48.46 std=2.50) reward(mean=-1.617 std=10.081) clip=100.0
[step 22700] value_loss=33.963501 policy_loss=0.097225
[step 22700] VALUE_DEBUG: target(mean=-49.14 std=6.95 min=-81.27 max=-34.28) V(s)(mean=-48.05 std=3.57) reward(mean=-3.036 std=14.150) clip=100.0
[step 22800] value_loss=32.283852 policy_loss=-0.031684
[step 22800] VALUE_DEBUG: target(mean=-49.51 std=6.31 min=-81.29 max=-39.59) V(s)(mean=-48.65 std=2.57) reward(mean=-2.811 std=14.126) clip=100.0
[step 22900] value_loss=0.994327 policy_loss=0.137119
[step 22900] VALUE_DEBUG: target(mean=-47.46 std=3.51 min=-55.78 max=-39.56) V(s)(mean=-47.56 std=3.42) reward(mean=-0.292 std=1.014) clip=100.0
[step 23000] value_loss=16.941910 policy_loss=0.160761
[step 23000] VALUE_DEBUG: target(mean=-48.72 std=4.99 min=-81.27 max=-40.27) V(s)(mean=-48.16 std=2.85) reward(mean=-1.740 std=10.071) clip=100.0
[step 23000] eval_success_rate=0.000 eval_mean_score=27.680 eval_policy_mode=greedy [solved=0/100, score_range=18.00-36.00/81.0, initial=26.64]
[step 23000] PROGRESS: filled=27.68 violations=0.00 zero_cand=0.00
[step 23000] DEBUG: ep_len=81.0 ep_ret=-108.594 stop_prob=0.000 score_chg=-7.9835
[Checkpoint] Saved to /home/buiksat/trm_bellman/results/sudoku9x9_real/upi_trm_seed0/rl_checkpoint_step_23000.pt
[step 23100] value_loss=16.735277 policy_loss=0.243213
[step 23100] VALUE_DEBUG: target(mean=-49.20 std=4.66 min=-81.34 max=-41.35) V(s)(mean=-48.55 std=2.25) reward(mean=-1.782 std=10.074) clip=100.0
[step 23200] value_loss=16.103357 policy_loss=0.640013
[step 23200] VALUE_DEBUG: target(mean=-48.36 std=5.49 min=-81.13 max=-35.34) V(s)(mean=-47.81 std=3.57) reward(mean=-1.635 std=10.056) clip=100.0
[step 23300] value_loss=16.283112 policy_loss=0.417708
[step 23300] VALUE_DEBUG: target(mean=-48.39 std=5.19 min=-81.23 max=-39.29) V(s)(mean=-47.88 std=2.93) reward(mean=-1.624 std=10.076) clip=100.0
[step 23400] value_loss=1.018489 policy_loss=0.378295
[step 23400] VALUE_DEBUG: target(mean=-48.40 std=2.71 min=-54.68 max=-38.55) V(s)(mean=-48.58 std=2.57) reward(mean=-0.222 std=1.001) clip=100.0
[step 23500] value_loss=0.154853 policy_loss=-0.200519
[step 23500] VALUE_DEBUG: target(mean=-48.27 std=2.72 min=-50.76 max=-39.51) V(s)(mean=-48.50 std=2.81) reward(mean=-0.256 std=0.339) clip=100.0
[step 23500] eval_success_rate=0.000 eval_mean_score=27.670 eval_policy_mode=greedy [solved=0/100, score_range=18.00-36.00/81.0, initial=26.64]
[step 23500] PROGRESS: filled=27.67 violations=0.00 zero_cand=0.00
[step 23500] DEBUG: ep_len=81.0 ep_ret=-108.791 stop_prob=0.000 score_chg=-8.1180
[step 23600] value_loss=17.054741 policy_loss=0.905569
[step 23600] VALUE_DEBUG: target(mean=-48.56 std=5.18 min=-81.16 max=-38.14) V(s)(mean=-48.14 std=3.04) reward(mean=-1.595 std=10.085) clip=100.0
[step 23700] value_loss=18.792015 policy_loss=0.275830
[step 23700] VALUE_DEBUG: target(mean=-49.55 std=5.32 min=-81.16 max=-38.56) V(s)(mean=-48.51 std=3.01) reward(mean=-2.207 std=10.101) clip=100.0
[step 23800] value_loss=1.273947 policy_loss=-0.174418
[step 23800] VALUE_DEBUG: target(mean=-48.72 std=2.42 min=-55.60 max=-42.27) V(s)(mean=-48.76 std=2.06) reward(mean=-0.430 std=1.121) clip=100.0
[step 23900] value_loss=15.938223 policy_loss=0.129785
[step 23900] VALUE_DEBUG: target(mean=-48.43 std=5.40 min=-81.26 max=-34.85) V(s)(mean=-48.07 std=3.42) reward(mean=-1.531 std=10.078) clip=100.0
[step 24000] value_loss=30.616741 policy_loss=0.344759
[step 24000] VALUE_DEBUG: target(mean=-49.00 std=6.68 min=-81.18 max=-38.17) V(s)(mean=-48.14 std=3.37) reward(mean=-2.842 std=14.070) clip=100.0
[step 24000] eval_success_rate=0.000 eval_mean_score=27.640 eval_policy_mode=greedy [solved=0/100, score_range=18.00-36.00/81.0, initial=26.64]
[step 24000] PROGRESS: filled=27.64 violations=0.00 zero_cand=0.00
[step 24000] DEBUG: ep_len=81.0 ep_ret=-108.749 stop_prob=0.000 score_chg=-8.1702
[Checkpoint] Saved to /home/buiksat/trm_bellman/results/sudoku9x9_real/upi_trm_seed0/rl_checkpoint_step_24000.pt
[step 24100] value_loss=16.834595 policy_loss=-0.100009
[step 24100] VALUE_DEBUG: target(mean=-48.66 std=5.10 min=-81.26 max=-36.70) V(s)(mean=-48.28 std=2.98) reward(mean=-1.543 std=10.073) clip=100.0
[step 24200] value_loss=0.424538 policy_loss=-0.040479
[step 24200] VALUE_DEBUG: target(mean=-47.79 std=3.31 min=-52.78 max=-38.33) V(s)(mean=-47.99 std=3.22) reward(mean=-0.186 std=0.586) clip=100.0
[step 24300] value_loss=16.638252 policy_loss=0.059558
[step 24300] VALUE_DEBUG: target(mean=-48.84 std=5.17 min=-81.28 max=-38.39) V(s)(mean=-48.27 std=2.87) reward(mean=-1.737 std=10.090) clip=100.0
[step 24400] value_loss=1.076513 policy_loss=0.014293
[step 24400] VALUE_DEBUG: target(mean=-47.46 std=3.52 min=-52.58 max=-35.77) V(s)(mean=-47.50 std=3.48) reward(mean=-0.370 std=0.779) clip=100.0
[step 24500] value_loss=17.431877 policy_loss=0.164278
[step 24500] VALUE_DEBUG: target(mean=-48.33 std=5.75 min=-81.11 max=-33.79) V(s)(mean=-47.80 std=3.76) reward(mean=-1.612 std=10.117) clip=100.0
[step 24500] eval_success_rate=0.000 eval_mean_score=27.650 eval_policy_mode=greedy [solved=0/100, score_range=18.00-36.00/81.0, initial=26.64]
[step 24500] PROGRESS: filled=27.65 violations=0.00 zero_cand=0.00
[step 24500] DEBUG: ep_len=81.0 ep_ret=-108.745 stop_prob=0.000 score_chg=-8.0512
[step 24600] value_loss=0.827397 policy_loss=0.092047
[step 24600] VALUE_DEBUG: target(mean=-48.42 std=2.93 min=-54.66 max=-38.13) V(s)(mean=-48.60 std=2.79) reward(mean=-0.268 std=0.912) clip=100.0
[step 24700] value_loss=22.119440 policy_loss=0.336007
[step 24700] VALUE_DEBUG: target(mean=-48.53 std=5.62 min=-84.05 max=-36.42) V(s)(mean=-48.11 std=3.39) reward(mean=-1.551 std=10.413) clip=100.0
