[2026-01-23T23:29:23.554-08:00] Buck UI: https://www.internalfb.com/buck2/f7cb4176-e04d-4777-b0c6-709874fc6da1
[2026-01-23T23:29:23.839-08:00] Network: Up: 0B  Down: 0B
BUILD SUCCEEDED - starting your binary
[DATASET] dataset_paths=['/home/buiksat/trm_bellman/data/sudoku-9x9']
[DATASET] resolved_dataset_name=sudoku-9x9
[DATASET] num_samples=64
[INFO] Using feasibility-aware Sudoku checker for 9x9
       score = filled - 2.0*violations - 5.0*zeroCand
       Max score: 81 (all filled, no violations)
[INFO] Training for 25000 steps (gamma=0.990, K=1, inner_unroll_n=2)
[INFO] Terminal rewards: solve=1.000, fail=-81.000
[INFO] Using TRM backbone (hidden=64, H=2, L=2)
[DEBUG] Policy head STOP bias: 0.00 (should be 0.0 for uniform init)
[INFO] Puzzle embeddings DISABLED (set --puzzle-emb-ndim > 0 to enable)
============================================================
TRAINER SELECTION
============================================================
/data/repos/fbsource/buck-out/v2/gen/fbcode/7bc20b5dff24e379/buiksat_trm/__upi_trm_train__/upi_trm_train#link-tree/torch/cuda/__init__.py:373: UserWarning: Found GPU0 NVIDIA PG509-210 which is of compute capability (CC) 8.0.
The following list shows the CCs this version of PyTorch was built for and the hardware CCs it supports:
Please follow the instructions at https://pytorch.org/get-started/locally/ to install a PyTorch release that supports one of these CUDA versions: 12.6, 12.8, 13.0
  _warn_unsupported_code(d, device_cc, code_ccs)
INFO:2026-01-23 23:29:29 2765488:2765488 CuptiCallbackApi.cpp:74] Callback: domain = 3, cbid = 1
INFO:2026-01-23 23:29:29 2765488:2765488 CuptiActivityProfiler.cpp:245] CUDA versions. CUPTI: 22; Runtime: 12040; Driver: 12040
INFO:2026-01-23 23:29:29 2765488:2767033 FBConfig.cpp:330] Perfetto builder enabled: 1
INFO:2026-01-23 23:29:29 2765488:2767033 DynoConfigLoader.cpp:61] Setting communication fabric enabled = 0
INFO:2026-01-23 23:29:29 2765488:2767033 DynoConfigLoader.cpp:61] Setting communication fabric enabled = 0
TritonTraceHandler: disabled because /logs does not exist
===========[FB_TRITON]=========== Triton Version: 3.3.2+fb
[TRAINER] UPI-TRM (K=1, inner_n=2)
[TRAINER] CLI --baseline: None, YAML algorithm: upi_trm
============================================================

============================================================
UPI-TRM THEORY ALIGNMENT CHECK
============================================================
⚠ Configuration has theory gaps:
  • enable_contraction=False disables spectral normalization (Assumption 4.2). L_z < 1 contraction not enforced.
  • exact_baseline_summation=False: Using approximate baseline. This gives O(ε_A/(1-γ)) bound instead of O(α·ε_A) from Theorem 5.9. For discrete action spaces (Sudoku), enable for tighter bounds.
  • theory_exact_mixture=False: Using parameter-space interpolation for CPI, which is NOT equivalent to policy-space mixture. The CPI improvement guarantee does not strictly apply. Set theory_exact_mixture=True for theory-exact behavior (but slower due to evaluating two networks).

Theory status:
  Forward-invariant projection: ✓
  Contraction enforced (L_z < 1): ✗
  Exact baseline (Thm 5.9): ✗
  Distillation (not in theory): ✓ disabled

Is theory-exact: False
============================================================

UPI-TRM theoretical dials:
  L_z target (rl_cfg.target_Lz): 0.9
  L_V target (rl_cfg.target_Lv): 1.0
  Inner unroll n (rl_cfg.inner_unroll_n): 2
  K-step horizon K (rl_cfg.K): 1
  Mixture alpha (rl_cfg.mixture_alpha): 0.1
  Latent ball radius (rl_cfg.latent_ball_radius): 10.0
  Episodic latent: False
  Exact K-step targets: False
  Exact baseline summation: False

[INFO] STOP action mode: disabled
[INFO] Forward-invariant projection enabled (R=10.0)
[WandB] Disabled by default (enable with: --wandb)
[DEBUG] Action mask: 450 valid actions out of 892 total
[DEBUG] Latent mode: persistent
[DEBUG] Step 0 probs: STOP=0.000000, edits=1.000000
[DEBUG] Top 5 action probs: torch.return_types.topk(
values=tensor([0.0033, 0.0033, 0.0032, 0.0031, 0.0031], device='cuda:0',
       grad_fn=<TopkBackward0>),
indices=tensor([714, 469, 445, 724,  94], device='cuda:0'))
[step 00100] value_loss=10.475688 policy_loss=10.685463
[step 00100] VALUE_DEBUG: target(mean=-2.38 std=3.21 min=-11.90 max=3.79) V(s)(mean=-2.39 std=0.56) reward(mean=-1.043 std=3.201) clip=100.0
[step 00200] value_loss=16.014351 policy_loss=-0.286047
[step 00200] VALUE_DEBUG: target(mean=-3.71 std=3.65 min=-16.59 max=4.08) V(s)(mean=-3.79 std=1.00) reward(mean=-0.807 std=3.679) clip=100.0
[step 00300] value_loss=243.113800 policy_loss=5.119773
[step 00300] VALUE_DEBUG: target(mean=-9.04 std=15.95 min=-80.49 max=0.61) V(s)(mean=-7.34 std=1.47) reward(mean=-4.836 std=16.849) clip=100.0
[step 00400] value_loss=178.529999 policy_loss=-0.313992
[step 00400] VALUE_DEBUG: target(mean=-9.20 std=13.26 min=-81.41 max=-0.20) V(s)(mean=-7.19 std=1.49) reward(mean=-3.251 std=14.307) clip=100.0
[step 00500] value_loss=82.957626 policy_loss=6.722539
[step 00500] VALUE_DEBUG: target(mean=-9.83 std=9.47 min=-81.36 max=-2.92) V(s)(mean=-9.61 std=1.63) reward(mean=-2.425 std=10.296) clip=100.0
[step 00500] eval_success_rate=0.000 eval_mean_score=26.170 eval_policy_mode=greedy [solved=0/100, score_range=18.00-35.00/81.0, initial=26.64]
[step 00500] PROGRESS: filled=27.66 violations=0.72 zero_cand=0.01
[step 00500] DEBUG: ep_len=81.0 ep_ret=-145.467 stop_prob=0.000 score_chg=-80.4210
[step 00600] value_loss=162.762115 policy_loss=-0.718193
[step 00600] VALUE_DEBUG: target(mean=-11.58 std=12.70 min=-80.97 max=-2.09) V(s)(mean=-10.18 std=1.83) reward(mean=-3.034 std=14.180) clip=100.0
[step 00700] value_loss=83.525757 policy_loss=0.931613
[step 00700] VALUE_DEBUG: target(mean=-11.64 std=9.53 min=-83.69 max=-6.01) V(s)(mean=-11.15 std=1.86) reward(mean=-2.016 std=10.579) clip=100.0
[step 00800] value_loss=4.263479 policy_loss=1.838151
[step 00800] VALUE_DEBUG: target(mean=-10.51 std=2.36 min=-17.89 max=-5.66) V(s)(mean=-11.32 std=2.05) reward(mean=-0.312 std=1.768) clip=100.0
[step 00900] value_loss=82.420441 policy_loss=-0.049826
[step 00900] VALUE_DEBUG: target(mean=-11.94 std=8.99 min=-81.12 max=-4.65) V(s)(mean=-10.91 std=2.11) reward(mean=-1.464 std=10.138) clip=100.0
[step 01000] value_loss=2.389703 policy_loss=13.482613
[step 01000] VALUE_DEBUG: target(mean=-10.96 std=1.96 min=-17.98 max=-6.56) V(s)(mean=-11.80 std=1.65) reward(mean=-0.131 std=1.265) clip=100.0
[step 01000] eval_success_rate=0.000 eval_mean_score=27.160 eval_policy_mode=greedy [solved=0/100, score_range=18.00-36.00/81.0, initial=26.64]
[step 01000] PROGRESS: filled=27.64 violations=0.24 zero_cand=0.00
[step 01000] DEBUG: ep_len=81.0 ep_ret=-118.733 stop_prob=0.000 score_chg=-28.1370
[Checkpoint] Saved to /home/buiksat/trm_bellman/results/sudoku9x9_real/upi_trm_seed1/rl_checkpoint_step_1000.pt
[step 01100] value_loss=4.591160 policy_loss=0.515539
[step 01100] VALUE_DEBUG: target(mean=-12.40 std=1.77 min=-16.24 max=-7.39) V(s)(mean=-14.23 std=2.00) reward(mean=-0.255 std=0.735) clip=100.0
[step 01200] value_loss=225.880127 policy_loss=1.743160
[step 01200] VALUE_DEBUG: target(mean=-17.00 std=14.51 min=-83.11 max=-10.10) V(s)(mean=-14.26 std=1.98) reward(mean=-4.285 std=17.238) clip=100.0
[step 01300] value_loss=58.461414 policy_loss=2.306400
[step 01300] VALUE_DEBUG: target(mean=-15.35 std=8.60 min=-81.05 max=-10.00) V(s)(mean=-15.08 std=2.32) reward(mean=-1.506 std=10.076) clip=100.0
[step 01400] value_loss=62.659767 policy_loss=1.089013
[step 01400] VALUE_DEBUG: target(mean=-15.88 std=8.48 min=-81.13 max=-10.29) V(s)(mean=-15.57 std=1.98) reward(mean=-1.825 std=10.049) clip=100.0
[step 01500] value_loss=61.486877 policy_loss=-0.094150
[step 01500] VALUE_DEBUG: target(mean=-16.30 std=8.51 min=-81.20 max=-10.85) V(s)(mean=-16.29 std=2.50) reward(mean=-1.619 std=10.052) clip=100.0
[step 01500] eval_success_rate=0.000 eval_mean_score=27.320 eval_policy_mode=greedy [solved=0/100, score_range=18.00-36.00/81.0, initial=26.64]
[step 01500] PROGRESS: filled=27.64 violations=0.16 zero_cand=0.00
[step 01500] DEBUG: ep_len=81.0 ep_ret=-109.749 stop_prob=0.000 score_chg=-11.2180
[step 01600] value_loss=53.708549 policy_loss=-0.406715
[step 01600] VALUE_DEBUG: target(mean=-17.74 std=8.12 min=-79.17 max=-12.47) V(s)(mean=-17.35 std=2.51) reward(mean=-1.515 std=9.843) clip=100.0
[step 01700] value_loss=176.248993 policy_loss=0.076719
[step 01700] VALUE_DEBUG: target(mean=-20.69 std=13.68 min=-81.20 max=-11.99) V(s)(mean=-18.46 std=2.59) reward(mean=-4.085 std=17.124) clip=100.0
[step 01800] value_loss=2.962213 policy_loss=0.331380
[step 01800] VALUE_DEBUG: target(mean=-18.25 std=2.81 min=-24.15 max=-13.04) V(s)(mean=-19.69 std=2.57) reward(mean=-0.415 std=0.778) clip=100.0
[step 01900] value_loss=4.526503 policy_loss=-0.296369
[step 01900] VALUE_DEBUG: target(mean=-18.66 std=2.82 min=-25.76 max=-11.98) V(s)(mean=-19.86 std=2.79) reward(mean=-0.364 std=1.503) clip=100.0
[step 02000] value_loss=61.776875 policy_loss=0.067328
[step 02000] VALUE_DEBUG: target(mean=-20.87 std=8.14 min=-81.19 max=-13.71) V(s)(mean=-20.70 std=2.83) reward(mean=-1.633 std=10.066) clip=100.0
[step 02000] eval_success_rate=0.000 eval_mean_score=27.300 eval_policy_mode=greedy [solved=0/100, score_range=18.00-36.00/81.0, initial=26.64]
[step 02000] PROGRESS: filled=27.64 violations=0.17 zero_cand=0.00
[step 02000] DEBUG: ep_len=81.0 ep_ret=-109.077 stop_prob=0.000 score_chg=-9.7610
[Checkpoint] Saved to /home/buiksat/trm_bellman/results/sudoku9x9_real/upi_trm_seed1/rl_checkpoint_step_2000.pt
[step 02100] value_loss=112.995720 policy_loss=0.269835
[step 02100] VALUE_DEBUG: target(mean=-21.67 std=11.02 min=-81.25 max=-13.60) V(s)(mean=-21.62 std=2.83) reward(mean=-2.673 std=14.121) clip=100.0
[step 02200] value_loss=57.516335 policy_loss=0.479029
[step 02200] VALUE_DEBUG: target(mean=-22.21 std=8.33 min=-81.16 max=-12.67) V(s)(mean=-21.96 std=3.80) reward(mean=-1.624 std=10.073) clip=100.0
[step 02300] value_loss=2.317892 policy_loss=-0.054355
[step 02300] VALUE_DEBUG: target(mean=-21.54 std=3.31 min=-30.33 max=-12.99) V(s)(mean=-22.43 std=2.97) reward(mean=-0.325 std=1.162) clip=100.0
[step 02400] value_loss=4.009364 policy_loss=0.626532
[step 02400] VALUE_DEBUG: target(mean=-22.45 std=3.27 min=-30.25 max=-14.18) V(s)(mean=-23.79 std=3.16) reward(mean=-0.348 std=0.900) clip=100.0
[step 02500] value_loss=2.740713 policy_loss=1.131668
[step 02500] VALUE_DEBUG: target(mean=-23.49 std=3.75 min=-32.45 max=-13.81) V(s)(mean=-22.99 std=4.08) reward(mean=-0.395 std=1.210) clip=100.0
[step 02500] eval_success_rate=0.000 eval_mean_score=27.400 eval_policy_mode=greedy [solved=0/100, score_range=18.00-36.00/81.0, initial=26.64]
[step 02500] PROGRESS: filled=27.64 violations=0.12 zero_cand=0.00
[step 02500] DEBUG: ep_len=81.0 ep_ret=-108.544 stop_prob=0.000 score_chg=-8.9600
[step 02600] value_loss=40.533348 policy_loss=0.371374
[step 02600] VALUE_DEBUG: target(mean=-24.98 std=7.86 min=-81.18 max=-13.89) V(s)(mean=-25.32 std=3.97) reward(mean=-1.573 std=10.047) clip=100.0
[step 02700] value_loss=48.797768 policy_loss=0.078931
[step 02700] VALUE_DEBUG: target(mean=-26.18 std=7.74 min=-81.16 max=-17.97) V(s)(mean=-25.60 std=3.32) reward(mean=-1.815 std=10.074) clip=100.0
[step 02800] value_loss=1.848793 policy_loss=0.070923
[step 02800] VALUE_DEBUG: target(mean=-25.26 std=4.23 min=-34.67 max=-16.44) V(s)(mean=-25.70 std=4.11) reward(mean=-0.508 std=0.898) clip=100.0
[step 02900] value_loss=2.200593 policy_loss=0.048892
[step 02900] VALUE_DEBUG: target(mean=-25.78 std=3.34 min=-35.80 max=-19.71) V(s)(mean=-25.86 std=3.56) reward(mean=-0.415 std=0.988) clip=100.0
[step 03000] value_loss=40.982910 policy_loss=0.397290
[step 03000] VALUE_DEBUG: target(mean=-27.18 std=7.91 min=-81.16 max=-18.40) V(s)(mean=-26.75 std=4.15) reward(mean=-1.774 std=10.079) clip=100.0
[step 03000] eval_success_rate=0.000 eval_mean_score=27.460 eval_policy_mode=greedy [solved=0/100, score_range=18.00-36.00/81.0, initial=26.64]
[step 03000] PROGRESS: filled=27.64 violations=0.09 zero_cand=0.00
[step 03000] DEBUG: ep_len=81.0 ep_ret=-108.591 stop_prob=0.000 score_chg=-8.7685
[Checkpoint] Saved to /home/buiksat/trm_bellman/results/sudoku9x9_real/upi_trm_seed1/rl_checkpoint_step_3000.pt
[step 03100] value_loss=84.167091 policy_loss=0.414348
[step 03100] VALUE_DEBUG: target(mean=-30.44 std=9.78 min=-81.24 max=-18.80) V(s)(mean=-29.97 std=3.71) reward(mean=-2.922 std=14.094) clip=100.0
[step 03200] value_loss=3.412618 policy_loss=0.516739
[step 03200] VALUE_DEBUG: target(mean=-28.01 std=4.10 min=-38.66 max=-18.26) V(s)(mean=-29.19 std=4.22) reward(mean=-0.310 std=1.084) clip=100.0
[step 03300] value_loss=74.615677 policy_loss=0.476579
[step 03300] VALUE_DEBUG: target(mean=-30.67 std=9.70 min=-81.19 max=-19.44) V(s)(mean=-29.74 std=3.52) reward(mean=-2.813 std=14.097) clip=100.0
[step 03400] value_loss=33.177567 policy_loss=-0.729158
[step 03400] VALUE_DEBUG: target(mean=-30.37 std=7.65 min=-81.15 max=-20.99) V(s)(mean=-29.97 std=4.29) reward(mean=-1.498 std=10.075) clip=100.0
[step 03500] value_loss=32.712753 policy_loss=0.321842
[step 03500] VALUE_DEBUG: target(mean=-30.75 std=8.22 min=-81.17 max=-16.29) V(s)(mean=-30.66 std=5.62) reward(mean=-1.510 std=10.053) clip=100.0
[step 03500] eval_success_rate=0.000 eval_mean_score=27.420 eval_policy_mode=greedy [solved=0/100, score_range=18.00-36.00/81.0, initial=26.64]
[step 03500] PROGRESS: filled=27.64 violations=0.11 zero_cand=0.00
[step 03500] DEBUG: ep_len=81.0 ep_ret=-108.626 stop_prob=0.000 score_chg=-8.7290
[step 03600] value_loss=2.450831 policy_loss=-0.640803
[step 03600] VALUE_DEBUG: target(mean=-30.69 std=3.83 min=-38.06 max=-22.45) V(s)(mean=-30.63 std=4.13) reward(mean=-0.286 std=1.209) clip=100.0
[step 03700] value_loss=1.257460 policy_loss=0.465817
[step 03700] VALUE_DEBUG: target(mean=-30.96 std=3.98 min=-41.26 max=-21.57) V(s)(mean=-31.43 std=4.15) reward(mean=-0.400 std=0.687) clip=100.0
[step 03800] value_loss=1.116366 policy_loss=0.256998
[step 03800] VALUE_DEBUG: target(mean=-32.12 std=5.03 min=-40.72 max=-16.85) V(s)(mean=-32.77 std=4.97) reward(mean=-0.305 std=0.493) clip=100.0
[step 03900] value_loss=61.317261 policy_loss=0.134967
[step 03900] VALUE_DEBUG: target(mean=-33.44 std=9.99 min=-82.10 max=-20.33) V(s)(mean=-33.54 std=4.94) reward(mean=-2.757 std=14.183) clip=100.0
[step 04000] value_loss=1.832062 policy_loss=0.262532
[step 04000] VALUE_DEBUG: target(mean=-32.02 std=5.06 min=-41.29 max=-18.06) V(s)(mean=-32.03 std=5.85) reward(mean=-0.209 std=0.469) clip=100.0
[step 04000] eval_success_rate=0.000 eval_mean_score=27.400 eval_policy_mode=greedy [solved=0/100, score_range=18.00-36.00/81.0, initial=26.64]
[step 04000] PROGRESS: filled=27.64 violations=0.12 zero_cand=0.00
[step 04000] DEBUG: ep_len=81.0 ep_ret=-108.350 stop_prob=0.000 score_chg=-8.5560
[Checkpoint] Saved to /home/buiksat/trm_bellman/results/sudoku9x9_real/upi_trm_seed1/rl_checkpoint_step_4000.pt
[step 04100] value_loss=61.853561 policy_loss=-0.056278
[step 04100] VALUE_DEBUG: target(mean=-35.38 std=10.36 min=-81.16 max=-17.72) V(s)(mean=-34.48 std=6.67) reward(mean=-2.840 std=14.084) clip=100.0
[step 04200] value_loss=1.471038 policy_loss=0.058819
[step 04200] VALUE_DEBUG: target(mean=-33.94 std=5.24 min=-43.10 max=-18.48) V(s)(mean=-34.77 std=5.10) reward(mean=-0.324 std=0.688) clip=100.0
[step 04300] value_loss=2.633984 policy_loss=0.078631
[step 04300] VALUE_DEBUG: target(mean=-34.33 std=5.39 min=-46.96 max=-20.60) V(s)(mean=-34.44 std=5.33) reward(mean=-0.479 std=1.136) clip=100.0
[step 04400] value_loss=3.988890 policy_loss=0.141607
[step 04400] VALUE_DEBUG: target(mean=-34.24 std=5.69 min=-44.45 max=-21.81) V(s)(mean=-33.96 std=6.10) reward(mean=-0.465 std=1.126) clip=100.0
[step 04500] value_loss=2.286391 policy_loss=-0.100893
[step 04500] VALUE_DEBUG: target(mean=-36.07 std=5.53 min=-45.36 max=-23.65) V(s)(mean=-35.86 std=5.75) reward(mean=-0.387 std=0.766) clip=100.0
[step 04500] eval_success_rate=0.000 eval_mean_score=27.400 eval_policy_mode=greedy [solved=0/100, score_range=18.00-36.00/81.0, initial=26.64]
[step 04500] PROGRESS: filled=27.64 violations=0.12 zero_cand=0.00
[step 04500] DEBUG: ep_len=81.0 ep_ret=-108.443 stop_prob=0.000 score_chg=-8.5473
[step 04600] value_loss=1.897641 policy_loss=0.019880
[step 04600] VALUE_DEBUG: target(mean=-35.67 std=5.95 min=-44.30 max=-18.77) V(s)(mean=-35.96 std=5.83) reward(mean=-0.391 std=0.909) clip=100.0
[step 04700] value_loss=37.715149 policy_loss=0.171197
[step 04700] VALUE_DEBUG: target(mean=-38.20 std=9.86 min=-81.24 max=-22.20) V(s)(mean=-37.65 std=6.42) reward(mean=-2.910 std=14.082) clip=100.0
[step 04800] value_loss=2.157314 policy_loss=-0.016783
[step 04800] VALUE_DEBUG: target(mean=-37.09 std=6.43 min=-47.79 max=-20.24) V(s)(mean=-36.58 std=6.52) reward(mean=-0.345 std=1.021) clip=100.0
[step 04900] value_loss=3.573690 policy_loss=0.071148
[step 04900] VALUE_DEBUG: target(mean=-37.07 std=5.63 min=-45.88 max=-21.34) V(s)(mean=-38.31 std=5.88) reward(mean=-0.283 std=0.817) clip=100.0
[step 05000] value_loss=25.274382 policy_loss=0.021363
[step 05000] VALUE_DEBUG: target(mean=-39.45 std=7.14 min=-81.31 max=-24.61) V(s)(mean=-40.00 std=4.13) reward(mean=-1.628 std=10.075) clip=100.0
[step 05000] eval_success_rate=0.000 eval_mean_score=27.400 eval_policy_mode=greedy [solved=0/100, score_range=18.00-36.00/81.0, initial=26.64]
[step 05000] PROGRESS: filled=27.64 violations=0.12 zero_cand=0.00
[step 05000] DEBUG: ep_len=81.0 ep_ret=-108.201 stop_prob=0.000 score_chg=-8.2965
[Checkpoint] Saved to /home/buiksat/trm_bellman/results/sudoku9x9_real/upi_trm_seed1/rl_checkpoint_step_5000.pt
[step 05100] value_loss=29.098442 policy_loss=0.018649
[step 05100] VALUE_DEBUG: target(mean=-38.22 std=8.67 min=-81.22 max=-22.07) V(s)(mean=-37.35 std=7.03) reward(mean=-1.697 std=10.059) clip=100.0
[step 05200] value_loss=27.500517 policy_loss=0.248948
[step 05200] VALUE_DEBUG: target(mean=-39.81 std=7.67 min=-81.25 max=-22.56) V(s)(mean=-39.38 std=5.71) reward(mean=-1.732 std=10.070) clip=100.0
[step 05300] value_loss=39.503872 policy_loss=0.407599
[step 05300] VALUE_DEBUG: target(mean=-39.50 std=10.66 min=-81.28 max=-22.68) V(s)(mean=-38.27 std=7.75) reward(mean=-3.118 std=14.079) clip=100.0
[step 05400] value_loss=25.209049 policy_loss=0.154845
[step 05400] VALUE_DEBUG: target(mean=-40.00 std=8.09 min=-81.20 max=-22.18) V(s)(mean=-39.86 std=6.50) reward(mean=-1.437 std=10.067) clip=100.0
[step 05500] value_loss=46.501923 policy_loss=0.097384
[step 05500] VALUE_DEBUG: target(mean=-41.75 std=8.34 min=-81.16 max=-28.31) V(s)(mean=-40.98 std=4.20) reward(mean=-2.800 std=14.079) clip=100.0
[step 05500] eval_success_rate=0.000 eval_mean_score=27.360 eval_policy_mode=greedy [solved=0/100, score_range=18.00-36.00/81.0, initial=26.64]
[step 05500] PROGRESS: filled=27.64 violations=0.14 zero_cand=0.00
[step 05500] DEBUG: ep_len=81.0 ep_ret=-108.223 stop_prob=0.000 score_chg=-8.3990
[step 05600] value_loss=42.254143 policy_loss=0.091635
[step 05600] VALUE_DEBUG: target(mean=-41.32 std=9.64 min=-81.35 max=-25.10) V(s)(mean=-40.26 std=6.01) reward(mean=-3.161 std=14.103) clip=100.0
[step 05700] value_loss=2.291635 policy_loss=0.144428
[step 05700] VALUE_DEBUG: target(mean=-40.79 std=5.39 min=-48.25 max=-26.11) V(s)(mean=-41.44 std=5.60) reward(mean=-0.311 std=0.514) clip=100.0
[step 05800] value_loss=4.790644 policy_loss=0.241850
[step 05800] VALUE_DEBUG: target(mean=-40.12 std=6.64 min=-51.35 max=-23.46) V(s)(mean=-39.54 std=6.86) reward(mean=-0.633 std=1.337) clip=100.0
[step 05900] value_loss=1.201135 policy_loss=0.082666
[step 05900] VALUE_DEBUG: target(mean=-41.90 std=5.45 min=-50.68 max=-25.98) V(s)(mean=-41.59 std=6.05) reward(mean=-0.298 std=0.594) clip=100.0
[step 06000] value_loss=15.800992 policy_loss=0.050865
[step 06000] VALUE_DEBUG: target(mean=-42.19 std=8.25 min=-79.17 max=-23.56) V(s)(mean=-42.32 std=6.46) reward(mean=-1.649 std=9.811) clip=100.0
[step 06000] eval_success_rate=0.000 eval_mean_score=27.360 eval_policy_mode=greedy [solved=0/100, score_range=18.00-36.00/81.0, initial=26.64]
[step 06000] PROGRESS: filled=27.64 violations=0.14 zero_cand=0.00
[step 06000] DEBUG: ep_len=81.0 ep_ret=-108.372 stop_prob=0.000 score_chg=-8.6143
[Checkpoint] Saved to /home/buiksat/trm_bellman/results/sudoku9x9_real/upi_trm_seed1/rl_checkpoint_step_6000.pt
[step 06100] value_loss=17.773174 policy_loss=0.329671
[step 06100] VALUE_DEBUG: target(mean=-42.68 std=7.37 min=-81.22 max=-23.55) V(s)(mean=-42.28 std=6.04) reward(mean=-1.594 std=10.059) clip=100.0
[step 06200] value_loss=50.473541 policy_loss=0.212987
[step 06200] VALUE_DEBUG: target(mean=-43.72 std=8.41 min=-81.30 max=-24.03) V(s)(mean=-43.33 std=4.63) reward(mean=-2.847 std=14.095) clip=100.0
[step 06300] value_loss=1.226101 policy_loss=0.228082
[step 06300] VALUE_DEBUG: target(mean=-42.00 std=6.07 min=-52.11 max=-24.84) V(s)(mean=-42.67 std=5.80) reward(mean=-0.198 std=0.726) clip=100.0
[step 06400] value_loss=16.724854 policy_loss=-0.356228
[step 06400] VALUE_DEBUG: target(mean=-43.08 std=7.37 min=-80.96 max=-24.67) V(s)(mean=-42.45 std=5.93) reward(mean=-1.527 std=10.033) clip=100.0
[step 06500] value_loss=1.080675 policy_loss=0.160153
[step 06500] VALUE_DEBUG: target(mean=-41.72 std=5.65 min=-49.27 max=-26.65) V(s)(mean=-42.11 std=5.53) reward(mean=-0.120 std=0.614) clip=100.0
[step 06500] eval_success_rate=0.000 eval_mean_score=27.400 eval_policy_mode=greedy [solved=0/100, score_range=18.00-36.00/81.0, initial=26.64]
[step 06500] PROGRESS: filled=27.64 violations=0.12 zero_cand=0.00
[step 06500] DEBUG: ep_len=81.0 ep_ret=-108.404 stop_prob=0.000 score_chg=-8.6593
[step 06600] value_loss=0.957887 policy_loss=0.278934
[step 06600] VALUE_DEBUG: target(mean=-42.67 std=5.38 min=-52.00 max=-28.85) V(s)(mean=-43.29 std=5.15) reward(mean=-0.289 std=0.421) clip=100.0
[step 06700] value_loss=0.693418 policy_loss=0.150940
[step 06700] VALUE_DEBUG: target(mean=-43.07 std=5.25 min=-53.36 max=-23.68) V(s)(mean=-43.36 std=5.16) reward(mean=-0.310 std=0.644) clip=100.0
[step 06800] value_loss=2.676236 policy_loss=-0.009514
[step 06800] VALUE_DEBUG: target(mean=-44.09 std=5.47 min=-51.20 max=-26.64) V(s)(mean=-43.93 std=5.56) reward(mean=-0.426 std=1.043) clip=100.0
[step 06900] value_loss=35.650879 policy_loss=0.018500
[step 06900] VALUE_DEBUG: target(mean=-45.32 std=8.63 min=-81.30 max=-27.50) V(s)(mean=-44.23 std=5.44) reward(mean=-2.991 std=14.085) clip=100.0
[step 07000] value_loss=17.852337 policy_loss=-0.219304
[step 07000] VALUE_DEBUG: target(mean=-45.31 std=6.98 min=-81.04 max=-26.50) V(s)(mean=-44.79 std=5.45) reward(mean=-1.684 std=10.055) clip=100.0
[step 07000] eval_success_rate=0.000 eval_mean_score=27.400 eval_policy_mode=greedy [solved=0/100, score_range=18.00-36.00/81.0, initial=26.64]
[step 07000] PROGRESS: filled=27.64 violations=0.12 zero_cand=0.00
[step 07000] DEBUG: ep_len=81.0 ep_ret=-108.420 stop_prob=0.000 score_chg=-8.6070
[Checkpoint] Saved to /home/buiksat/trm_bellman/results/sudoku9x9_real/upi_trm_seed1/rl_checkpoint_step_7000.pt
[step 07100] value_loss=18.008944 policy_loss=0.081740
[step 07100] VALUE_DEBUG: target(mean=-44.27 std=7.40 min=-80.18 max=-29.83) V(s)(mean=-43.21 std=5.98) reward(mean=-1.763 std=9.967) clip=100.0
[step 07200] value_loss=24.366854 policy_loss=0.105210
[step 07200] VALUE_DEBUG: target(mean=-45.10 std=6.35 min=-81.24 max=-35.35) V(s)(mean=-44.34 std=4.59) reward(mean=-1.730 std=10.059) clip=100.0
[step 07300] value_loss=17.518436 policy_loss=0.147685
[step 07300] VALUE_DEBUG: target(mean=-45.37 std=6.68 min=-81.20 max=-28.23) V(s)(mean=-44.97 std=4.96) reward(mean=-1.669 std=10.085) clip=100.0
[step 07400] value_loss=31.577448 policy_loss=0.336929
[step 07400] VALUE_DEBUG: target(mean=-46.89 std=7.55 min=-81.22 max=-34.57) V(s)(mean=-46.03 std=4.62) reward(mean=-2.752 std=14.099) clip=100.0
[step 07500] value_loss=47.726334 policy_loss=0.229304
[step 07500] VALUE_DEBUG: target(mean=-46.72 std=8.68 min=-81.21 max=-34.75) V(s)(mean=-45.48 std=4.18) reward(mean=-4.162 std=17.083) clip=100.0
[step 07500] eval_success_rate=0.000 eval_mean_score=27.400 eval_policy_mode=greedy [solved=0/100, score_range=18.00-36.00/81.0, initial=26.64]
[step 07500] PROGRESS: filled=27.64 violations=0.12 zero_cand=0.00
[step 07500] DEBUG: ep_len=81.0 ep_ret=-108.311 stop_prob=0.000 score_chg=-8.4808
[step 07600] value_loss=3.046723 policy_loss=0.066086
[step 07600] VALUE_DEBUG: target(mean=-45.46 std=5.12 min=-54.51 max=-29.40) V(s)(mean=-45.26 std=5.36) reward(mean=-0.549 std=1.157) clip=100.0
[step 07700] value_loss=17.646454 policy_loss=0.066798
[step 07700] VALUE_DEBUG: target(mean=-46.17 std=6.15 min=-81.25 max=-30.69) V(s)(mean=-45.89 std=4.23) reward(mean=-1.557 std=10.061) clip=100.0
[step 07800] value_loss=17.128326 policy_loss=-0.057297
[step 07800] VALUE_DEBUG: target(mean=-46.75 std=6.40 min=-81.21 max=-30.54) V(s)(mean=-46.35 std=4.65) reward(mean=-1.725 std=10.061) clip=100.0
[step 07900] value_loss=16.993896 policy_loss=0.060133
[step 07900] VALUE_DEBUG: target(mean=-46.95 std=5.49 min=-81.11 max=-37.81) V(s)(mean=-46.45 std=3.19) reward(mean=-1.737 std=10.040) clip=100.0
[step 08000] value_loss=17.164762 policy_loss=-0.000475
[step 08000] VALUE_DEBUG: target(mean=-47.03 std=5.78 min=-81.25 max=-34.97) V(s)(mean=-46.62 std=3.79) reward(mean=-1.642 std=10.086) clip=100.0
[step 08000] eval_success_rate=0.000 eval_mean_score=27.420 eval_policy_mode=greedy [solved=0/100, score_range=18.00-36.00/81.0, initial=26.64]
[step 08000] PROGRESS: filled=27.64 violations=0.11 zero_cand=0.00
[step 08000] DEBUG: ep_len=81.0 ep_ret=-108.309 stop_prob=0.000 score_chg=-8.4087
[Checkpoint] Saved to /home/buiksat/trm_bellman/results/sudoku9x9_real/upi_trm_seed1/rl_checkpoint_step_8000.pt
[step 08100] value_loss=31.242643 policy_loss=0.095637
[step 08100] VALUE_DEBUG: target(mean=-46.15 std=7.72 min=-81.27 max=-32.58) V(s)(mean=-45.23 std=4.65) reward(mean=-2.812 std=14.088) clip=100.0
[step 08200] value_loss=15.773080 policy_loss=0.005972
[step 08200] VALUE_DEBUG: target(mean=-46.80 std=6.07 min=-81.08 max=-30.55) V(s)(mean=-46.57 std=4.09) reward(mean=-1.516 std=10.037) clip=100.0
[step 08300] value_loss=0.866701 policy_loss=0.079497
[step 08300] VALUE_DEBUG: target(mean=-46.51 std=4.25 min=-52.79 max=-35.37) V(s)(mean=-46.62 std=4.22) reward(mean=-0.366 std=0.738) clip=100.0
[step 08400] value_loss=1.087125 policy_loss=-0.225415
[step 08400] VALUE_DEBUG: target(mean=-47.10 std=3.83 min=-52.62 max=-30.70) V(s)(mean=-47.36 std=3.43) reward(mean=-0.375 std=0.703) clip=100.0
[step 08500] value_loss=36.288174 policy_loss=-0.068041
[step 08500] VALUE_DEBUG: target(mean=-47.05 std=7.61 min=-84.22 max=-30.75) V(s)(mean=-45.91 std=4.60) reward(mean=-2.824 std=14.350) clip=100.0
[step 08500] eval_success_rate=0.000 eval_mean_score=27.420 eval_policy_mode=greedy [solved=0/100, score_range=18.00-36.00/81.0, initial=26.64]
[step 08500] PROGRESS: filled=27.64 violations=0.11 zero_cand=0.00
[step 08500] DEBUG: ep_len=81.0 ep_ret=-108.432 stop_prob=0.000 score_chg=-8.5213
[step 08600] value_loss=0.941593 policy_loss=0.100480
[step 08600] VALUE_DEBUG: target(mean=-45.82 std=5.05 min=-54.71 max=-27.53) V(s)(mean=-45.73 std=5.04) reward(mean=-0.297 std=0.670) clip=100.0
[step 08700] value_loss=1.443066 policy_loss=0.557428
[step 08700] VALUE_DEBUG: target(mean=-46.74 std=3.78 min=-54.37 max=-35.55) V(s)(mean=-46.88 std=3.54) reward(mean=-0.459 std=0.977) clip=100.0
[step 08800] value_loss=2.399489 policy_loss=0.319245
[step 08800] VALUE_DEBUG: target(mean=-47.31 std=3.66 min=-57.57 max=-37.31) V(s)(mean=-47.20 std=3.43) reward(mean=-0.457 std=1.326) clip=100.0
[step 08900] value_loss=0.586147 policy_loss=0.590728
[step 08900] VALUE_DEBUG: target(mean=-47.69 std=3.41 min=-52.71 max=-32.18) V(s)(mean=-47.94 std=3.18) reward(mean=-0.349 std=0.562) clip=100.0
[step 09000] value_loss=16.498426 policy_loss=0.187440
[step 09000] VALUE_DEBUG: target(mean=-47.85 std=5.42 min=-81.05 max=-33.81) V(s)(mean=-47.49 std=3.32) reward(mean=-1.637 std=10.039) clip=100.0
[step 09000] eval_success_rate=0.000 eval_mean_score=27.380 eval_policy_mode=greedy [solved=0/100, score_range=18.00-36.00/81.0, initial=26.64]
[step 09000] PROGRESS: filled=27.64 violations=0.13 zero_cand=0.00
[step 09000] DEBUG: ep_len=81.0 ep_ret=-108.497 stop_prob=0.000 score_chg=-8.6662
[Checkpoint] Saved to /home/buiksat/trm_bellman/results/sudoku9x9_real/upi_trm_seed1/rl_checkpoint_step_9000.pt
[step 09100] value_loss=16.394304 policy_loss=0.530551
[step 09100] VALUE_DEBUG: target(mean=-48.36 std=4.93 min=-80.29 max=-36.01) V(s)(mean=-47.97 std=2.87) reward(mean=-1.462 std=9.964) clip=100.0
[step 09200] value_loss=5.115452 policy_loss=-0.134939
[step 09200] VALUE_DEBUG: target(mean=-47.52 std=4.35 min=-59.57 max=-34.38) V(s)(mean=-46.95 std=3.64) reward(mean=-0.886 std=2.082) clip=100.0
[step 09300] value_loss=31.514492 policy_loss=0.441698
[step 09300] VALUE_DEBUG: target(mean=-48.89 std=6.49 min=-81.22 max=-36.78) V(s)(mean=-48.20 std=2.62) reward(mean=-2.819 std=14.104) clip=100.0
[step 09400] value_loss=31.182608 policy_loss=0.303855
[step 09400] VALUE_DEBUG: target(mean=-48.40 std=6.84 min=-81.22 max=-36.42) V(s)(mean=-47.38 std=3.55) reward(mean=-2.851 std=14.091) clip=100.0
[step 09500] value_loss=17.073212 policy_loss=0.149814
[step 09500] VALUE_DEBUG: target(mean=-47.80 std=5.45 min=-82.13 max=-37.94) V(s)(mean=-47.39 std=3.43) reward(mean=-1.564 std=10.173) clip=100.0
[step 09500] eval_success_rate=0.000 eval_mean_score=27.400 eval_policy_mode=greedy [solved=0/100, score_range=18.00-36.00/81.0, initial=26.64]
[step 09500] PROGRESS: filled=27.64 violations=0.12 zero_cand=0.00
[step 09500] DEBUG: ep_len=81.0 ep_ret=-108.407 stop_prob=0.000 score_chg=-8.5135
[step 09600] value_loss=1.912836 policy_loss=-0.127999
[step 09600] VALUE_DEBUG: target(mean=-47.44 std=3.97 min=-55.64 max=-34.30) V(s)(mean=-47.47 std=3.51) reward(mean=-0.450 std=1.105) clip=100.0
[step 09700] value_loss=0.562668 policy_loss=0.554950
[step 09700] VALUE_DEBUG: target(mean=-47.60 std=3.23 min=-52.71 max=-38.35) V(s)(mean=-47.94 std=3.01) reward(mean=-0.259 std=0.625) clip=100.0
[step 09800] value_loss=2.093161 policy_loss=0.563905
[step 09800] VALUE_DEBUG: target(mean=-47.11 std=4.33 min=-57.47 max=-32.98) V(s)(mean=-47.02 std=4.00) reward(mean=-0.446 std=1.394) clip=100.0
[step 09900] value_loss=16.020351 policy_loss=0.295207
[step 09900] VALUE_DEBUG: target(mean=-47.99 std=5.31 min=-81.05 max=-34.08) V(s)(mean=-47.63 std=3.42) reward(mean=-1.457 std=10.062) clip=100.0
[step 10000] value_loss=1.324646 policy_loss=0.111534
[step 10000] VALUE_DEBUG: target(mean=-47.87 std=3.25 min=-52.65 max=-36.00) V(s)(mean=-47.85 std=3.03) reward(mean=-0.477 std=0.975) clip=100.0
[step 10000] eval_success_rate=0.000 eval_mean_score=27.400 eval_policy_mode=greedy [solved=0/100, score_range=18.00-36.00/81.0, initial=26.64]
[step 10000] PROGRESS: filled=27.64 violations=0.12 zero_cand=0.00
[step 10000] DEBUG: ep_len=81.0 ep_ret=-108.637 stop_prob=0.000 score_chg=-8.7295
[Checkpoint] Saved to /home/buiksat/trm_bellman/results/sudoku9x9_real/upi_trm_seed1/rl_checkpoint_step_10000.pt
[step 10100] value_loss=0.763965 policy_loss=0.700833
[step 10100] VALUE_DEBUG: target(mean=-47.95 std=2.90 min=-52.74 max=-36.98) V(s)(mean=-48.20 std=2.83) reward(mean=-0.310 std=0.624) clip=100.0
[step 10200] value_loss=0.568466 policy_loss=0.233332
[step 10200] VALUE_DEBUG: target(mean=-47.75 std=2.93 min=-54.76 max=-38.16) V(s)(mean=-47.99 std=2.64) reward(mean=-0.280 std=0.667) clip=100.0
[step 10300] value_loss=45.895096 policy_loss=0.313530
[step 10300] VALUE_DEBUG: target(mean=-49.50 std=7.35 min=-81.21 max=-40.59) V(s)(mean=-48.19 std=2.46) reward(mean=-4.057 std=17.027) clip=100.0
[step 10400] value_loss=36.407326 policy_loss=0.961029
[step 10400] VALUE_DEBUG: target(mean=-48.85 std=7.15 min=-86.16 max=-29.83) V(s)(mean=-47.87 std=3.37) reward(mean=-2.838 std=14.544) clip=100.0
[step 10500] value_loss=17.099487 policy_loss=-0.474095
[step 10500] VALUE_DEBUG: target(mean=-48.48 std=5.24 min=-81.20 max=-39.20) V(s)(mean=-48.10 std=2.88) reward(mean=-1.610 std=10.109) clip=100.0
[step 10500] eval_success_rate=0.000 eval_mean_score=27.440 eval_policy_mode=greedy [solved=0/100, score_range=18.00-36.00/81.0, initial=26.64]
[step 10500] PROGRESS: filled=27.64 violations=0.10 zero_cand=0.00
[step 10500] DEBUG: ep_len=81.0 ep_ret=-108.488 stop_prob=0.000 score_chg=-8.6617
[step 10600] value_loss=16.541111 policy_loss=-0.131824
[step 10600] VALUE_DEBUG: target(mean=-49.02 std=4.78 min=-81.08 max=-40.17) V(s)(mean=-48.44 std=2.38) reward(mean=-1.707 std=10.054) clip=100.0
[step 10700] value_loss=15.478060 policy_loss=-0.372790
[step 10700] VALUE_DEBUG: target(mean=-48.77 std=5.20 min=-81.09 max=-33.54) V(s)(mean=-48.47 std=3.14) reward(mean=-1.574 std=10.034) clip=100.0
[step 10800] value_loss=16.241146 policy_loss=0.100749
[step 10800] VALUE_DEBUG: target(mean=-48.35 std=5.19 min=-81.26 max=-34.68) V(s)(mean=-48.12 std=3.07) reward(mean=-1.525 std=10.079) clip=100.0
[step 10900] value_loss=0.502562 policy_loss=0.175268
[step 10900] VALUE_DEBUG: target(mean=-47.50 std=3.60 min=-53.80 max=-33.83) V(s)(mean=-47.57 std=3.68) reward(mean=-0.309 std=0.677) clip=100.0
[step 11000] value_loss=17.759136 policy_loss=0.065938
[step 11000] VALUE_DEBUG: target(mean=-48.24 std=5.53 min=-80.99 max=-35.02) V(s)(mean=-48.06 std=2.91) reward(mean=-1.696 std=10.097) clip=100.0
[step 11000] eval_success_rate=0.000 eval_mean_score=27.520 eval_policy_mode=greedy [solved=0/100, score_range=18.00-36.00/81.0, initial=26.64]
[step 11000] PROGRESS: filled=27.64 violations=0.06 zero_cand=0.00
[step 11000] DEBUG: ep_len=81.0 ep_ret=-108.641 stop_prob=0.000 score_chg=-8.7630
[Checkpoint] Saved to /home/buiksat/trm_bellman/results/sudoku9x9_real/upi_trm_seed1/rl_checkpoint_step_11000.pt
[step 11100] value_loss=46.278866 policy_loss=0.750906
[step 11100] VALUE_DEBUG: target(mean=-49.26 std=7.66 min=-81.26 max=-35.59) V(s)(mean=-48.15 std=2.85) reward(mean=-4.062 std=17.108) clip=100.0
[step 11200] value_loss=16.005030 policy_loss=0.344405
[step 11200] VALUE_DEBUG: target(mean=-49.46 std=4.39 min=-81.06 max=-43.26) V(s)(mean=-49.06 std=1.60) reward(mean=-1.645 std=10.051) clip=100.0
[step 11300] value_loss=1.154942 policy_loss=-0.366084
[step 11300] VALUE_DEBUG: target(mean=-48.29 std=2.27 min=-54.70 max=-43.27) V(s)(mean=-48.31 std=2.08) reward(mean=-0.279 std=1.067) clip=100.0
[step 11400] value_loss=1.002472 policy_loss=0.110864
[step 11400] VALUE_DEBUG: target(mean=-47.73 std=3.49 min=-54.66 max=-32.60) V(s)(mean=-47.60 std=3.41) reward(mean=-0.439 std=0.919) clip=100.0
[step 11500] value_loss=2.191139 policy_loss=-0.207995
[step 11500] VALUE_DEBUG: target(mean=-47.93 std=3.64 min=-54.58 max=-32.79) V(s)(mean=-47.67 std=3.54) reward(mean=-0.506 std=1.367) clip=100.0
[step 11500] eval_success_rate=0.000 eval_mean_score=27.560 eval_policy_mode=greedy [solved=0/100, score_range=18.00-36.00/81.0, initial=26.64]
[step 11500] PROGRESS: filled=27.64 violations=0.04 zero_cand=0.00
[step 11500] DEBUG: ep_len=81.0 ep_ret=-108.693 stop_prob=0.000 score_chg=-8.7683
[step 11600] value_loss=15.955289 policy_loss=0.587285
[step 11600] VALUE_DEBUG: target(mean=-48.60 std=4.99 min=-81.03 max=-36.49) V(s)(mean=-48.33 std=2.70) reward(mean=-1.463 std=10.065) clip=100.0
[step 11700] value_loss=1.581686 policy_loss=0.195130
[step 11700] VALUE_DEBUG: target(mean=-48.41 std=2.50 min=-55.61 max=-40.33) V(s)(mean=-48.36 std=2.40) reward(mean=-0.422 std=1.131) clip=100.0
[step 11800] value_loss=2.143691 policy_loss=0.360579
[step 11800] VALUE_DEBUG: target(mean=-48.37 std=2.83 min=-57.66 max=-41.60) V(s)(mean=-48.51 std=2.02) reward(mean=-0.518 std=1.373) clip=100.0
[step 11900] value_loss=1.065094 policy_loss=0.261929
[step 11900] VALUE_DEBUG: target(mean=-47.99 std=3.19 min=-55.63 max=-35.10) V(s)(mean=-47.94 std=2.91) reward(mean=-0.386 std=1.019) clip=100.0
[step 12000] value_loss=1.049986 policy_loss=0.065157
[step 12000] VALUE_DEBUG: target(mean=-47.85 std=2.33 min=-50.72 max=-37.45) V(s)(mean=-48.02 std=2.40) reward(mean=-0.237 std=0.788) clip=100.0
[step 12000] eval_success_rate=0.000 eval_mean_score=27.560 eval_policy_mode=greedy [solved=0/100, score_range=18.00-36.00/81.0, initial=26.64]
[step 12000] PROGRESS: filled=27.64 violations=0.04 zero_cand=0.00
[step 12000] DEBUG: ep_len=81.0 ep_ret=-108.601 stop_prob=0.000 score_chg=-8.5463
[Checkpoint] Saved to /home/buiksat/trm_bellman/results/sudoku9x9_real/upi_trm_seed1/rl_checkpoint_step_12000.pt
[step 12100] value_loss=1.415070 policy_loss=0.114012
[step 12100] VALUE_DEBUG: target(mean=-48.23 std=3.01 min=-54.39 max=-38.40) V(s)(mean=-48.30 std=2.75) reward(mean=-0.392 std=1.115) clip=100.0
[step 12200] value_loss=15.742077 policy_loss=0.240897
[step 12200] VALUE_DEBUG: target(mean=-48.68 std=4.97 min=-81.17 max=-38.00) V(s)(mean=-48.41 std=2.86) reward(mean=-1.423 std=10.068) clip=100.0
[step 12300] value_loss=1.412643 policy_loss=0.234212
[step 12300] VALUE_DEBUG: target(mean=-48.02 std=3.13 min=-54.50 max=-34.43) V(s)(mean=-48.05 std=3.01) reward(mean=-0.435 std=1.003) clip=100.0
[step 12400] value_loss=31.393209 policy_loss=0.256005
[step 12400] VALUE_DEBUG: target(mean=-49.36 std=6.19 min=-81.29 max=-41.60) V(s)(mean=-48.42 std=2.10) reward(mean=-2.892 std=14.093) clip=100.0
[step 12500] value_loss=0.410763 policy_loss=1.216783
[step 12500] VALUE_DEBUG: target(mean=-48.18 std=2.39 min=-50.07 max=-41.35) V(s)(mean=-48.29 std=2.51) reward(mean=-0.202 std=0.473) clip=100.0
[step 12500] eval_success_rate=0.000 eval_mean_score=27.560 eval_policy_mode=greedy [solved=0/100, score_range=18.00-36.00/81.0, initial=26.64]
[step 12500] PROGRESS: filled=27.64 violations=0.04 zero_cand=0.00
[step 12500] DEBUG: ep_len=81.0 ep_ret=-108.784 stop_prob=0.000 score_chg=-8.6525
[step 12600] value_loss=2.153146 policy_loss=-0.065961
[step 12600] VALUE_DEBUG: target(mean=-48.60 std=2.68 min=-57.64 max=-39.04) V(s)(mean=-48.78 std=2.31) reward(mean=-0.265 std=1.405) clip=100.0
[step 12700] value_loss=18.098354 policy_loss=1.305459
[step 12700] VALUE_DEBUG: target(mean=-49.18 std=4.66 min=-83.18 max=-41.38) V(s)(mean=-48.73 std=1.86) reward(mean=-1.579 std=10.312) clip=100.0
[step 12800] value_loss=31.225014 policy_loss=0.285664
[step 12800] VALUE_DEBUG: target(mean=-48.71 std=6.92 min=-81.19 max=-35.71) V(s)(mean=-47.74 std=3.71) reward(mean=-2.885 std=14.085) clip=100.0
[step 12900] value_loss=0.211208 policy_loss=-0.272699
[step 12900] VALUE_DEBUG: target(mean=-48.18 std=2.39 min=-52.63 max=-40.88) V(s)(mean=-48.36 std=2.35) reward(mean=-0.215 std=0.449) clip=100.0
[step 13000] value_loss=31.886255 policy_loss=0.032139
[step 13000] VALUE_DEBUG: target(mean=-49.85 std=6.11 min=-81.32 max=-40.54) V(s)(mean=-48.81 std=2.04) reward(mean=-3.054 std=14.070) clip=100.0
[step 13000] eval_success_rate=0.000 eval_mean_score=27.580 eval_policy_mode=greedy [solved=0/100, score_range=18.00-36.00/81.0, initial=26.64]
[step 13000] PROGRESS: filled=27.66 violations=0.04 zero_cand=0.00
[step 13000] DEBUG: ep_len=81.0 ep_ret=-108.697 stop_prob=0.000 score_chg=-8.5390
[Checkpoint] Saved to /home/buiksat/trm_bellman/results/sudoku9x9_real/upi_trm_seed1/rl_checkpoint_step_13000.pt
[step 13100] value_loss=1.308841 policy_loss=-0.577953
[step 13100] VALUE_DEBUG: target(mean=-48.39 std=2.64 min=-53.55 max=-38.26) V(s)(mean=-48.35 std=2.55) reward(mean=-0.401 std=1.119) clip=100.0
[step 13200] value_loss=32.605270 policy_loss=0.247375
[step 13200] VALUE_DEBUG: target(mean=-49.07 std=6.65 min=-81.31 max=-35.89) V(s)(mean=-48.10 std=3.12) reward(mean=-2.925 std=14.124) clip=100.0
[step 13300] value_loss=15.735510 policy_loss=-0.250177
[step 13300] VALUE_DEBUG: target(mean=-49.12 std=4.47 min=-80.24 max=-43.57) V(s)(mean=-48.85 std=1.96) reward(mean=-1.479 std=9.986) clip=100.0
[step 13400] value_loss=19.051189 policy_loss=0.249317
[step 13400] VALUE_DEBUG: target(mean=-48.56 std=5.00 min=-81.17 max=-38.48) V(s)(mean=-48.07 std=2.63) reward(mean=-1.518 std=10.099) clip=100.0
[step 13500] value_loss=1.361827 policy_loss=-0.212908
[step 13500] VALUE_DEBUG: target(mean=-48.17 std=2.70 min=-52.73 max=-37.36) V(s)(mean=-48.39 std=2.51) reward(mean=-0.194 std=1.139) clip=100.0
[step 13500] eval_success_rate=0.000 eval_mean_score=27.580 eval_policy_mode=greedy [solved=0/100, score_range=18.00-36.00/81.0, initial=26.64]
[step 13500] PROGRESS: filled=27.66 violations=0.04 zero_cand=0.00
[step 13500] DEBUG: ep_len=81.0 ep_ret=-108.758 stop_prob=0.000 score_chg=-8.4497
[step 13600] value_loss=0.176135 policy_loss=0.103203
[step 13600] VALUE_DEBUG: target(mean=-48.10 std=2.20 min=-49.88 max=-40.93) V(s)(mean=-48.32 std=2.32) reward(mean=-0.152 std=0.362) clip=100.0
[step 13700] value_loss=1.372044 policy_loss=0.441721
[step 13700] VALUE_DEBUG: target(mean=-48.12 std=2.63 min=-52.75 max=-40.02) V(s)(mean=-47.91 std=2.69) reward(mean=-0.469 std=0.907) clip=100.0
[step 13800] value_loss=15.522795 policy_loss=0.297266
[step 13800] VALUE_DEBUG: target(mean=-49.17 std=4.52 min=-81.23 max=-42.49) V(s)(mean=-48.88 std=2.07) reward(mean=-1.490 std=10.057) clip=100.0
[step 13900] value_loss=32.030560 policy_loss=0.104318
[step 13900] VALUE_DEBUG: target(mean=-49.53 std=6.31 min=-81.21 max=-39.05) V(s)(mean=-48.65 std=2.32) reward(mean=-2.897 std=14.116) clip=100.0
[step 14000] value_loss=1.803336 policy_loss=0.329560
[step 14000] VALUE_DEBUG: target(mean=-48.25 std=2.83 min=-57.69 max=-40.93) V(s)(mean=-48.15 std=2.55) reward(mean=-0.459 std=1.259) clip=100.0
[step 14000] eval_success_rate=0.000 eval_mean_score=27.570 eval_policy_mode=greedy [solved=0/100, score_range=18.00-36.00/81.0, initial=26.64]
[step 14000] PROGRESS: filled=27.65 violations=0.04 zero_cand=0.00
[step 14000] DEBUG: ep_len=81.0 ep_ret=-108.551 stop_prob=0.000 score_chg=-8.3938
[Checkpoint] Saved to /home/buiksat/trm_bellman/results/sudoku9x9_real/upi_trm_seed1/rl_checkpoint_step_14000.pt
[step 14100] value_loss=16.083973 policy_loss=0.102250
[step 14100] VALUE_DEBUG: target(mean=-48.45 std=4.95 min=-81.12 max=-37.74) V(s)(mean=-47.97 std=2.77) reward(mean=-1.565 std=10.048) clip=100.0
[step 14200] value_loss=1.186832 policy_loss=0.387186
[step 14200] VALUE_DEBUG: target(mean=-48.06 std=2.73 min=-55.58 max=-41.27) V(s)(mean=-48.22 std=2.36) reward(mean=-0.370 std=1.070) clip=100.0
[step 14300] value_loss=1.005264 policy_loss=-0.003260
[step 14300] VALUE_DEBUG: target(mean=-48.77 std=2.04 min=-54.61 max=-43.66) V(s)(mean=-48.97 std=1.76) reward(mean=-0.285 std=0.911) clip=100.0
[step 14400] value_loss=0.328710 policy_loss=0.137794
[step 14400] VALUE_DEBUG: target(mean=-48.12 std=2.91 min=-52.22 max=-37.72) V(s)(mean=-48.33 std=2.89) reward(mean=-0.243 std=0.554) clip=100.0
[step 14500] value_loss=1.784255 policy_loss=0.283839
[step 14500] VALUE_DEBUG: target(mean=-48.43 std=2.07 min=-52.34 max=-42.79) V(s)(mean=-48.52 std=2.12) reward(mean=-0.264 std=1.168) clip=100.0
[step 14500] eval_success_rate=0.000 eval_mean_score=27.590 eval_policy_mode=greedy [solved=0/100, score_range=18.00-36.00/81.0, initial=26.64]
[step 14500] PROGRESS: filled=27.67 violations=0.04 zero_cand=0.00
[step 14500] DEBUG: ep_len=81.0 ep_ret=-108.686 stop_prob=0.000 score_chg=-8.4205
[step 14600] value_loss=15.447303 policy_loss=0.155877
[step 14600] VALUE_DEBUG: target(mean=-48.23 std=5.12 min=-81.13 max=-38.05) V(s)(mean=-48.01 std=2.86) reward(mean=-1.476 std=10.049) clip=100.0
[step 14700] value_loss=2.048833 policy_loss=0.073590
[step 14700] VALUE_DEBUG: target(mean=-48.24 std=3.00 min=-54.69 max=-39.47) V(s)(mean=-48.07 std=2.66) reward(mean=-0.533 std=1.309) clip=100.0
[step 14800] value_loss=16.501898 policy_loss=0.133072
[step 14800] VALUE_DEBUG: target(mean=-48.57 std=5.19 min=-81.15 max=-38.72) V(s)(mean=-48.10 std=2.80) reward(mean=-1.665 std=10.075) clip=100.0
[step 14900] value_loss=1.180439 policy_loss=0.082946
[step 14900] VALUE_DEBUG: target(mean=-48.43 std=2.65 min=-54.63 max=-39.85) V(s)(mean=-48.71 std=2.39) reward(mean=-0.264 std=1.050) clip=100.0
[step 15000] value_loss=0.890020 policy_loss=0.222450
[step 15000] VALUE_DEBUG: target(mean=-48.14 std=2.92 min=-54.46 max=-39.42) V(s)(mean=-48.29 std=2.62) reward(mean=-0.344 std=0.920) clip=100.0
[step 15000] eval_success_rate=0.000 eval_mean_score=27.580 eval_policy_mode=greedy [solved=0/100, score_range=18.00-36.00/81.0, initial=26.64]
[step 15000] PROGRESS: filled=27.66 violations=0.04 zero_cand=0.00
[step 15000] DEBUG: ep_len=81.0 ep_ret=-108.923 stop_prob=0.000 score_chg=-8.5188
[Checkpoint] Saved to /home/buiksat/trm_bellman/results/sudoku9x9_real/upi_trm_seed1/rl_checkpoint_step_15000.pt
[step 15100] value_loss=31.749342 policy_loss=0.055417
[step 15100] VALUE_DEBUG: target(mean=-49.59 std=6.20 min=-82.21 max=-41.74) V(s)(mean=-48.67 std=2.44) reward(mean=-2.833 std=14.169) clip=100.0
[step 15200] value_loss=15.758112 policy_loss=-0.121287
[step 15200] VALUE_DEBUG: target(mean=-48.39 std=5.01 min=-81.13 max=-37.92) V(s)(mean=-48.28 std=2.53) reward(mean=-1.520 std=10.051) clip=100.0
[step 15300] value_loss=16.292418 policy_loss=0.580423
[step 15300] VALUE_DEBUG: target(mean=-48.62 std=4.98 min=-81.17 max=-40.92) V(s)(mean=-48.25 std=2.56) reward(mean=-1.589 std=10.081) clip=100.0
[step 15400] value_loss=1.249546 policy_loss=0.439920
[step 15400] VALUE_DEBUG: target(mean=-48.23 std=3.00 min=-54.67 max=-39.45) V(s)(mean=-48.18 std=2.70) reward(mean=-0.479 std=1.003) clip=100.0
[step 15500] value_loss=2.210028 policy_loss=1.039052
[step 15500] VALUE_DEBUG: target(mean=-48.54 std=2.57 min=-57.62 max=-39.76) V(s)(mean=-48.33 std=2.47) reward(mean=-0.510 std=1.399) clip=100.0
[step 15500] eval_success_rate=0.000 eval_mean_score=27.570 eval_policy_mode=greedy [solved=0/100, score_range=18.00-36.00/81.0, initial=26.64]
[step 15500] PROGRESS: filled=27.65 violations=0.04 zero_cand=0.00
[step 15500] DEBUG: ep_len=81.0 ep_ret=-108.633 stop_prob=0.000 score_chg=-8.3688
[step 15600] value_loss=0.414357 policy_loss=0.001363
[step 15600] VALUE_DEBUG: target(mean=-48.92 std=2.34 min=-52.65 max=-38.45) V(s)(mean=-49.14 std=2.39) reward(mean=-0.197 std=0.544) clip=100.0
[step 15700] value_loss=1.714778 policy_loss=0.314676
[step 15700] VALUE_DEBUG: target(mean=-48.63 std=2.37 min=-54.59 max=-39.46) V(s)(mean=-48.55 std=2.21) reward(mean=-0.472 std=1.174) clip=100.0
[step 15800] value_loss=1.662728 policy_loss=-0.272687
[step 15800] VALUE_DEBUG: target(mean=-47.95 std=3.33 min=-54.72 max=-38.61) V(s)(mean=-48.06 std=2.99) reward(mean=-0.359 std=1.244) clip=100.0
[step 15900] value_loss=0.599487 policy_loss=-0.020059
[step 15900] VALUE_DEBUG: target(mean=-48.01 std=2.93 min=-53.81 max=-37.72) V(s)(mean=-48.07 std=2.74) reward(mean=-0.322 std=0.800) clip=100.0
[step 16000] value_loss=0.554159 policy_loss=-0.058843
[step 16000] VALUE_DEBUG: target(mean=-48.61 std=2.42 min=-53.56 max=-39.01) V(s)(mean=-48.65 std=2.39) reward(mean=-0.334 std=0.617) clip=100.0
[step 16000] eval_success_rate=0.000 eval_mean_score=27.570 eval_policy_mode=greedy [solved=0/100, score_range=18.00-36.00/81.0, initial=26.64]
[step 16000] PROGRESS: filled=27.65 violations=0.04 zero_cand=0.00
[step 16000] DEBUG: ep_len=81.0 ep_ret=-108.797 stop_prob=0.000 score_chg=-8.4745
[Checkpoint] Saved to /home/buiksat/trm_bellman/results/sudoku9x9_real/upi_trm_seed1/rl_checkpoint_step_16000.pt
[step 16100] value_loss=1.597563 policy_loss=-0.096502
[step 16100] VALUE_DEBUG: target(mean=-48.65 std=2.68 min=-55.71 max=-41.45) V(s)(mean=-48.38 std=2.43) reward(mean=-0.570 std=1.199) clip=100.0
[step 16200] value_loss=0.353301 policy_loss=0.477318
[step 16200] VALUE_DEBUG: target(mean=-48.40 std=2.50 min=-52.74 max=-40.30) V(s)(mean=-48.61 std=2.38) reward(mean=-0.243 std=0.584) clip=100.0
[step 16300] value_loss=15.958039 policy_loss=0.432318
[step 16300] VALUE_DEBUG: target(mean=-48.59 std=5.15 min=-81.09 max=-36.04) V(s)(mean=-48.22 std=2.90) reward(mean=-1.612 std=10.056) clip=100.0
[step 16400] value_loss=1.234825 policy_loss=0.137062
[step 16400] VALUE_DEBUG: target(mean=-47.76 std=3.03 min=-53.68 max=-37.35) V(s)(mean=-48.11 std=2.76) reward(mean=-0.152 std=1.048) clip=100.0
[step 16500] value_loss=18.041058 policy_loss=0.573428
[step 16500] VALUE_DEBUG: target(mean=-48.89 std=5.04 min=-83.07 max=-37.29) V(s)(mean=-48.34 std=2.64) reward(mean=-1.640 std=10.297) clip=100.0
[step 16500] eval_success_rate=0.000 eval_mean_score=27.580 eval_policy_mode=greedy [solved=0/100, score_range=18.00-36.00/81.0, initial=26.64]
[step 16500] PROGRESS: filled=27.66 violations=0.04 zero_cand=0.00
[step 16500] DEBUG: ep_len=81.0 ep_ret=-108.590 stop_prob=0.000 score_chg=-8.2895
[step 16600] value_loss=2.085564 policy_loss=-0.100146
[step 16600] VALUE_DEBUG: target(mean=-48.95 std=2.35 min=-54.73 max=-42.42) V(s)(mean=-48.82 std=1.83) reward(mean=-0.565 std=1.328) clip=100.0
[step 16700] value_loss=16.914143 policy_loss=0.032140
[step 16700] VALUE_DEBUG: target(mean=-49.07 std=4.83 min=-82.10 max=-40.13) V(s)(mean=-48.58 std=2.28) reward(mean=-1.700 std=10.169) clip=100.0
[step 16800] value_loss=17.564503 policy_loss=-0.663168
[step 16800] VALUE_DEBUG: target(mean=-48.99 std=5.24 min=-81.07 max=-39.31) V(s)(mean=-48.28 std=2.86) reward(mean=-1.887 std=10.082) clip=100.0
[step 16900] value_loss=49.785385 policy_loss=0.057064
[step 16900] VALUE_DEBUG: target(mean=-49.92 std=7.53 min=-81.20 max=-39.38) V(s)(mean=-48.16 std=2.72) reward(mean=-4.389 std=17.075) clip=100.0
[step 17000] value_loss=16.518698 policy_loss=-0.040215
[step 17000] VALUE_DEBUG: target(mean=-48.93 std=5.15 min=-81.23 max=-37.05) V(s)(mean=-48.36 std=2.89) reward(mean=-1.707 std=10.082) clip=100.0
[step 17000] eval_success_rate=0.000 eval_mean_score=27.590 eval_policy_mode=greedy [solved=0/100, score_range=18.00-36.00/81.0, initial=26.64]
[step 17000] PROGRESS: filled=27.67 violations=0.04 zero_cand=0.00
[step 17000] DEBUG: ep_len=81.0 ep_ret=-108.823 stop_prob=0.000 score_chg=-8.4450
[Checkpoint] Saved to /home/buiksat/trm_bellman/results/sudoku9x9_real/upi_trm_seed1/rl_checkpoint_step_17000.pt
[step 17100] value_loss=31.003525 policy_loss=0.211822
[step 17100] VALUE_DEBUG: target(mean=-49.99 std=5.91 min=-81.20 max=-42.63) V(s)(mean=-49.03 std=1.69) reward(mean=-2.944 std=14.066) clip=100.0
[step 17200] value_loss=0.872296 policy_loss=0.240576
[step 17200] VALUE_DEBUG: target(mean=-48.43 std=2.70 min=-53.59 max=-39.54) V(s)(mean=-48.47 std=2.62) reward(mean=-0.388 std=0.811) clip=100.0
[step 17300] value_loss=15.940227 policy_loss=0.429571
[step 17300] VALUE_DEBUG: target(mean=-49.18 std=4.60 min=-81.24 max=-40.06) V(s)(mean=-48.95 std=2.03) reward(mean=-1.479 std=10.080) clip=100.0
[step 17400] value_loss=17.508337 policy_loss=0.110649
[step 17400] VALUE_DEBUG: target(mean=-49.44 std=4.71 min=-81.17 max=-40.67) V(s)(mean=-48.63 std=2.37) reward(mean=-1.944 std=10.069) clip=100.0
[step 17500] value_loss=16.936880 policy_loss=0.764753
[step 17500] VALUE_DEBUG: target(mean=-48.92 std=5.04 min=-81.22 max=-39.31) V(s)(mean=-48.47 std=2.62) reward(mean=-1.695 std=10.065) clip=100.0
[step 17500] eval_success_rate=0.000 eval_mean_score=27.570 eval_policy_mode=greedy [solved=0/100, score_range=18.00-36.00/81.0, initial=26.64]
[step 17500] PROGRESS: filled=27.65 violations=0.04 zero_cand=0.00
[step 17500] DEBUG: ep_len=81.0 ep_ret=-108.680 stop_prob=0.000 score_chg=-8.2348
[step 17600] value_loss=2.699308 policy_loss=0.546206
[step 17600] VALUE_DEBUG: target(mean=-48.47 std=2.85 min=-58.60 max=-39.82) V(s)(mean=-48.30 std=2.50) reward(mean=-0.632 std=1.534) clip=100.0
[step 17700] value_loss=31.348969 policy_loss=0.542057
[step 17700] VALUE_DEBUG: target(mean=-49.05 std=6.49 min=-81.18 max=-36.97) V(s)(mean=-48.17 std=2.98) reward(mean=-2.764 std=14.093) clip=100.0
[step 17800] value_loss=0.668282 policy_loss=-0.259292
[step 17800] VALUE_DEBUG: target(mean=-48.05 std=3.12 min=-54.80 max=-37.54) V(s)(mean=-48.16 std=3.03) reward(mean=-0.354 std=0.824) clip=100.0
[step 17900] value_loss=2.700898 policy_loss=0.405305
[step 17900] VALUE_DEBUG: target(mean=-48.72 std=3.54 min=-55.70 max=-37.72) V(s)(mean=-48.66 std=2.96) reward(mean=-0.550 std=1.609) clip=100.0
[step 18000] value_loss=1.614574 policy_loss=0.398160
[step 18000] VALUE_DEBUG: target(mean=-48.74 std=2.73 min=-54.73 max=-40.74) V(s)(mean=-48.53 std=2.50) reward(mean=-0.589 std=1.179) clip=100.0
[step 18000] eval_success_rate=0.000 eval_mean_score=27.620 eval_policy_mode=greedy [solved=0/100, score_range=18.00-36.00/81.0, initial=26.64]
[step 18000] PROGRESS: filled=27.70 violations=0.04 zero_cand=0.00
[step 18000] DEBUG: ep_len=81.0 ep_ret=-108.840 stop_prob=0.000 score_chg=-8.4725
[Checkpoint] Saved to /home/buiksat/trm_bellman/results/sudoku9x9_real/upi_trm_seed1/rl_checkpoint_step_18000.pt
[step 18100] value_loss=0.813260 policy_loss=0.007323
[step 18100] VALUE_DEBUG: target(mean=-48.58 std=2.60 min=-53.70 max=-38.86) V(s)(mean=-48.76 std=2.41) reward(mean=-0.270 std=0.909) clip=100.0
[step 18200] value_loss=0.350456 policy_loss=0.281977
[step 18200] VALUE_DEBUG: target(mean=-48.68 std=2.06 min=-52.70 max=-42.22) V(s)(mean=-48.79 std=2.02) reward(mean=-0.263 std=0.634) clip=100.0
[step 18300] value_loss=35.167709 policy_loss=0.177298
[step 18300] VALUE_DEBUG: target(mean=-49.28 std=6.70 min=-85.15 max=-39.66) V(s)(mean=-48.35 std=2.80) reward(mean=-2.836 std=14.448) clip=100.0
[step 18400] value_loss=32.693417 policy_loss=0.782334
[step 18400] VALUE_DEBUG: target(mean=-50.06 std=6.02 min=-81.23 max=-39.89) V(s)(mean=-48.79 std=2.03) reward(mean=-3.104 std=14.078) clip=100.0
[step 18500] value_loss=32.012775 policy_loss=0.030506
[step 18500] VALUE_DEBUG: target(mean=-48.85 std=6.63 min=-81.19 max=-36.79) V(s)(mean=-48.22 std=3.22) reward(mean=-2.512 std=14.175) clip=100.0
[step 18500] eval_success_rate=0.000 eval_mean_score=27.590 eval_policy_mode=greedy [solved=0/100, score_range=18.00-36.00/81.0, initial=26.64]
[step 18500] PROGRESS: filled=27.67 violations=0.04 zero_cand=0.00
[step 18500] DEBUG: ep_len=81.0 ep_ret=-108.902 stop_prob=0.000 score_chg=-8.2683
[step 18600] value_loss=22.299643 policy_loss=-0.030949
[step 18600] VALUE_DEBUG: target(mean=-48.14 std=6.18 min=-86.13 max=-35.64) V(s)(mean=-47.58 std=3.65) reward(mean=-1.703 std=10.716) clip=100.0
[step 18700] value_loss=16.132195 policy_loss=0.612087
[step 18700] VALUE_DEBUG: target(mean=-49.02 std=4.92 min=-81.31 max=-36.43) V(s)(mean=-48.47 std=2.68) reward(mean=-1.641 std=10.071) clip=100.0
[step 18800] value_loss=0.701333 policy_loss=0.178958
[step 18800] VALUE_DEBUG: target(mean=-48.15 std=2.97 min=-51.78 max=-36.23) V(s)(mean=-48.33 std=3.05) reward(mean=-0.122 std=0.725) clip=100.0
[step 18900] value_loss=31.375673 policy_loss=-0.437447
[step 18900] VALUE_DEBUG: target(mean=-49.39 std=6.41 min=-81.36 max=-35.85) V(s)(mean=-48.47 std=2.84) reward(mean=-2.913 std=14.103) clip=100.0
[step 19000] value_loss=17.533062 policy_loss=-0.087835
[step 19000] VALUE_DEBUG: target(mean=-49.19 std=5.32 min=-81.31 max=-35.98) V(s)(mean=-48.44 std=2.95) reward(mean=-1.944 std=10.108) clip=100.0
[step 19000] eval_success_rate=0.000 eval_mean_score=27.620 eval_policy_mode=greedy [solved=0/100, score_range=18.00-36.00/81.0, initial=26.64]
[step 19000] PROGRESS: filled=27.70 violations=0.04 zero_cand=0.00
[step 19000] DEBUG: ep_len=81.0 ep_ret=-108.783 stop_prob=0.000 score_chg=-8.3315
[Checkpoint] Saved to /home/buiksat/trm_bellman/results/sudoku9x9_real/upi_trm_seed1/rl_checkpoint_step_19000.pt
[step 19100] value_loss=1.325983 policy_loss=0.038886
[step 19100] VALUE_DEBUG: target(mean=-48.86 std=2.63 min=-55.42 max=-39.02) V(s)(mean=-48.74 std=2.58) reward(mean=-0.469 std=1.052) clip=100.0
[step 19200] value_loss=0.947886 policy_loss=0.195772
[step 19200] VALUE_DEBUG: target(mean=-48.61 std=2.51 min=-54.61 max=-41.11) V(s)(mean=-48.55 std=2.40) reward(mean=-0.433 std=0.903) clip=100.0
[step 19300] value_loss=37.276474 policy_loss=0.142137
[step 19300] VALUE_DEBUG: target(mean=-49.55 std=6.85 min=-87.23 max=-39.94) V(s)(mean=-48.60 std=2.84) reward(mean=-2.907 std=14.626) clip=100.0
[step 19400] value_loss=35.147827 policy_loss=0.587031
[step 19400] VALUE_DEBUG: target(mean=-49.95 std=6.52 min=-84.12 max=-38.06) V(s)(mean=-48.88 std=2.56) reward(mean=-3.009 std=14.359) clip=100.0
[step 19500] value_loss=0.357071 policy_loss=-0.060310
[step 19500] VALUE_DEBUG: target(mean=-47.96 std=3.25 min=-52.74 max=-36.88) V(s)(mean=-48.04 std=3.21) reward(mean=-0.297 std=0.597) clip=100.0
[step 19500] eval_success_rate=0.000 eval_mean_score=27.620 eval_policy_mode=greedy [solved=0/100, score_range=18.00-36.00/81.0, initial=26.64]
[step 19500] PROGRESS: filled=27.70 violations=0.04 zero_cand=0.00
[step 19500] DEBUG: ep_len=81.0 ep_ret=-108.468 stop_prob=0.000 score_chg=-7.8952
[step 19600] value_loss=15.941497 policy_loss=-0.339413
[step 19600] VALUE_DEBUG: target(mean=-49.25 std=4.52 min=-81.15 max=-41.14) V(s)(mean=-48.98 std=1.92) reward(mean=-1.533 std=10.066) clip=100.0
[step 19700] value_loss=47.752846 policy_loss=0.124119
[step 19700] VALUE_DEBUG: target(mean=-49.87 std=7.74 min=-81.32 max=-36.02) V(s)(mean=-48.49 std=3.04) reward(mean=-4.173 std=17.149) clip=100.0
[step 19800] value_loss=19.286852 policy_loss=0.777794
[step 19800] VALUE_DEBUG: target(mean=-48.90 std=5.42 min=-84.16 max=-38.86) V(s)(mean=-48.37 std=2.85) reward(mean=-1.720 std=10.440) clip=100.0
[step 19900] value_loss=33.605278 policy_loss=0.496247
[step 19900] VALUE_DEBUG: target(mean=-49.05 std=6.58 min=-81.21 max=-38.82) V(s)(mean=-48.14 std=2.94) reward(mean=-2.865 std=14.100) clip=100.0
[step 20000] value_loss=36.203697 policy_loss=0.038042
[step 20000] VALUE_DEBUG: target(mean=-49.05 std=6.53 min=-81.25 max=-38.29) V(s)(mean=-47.92 std=3.10) reward(mean=-2.862 std=14.092) clip=100.0
[step 20000] eval_success_rate=0.000 eval_mean_score=27.640 eval_policy_mode=greedy [solved=0/100, score_range=18.00-36.00/81.0, initial=26.64]
[step 20000] PROGRESS: filled=27.72 violations=0.04 zero_cand=0.00
[step 20000] DEBUG: ep_len=81.0 ep_ret=-108.876 stop_prob=0.000 score_chg=-8.1865
[Checkpoint] Saved to /home/buiksat/trm_bellman/results/sudoku9x9_real/upi_trm_seed1/rl_checkpoint_step_20000.pt
