[2026-04-14T14:56:17.168-07:00] Buck UI: https://www.internalfb.com/buck2/f8b88b30-68c6-4b38-85a4-4f5c40ec7b12
[2026-04-14T14:56:17.283-07:00] Network: Up: 0B  Down: 0B
BUILD SUCCEEDED - starting your binary
WARNING:root:===========[FB_TRITON]=========== Triton Version: 3.5.0+fb
INFO:2026-04-14 14:56:25 355121:355121 CuptiCallbackApi.cpp:69] Callback: domain = 3, cbid = 1
INFO:2026-04-14 14:56:25 355121:355121 CuptiActivityProfiler.cpp:93] CUDA versions. CUPTI: 22; Runtime: 12040; Driver: 12040
INFO:2026-04-14 14:56:25 355121:355920 FBConfig.cpp:330] Perfetto builder enabled: 1
INFO:2026-04-14 14:56:25 355121:355920 DynoConfigLoader.cpp:61] Setting communication fabric enabled = 0
INFO:2026-04-14 14:56:26 355121:355920 DynoConfigLoader.cpp:61] Setting communication fabric enabled = 0
[step 00100] eval_success_rate=0.000 eval_mean_return=-18.470 eval_invalid_action_rate=0.759
[step 00200] eval_success_rate=0.000 eval_mean_return=-17.714 eval_invalid_action_rate=0.839
[step 00300] eval_success_rate=0.000 eval_mean_return=-17.798 eval_invalid_action_rate=0.820
[step 00400] eval_success_rate=0.000 eval_mean_return=-18.370 eval_invalid_action_rate=0.740
[step 00500] eval_success_rate=0.000 eval_mean_return=-17.765 eval_invalid_action_rate=0.840
[step 00600] eval_success_rate=0.000 eval_mean_return=-17.832 eval_invalid_action_rate=0.840
[step 00700] eval_success_rate=0.000 eval_mean_return=-17.647 eval_invalid_action_rate=0.939
[step 00800] eval_success_rate=0.000 eval_mean_return=-17.832 eval_invalid_action_rate=0.840
[step 00900] eval_success_rate=0.000 eval_mean_return=-18.067 eval_invalid_action_rate=0.819
[step 01000] eval_success_rate=0.000 eval_mean_return=-17.966 eval_invalid_action_rate=0.839
[step 01000] checkpoint=/home/buiksat/trm_bellman/results/neurips2026/external_hard4x4_20k/a2c/seed4/model_step_1000.zip
[step 01100] eval_success_rate=0.000 eval_mean_return=-17.563 eval_invalid_action_rate=0.880
[step 01200] eval_success_rate=0.000 eval_mean_return=-17.496 eval_invalid_action_rate=0.920
[step 01300] eval_success_rate=0.000 eval_mean_return=-17.513 eval_invalid_action_rate=0.959
[step 01400] eval_success_rate=0.000 eval_mean_return=-17.462 eval_invalid_action_rate=1.000
[step 01500] eval_success_rate=0.000 eval_mean_return=-17.446 eval_invalid_action_rate=0.999
[step 01600] eval_success_rate=0.000 eval_mean_return=-17.429 eval_invalid_action_rate=0.960
[step 01700] eval_success_rate=0.000 eval_mean_return=-17.429 eval_invalid_action_rate=0.960
[step 01800] eval_success_rate=0.000 eval_mean_return=-17.429 eval_invalid_action_rate=0.960
[step 01900] eval_success_rate=0.000 eval_mean_return=-17.528 eval_invalid_action_rate=0.900
[step 02000] eval_success_rate=0.000 eval_mean_return=-17.543 eval_invalid_action_rate=0.860
[step 02000] checkpoint=/home/buiksat/trm_bellman/results/neurips2026/external_hard4x4_20k/a2c/seed4/model_step_2000.zip
[step 02100] eval_success_rate=0.000 eval_mean_return=-17.543 eval_invalid_action_rate=0.860
[step 02200] eval_success_rate=0.000 eval_mean_return=-17.639 eval_invalid_action_rate=0.800
[step 02300] eval_success_rate=0.000 eval_mean_return=-17.575 eval_invalid_action_rate=0.840
[step 02400] eval_success_rate=0.000 eval_mean_return=-17.639 eval_invalid_action_rate=0.800
[step 02500] eval_success_rate=0.000 eval_mean_return=-17.543 eval_invalid_action_rate=0.860
[step 02600] eval_success_rate=0.000 eval_mean_return=-17.511 eval_invalid_action_rate=0.880
[step 02700] eval_success_rate=0.000 eval_mean_return=-17.710 eval_invalid_action_rate=0.839
[step 02800] eval_success_rate=0.000 eval_mean_return=-17.511 eval_invalid_action_rate=0.899
[step 02900] eval_success_rate=0.000 eval_mean_return=-17.580 eval_invalid_action_rate=0.880
[step 03000] eval_success_rate=0.000 eval_mean_return=-17.646 eval_invalid_action_rate=0.860
[step 03000] checkpoint=/home/buiksat/trm_bellman/results/neurips2026/external_hard4x4_20k/a2c/seed4/model_step_3000.zip
[step 03100] eval_success_rate=0.000 eval_mean_return=-17.778 eval_invalid_action_rate=0.820
[step 03200] eval_success_rate=0.000 eval_mean_return=-17.778 eval_invalid_action_rate=0.820
[step 03300] eval_success_rate=0.000 eval_mean_return=-17.830 eval_invalid_action_rate=0.839
[step 03400] eval_success_rate=0.000 eval_mean_return=-18.012 eval_invalid_action_rate=0.777
[step 03500] eval_success_rate=0.000 eval_mean_return=-18.212 eval_invalid_action_rate=0.756
[step 03600] eval_success_rate=0.000 eval_mean_return=-17.891 eval_invalid_action_rate=0.818
[step 03700] eval_success_rate=0.000 eval_mean_return=-17.806 eval_invalid_action_rate=0.819
[step 03800] eval_success_rate=0.000 eval_mean_return=-17.838 eval_invalid_action_rate=0.799
[step 03900] eval_success_rate=0.000 eval_mean_return=-18.022 eval_invalid_action_rate=0.738
[step 04000] eval_success_rate=0.000 eval_mean_return=-18.184 eval_invalid_action_rate=0.679
[step 04000] checkpoint=/home/buiksat/trm_bellman/results/neurips2026/external_hard4x4_20k/a2c/seed4/model_step_4000.zip
[step 04100] eval_success_rate=0.000 eval_mean_return=-18.217 eval_invalid_action_rate=0.659
[step 04200] eval_success_rate=0.000 eval_mean_return=-18.150 eval_invalid_action_rate=0.676
[step 04300] eval_success_rate=0.000 eval_mean_return=-18.036 eval_invalid_action_rate=0.755
[step 04400] eval_success_rate=0.000 eval_mean_return=-18.103 eval_invalid_action_rate=0.755
[step 04500] eval_success_rate=0.000 eval_mean_return=-17.937 eval_invalid_action_rate=0.795
[step 04600] eval_success_rate=0.000 eval_mean_return=-17.937 eval_invalid_action_rate=0.795
[step 04700] eval_success_rate=0.000 eval_mean_return=-18.039 eval_invalid_action_rate=0.776
[step 04800] eval_success_rate=0.000 eval_mean_return=-18.021 eval_invalid_action_rate=0.779
[step 04900] eval_success_rate=0.000 eval_mean_return=-17.905 eval_invalid_action_rate=0.800
[step 05000] eval_success_rate=0.000 eval_mean_return=-17.987 eval_invalid_action_rate=0.757
[step 05000] checkpoint=/home/buiksat/trm_bellman/results/neurips2026/external_hard4x4_20k/a2c/seed4/model_step_5000.zip
[step 05100] eval_success_rate=0.000 eval_mean_return=-18.004 eval_invalid_action_rate=0.796
[step 05200] eval_success_rate=0.000 eval_mean_return=-17.987 eval_invalid_action_rate=0.757
[step 05300] eval_success_rate=0.000 eval_mean_return=-17.940 eval_invalid_action_rate=0.818
[step 05400] eval_success_rate=0.000 eval_mean_return=-18.004 eval_invalid_action_rate=0.756
[step 05500] eval_success_rate=0.000 eval_mean_return=-17.984 eval_invalid_action_rate=0.699
[step 05600] eval_success_rate=0.000 eval_mean_return=-18.218 eval_invalid_action_rate=0.656
[step 05700] eval_success_rate=0.000 eval_mean_return=-18.198 eval_invalid_action_rate=0.618
[step 05800] eval_success_rate=0.000 eval_mean_return=-18.218 eval_invalid_action_rate=0.619
[step 05900] eval_success_rate=0.000 eval_mean_return=-18.262 eval_invalid_action_rate=0.559
[step 06000] eval_success_rate=0.000 eval_mean_return=-18.080 eval_invalid_action_rate=0.657
[step 06000] checkpoint=/home/buiksat/trm_bellman/results/neurips2026/external_hard4x4_20k/a2c/seed4/model_step_6000.zip
[step 06100] eval_success_rate=0.000 eval_mean_return=-18.240 eval_invalid_action_rate=0.557
[step 06200] eval_success_rate=0.000 eval_mean_return=-18.176 eval_invalid_action_rate=0.598
[step 06300] eval_success_rate=0.000 eval_mean_return=-18.058 eval_invalid_action_rate=0.600
[step 06400] eval_success_rate=0.000 eval_mean_return=-18.042 eval_invalid_action_rate=0.599
[step 06500] eval_success_rate=0.000 eval_mean_return=-18.126 eval_invalid_action_rate=0.560
[step 06600] eval_success_rate=0.000 eval_mean_return=-18.366 eval_invalid_action_rate=0.440
[step 06700] eval_success_rate=0.000 eval_mean_return=-18.334 eval_invalid_action_rate=0.460
[step 06800] eval_success_rate=0.000 eval_mean_return=-18.426 eval_invalid_action_rate=0.380
[step 06900] eval_success_rate=0.000 eval_mean_return=-18.458 eval_invalid_action_rate=0.360
[step 07000] eval_success_rate=0.000 eval_mean_return=-18.688 eval_invalid_action_rate=0.299
[step 07000] checkpoint=/home/buiksat/trm_bellman/results/neurips2026/external_hard4x4_20k/a2c/seed4/model_step_7000.zip
[step 07100] eval_success_rate=0.000 eval_mean_return=-18.618 eval_invalid_action_rate=0.260
[step 07200] eval_success_rate=0.000 eval_mean_return=-18.266 eval_invalid_action_rate=0.480
[step 07300] eval_success_rate=0.000 eval_mean_return=-18.330 eval_invalid_action_rate=0.440
[step 07400] eval_success_rate=0.000 eval_mean_return=-18.624 eval_invalid_action_rate=0.339
[step 07500] eval_success_rate=0.000 eval_mean_return=-18.554 eval_invalid_action_rate=0.300
[step 07600] eval_success_rate=0.000 eval_mean_return=-18.382 eval_invalid_action_rate=0.440
[step 07700] eval_success_rate=0.000 eval_mean_return=-18.574 eval_invalid_action_rate=0.339
[step 07800] eval_success_rate=0.000 eval_mean_return=-18.574 eval_invalid_action_rate=0.339
[step 07900] eval_success_rate=0.000 eval_mean_return=-18.478 eval_invalid_action_rate=0.380
[step 08000] eval_success_rate=0.000 eval_mean_return=-18.140 eval_invalid_action_rate=0.600
[step 08000] checkpoint=/home/buiksat/trm_bellman/results/neurips2026/external_hard4x4_20k/a2c/seed4/model_step_8000.zip
[step 08100] eval_success_rate=0.000 eval_mean_return=-17.902 eval_invalid_action_rate=0.700
[step 08200] eval_success_rate=0.000 eval_mean_return=-17.902 eval_invalid_action_rate=0.700
[step 08300] eval_success_rate=0.000 eval_mean_return=-17.902 eval_invalid_action_rate=0.719
[step 08400] eval_success_rate=0.000 eval_mean_return=-17.982 eval_invalid_action_rate=0.699
[step 08500] eval_success_rate=0.000 eval_mean_return=-17.770 eval_invalid_action_rate=0.800
[step 08600] eval_success_rate=0.000 eval_mean_return=-17.802 eval_invalid_action_rate=0.780
[step 08700] eval_success_rate=0.000 eval_mean_return=-18.014 eval_invalid_action_rate=0.660
[step 08800] eval_success_rate=0.000 eval_mean_return=-17.886 eval_invalid_action_rate=0.780
[step 08900] eval_success_rate=0.000 eval_mean_return=-17.790 eval_invalid_action_rate=0.840
[step 09000] eval_success_rate=0.000 eval_mean_return=-17.822 eval_invalid_action_rate=0.820
[step 09000] checkpoint=/home/buiksat/trm_bellman/results/neurips2026/external_hard4x4_20k/a2c/seed4/model_step_9000.zip
[step 09100] eval_success_rate=0.000 eval_mean_return=-17.706 eval_invalid_action_rate=0.860
[step 09200] eval_success_rate=0.000 eval_mean_return=-17.691 eval_invalid_action_rate=0.900
[step 09300] eval_success_rate=0.000 eval_mean_return=-17.691 eval_invalid_action_rate=0.900
[step 09400] eval_success_rate=0.000 eval_mean_return=-17.691 eval_invalid_action_rate=0.900
[step 09500] eval_success_rate=0.000 eval_mean_return=-17.723 eval_invalid_action_rate=0.880
[step 09600] eval_success_rate=0.000 eval_mean_return=-17.691 eval_invalid_action_rate=0.900
[step 09700] eval_success_rate=0.000 eval_mean_return=-17.743 eval_invalid_action_rate=0.919
[step 09800] eval_success_rate=0.000 eval_mean_return=-17.876 eval_invalid_action_rate=0.820
[step 09900] eval_success_rate=0.000 eval_mean_return=-17.908 eval_invalid_action_rate=0.800
[step 10000] eval_success_rate=0.000 eval_mean_return=-17.812 eval_invalid_action_rate=0.879
[step 10000] checkpoint=/home/buiksat/trm_bellman/results/neurips2026/external_hard4x4_20k/a2c/seed4/model_step_10000.zip
[step 10100] eval_success_rate=0.000 eval_mean_return=-17.829 eval_invalid_action_rate=0.899
[step 10200] eval_success_rate=0.000 eval_mean_return=-17.745 eval_invalid_action_rate=0.919
[step 10300] eval_success_rate=0.000 eval_mean_return=-17.762 eval_invalid_action_rate=0.920
[step 10400] eval_success_rate=0.000 eval_mean_return=-17.762 eval_invalid_action_rate=0.920
[step 10500] eval_success_rate=0.000 eval_mean_return=-17.812 eval_invalid_action_rate=0.879
[step 10600] eval_success_rate=0.000 eval_mean_return=-17.812 eval_invalid_action_rate=0.897
[step 10700] eval_success_rate=0.000 eval_mean_return=-17.812 eval_invalid_action_rate=0.897
[step 10800] eval_success_rate=0.000 eval_mean_return=-17.812 eval_invalid_action_rate=0.860
[step 10900] eval_success_rate=0.000 eval_mean_return=-17.812 eval_invalid_action_rate=0.860
[step 11000] eval_success_rate=0.000 eval_mean_return=-17.829 eval_invalid_action_rate=0.880
[step 11000] checkpoint=/home/buiksat/trm_bellman/results/neurips2026/external_hard4x4_20k/a2c/seed4/model_step_11000.zip
[step 11100] eval_success_rate=0.000 eval_mean_return=-17.844 eval_invalid_action_rate=0.840
[step 11200] eval_success_rate=0.000 eval_mean_return=-17.827 eval_invalid_action_rate=0.820
[step 11300] eval_success_rate=0.000 eval_mean_return=-18.062 eval_invalid_action_rate=0.759
[step 11400] eval_success_rate=0.000 eval_mean_return=-18.030 eval_invalid_action_rate=0.779
[step 11500] eval_success_rate=0.000 eval_mean_return=-17.994 eval_invalid_action_rate=0.780
[step 11600] eval_success_rate=0.000 eval_mean_return=-17.994 eval_invalid_action_rate=0.780
[step 11700] eval_success_rate=0.000 eval_mean_return=-17.977 eval_invalid_action_rate=0.779
[step 11800] eval_success_rate=0.000 eval_mean_return=-17.977 eval_invalid_action_rate=0.760
[step 11900] eval_success_rate=0.000 eval_mean_return=-18.145 eval_invalid_action_rate=0.700
[step 12000] eval_success_rate=0.000 eval_mean_return=-18.145 eval_invalid_action_rate=0.700
[step 12000] checkpoint=/home/buiksat/trm_bellman/results/neurips2026/external_hard4x4_20k/a2c/seed4/model_step_12000.zip
[step 12100] eval_success_rate=0.000 eval_mean_return=-18.145 eval_invalid_action_rate=0.700
[step 12200] eval_success_rate=0.000 eval_mean_return=-18.145 eval_invalid_action_rate=0.700
[step 12300] eval_success_rate=0.000 eval_mean_return=-18.113 eval_invalid_action_rate=0.739
[step 12400] eval_success_rate=0.000 eval_mean_return=-18.010 eval_invalid_action_rate=0.720
[step 12500] eval_success_rate=0.000 eval_mean_return=-18.079 eval_invalid_action_rate=0.779
[step 12600] eval_success_rate=0.000 eval_mean_return=-18.079 eval_invalid_action_rate=0.760
[step 12700] eval_success_rate=0.000 eval_mean_return=-18.079 eval_invalid_action_rate=0.760
[step 12800] eval_success_rate=0.000 eval_mean_return=-18.214 eval_invalid_action_rate=0.740
[step 12900] eval_success_rate=0.000 eval_mean_return=-17.810 eval_invalid_action_rate=0.800
[step 13000] eval_success_rate=0.000 eval_mean_return=-17.659 eval_invalid_action_rate=0.800
[step 13000] checkpoint=/home/buiksat/trm_bellman/results/neurips2026/external_hard4x4_20k/a2c/seed4/model_step_13000.zip
[step 13100] eval_success_rate=0.000 eval_mean_return=-17.644 eval_invalid_action_rate=0.840
[step 13200] eval_success_rate=0.000 eval_mean_return=-17.627 eval_invalid_action_rate=0.820
[step 13300] eval_success_rate=0.000 eval_mean_return=-17.913 eval_invalid_action_rate=0.800
[step 13400] eval_success_rate=0.000 eval_mean_return=-17.644 eval_invalid_action_rate=0.840
[step 13500] eval_success_rate=0.000 eval_mean_return=-17.913 eval_invalid_action_rate=0.800
[step 13600] eval_success_rate=0.000 eval_mean_return=-17.810 eval_invalid_action_rate=0.800
[step 13700] eval_success_rate=0.000 eval_mean_return=-17.881 eval_invalid_action_rate=0.820
[step 13800] eval_success_rate=0.000 eval_mean_return=-17.881 eval_invalid_action_rate=0.820
[step 13900] eval_success_rate=0.000 eval_mean_return=-17.881 eval_invalid_action_rate=0.820
[step 14000] eval_success_rate=0.000 eval_mean_return=-17.644 eval_invalid_action_rate=0.840
[step 14000] checkpoint=/home/buiksat/trm_bellman/results/neurips2026/external_hard4x4_20k/a2c/seed4/model_step_14000.zip
[step 14100] eval_success_rate=0.000 eval_mean_return=-17.612 eval_invalid_action_rate=0.860
[step 14200] eval_success_rate=0.000 eval_mean_return=-17.780 eval_invalid_action_rate=0.880
[step 14300] eval_success_rate=0.000 eval_mean_return=-17.899 eval_invalid_action_rate=0.900
[step 14400] eval_success_rate=0.000 eval_mean_return=-17.882 eval_invalid_action_rate=0.880
[step 14500] eval_success_rate=0.000 eval_mean_return=-17.614 eval_invalid_action_rate=0.920
[step 14600] eval_success_rate=0.000 eval_mean_return=-17.597 eval_invalid_action_rate=0.900
[step 14700] eval_success_rate=0.000 eval_mean_return=-17.866 eval_invalid_action_rate=0.860
[step 14800] eval_success_rate=0.000 eval_mean_return=-17.866 eval_invalid_action_rate=0.860
[step 14900] eval_success_rate=0.000 eval_mean_return=-17.731 eval_invalid_action_rate=0.880
[step 15000] eval_success_rate=0.000 eval_mean_return=-17.597 eval_invalid_action_rate=0.900
[step 15000] checkpoint=/home/buiksat/trm_bellman/results/neurips2026/external_hard4x4_20k/a2c/seed4/model_step_15000.zip
[step 15100] eval_success_rate=0.000 eval_mean_return=-17.730 eval_invalid_action_rate=0.860
[step 15200] eval_success_rate=0.000 eval_mean_return=-17.864 eval_invalid_action_rate=0.840
[step 15300] eval_success_rate=0.000 eval_mean_return=-17.746 eval_invalid_action_rate=0.880
[step 15400] eval_success_rate=0.000 eval_mean_return=-17.881 eval_invalid_action_rate=0.860
[step 15500] eval_success_rate=0.000 eval_mean_return=-17.748 eval_invalid_action_rate=0.900
[step 15600] eval_success_rate=0.000 eval_mean_return=-17.731 eval_invalid_action_rate=0.880
[step 15700] eval_success_rate=0.000 eval_mean_return=-17.783 eval_invalid_action_rate=0.940
[step 15800] eval_success_rate=0.000 eval_mean_return=-17.594 eval_invalid_action_rate=0.920
[step 15900] eval_success_rate=0.000 eval_mean_return=-17.594 eval_invalid_action_rate=0.920
[step 16000] eval_success_rate=0.000 eval_mean_return=-17.664 eval_invalid_action_rate=0.940
[step 16000] checkpoint=/home/buiksat/trm_bellman/results/neurips2026/external_hard4x4_20k/a2c/seed4/model_step_16000.zip
[step 16100] eval_success_rate=0.000 eval_mean_return=-17.530 eval_invalid_action_rate=0.960
[step 16200] eval_success_rate=0.000 eval_mean_return=-17.562 eval_invalid_action_rate=0.940
[step 16300] eval_success_rate=0.000 eval_mean_return=-17.594 eval_invalid_action_rate=0.920
[step 16400] eval_success_rate=0.000 eval_mean_return=-17.594 eval_invalid_action_rate=0.920
[step 16500] eval_success_rate=0.000 eval_mean_return=-17.594 eval_invalid_action_rate=0.920
[step 16600] eval_success_rate=0.000 eval_mean_return=-17.562 eval_invalid_action_rate=0.940
[step 16700] eval_success_rate=0.000 eval_mean_return=-17.562 eval_invalid_action_rate=0.940
[step 16800] eval_success_rate=0.000 eval_mean_return=-17.562 eval_invalid_action_rate=0.940
[step 16900] eval_success_rate=0.000 eval_mean_return=-17.562 eval_invalid_action_rate=0.940
[step 17000] eval_success_rate=0.000 eval_mean_return=-17.562 eval_invalid_action_rate=0.940
[step 17000] checkpoint=/home/buiksat/trm_bellman/results/neurips2026/external_hard4x4_20k/a2c/seed4/model_step_17000.zip
[step 17100] eval_success_rate=0.000 eval_mean_return=-17.814 eval_invalid_action_rate=0.978
[step 17200] eval_success_rate=0.000 eval_mean_return=-17.629 eval_invalid_action_rate=0.979
[step 17300] eval_success_rate=0.000 eval_mean_return=-17.629 eval_invalid_action_rate=0.979
[step 17400] eval_success_rate=0.000 eval_mean_return=-17.612 eval_invalid_action_rate=0.978
[step 17500] eval_success_rate=0.000 eval_mean_return=-17.562 eval_invalid_action_rate=0.940
[step 17600] eval_success_rate=0.000 eval_mean_return=-17.763 eval_invalid_action_rate=0.939
[step 17700] eval_success_rate=0.000 eval_mean_return=-17.713 eval_invalid_action_rate=0.939
[step 17800] eval_success_rate=0.000 eval_mean_return=-17.446 eval_invalid_action_rate=0.999
[step 17900] eval_success_rate=0.000 eval_mean_return=-17.446 eval_invalid_action_rate=0.999
[step 18000] eval_success_rate=0.000 eval_mean_return=-17.530 eval_invalid_action_rate=0.998
[step 18000] checkpoint=/home/buiksat/trm_bellman/results/neurips2026/external_hard4x4_20k/a2c/seed4/model_step_18000.zip
[step 18100] eval_success_rate=0.000 eval_mean_return=-17.664 eval_invalid_action_rate=0.996
[step 18200] eval_success_rate=0.000 eval_mean_return=-17.530 eval_invalid_action_rate=0.979
[step 18300] eval_success_rate=0.000 eval_mean_return=-17.530 eval_invalid_action_rate=0.998
[step 18400] eval_success_rate=0.000 eval_mean_return=-17.798 eval_invalid_action_rate=0.936
[step 18500] eval_success_rate=0.000 eval_mean_return=-17.798 eval_invalid_action_rate=0.936
[step 18600] eval_success_rate=0.000 eval_mean_return=-17.798 eval_invalid_action_rate=0.936
[step 18700] eval_success_rate=0.000 eval_mean_return=-17.798 eval_invalid_action_rate=0.936
[step 18800] eval_success_rate=0.000 eval_mean_return=-17.681 eval_invalid_action_rate=0.920
[step 18900] eval_success_rate=0.000 eval_mean_return=-17.630 eval_invalid_action_rate=0.940
[step 19000] eval_success_rate=0.000 eval_mean_return=-17.614 eval_invalid_action_rate=0.920
[step 19000] checkpoint=/home/buiksat/trm_bellman/results/neurips2026/external_hard4x4_20k/a2c/seed4/model_step_19000.zip
[step 19100] eval_success_rate=0.000 eval_mean_return=-17.614 eval_invalid_action_rate=0.920
[step 19200] eval_success_rate=0.000 eval_mean_return=-17.614 eval_invalid_action_rate=0.920
[step 19300] eval_success_rate=0.000 eval_mean_return=-17.614 eval_invalid_action_rate=0.920
[step 19400] eval_success_rate=0.000 eval_mean_return=-17.614 eval_invalid_action_rate=0.920
[step 19500] eval_success_rate=0.000 eval_mean_return=-17.597 eval_invalid_action_rate=0.979
[step 19600] eval_success_rate=0.000 eval_mean_return=-17.597 eval_invalid_action_rate=0.979
[step 19700] eval_success_rate=0.000 eval_mean_return=-17.681 eval_invalid_action_rate=0.958
[step 19800] eval_success_rate=0.000 eval_mean_return=-17.664 eval_invalid_action_rate=0.938
[step 19900] eval_success_rate=0.000 eval_mean_return=-17.647 eval_invalid_action_rate=0.917
[step 20000] eval_success_rate=0.000 eval_mean_return=-17.664 eval_invalid_action_rate=0.919
[step 20000] checkpoint=/home/buiksat/trm_bellman/results/neurips2026/external_hard4x4_20k/a2c/seed4/model_step_20000.zip
[baseline] env=sudoku4x4 algo=a2c backend=sb3
[baseline] action_space_n=97 observation_keys=inputs,plan,action_mask
[baseline] finished training: steps=20000 final_eval_success_rate=0.000 final_eval_mean_return=-17.664
[baseline] t0.3_ready=True
[baseline] t0.2_status=complete
[baseline] note: Vanilla SB3 PPO/A2C does not apply logit masking from action_mask; the policy acts in the full no-mask action space and invalid edits are penalized by the environment. This matches the paper's hard-4x4 no-mask protocol and should be compared against the internal no-mask A2C baseline.
[baseline] summary written to /home/buiksat/trm_bellman/results/neurips2026/external_hard4x4_20k/a2c/seed4/train_summary.json
