[2026-04-12T16:41:54.623-07:00] Buck UI: https://www.internalfb.com/buck2/3e6c183f-531b-4b75-9a5f-aefeba9e1fba
[2026-04-12T16:41:54.739-07:00] Network: Up: 0B  Down: 0B
BUILD SUCCEEDED - starting your binary
WARNING:root:===========[FB_TRITON]=========== Triton Version: 3.5.0+fb
INFO:2026-04-12 16:42:03 2552400:2552400 CuptiCallbackApi.cpp:69] Callback: domain = 3, cbid = 1
INFO:2026-04-12 16:42:03 2552400:2552400 CuptiActivityProfiler.cpp:93] CUDA versions. CUPTI: 22; Runtime: 12040; Driver: 12040
INFO:2026-04-12 16:42:03 2552400:2553349 FBConfig.cpp:330] Perfetto builder enabled: 1
INFO:2026-04-12 16:42:03 2552400:2553349 DynoConfigLoader.cpp:61] Setting communication fabric enabled = 0
INFO:2026-04-12 16:42:03 2552400:2553349 DynoConfigLoader.cpp:61] Setting communication fabric enabled = 0
[step 00100] eval_success_rate=0.000 eval_mean_return=-18.908 eval_invalid_action_rate=0.734
[step 00200] eval_success_rate=0.000 eval_mean_return=-19.131 eval_invalid_action_rate=0.698
[step 00300] eval_success_rate=0.000 eval_mean_return=-18.538 eval_invalid_action_rate=0.616
[step 00400] eval_success_rate=0.000 eval_mean_return=-18.605 eval_invalid_action_rate=0.578
[step 00500] eval_success_rate=0.000 eval_mean_return=-18.441 eval_invalid_action_rate=0.776
[step 00600] eval_success_rate=0.000 eval_mean_return=-18.806 eval_invalid_action_rate=0.636
[step 00700] eval_success_rate=0.000 eval_mean_return=-18.692 eval_invalid_action_rate=0.713
[step 00800] eval_success_rate=0.000 eval_mean_return=-18.151 eval_invalid_action_rate=0.774
[step 00900] eval_success_rate=0.000 eval_mean_return=-18.507 eval_invalid_action_rate=0.780
[step 01000] eval_success_rate=0.000 eval_mean_return=-17.983 eval_invalid_action_rate=0.879
[step 01000] checkpoint=/home/buiksat/trm_bellman/results/neurips2026/external_hard4x4/a2c/seed1/model_step_1000.zip
[step 01100] eval_success_rate=0.000 eval_mean_return=-18.387 eval_invalid_action_rate=0.738
[step 01200] eval_success_rate=0.000 eval_mean_return=-18.270 eval_invalid_action_rate=0.838
[step 01300] eval_success_rate=0.000 eval_mean_return=-17.731 eval_invalid_action_rate=0.938
[step 01400] eval_success_rate=0.000 eval_mean_return=-18.723 eval_invalid_action_rate=0.699
[step 01500] eval_success_rate=0.000 eval_mean_return=-17.949 eval_invalid_action_rate=0.877
[step 01600] eval_success_rate=0.000 eval_mean_return=-17.714 eval_invalid_action_rate=0.938
[step 01700] eval_success_rate=0.000 eval_mean_return=-17.832 eval_invalid_action_rate=0.936
[step 01800] eval_success_rate=0.000 eval_mean_return=-17.832 eval_invalid_action_rate=0.938
[step 01900] eval_success_rate=0.000 eval_mean_return=-17.882 eval_invalid_action_rate=0.880
[step 02000] eval_success_rate=0.000 eval_mean_return=-17.916 eval_invalid_action_rate=0.877
[step 02000] checkpoint=/home/buiksat/trm_bellman/results/neurips2026/external_hard4x4/a2c/seed1/model_step_2000.zip
[step 02100] eval_success_rate=0.000 eval_mean_return=-17.849 eval_invalid_action_rate=0.877
[step 02200] eval_success_rate=0.000 eval_mean_return=-17.815 eval_invalid_action_rate=0.879
[step 02300] eval_success_rate=0.000 eval_mean_return=-18.135 eval_invalid_action_rate=0.856
[step 02400] eval_success_rate=0.000 eval_mean_return=-18.035 eval_invalid_action_rate=0.840
[step 02500] eval_success_rate=0.000 eval_mean_return=-18.085 eval_invalid_action_rate=0.859
[step 02600] eval_success_rate=0.000 eval_mean_return=-17.950 eval_invalid_action_rate=0.860
[step 02700] eval_success_rate=0.000 eval_mean_return=-18.117 eval_invalid_action_rate=0.855
[step 02800] eval_success_rate=0.000 eval_mean_return=-17.899 eval_invalid_action_rate=0.876
[step 02900] eval_success_rate=0.000 eval_mean_return=-17.983 eval_invalid_action_rate=0.799
[step 03000] eval_success_rate=0.000 eval_mean_return=-18.067 eval_invalid_action_rate=0.836
[step 03000] checkpoint=/home/buiksat/trm_bellman/results/neurips2026/external_hard4x4/a2c/seed1/model_step_3000.zip
[step 03100] eval_success_rate=0.000 eval_mean_return=-18.285 eval_invalid_action_rate=0.836
[step 03200] eval_success_rate=0.000 eval_mean_return=-17.933 eval_invalid_action_rate=0.839
[step 03300] eval_success_rate=0.000 eval_mean_return=-18.001 eval_invalid_action_rate=0.895
[step 03400] eval_success_rate=0.000 eval_mean_return=-17.867 eval_invalid_action_rate=0.919
[step 03500] eval_success_rate=0.000 eval_mean_return=-17.882 eval_invalid_action_rate=0.919
[step 03600] eval_success_rate=0.000 eval_mean_return=-17.782 eval_invalid_action_rate=0.938
[step 03700] eval_success_rate=0.000 eval_mean_return=-17.647 eval_invalid_action_rate=0.958
[step 03800] eval_success_rate=0.000 eval_mean_return=-18.118 eval_invalid_action_rate=0.935
[step 03900] eval_success_rate=0.000 eval_mean_return=-18.339 eval_invalid_action_rate=0.835
[step 04000] eval_success_rate=0.000 eval_mean_return=-18.305 eval_invalid_action_rate=0.873
[step 04000] checkpoint=/home/buiksat/trm_bellman/results/neurips2026/external_hard4x4/a2c/seed1/model_step_4000.zip
[step 04100] eval_success_rate=0.000 eval_mean_return=-18.656 eval_invalid_action_rate=0.695
[step 04200] eval_success_rate=0.000 eval_mean_return=-18.255 eval_invalid_action_rate=0.777
[step 04300] eval_success_rate=0.000 eval_mean_return=-18.017 eval_invalid_action_rate=0.818
[step 04400] eval_success_rate=0.000 eval_mean_return=-18.050 eval_invalid_action_rate=0.839
[step 04500] eval_success_rate=0.000 eval_mean_return=-18.185 eval_invalid_action_rate=0.819
[step 04600] eval_success_rate=0.000 eval_mean_return=-18.050 eval_invalid_action_rate=0.820
[step 04700] eval_success_rate=0.000 eval_mean_return=-17.933 eval_invalid_action_rate=0.899
[step 04800] eval_success_rate=0.000 eval_mean_return=-18.034 eval_invalid_action_rate=0.840
[step 04900] eval_success_rate=0.000 eval_mean_return=-18.034 eval_invalid_action_rate=0.840
[step 05000] eval_success_rate=0.000 eval_mean_return=-18.017 eval_invalid_action_rate=0.876
[step 05000] checkpoint=/home/buiksat/trm_bellman/results/neurips2026/external_hard4x4/a2c/seed1/model_step_5000.zip
[baseline] env=sudoku4x4 algo=a2c backend=sb3
[baseline] action_space_n=97 observation_keys=inputs,plan,action_mask
[baseline] finished training: steps=5000 final_eval_success_rate=0.000 final_eval_mean_return=-18.034
[baseline] t0.3_ready=True
[baseline] t0.2_status=complete
[baseline] note: Vanilla SB3 PPO/A2C does not apply logit masking from action_mask; the policy acts in the full no-mask action space and invalid edits are penalized by the environment. This matches the paper's hard-4x4 no-mask protocol and should be compared against the internal no-mask A2C baseline.
[baseline] summary written to /home/buiksat/trm_bellman/results/neurips2026/external_hard4x4/a2c/seed1/train_summary.json
