# 3_standard_contraction seed=42 gpu=2
# Command: buck2 run //buiksat_trm:upi_trm_train -c fbcode.nvcc_arch=a100 -c fbcode.enable_gpu_sections=true -- --dataset-paths buiksat_trm/data/sudoku-4x4-trivial --config buiksat_trm/configs/experiments/contraction_sgd_tradeoff/base_episodic_z.yaml --config buiksat_trm/configs/experiments/contraction_sgd_tradeoff/3_standard_contraction.yaml --seed 42 --train-steps 5000 --no-wandb

[2026-01-13T12:04:23.835-08:00] Buck UI: https://www.internalfb.com/buck2/550bf67b-10d1-435c-ac90-3b834563c3b4
[2026-01-13T12:04:24.173-08:00] Network: Up: 0B  Down: 0B
BUILD SUCCEEDED - starting your binary
[INFO] Using progress-based Sudoku checker for 4x4 (score = filled_cells, range 0-16)
[INFO] Training for 5000 steps (gamma=0.990, K=1, inner_unroll_n=4)
[INFO] Terminal rewards: solve=0.000, fail=-16.000
/data/repos/fbsource/buck-out/v2/gen/fbcode/7bc20b5dff24e379/buiksat_trm/__upi_trm_train__/upi_trm_train#link-tree/upi_trm_train.py:872: UserWarning: rl_enable_contraction=True: Applying operator-norm clamping and contraction scaling to z->z path layers. This is REQUIRED for Assumption 3.2 (L_z < 1) but will modify network behavior. Pretrained weights from vanilla TRM may require fine-tuning.
  model = TinyRecursiveReasoningModel_ACTV1(trm_cfg_dict)
[INFO] Using TRM backbone (hidden=64, H=2, L=2)
[DEBUG] Policy head STOP bias: 0.00 (should be 0.0 for uniform init)
[INFO] Puzzle embeddings DISABLED (set --puzzle-emb-ndim > 0 to enable)
/data/repos/fbsource/buck-out/v2/gen/fbcode/7bc20b5dff24e379/buiksat_trm/__upi_trm_train__/upi_trm_train#link-tree/torch/cuda/__init__.py:373: UserWarning: Found GPU0 NVIDIA PG509-210 which is of compute capability (CC) 8.0.
The following list shows the CCs this version of PyTorch was built for and the hardware CCs it supports:
Please follow the instructions at https://pytorch.org/get-started/locally/ to install a PyTorch release that supports one of these CUDA versions: 12.6, 12.8, 13.0
  _warn_unsupported_code(d, device_cc, code_ccs)
INFO:2026-01-13 12:04:30 557366:557366 CuptiCallbackApi.cpp:74] Callback: domain = 3, cbid = 1
INFO:2026-01-13 12:04:30 557366:557366 CuptiActivityProfiler.cpp:245] CUDA versions. CUPTI: 22; Runtime: 12040; Driver: 12040
INFO:2026-01-13 12:04:30 557366:560413 FBConfig.cpp:330] Perfetto builder enabled: 1
INFO:2026-01-13 12:04:30 557366:560413 DynoConfigLoader.cpp:61] Setting communication fabric enabled = 0
/data/repos/fbsource/buck-out/v2/gen/fbcode/7bc20b5dff24e379/buiksat_trm/__upi_trm_train__/upi_trm_train#link-tree/rl/upi_trm_trainer.py:93: UserWarning: rl_enable_contraction=True: Applying operator-norm clamping and contraction scaling to z->z path layers. This is REQUIRED for Assumption 3.2 (L_z < 1) but will modify network behavior. Pretrained weights from vanilla TRM may require fine-tuning.
  self.target_model = TinyRecursiveReasoningModel_ACTV1(self._config_to_dict(self.model.config)).to(device)
/data/repos/fbsource/buck-out/v2/gen/fbcode/7bc20b5dff24e379/buiksat_trm/__upi_trm_train__/upi_trm_train#link-tree/rl/upi_trm_trainer.py:103: UserWarning: rl_enable_contraction=True: Applying operator-norm clamping and contraction scaling to z->z path layers. This is REQUIRED for Assumption 3.2 (L_z < 1) but will modify network behavior. Pretrained weights from vanilla TRM may require fine-tuning.
  self.policy_model_candidate = TinyRecursiveReasoningModel_ACTV1(
INFO:2026-01-13 12:04:30 557366:560413 DynoConfigLoader.cpp:61] Setting communication fabric enabled = 0
TritonTraceHandler: disabled because /logs does not exist
===========[FB_TRITON]=========== Triton Version: 3.3.2+fb
[INFO] Using UPI-TRM algorithm (K=1, inner_n=4)
[INFO] Checkpoint directory: checkpoints/rl_sudoku-4x4-trivial_seed42

============================================================
UPI-TRM THEORY ALIGNMENT CHECK
============================================================
✓ Configuration aligns with theoretical guarantees

Theory status:
  Forward-invariant projection: ✓
  Contraction enforced (L_z < 1): ✓
  Exact baseline (Thm 5.9): ✓
  Distillation (not in theory): ✓ disabled

Is theory-exact: True
============================================================

UPI-TRM theoretical dials:
  L_z target (rl_cfg.target_Lz): 0.9
  L_V target (rl_cfg.target_Lv): 1.0
  Inner unroll n (rl_cfg.inner_unroll_n): 4
  K-step horizon K (rl_cfg.K): 1
  Mixture alpha (rl_cfg.mixture_alpha): 0.05
  Latent ball radius (rl_cfg.latent_ball_radius): 10.0
  Episodic latent: True
  Exact K-step targets: True
  Exact baseline summation: True

[INFO] STOP action mode: disabled
[INFO] Using EXACT baseline summation (Theorem 5.9 O(α·ε_A) bound)
[INFO] Forward-invariant projection enabled (R=10.0)
[WandB] Disabled by default (enable with: --wandb)
[DEBUG] Action mask: 8 valid actions out of 97 total
[DEBUG] Latent mode: episodic
[DEBUG] Step 0 probs: STOP=0.000000, edits=1.000000
[DEBUG] Top 5 action probs: torch.return_types.topk(
values=tensor([0.1560, 0.1397, 0.1365, 0.1335, 0.1190], device='cuda:0',
       grad_fn=<TopkBackward0>),
indices=tensor([86, 21, 20, 23, 88], device='cuda:0'))
/data/repos/fbsource/buck-out/v2/gen/fbcode/7bc20b5dff24e379/buiksat_trm/__upi_trm_train__/upi_trm_train#link-tree/rl/upi_trm_trainer.py:1021: UserWarning: [UPI-TRM Theory] advantage_clip>0 while is_theory_exact() is True. This technically perturbs the exact advantages used in Theorem 5.9.
  warnings.warn(
[step 00010] value_loss=82.235092 policy_loss=0.803685
[step 00010] VALUE_DEBUG: target(mean=-18.24 std=6.17 min=-20.00 max=5.84) V(s)(mean=-11.57 std=1.14) reward(mean=-1.513 std=4.501) clip=20.0
[step 00020] value_loss=28.600275 policy_loss=-0.061350
[step 00020] VALUE_DEBUG: target(mean=-18.77 std=5.00 min=-20.00 max=5.84) V(s)(mean=-17.47 std=1.27) reward(mean=-0.533 std=3.849) clip=20.0
[step 00030] value_loss=33.657848 policy_loss=0.830302
[step 00030] VALUE_DEBUG: target(mean=-18.20 std=6.31 min=-20.00 max=5.84) V(s)(mean=-18.26 std=1.57) reward(mean=-1.329 std=4.658) clip=20.0
[step 00040] value_loss=37.355713 policy_loss=-0.003772
[step 00040] VALUE_DEBUG: target(mean=-18.15 std=6.25 min=-20.00 max=5.84) V(s)(mean=-18.70 std=1.33) reward(mean=-0.836 std=5.163) clip=20.0
[step 00050] value_loss=11.195404 policy_loss=0.560841
[step 00050] VALUE_DEBUG: target(mean=-19.47 std=3.30 min=-20.00 max=5.84) V(s)(mean=-18.94 std=1.31) reward(mean=-1.294 std=4.319) clip=20.0
