# 4_scheduled_contraction seed=42 gpu=3
# PHASE 1 (steps 0-3499): No contraction
# Command: buck2 run //buiksat_trm:upi_trm_train -c fbcode.nvcc_arch=a100 -c fbcode.enable_gpu_sections=true -- --dataset-paths buiksat_trm/data/sudoku-4x4-trivial --config buiksat_trm/configs/experiments/contraction_sgd_tradeoff/base_episodic_z.yaml --config buiksat_trm/configs/experiments/contraction_sgd_tradeoff/4_scheduled_contraction.yaml --seed 42 --train-steps 3500 --checkpoint-dir /home/buiksat/fbsource/fbcode/buiksat_trm/results/plot_data_contraction_sgd_sudoku-4x4-trivial/ckpt_4_scheduled_contraction_seed42 --save-interval 3500 --no-wandb

[2026-01-13T12:04:23.800-08:00] Buck UI: https://www.internalfb.com/buck2/0b2c8299-ff19-43c0-9c61-37ce0f357123
[2026-01-13T12:04:23.832-08:00] Directory changed: fbcode//results/plot_data_contraction_sgd_sudoku-4x4-trivial
[2026-01-13T12:04:23.832-08:00] Directory changed: fbcode//results/plots_contraction_sgd_sudoku-4x4-trivial
[2026-01-13T12:04:23.832-08:00] File changed: fbcode//results/plot_data_contraction_sgd_sudoku-4x4-trivial/1_no_contraction_seed42.log
[2026-01-13T12:04:23.832-08:00] 5 additional file change events
[2026-01-13T12:04:24.129-08:00] Network: Up: 0B  Down: 0B
BUILD SUCCEEDED - starting your binary
[INFO] Using progress-based Sudoku checker for 4x4 (score = filled_cells, range 0-16)
[INFO] Training for 3500 steps (gamma=0.990, K=1, inner_unroll_n=4)
[INFO] Terminal rewards: solve=0.000, fail=-16.000
[INFO] Using TRM backbone (hidden=64, H=2, L=2)
[DEBUG] Policy head STOP bias: 0.00 (should be 0.0 for uniform init)
[INFO] Puzzle embeddings DISABLED (set --puzzle-emb-ndim > 0 to enable)
/data/repos/fbsource/buck-out/v2/gen/fbcode/7bc20b5dff24e379/buiksat_trm/__upi_trm_train__/upi_trm_train#link-tree/torch/cuda/__init__.py:373: UserWarning: Found GPU0 NVIDIA PG509-210 which is of compute capability (CC) 8.0.
The following list shows the CCs this version of PyTorch was built for and the hardware CCs it supports:
Please follow the instructions at https://pytorch.org/get-started/locally/ to install a PyTorch release that supports one of these CUDA versions: 12.6, 12.8, 13.0
  _warn_unsupported_code(d, device_cc, code_ccs)
INFO:2026-01-13 12:04:29 557371:557371 CuptiCallbackApi.cpp:74] Callback: domain = 3, cbid = 1
INFO:2026-01-13 12:04:29 557371:557371 CuptiActivityProfiler.cpp:245] CUDA versions. CUPTI: 22; Runtime: 12040; Driver: 12040
INFO:2026-01-13 12:04:30 557371:560354 FBConfig.cpp:330] Perfetto builder enabled: 1
INFO:2026-01-13 12:04:30 557371:560354 DynoConfigLoader.cpp:61] Setting communication fabric enabled = 0
INFO:2026-01-13 12:04:30 557371:560354 DynoConfigLoader.cpp:61] Setting communication fabric enabled = 0
TritonTraceHandler: disabled because /logs does not exist
===========[FB_TRITON]=========== Triton Version: 3.3.2+fb
[INFO] Using UPI-TRM algorithm (K=1, inner_n=4)

============================================================
UPI-TRM THEORY ALIGNMENT CHECK
============================================================
⚠ Configuration has theory gaps:
  • enable_contraction=False disables spectral normalization (Assumption 4.2). L_z < 1 contraction not enforced.

Theory status:
  Forward-invariant projection: ✓
  Contraction enforced (L_z < 1): ✗
  Exact baseline (Thm 5.9): ✓
  Distillation (not in theory): ✓ disabled

Is theory-exact: False
============================================================

UPI-TRM theoretical dials:
  L_z target (rl_cfg.target_Lz): 0.9
  L_V target (rl_cfg.target_Lv): 1.0
  Inner unroll n (rl_cfg.inner_unroll_n): 4
  K-step horizon K (rl_cfg.K): 1
  Mixture alpha (rl_cfg.mixture_alpha): 0.05
  Latent ball radius (rl_cfg.latent_ball_radius): 10.0
  Episodic latent: True
  Exact K-step targets: True
  Exact baseline summation: True

[INFO] STOP action mode: disabled
[INFO] Using EXACT baseline summation (Theorem 5.9 O(α·ε_A) bound)
[INFO] Forward-invariant projection enabled (R=10.0)
[WandB] Disabled by default (enable with: --wandb)
[DEBUG] Action mask: 8 valid actions out of 97 total
[DEBUG] Latent mode: episodic
[DEBUG] Step 0 probs: STOP=0.000000, edits=1.000000
[DEBUG] Top 5 action probs: torch.return_types.topk(
values=tensor([0.1454, 0.1418, 0.1412, 0.1377, 0.1294], device='cuda:0',
       grad_fn=<TopkBackward0>),
indices=tensor([92, 82, 95, 93, 94], device='cuda:0'))
[step 00010] value_loss=16.699474 policy_loss=0.435684
[step 00010] VALUE_DEBUG: target(mean=-0.59 std=4.21 min=-20.00 max=6.27) V(s)(mean=-1.02 std=0.80) reward(mean=-0.709 std=4.273) clip=20.0
[step 00020] value_loss=20.216881 policy_loss=0.663530
[step 00020] VALUE_DEBUG: target(mean=-1.15 std=4.55 min=-19.94 max=6.25) V(s)(mean=-1.61 std=0.90) reward(mean=-1.160 std=4.563) clip=20.0
[step 00030] value_loss=22.929474 policy_loss=0.880622
[step 00030] VALUE_DEBUG: target(mean=-1.93 std=4.85 min=-20.00 max=5.92) V(s)(mean=-1.16 std=0.85) reward(mean=-1.813 std=4.856) clip=20.0
[step 00040] value_loss=21.646877 policy_loss=1.342360
[step 00040] VALUE_DEBUG: target(mean=-1.73 std=4.87 min=-20.00 max=6.12) V(s)(mean=-1.27 std=0.97) reward(mean=-1.590 std=4.868) clip=20.0
