[2026-01-19T19:37:41.834-08:00] Buck UI: https://www.internalfb.com/buck2/5c31b5d9-7447-4683-806c-28db7e7919f3
[2026-01-19T19:37:48.903-08:00] Waiting on fbcode//zippydb/if:BUCK -- evaluating build file, and 83 other actions
[2026-01-19T19:37:55.998-08:00] Waiting on fbcode//thrift/lib/thrift:BUCK -- evaluating build file, and 82 other actions
[2026-01-19T19:38:03.002-08:00] Waiting on fbcode//core_systems/if/server:BUCK -- evaluating build file, and 87 other actions
[2026-01-19T19:38:10.097-08:00] Waiting on fbcode//configerator/structs/data_access_policies/if:BUCK -- evaluating build file, and 7 other actions
[2026-01-19T19:38:17.098-08:00] Waiting on fbcode//configerator/structs/admarket/common:BUCK -- evaluating build file
[2026-01-19T19:38:24.197-08:00] Waiting on fbcode//caffe2:_libtorch (cfg:opt-linux-x86_64-fbcode-platform010-clang19-no-san-opt-by-default#7bc20b5dff24e379) -- running analysis [evaluate_rule], and 11 other actions
[2026-01-19T19:38:26.865-08:00] RE Session: reSessionID-b1d55685-f387-47ef-b2ee-f58a95b12fb2
[2026-01-19T19:38:33.898-08:00] Waiting on fbcode//thrift/lib/thrift:patch-py3-default-types__cython/patch/types (cfg:opt-linux-x86_64-fbcode-platform010-clang19-no-san-opt-by-default#7bc20b5dff24e379) -- action (genrule_cython_compile_src), and 7 other actions
[2026-01-19T19:38:40.997-08:00] Waiting on fbcode//responsibility_infra/barnfs_signing/server:service-if-cpp2-clients (cfg:opt-linux-x86_64-fbcode-platform010-clang19-no-san-opt-by-default#7bc20b5dff24e379) -- action (cxx_compile gen-cpp2/ResponsibilityInfra_BarnfsSigningServiceV2AsyncClient.cpp (modular) (pic)) [re_action_cache], and 900 other actions
[2026-01-19T19:38:48.000-08:00] Waiting on fbcode//privacy/data_access_policies/polyglot:universe_designator-shim (cfg:opt-linux-x86_64-fbcode-platform010-clang19-no-san-opt-by-default#7bc20b5dff24e379) -- action (cxx_compile py_bindings/universe_designator.cpp (pic)) [re_upload], and 1355 other actions
[2026-01-19T19:38:55.097-08:00] Waiting on fbcode//privacy/data_access_policies/polyglot:universe_designator-shim (cfg:opt-linux-x86_64-fbcode-platform010-clang19-no-san-opt-by-default#7bc20b5dff24e379) -- action (cxx_compile py_bindings/universe_designator.cpp (pic)) [re_upload], and 1786 other actions
[2026-01-19T19:39:02.098-08:00] Waiting on fbcode//privacy/data_access_policies/polyglot:universe_designator-shim (cfg:opt-linux-x86_64-fbcode-platform010-clang19-no-san-opt-by-default#7bc20b5dff24e379) -- action (cxx_compile py_bindings/universe_designator.cpp (pic)) [re_upload], and 1781 other actions
[2026-01-19T19:39:09.105-08:00] Waiting on fbcode//employee/if:thrift-cpp2-services (cfg:opt-linux-x86_64-fbcode-platform010-clang19-no-san-opt-by-default#7bc20b5dff24e379) -- action (cxx_compile gen-cpp2/EmployeeService.cpp (modular) (pic)) [re_upload], and 1836 other actions
[2026-01-19T19:39:16.197-08:00] Waiting on fbcode//privacy/schemas/tao_assoc/schemalib/lang:impl (cfg:opt-linux-x86_64-fbcode-platform010-clang19-no-san-opt-by-default#7bc20b5dff24e379) -- action (cxx_compile nopolicy_lightweightschema_shards/nopolicy_lightweightschema_shard21.cpp (pic)) [re_upload], and 1833 other actions
[2026-01-19T19:39:23.297-08:00] Waiting on fbcode//warm_storage/security:counters (cfg:opt-linux-x86_64-fbcode-platform010-clang19-no-san-opt-by-default#7bc20b5dff24e379) -- action (cxx_compile common/Counters.cpp (pic)) [re_upload], and 1828 other actions
[2026-01-19T19:39:30.298-08:00] Waiting on fbcode//configerator/structs/data_access_policies/if:policy_annotation-cpp2-types (cfg:opt-linux-x86_64-fbcode-platform010-clang19-no-san-opt-by-default#7bc20b5dff24e379) -- action (cxx_compile gen-cpp2/policy_annotation_data.cpp (modular) (pic)) [re_upload], and 1826 other actions
[2026-01-19T19:39:37.397-08:00] Waiting on fbcode//ame/serf/if:serf_service-cpp2-clients (cfg:opt-linux-x86_64-fbcode-platform010-clang19-no-san-opt-by-default#7bc20b5dff24e379) -- action (cxx_compile gen-cpp2/Serf3Service.9.async_client_split.cpp (modular) (pic)) [local_execute], and 1440 other actions
[2026-01-19T19:39:44.397-08:00] Waiting on fbcode//core_systems/if:thrift-cpp2-clients (cfg:opt-linux-x86_64-fbcode-platform010-clang19-no-san-opt-by-default#7bc20b5dff24e379) -- action (cxx_compile gen-cpp2/SerfServiceAsyncClient.cpp (modular) (pic)) [local_execute], and 782 other actions
[2026-01-19T19:39:51.497-08:00] Waiting on fbcode//core_systems/if:thrift-cpp2-clients (cfg:opt-linux-x86_64-fbcode-platform010-clang19-no-san-opt-by-default#7bc20b5dff24e379) -- action (cxx_compile gen-cpp2/SerfServiceAsyncClient.cpp (modular) (pic)) [local_execute], and 523 other actions
[2026-01-19T19:39:58.497-08:00] Waiting on fbcode//core_systems/if:thrift-cpp2-clients (cfg:opt-linux-x86_64-fbcode-platform010-clang19-no-san-opt-by-default#7bc20b5dff24e379) -- action (cxx_compile gen-cpp2/SerfServiceAsyncClient.cpp (modular) (pic)) [local_execute], and 304 other actions
[2026-01-19T19:40:05.497-08:00] Waiting on fbcode//privacy/schemas/tao/schemalib/lang:impl (cfg:opt-linux-x86_64-fbcode-platform010-clang19-no-san-opt-by-default#7bc20b5dff24e379) -- action (cxx_compile nopolicy_lightweightschema_shards/nopolicy_lightweightschema_shard80.cpp (pic)) [re_execute], and 201 other actions
[2026-01-19T19:40:12.498-08:00] Waiting on fbcode//tupperware/resourcebroker/if:resourcebroker-cpp2-services (cfg:opt-linux-x86_64-fbcode-platform010-clang19-no-san-opt-by-default#7bc20b5dff24e379) -- action (cxx_compile gen-cpp2/ResourceBroker.cpp (modular) (pic)) [local_execute], and 134 other actions
[2026-01-19T19:40:19.598-08:00] Waiting on fbcode//memcache/client:external_connection_helper (cfg:opt-linux-x86_64-fbcode-platform010-clang19-no-san-opt-by-default#7bc20b5dff24e379) -- action (cxx_compile ExternalConnectionHelper.cpp (pic)) [re_execute], and 99 other actions
[2026-01-19T19:40:26.698-08:00] Waiting on fbcode//caffe2:_libtorch (cfg:opt-linux-x86_64-fbcode-platform010-clang19-no-san-opt-by-default#7bc20b5dff24e379) -- action (cxx_compile torch/csrc/autograd/generated/VariableType_3.cpp (pic)) [re_execute], and 69 other actions
[2026-01-19T19:40:33.798-08:00] Waiting on fbcode//caffe2:_libtorch_cuda (cfg:opt-linux-x86_64-fbcode-platform010-clang19-no-san-opt-by-default#7bc20b5dff24e379) -- action (cuda_device_preproc_sm80 torch/csrc/distributed/c10d/symm_mem/nccl_extension.cu (pic)) [re_execute], and 43 other actions
[2026-01-19T19:40:40.898-08:00] Waiting on fbcode//caffe2:_libtorch_cuda (cfg:opt-linux-x86_64-fbcode-platform010-clang19-no-san-opt-by-default#7bc20b5dff24e379) -- action (cuda_device_preproc_sm80 torch/csrc/distributed/c10d/symm_mem/nccl_extension.cu (pic)) [re_execute], and 36 other actions
[2026-01-19T19:40:47.998-08:00] Waiting on fbcode//caffe2:_libtorch_cuda (cfg:opt-linux-x86_64-fbcode-platform010-clang19-no-san-opt-by-default#7bc20b5dff24e379) -- action (cuda_device_preproc_sm80 torch/csrc/distributed/c10d/symm_mem/nccl_extension.cu (pic)) [re_execute], and 26 other actions
[2026-01-19T19:40:54.998-08:00] Waiting on fbcode//memcache/client:external_connection_helper (cfg:opt-linux-x86_64-fbcode-platform010-clang19-no-san-opt-by-default#7bc20b5dff24e379) -- action (cxx_compile ExternalConnectionHelper.cpp (pic)) [re_execute], and 19 other actions
[2026-01-19T19:41:02.097-08:00] Waiting on fbcode//memcache/client:external_connection_helper (cfg:opt-linux-x86_64-fbcode-platform010-clang19-no-san-opt-by-default#7bc20b5dff24e379) -- action (cxx_compile ExternalConnectionHelper.cpp (pic)) [local_execute], and 10 other actions
[2026-01-19T19:41:09.098-08:00] Waiting on fbcode//warm_storage/client/prod:ws_file_api_lib (cfg:opt-linux-x86_64-fbcode-platform010-clang19-no-san-opt-by-default#7bc20b5dff24e379) -- action (cxx_compile File.cpp (pic)) [re_execute], and 3 other actions
[2026-01-19T19:41:16.197-08:00] Waiting on fbcode//warm_storage/client/prod:ws_file_api_lib (cfg:opt-linux-x86_64-fbcode-platform010-clang19-no-san-opt-by-default#7bc20b5dff24e379) -- action (cxx_compile File.cpp (pic)) [re_execute], and 2 other actions
[2026-01-19T19:41:23.198-08:00] Waiting on fbcode//warm_storage/client/prod:ws_file_api_lib (cfg:opt-linux-x86_64-fbcode-platform010-clang19-no-san-opt-by-default#7bc20b5dff24e379) -- action (cxx_compile File.cpp (pic)) [re_execute], and 2 other actions
[2026-01-19T19:41:30.298-08:00] Waiting on fbcode//warm_storage/client/prod/client_internal/file_system_client:file_system_client_factory (cfg:opt-linux-x86_64-fbcode-platform010-clang19-no-san-opt-by-default#7bc20b5dff24e379) -- action (cxx_compile FileSystemClientFactory.cpp (pic)) [re_execute]
[2026-01-19T19:41:37.397-08:00] Waiting on fbcode//warm_storage/client/prod/client_internal/file_system_client:file_system_client_factory (cfg:opt-linux-x86_64-fbcode-platform010-clang19-no-san-opt-by-default#7bc20b5dff24e379) -- action (cxx_compile FileSystemClientFactory.cpp (pic)) [re_execute]
[2026-01-19T19:41:44.497-08:00] Waiting on fbcode//warm_storage/client/prod/client_internal/file_system_client:file_system_client_factory (cfg:opt-linux-x86_64-fbcode-platform010-clang19-no-san-opt-by-default#7bc20b5dff24e379) -- action (cxx_compile FileSystemClientFactory.cpp (pic)) [re_execute]
[2026-01-19T19:41:51.498-08:00] Waiting on fbcode//warm_storage/client/prod/client_internal/file_system_client:file_system_client_factory (cfg:opt-linux-x86_64-fbcode-platform010-clang19-no-san-opt-by-default#7bc20b5dff24e379) -- action (cxx_compile FileSystemClientFactory.cpp (pic)) [re_execute]
[2026-01-19T19:41:58.599-08:00] Waiting on fbcode//buiksat_trm:upi_trm_train (cfg:opt-linux-x86_64-fbcode-platform010-clang19-no-san-opt-by-default#7bc20b5dff24e379) -- action (cxx_link_python_exe) [re_upload]
[2026-01-19T19:42:05.697-08:00] Waiting on fbcode//buiksat_trm:upi_trm_train (cfg:opt-linux-x86_64-fbcode-platform010-clang19-no-san-opt-by-default#7bc20b5dff24e379) -- action (cxx_link_python_exe) [re_upload]
[2026-01-19T19:42:12.797-08:00] Waiting on fbcode//buiksat_trm:upi_trm_train (cfg:opt-linux-x86_64-fbcode-platform010-clang19-no-san-opt-by-default#7bc20b5dff24e379) -- action (cxx_link_python_exe) [re_worker_download]
[2026-01-19T19:42:19.897-08:00] Waiting on fbcode//buiksat_trm:upi_trm_train (cfg:opt-linux-x86_64-fbcode-platform010-clang19-no-san-opt-by-default#7bc20b5dff24e379) -- action (cxx_link_python_exe) [local_execute]
[2026-01-19T19:42:26.898-08:00] Waiting on fbcode//buiksat_trm:upi_trm_train (cfg:opt-linux-x86_64-fbcode-platform010-clang19-no-san-opt-by-default#7bc20b5dff24e379) -- action (cxx_link_python_exe) [local_execute]
[2026-01-19T19:42:33.997-08:00] Waiting on fbcode//buiksat_trm:upi_trm_train (cfg:opt-linux-x86_64-fbcode-platform010-clang19-no-san-opt-by-default#7bc20b5dff24e379) -- action (cxx_link_python_exe) [local_execute]
[2026-01-19T19:42:41.097-08:00] Waiting on fbcode//buiksat_trm:upi_trm_train (cfg:opt-linux-x86_64-fbcode-platform010-clang19-no-san-opt-by-default#7bc20b5dff24e379) -- action (cxx_link_python_exe) [local_execute]
[2026-01-19T19:42:45.075-08:00] Cache hits: 69%
[2026-01-19T19:42:45.075-08:00] Commands: 7118 (cached: 4928, remote: 1978, local: 212)
[2026-01-19T19:42:45.075-08:00] Network: Up: 377MiB  Down: 556MiB  (reSessionID-b1d55685-f387-47ef-b2ee-f58a95b12fb2)
BUILD SUCCEEDED - starting your binary
[INFO] Using feasibility-aware Sudoku checker for 4x4
       score = filled - 2.0*violations - 5.0*zeroCand
       Max score: 16 (all filled, no violations)
[INFO] Training for 5000 steps (gamma=0.990, K=1, inner_unroll_n=2)
[INFO] Terminal rewards: solve=1.000, fail=-16.000
[INFO] Using TRM backbone (hidden=64, H=2, L=2)
[DEBUG] Policy head STOP bias: 0.00 (should be 0.0 for uniform init)
[INFO] Puzzle embeddings DISABLED (set --puzzle-emb-ndim > 0 to enable)
/data/repos/fbsource/buck-out/v2/gen/fbcode/7bc20b5dff24e379/buiksat_trm/__upi_trm_train__/upi_trm_train#link-tree/torch/cuda/__init__.py:373: UserWarning: Found GPU0 NVIDIA A100-PG509-200 which is of compute capability (CC) 8.0.
The following list shows the CCs this version of PyTorch was built for and the hardware CCs it supports:
Please follow the instructions at https://pytorch.org/get-started/locally/ to install a PyTorch release that supports one of these CUDA versions: 12.6, 12.8, 13.0
  _warn_unsupported_code(d, device_cc, code_ccs)
INFO:2026-01-19 19:42:54 3248945:3248945 CuptiCallbackApi.cpp:74] Callback: domain = 3, cbid = 1
INFO:2026-01-19 19:42:54 3248945:3248945 CuptiActivityProfiler.cpp:245] CUDA versions. CUPTI: 22; Runtime: 12040; Driver: 12040
INFO:2026-01-19 19:42:54 3248945:3311993 FBConfig.cpp:330] Perfetto builder enabled: 1
INFO:2026-01-19 19:42:54 3248945:3311993 DynoConfigLoader.cpp:61] Setting communication fabric enabled = 0
INFO:2026-01-19 19:42:54 3248945:3311993 DynoConfigLoader.cpp:61] Setting communication fabric enabled = 0
TritonTraceHandler: disabled because /logs does not exist
===========[FB_TRITON]=========== Triton Version: 3.3.2+fb
[INFO] Using UPI-TRM algorithm (K=1, inner_n=2)
[INFO] Checkpoint directory: checkpoints/rl_sudoku-4x4-trivial_seed123

============================================================
UPI-TRM THEORY ALIGNMENT CHECK
============================================================
⚠ Configuration has theory gaps:
  • enable_contraction=False disables spectral normalization (Assumption 4.2). L_z < 1 contraction not enforced.
  • exact_baseline_summation=False: Using approximate baseline. This gives O(ε_A/(1-γ)) bound instead of O(α·ε_A) from Theorem 5.9. For discrete action spaces (Sudoku), enable for tighter bounds.
  • theory_exact_mixture=False: Using parameter-space interpolation for CPI, which is NOT equivalent to policy-space mixture. The CPI improvement guarantee does not strictly apply. Set theory_exact_mixture=True for theory-exact behavior (but slower due to evaluating two networks).

Theory status:
  Forward-invariant projection: ✓
  Contraction enforced (L_z < 1): ✗
  Exact baseline (Thm 5.9): ✗
  Distillation (not in theory): ✓ disabled

Is theory-exact: False
============================================================

UPI-TRM theoretical dials:
  L_z target (rl_cfg.target_Lz): 0.9
  L_V target (rl_cfg.target_Lv): 1.0
  Inner unroll n (rl_cfg.inner_unroll_n): 2
  K-step horizon K (rl_cfg.K): 1
  Mixture alpha (rl_cfg.mixture_alpha): 0.1
  Latent ball radius (rl_cfg.latent_ball_radius): 10.0
  Episodic latent: True
  Exact K-step targets: False
  Exact baseline summation: False

[INFO] STOP action mode: disabled
[INFO] Forward-invariant projection enabled (R=10.0)
[WandB] Disabled by default (enable with: --wandb)
[DEBUG] Action mask: 12 valid actions out of 97 total
[DEBUG] Latent mode: episodic
[DEBUG] Step 0 probs: STOP=0.000000, edits=1.000000
[DEBUG] Top 5 action probs: torch.return_types.topk(
values=tensor([0.1189, 0.1044, 0.1024, 0.0923, 0.0856], device='cuda:0',
       grad_fn=<TopkBackward0>),
indices=tensor([ 9, 88, 21, 20, 10], device='cuda:0'))
[step 00050] value_loss=38.116238 policy_loss=0.392420
[step 00050] VALUE_DEBUG: target(mean=-0.91 std=6.22 min=-20.00 max=6.84) V(s)(mean=-0.94 std=0.24) reward(mean=-0.778 std=6.237) clip=50.0
[step 00100] value_loss=10.822019 policy_loss=-0.616408
[step 00100] VALUE_DEBUG: target(mean=-0.23 std=3.16 min=-6.68 max=6.84) V(s)(mean=-1.49 std=0.82) reward(mean=0.323 std=3.133) clip=50.0
[step 00100] eval_success_rate=0.280 eval_mean_score=13.120 eval_policy_mode=greedy [solved=14/50, score_range=6.00-16.00/16.0, initial=13.52]
[step 00100] PROGRESS: filled=14.62 violations=0.60 zero_cand=0.06
[step 00100] DEBUG: ep_len=11.2 ep_ret=-13.747 stop_prob=0.000 score_chg=-4.8400
[step 00150] value_loss=16.395531 policy_loss=-1.036867
[step 00150] VALUE_DEBUG: target(mean=-1.76 std=4.20 min=-14.02 max=6.84) V(s)(mean=-2.20 std=1.01) reward(mean=-0.792 std=4.244) clip=50.0
[step 00200] value_loss=21.862938 policy_loss=-0.812711
[step 00200] VALUE_DEBUG: target(mean=-2.46 std=4.92 min=-11.98 max=6.84) V(s)(mean=-2.34 std=1.71) reward(mean=-1.228 std=4.930) clip=50.0
[step 00200] eval_success_rate=0.320 eval_mean_score=14.280 eval_policy_mode=greedy [solved=16/50, score_range=6.00-16.00/16.0, initial=13.52]
[step 00200] PROGRESS: filled=14.56 violations=0.04 zero_cand=0.04
[step 00200] DEBUG: ep_len=10.3 ep_ret=-10.858 stop_prob=0.000 score_chg=-3.4800
[step 00250] value_loss=15.862360 policy_loss=-0.837386
[step 00250] VALUE_DEBUG: target(mean=-2.83 std=3.80 min=-8.30 max=6.84) V(s)(mean=-3.35 std=1.21) reward(mean=-0.617 std=3.804) clip=50.0
[step 00300] value_loss=19.074928 policy_loss=0.121058
[step 00300] VALUE_DEBUG: target(mean=-2.83 std=4.58 min=-16.00 max=6.84) V(s)(mean=-2.27 std=1.91) reward(mean=-0.882 std=4.548) clip=50.0
[step 00300] eval_success_rate=0.300 eval_mean_score=14.160 eval_policy_mode=greedy [solved=15/50, score_range=6.00-16.00/16.0, initial=13.52]
[step 00300] PROGRESS: filled=14.56 violations=0.10 zero_cand=0.04
[step 00300] DEBUG: ep_len=8.5 ep_ret=-5.784 stop_prob=0.000 score_chg=-0.6100
[step 00350] value_loss=24.779758 policy_loss=-0.730457
[step 00350] VALUE_DEBUG: target(mean=-2.94 std=5.60 min=-18.02 max=6.84) V(s)(mean=-3.00 std=2.47) reward(mean=-0.923 std=5.419) clip=50.0
[step 00400] value_loss=15.384730 policy_loss=-1.342675
[step 00400] VALUE_DEBUG: target(mean=-4.19 std=4.58 min=-16.04 max=2.78) V(s)(mean=-3.95 std=1.89) reward(mean=-1.219 std=4.522) clip=50.0
[step 00400] eval_success_rate=0.360 eval_mean_score=14.580 eval_policy_mode=greedy [solved=18/50, score_range=13.00-16.00/16.0, initial=13.52]
[step 00400] PROGRESS: filled=14.58 violations=0.00 zero_cand=0.00
[step 00400] DEBUG: ep_len=7.9 ep_ret=-4.662 stop_prob=0.000 score_chg=0.2825
[step 00450] value_loss=14.620009 policy_loss=0.516927
[step 00450] VALUE_DEBUG: target(mean=-3.61 std=5.34 min=-12.74 max=6.84) V(s)(mean=-3.69 std=2.83) reward(mean=-0.185 std=4.230) clip=50.0
[step 00500] value_loss=20.985838 policy_loss=0.722336
[step 00500] VALUE_DEBUG: target(mean=-6.27 std=5.34 min=-16.10 max=6.84) V(s)(mean=-5.58 std=2.06) reward(mean=-2.386 std=5.698) clip=50.0
[step 00500] eval_success_rate=0.360 eval_mean_score=14.640 eval_policy_mode=greedy [solved=18/50, score_range=13.00-16.00/16.0, initial=13.52]
[step 00500] PROGRESS: filled=14.64 violations=0.00 zero_cand=0.00
[step 00500] DEBUG: ep_len=7.3 ep_ret=-2.986 stop_prob=0.000 score_chg=1.1475
[step 00550] value_loss=19.570158 policy_loss=0.559564
[step 00550] VALUE_DEBUG: target(mean=-4.16 std=4.68 min=-22.04 max=3.85) V(s)(mean=-4.72 std=2.99) reward(mean=-0.359 std=4.931) clip=50.0
[step 00600] value_loss=16.662266 policy_loss=-0.156566
[step 00600] VALUE_DEBUG: target(mean=-5.05 std=4.31 min=-20.02 max=1.84) V(s)(mean=-4.72 std=2.40) reward(mean=-1.237 std=4.536) clip=50.0
[step 00600] eval_success_rate=0.380 eval_mean_score=14.660 eval_policy_mode=greedy [solved=19/50, score_range=13.00-16.00/16.0, initial=13.52]
[step 00600] PROGRESS: filled=14.66 violations=0.00 zero_cand=0.00
[step 00600] DEBUG: ep_len=7.0 ep_ret=-2.455 stop_prob=0.000 score_chg=1.3150
[step 00650] value_loss=10.847576 policy_loss=0.950608
[step 00650] VALUE_DEBUG: target(mean=-4.36 std=5.18 min=-16.14 max=6.84) V(s)(mean=-4.35 std=4.06) reward(mean=-0.282 std=3.849) clip=50.0
[step 00700] value_loss=13.824146 policy_loss=0.211029
[step 00700] VALUE_DEBUG: target(mean=-4.94 std=5.40 min=-16.55 max=6.84) V(s)(mean=-5.31 std=3.36) reward(mean=-0.401 std=3.342) clip=50.0
[step 00700] eval_success_rate=0.360 eval_mean_score=14.660 eval_policy_mode=greedy [solved=18/50, score_range=13.00-16.00/16.0, initial=13.52]
[step 00700] PROGRESS: filled=14.66 violations=0.00 zero_cand=0.00
[step 00700] DEBUG: ep_len=6.7 ep_ret=-1.674 stop_prob=0.000 score_chg=1.6450
[step 00750] value_loss=12.588179 policy_loss=0.095745
[step 00750] VALUE_DEBUG: target(mean=-6.10 std=4.81 min=-16.06 max=3.82) V(s)(mean=-5.74 std=3.23) reward(mean=-1.250 std=3.865) clip=50.0
[step 00800] value_loss=16.464586 policy_loss=0.369992
[step 00800] VALUE_DEBUG: target(mean=-3.52 std=5.22 min=-12.60 max=6.84) V(s)(mean=-4.75 std=3.33) reward(mean=0.555 std=3.532) clip=50.0
[step 00800] eval_success_rate=0.460 eval_mean_score=14.940 eval_policy_mode=greedy [solved=23/50, score_range=13.00-16.00/16.0, initial=13.52]
[step 00800] PROGRESS: filled=14.94 violations=0.00 zero_cand=0.00
[step 00800] DEBUG: ep_len=6.2 ep_ret=-1.404 stop_prob=0.000 score_chg=1.5475
[step 00850] value_loss=16.600222 policy_loss=-0.213154
[step 00850] VALUE_DEBUG: target(mean=-6.40 std=5.45 min=-16.15 max=6.84) V(s)(mean=-7.11 std=3.07) reward(mean=-0.715 std=5.043) clip=50.0
[step 00900] value_loss=11.439117 policy_loss=0.182242
[step 00900] VALUE_DEBUG: target(mean=-5.95 std=4.78 min=-12.87 max=6.84) V(s)(mean=-6.01 std=3.98) reward(mean=-0.477 std=3.082) clip=50.0
[step 00900] eval_success_rate=0.500 eval_mean_score=15.140 eval_policy_mode=greedy [solved=25/50, score_range=13.00-16.00/16.0, initial=13.52]
[step 00900] PROGRESS: filled=15.14 violations=0.00 zero_cand=0.00
[step 00900] DEBUG: ep_len=6.1 ep_ret=-0.889 stop_prob=0.000 score_chg=1.7400
[step 00950] value_loss=10.318066 policy_loss=0.179283
[step 00950] VALUE_DEBUG: target(mean=-6.00 std=4.26 min=-13.14 max=6.84) V(s)(mean=-6.10 std=3.07) reward(mean=-0.595 std=3.138) clip=50.0
[step 01000] value_loss=14.567573 policy_loss=1.303267
[step 01000] VALUE_DEBUG: target(mean=-5.25 std=5.14 min=-15.12 max=5.91) V(s)(mean=-5.19 std=3.99) reward(mean=-0.193 std=3.512) clip=50.0
[step 01000] eval_success_rate=0.560 eval_mean_score=15.060 eval_policy_mode=greedy [solved=28/50, score_range=13.00-16.00/16.0, initial=13.52]
[step 01000] PROGRESS: filled=15.06 violations=0.00 zero_cand=0.00
[step 01000] DEBUG: ep_len=5.6 ep_ret=-0.494 stop_prob=0.000 score_chg=1.8050
[Checkpoint] Saved to checkpoints/rl_sudoku-4x4-trivial_seed123/rl_checkpoint_step_1000.pt
[step 01050] value_loss=10.208667 policy_loss=0.271890
[step 01050] VALUE_DEBUG: target(mean=-6.93 std=5.45 min=-16.71 max=6.84) V(s)(mean=-5.87 std=3.96) reward(mean=-0.759 std=3.978) clip=50.0
[step 01100] value_loss=7.949491 policy_loss=1.125755
[step 01100] VALUE_DEBUG: target(mean=-4.07 std=5.02 min=-16.01 max=6.84) V(s)(mean=-5.14 std=3.80) reward(mean=0.568 std=2.726) clip=50.0
[step 01100] eval_success_rate=0.600 eval_mean_score=15.280 eval_policy_mode=greedy [solved=30/50, score_range=13.00-16.00/16.0, initial=13.52]
[step 01100] PROGRESS: filled=15.28 violations=0.00 zero_cand=0.00
[step 01100] DEBUG: ep_len=5.6 ep_ret=0.175 stop_prob=0.000 score_chg=2.0825
[step 01150] value_loss=5.962073 policy_loss=0.335659
[step 01150] VALUE_DEBUG: target(mean=-5.69 std=5.15 min=-16.14 max=6.84) V(s)(mean=-5.96 std=4.22) reward(mean=-0.217 std=3.556) clip=50.0
[step 01200] value_loss=5.227593 policy_loss=0.042282
[step 01200] VALUE_DEBUG: target(mean=-6.05 std=4.92 min=-17.23 max=2.65) V(s)(mean=-6.23 std=4.00) reward(mean=0.259 std=2.090) clip=50.0
[step 01200] eval_success_rate=0.660 eval_mean_score=15.440 eval_policy_mode=greedy [solved=33/50, score_range=13.00-16.00/16.0, initial=13.52]
[step 01200] PROGRESS: filled=15.44 violations=0.00 zero_cand=0.00
[step 01200] DEBUG: ep_len=5.2 ep_ret=0.602 stop_prob=0.000 score_chg=2.1800
[step 01250] value_loss=13.203835 policy_loss=0.649277
[step 01250] VALUE_DEBUG: target(mean=-4.08 std=6.20 min=-21.09 max=6.84) V(s)(mean=-3.75 std=4.25) reward(mean=-0.426 std=5.035) clip=50.0
[step 01300] value_loss=16.970791 policy_loss=-1.524860
[step 01300] VALUE_DEBUG: target(mean=-5.64 std=6.63 min=-16.41 max=6.84) V(s)(mean=-6.66 std=4.85) reward(mean=-0.054 std=3.938) clip=50.0
[step 01300] eval_success_rate=0.660 eval_mean_score=15.400 eval_policy_mode=greedy [solved=33/50, score_range=13.00-16.00/16.0, initial=13.52]
[step 01300] PROGRESS: filled=15.40 violations=0.00 zero_cand=0.00
[step 01300] DEBUG: ep_len=4.6 ep_ret=1.250 stop_prob=0.000 score_chg=2.1500
[step 01350] value_loss=15.029718 policy_loss=0.169603
[step 01350] VALUE_DEBUG: target(mean=-6.77 std=5.59 min=-17.57 max=8.53) V(s)(mean=-6.57 std=4.06) reward(mean=-0.512 std=4.034) clip=50.0
[step 01400] value_loss=19.398434 policy_loss=0.453538
[step 01400] VALUE_DEBUG: target(mean=-5.42 std=6.71 min=-22.09 max=7.83) V(s)(mean=-5.22 std=4.80) reward(mean=-0.759 std=5.676) clip=50.0
[step 01400] eval_success_rate=0.700 eval_mean_score=15.420 eval_policy_mode=greedy [solved=35/50, score_range=13.00-16.00/16.0, initial=13.52]
[step 01400] PROGRESS: filled=15.42 violations=0.00 zero_cand=0.00
[step 01400] DEBUG: ep_len=4.6 ep_ret=1.120 stop_prob=0.000 score_chg=2.0025
[step 01450] value_loss=12.667244 policy_loss=-0.526056
[step 01450] VALUE_DEBUG: target(mean=-6.00 std=6.26 min=-18.02 max=2.12) V(s)(mean=-5.59 std=5.72) reward(mean=-0.682 std=4.076) clip=50.0
[step 01500] value_loss=9.947319 policy_loss=0.385991
[step 01500] VALUE_DEBUG: target(mean=-5.77 std=5.67 min=-19.70 max=1.84) V(s)(mean=-5.67 std=4.87) reward(mean=-0.274 std=2.703) clip=50.0
[step 01500] eval_success_rate=0.760 eval_mean_score=15.620 eval_policy_mode=greedy [solved=38/50, score_range=13.00-16.00/16.0, initial=13.52]
[step 01500] PROGRESS: filled=15.62 violations=0.00 zero_cand=0.00
[step 01500] DEBUG: ep_len=4.3 ep_ret=1.284 stop_prob=0.000 score_chg=2.1425
[step 01550] value_loss=8.464884 policy_loss=0.075486
[step 01550] VALUE_DEBUG: target(mean=-6.20 std=7.26 min=-19.27 max=6.84) V(s)(mean=-5.40 std=6.63) reward(mean=-1.240 std=5.287) clip=50.0
[step 01600] value_loss=13.239835 policy_loss=-0.095020
[step 01600] VALUE_DEBUG: target(mean=-7.34 std=5.95 min=-17.79 max=4.18) V(s)(mean=-6.20 std=5.05) reward(mean=-2.576 std=5.111) clip=50.0
[step 01600] eval_success_rate=0.800 eval_mean_score=15.560 eval_policy_mode=greedy [solved=40/50, score_range=13.00-16.00/16.0, initial=13.52]
[step 01600] PROGRESS: filled=15.56 violations=0.00 zero_cand=0.00
[step 01600] DEBUG: ep_len=4.6 ep_ret=1.245 stop_prob=0.000 score_chg=2.2775
[step 01650] value_loss=13.678520 policy_loss=0.046409
[step 01650] VALUE_DEBUG: target(mean=-4.19 std=5.78 min=-16.92 max=6.84) V(s)(mean=-3.45 std=4.27) reward(mean=-0.449 std=3.280) clip=50.0
[step 01700] value_loss=21.946941 policy_loss=-0.057313
[step 01700] VALUE_DEBUG: target(mean=-5.31 std=8.25 min=-22.38 max=8.81) V(s)(mean=-6.21 std=5.73) reward(mean=0.549 std=4.396) clip=50.0
[step 01700] eval_success_rate=0.800 eval_mean_score=15.720 eval_policy_mode=greedy [solved=40/50, score_range=14.00-16.00/16.0, initial=13.52]
[step 01700] PROGRESS: filled=15.72 violations=0.00 zero_cand=0.00
[step 01700] DEBUG: ep_len=3.9 ep_ret=1.748 stop_prob=0.000 score_chg=2.2200
[step 01750] value_loss=19.779282 policy_loss=0.501159
[step 01750] VALUE_DEBUG: target(mean=-6.00 std=6.13 min=-16.58 max=6.84) V(s)(mean=-5.33 std=4.05) reward(mean=-0.781 std=4.903) clip=50.0
[step 01800] value_loss=11.611183 policy_loss=-0.021750
[step 01800] VALUE_DEBUG: target(mean=-5.99 std=5.72 min=-17.31 max=3.72) V(s)(mean=-5.32 std=4.12) reward(mean=-0.831 std=3.580) clip=50.0
[step 01800] eval_success_rate=0.840 eval_mean_score=15.680 eval_policy_mode=greedy [solved=42/50, score_range=13.00-16.00/16.0, initial=13.52]
[step 01800] PROGRESS: filled=15.68 violations=0.00 zero_cand=0.00
[step 01800] DEBUG: ep_len=4.2 ep_ret=1.194 stop_prob=0.000 score_chg=2.1250
[step 01850] value_loss=6.817535 policy_loss=0.626010
[step 01850] VALUE_DEBUG: target(mean=-5.61 std=6.19 min=-14.58 max=6.84) V(s)(mean=-6.11 std=5.52) reward(mean=0.700 std=2.576) clip=50.0
[step 01900] value_loss=21.412310 policy_loss=-0.635368
[step 01900] VALUE_DEBUG: target(mean=-5.71 std=6.14 min=-19.64 max=6.84) V(s)(mean=-6.13 std=4.42) reward(mean=0.249 std=4.072) clip=50.0
[step 01900] eval_success_rate=0.800 eval_mean_score=15.660 eval_policy_mode=greedy [solved=40/50, score_range=13.00-16.00/16.0, initial=13.52]
[step 01900] PROGRESS: filled=15.66 violations=0.00 zero_cand=0.00
[step 01900] DEBUG: ep_len=4.2 ep_ret=1.694 stop_prob=0.000 score_chg=2.4300
[step 01950] value_loss=7.950047 policy_loss=0.386504
[step 01950] VALUE_DEBUG: target(mean=-4.16 std=6.70 min=-17.82 max=10.04) V(s)(mean=-4.80 std=5.07) reward(mean=0.976 std=2.806) clip=50.0
[step 02000] value_loss=16.140587 policy_loss=0.445795
[step 02000] VALUE_DEBUG: target(mean=-4.78 std=6.45 min=-19.26 max=6.84) V(s)(mean=-5.84 std=4.85) reward(mean=0.176 std=3.003) clip=50.0
[step 02000] eval_success_rate=0.920 eval_mean_score=15.840 eval_policy_mode=greedy [solved=46/50, score_range=14.00-16.00/16.0, initial=13.52]
[step 02000] PROGRESS: filled=15.84 violations=0.00 zero_cand=0.00
[step 02000] DEBUG: ep_len=4.4 ep_ret=1.405 stop_prob=0.000 score_chg=2.3250
[Checkpoint] Saved to checkpoints/rl_sudoku-4x4-trivial_seed123/rl_checkpoint_step_2000.pt
[step 02050] value_loss=13.333202 policy_loss=-0.407208
[step 02050] VALUE_DEBUG: target(mean=-4.34 std=6.32 min=-16.64 max=6.84) V(s)(mean=-4.72 std=4.80) reward(mean=0.164 std=2.882) clip=50.0
[step 02100] value_loss=15.450464 policy_loss=-0.364394
[step 02100] VALUE_DEBUG: target(mean=-5.79 std=7.40 min=-24.44 max=6.84) V(s)(mean=-5.86 std=5.99) reward(mean=-0.215 std=5.239) clip=50.0
[step 02100] eval_success_rate=0.860 eval_mean_score=15.740 eval_policy_mode=greedy [solved=43/50, score_range=13.00-16.00/16.0, initial=13.52]
[step 02100] PROGRESS: filled=15.74 violations=0.00 zero_cand=0.00
[step 02100] DEBUG: ep_len=3.6 ep_ret=1.739 stop_prob=0.000 score_chg=2.2125
[step 02150] value_loss=22.154337 policy_loss=0.486815
[step 02150] VALUE_DEBUG: target(mean=-4.40 std=5.47 min=-15.46 max=6.84) V(s)(mean=-5.08 std=5.31) reward(mean=0.260 std=2.972) clip=50.0
[step 02200] value_loss=6.440831 policy_loss=0.554182
[step 02200] VALUE_DEBUG: target(mean=-3.94 std=6.36 min=-16.08 max=6.84) V(s)(mean=-4.36 std=5.76) reward(mean=0.195 std=3.850) clip=50.0
[step 02200] eval_success_rate=0.900 eval_mean_score=15.820 eval_policy_mode=greedy [solved=45/50, score_range=13.00-16.00/16.0, initial=13.52]
[step 02200] PROGRESS: filled=15.82 violations=0.00 zero_cand=0.00
[step 02200] DEBUG: ep_len=3.9 ep_ret=1.346 stop_prob=0.000 score_chg=2.0625
[step 02250] value_loss=14.567345 policy_loss=-0.586314
[step 02250] VALUE_DEBUG: target(mean=-5.49 std=6.76 min=-25.37 max=3.74) V(s)(mean=-5.06 std=5.33) reward(mean=-0.297 std=4.069) clip=50.0
[step 02300] value_loss=3.147034 policy_loss=-0.734104
[step 02300] VALUE_DEBUG: target(mean=-5.36 std=6.49 min=-15.74 max=7.10) V(s)(mean=-5.24 std=6.36) reward(mean=0.354 std=2.499) clip=50.0
[step 02300] eval_success_rate=0.900 eval_mean_score=15.820 eval_policy_mode=greedy [solved=45/50, score_range=13.00-16.00/16.0, initial=13.52]
[step 02300] PROGRESS: filled=15.82 violations=0.00 zero_cand=0.00
[step 02300] DEBUG: ep_len=3.7 ep_ret=1.876 stop_prob=0.000 score_chg=2.2325
[step 02350] value_loss=22.256323 policy_loss=-1.917755
[step 02350] VALUE_DEBUG: target(mean=-5.35 std=6.88 min=-16.10 max=6.84) V(s)(mean=-4.92 std=6.18) reward(mean=-0.220 std=4.772) clip=50.0
[step 02400] value_loss=10.775287 policy_loss=0.957479
[step 02400] VALUE_DEBUG: target(mean=-3.64 std=6.32 min=-22.04 max=6.84) V(s)(mean=-3.73 std=5.10) reward(mean=-0.840 std=5.173) clip=50.0
[step 02400] eval_success_rate=0.880 eval_mean_score=15.840 eval_policy_mode=greedy [solved=44/50, score_range=14.00-16.00/16.0, initial=13.52]
[step 02400] PROGRESS: filled=15.84 violations=0.00 zero_cand=0.00
[step 02400] DEBUG: ep_len=3.5 ep_ret=2.206 stop_prob=0.000 score_chg=2.3700
[step 02450] value_loss=7.724278 policy_loss=-0.064255
[step 02450] VALUE_DEBUG: target(mean=-3.54 std=7.20 min=-16.15 max=11.61) V(s)(mean=-4.52 std=6.05) reward(mean=0.322 std=3.762) clip=50.0
[step 02500] value_loss=5.592245 policy_loss=0.146666
[step 02500] VALUE_DEBUG: target(mean=-3.63 std=6.73 min=-16.28 max=2.88) V(s)(mean=-4.42 std=6.53) reward(mean=0.306 std=1.836) clip=50.0
[step 02500] eval_success_rate=0.880 eval_mean_score=15.880 eval_policy_mode=greedy [solved=44/50, score_range=15.00-16.00/16.0, initial=13.52]
[step 02500] PROGRESS: filled=15.88 violations=0.00 zero_cand=0.00
[step 02500] DEBUG: ep_len=3.4 ep_ret=2.274 stop_prob=0.000 score_chg=2.3975
[step 02550] value_loss=10.819409 policy_loss=0.589355
[step 02550] VALUE_DEBUG: target(mean=-4.91 std=6.00 min=-16.10 max=2.73) V(s)(mean=-3.69 std=5.66) reward(mean=-2.087 std=4.899) clip=50.0
[step 02600] value_loss=11.177614 policy_loss=0.163935
[step 02600] VALUE_DEBUG: target(mean=-2.70 std=6.49 min=-17.62 max=6.84) V(s)(mean=-2.04 std=5.99) reward(mean=-0.611 std=4.604) clip=50.0
[step 02600] eval_success_rate=0.920 eval_mean_score=15.880 eval_policy_mode=greedy [solved=46/50, score_range=14.00-16.00/16.0, initial=13.52]
[step 02600] PROGRESS: filled=15.88 violations=0.00 zero_cand=0.00
[step 02600] DEBUG: ep_len=3.4 ep_ret=2.073 stop_prob=0.000 score_chg=2.2750
[step 02650] value_loss=17.254395 policy_loss=0.620666
[step 02650] VALUE_DEBUG: target(mean=-4.21 std=6.52 min=-16.10 max=2.94) V(s)(mean=-3.41 std=5.64) reward(mean=-1.000 std=4.644) clip=50.0
[step 02700] value_loss=5.390050 policy_loss=-0.382920
[step 02700] VALUE_DEBUG: target(mean=-3.55 std=5.04 min=-15.55 max=6.84) V(s)(mean=-3.56 std=4.33) reward(mean=0.258 std=2.404) clip=50.0
[step 02700] eval_success_rate=0.920 eval_mean_score=15.880 eval_policy_mode=greedy [solved=46/50, score_range=14.00-16.00/16.0, initial=13.52]
[step 02700] PROGRESS: filled=15.88 violations=0.00 zero_cand=0.00
[step 02700] DEBUG: ep_len=3.3 ep_ret=2.380 stop_prob=0.000 score_chg=2.3125
[step 02750] value_loss=7.933983 policy_loss=-0.261255
[step 02750] VALUE_DEBUG: target(mean=-5.36 std=6.64 min=-16.44 max=2.63) V(s)(mean=-5.05 std=6.55) reward(mean=-1.556 std=4.546) clip=50.0
[step 02800] value_loss=16.671341 policy_loss=0.268765
[step 02800] VALUE_DEBUG: target(mean=-3.05 std=6.12 min=-17.98 max=6.84) V(s)(mean=-2.60 std=5.03) reward(mean=-0.177 std=3.842) clip=50.0
[step 02800] eval_success_rate=0.920 eval_mean_score=15.920 eval_policy_mode=greedy [solved=46/50, score_range=15.00-16.00/16.0, initial=13.52]
[step 02800] PROGRESS: filled=15.92 violations=0.00 zero_cand=0.00
[step 02800] DEBUG: ep_len=3.4 ep_ret=2.434 stop_prob=0.000 score_chg=2.4700
[step 02850] value_loss=9.063051 policy_loss=-0.515286
[step 02850] VALUE_DEBUG: target(mean=-1.53 std=6.44 min=-16.46 max=7.33) V(s)(mean=-2.32 std=5.84) reward(mean=0.690 std=4.144) clip=50.0
[step 02900] value_loss=12.273969 policy_loss=-0.384388
[step 02900] VALUE_DEBUG: target(mean=-2.97 std=6.25 min=-16.45 max=5.99) V(s)(mean=-1.79 std=5.66) reward(mean=-0.757 std=3.370) clip=50.0
[step 02900] eval_success_rate=0.960 eval_mean_score=15.960 eval_policy_mode=greedy [solved=48/50, score_range=15.00-16.00/16.0, initial=13.52]
[step 02900] PROGRESS: filled=15.96 violations=0.00 zero_cand=0.00
[step 02900] DEBUG: ep_len=3.4 ep_ret=2.254 stop_prob=0.000 score_chg=2.3650
[step 02950] value_loss=11.778327 policy_loss=-0.411981
[step 02950] VALUE_DEBUG: target(mean=-4.95 std=7.82 min=-22.09 max=6.84) V(s)(mean=-4.32 std=6.97) reward(mean=-1.376 std=5.860) clip=50.0
[step 03000] value_loss=12.605597 policy_loss=0.777170
[step 03000] VALUE_DEBUG: target(mean=-3.85 std=7.39 min=-19.54 max=8.17) V(s)(mean=-3.48 std=5.72) reward(mean=-0.183 std=4.277) clip=50.0
[step 03000] eval_success_rate=0.880 eval_mean_score=15.760 eval_policy_mode=greedy [solved=44/50, score_range=13.00-16.00/16.0, initial=13.52]
[step 03000] PROGRESS: filled=15.76 violations=0.00 zero_cand=0.00
[step 03000] DEBUG: ep_len=3.3 ep_ret=2.384 stop_prob=0.000 score_chg=2.3475
[Checkpoint] Saved to checkpoints/rl_sudoku-4x4-trivial_seed123/rl_checkpoint_step_3000.pt
[step 03050] value_loss=5.487022 policy_loss=0.341275
[step 03050] VALUE_DEBUG: target(mean=-1.99 std=4.43 min=-14.26 max=3.68) V(s)(mean=-2.12 std=4.14) reward(mean=0.062 std=3.047) clip=50.0
[step 03100] value_loss=7.684246 policy_loss=0.847289
[step 03100] VALUE_DEBUG: target(mean=-1.45 std=4.86 min=-16.68 max=4.44) V(s)(mean=-2.01 std=5.15) reward(mean=0.633 std=2.445) clip=50.0
[step 03100] eval_success_rate=0.940 eval_mean_score=15.900 eval_policy_mode=greedy [solved=47/50, score_range=14.00-16.00/16.0, initial=13.52]
[step 03100] PROGRESS: filled=15.90 violations=0.00 zero_cand=0.00
[step 03100] DEBUG: ep_len=3.5 ep_ret=2.317 stop_prob=0.000 score_chg=2.4050
[step 03150] value_loss=8.972639 policy_loss=-0.103296
[step 03150] VALUE_DEBUG: target(mean=-2.73 std=6.34 min=-16.80 max=2.20) V(s)(mean=-2.40 std=5.88) reward(mean=-0.352 std=3.801) clip=50.0
[step 03200] value_loss=16.948162 policy_loss=0.335099
[step 03200] VALUE_DEBUG: target(mean=-2.77 std=6.54 min=-21.02 max=8.22) V(s)(mean=-2.15 std=5.13) reward(mean=-0.795 std=3.692) clip=50.0
[step 03200] eval_success_rate=0.900 eval_mean_score=15.900 eval_policy_mode=greedy [solved=45/50, score_range=15.00-16.00/16.0, initial=13.52]
[step 03200] PROGRESS: filled=15.90 violations=0.00 zero_cand=0.00
[step 03200] DEBUG: ep_len=3.4 ep_ret=2.535 stop_prob=0.000 score_chg=2.4325
[step 03250] value_loss=9.186090 policy_loss=-0.070914
[step 03250] VALUE_DEBUG: target(mean=-1.81 std=6.16 min=-15.89 max=9.47) V(s)(mean=-2.31 std=5.14) reward(mean=1.025 std=2.847) clip=50.0
[step 03300] value_loss=9.417034 policy_loss=0.219607
[step 03300] VALUE_DEBUG: target(mean=-3.46 std=7.11 min=-17.01 max=6.45) V(s)(mean=-3.33 std=6.29) reward(mean=-0.247 std=4.038) clip=50.0
[step 03300] eval_success_rate=0.880 eval_mean_score=15.840 eval_policy_mode=greedy [solved=44/50, score_range=14.00-16.00/16.0, initial=13.52]
[step 03300] PROGRESS: filled=15.84 violations=0.00 zero_cand=0.00
[step 03300] DEBUG: ep_len=3.6 ep_ret=2.115 stop_prob=0.000 score_chg=2.3350
[step 03350] value_loss=6.874156 policy_loss=-0.391972
[step 03350] VALUE_DEBUG: target(mean=-5.25 std=7.38 min=-17.03 max=7.48) V(s)(mean=-5.09 std=7.22) reward(mean=0.002 std=2.578) clip=50.0
[step 03400] value_loss=17.073051 policy_loss=0.058649
[step 03400] VALUE_DEBUG: target(mean=-5.19 std=8.48 min=-22.58 max=6.84) V(s)(mean=-4.87 std=7.33) reward(mean=-0.785 std=4.237) clip=50.0
[step 03400] eval_success_rate=0.920 eval_mean_score=15.880 eval_policy_mode=greedy [solved=46/50, score_range=14.00-16.00/16.0, initial=13.52]
[step 03400] PROGRESS: filled=15.88 violations=0.00 zero_cand=0.00
[step 03400] DEBUG: ep_len=3.7 ep_ret=2.045 stop_prob=0.000 score_chg=2.3175
[step 03450] value_loss=18.309248 policy_loss=0.289166
[step 03450] VALUE_DEBUG: target(mean=-1.76 std=7.18 min=-16.99 max=11.60) V(s)(mean=-1.55 std=5.35) reward(mean=-0.084 std=4.453) clip=50.0
[step 03500] value_loss=7.830822 policy_loss=0.738728
[step 03500] VALUE_DEBUG: target(mean=-0.41 std=5.41 min=-16.13 max=7.25) V(s)(mean=-1.34 std=5.37) reward(mean=0.593 std=1.552) clip=50.0
[step 03500] eval_success_rate=0.920 eval_mean_score=15.920 eval_policy_mode=greedy [solved=46/50, score_range=15.00-16.00/16.0, initial=13.52]
[step 03500] PROGRESS: filled=15.92 violations=0.00 zero_cand=0.00
[step 03500] DEBUG: ep_len=3.8 ep_ret=2.037 stop_prob=0.000 score_chg=2.4175
[step 03550] value_loss=11.889225 policy_loss=-0.152842
[step 03550] VALUE_DEBUG: target(mean=-2.76 std=7.50 min=-17.23 max=6.84) V(s)(mean=-3.44 std=6.61) reward(mean=0.117 std=4.461) clip=50.0
[step 03600] value_loss=7.170981 policy_loss=0.362063
[step 03600] VALUE_DEBUG: target(mean=-2.61 std=7.13 min=-19.41 max=7.33) V(s)(mean=-2.69 std=6.38) reward(mean=0.385 std=2.874) clip=50.0
[step 03600] eval_success_rate=0.920 eval_mean_score=15.880 eval_policy_mode=greedy [solved=46/50, score_range=14.00-16.00/16.0, initial=13.52]
[step 03600] PROGRESS: filled=15.88 violations=0.00 zero_cand=0.00
[step 03600] DEBUG: ep_len=3.8 ep_ret=1.666 stop_prob=0.000 score_chg=2.2600
[step 03650] value_loss=4.266984 policy_loss=0.352286
[step 03650] VALUE_DEBUG: target(mean=-4.23 std=7.43 min=-22.63 max=2.17) V(s)(mean=-4.12 std=6.88) reward(mean=-0.248 std=2.379) clip=50.0
[step 03700] value_loss=6.789016 policy_loss=0.553092
[step 03700] VALUE_DEBUG: target(mean=-3.74 std=6.77 min=-17.32 max=6.84) V(s)(mean=-3.11 std=6.20) reward(mean=-0.466 std=2.776) clip=50.0
[step 03700] eval_success_rate=0.920 eval_mean_score=15.880 eval_policy_mode=greedy [solved=46/50, score_range=14.00-16.00/16.0, initial=13.52]
[step 03700] PROGRESS: filled=15.88 violations=0.00 zero_cand=0.00
[step 03700] DEBUG: ep_len=3.5 ep_ret=2.617 stop_prob=0.000 score_chg=2.4475
[step 03750] value_loss=12.680032 policy_loss=0.746463
[step 03750] VALUE_DEBUG: target(mean=-3.74 std=7.42 min=-18.27 max=7.47) V(s)(mean=-3.14 std=6.60) reward(mean=-1.152 std=4.754) clip=50.0
[step 03800] value_loss=40.594757 policy_loss=-0.165620
[step 03800] VALUE_DEBUG: target(mean=-2.43 std=6.97 min=-18.06 max=7.80) V(s)(mean=-1.67 std=5.86) reward(mean=-0.739 std=5.012) clip=50.0
[step 03800] eval_success_rate=0.920 eval_mean_score=15.880 eval_policy_mode=greedy [solved=46/50, score_range=14.00-16.00/16.0, initial=13.52]
[step 03800] PROGRESS: filled=15.88 violations=0.00 zero_cand=0.00
[step 03800] DEBUG: ep_len=3.4 ep_ret=2.307 stop_prob=0.000 score_chg=2.3850
[step 03850] value_loss=20.033436 policy_loss=-0.201665
[step 03850] VALUE_DEBUG: target(mean=-1.30 std=5.59 min=-16.10 max=6.84) V(s)(mean=-1.38 std=4.51) reward(mean=0.222 std=3.999) clip=50.0
[step 03900] value_loss=5.712176 policy_loss=-0.374861
[step 03900] VALUE_DEBUG: target(mean=-2.59 std=6.50 min=-17.15 max=4.19) V(s)(mean=-2.29 std=6.89) reward(mean=-1.467 std=4.530) clip=50.0
[step 03900] eval_success_rate=0.920 eval_mean_score=15.920 eval_policy_mode=greedy [solved=46/50, score_range=15.00-16.00/16.0, initial=13.52]
[step 03900] PROGRESS: filled=15.92 violations=0.00 zero_cand=0.00
[step 03900] DEBUG: ep_len=3.3 ep_ret=2.601 stop_prob=0.000 score_chg=2.4525
[step 03950] value_loss=12.609301 policy_loss=-0.094171
[step 03950] VALUE_DEBUG: target(mean=-1.85 std=6.95 min=-17.22 max=9.03) V(s)(mean=-2.31 std=6.16) reward(mean=1.024 std=3.800) clip=50.0
[step 04000] value_loss=6.020304 policy_loss=0.362605
[step 04000] VALUE_DEBUG: target(mean=-1.89 std=6.80 min=-20.27 max=5.60) V(s)(mean=-2.49 std=5.90) reward(mean=0.337 std=2.274) clip=50.0
[step 04000] eval_success_rate=0.960 eval_mean_score=15.960 eval_policy_mode=greedy [solved=48/50, score_range=15.00-16.00/16.0, initial=13.52]
[step 04000] PROGRESS: filled=15.96 violations=0.00 zero_cand=0.00
[step 04000] DEBUG: ep_len=3.0 ep_ret=2.690 stop_prob=0.000 score_chg=2.3750
[Checkpoint] Saved to checkpoints/rl_sudoku-4x4-trivial_seed123/rl_checkpoint_step_4000.pt
[step 04050] value_loss=7.982696 policy_loss=0.013916
[step 04050] VALUE_DEBUG: target(mean=-3.71 std=7.41 min=-19.23 max=6.84) V(s)(mean=-3.72 std=6.84) reward(mean=-0.076 std=3.533) clip=50.0
[step 04100] value_loss=12.169456 policy_loss=-0.285694
[step 04100] VALUE_DEBUG: target(mean=-0.97 std=5.99 min=-16.09 max=6.84) V(s)(mean=-0.04 std=4.30) reward(mean=-0.828 std=4.258) clip=50.0
[step 04100] eval_success_rate=0.960 eval_mean_score=15.960 eval_policy_mode=greedy [solved=48/50, score_range=15.00-16.00/16.0, initial=13.52]
[step 04100] PROGRESS: filled=15.96 violations=0.00 zero_cand=0.00
[step 04100] DEBUG: ep_len=3.6 ep_ret=2.287 stop_prob=0.000 score_chg=2.4700
[step 04150] value_loss=7.511902 policy_loss=-0.416116
[step 04150] VALUE_DEBUG: target(mean=-2.79 std=6.07 min=-18.25 max=6.96) V(s)(mean=-2.64 std=5.33) reward(mean=-0.148 std=2.719) clip=50.0
[step 04200] value_loss=5.562686 policy_loss=0.158968
[step 04200] VALUE_DEBUG: target(mean=-3.26 std=7.02 min=-20.66 max=7.92) V(s)(mean=-2.89 std=6.13) reward(mean=0.123 std=2.913) clip=50.0
[step 04200] eval_success_rate=0.960 eval_mean_score=15.960 eval_policy_mode=greedy [solved=48/50, score_range=15.00-16.00/16.0, initial=13.52]
[step 04200] PROGRESS: filled=15.96 violations=0.00 zero_cand=0.00
[step 04200] DEBUG: ep_len=3.2 ep_ret=2.193 stop_prob=0.000 score_chg=2.2375
[step 04250] value_loss=15.312239 policy_loss=-0.559958
[step 04250] VALUE_DEBUG: target(mean=-1.51 std=7.77 min=-17.06 max=9.99) V(s)(mean=-1.97 std=6.07) reward(mean=0.275 std=5.186) clip=50.0
[step 04300] value_loss=5.107016 policy_loss=0.738424
[step 04300] VALUE_DEBUG: target(mean=0.15 std=4.97 min=-16.77 max=6.94) V(s)(mean=-0.56 std=4.87) reward(mean=0.374 std=2.262) clip=50.0
[step 04300] eval_success_rate=0.960 eval_mean_score=15.960 eval_policy_mode=greedy [solved=48/50, score_range=15.00-16.00/16.0, initial=13.52]
[step 04300] PROGRESS: filled=15.96 violations=0.00 zero_cand=0.00
[step 04300] DEBUG: ep_len=3.4 ep_ret=2.322 stop_prob=0.000 score_chg=2.3950
[step 04350] value_loss=8.847975 policy_loss=0.166365
[step 04350] VALUE_DEBUG: target(mean=-3.56 std=7.18 min=-16.15 max=6.36) V(s)(mean=-3.46 std=7.24) reward(mean=-0.434 std=4.139) clip=50.0
[step 04400] value_loss=3.665830 policy_loss=-0.713805
[step 04400] VALUE_DEBUG: target(mean=-0.42 std=6.53 min=-17.21 max=6.84) V(s)(mean=-1.32 std=6.25) reward(mean=1.059 std=1.933) clip=50.0
[step 04400] eval_success_rate=0.960 eval_mean_score=15.960 eval_policy_mode=greedy [solved=48/50, score_range=15.00-16.00/16.0, initial=13.52]
[step 04400] PROGRESS: filled=15.96 violations=0.00 zero_cand=0.00
[step 04400] DEBUG: ep_len=3.4 ep_ret=2.473 stop_prob=0.000 score_chg=2.4125
[step 04450] value_loss=5.037100 policy_loss=0.339141
[step 04450] VALUE_DEBUG: target(mean=-0.76 std=5.62 min=-16.10 max=7.64) V(s)(mean=-0.95 std=5.28) reward(mean=0.085 std=3.649) clip=50.0
[step 04500] value_loss=11.910246 policy_loss=0.127941
[step 04500] VALUE_DEBUG: target(mean=1.64 std=4.95 min=-17.20 max=7.63) V(s)(mean=0.56 std=4.18) reward(mean=1.284 std=2.889) clip=50.0
[step 04500] eval_success_rate=0.960 eval_mean_score=15.960 eval_policy_mode=greedy [solved=48/50, score_range=15.00-16.00/16.0, initial=13.52]
[step 04500] PROGRESS: filled=15.96 violations=0.00 zero_cand=0.00
[step 04500] DEBUG: ep_len=3.3 ep_ret=2.489 stop_prob=0.000 score_chg=2.3750
[step 04550] value_loss=6.838093 policy_loss=-0.048807
[step 04550] VALUE_DEBUG: target(mean=-0.34 std=5.75 min=-16.10 max=11.03) V(s)(mean=-0.96 std=4.90) reward(mean=0.369 std=4.094) clip=50.0
[step 04600] value_loss=12.805931 policy_loss=-0.167563
[step 04600] VALUE_DEBUG: target(mean=-2.32 std=7.02 min=-17.38 max=7.76) V(s)(mean=-3.02 std=6.74) reward(mean=0.584 std=2.225) clip=50.0
[step 04600] eval_success_rate=0.960 eval_mean_score=15.960 eval_policy_mode=greedy [solved=48/50, score_range=15.00-16.00/16.0, initial=13.52]
[step 04600] PROGRESS: filled=15.96 violations=0.00 zero_cand=0.00
[step 04600] DEBUG: ep_len=3.3 ep_ret=2.300 stop_prob=0.000 score_chg=2.3650
[step 04650] value_loss=4.061248 policy_loss=-0.205165
[step 04650] VALUE_DEBUG: target(mean=-0.82 std=5.09 min=-17.35 max=6.56) V(s)(mean=-0.63 std=4.91) reward(mean=0.280 std=1.943) clip=50.0
[step 04700] value_loss=3.293083 policy_loss=0.456348
[step 04700] VALUE_DEBUG: target(mean=-1.59 std=6.22 min=-17.52 max=7.25) V(s)(mean=-1.79 std=6.25) reward(mean=0.647 std=2.575) clip=50.0
[step 04700] eval_success_rate=0.960 eval_mean_score=15.960 eval_policy_mode=greedy [solved=48/50, score_range=15.00-16.00/16.0, initial=13.52]
[step 04700] PROGRESS: filled=15.96 violations=0.00 zero_cand=0.00
[step 04700] DEBUG: ep_len=3.2 ep_ret=2.516 stop_prob=0.000 score_chg=2.3950
[step 04750] value_loss=26.457212 policy_loss=-0.646252
[step 04750] VALUE_DEBUG: target(mean=-0.07 std=5.78 min=-16.57 max=7.61) V(s)(mean=-0.90 std=5.01) reward(mean=0.433 std=3.548) clip=50.0
[step 04800] value_loss=14.531744 policy_loss=0.591756
[step 04800] VALUE_DEBUG: target(mean=-2.47 std=6.41 min=-17.52 max=7.55) V(s)(mean=-2.72 std=5.73) reward(mean=0.280 std=3.326) clip=50.0
[step 04800] eval_success_rate=0.960 eval_mean_score=15.960 eval_policy_mode=greedy [solved=48/50, score_range=15.00-16.00/16.0, initial=13.52]
[step 04800] PROGRESS: filled=15.96 violations=0.00 zero_cand=0.00
[step 04800] DEBUG: ep_len=3.2 ep_ret=2.529 stop_prob=0.000 score_chg=2.4150
[step 04850] value_loss=4.527081 policy_loss=0.281694
[step 04850] VALUE_DEBUG: target(mean=-3.51 std=7.33 min=-19.84 max=3.09) V(s)(mean=-3.20 std=7.13) reward(mean=0.063 std=2.583) clip=50.0
[step 04900] value_loss=15.814249 policy_loss=-0.644176
[step 04900] VALUE_DEBUG: target(mean=-2.28 std=7.95 min=-21.17 max=6.84) V(s)(mean=-2.35 std=6.76) reward(mean=-0.286 std=4.475) clip=50.0
[step 04900] eval_success_rate=0.960 eval_mean_score=15.960 eval_policy_mode=greedy [solved=48/50, score_range=15.00-16.00/16.0, initial=13.52]
[step 04900] PROGRESS: filled=15.96 violations=0.00 zero_cand=0.00
[step 04900] DEBUG: ep_len=3.4 ep_ret=2.446 stop_prob=0.000 score_chg=2.4250
[step 04950] value_loss=3.633713 policy_loss=0.374369
[step 04950] VALUE_DEBUG: target(mean=-2.20 std=7.59 min=-17.62 max=8.04) V(s)(mean=-2.63 std=7.34) reward(mean=0.125 std=4.988) clip=50.0
[step 05000] value_loss=6.803372 policy_loss=0.297288
[step 05000] VALUE_DEBUG: target(mean=-1.80 std=6.05 min=-21.10 max=2.99) V(s)(mean=-1.08 std=5.51) reward(mean=-1.063 std=4.607) clip=50.0
[step 05000] eval_success_rate=0.960 eval_mean_score=15.960 eval_policy_mode=greedy [solved=48/50, score_range=15.00-16.00/16.0, initial=13.52]
[step 05000] PROGRESS: filled=15.96 violations=0.00 zero_cand=0.00
[step 05000] DEBUG: ep_len=3.2 ep_ret=2.668 stop_prob=0.000 score_chg=2.4625
[Checkpoint] Saved to checkpoints/rl_sudoku-4x4-trivial_seed123/rl_checkpoint_step_5000.pt
[Checkpoint] Saved to checkpoints/rl_sudoku-4x4-trivial_seed123/rl_checkpoint_step_5000.pt
WARNING:2026-01-19 20:13:04 3248945:3311993 DynoConfigLoader.cpp:35] (x1) Failed to read config: No dyno config client
