[2026-01-20T07:13:58.916-08:00] Buck UI: https://www.internalfb.com/buck2/aab290d4-f67b-4088-abd5-9d2e0a70ca0d
[2026-01-20T07:13:58.916-08:00] File changed: fbcode//checkpoints/rl_sudoku-4x4-trivial_seed42/rl_checkpoint_step_2000.pt
[2026-01-20T07:13:58.916-08:00] File changed: fbcode//checkpoints/rl_sudoku-4x4-trivial_seed42/model_step_2000.pt
[2026-01-20T07:13:58.916-08:00] File changed: fbcode//checkpoints/rl_sudoku-4x4-trivial_seed42/rl_checkpoint_step_3000.pt
[2026-01-20T07:13:58.916-08:00] 25 additional file change events
[2026-01-20T07:13:59.258-08:00] Network: Up: 0B  Down: 0B
BUILD SUCCEEDED - starting your binary
[INFO] Using feasibility-aware Sudoku checker for 4x4
       score = filled - 2.0*violations - 5.0*zeroCand
       Max score: 16 (all filled, no violations)
[INFO] Training for 5000 steps (gamma=0.990, K=1, inner_unroll_n=2)
[INFO] Terminal rewards: solve=1.000, fail=-16.000
[INFO] Using TRM backbone (hidden=64, H=2, L=2)
[DEBUG] Policy head STOP bias: 0.00 (should be 0.0 for uniform init)
[INFO] Puzzle embeddings DISABLED (set --puzzle-emb-ndim > 0 to enable)
/data/repos/fbsource/buck-out/v2/gen/fbcode/7bc20b5dff24e379/buiksat_trm/__upi_trm_train__/upi_trm_train#link-tree/torch/cuda/__init__.py:373: UserWarning: Found GPU0 NVIDIA A100-PG509-200 which is of compute capability (CC) 8.0.
The following list shows the CCs this version of PyTorch was built for and the hardware CCs it supports:
Please follow the instructions at https://pytorch.org/get-started/locally/ to install a PyTorch release that supports one of these CUDA versions: 12.6, 12.8, 13.0
  _warn_unsupported_code(d, device_cc, code_ccs)
INFO:2026-01-20 07:14:05 4149364:4149364 CuptiCallbackApi.cpp:74] Callback: domain = 3, cbid = 1
INFO:2026-01-20 07:14:05 4149364:4149364 CuptiActivityProfiler.cpp:245] CUDA versions. CUPTI: 22; Runtime: 12040; Driver: 12040
INFO:2026-01-20 07:14:05 4149364:4151824 FBConfig.cpp:330] Perfetto builder enabled: 1
INFO:2026-01-20 07:14:05 4149364:4151824 DynoConfigLoader.cpp:61] Setting communication fabric enabled = 0
INFO:2026-01-20 07:14:05 4149364:4151824 DynoConfigLoader.cpp:61] Setting communication fabric enabled = 0
TritonTraceHandler: disabled because /logs does not exist
===========[FB_TRITON]=========== Triton Version: 3.3.2+fb
[INFO] Using UPI-TRM algorithm (K=1, inner_n=2)
[INFO] Checkpoint directory: checkpoints/rl_sudoku-4x4-trivial_seed42

============================================================
UPI-TRM THEORY ALIGNMENT CHECK
============================================================
⚠ Configuration has theory gaps:
  • enable_contraction=False disables spectral normalization (Assumption 4.2). L_z < 1 contraction not enforced.
  • exact_baseline_summation=False: Using approximate baseline. This gives O(ε_A/(1-γ)) bound instead of O(α·ε_A) from Theorem 5.9. For discrete action spaces (Sudoku), enable for tighter bounds.
  • theory_exact_mixture=False: Using parameter-space interpolation for CPI, which is NOT equivalent to policy-space mixture. The CPI improvement guarantee does not strictly apply. Set theory_exact_mixture=True for theory-exact behavior (but slower due to evaluating two networks).

Theory status:
  Forward-invariant projection: ✓
  Contraction enforced (L_z < 1): ✗
  Exact baseline (Thm 5.9): ✗
  Distillation (not in theory): ✓ disabled

Is theory-exact: False
============================================================

UPI-TRM theoretical dials:
  L_z target (rl_cfg.target_Lz): 0.9
  L_V target (rl_cfg.target_Lv): 1.0
  Inner unroll n (rl_cfg.inner_unroll_n): 2
  K-step horizon K (rl_cfg.K): 1
  Mixture alpha (rl_cfg.mixture_alpha): 0.1
  Latent ball radius (rl_cfg.latent_ball_radius): 10.0
  Episodic latent: False
  Exact K-step targets: False
  Exact baseline summation: False

[INFO] STOP action mode: disabled
[INFO] Forward-invariant projection enabled (R=10.0)
[WandB] Disabled by default (enable with: --wandb)
[DEBUG] Action mask: 4 valid actions out of 97 total
[DEBUG] Latent mode: persistent
[DEBUG] Step 0 probs: STOP=0.000000, edits=1.000000
[DEBUG] Top 5 action probs: torch.return_types.topk(
values=tensor([0.2701, 0.2607, 0.2370, 0.2322, 0.0000], device='cuda:0',
       grad_fn=<TopkBackward0>),
indices=tensor([75, 76, 77, 74,  0], device='cuda:0'))
[step 00050] value_loss=35.289429 policy_loss=-0.158886
[step 00050] VALUE_DEBUG: target(mean=-0.75 std=5.89 min=-22.04 max=6.84) V(s)(mean=-0.96 std=0.25) reward(mean=-0.742 std=5.875) clip=50.0
[step 00100] value_loss=29.917091 policy_loss=-0.264503
[step 00100] VALUE_DEBUG: target(mean=-0.18 std=5.42 min=-16.04 max=6.84) V(s)(mean=-1.56 std=0.54) reward(mean=0.223 std=5.448) clip=50.0
[step 00100] eval_success_rate=0.240 eval_mean_score=13.020 eval_policy_mode=greedy [solved=12/50, score_range=2.00-16.00/16.0, initial=13.52]
[step 00100] PROGRESS: filled=14.58 violations=0.68 zero_cand=0.04
[step 00100] DEBUG: ep_len=11.4 ep_ret=-14.432 stop_prob=0.000 score_chg=-5.1625
[step 00150] value_loss=30.253227 policy_loss=-0.847774
[step 00150] VALUE_DEBUG: target(mean=-2.57 std=5.49 min=-18.00 max=6.84) V(s)(mean=-2.13 std=0.84) reward(mean=-1.577 std=5.615) clip=50.0
[step 00200] value_loss=11.241272 policy_loss=-1.527264
[step 00200] VALUE_DEBUG: target(mean=-2.39 std=3.81 min=-10.05 max=6.84) V(s)(mean=-1.83 std=1.15) reward(mean=-0.984 std=3.537) clip=50.0
[step 00200] eval_success_rate=0.280 eval_mean_score=14.040 eval_policy_mode=greedy [solved=14/50, score_range=6.00-16.00/16.0, initial=13.52]
[step 00200] PROGRESS: filled=14.56 violations=0.16 zero_cand=0.04
[step 00200] DEBUG: ep_len=10.8 ep_ret=-11.298 stop_prob=0.000 score_chg=-3.4025
[step 00250] value_loss=11.874952 policy_loss=-1.373576
[step 00250] VALUE_DEBUG: target(mean=-1.98 std=3.73 min=-8.04 max=6.84) V(s)(mean=-3.00 std=1.20) reward(mean=-0.374 std=3.601) clip=50.0
[step 00300] value_loss=31.765032 policy_loss=0.973519
[step 00300] VALUE_DEBUG: target(mean=-2.56 std=5.93 min=-16.04 max=6.84) V(s)(mean=-3.18 std=1.82) reward(mean=-0.571 std=6.168) clip=50.0
[step 00300] eval_success_rate=0.280 eval_mean_score=13.920 eval_policy_mode=greedy [solved=14/50, score_range=6.00-16.00/16.0, initial=13.52]
[step 00300] PROGRESS: filled=14.56 violations=0.22 zero_cand=0.04
[step 00300] DEBUG: ep_len=8.9 ep_ret=-6.302 stop_prob=0.000 score_chg=-0.7225
[step 00350] value_loss=13.303917 policy_loss=-1.248696
[step 00350] VALUE_DEBUG: target(mean=-3.28 std=4.19 min=-10.17 max=6.84) V(s)(mean=-4.27 std=1.79) reward(mean=-0.457 std=3.567) clip=50.0
[step 00400] value_loss=10.482586 policy_loss=-1.146090
[step 00400] VALUE_DEBUG: target(mean=-3.31 std=4.27 min=-16.15 max=6.84) V(s)(mean=-3.40 std=2.39) reward(mean=-0.747 std=3.911) clip=50.0
[step 00400] eval_success_rate=0.320 eval_mean_score=14.620 eval_policy_mode=greedy [solved=16/50, score_range=13.00-16.00/16.0, initial=13.52]
[step 00400] PROGRESS: filled=14.62 violations=0.00 zero_cand=0.00
[step 00400] DEBUG: ep_len=8.1 ep_ret=-5.480 stop_prob=0.000 score_chg=0.1625
[step 00450] value_loss=11.278023 policy_loss=1.139899
[step 00450] VALUE_DEBUG: target(mean=-4.17 std=4.35 min=-14.30 max=6.84) V(s)(mean=-4.13 std=2.15) reward(mean=-0.991 std=3.392) clip=50.0
[step 00500] value_loss=16.619762 policy_loss=-0.716550
[step 00500] VALUE_DEBUG: target(mean=-4.39 std=5.59 min=-17.87 max=6.94) V(s)(mean=-3.78 std=2.90) reward(mean=-1.278 std=4.610) clip=50.0
[step 00500] eval_success_rate=0.360 eval_mean_score=14.660 eval_policy_mode=greedy [solved=18/50, score_range=13.00-16.00/16.0, initial=13.52]
[step 00500] PROGRESS: filled=14.66 violations=0.00 zero_cand=0.00
[step 00500] DEBUG: ep_len=7.1 ep_ret=-2.755 stop_prob=0.000 score_chg=1.1225
[step 00550] value_loss=21.544168 policy_loss=-0.139617
[step 00550] VALUE_DEBUG: target(mean=-3.61 std=5.93 min=-20.02 max=6.84) V(s)(mean=-2.93 std=3.31) reward(mean=-0.817 std=5.840) clip=50.0
[step 00600] value_loss=20.175932 policy_loss=1.171742
[step 00600] VALUE_DEBUG: target(mean=-5.31 std=5.26 min=-16.46 max=1.84) V(s)(mean=-4.60 std=2.74) reward(mean=-2.121 std=4.701) clip=50.0
[step 00600] eval_success_rate=0.440 eval_mean_score=14.780 eval_policy_mode=greedy [solved=22/50, score_range=13.00-16.00/16.0, initial=13.52]
[step 00600] PROGRESS: filled=14.78 violations=0.00 zero_cand=0.00
[step 00600] DEBUG: ep_len=6.9 ep_ret=-2.073 stop_prob=0.000 score_chg=1.5050
[step 00650] value_loss=21.050625 policy_loss=2.014410
[step 00650] VALUE_DEBUG: target(mean=-5.40 std=4.44 min=-16.04 max=2.61) V(s)(mean=-5.07 std=3.45) reward(mean=-0.878 std=4.588) clip=50.0
[step 00700] value_loss=33.042862 policy_loss=1.183409
[step 00700] VALUE_DEBUG: target(mean=-6.35 std=6.11 min=-21.98 max=4.35) V(s)(mean=-3.88 std=4.00) reward(mean=-2.915 std=5.815) clip=50.0
[step 00700] eval_success_rate=0.380 eval_mean_score=14.780 eval_policy_mode=greedy [solved=19/50, score_range=13.00-16.00/16.0, initial=13.52]
[step 00700] PROGRESS: filled=14.78 violations=0.00 zero_cand=0.00
[step 00700] DEBUG: ep_len=6.8 ep_ret=-2.003 stop_prob=0.000 score_chg=1.6125
[step 00750] value_loss=20.030090 policy_loss=0.225499
[step 00750] VALUE_DEBUG: target(mean=-6.57 std=4.42 min=-22.04 max=0.23) V(s)(mean=-6.17 std=2.66) reward(mean=-1.055 std=5.003) clip=50.0
[step 00800] value_loss=18.131428 policy_loss=0.633410
[step 00800] VALUE_DEBUG: target(mean=-6.08 std=5.27 min=-21.98 max=4.50) V(s)(mean=-6.36 std=3.21) reward(mean=-1.434 std=5.553) clip=50.0
[step 00800] eval_success_rate=0.440 eval_mean_score=14.780 eval_policy_mode=greedy [solved=22/50, score_range=13.00-16.00/16.0, initial=13.52]
[step 00800] PROGRESS: filled=14.78 violations=0.00 zero_cand=0.00
[step 00800] DEBUG: ep_len=6.0 ep_ret=-0.483 stop_prob=0.000 score_chg=1.7700
[step 00850] value_loss=34.481255 policy_loss=0.416567
[step 00850] VALUE_DEBUG: target(mean=-6.17 std=7.02 min=-21.99 max=6.84) V(s)(mean=-5.24 std=3.14) reward(mean=-1.592 std=6.458) clip=50.0
[step 00900] value_loss=18.318115 policy_loss=0.282735
[step 00900] VALUE_DEBUG: target(mean=-5.89 std=6.39 min=-22.04 max=6.08) V(s)(mean=-5.52 std=4.12) reward(mean=-1.124 std=5.626) clip=50.0
[step 00900] eval_success_rate=0.440 eval_mean_score=14.720 eval_policy_mode=greedy [solved=22/50, score_range=13.00-16.00/16.0, initial=13.52]
[step 00900] PROGRESS: filled=14.72 violations=0.00 zero_cand=0.00
[step 00900] DEBUG: ep_len=6.5 ep_ret=-1.387 stop_prob=0.000 score_chg=1.6000
[step 00950] value_loss=14.593733 policy_loss=-0.675353
[step 00950] VALUE_DEBUG: target(mean=-7.14 std=5.41 min=-18.53 max=4.99) V(s)(mean=-5.93 std=3.71) reward(mean=-1.663 std=4.789) clip=50.0
[step 01000] value_loss=11.957423 policy_loss=-0.045548
[step 01000] VALUE_DEBUG: target(mean=-6.12 std=4.68 min=-16.10 max=6.33) V(s)(mean=-6.90 std=3.39) reward(mean=-0.261 std=4.193) clip=50.0
[step 01000] eval_success_rate=0.540 eval_mean_score=15.060 eval_policy_mode=greedy [solved=27/50, score_range=13.00-16.00/16.0, initial=13.52]
[step 01000] PROGRESS: filled=15.06 violations=0.00 zero_cand=0.00
[step 01000] DEBUG: ep_len=5.9 ep_ret=-0.354 stop_prob=0.000 score_chg=1.9925
[Checkpoint] Saved to checkpoints/rl_sudoku-4x4-trivial_seed42/rl_checkpoint_step_1000.pt
[step 01050] value_loss=10.347815 policy_loss=0.122266
[step 01050] VALUE_DEBUG: target(mean=-6.22 std=5.77 min=-15.96 max=8.00) V(s)(mean=-6.30 std=4.66) reward(mean=-0.401 std=3.909) clip=50.0
[step 01100] value_loss=7.404862 policy_loss=-0.059436
[step 01100] VALUE_DEBUG: target(mean=-6.90 std=5.04 min=-16.08 max=2.71) V(s)(mean=-6.38 std=3.90) reward(mean=-1.066 std=3.752) clip=50.0
[step 01100] eval_success_rate=0.540 eval_mean_score=15.120 eval_policy_mode=greedy [solved=27/50, score_range=13.00-16.00/16.0, initial=13.52]
[step 01100] PROGRESS: filled=15.12 violations=0.00 zero_cand=0.00
[step 01100] DEBUG: ep_len=5.5 ep_ret=0.117 stop_prob=0.000 score_chg=1.8750
[step 01150] value_loss=11.235922 policy_loss=0.765337
[step 01150] VALUE_DEBUG: target(mean=-5.64 std=4.81 min=-12.54 max=6.84) V(s)(mean=-6.07 std=3.69) reward(mean=-0.014 std=2.976) clip=50.0
[step 01200] value_loss=16.423840 policy_loss=0.568548
[step 01200] VALUE_DEBUG: target(mean=-3.07 std=6.92 min=-16.15 max=8.66) V(s)(mean=-3.86 std=5.05) reward(mean=0.604 std=4.269) clip=50.0
[step 01200] eval_success_rate=0.540 eval_mean_score=15.040 eval_policy_mode=greedy [solved=27/50, score_range=13.00-16.00/16.0, initial=13.52]
[step 01200] PROGRESS: filled=15.04 violations=0.00 zero_cand=0.00
[step 01200] DEBUG: ep_len=5.1 ep_ret=0.044 stop_prob=0.000 score_chg=1.9075
[step 01250] value_loss=19.220581 policy_loss=1.024239
[step 01250] VALUE_DEBUG: target(mean=-7.16 std=5.08 min=-16.90 max=5.35) V(s)(mean=-5.66 std=4.12) reward(mean=-1.528 std=5.198) clip=50.0
[step 01300] value_loss=25.670006 policy_loss=0.557626
[step 01300] VALUE_DEBUG: target(mean=-6.67 std=5.79 min=-21.00 max=2.72) V(s)(mean=-5.06 std=4.41) reward(mean=-1.915 std=5.721) clip=50.0
[step 01300] eval_success_rate=0.680 eval_mean_score=15.400 eval_policy_mode=greedy [solved=34/50, score_range=13.00-16.00/16.0, initial=13.52]
[step 01300] PROGRESS: filled=15.40 violations=0.00 zero_cand=0.00
[step 01300] DEBUG: ep_len=5.6 ep_ret=-0.419 stop_prob=0.000 score_chg=1.7575
[step 01350] value_loss=14.547079 policy_loss=0.308808
[step 01350] VALUE_DEBUG: target(mean=-4.92 std=6.91 min=-16.02 max=6.04) V(s)(mean=-5.48 std=5.74) reward(mean=-0.422 std=4.168) clip=50.0
[step 01400] value_loss=3.989759 policy_loss=0.677878
[step 01400] VALUE_DEBUG: target(mean=-4.99 std=4.70 min=-13.15 max=2.55) V(s)(mean=-5.36 std=4.71) reward(mean=0.423 std=1.164) clip=50.0
[step 01400] eval_success_rate=0.740 eval_mean_score=15.500 eval_policy_mode=greedy [solved=37/50, score_range=13.00-16.00/16.0, initial=13.52]
[step 01400] PROGRESS: filled=15.50 violations=0.00 zero_cand=0.00
[step 01400] DEBUG: ep_len=5.3 ep_ret=0.564 stop_prob=0.000 score_chg=2.1100
[step 01450] value_loss=13.792824 policy_loss=1.103536
[step 01450] VALUE_DEBUG: target(mean=-6.49 std=5.89 min=-18.18 max=6.84) V(s)(mean=-5.90 std=4.50) reward(mean=-0.924 std=4.148) clip=50.0
[step 01500] value_loss=5.519104 policy_loss=1.002576
[step 01500] VALUE_DEBUG: target(mean=-3.73 std=5.44 min=-13.45 max=6.45) V(s)(mean=-3.35 std=6.30) reward(mean=-0.080 std=1.942) clip=50.0
[step 01500] eval_success_rate=0.620 eval_mean_score=15.400 eval_policy_mode=greedy [solved=31/50, score_range=13.00-16.00/16.0, initial=13.52]
[step 01500] PROGRESS: filled=15.40 violations=0.00 zero_cand=0.00
[step 01500] DEBUG: ep_len=4.8 ep_ret=0.275 stop_prob=0.000 score_chg=2.0025
[step 01550] value_loss=4.347238 policy_loss=0.147751
[step 01550] VALUE_DEBUG: target(mean=-3.78 std=5.81 min=-16.14 max=6.84) V(s)(mean=-3.88 std=5.43) reward(mean=-0.114 std=4.215) clip=50.0
[step 01600] value_loss=19.438366 policy_loss=0.532894
[step 01600] VALUE_DEBUG: target(mean=-5.73 std=6.12 min=-13.98 max=6.84) V(s)(mean=-5.66 std=5.60) reward(mean=-1.083 std=4.009) clip=50.0
[step 01600] eval_success_rate=0.840 eval_mean_score=15.640 eval_policy_mode=greedy [solved=42/50, score_range=13.00-16.00/16.0, initial=13.52]
[step 01600] PROGRESS: filled=15.64 violations=0.00 zero_cand=0.00
[step 01600] DEBUG: ep_len=4.6 ep_ret=0.975 stop_prob=0.000 score_chg=2.1225
[step 01650] value_loss=10.058295 policy_loss=0.732817
[step 01650] VALUE_DEBUG: target(mean=-6.84 std=5.42 min=-19.38 max=1.84) V(s)(mean=-7.09 std=3.97) reward(mean=-0.232 std=3.204) clip=50.0
[step 01700] value_loss=21.778366 policy_loss=1.040938
[step 01700] VALUE_DEBUG: target(mean=-5.36 std=6.58 min=-16.10 max=6.84) V(s)(mean=-5.95 std=4.95) reward(mean=-0.849 std=5.286) clip=50.0
[step 01700] eval_success_rate=0.780 eval_mean_score=15.500 eval_policy_mode=greedy [solved=39/50, score_range=13.00-16.00/16.0, initial=13.52]
[step 01700] PROGRESS: filled=15.50 violations=0.00 zero_cand=0.00
[step 01700] DEBUG: ep_len=4.5 ep_ret=0.515 stop_prob=0.000 score_chg=1.9475
[step 01750] value_loss=19.873489 policy_loss=0.248904
[step 01750] VALUE_DEBUG: target(mean=-6.16 std=6.31 min=-17.19 max=5.84) V(s)(mean=-6.01 std=5.37) reward(mean=-1.176 std=4.550) clip=50.0
[step 01800] value_loss=14.488845 policy_loss=-1.343324
[step 01800] VALUE_DEBUG: target(mean=-3.45 std=6.76 min=-19.25 max=6.84) V(s)(mean=-3.96 std=5.07) reward(mean=0.447 std=3.885) clip=50.0
[step 01800] eval_success_rate=0.820 eval_mean_score=15.580 eval_policy_mode=greedy [solved=41/50, score_range=13.00-16.00/16.0, initial=13.52]
[step 01800] PROGRESS: filled=15.58 violations=0.00 zero_cand=0.00
[step 01800] DEBUG: ep_len=4.3 ep_ret=0.868 stop_prob=0.000 score_chg=1.9675
[step 01850] value_loss=4.468349 policy_loss=-0.698594
[step 01850] VALUE_DEBUG: target(mean=-4.58 std=5.80 min=-16.09 max=6.84) V(s)(mean=-4.67 std=5.31) reward(mean=-0.433 std=3.600) clip=50.0
[step 01900] value_loss=25.802719 policy_loss=0.313290
[step 01900] VALUE_DEBUG: target(mean=-6.99 std=6.63 min=-22.02 max=6.84) V(s)(mean=-5.79 std=5.00) reward(mean=-1.416 std=6.287) clip=50.0
[step 01900] eval_success_rate=0.840 eval_mean_score=15.720 eval_policy_mode=greedy [solved=42/50, score_range=13.00-16.00/16.0, initial=13.52]
[step 01900] PROGRESS: filled=15.72 violations=0.00 zero_cand=0.00
[step 01900] DEBUG: ep_len=4.3 ep_ret=0.929 stop_prob=0.000 score_chg=2.0825
[step 01950] value_loss=7.964501 policy_loss=-1.352748
[step 01950] VALUE_DEBUG: target(mean=-5.80 std=6.63 min=-21.81 max=6.84) V(s)(mean=-5.37 std=6.21) reward(mean=-0.489 std=4.329) clip=50.0
[step 02000] value_loss=11.750872 policy_loss=0.395260
[step 02000] VALUE_DEBUG: target(mean=-5.66 std=6.14 min=-16.09 max=6.84) V(s)(mean=-5.04 std=4.93) reward(mean=-1.081 std=4.937) clip=50.0
[step 02000] eval_success_rate=0.820 eval_mean_score=15.680 eval_policy_mode=greedy [solved=41/50, score_range=13.00-16.00/16.0, initial=13.52]
[step 02000] PROGRESS: filled=15.68 violations=0.00 zero_cand=0.00
[step 02000] DEBUG: ep_len=4.1 ep_ret=1.432 stop_prob=0.000 score_chg=2.2275
[Checkpoint] Saved to checkpoints/rl_sudoku-4x4-trivial_seed42/rl_checkpoint_step_2000.pt
[step 02050] value_loss=6.393148 policy_loss=-0.438370
[step 02050] VALUE_DEBUG: target(mean=-5.18 std=6.05 min=-15.04 max=6.67) V(s)(mean=-4.65 std=6.28) reward(mean=-0.175 std=2.454) clip=50.0
[step 02100] value_loss=19.955050 policy_loss=0.375741
[step 02100] VALUE_DEBUG: target(mean=-3.99 std=6.73 min=-16.09 max=6.84) V(s)(mean=-4.64 std=4.64) reward(mean=-0.108 std=4.976) clip=50.0
[step 02100] eval_success_rate=0.900 eval_mean_score=15.800 eval_policy_mode=greedy [solved=45/50, score_range=13.00-16.00/16.0, initial=13.52]
[step 02100] PROGRESS: filled=15.80 violations=0.00 zero_cand=0.00
[step 02100] DEBUG: ep_len=4.1 ep_ret=1.528 stop_prob=0.000 score_chg=2.2900
[step 02150] value_loss=4.393917 policy_loss=0.189550
[step 02150] VALUE_DEBUG: target(mean=-5.07 std=6.46 min=-15.34 max=6.25) V(s)(mean=-5.47 std=5.93) reward(mean=0.130 std=2.872) clip=50.0
[step 02200] value_loss=19.331867 policy_loss=-0.885407
[step 02200] VALUE_DEBUG: target(mean=-6.57 std=6.87 min=-22.76 max=5.88) V(s)(mean=-5.85 std=5.66) reward(mean=-1.183 std=4.613) clip=50.0
[step 02200] eval_success_rate=0.840 eval_mean_score=15.760 eval_policy_mode=greedy [solved=42/50, score_range=13.00-16.00/16.0, initial=13.52]
[step 02200] PROGRESS: filled=15.76 violations=0.00 zero_cand=0.00
[step 02200] DEBUG: ep_len=3.8 ep_ret=2.039 stop_prob=0.000 score_chg=2.3750
[step 02250] value_loss=6.788745 policy_loss=-0.441096
[step 02250] VALUE_DEBUG: target(mean=-7.13 std=6.40 min=-19.63 max=6.56) V(s)(mean=-6.49 std=5.70) reward(mean=-1.168 std=3.635) clip=50.0
[step 02300] value_loss=7.760108 policy_loss=0.808717
[step 02300] VALUE_DEBUG: target(mean=-2.33 std=7.19 min=-16.15 max=6.84) V(s)(mean=-2.77 std=6.30) reward(mean=-0.309 std=4.811) clip=50.0
[step 02300] eval_success_rate=0.840 eval_mean_score=15.760 eval_policy_mode=greedy [solved=42/50, score_range=13.00-16.00/16.0, initial=13.52]
[step 02300] PROGRESS: filled=15.76 violations=0.00 zero_cand=0.00
[step 02300] DEBUG: ep_len=4.0 ep_ret=1.682 stop_prob=0.000 score_chg=2.2050
[step 02350] value_loss=7.799479 policy_loss=1.143000
[step 02350] VALUE_DEBUG: target(mean=-2.60 std=6.04 min=-15.38 max=6.84) V(s)(mean=-2.98 std=5.47) reward(mean=0.903 std=2.641) clip=50.0
[step 02400] value_loss=13.082188 policy_loss=-0.013692
[step 02400] VALUE_DEBUG: target(mean=-6.03 std=6.69 min=-16.15 max=6.84) V(s)(mean=-5.48 std=6.58) reward(mean=-1.228 std=5.006) clip=50.0
[step 02400] eval_success_rate=0.920 eval_mean_score=15.880 eval_policy_mode=greedy [solved=46/50, score_range=14.00-16.00/16.0, initial=13.52]
[step 02400] PROGRESS: filled=15.88 violations=0.00 zero_cand=0.00
[step 02400] DEBUG: ep_len=3.8 ep_ret=1.581 stop_prob=0.000 score_chg=2.3075
[step 02450] value_loss=4.966388 policy_loss=0.004016
[step 02450] VALUE_DEBUG: target(mean=-6.10 std=7.78 min=-20.61 max=6.10) V(s)(mean=-5.52 std=7.05) reward(mean=-1.046 std=3.465) clip=50.0
[step 02500] value_loss=18.965427 policy_loss=-0.572829
[step 02500] VALUE_DEBUG: target(mean=-4.70 std=6.49 min=-16.15 max=7.08) V(s)(mean=-3.38 std=5.59) reward(mean=-1.671 std=5.237) clip=50.0
[step 02500] eval_success_rate=0.860 eval_mean_score=15.820 eval_policy_mode=greedy [solved=43/50, score_range=14.00-16.00/16.0, initial=13.52]
[step 02500] PROGRESS: filled=15.82 violations=0.00 zero_cand=0.00
[step 02500] DEBUG: ep_len=3.7 ep_ret=1.912 stop_prob=0.000 score_chg=2.3175
[step 02550] value_loss=18.913342 policy_loss=-0.011015
[step 02550] VALUE_DEBUG: target(mean=-5.70 std=7.65 min=-21.98 max=6.84) V(s)(mean=-4.96 std=6.30) reward(mean=-1.553 std=6.230) clip=50.0
[step 02600] value_loss=15.929678 policy_loss=1.139888
[step 02600] VALUE_DEBUG: target(mean=-2.61 std=7.00 min=-21.96 max=7.72) V(s)(mean=-2.24 std=5.93) reward(mean=-0.484 std=4.942) clip=50.0
[step 02600] eval_success_rate=0.900 eval_mean_score=15.900 eval_policy_mode=greedy [solved=45/50, score_range=15.00-16.00/16.0, initial=13.52]
[step 02600] PROGRESS: filled=15.90 violations=0.00 zero_cand=0.00
[step 02600] DEBUG: ep_len=3.8 ep_ret=1.791 stop_prob=0.000 score_chg=2.2900
[step 02650] value_loss=10.257483 policy_loss=0.061401
[step 02650] VALUE_DEBUG: target(mean=-4.56 std=7.38 min=-24.20 max=6.02) V(s)(mean=-3.58 std=5.59) reward(mean=-0.337 std=3.159) clip=50.0
[step 02700] value_loss=9.609747 policy_loss=0.604397
[step 02700] VALUE_DEBUG: target(mean=-5.57 std=7.73 min=-16.14 max=6.84) V(s)(mean=-5.31 std=7.49) reward(mean=0.092 std=3.718) clip=50.0
[step 02700] eval_success_rate=0.880 eval_mean_score=15.840 eval_policy_mode=greedy [solved=44/50, score_range=14.00-16.00/16.0, initial=13.52]
[step 02700] PROGRESS: filled=15.84 violations=0.00 zero_cand=0.00
[step 02700] DEBUG: ep_len=3.6 ep_ret=1.661 stop_prob=0.000 score_chg=2.1900
[step 02750] value_loss=7.929206 policy_loss=0.779577
[step 02750] VALUE_DEBUG: target(mean=-2.88 std=7.25 min=-16.60 max=9.06) V(s)(mean=-3.41 std=6.73) reward(mean=-0.143 std=4.932) clip=50.0
[step 02800] value_loss=17.007355 policy_loss=0.588971
[step 02800] VALUE_DEBUG: target(mean=-6.47 std=8.27 min=-20.04 max=6.84) V(s)(mean=-5.45 std=6.86) reward(mean=-1.548 std=5.492) clip=50.0
[step 02800] eval_success_rate=0.900 eval_mean_score=15.860 eval_policy_mode=greedy [solved=45/50, score_range=14.00-16.00/16.0, initial=13.52]
[step 02800] PROGRESS: filled=15.86 violations=0.00 zero_cand=0.00
[step 02800] DEBUG: ep_len=3.4 ep_ret=2.046 stop_prob=0.000 score_chg=2.1975
[step 02850] value_loss=9.181779 policy_loss=0.263216
[step 02850] VALUE_DEBUG: target(mean=-5.27 std=7.07 min=-16.17 max=8.42) V(s)(mean=-5.17 std=6.21) reward(mean=-0.652 std=4.688) clip=50.0
[step 02900] value_loss=6.783384 policy_loss=0.219425
[step 02900] VALUE_DEBUG: target(mean=-5.50 std=7.37 min=-16.32 max=6.11) V(s)(mean=-4.97 std=6.85) reward(mean=-0.304 std=3.344) clip=50.0
[step 02900] eval_success_rate=0.840 eval_mean_score=15.840 eval_policy_mode=greedy [solved=42/50, score_range=15.00-16.00/16.0, initial=13.52]
[step 02900] PROGRESS: filled=15.84 violations=0.00 zero_cand=0.00
[step 02900] DEBUG: ep_len=3.9 ep_ret=1.686 stop_prob=0.000 score_chg=2.3325
[step 02950] value_loss=18.360394 policy_loss=-2.547531
[step 02950] VALUE_DEBUG: target(mean=-4.13 std=7.27 min=-20.00 max=5.62) V(s)(mean=-3.52 std=6.19) reward(mean=-1.358 std=5.728) clip=50.0
[step 03000] value_loss=8.603399 policy_loss=-0.004073
[step 03000] VALUE_DEBUG: target(mean=-4.01 std=7.19 min=-21.11 max=2.93) V(s)(mean=-3.69 std=6.34) reward(mean=-0.874 std=4.540) clip=50.0
[step 03000] eval_success_rate=0.900 eval_mean_score=15.860 eval_policy_mode=greedy [solved=45/50, score_range=14.00-16.00/16.0, initial=13.52]
[step 03000] PROGRESS: filled=15.86 violations=0.00 zero_cand=0.00
[step 03000] DEBUG: ep_len=3.8 ep_ret=1.697 stop_prob=0.000 score_chg=2.3275
[Checkpoint] Saved to checkpoints/rl_sudoku-4x4-trivial_seed42/rl_checkpoint_step_3000.pt
[step 03050] value_loss=10.672493 policy_loss=-0.084428
[step 03050] VALUE_DEBUG: target(mean=-2.86 std=7.52 min=-21.18 max=6.84) V(s)(mean=-2.66 std=6.17) reward(mean=-0.386 std=4.437) clip=50.0
[step 03100] value_loss=6.953921 policy_loss=-0.590351
[step 03100] VALUE_DEBUG: target(mean=-3.02 std=8.12 min=-21.05 max=6.84) V(s)(mean=-3.83 std=7.26) reward(mean=0.741 std=2.905) clip=50.0
[step 03100] eval_success_rate=0.920 eval_mean_score=15.880 eval_policy_mode=greedy [solved=46/50, score_range=14.00-16.00/16.0, initial=13.52]
[step 03100] PROGRESS: filled=15.88 violations=0.00 zero_cand=0.00
[step 03100] DEBUG: ep_len=3.7 ep_ret=2.015 stop_prob=0.000 score_chg=2.2900
[step 03150] value_loss=4.217854 policy_loss=0.033454
[step 03150] VALUE_DEBUG: target(mean=-3.57 std=6.11 min=-16.75 max=6.84) V(s)(mean=-3.18 std=6.17) reward(mean=0.226 std=2.378) clip=50.0
[step 03200] value_loss=17.086853 policy_loss=0.315636
[step 03200] VALUE_DEBUG: target(mean=-2.91 std=7.92 min=-19.91 max=6.84) V(s)(mean=-2.92 std=6.17) reward(mean=0.620 std=4.496) clip=50.0
[step 03200] eval_success_rate=0.900 eval_mean_score=15.820 eval_policy_mode=greedy [solved=45/50, score_range=14.00-16.00/16.0, initial=13.52]
[step 03200] PROGRESS: filled=15.82 violations=0.00 zero_cand=0.00
[step 03200] DEBUG: ep_len=3.4 ep_ret=2.335 stop_prob=0.000 score_chg=2.3625
[step 03250] value_loss=15.112038 policy_loss=0.711420
[step 03250] VALUE_DEBUG: target(mean=-3.79 std=8.01 min=-24.04 max=7.51) V(s)(mean=-3.55 std=6.82) reward(mean=-0.365 std=4.185) clip=50.0
[step 03300] value_loss=11.359592 policy_loss=0.878903
[step 03300] VALUE_DEBUG: target(mean=-2.41 std=7.24 min=-22.46 max=6.84) V(s)(mean=-2.98 std=6.45) reward(mean=0.442 std=3.153) clip=50.0
[step 03300] eval_success_rate=0.900 eval_mean_score=15.900 eval_policy_mode=greedy [solved=45/50, score_range=15.00-16.00/16.0, initial=13.52]
[step 03300] PROGRESS: filled=15.90 violations=0.00 zero_cand=0.00
[step 03300] DEBUG: ep_len=3.5 ep_ret=1.974 stop_prob=0.000 score_chg=2.2775
[step 03350] value_loss=2.478519 policy_loss=-0.338590
[step 03350] VALUE_DEBUG: target(mean=-2.38 std=6.41 min=-16.09 max=6.84) V(s)(mean=-2.62 std=6.28) reward(mean=0.220 std=3.591) clip=50.0
[step 03400] value_loss=4.302682 policy_loss=-1.037144
[step 03400] VALUE_DEBUG: target(mean=-3.29 std=6.93 min=-16.58 max=6.67) V(s)(mean=-3.12 std=6.67) reward(mean=-0.268 std=2.773) clip=50.0
[step 03400] eval_success_rate=0.900 eval_mean_score=15.900 eval_policy_mode=greedy [solved=45/50, score_range=15.00-16.00/16.0, initial=13.52]
[step 03400] PROGRESS: filled=15.90 violations=0.00 zero_cand=0.00
[step 03400] DEBUG: ep_len=3.7 ep_ret=1.648 stop_prob=0.000 score_chg=2.2750
[step 03450] value_loss=2.537394 policy_loss=0.467958
[step 03450] VALUE_DEBUG: target(mean=-3.16 std=6.91 min=-17.10 max=6.30) V(s)(mean=-3.35 std=7.01) reward(mean=0.093 std=1.708) clip=50.0
[step 03500] value_loss=1.580444 policy_loss=0.302906
[step 03500] VALUE_DEBUG: target(mean=-2.96 std=6.87 min=-16.37 max=6.16) V(s)(mean=-3.32 std=7.01) reward(mean=-0.128 std=3.443) clip=50.0
[step 03500] eval_success_rate=0.880 eval_mean_score=15.880 eval_policy_mode=greedy [solved=44/50, score_range=15.00-16.00/16.0, initial=13.52]
[step 03500] PROGRESS: filled=15.88 violations=0.00 zero_cand=0.00
[step 03500] DEBUG: ep_len=3.5 ep_ret=2.062 stop_prob=0.000 score_chg=2.2775
[step 03550] value_loss=8.434578 policy_loss=0.063651
[step 03550] VALUE_DEBUG: target(mean=-4.98 std=7.73 min=-22.09 max=4.95) V(s)(mean=-4.89 std=6.72) reward(mean=-0.802 std=4.612) clip=50.0
[step 03600] value_loss=10.428095 policy_loss=0.180940
[step 03600] VALUE_DEBUG: target(mean=-3.09 std=7.06 min=-17.16 max=8.03) V(s)(mean=-3.16 std=6.55) reward(mean=0.513 std=3.491) clip=50.0
[step 03600] eval_success_rate=0.860 eval_mean_score=15.820 eval_policy_mode=greedy [solved=43/50, score_range=14.00-16.00/16.0, initial=13.52]
[step 03600] PROGRESS: filled=15.82 violations=0.00 zero_cand=0.00
[step 03600] DEBUG: ep_len=3.6 ep_ret=2.242 stop_prob=0.000 score_chg=2.3975
[step 03650] value_loss=5.814839 policy_loss=0.839985
[step 03650] VALUE_DEBUG: target(mean=-2.71 std=7.18 min=-17.67 max=6.84) V(s)(mean=-3.82 std=6.93) reward(mean=0.754 std=3.792) clip=50.0
[step 03700] value_loss=14.989921 policy_loss=-0.239811
[step 03700] VALUE_DEBUG: target(mean=-2.78 std=7.06 min=-17.35 max=6.84) V(s)(mean=-3.36 std=6.27) reward(mean=0.523 std=3.557) clip=50.0
[step 03700] eval_success_rate=0.900 eval_mean_score=15.900 eval_policy_mode=greedy [solved=45/50, score_range=15.00-16.00/16.0, initial=13.52]
[step 03700] PROGRESS: filled=15.90 violations=0.00 zero_cand=0.00
[step 03700] DEBUG: ep_len=3.3 ep_ret=2.294 stop_prob=0.000 score_chg=2.3200
[step 03750] value_loss=5.809347 policy_loss=0.135400
[step 03750] VALUE_DEBUG: target(mean=-3.65 std=8.22 min=-17.23 max=7.37) V(s)(mean=-4.44 std=7.66) reward(mean=0.744 std=2.089) clip=50.0
[step 03800] value_loss=4.112588 policy_loss=0.445889
[step 03800] VALUE_DEBUG: target(mean=-1.84 std=6.99 min=-17.37 max=6.84) V(s)(mean=-1.95 std=7.02) reward(mean=-0.181 std=4.867) clip=50.0
[step 03800] eval_success_rate=0.880 eval_mean_score=15.840 eval_policy_mode=greedy [solved=44/50, score_range=14.00-16.00/16.0, initial=13.52]
[step 03800] PROGRESS: filled=15.84 violations=0.00 zero_cand=0.00
[step 03800] DEBUG: ep_len=3.5 ep_ret=2.036 stop_prob=0.000 score_chg=2.2500
[step 03850] value_loss=8.907003 policy_loss=1.306473
[step 03850] VALUE_DEBUG: target(mean=-4.55 std=7.40 min=-19.77 max=6.16) V(s)(mean=-4.43 std=6.80) reward(mean=0.184 std=2.678) clip=50.0
[step 03900] value_loss=7.800338 policy_loss=-0.159171
[step 03900] VALUE_DEBUG: target(mean=-2.18 std=6.97 min=-20.51 max=6.84) V(s)(mean=-2.30 std=6.01) reward(mean=-0.521 std=4.213) clip=50.0
[step 03900] eval_success_rate=0.880 eval_mean_score=15.880 eval_policy_mode=greedy [solved=44/50, score_range=15.00-16.00/16.0, initial=13.52]
[step 03900] PROGRESS: filled=15.88 violations=0.00 zero_cand=0.00
[step 03900] DEBUG: ep_len=3.6 ep_ret=2.280 stop_prob=0.000 score_chg=2.4625
[step 03950] value_loss=6.897204 policy_loss=0.638348
[step 03950] VALUE_DEBUG: target(mean=-2.20 std=6.82 min=-17.51 max=6.84) V(s)(mean=-2.55 std=6.65) reward(mean=0.308 std=2.443) clip=50.0
[step 04000] value_loss=8.892252 policy_loss=-0.114381
[step 04000] VALUE_DEBUG: target(mean=-2.17 std=6.78 min=-17.21 max=8.76) V(s)(mean=-2.70 std=5.59) reward(mean=0.533 std=3.929) clip=50.0
[step 04000] eval_success_rate=0.880 eval_mean_score=15.880 eval_policy_mode=greedy [solved=44/50, score_range=15.00-16.00/16.0, initial=13.52]
[step 04000] PROGRESS: filled=15.88 violations=0.00 zero_cand=0.00
[step 04000] DEBUG: ep_len=3.7 ep_ret=2.118 stop_prob=0.000 score_chg=2.3600
[Checkpoint] Saved to checkpoints/rl_sudoku-4x4-trivial_seed42/rl_checkpoint_step_4000.pt
[step 04050] value_loss=5.558897 policy_loss=0.589979
[step 04050] VALUE_DEBUG: target(mean=-3.83 std=7.36 min=-17.67 max=5.15) V(s)(mean=-3.34 std=7.21) reward(mean=-0.210 std=2.383) clip=50.0
[step 04100] value_loss=3.429162 policy_loss=-0.711730
[step 04100] VALUE_DEBUG: target(mean=-2.24 std=6.93 min=-17.74 max=6.84) V(s)(mean=-2.62 std=7.05) reward(mean=1.236 std=2.575) clip=50.0
[step 04100] eval_success_rate=0.880 eval_mean_score=15.880 eval_policy_mode=greedy [solved=44/50, score_range=15.00-16.00/16.0, initial=13.52]
[step 04100] PROGRESS: filled=15.88 violations=0.00 zero_cand=0.00
[step 04100] DEBUG: ep_len=3.5 ep_ret=2.363 stop_prob=0.000 score_chg=2.4050
[step 04150] value_loss=20.783226 policy_loss=-0.635293
[step 04150] VALUE_DEBUG: target(mean=-5.39 std=7.63 min=-17.55 max=2.53) V(s)(mean=-5.12 std=7.56) reward(mean=-0.470 std=3.607) clip=50.0
[step 04200] value_loss=7.706524 policy_loss=-1.040147
[step 04200] VALUE_DEBUG: target(mean=-3.17 std=8.18 min=-20.58 max=6.84) V(s)(mean=-2.91 std=7.76) reward(mean=0.498 std=2.884) clip=50.0
[step 04200] eval_success_rate=0.920 eval_mean_score=15.920 eval_policy_mode=greedy [solved=46/50, score_range=15.00-16.00/16.0, initial=13.52]
[step 04200] PROGRESS: filled=15.92 violations=0.00 zero_cand=0.00
[step 04200] DEBUG: ep_len=3.4 ep_ret=2.579 stop_prob=0.000 score_chg=2.3475
[step 04250] value_loss=4.837784 policy_loss=0.143738
[step 04250] VALUE_DEBUG: target(mean=-4.78 std=9.43 min=-20.25 max=7.84) V(s)(mean=-5.45 std=8.45) reward(mean=1.681 std=3.290) clip=50.0
[step 04300] value_loss=6.703075 policy_loss=0.217192
[step 04300] VALUE_DEBUG: target(mean=-3.86 std=6.80 min=-22.31 max=2.74) V(s)(mean=-3.20 std=6.29) reward(mean=-0.836 std=2.541) clip=50.0
[step 04300] eval_success_rate=0.920 eval_mean_score=15.920 eval_policy_mode=greedy [solved=46/50, score_range=15.00-16.00/16.0, initial=13.52]
[step 04300] PROGRESS: filled=15.92 violations=0.00 zero_cand=0.00
[step 04300] DEBUG: ep_len=3.8 ep_ret=1.795 stop_prob=0.000 score_chg=2.2550
[step 04350] value_loss=7.999836 policy_loss=0.272507
[step 04350] VALUE_DEBUG: target(mean=-1.91 std=7.01 min=-19.88 max=6.84) V(s)(mean=-2.41 std=5.94) reward(mean=0.288 std=2.981) clip=50.0
[step 04400] value_loss=14.045952 policy_loss=-0.377119
[step 04400] VALUE_DEBUG: target(mean=-2.72 std=7.70 min=-18.38 max=6.86) V(s)(mean=-2.08 std=6.99) reward(mean=-1.121 std=4.493) clip=50.0
[step 04400] eval_success_rate=0.880 eval_mean_score=15.840 eval_policy_mode=greedy [solved=44/50, score_range=14.00-16.00/16.0, initial=13.52]
[step 04400] PROGRESS: filled=15.84 violations=0.00 zero_cand=0.00
[step 04400] DEBUG: ep_len=3.6 ep_ret=2.151 stop_prob=0.000 score_chg=2.3325
[step 04450] value_loss=7.479030 policy_loss=0.810706
[step 04450] VALUE_DEBUG: target(mean=-2.50 std=7.32 min=-17.43 max=10.16) V(s)(mean=-2.86 std=6.66) reward(mean=0.383 std=2.513) clip=50.0
[step 04500] value_loss=3.109578 policy_loss=-0.116853
[step 04500] VALUE_DEBUG: target(mean=-2.73 std=7.02 min=-17.33 max=7.05) V(s)(mean=-3.04 std=6.66) reward(mean=0.780 std=2.212) clip=50.0
[step 04500] eval_success_rate=0.880 eval_mean_score=15.840 eval_policy_mode=greedy [solved=44/50, score_range=14.00-16.00/16.0, initial=13.52]
[step 04500] PROGRESS: filled=15.84 violations=0.00 zero_cand=0.00
[step 04500] DEBUG: ep_len=3.6 ep_ret=2.323 stop_prob=0.000 score_chg=2.4375
[step 04550] value_loss=3.047075 policy_loss=0.558087
[step 04550] VALUE_DEBUG: target(mean=-3.07 std=7.34 min=-20.39 max=6.84) V(s)(mean=-3.39 std=6.98) reward(mean=-0.250 std=3.616) clip=50.0
[step 04600] value_loss=15.360076 policy_loss=1.011513
[step 04600] VALUE_DEBUG: target(mean=-3.28 std=7.88 min=-17.27 max=7.06) V(s)(mean=-2.92 std=7.29) reward(mean=-0.447 std=4.710) clip=50.0
[step 04600] eval_success_rate=0.880 eval_mean_score=15.840 eval_policy_mode=greedy [solved=44/50, score_range=14.00-16.00/16.0, initial=13.52]
[step 04600] PROGRESS: filled=15.84 violations=0.00 zero_cand=0.00
[step 04600] DEBUG: ep_len=3.5 ep_ret=2.380 stop_prob=0.000 score_chg=2.4275
[step 04650] value_loss=8.162840 policy_loss=-0.458707
[step 04650] VALUE_DEBUG: target(mean=-2.86 std=7.64 min=-21.55 max=7.47) V(s)(mean=-3.10 std=6.46) reward(mean=0.405 std=2.853) clip=50.0
[step 04700] value_loss=11.301903 policy_loss=0.018591
[step 04700] VALUE_DEBUG: target(mean=-1.86 std=8.27 min=-19.85 max=7.21) V(s)(mean=-2.53 std=6.59) reward(mean=1.036 std=3.113) clip=50.0
[step 04700] eval_success_rate=0.940 eval_mean_score=15.940 eval_policy_mode=greedy [solved=47/50, score_range=15.00-16.00/16.0, initial=13.52]
[step 04700] PROGRESS: filled=15.94 violations=0.00 zero_cand=0.00
[step 04700] DEBUG: ep_len=3.5 ep_ret=2.403 stop_prob=0.000 score_chg=2.3575
[step 04750] value_loss=17.262798 policy_loss=0.247791
[step 04750] VALUE_DEBUG: target(mean=-0.91 std=7.52 min=-16.58 max=8.30) V(s)(mean=-0.68 std=6.09) reward(mean=0.223 std=4.336) clip=50.0
[step 04800] value_loss=4.066736 policy_loss=0.052629
[step 04800] VALUE_DEBUG: target(mean=-2.11 std=5.79 min=-17.20 max=6.51) V(s)(mean=-1.73 std=5.52) reward(mean=-0.277 std=2.332) clip=50.0
[step 04800] eval_success_rate=0.940 eval_mean_score=15.940 eval_policy_mode=greedy [solved=47/50, score_range=15.00-16.00/16.0, initial=13.52]
[step 04800] PROGRESS: filled=15.94 violations=0.00 zero_cand=0.00
[step 04800] DEBUG: ep_len=3.5 ep_ret=2.263 stop_prob=0.000 score_chg=2.3500
[step 04850] value_loss=30.366646 policy_loss=0.490654
[step 04850] VALUE_DEBUG: target(mean=-1.72 std=6.55 min=-16.60 max=8.21) V(s)(mean=-1.36 std=5.99) reward(mean=-0.510 std=4.244) clip=50.0
[step 04900] value_loss=4.636486 policy_loss=0.068582
[step 04900] VALUE_DEBUG: target(mean=0.24 std=5.49 min=-16.70 max=7.32) V(s)(mean=-0.38 std=5.18) reward(mean=1.245 std=2.373) clip=50.0
[step 04900] eval_success_rate=0.920 eval_mean_score=15.880 eval_policy_mode=greedy [solved=46/50, score_range=14.00-16.00/16.0, initial=13.52]
[step 04900] PROGRESS: filled=15.88 violations=0.00 zero_cand=0.00
[step 04900] DEBUG: ep_len=3.0 ep_ret=2.573 stop_prob=0.000 score_chg=2.2975
[step 04950] value_loss=3.541630 policy_loss=-0.570658
[step 04950] VALUE_DEBUG: target(mean=-1.89 std=6.83 min=-16.88 max=6.84) V(s)(mean=-2.14 std=6.78) reward(mean=0.616 std=2.161) clip=50.0
[step 05000] value_loss=10.248192 policy_loss=0.298941
[step 05000] VALUE_DEBUG: target(mean=-1.72 std=7.29 min=-16.55 max=9.88) V(s)(mean=-2.47 std=6.35) reward(mean=0.752 std=4.371) clip=50.0
[step 05000] eval_success_rate=0.960 eval_mean_score=15.960 eval_policy_mode=greedy [solved=48/50, score_range=15.00-16.00/16.0, initial=13.52]
[step 05000] PROGRESS: filled=15.96 violations=0.00 zero_cand=0.00
[step 05000] DEBUG: ep_len=3.3 ep_ret=2.186 stop_prob=0.000 score_chg=2.2400
[Checkpoint] Saved to checkpoints/rl_sudoku-4x4-trivial_seed42/rl_checkpoint_step_5000.pt
[Checkpoint] Saved to checkpoints/rl_sudoku-4x4-trivial_seed42/rl_checkpoint_step_5000.pt
