[2026-01-19T20:25:12.603-08:00] Buck UI: https://www.internalfb.com/buck2/b742aacf-3d2c-4d00-b03e-732bfc68acd7
[2026-01-19T20:25:12.915-08:00] Network: Up: 0B  Down: 0B
BUILD SUCCEEDED - starting your binary
[INFO] Using feasibility-aware Sudoku checker for 4x4
       score = filled - 2.0*violations - 5.0*zeroCand
       Max score: 16 (all filled, no violations)
[INFO] Training for 5000 steps (gamma=0.990, K=1, inner_unroll_n=2)
[INFO] Terminal rewards: solve=1.000, fail=-16.000
/data/repos/fbsource/buck-out/v2/gen/fbcode/7bc20b5dff24e379/buiksat_trm/__upi_trm_train__/upi_trm_train#link-tree/upi_trm_train.py:879: UserWarning: rl_enable_contraction=True: Applying operator-norm clamping and contraction scaling to z->z path layers. This is REQUIRED for Assumption 3.2 (L_z < 1) but will modify network behavior. Pretrained weights from vanilla TRM may require fine-tuning.
  model = TinyRecursiveReasoningModel_ACTV1(trm_cfg_dict)
[INFO] Using TRM backbone (hidden=64, H=2, L=2)
[DEBUG] Policy head STOP bias: 0.00 (should be 0.0 for uniform init)
[INFO] Puzzle embeddings DISABLED (set --puzzle-emb-ndim > 0 to enable)
/data/repos/fbsource/buck-out/v2/gen/fbcode/7bc20b5dff24e379/buiksat_trm/__upi_trm_train__/upi_trm_train#link-tree/torch/cuda/__init__.py:373: UserWarning: Found GPU0 NVIDIA A100-PG509-200 which is of compute capability (CC) 8.0.
The following list shows the CCs this version of PyTorch was built for and the hardware CCs it supports:
Please follow the instructions at https://pytorch.org/get-started/locally/ to install a PyTorch release that supports one of these CUDA versions: 12.6, 12.8, 13.0
  _warn_unsupported_code(d, device_cc, code_ccs)
INFO:2026-01-19 20:25:18 3721112:3721112 CuptiCallbackApi.cpp:74] Callback: domain = 3, cbid = 1
INFO:2026-01-19 20:25:18 3721112:3721112 CuptiActivityProfiler.cpp:245] CUDA versions. CUPTI: 22; Runtime: 12040; Driver: 12040
INFO:2026-01-19 20:25:18 3721112:3723972 FBConfig.cpp:330] Perfetto builder enabled: 1
INFO:2026-01-19 20:25:18 3721112:3723972 DynoConfigLoader.cpp:61] Setting communication fabric enabled = 0
/data/repos/fbsource/buck-out/v2/gen/fbcode/7bc20b5dff24e379/buiksat_trm/__upi_trm_train__/upi_trm_train#link-tree/rl/upi_trm_trainer.py:93: UserWarning: rl_enable_contraction=True: Applying operator-norm clamping and contraction scaling to z->z path layers. This is REQUIRED for Assumption 3.2 (L_z < 1) but will modify network behavior. Pretrained weights from vanilla TRM may require fine-tuning.
  self.target_model = TinyRecursiveReasoningModel_ACTV1(self._config_to_dict(self.model.config)).to(device)
/data/repos/fbsource/buck-out/v2/gen/fbcode/7bc20b5dff24e379/buiksat_trm/__upi_trm_train__/upi_trm_train#link-tree/rl/upi_trm_trainer.py:103: UserWarning: rl_enable_contraction=True: Applying operator-norm clamping and contraction scaling to z->z path layers. This is REQUIRED for Assumption 3.2 (L_z < 1) but will modify network behavior. Pretrained weights from vanilla TRM may require fine-tuning.
  self.policy_model_candidate = TinyRecursiveReasoningModel_ACTV1(
INFO:2026-01-19 20:25:18 3721112:3723972 DynoConfigLoader.cpp:61] Setting communication fabric enabled = 0
TritonTraceHandler: disabled because /logs does not exist
===========[FB_TRITON]=========== Triton Version: 3.3.2+fb
[INFO] Using UPI-TRM algorithm (K=1, inner_n=2)
[INFO] Checkpoint directory: checkpoints/rl_sudoku-4x4-trivial_seed456

============================================================
UPI-TRM THEORY ALIGNMENT CHECK
============================================================
⚠ Configuration has theory gaps:
  • exact_baseline_summation=False: Using approximate baseline. This gives O(ε_A/(1-γ)) bound instead of O(α·ε_A) from Theorem 5.9. For discrete action spaces (Sudoku), enable for tighter bounds.
  • theory_exact_mixture=False: Using parameter-space interpolation for CPI, which is NOT equivalent to policy-space mixture. The CPI improvement guarantee does not strictly apply. Set theory_exact_mixture=True for theory-exact behavior (but slower due to evaluating two networks).

Theory status:
  Forward-invariant projection: ✓
  Contraction enforced (L_z < 1): ✓
  Exact baseline (Thm 5.9): ✗
  Distillation (not in theory): ✓ disabled

Is theory-exact: False
============================================================

UPI-TRM theoretical dials:
  L_z target (rl_cfg.target_Lz): 0.9
  L_V target (rl_cfg.target_Lv): 1.0
  Inner unroll n (rl_cfg.inner_unroll_n): 2
  K-step horizon K (rl_cfg.K): 1
  Mixture alpha (rl_cfg.mixture_alpha): 0.1
  Latent ball radius (rl_cfg.latent_ball_radius): 10.0
  Episodic latent: False
  Exact K-step targets: False
  Exact baseline summation: False

[INFO] STOP action mode: disabled
[INFO] Forward-invariant projection enabled (R=10.0)
[WandB] Disabled by default (enable with: --wandb)
[DEBUG] Action mask: 4 valid actions out of 97 total
[DEBUG] Latent mode: persistent
[DEBUG] Step 0 probs: STOP=0.000000, edits=1.000000
[DEBUG] Top 5 action probs: torch.return_types.topk(
values=tensor([0.2770, 0.2757, 0.2383, 0.2090, 0.0000], device='cuda:0',
       grad_fn=<TopkBackward0>),
indices=tensor([74, 75, 76, 77,  0], device='cuda:0'))
[step 00050] value_loss=1858.337891 policy_loss=0.369254
[step 00050] VALUE_DEBUG: target(mean=3.14 std=45.12 min=-50.00 max=50.00) V(s)(mean=-0.02 std=2.59) reward(mean=-1.741 std=5.653) clip=50.0
[step 00100] opnorm clamp applied
[step 00100] value_loss=1669.325684 policy_loss=1.135441
[step 00100] VALUE_DEBUG: target(mean=-6.59 std=46.83 min=-50.00 max=50.00) V(s)(mean=1.99 std=8.07) reward(mean=-2.624 std=5.997) clip=50.0
[step 00100] eval_success_rate=0.200 eval_mean_score=12.380 eval_policy_mode=greedy [solved=10/50, score_range=1.00-16.00/16.0, initial=13.52]
[step 00100] PROGRESS: filled=14.54 violations=0.88 zero_cand=0.08
[step 00100] DEBUG: ep_len=11.3 ep_ret=-14.099 stop_prob=0.000 score_chg=-5.1625
[step 00150] value_loss=1292.250366 policy_loss=-0.208205
[step 00150] VALUE_DEBUG: target(mean=-7.02 std=46.69 min=-50.00 max=50.00) V(s)(mean=-2.89 std=11.85) reward(mean=-1.253 std=5.755) clip=50.0
[step 00200] opnorm clamp applied
[step 00200] value_loss=1133.808838 policy_loss=0.935125
[step 00200] VALUE_DEBUG: target(mean=1.77 std=46.73 min=-50.00 max=50.00) V(s)(mean=2.20 std=14.29) reward(mean=-1.338 std=4.960) clip=50.0
[step 00200] eval_success_rate=0.200 eval_mean_score=13.500 eval_policy_mode=greedy [solved=10/50, score_range=9.00-16.00/16.0, initial=13.52]
[step 00200] PROGRESS: filled=14.54 violations=0.52 zero_cand=0.00
[step 00200] DEBUG: ep_len=10.9 ep_ret=-11.395 stop_prob=0.000 score_chg=-3.4225
[step 00250] value_loss=1075.856689 policy_loss=-2.044599
[step 00250] VALUE_DEBUG: target(mean=3.54 std=44.89 min=-50.00 max=50.00) V(s)(mean=2.92 std=14.79) reward(mean=-3.015 std=5.865) clip=50.0
[step 00300] opnorm clamp applied
[step 00300] value_loss=1032.090088 policy_loss=0.873062
[step 00300] VALUE_DEBUG: target(mean=4.25 std=45.97 min=-50.00 max=50.00) V(s)(mean=2.26 std=15.62) reward(mean=-0.697 std=3.887) clip=50.0
[step 00300] eval_success_rate=0.200 eval_mean_score=13.800 eval_policy_mode=greedy [solved=10/50, score_range=10.00-16.00/16.0, initial=13.52]
[step 00300] PROGRESS: filled=14.52 violations=0.36 zero_cand=0.00
[step 00300] DEBUG: ep_len=10.5 ep_ret=-9.375 stop_prob=0.000 score_chg=-1.6725
[step 00350] value_loss=872.045166 policy_loss=1.184150
[step 00350] VALUE_DEBUG: target(mean=8.78 std=44.19 min=-50.00 max=50.00) V(s)(mean=6.58 std=16.80) reward(mean=-0.393 std=4.684) clip=50.0
[step 00400] opnorm clamp applied
[step 00400] value_loss=858.486755 policy_loss=1.459825
[step 00400] VALUE_DEBUG: target(mean=4.54 std=47.35 min=-50.00 max=50.00) V(s)(mean=2.49 std=19.02) reward(mean=-0.320 std=3.516) clip=50.0
[step 00400] eval_success_rate=0.160 eval_mean_score=13.600 eval_policy_mode=greedy [solved=8/50, score_range=10.00-16.00/16.0, initial=13.52]
[step 00400] PROGRESS: filled=14.56 violations=0.48 zero_cand=0.00
[step 00400] DEBUG: ep_len=10.7 ep_ret=-8.881 stop_prob=0.000 score_chg=-0.5850
[step 00450] value_loss=854.079102 policy_loss=-0.514205
[step 00450] VALUE_DEBUG: target(mean=5.57 std=44.95 min=-50.00 max=50.00) V(s)(mean=3.88 std=18.74) reward(mean=-1.173 std=4.613) clip=50.0
[step 00500] opnorm clamp applied
[step 00500] value_loss=757.386963 policy_loss=1.029763
[step 00500] VALUE_DEBUG: target(mean=8.02 std=45.94 min=-50.00 max=50.00) V(s)(mean=5.14 std=20.44) reward(mean=-0.802 std=4.162) clip=50.0
[step 00500] eval_success_rate=0.160 eval_mean_score=13.560 eval_policy_mode=greedy [solved=8/50, score_range=10.00-16.00/16.0, initial=13.52]
[step 00500] PROGRESS: filled=14.52 violations=0.48 zero_cand=0.00
[step 00500] DEBUG: ep_len=11.6 ep_ret=-10.045 stop_prob=0.000 score_chg=-0.3050
[step 00550] value_loss=762.813965 policy_loss=-0.421696
[step 00550] VALUE_DEBUG: target(mean=9.10 std=46.68 min=-50.00 max=50.00) V(s)(mean=4.73 std=21.40) reward(mean=-0.809 std=2.546) clip=50.0
[step 00600] opnorm clamp applied
[step 00600] value_loss=718.969360 policy_loss=3.320364
[step 00600] VALUE_DEBUG: target(mean=10.64 std=46.79 min=-50.00 max=50.00) V(s)(mean=8.29 std=20.96) reward(mean=-0.416 std=2.652) clip=50.0
[step 00600] eval_success_rate=0.180 eval_mean_score=13.680 eval_policy_mode=greedy [solved=9/50, score_range=10.00-16.00/16.0, initial=13.52]
[step 00600] PROGRESS: filled=14.64 violations=0.48 zero_cand=0.00
[step 00600] DEBUG: ep_len=11.8 ep_ret=-10.426 stop_prob=0.000 score_chg=-0.2575
[step 00650] value_loss=733.580811 policy_loss=1.671184
[step 00650] VALUE_DEBUG: target(mean=17.07 std=42.54 min=-50.00 max=49.50) V(s)(mean=9.05 std=20.81) reward(mean=-1.634 std=4.066) clip=50.0
[step 00700] opnorm clamp applied
[step 00700] value_loss=439.640137 policy_loss=2.291993
[step 00700] VALUE_DEBUG: target(mean=18.27 std=43.62 min=-50.00 max=50.00) V(s)(mean=11.16 std=24.79) reward(mean=-0.394 std=1.886) clip=50.0
[step 00700] eval_success_rate=0.220 eval_mean_score=13.680 eval_policy_mode=greedy [solved=11/50, score_range=10.00-16.00/16.0, initial=13.52]
[step 00700] PROGRESS: filled=14.64 violations=0.48 zero_cand=0.00
[step 00700] DEBUG: ep_len=11.4 ep_ret=-10.487 stop_prob=0.000 score_chg=-0.4400
[step 00750] value_loss=495.040771 policy_loss=1.116377
[step 00750] VALUE_DEBUG: target(mean=19.04 std=43.68 min=-49.65 max=50.00) V(s)(mean=14.60 std=24.41) reward(mean=-0.787 std=4.045) clip=50.0
[step 00800] opnorm clamp applied
[step 00800] value_loss=444.905548 policy_loss=3.374307
[step 00800] VALUE_DEBUG: target(mean=16.91 std=43.25 min=-49.65 max=50.00) V(s)(mean=11.34 std=26.02) reward(mean=0.299 std=4.819) clip=50.0
[step 00800] eval_success_rate=0.240 eval_mean_score=13.720 eval_policy_mode=greedy [solved=12/50, score_range=10.00-16.00/16.0, initial=13.52]
[step 00800] PROGRESS: filled=14.68 violations=0.48 zero_cand=0.00
[step 00800] DEBUG: ep_len=11.5 ep_ret=-10.497 stop_prob=0.000 score_chg=-0.3875
[step 00850] value_loss=450.505981 policy_loss=1.883061
[step 00850] VALUE_DEBUG: target(mean=7.03 std=44.53 min=-50.00 max=50.00) V(s)(mean=9.06 std=28.44) reward(mean=-0.729 std=5.152) clip=50.0
[step 00900] opnorm clamp applied
[step 00900] value_loss=437.924744 policy_loss=0.398589
[step 00900] VALUE_DEBUG: target(mean=17.49 std=42.52 min=-50.00 max=50.00) V(s)(mean=11.56 std=27.92) reward(mean=-1.229 std=4.254) clip=50.0
[step 00900] eval_success_rate=0.200 eval_mean_score=13.680 eval_policy_mode=greedy [solved=10/50, score_range=10.00-16.00/16.0, initial=13.52]
[step 00900] PROGRESS: filled=14.64 violations=0.48 zero_cand=0.00
[step 00900] DEBUG: ep_len=11.4 ep_ret=-9.468 stop_prob=0.000 score_chg=0.1700
[step 00950] value_loss=414.689270 policy_loss=0.324023
[step 00950] VALUE_DEBUG: target(mean=2.63 std=45.80 min=-50.00 max=50.00) V(s)(mean=5.82 std=29.27) reward(mean=-0.488 std=3.696) clip=50.0
[step 01000] opnorm clamp applied
[step 01000] value_loss=453.564819 policy_loss=1.445588
[step 01000] VALUE_DEBUG: target(mean=14.96 std=45.37 min=-49.65 max=50.00) V(s)(mean=14.37 std=28.06) reward(mean=-0.497 std=3.251) clip=50.0
[step 01000] eval_success_rate=0.200 eval_mean_score=13.620 eval_policy_mode=greedy [solved=10/50, score_range=10.00-16.00/16.0, initial=13.52]
[step 01000] PROGRESS: filled=14.58 violations=0.48 zero_cand=0.00
[step 01000] DEBUG: ep_len=12.0 ep_ret=-11.167 stop_prob=0.000 score_chg=-0.3150
[Checkpoint] Saved to checkpoints/rl_sudoku-4x4-trivial_seed456/rl_checkpoint_step_1000.pt
[step 01050] value_loss=367.333435 policy_loss=1.457051
[step 01050] VALUE_DEBUG: target(mean=7.93 std=46.08 min=-50.00 max=50.00) V(s)(mean=6.48 std=31.41) reward(mean=-0.141 std=2.716) clip=50.0
[step 01100] opnorm clamp applied
[step 01100] value_loss=479.245209 policy_loss=1.581500
[step 01100] VALUE_DEBUG: target(mean=11.79 std=43.95 min=-50.00 max=50.00) V(s)(mean=12.37 std=30.96) reward(mean=-2.282 std=5.569) clip=50.0
[step 01100] eval_success_rate=0.220 eval_mean_score=13.680 eval_policy_mode=greedy [solved=11/50, score_range=10.00-16.00/16.0, initial=13.52]
[step 01100] PROGRESS: filled=14.64 violations=0.48 zero_cand=0.00
[step 01100] DEBUG: ep_len=11.7 ep_ret=-11.049 stop_prob=0.000 score_chg=-0.3275
[step 01150] value_loss=243.823181 policy_loss=2.006363
[step 01150] VALUE_DEBUG: target(mean=21.43 std=42.80 min=-50.00 max=50.00) V(s)(mean=16.25 std=29.10) reward(mean=-1.816 std=4.747) clip=50.0
[step 01200] opnorm clamp applied
[step 01200] value_loss=343.055450 policy_loss=1.242090
[step 01200] VALUE_DEBUG: target(mean=7.55 std=45.38 min=-50.00 max=50.00) V(s)(mean=6.09 std=33.48) reward(mean=-2.035 std=5.123) clip=50.0
[step 01200] eval_success_rate=0.160 eval_mean_score=13.640 eval_policy_mode=greedy [solved=8/50, score_range=10.00-16.00/16.0, initial=13.52]
[step 01200] PROGRESS: filled=14.60 violations=0.48 zero_cand=0.00
[step 01200] DEBUG: ep_len=11.7 ep_ret=-10.978 stop_prob=0.000 score_chg=-0.4550
[step 01250] value_loss=286.276001 policy_loss=1.339582
[step 01250] VALUE_DEBUG: target(mean=26.84 std=38.30 min=-50.00 max=50.00) V(s)(mean=20.44 std=28.50) reward(mean=-2.441 std=6.064) clip=50.0
[step 01300] opnorm clamp applied
[step 01300] value_loss=317.590790 policy_loss=3.095092
[step 01300] VALUE_DEBUG: target(mean=4.95 std=45.89 min=-50.00 max=50.00) V(s)(mean=6.69 std=35.30) reward(mean=-1.421 std=5.048) clip=50.0
[step 01300] eval_success_rate=0.160 eval_mean_score=13.560 eval_policy_mode=greedy [solved=8/50, score_range=10.00-16.00/16.0, initial=13.52]
[step 01300] PROGRESS: filled=14.52 violations=0.48 zero_cand=0.00
[step 01300] DEBUG: ep_len=12.0 ep_ret=-11.368 stop_prob=0.000 score_chg=-0.7300
[step 01350] value_loss=267.752838 policy_loss=3.694623
[step 01350] VALUE_DEBUG: target(mean=6.23 std=45.41 min=-50.00 max=50.00) V(s)(mean=7.93 std=35.44) reward(mean=0.168 std=2.393) clip=50.0
[step 01400] opnorm clamp applied
[step 01400] value_loss=348.013489 policy_loss=0.412749
[step 01400] VALUE_DEBUG: target(mean=7.95 std=45.96 min=-50.00 max=50.00) V(s)(mean=10.38 std=34.20) reward(mean=-1.512 std=5.318) clip=50.0
[step 01400] eval_success_rate=0.160 eval_mean_score=13.560 eval_policy_mode=greedy [solved=8/50, score_range=10.00-16.00/16.0, initial=13.52]
[step 01400] PROGRESS: filled=14.52 violations=0.48 zero_cand=0.00
[step 01400] DEBUG: ep_len=12.4 ep_ret=-12.645 stop_prob=0.000 score_chg=-0.7650
[step 01450] value_loss=122.149490 policy_loss=1.360156
[step 01450] VALUE_DEBUG: target(mean=22.92 std=42.07 min=-49.65 max=50.00) V(s)(mean=18.84 std=32.83) reward(mean=-0.149 std=2.412) clip=50.0
[step 01500] opnorm clamp applied
[step 01500] value_loss=274.935455 policy_loss=1.349048
[step 01500] VALUE_DEBUG: target(mean=1.85 std=46.06 min=-50.00 max=50.00) V(s)(mean=-0.46 std=37.16) reward(mean=-1.424 std=5.325) clip=50.0
[step 01500] eval_success_rate=0.160 eval_mean_score=13.600 eval_policy_mode=greedy [solved=8/50, score_range=10.00-16.00/16.0, initial=13.52]
[step 01500] PROGRESS: filled=14.56 violations=0.48 zero_cand=0.00
[step 01500] DEBUG: ep_len=11.8 ep_ret=-11.320 stop_prob=0.000 score_chg=-0.6200
[step 01550] value_loss=212.545776 policy_loss=0.109234
[step 01550] VALUE_DEBUG: target(mean=3.37 std=46.69 min=-50.00 max=50.00) V(s)(mean=3.44 std=38.14) reward(mean=-1.451 std=6.250) clip=50.0
[step 01600] opnorm clamp applied
[step 01600] value_loss=272.633789 policy_loss=1.054538
[step 01600] VALUE_DEBUG: target(mean=16.59 std=43.96 min=-50.00 max=50.00) V(s)(mean=13.60 std=35.11) reward(mean=-0.200 std=3.893) clip=50.0
[step 01600] eval_success_rate=0.160 eval_mean_score=13.640 eval_policy_mode=greedy [solved=8/50, score_range=10.00-16.00/16.0, initial=13.52]
[step 01600] PROGRESS: filled=14.60 violations=0.48 zero_cand=0.00
[step 01600] DEBUG: ep_len=11.8 ep_ret=-10.148 stop_prob=0.000 score_chg=-0.1875
[step 01650] value_loss=149.944550 policy_loss=0.719310
[step 01650] VALUE_DEBUG: target(mean=23.19 std=41.16 min=-50.00 max=50.00) V(s)(mean=18.69 std=33.52) reward(mean=-1.717 std=4.363) clip=50.0
[step 01700] opnorm clamp applied
[step 01700] value_loss=284.337830 policy_loss=1.316558
[step 01700] VALUE_DEBUG: target(mean=17.43 std=42.81 min=-50.00 max=50.00) V(s)(mean=15.70 std=37.31) reward(mean=-1.309 std=4.105) clip=50.0
[step 01700] eval_success_rate=0.200 eval_mean_score=13.640 eval_policy_mode=greedy [solved=10/50, score_range=10.00-16.00/16.0, initial=13.52]
[step 01700] PROGRESS: filled=14.60 violations=0.48 zero_cand=0.00
[step 01700] DEBUG: ep_len=11.6 ep_ret=-10.708 stop_prob=0.000 score_chg=-0.4250
[step 01750] value_loss=196.770447 policy_loss=4.086409
[step 01750] VALUE_DEBUG: target(mean=17.09 std=45.09 min=-50.00 max=50.00) V(s)(mean=14.35 std=35.56) reward(mean=-0.290 std=2.593) clip=50.0
[step 01800] opnorm clamp applied
[step 01800] value_loss=140.282135 policy_loss=0.225781
[step 01800] VALUE_DEBUG: target(mean=18.12 std=43.87 min=-49.65 max=50.00) V(s)(mean=16.11 std=36.69) reward(mean=-0.433 std=3.223) clip=50.0
[step 01800] eval_success_rate=0.160 eval_mean_score=13.600 eval_policy_mode=greedy [solved=8/50, score_range=10.00-16.00/16.0, initial=13.52]
[step 01800] PROGRESS: filled=14.56 violations=0.48 zero_cand=0.00
[step 01800] DEBUG: ep_len=11.8 ep_ret=-10.873 stop_prob=0.000 score_chg=-0.3850
[step 01850] value_loss=359.457764 policy_loss=-1.796633
[step 01850] VALUE_DEBUG: target(mean=9.35 std=44.25 min=-50.00 max=50.00) V(s)(mean=11.53 std=36.75) reward(mean=-1.337 std=5.476) clip=50.0
[step 01900] opnorm clamp applied
[step 01900] value_loss=405.275391 policy_loss=1.152164
[step 01900] VALUE_DEBUG: target(mean=-1.76 std=46.14 min=-50.00 max=50.00) V(s)(mean=5.60 std=39.70) reward(mean=-2.202 std=5.251) clip=50.0
[step 01900] eval_success_rate=0.200 eval_mean_score=13.740 eval_policy_mode=greedy [solved=10/50, score_range=10.00-16.00/16.0, initial=13.52]
[step 01900] PROGRESS: filled=14.70 violations=0.48 zero_cand=0.00
[step 01900] DEBUG: ep_len=11.4 ep_ret=-10.214 stop_prob=0.000 score_chg=-0.2675
[step 01950] value_loss=94.211273 policy_loss=1.433383
[step 01950] VALUE_DEBUG: target(mean=21.16 std=44.25 min=-50.00 max=50.00) V(s)(mean=17.92 std=35.59) reward(mean=-0.538 std=2.434) clip=50.0
[step 02000] opnorm clamp applied
[step 02000] value_loss=337.107605 policy_loss=0.547740
[step 02000] VALUE_DEBUG: target(mean=6.45 std=44.56 min=-50.00 max=49.44) V(s)(mean=7.81 std=39.36) reward(mean=-1.457 std=4.255) clip=50.0
[step 02000] eval_success_rate=0.160 eval_mean_score=13.560 eval_policy_mode=greedy [solved=8/50, score_range=10.00-16.00/16.0, initial=13.52]
[step 02000] PROGRESS: filled=14.52 violations=0.48 zero_cand=0.00
[step 02000] DEBUG: ep_len=12.0 ep_ret=-11.215 stop_prob=0.000 score_chg=-0.5325
[Checkpoint] Saved to checkpoints/rl_sudoku-4x4-trivial_seed456/rl_checkpoint_step_2000.pt
[step 02050] value_loss=275.942017 policy_loss=1.187570
[step 02050] VALUE_DEBUG: target(mean=11.53 std=46.50 min=-50.00 max=50.00) V(s)(mean=13.56 std=39.10) reward(mean=-1.181 std=4.480) clip=50.0
[step 02100] opnorm clamp applied
[step 02100] value_loss=475.155060 policy_loss=0.319814
[step 02100] VALUE_DEBUG: target(mean=20.01 std=40.71 min=-50.00 max=50.00) V(s)(mean=21.13 std=35.04) reward(mean=-1.696 std=5.389) clip=50.0
[step 02100] eval_success_rate=0.160 eval_mean_score=13.580 eval_policy_mode=greedy [solved=8/50, score_range=10.00-16.00/16.0, initial=13.52]
[step 02100] PROGRESS: filled=14.54 violations=0.48 zero_cand=0.00
[step 02100] DEBUG: ep_len=11.3 ep_ret=-9.463 stop_prob=0.000 score_chg=0.0575
[step 02150] value_loss=265.798584 policy_loss=0.898531
[step 02150] VALUE_DEBUG: target(mean=16.19 std=43.88 min=-50.00 max=50.00) V(s)(mean=13.43 std=39.17) reward(mean=-0.992 std=3.815) clip=50.0
[step 02200] opnorm clamp applied
[step 02200] value_loss=393.290863 policy_loss=2.469929
[step 02200] VALUE_DEBUG: target(mean=23.11 std=39.71 min=-50.00 max=50.00) V(s)(mean=21.27 std=35.63) reward(mean=-1.516 std=5.100) clip=50.0
[step 02200] eval_success_rate=0.200 eval_mean_score=13.660 eval_policy_mode=greedy [solved=10/50, score_range=10.00-16.00/16.0, initial=13.52]
[step 02200] PROGRESS: filled=14.62 violations=0.48 zero_cand=0.00
[step 02200] DEBUG: ep_len=11.9 ep_ret=-10.865 stop_prob=0.000 score_chg=-0.3800
[step 02250] value_loss=55.595818 policy_loss=0.777797
[step 02250] VALUE_DEBUG: target(mean=12.06 std=47.37 min=-50.00 max=50.00) V(s)(mean=10.89 std=40.29) reward(mean=-0.493 std=2.281) clip=50.0
[step 02300] opnorm clamp applied
[step 02300] value_loss=177.619202 policy_loss=1.457211
[step 02300] VALUE_DEBUG: target(mean=9.46 std=47.11 min=-50.00 max=50.00) V(s)(mean=11.23 std=40.23) reward(mean=-1.428 std=4.138) clip=50.0
[step 02300] eval_success_rate=0.200 eval_mean_score=13.660 eval_policy_mode=greedy [solved=10/50, score_range=10.00-16.00/16.0, initial=13.52]
[step 02300] PROGRESS: filled=14.62 violations=0.48 zero_cand=0.00
[step 02300] DEBUG: ep_len=11.3 ep_ret=-9.941 stop_prob=0.000 score_chg=-0.0350
[step 02350] value_loss=349.610962 policy_loss=1.397158
[step 02350] VALUE_DEBUG: target(mean=13.66 std=44.20 min=-50.00 max=50.00) V(s)(mean=13.84 std=39.02) reward(mean=-1.747 std=5.195) clip=50.0
[step 02400] opnorm clamp applied
[step 02400] value_loss=170.231262 policy_loss=1.801387
[step 02400] VALUE_DEBUG: target(mean=23.33 std=41.53 min=-49.65 max=50.00) V(s)(mean=21.30 std=35.70) reward(mean=-1.019 std=4.837) clip=50.0
[step 02400] eval_success_rate=0.160 eval_mean_score=13.620 eval_policy_mode=greedy [solved=8/50, score_range=10.00-16.00/16.0, initial=13.52]
[step 02400] PROGRESS: filled=14.58 violations=0.48 zero_cand=0.00
[step 02400] DEBUG: ep_len=11.5 ep_ret=-10.750 stop_prob=0.000 score_chg=-0.4000
[step 02450] value_loss=144.817596 policy_loss=-0.330691
[step 02450] VALUE_DEBUG: target(mean=28.36 std=39.03 min=-50.00 max=50.00) V(s)(mean=27.02 std=33.15) reward(mean=-1.148 std=3.227) clip=50.0
[step 02500] opnorm clamp applied
[step 02500] value_loss=67.398819 policy_loss=2.176844
[step 02500] VALUE_DEBUG: target(mean=21.90 std=42.68 min=-49.65 max=49.40) V(s)(mean=19.03 std=37.85) reward(mean=-1.302 std=3.374) clip=50.0
[step 02500] eval_success_rate=0.200 eval_mean_score=13.660 eval_policy_mode=greedy [solved=10/50, score_range=10.00-16.00/16.0, initial=13.52]
[step 02500] PROGRESS: filled=14.62 violations=0.48 zero_cand=0.00
[step 02500] DEBUG: ep_len=11.2 ep_ret=-9.935 stop_prob=0.000 score_chg=-0.1225
[step 02550] value_loss=52.116116 policy_loss=0.028299
[step 02550] VALUE_DEBUG: target(mean=21.25 std=44.32 min=-50.00 max=50.00) V(s)(mean=19.56 std=37.66) reward(mean=-0.560 std=1.700) clip=50.0
[step 02600] opnorm clamp applied
[step 02600] value_loss=164.023422 policy_loss=2.673671
[step 02600] VALUE_DEBUG: target(mean=21.39 std=42.74 min=-50.00 max=50.00) V(s)(mean=20.18 std=37.06) reward(mean=-0.249 std=3.402) clip=50.0
[step 02600] eval_success_rate=0.160 eval_mean_score=13.580 eval_policy_mode=greedy [solved=8/50, score_range=10.00-16.00/16.0, initial=13.52]
[step 02600] PROGRESS: filled=14.54 violations=0.48 zero_cand=0.00
[step 02600] DEBUG: ep_len=11.6 ep_ret=-9.794 stop_prob=0.000 score_chg=0.0800
[step 02650] value_loss=342.526062 policy_loss=-0.011517
[step 02650] VALUE_DEBUG: target(mean=18.66 std=42.69 min=-50.00 max=50.00) V(s)(mean=19.17 std=37.85) reward(mean=-1.771 std=4.662) clip=50.0
[step 02700] opnorm clamp applied
[step 02700] value_loss=160.504028 policy_loss=2.388700
[step 02700] VALUE_DEBUG: target(mean=19.44 std=44.24 min=-50.00 max=50.00) V(s)(mean=20.22 std=38.20) reward(mean=-0.683 std=3.252) clip=50.0
[step 02700] eval_success_rate=0.180 eval_mean_score=13.620 eval_policy_mode=greedy [solved=9/50, score_range=10.00-16.00/16.0, initial=13.52]
[step 02700] PROGRESS: filled=14.58 violations=0.48 zero_cand=0.00
[step 02700] DEBUG: ep_len=11.3 ep_ret=-9.948 stop_prob=0.000 score_chg=-0.1625
[step 02750] value_loss=35.102348 policy_loss=0.282185
[step 02750] VALUE_DEBUG: target(mean=21.69 std=44.07 min=-49.65 max=50.00) V(s)(mean=19.66 std=38.74) reward(mean=0.065 std=1.419) clip=50.0
[step 02800] opnorm clamp applied
[step 02800] value_loss=193.599152 policy_loss=0.917000
[step 02800] VALUE_DEBUG: target(mean=27.21 std=39.31 min=-49.65 max=50.00) V(s)(mean=24.71 std=34.97) reward(mean=-0.595 std=2.962) clip=50.0
[step 02800] eval_success_rate=0.200 eval_mean_score=13.660 eval_policy_mode=greedy [solved=10/50, score_range=10.00-16.00/16.0, initial=13.52]
[step 02800] PROGRESS: filled=14.62 violations=0.48 zero_cand=0.00
[step 02800] DEBUG: ep_len=11.2 ep_ret=-8.988 stop_prob=0.000 score_chg=0.2050
[step 02850] value_loss=92.660019 policy_loss=1.851892
[step 02850] VALUE_DEBUG: target(mean=24.69 std=40.75 min=-50.00 max=50.00) V(s)(mean=20.73 std=37.45) reward(mean=-0.159 std=1.274) clip=50.0
[step 02900] opnorm clamp applied
[step 02900] value_loss=44.044559 policy_loss=1.260086
[step 02900] VALUE_DEBUG: target(mean=12.02 std=47.69 min=-50.00 max=50.00) V(s)(mean=11.24 std=41.33) reward(mean=-0.840 std=2.520) clip=50.0
[step 02900] eval_success_rate=0.160 eval_mean_score=13.580 eval_policy_mode=greedy [solved=8/50, score_range=10.00-16.00/16.0, initial=13.52]
[step 02900] PROGRESS: filled=14.54 violations=0.48 zero_cand=0.00
[step 02900] DEBUG: ep_len=10.9 ep_ret=-9.722 stop_prob=0.000 score_chg=-0.2525
[step 02950] value_loss=518.305176 policy_loss=3.532964
[step 02950] VALUE_DEBUG: target(mean=7.98 std=45.07 min=-50.00 max=50.00) V(s)(mean=14.38 std=41.10) reward(mean=-2.968 std=6.269) clip=50.0
[step 03000] opnorm clamp applied
[step 03000] value_loss=36.369072 policy_loss=0.197356
[step 03000] VALUE_DEBUG: target(mean=21.56 std=44.35 min=-50.00 max=50.00) V(s)(mean=19.70 std=38.75) reward(mean=0.129 std=1.980) clip=50.0
[step 03000] eval_success_rate=0.200 eval_mean_score=13.680 eval_policy_mode=greedy [solved=10/50, score_range=10.00-16.00/16.0, initial=13.52]
[step 03000] PROGRESS: filled=14.64 violations=0.48 zero_cand=0.00
[step 03000] DEBUG: ep_len=11.3 ep_ret=-9.981 stop_prob=0.000 score_chg=-0.1225
[Checkpoint] Saved to checkpoints/rl_sudoku-4x4-trivial_seed456/rl_checkpoint_step_3000.pt
[step 03050] value_loss=252.030579 policy_loss=0.172774
[step 03050] VALUE_DEBUG: target(mean=20.32 std=43.18 min=-50.00 max=50.00) V(s)(mean=22.00 std=37.82) reward(mean=-1.584 std=4.247) clip=50.0
[step 03100] opnorm clamp applied
[step 03100] value_loss=315.007629 policy_loss=0.585838
[step 03100] VALUE_DEBUG: target(mean=22.16 std=39.40 min=-49.65 max=50.00) V(s)(mean=25.02 std=36.02) reward(mean=-1.033 std=4.334) clip=50.0
[step 03100] eval_success_rate=0.200 eval_mean_score=13.640 eval_policy_mode=greedy [solved=10/50, score_range=10.00-16.00/16.0, initial=13.52]
[step 03100] PROGRESS: filled=14.60 violations=0.48 zero_cand=0.00
[step 03100] DEBUG: ep_len=11.8 ep_ret=-10.031 stop_prob=0.000 score_chg=0.0725
[step 03150] value_loss=71.790016 policy_loss=1.656436
[step 03150] VALUE_DEBUG: target(mean=19.89 std=42.92 min=-49.65 max=50.00) V(s)(mean=16.93 std=40.20) reward(mean=-1.584 std=4.460) clip=50.0
[step 03200] opnorm clamp applied
[step 03200] value_loss=520.187195 policy_loss=1.035222
[step 03200] VALUE_DEBUG: target(mean=12.61 std=41.92 min=-49.65 max=49.41) V(s)(mean=15.49 std=40.48) reward(mean=-1.309 std=5.020) clip=50.0
[step 03200] eval_success_rate=0.240 eval_mean_score=13.800 eval_policy_mode=greedy [solved=12/50, score_range=10.00-16.00/16.0, initial=13.52]
[step 03200] PROGRESS: filled=14.76 violations=0.48 zero_cand=0.00
[step 03200] DEBUG: ep_len=11.0 ep_ret=-8.363 stop_prob=0.000 score_chg=0.4175
[step 03250] value_loss=469.513550 policy_loss=0.800883
[step 03250] VALUE_DEBUG: target(mean=8.74 std=44.83 min=-50.00 max=50.00) V(s)(mean=15.14 std=40.42) reward(mean=-2.091 std=5.689) clip=50.0
[step 03300] opnorm clamp applied
[step 03300] value_loss=252.097382 policy_loss=0.460731
[step 03300] VALUE_DEBUG: target(mean=22.22 std=41.58 min=-50.00 max=49.45) V(s)(mean=23.84 std=36.03) reward(mean=-1.155 std=4.033) clip=50.0
[step 03300] eval_success_rate=0.200 eval_mean_score=13.660 eval_policy_mode=greedy [solved=10/50, score_range=10.00-16.00/16.0, initial=13.52]
[step 03300] PROGRESS: filled=14.62 violations=0.48 zero_cand=0.00
[step 03300] DEBUG: ep_len=11.5 ep_ret=-10.197 stop_prob=0.000 score_chg=-0.2725
[step 03350] value_loss=334.916382 policy_loss=1.578233
[step 03350] VALUE_DEBUG: target(mean=22.15 std=41.65 min=-50.00 max=50.00) V(s)(mean=21.87 std=38.15) reward(mean=-1.618 std=4.524) clip=50.0
[step 03400] opnorm clamp applied
[step 03400] value_loss=228.449432 policy_loss=1.041665
[step 03400] VALUE_DEBUG: target(mean=6.14 std=44.61 min=-49.65 max=49.41) V(s)(mean=7.87 std=41.85) reward(mean=-1.593 std=5.191) clip=50.0
[step 03400] eval_success_rate=0.220 eval_mean_score=13.740 eval_policy_mode=greedy [solved=11/50, score_range=10.00-16.00/16.0, initial=13.52]
[step 03400] PROGRESS: filled=14.70 violations=0.48 zero_cand=0.00
[step 03400] DEBUG: ep_len=10.7 ep_ret=-8.451 stop_prob=0.000 score_chg=0.1575
[step 03450] value_loss=145.939941 policy_loss=3.553073
[step 03450] VALUE_DEBUG: target(mean=25.04 std=41.04 min=-49.65 max=50.00) V(s)(mean=25.38 std=35.76) reward(mean=-1.237 std=3.485) clip=50.0
[step 03500] opnorm clamp applied
[step 03500] value_loss=49.642132 policy_loss=0.487587
[step 03500] VALUE_DEBUG: target(mean=28.34 std=39.09 min=-50.00 max=50.00) V(s)(mean=25.13 std=36.02) reward(mean=-1.212 std=3.207) clip=50.0
[step 03500] eval_success_rate=0.200 eval_mean_score=13.660 eval_policy_mode=greedy [solved=10/50, score_range=10.00-16.00/16.0, initial=13.52]
[step 03500] PROGRESS: filled=14.62 violations=0.48 zero_cand=0.00
[step 03500] DEBUG: ep_len=11.4 ep_ret=-9.643 stop_prob=0.000 score_chg=0.1375
[step 03550] value_loss=430.495361 policy_loss=1.051174
[step 03550] VALUE_DEBUG: target(mean=26.20 std=38.22 min=-50.00 max=50.00) V(s)(mean=30.62 std=31.45) reward(mean=-1.787 std=5.024) clip=50.0
[step 03600] opnorm clamp applied
[step 03600] value_loss=277.813110 policy_loss=1.200776
[step 03600] VALUE_DEBUG: target(mean=20.46 std=39.43 min=-49.65 max=50.00) V(s)(mean=22.00 std=37.14) reward(mean=-1.185 std=5.439) clip=50.0
[step 03600] eval_success_rate=0.220 eval_mean_score=13.740 eval_policy_mode=greedy [solved=11/50, score_range=10.00-16.00/16.0, initial=13.52]
[step 03600] PROGRESS: filled=14.70 violations=0.48 zero_cand=0.00
[step 03600] DEBUG: ep_len=11.4 ep_ret=-10.397 stop_prob=0.000 score_chg=-0.2025
[step 03650] value_loss=136.140869 policy_loss=0.414148
[step 03650] VALUE_DEBUG: target(mean=29.06 std=38.95 min=-49.65 max=50.00) V(s)(mean=28.45 std=34.77) reward(mean=-0.130 std=3.220) clip=50.0
[step 03700] opnorm clamp applied
[step 03700] value_loss=255.827347 policy_loss=1.038173
[step 03700] VALUE_DEBUG: target(mean=26.50 std=39.57 min=-49.65 max=50.00) V(s)(mean=28.66 std=34.26) reward(mean=-1.336 std=4.056) clip=50.0
[step 03700] eval_success_rate=0.220 eval_mean_score=13.720 eval_policy_mode=greedy [solved=11/50, score_range=10.00-16.00/16.0, initial=13.52]
[step 03700] PROGRESS: filled=14.68 violations=0.48 zero_cand=0.00
[step 03700] DEBUG: ep_len=10.8 ep_ret=-8.657 stop_prob=0.000 score_chg=0.3450
[step 03750] value_loss=565.790955 policy_loss=1.492077
[step 03750] VALUE_DEBUG: target(mean=16.07 std=40.62 min=-50.00 max=50.00) V(s)(mean=11.64 std=42.17) reward(mean=-1.464 std=4.649) clip=50.0
[step 03800] opnorm clamp applied
[step 03800] value_loss=210.221756 policy_loss=1.152115
[step 03800] VALUE_DEBUG: target(mean=20.78 std=42.68 min=-49.65 max=50.00) V(s)(mean=19.61 std=38.84) reward(mean=-0.503 std=3.692) clip=50.0
[step 03800] eval_success_rate=0.180 eval_mean_score=13.660 eval_policy_mode=greedy [solved=9/50, score_range=10.00-16.00/16.0, initial=13.52]
[step 03800] PROGRESS: filled=14.62 violations=0.48 zero_cand=0.00
[step 03800] DEBUG: ep_len=10.5 ep_ret=-8.518 stop_prob=0.000 score_chg=0.0925
[step 03850] value_loss=317.141602 policy_loss=1.831754
[step 03850] VALUE_DEBUG: target(mean=33.38 std=31.48 min=-49.64 max=49.42) V(s)(mean=28.15 std=33.78) reward(mean=-0.654 std=3.478) clip=50.0
[step 03900] opnorm clamp applied
[step 03900] value_loss=270.064972 policy_loss=0.688325
[step 03900] VALUE_DEBUG: target(mean=21.59 std=41.46 min=-50.00 max=50.00) V(s)(mean=22.09 std=37.76) reward(mean=-1.774 std=5.132) clip=50.0
[step 03900] eval_success_rate=0.240 eval_mean_score=13.680 eval_policy_mode=greedy [solved=12/50, score_range=10.00-16.00/16.0, initial=13.52]
[step 03900] PROGRESS: filled=14.64 violations=0.48 zero_cand=0.00
[step 03900] DEBUG: ep_len=11.2 ep_ret=-9.746 stop_prob=0.000 score_chg=-0.2450
[step 03950] value_loss=95.111084 policy_loss=0.860926
[step 03950] VALUE_DEBUG: target(mean=29.39 std=38.53 min=-49.65 max=50.00) V(s)(mean=25.20 std=36.77) reward(mean=0.024 std=1.652) clip=50.0
[step 04000] opnorm clamp applied
[step 04000] value_loss=465.785278 policy_loss=1.475086
[step 04000] VALUE_DEBUG: target(mean=16.68 std=42.97 min=-50.00 max=50.00) V(s)(mean=20.30 std=39.09) reward(mean=-1.703 std=5.868) clip=50.0
[step 04000] eval_success_rate=0.260 eval_mean_score=13.700 eval_policy_mode=greedy [solved=13/50, score_range=10.00-16.00/16.0, initial=13.52]
[step 04000] PROGRESS: filled=14.66 violations=0.48 zero_cand=0.00
[step 04000] DEBUG: ep_len=11.0 ep_ret=-9.654 stop_prob=0.000 score_chg=-0.2175
[Checkpoint] Saved to checkpoints/rl_sudoku-4x4-trivial_seed456/rl_checkpoint_step_4000.pt
[step 04050] value_loss=312.681519 policy_loss=1.019374
[step 04050] VALUE_DEBUG: target(mean=26.88 std=37.88 min=-49.65 max=50.00) V(s)(mean=27.73 std=33.31) reward(mean=-0.938 std=3.937) clip=50.0
[step 04100] opnorm clamp applied
[step 04100] value_loss=202.708710 policy_loss=0.389078
[step 04100] VALUE_DEBUG: target(mean=11.64 std=44.38 min=-49.60 max=50.00) V(s)(mean=6.29 std=43.83) reward(mean=-0.716 std=4.291) clip=50.0
[step 04100] eval_success_rate=0.240 eval_mean_score=13.680 eval_policy_mode=greedy [solved=12/50, score_range=10.00-16.00/16.0, initial=13.52]
[step 04100] PROGRESS: filled=14.64 violations=0.48 zero_cand=0.00
[step 04100] DEBUG: ep_len=10.7 ep_ret=-8.523 stop_prob=0.000 score_chg=0.1725
[step 04150] value_loss=89.783936 policy_loss=-1.058971
[step 04150] VALUE_DEBUG: target(mean=32.35 std=36.18 min=-50.00 max=50.00) V(s)(mean=28.48 std=33.64) reward(mean=0.003 std=1.830) clip=50.0
[step 04200] opnorm clamp applied
[step 04200] value_loss=377.311584 policy_loss=1.393227
[step 04200] VALUE_DEBUG: target(mean=27.35 std=37.93 min=-49.64 max=50.00) V(s)(mean=31.10 std=32.16) reward(mean=-2.026 std=4.807) clip=50.0
[step 04200] eval_success_rate=0.240 eval_mean_score=13.800 eval_policy_mode=greedy [solved=12/50, score_range=10.00-16.00/16.0, initial=13.52]
[step 04200] PROGRESS: filled=14.76 violations=0.48 zero_cand=0.00
[step 04200] DEBUG: ep_len=11.0 ep_ret=-9.162 stop_prob=0.000 score_chg=0.0450
[step 04250] value_loss=273.593933 policy_loss=2.586140
[step 04250] VALUE_DEBUG: target(mean=24.39 std=39.20 min=-49.65 max=50.00) V(s)(mean=20.33 std=37.41) reward(mean=-0.343 std=2.063) clip=50.0
[step 04300] opnorm clamp applied
[step 04300] value_loss=202.342560 policy_loss=2.583021
[step 04300] VALUE_DEBUG: target(mean=33.24 std=34.05 min=-49.65 max=50.00) V(s)(mean=31.30 std=31.49) reward(mean=-0.305 std=3.762) clip=50.0
[step 04300] eval_success_rate=0.240 eval_mean_score=13.720 eval_policy_mode=greedy [solved=12/50, score_range=10.00-16.00/16.0, initial=13.52]
[step 04300] PROGRESS: filled=14.68 violations=0.48 zero_cand=0.00
[step 04300] DEBUG: ep_len=10.4 ep_ret=-8.551 stop_prob=0.000 score_chg=0.0675
[step 04350] value_loss=138.897934 policy_loss=1.133305
[step 04350] VALUE_DEBUG: target(mean=24.36 std=40.79 min=-49.63 max=50.00) V(s)(mean=24.04 std=36.45) reward(mean=-0.381 std=3.181) clip=50.0
[step 04400] opnorm clamp applied
[step 04400] value_loss=29.904701 policy_loss=1.767146
[step 04400] VALUE_DEBUG: target(mean=16.49 std=45.17 min=-50.00 max=50.00) V(s)(mean=16.14 std=40.12) reward(mean=-0.800 std=2.204) clip=50.0
[step 04400] eval_success_rate=0.240 eval_mean_score=13.760 eval_policy_mode=greedy [solved=12/50, score_range=10.00-16.00/16.0, initial=13.52]
[step 04400] PROGRESS: filled=14.72 violations=0.48 zero_cand=0.00
[step 04400] DEBUG: ep_len=10.9 ep_ret=-8.509 stop_prob=0.000 score_chg=0.3575
[step 04450] value_loss=90.171249 policy_loss=1.581724
[step 04450] VALUE_DEBUG: target(mean=20.07 std=43.44 min=-49.65 max=49.40) V(s)(mean=17.76 std=40.38) reward(mean=-0.035 std=2.055) clip=50.0
[step 04500] opnorm clamp applied
[step 04500] value_loss=323.912933 policy_loss=0.854023
[step 04500] VALUE_DEBUG: target(mean=13.53 std=43.48 min=-50.00 max=49.46) V(s)(mean=13.85 std=40.58) reward(mean=-0.563 std=3.061) clip=50.0
[step 04500] eval_success_rate=0.220 eval_mean_score=13.660 eval_policy_mode=greedy [solved=11/50, score_range=10.00-16.00/16.0, initial=13.52]
[step 04500] PROGRESS: filled=14.62 violations=0.48 zero_cand=0.00
[step 04500] DEBUG: ep_len=10.4 ep_ret=-8.491 stop_prob=0.000 score_chg=0.1800
[step 04550] value_loss=363.889160 policy_loss=0.973976
[step 04550] VALUE_DEBUG: target(mean=29.50 std=32.73 min=-49.63 max=49.46) V(s)(mean=28.38 std=32.24) reward(mean=-1.433 std=4.209) clip=50.0
[step 04600] opnorm clamp applied
[step 04600] value_loss=189.734985 policy_loss=0.468554
[step 04600] VALUE_DEBUG: target(mean=30.07 std=36.64 min=-49.64 max=50.00) V(s)(mean=28.06 std=34.92) reward(mean=-0.653 std=3.496) clip=50.0
[step 04600] eval_success_rate=0.240 eval_mean_score=13.760 eval_policy_mode=greedy [solved=12/50, score_range=10.00-16.00/16.0, initial=13.52]
[step 04600] PROGRESS: filled=14.72 violations=0.48 zero_cand=0.00
[step 04600] DEBUG: ep_len=10.8 ep_ret=-8.881 stop_prob=0.000 score_chg=0.0200
[step 04650] value_loss=142.397888 policy_loss=0.095797
[step 04650] VALUE_DEBUG: target(mean=36.26 std=30.91 min=-50.00 max=50.00) V(s)(mean=35.31 std=25.90) reward(mean=-0.486 std=3.818) clip=50.0
[step 04700] opnorm clamp applied
[step 04700] value_loss=614.614990 policy_loss=1.133409
[step 04700] VALUE_DEBUG: target(mean=17.63 std=39.96 min=-50.00 max=49.41) V(s)(mean=27.01 std=34.75) reward(mean=-2.714 std=5.642) clip=50.0
[step 04700] eval_success_rate=0.240 eval_mean_score=13.680 eval_policy_mode=greedy [solved=12/50, score_range=10.00-16.00/16.0, initial=13.52]
[step 04700] PROGRESS: filled=14.64 violations=0.48 zero_cand=0.00
[step 04700] DEBUG: ep_len=10.8 ep_ret=-8.677 stop_prob=0.000 score_chg=0.2075
[step 04750] value_loss=24.692863 policy_loss=1.052406
[step 04750] VALUE_DEBUG: target(mean=34.12 std=35.13 min=-49.65 max=50.00) V(s)(mean=31.53 std=31.38) reward(mean=0.125 std=1.780) clip=50.0
[step 04800] opnorm clamp applied
[step 04800] value_loss=278.516998 policy_loss=1.164645
[step 04800] VALUE_DEBUG: target(mean=23.89 std=39.74 min=-49.65 max=50.00) V(s)(mean=20.46 std=39.09) reward(mean=-0.589 std=4.212) clip=50.0
[step 04800] eval_success_rate=0.300 eval_mean_score=13.900 eval_policy_mode=greedy [solved=15/50, score_range=10.00-16.00/16.0, initial=13.52]
[step 04800] PROGRESS: filled=14.86 violations=0.48 zero_cand=0.00
[step 04800] DEBUG: ep_len=10.8 ep_ret=-8.462 stop_prob=0.000 score_chg=0.2550
[step 04850] value_loss=26.367067 policy_loss=1.202953
[step 04850] VALUE_DEBUG: target(mean=12.41 std=47.78 min=-50.00 max=50.00) V(s)(mean=11.71 std=42.93) reward(mean=-0.338 std=1.696) clip=50.0
[step 04900] opnorm clamp applied
[step 04900] value_loss=200.672913 policy_loss=0.540371
[step 04900] VALUE_DEBUG: target(mean=17.97 std=44.22 min=-50.00 max=50.00) V(s)(mean=17.66 std=41.13) reward(mean=-0.900 std=3.208) clip=50.0
[step 04900] eval_success_rate=0.260 eval_mean_score=13.740 eval_policy_mode=greedy [solved=13/50, score_range=10.00-16.00/16.0, initial=13.52]
[step 04900] PROGRESS: filled=14.70 violations=0.48 zero_cand=0.00
[step 04900] DEBUG: ep_len=10.6 ep_ret=-8.756 stop_prob=0.000 score_chg=0.2200
[step 04950] value_loss=397.061279 policy_loss=3.822487
[step 04950] VALUE_DEBUG: target(mean=23.70 std=39.41 min=-50.00 max=50.00) V(s)(mean=23.08 std=38.10) reward(mean=-0.997 std=4.782) clip=50.0
[step 05000] opnorm clamp applied
[step 05000] value_loss=308.581635 policy_loss=0.445183
[step 05000] VALUE_DEBUG: target(mean=39.09 std=24.75 min=-50.00 max=50.00) V(s)(mean=38.04 std=22.45) reward(mean=-1.058 std=4.553) clip=50.0
[step 05000] eval_success_rate=0.220 eval_mean_score=13.700 eval_policy_mode=greedy [solved=11/50, score_range=10.00-16.00/16.0, initial=13.52]
[step 05000] PROGRESS: filled=14.66 violations=0.48 zero_cand=0.00
[step 05000] DEBUG: ep_len=11.0 ep_ret=-8.699 stop_prob=0.000 score_chg=0.1950
[Checkpoint] Saved to checkpoints/rl_sudoku-4x4-trivial_seed456/rl_checkpoint_step_5000.pt
[Checkpoint] Saved to checkpoints/rl_sudoku-4x4-trivial_seed456/rl_checkpoint_step_5000.pt
