[2026-01-20T07:13:59.046-08:00] Buck UI: https://www.internalfb.com/buck2/cf8bcd67-a8e8-45b2-8baf-b073137cbfee
[2026-01-20T07:13:59.370-08:00] Network: Up: 0B  Down: 0B
BUILD SUCCEEDED - starting your binary
[INFO] Using feasibility-aware Sudoku checker for 4x4
       score = filled - 2.0*violations - 5.0*zeroCand
       Max score: 16 (all filled, no violations)
[INFO] Training for 5000 steps (gamma=0.990, K=1, inner_unroll_n=2)
[INFO] Terminal rewards: solve=1.000, fail=-16.000
[INFO] Using TRM backbone (hidden=64, H=2, L=2)
[DEBUG] Policy head STOP bias: 0.00 (should be 0.0 for uniform init)
[INFO] Puzzle embeddings DISABLED (set --puzzle-emb-ndim > 0 to enable)
/data/repos/fbsource/buck-out/v2/gen/fbcode/7bc20b5dff24e379/buiksat_trm/__upi_trm_train__/upi_trm_train#link-tree/torch/cuda/__init__.py:373: UserWarning: Found GPU0 NVIDIA A100-PG509-200 which is of compute capability (CC) 8.0.
The following list shows the CCs this version of PyTorch was built for and the hardware CCs it supports:
Please follow the instructions at https://pytorch.org/get-started/locally/ to install a PyTorch release that supports one of these CUDA versions: 12.6, 12.8, 13.0
  _warn_unsupported_code(d, device_cc, code_ccs)
INFO:2026-01-20 07:14:05 4149409:4149409 CuptiCallbackApi.cpp:74] Callback: domain = 3, cbid = 1
INFO:2026-01-20 07:14:05 4149409:4149409 CuptiActivityProfiler.cpp:245] CUDA versions. CUPTI: 22; Runtime: 12040; Driver: 12040
INFO:2026-01-20 07:14:05 4149409:4151825 FBConfig.cpp:330] Perfetto builder enabled: 1
INFO:2026-01-20 07:14:05 4149409:4151825 DynoConfigLoader.cpp:61] Setting communication fabric enabled = 0
INFO:2026-01-20 07:14:05 4149409:4151825 DynoConfigLoader.cpp:61] Setting communication fabric enabled = 0
TritonTraceHandler: disabled because /logs does not exist
===========[FB_TRITON]=========== Triton Version: 3.3.2+fb
[INFO] Using UPI-TRM algorithm (K=1, inner_n=2)
[INFO] Checkpoint directory: checkpoints/rl_sudoku-4x4-trivial_seed456

============================================================
UPI-TRM THEORY ALIGNMENT CHECK
============================================================
⚠ Configuration has theory gaps:
  • enable_contraction=False disables spectral normalization (Assumption 4.2). L_z < 1 contraction not enforced.
  • exact_baseline_summation=False: Using approximate baseline. This gives O(ε_A/(1-γ)) bound instead of O(α·ε_A) from Theorem 5.9. For discrete action spaces (Sudoku), enable for tighter bounds.
  • theory_exact_mixture=False: Using parameter-space interpolation for CPI, which is NOT equivalent to policy-space mixture. The CPI improvement guarantee does not strictly apply. Set theory_exact_mixture=True for theory-exact behavior (but slower due to evaluating two networks).

Theory status:
  Forward-invariant projection: ✓
  Contraction enforced (L_z < 1): ✗
  Exact baseline (Thm 5.9): ✗
  Distillation (not in theory): ✓ disabled

Is theory-exact: False
============================================================

UPI-TRM theoretical dials:
  L_z target (rl_cfg.target_Lz): 0.9
  L_V target (rl_cfg.target_Lv): 1.0
  Inner unroll n (rl_cfg.inner_unroll_n): 2
  K-step horizon K (rl_cfg.K): 1
  Mixture alpha (rl_cfg.mixture_alpha): 0.1
  Latent ball radius (rl_cfg.latent_ball_radius): 10.0
  Episodic latent: False
  Exact K-step targets: False
  Exact baseline summation: False

[INFO] STOP action mode: disabled
[INFO] Forward-invariant projection enabled (R=10.0)
[WandB] Disabled by default (enable with: --wandb)
[DEBUG] Action mask: 4 valid actions out of 97 total
[DEBUG] Latent mode: persistent
[DEBUG] Step 0 probs: STOP=0.000000, edits=1.000000
[DEBUG] Top 5 action probs: torch.return_types.topk(
values=tensor([0.2944, 0.2828, 0.2467, 0.1761, 0.0000], device='cuda:0',
       grad_fn=<TopkBackward0>),
indices=tensor([22, 23, 20, 21,  0], device='cuda:0'))
[step 00050] value_loss=13.623908 policy_loss=-0.597171
[step 00050] VALUE_DEBUG: target(mean=-1.29 std=3.69 min=-9.34 max=5.99) V(s)(mean=-1.10 std=0.24) reward(mean=-1.087 std=3.670) clip=50.0
[step 00100] value_loss=24.133884 policy_loss=0.101135
[step 00100] VALUE_DEBUG: target(mean=-1.15 std=5.12 min=-16.04 max=6.84) V(s)(mean=-1.71 std=0.76) reward(mean=-0.585 std=5.022) clip=50.0
[step 00100] eval_success_rate=0.180 eval_mean_score=12.200 eval_policy_mode=greedy [solved=9/50, score_range=2.00-16.00/16.0, initial=13.52]
[step 00100] PROGRESS: filled=14.60 violations=1.00 zero_cand=0.08
[step 00100] DEBUG: ep_len=11.2 ep_ret=-13.386 stop_prob=0.000 score_chg=-4.7025
[step 00150] value_loss=26.393974 policy_loss=-0.744554
[step 00150] VALUE_DEBUG: target(mean=-3.22 std=5.04 min=-22.00 max=5.22) V(s)(mean=-1.74 std=0.68) reward(mean=-2.190 std=5.179) clip=50.0
[step 00200] value_loss=21.188570 policy_loss=-0.062309
[step 00200] VALUE_DEBUG: target(mean=-3.13 std=4.81 min=-16.02 max=6.84) V(s)(mean=-2.44 std=1.13) reward(mean=-1.859 std=4.927) clip=50.0
[step 00200] eval_success_rate=0.300 eval_mean_score=14.100 eval_policy_mode=greedy [solved=15/50, score_range=9.00-16.00/16.0, initial=13.52]
[step 00200] PROGRESS: filled=14.54 violations=0.22 zero_cand=0.00
[step 00200] DEBUG: ep_len=10.6 ep_ret=-11.721 stop_prob=0.000 score_chg=-3.8000
[step 00250] value_loss=12.394481 policy_loss=-1.113294
[step 00250] VALUE_DEBUG: target(mean=-3.35 std=3.45 min=-10.96 max=3.79) V(s)(mean=-2.41 std=1.57) reward(mean=-1.540 std=3.638) clip=50.0
[step 00300] value_loss=21.696098 policy_loss=-1.805961
[step 00300] VALUE_DEBUG: target(mean=-2.71 std=5.13 min=-16.02 max=6.84) V(s)(mean=-3.74 std=1.54) reward(mean=-0.253 std=4.977) clip=50.0
[step 00300] eval_success_rate=0.300 eval_mean_score=14.120 eval_policy_mode=greedy [solved=15/50, score_range=6.00-16.00/16.0, initial=13.52]
[step 00300] PROGRESS: filled=14.52 violations=0.10 zero_cand=0.04
[step 00300] DEBUG: ep_len=8.9 ep_ret=-6.738 stop_prob=0.000 score_chg=-0.9725
[step 00350] value_loss=35.299774 policy_loss=-0.816029
[step 00350] VALUE_DEBUG: target(mean=-3.47 std=6.55 min=-19.98 max=6.84) V(s)(mean=-3.61 std=2.48) reward(mean=-0.816 std=6.836) clip=50.0
[step 00400] value_loss=16.600292 policy_loss=0.032194
[step 00400] VALUE_DEBUG: target(mean=-4.26 std=4.52 min=-16.06 max=6.84) V(s)(mean=-4.12 std=2.17) reward(mean=-0.687 std=4.410) clip=50.0
[step 00400] eval_success_rate=0.360 eval_mean_score=14.640 eval_policy_mode=greedy [solved=18/50, score_range=13.00-16.00/16.0, initial=13.52]
[step 00400] PROGRESS: filled=14.64 violations=0.00 zero_cand=0.00
[step 00400] DEBUG: ep_len=8.0 ep_ret=-4.375 stop_prob=0.000 score_chg=0.4825
[step 00450] value_loss=27.682793 policy_loss=0.710880
[step 00450] VALUE_DEBUG: target(mean=-4.09 std=5.40 min=-22.04 max=6.84) V(s)(mean=-4.51 std=1.66) reward(mean=-0.783 std=5.759) clip=50.0
[step 00500] value_loss=19.232990 policy_loss=0.853359
[step 00500] VALUE_DEBUG: target(mean=-4.06 std=4.83 min=-15.10 max=3.42) V(s)(mean=-4.68 std=1.84) reward(mean=-0.315 std=4.447) clip=50.0
[step 00500] eval_success_rate=0.360 eval_mean_score=14.560 eval_policy_mode=greedy [solved=18/50, score_range=13.00-16.00/16.0, initial=13.52]
[step 00500] PROGRESS: filled=14.56 violations=0.00 zero_cand=0.00
[step 00500] DEBUG: ep_len=7.1 ep_ret=-2.805 stop_prob=0.000 score_chg=1.2125
[step 00550] value_loss=13.429274 policy_loss=0.475133
[step 00550] VALUE_DEBUG: target(mean=-5.31 std=4.70 min=-20.05 max=1.84) V(s)(mean=-5.37 std=2.38) reward(mean=-1.224 std=4.859) clip=50.0
[step 00600] value_loss=16.193657 policy_loss=0.704733
[step 00600] VALUE_DEBUG: target(mean=-4.11 std=4.52 min=-16.04 max=6.84) V(s)(mean=-4.27 std=2.03) reward(mean=0.251 std=4.130) clip=50.0
[step 00600] eval_success_rate=0.320 eval_mean_score=14.640 eval_policy_mode=greedy [solved=16/50, score_range=13.00-16.00/16.0, initial=13.52]
[step 00600] PROGRESS: filled=14.64 violations=0.00 zero_cand=0.00
[step 00600] DEBUG: ep_len=7.3 ep_ret=-2.806 stop_prob=0.000 score_chg=1.4725
[step 00650] value_loss=8.663860 policy_loss=0.547724
[step 00650] VALUE_DEBUG: target(mean=-5.52 std=3.43 min=-16.28 max=-0.19) V(s)(mean=-5.22 std=2.66) reward(mean=-0.521 std=2.942) clip=50.0
[step 00700] value_loss=14.198689 policy_loss=0.324332
[step 00700] VALUE_DEBUG: target(mean=-5.87 std=4.96 min=-15.98 max=6.84) V(s)(mean=-4.76 std=3.38) reward(mean=-1.138 std=4.169) clip=50.0
[step 00700] eval_success_rate=0.380 eval_mean_score=14.660 eval_policy_mode=greedy [solved=19/50, score_range=13.00-16.00/16.0, initial=13.52]
[step 00700] PROGRESS: filled=14.66 violations=0.00 zero_cand=0.00
[step 00700] DEBUG: ep_len=6.5 ep_ret=-1.452 stop_prob=0.000 score_chg=1.4875
[step 00750] value_loss=8.410372 policy_loss=-0.389312
[step 00750] VALUE_DEBUG: target(mean=-5.77 std=4.77 min=-18.28 max=4.89) V(s)(mean=-5.68 std=3.40) reward(mean=-0.106 std=3.088) clip=50.0
[step 00800] value_loss=9.732033 policy_loss=0.955066
[step 00800] VALUE_DEBUG: target(mean=-4.34 std=4.78 min=-11.95 max=6.84) V(s)(mean=-5.32 std=4.30) reward(mean=0.449 std=3.032) clip=50.0
[step 00800] eval_success_rate=0.440 eval_mean_score=14.960 eval_policy_mode=greedy [solved=22/50, score_range=13.00-16.00/16.0, initial=13.52]
[step 00800] PROGRESS: filled=14.96 violations=0.00 zero_cand=0.00
[step 00800] DEBUG: ep_len=6.4 ep_ret=-1.811 stop_prob=0.000 score_chg=1.5000
[step 00850] value_loss=20.738625 policy_loss=0.561993
[step 00850] VALUE_DEBUG: target(mean=-5.25 std=4.46 min=-16.04 max=1.84) V(s)(mean=-5.85 std=2.96) reward(mean=-0.350 std=4.785) clip=50.0
[step 00900] value_loss=17.169825 policy_loss=0.053210
[step 00900] VALUE_DEBUG: target(mean=-6.19 std=5.75 min=-16.14 max=6.84) V(s)(mean=-6.56 std=3.25) reward(mean=-1.110 std=5.648) clip=50.0
[step 00900] eval_success_rate=0.500 eval_mean_score=14.840 eval_policy_mode=greedy [solved=25/50, score_range=13.00-16.00/16.0, initial=13.52]
[step 00900] PROGRESS: filled=14.84 violations=0.00 zero_cand=0.00
[step 00900] DEBUG: ep_len=6.3 ep_ret=-1.844 stop_prob=0.000 score_chg=1.3725
[step 00950] value_loss=10.721698 policy_loss=0.558210
[step 00950] VALUE_DEBUG: target(mean=-5.98 std=4.56 min=-16.15 max=6.84) V(s)(mean=-6.09 std=4.11) reward(mean=-0.378 std=4.120) clip=50.0
[step 01000] value_loss=13.818443 policy_loss=-0.585452
[step 01000] VALUE_DEBUG: target(mean=-6.04 std=5.36 min=-15.60 max=6.84) V(s)(mean=-6.47 std=4.11) reward(mean=-0.196 std=3.500) clip=50.0
[step 01000] eval_success_rate=0.500 eval_mean_score=15.120 eval_policy_mode=greedy [solved=25/50, score_range=13.00-16.00/16.0, initial=13.52]
[step 01000] PROGRESS: filled=15.12 violations=0.00 zero_cand=0.00
[step 01000] DEBUG: ep_len=6.8 ep_ret=-2.121 stop_prob=0.000 score_chg=1.6025
[Checkpoint] Saved to checkpoints/rl_sudoku-4x4-trivial_seed456/rl_checkpoint_step_1000.pt
[step 01050] value_loss=11.839947 policy_loss=-0.381746
[step 01050] VALUE_DEBUG: target(mean=-6.16 std=6.21 min=-21.04 max=6.84) V(s)(mean=-6.90 std=4.54) reward(mean=-0.012 std=4.889) clip=50.0
[step 01100] value_loss=13.550791 policy_loss=0.264705
[step 01100] VALUE_DEBUG: target(mean=-6.75 std=5.14 min=-16.10 max=1.84) V(s)(mean=-6.34 std=4.10) reward(mean=-1.705 std=5.158) clip=50.0
[step 01100] eval_success_rate=0.600 eval_mean_score=15.220 eval_policy_mode=greedy [solved=30/50, score_range=13.00-16.00/16.0, initial=13.52]
[step 01100] PROGRESS: filled=15.22 violations=0.00 zero_cand=0.00
[step 01100] DEBUG: ep_len=5.4 ep_ret=0.101 stop_prob=0.000 score_chg=1.9525
[step 01150] value_loss=14.226959 policy_loss=0.256579
[step 01150] VALUE_DEBUG: target(mean=-6.33 std=5.67 min=-16.15 max=4.37) V(s)(mean=-5.66 std=4.09) reward(mean=-1.708 std=5.978) clip=50.0
[step 01200] value_loss=4.983856 policy_loss=0.372408
[step 01200] VALUE_DEBUG: target(mean=-5.65 std=5.16 min=-16.15 max=4.81) V(s)(mean=-6.10 std=4.07) reward(mean=0.359 std=3.490) clip=50.0
[step 01200] eval_success_rate=0.640 eval_mean_score=15.280 eval_policy_mode=greedy [solved=32/50, score_range=13.00-16.00/16.0, initial=13.52]
[step 01200] PROGRESS: filled=15.28 violations=0.00 zero_cand=0.00
[step 01200] DEBUG: ep_len=5.2 ep_ret=0.853 stop_prob=0.000 score_chg=2.1350
[step 01250] value_loss=9.523361 policy_loss=-0.175651
[step 01250] VALUE_DEBUG: target(mean=-6.78 std=5.10 min=-15.62 max=6.62) V(s)(mean=-6.92 std=4.21) reward(mean=-0.555 std=3.162) clip=50.0
[step 01300] value_loss=11.598912 policy_loss=-0.136447
[step 01300] VALUE_DEBUG: target(mean=-6.03 std=6.08 min=-16.45 max=5.96) V(s)(mean=-5.50 std=5.01) reward(mean=-1.340 std=4.288) clip=50.0
[step 01300] eval_success_rate=0.680 eval_mean_score=15.380 eval_policy_mode=greedy [solved=34/50, score_range=13.00-16.00/16.0, initial=13.52]
[step 01300] PROGRESS: filled=15.38 violations=0.00 zero_cand=0.00
[step 01300] DEBUG: ep_len=4.3 ep_ret=1.091 stop_prob=0.000 score_chg=1.9850
[step 01350] value_loss=10.342884 policy_loss=0.425423
[step 01350] VALUE_DEBUG: target(mean=-4.62 std=5.38 min=-16.08 max=6.84) V(s)(mean=-4.69 std=4.42) reward(mean=-0.753 std=5.073) clip=50.0
[step 01400] value_loss=20.861614 policy_loss=0.435033
[step 01400] VALUE_DEBUG: target(mean=-5.35 std=6.74 min=-19.40 max=6.84) V(s)(mean=-5.08 std=4.90) reward(mean=-1.204 std=5.067) clip=50.0
[step 01400] eval_success_rate=0.600 eval_mean_score=15.240 eval_policy_mode=greedy [solved=30/50, score_range=13.00-16.00/16.0, initial=13.52]
[step 01400] PROGRESS: filled=15.24 violations=0.00 zero_cand=0.00
[step 01400] DEBUG: ep_len=5.1 ep_ret=0.225 stop_prob=0.000 score_chg=1.9450
[step 01450] value_loss=11.215896 policy_loss=0.299296
[step 01450] VALUE_DEBUG: target(mean=-4.86 std=5.98 min=-16.12 max=7.17) V(s)(mean=-5.86 std=4.69) reward(mean=0.349 std=4.020) clip=50.0
[step 01500] value_loss=8.100267 policy_loss=0.251139
[step 01500] VALUE_DEBUG: target(mean=-6.43 std=5.43 min=-16.25 max=6.16) V(s)(mean=-6.87 std=5.14) reward(mean=-0.335 std=1.865) clip=50.0
[step 01500] eval_success_rate=0.720 eval_mean_score=15.440 eval_policy_mode=greedy [solved=36/50, score_range=13.00-16.00/16.0, initial=13.52]
[step 01500] PROGRESS: filled=15.44 violations=0.00 zero_cand=0.00
[step 01500] DEBUG: ep_len=4.9 ep_ret=0.357 stop_prob=0.000 score_chg=1.8300
[step 01550] value_loss=9.225056 policy_loss=0.755249
[step 01550] VALUE_DEBUG: target(mean=-6.06 std=6.74 min=-16.70 max=6.84) V(s)(mean=-6.44 std=5.50) reward(mean=-1.019 std=5.453) clip=50.0
[step 01600] value_loss=9.871928 policy_loss=-0.561812
[step 01600] VALUE_DEBUG: target(mean=-5.41 std=6.01 min=-16.33 max=6.84) V(s)(mean=-6.64 std=5.23) reward(mean=0.903 std=2.534) clip=50.0
[step 01600] eval_success_rate=0.740 eval_mean_score=15.580 eval_policy_mode=greedy [solved=37/50, score_range=13.00-16.00/16.0, initial=13.52]
[step 01600] PROGRESS: filled=15.58 violations=0.00 zero_cand=0.00
[step 01600] DEBUG: ep_len=4.3 ep_ret=1.356 stop_prob=0.000 score_chg=2.1750
[step 01650] value_loss=19.643595 policy_loss=0.744818
[step 01650] VALUE_DEBUG: target(mean=-6.66 std=6.99 min=-16.25 max=6.84) V(s)(mean=-5.27 std=5.93) reward(mean=-1.737 std=5.419) clip=50.0
[step 01700] value_loss=22.217705 policy_loss=0.506202
[step 01700] VALUE_DEBUG: target(mean=-5.08 std=6.93 min=-16.49 max=6.84) V(s)(mean=-5.17 std=5.21) reward(mean=-0.370 std=4.412) clip=50.0
[step 01700] eval_success_rate=0.840 eval_mean_score=15.600 eval_policy_mode=greedy [solved=42/50, score_range=13.00-16.00/16.0, initial=13.52]
[step 01700] PROGRESS: filled=15.60 violations=0.00 zero_cand=0.00
[step 01700] DEBUG: ep_len=4.1 ep_ret=1.631 stop_prob=0.000 score_chg=2.2050
[step 01750] value_loss=8.386171 policy_loss=-0.154964
[step 01750] VALUE_DEBUG: target(mean=-5.80 std=5.72 min=-14.51 max=6.58) V(s)(mean=-5.42 std=4.98) reward(mean=-0.543 std=2.987) clip=50.0
[step 01800] value_loss=4.406610 policy_loss=-0.408237
[step 01800] VALUE_DEBUG: target(mean=-5.24 std=6.26 min=-15.73 max=5.70) V(s)(mean=-5.25 std=5.62) reward(mean=-0.032 std=3.063) clip=50.0
[step 01800] eval_success_rate=0.860 eval_mean_score=15.760 eval_policy_mode=greedy [solved=43/50, score_range=13.00-16.00/16.0, initial=13.52]
[step 01800] PROGRESS: filled=15.76 violations=0.00 zero_cand=0.00
[step 01800] DEBUG: ep_len=4.3 ep_ret=0.959 stop_prob=0.000 score_chg=2.0750
[step 01850] value_loss=10.357336 policy_loss=1.003785
[step 01850] VALUE_DEBUG: target(mean=-2.80 std=7.15 min=-20.38 max=7.19) V(s)(mean=-3.16 std=5.72) reward(mean=0.186 std=4.428) clip=50.0
[step 01900] value_loss=12.762129 policy_loss=0.446539
[step 01900] VALUE_DEBUG: target(mean=-4.77 std=7.42 min=-16.09 max=7.71) V(s)(mean=-4.32 std=5.55) reward(mean=-0.428 std=4.614) clip=50.0
[step 01900] eval_success_rate=0.800 eval_mean_score=15.680 eval_policy_mode=greedy [solved=40/50, score_range=13.00-16.00/16.0, initial=13.52]
[step 01900] PROGRESS: filled=15.68 violations=0.00 zero_cand=0.00
[step 01900] DEBUG: ep_len=4.3 ep_ret=1.058 stop_prob=0.000 score_chg=2.0950
[step 01950] value_loss=10.415371 policy_loss=0.414317
[step 01950] VALUE_DEBUG: target(mean=-6.70 std=6.44 min=-16.09 max=7.60) V(s)(mean=-6.76 std=5.62) reward(mean=-0.546 std=4.036) clip=50.0
[step 02000] value_loss=7.741415 policy_loss=0.740068
[step 02000] VALUE_DEBUG: target(mean=-5.58 std=7.22 min=-16.91 max=8.42) V(s)(mean=-4.89 std=6.50) reward(mean=-0.466 std=3.793) clip=50.0
[step 02000] eval_success_rate=0.840 eval_mean_score=15.760 eval_policy_mode=greedy [solved=42/50, score_range=13.00-16.00/16.0, initial=13.52]
[step 02000] PROGRESS: filled=15.76 violations=0.00 zero_cand=0.00
[step 02000] DEBUG: ep_len=4.6 ep_ret=0.518 stop_prob=0.000 score_chg=1.9275
[Checkpoint] Saved to checkpoints/rl_sudoku-4x4-trivial_seed456/rl_checkpoint_step_2000.pt
[step 02050] value_loss=14.957729 policy_loss=-0.488595
[step 02050] VALUE_DEBUG: target(mean=-5.36 std=6.24 min=-16.15 max=6.84) V(s)(mean=-6.06 std=5.48) reward(mean=-0.414 std=4.691) clip=50.0
[step 02100] value_loss=12.492460 policy_loss=-0.720429
[step 02100] VALUE_DEBUG: target(mean=-7.16 std=6.85 min=-16.33 max=9.02) V(s)(mean=-6.89 std=6.64) reward(mean=-1.772 std=5.235) clip=50.0
[step 02100] eval_success_rate=0.880 eval_mean_score=15.840 eval_policy_mode=greedy [solved=44/50, score_range=14.00-16.00/16.0, initial=13.52]
[step 02100] PROGRESS: filled=15.84 violations=0.00 zero_cand=0.00
[step 02100] DEBUG: ep_len=4.4 ep_ret=1.093 stop_prob=0.000 score_chg=2.1350
[step 02150] value_loss=5.802138 policy_loss=0.556012
[step 02150] VALUE_DEBUG: target(mean=-5.02 std=6.87 min=-17.96 max=7.69) V(s)(mean=-5.73 std=6.44) reward(mean=-0.531 std=4.415) clip=50.0
[step 02200] value_loss=13.881430 policy_loss=0.447681
[step 02200] VALUE_DEBUG: target(mean=-5.22 std=6.57 min=-21.04 max=8.36) V(s)(mean=-4.97 std=5.52) reward(mean=-0.609 std=4.562) clip=50.0
[step 02200] eval_success_rate=0.860 eval_mean_score=15.740 eval_policy_mode=greedy [solved=43/50, score_range=13.00-16.00/16.0, initial=13.52]
[step 02200] PROGRESS: filled=15.74 violations=0.00 zero_cand=0.00
[step 02200] DEBUG: ep_len=3.8 ep_ret=1.834 stop_prob=0.000 score_chg=2.2200
[step 02250] value_loss=5.814660 policy_loss=-1.118230
[step 02250] VALUE_DEBUG: target(mean=-5.38 std=6.50 min=-15.48 max=3.57) V(s)(mean=-5.10 std=5.60) reward(mean=0.035 std=2.477) clip=50.0
[step 02300] value_loss=21.467487 policy_loss=0.587799
[step 02300] VALUE_DEBUG: target(mean=-6.36 std=8.13 min=-18.76 max=6.84) V(s)(mean=-5.88 std=6.44) reward(mean=-0.552 std=5.353) clip=50.0
[step 02300] eval_success_rate=0.880 eval_mean_score=15.800 eval_policy_mode=greedy [solved=44/50, score_range=13.00-16.00/16.0, initial=13.52]
[step 02300] PROGRESS: filled=15.80 violations=0.00 zero_cand=0.00
[step 02300] DEBUG: ep_len=3.8 ep_ret=1.587 stop_prob=0.000 score_chg=2.1300
[step 02350] value_loss=5.300936 policy_loss=-0.159880
[step 02350] VALUE_DEBUG: target(mean=-5.81 std=6.47 min=-20.43 max=3.25) V(s)(mean=-5.21 std=6.02) reward(mean=-0.907 std=3.909) clip=50.0
[step 02400] value_loss=5.406985 policy_loss=-0.679863
[step 02400] VALUE_DEBUG: target(mean=-6.99 std=7.29 min=-20.34 max=6.15) V(s)(mean=-6.77 std=6.78) reward(mean=-0.992 std=3.740) clip=50.0
[step 02400] eval_success_rate=0.840 eval_mean_score=15.800 eval_policy_mode=greedy [solved=42/50, score_range=14.00-16.00/16.0, initial=13.52]
[step 02400] PROGRESS: filled=15.80 violations=0.00 zero_cand=0.00
[step 02400] DEBUG: ep_len=4.1 ep_ret=1.299 stop_prob=0.000 score_chg=2.1775
[step 02450] value_loss=20.375881 policy_loss=0.895180
[step 02450] VALUE_DEBUG: target(mean=-2.98 std=7.09 min=-16.04 max=6.85) V(s)(mean=-3.30 std=5.88) reward(mean=0.352 std=3.743) clip=50.0
[step 02500] value_loss=12.607123 policy_loss=1.190323
[step 02500] VALUE_DEBUG: target(mean=-5.22 std=6.76 min=-24.06 max=3.53) V(s)(mean=-4.16 std=5.51) reward(mean=-1.515 std=5.492) clip=50.0
[step 02500] eval_success_rate=0.880 eval_mean_score=15.800 eval_policy_mode=greedy [solved=44/50, score_range=13.00-16.00/16.0, initial=13.52]
[step 02500] PROGRESS: filled=15.80 violations=0.00 zero_cand=0.00
[step 02500] DEBUG: ep_len=3.8 ep_ret=1.601 stop_prob=0.000 score_chg=2.2375
[step 02550] value_loss=23.918417 policy_loss=0.122867
[step 02550] VALUE_DEBUG: target(mean=-4.74 std=6.99 min=-20.99 max=6.84) V(s)(mean=-4.59 std=6.83) reward(mean=-1.099 std=4.988) clip=50.0
[step 02600] value_loss=5.072225 policy_loss=0.030057
[step 02600] VALUE_DEBUG: target(mean=-4.42 std=6.01 min=-17.38 max=6.84) V(s)(mean=-4.34 std=5.41) reward(mean=0.197 std=3.012) clip=50.0
[step 02600] eval_success_rate=0.880 eval_mean_score=15.800 eval_policy_mode=greedy [solved=44/50, score_range=13.00-16.00/16.0, initial=13.52]
[step 02600] PROGRESS: filled=15.80 violations=0.00 zero_cand=0.00
[step 02600] DEBUG: ep_len=3.9 ep_ret=1.484 stop_prob=0.000 score_chg=2.2050
[step 02650] value_loss=9.300066 policy_loss=-0.199071
[step 02650] VALUE_DEBUG: target(mean=-4.94 std=7.60 min=-16.48 max=7.76) V(s)(mean=-5.09 std=6.90) reward(mean=-0.118 std=4.177) clip=50.0
[step 02700] value_loss=4.277548 policy_loss=-0.124954
[step 02700] VALUE_DEBUG: target(mean=-5.26 std=6.98 min=-16.79 max=6.84) V(s)(mean=-5.77 std=6.82) reward(mean=0.369 std=3.365) clip=50.0
[step 02700] eval_success_rate=0.880 eval_mean_score=15.800 eval_policy_mode=greedy [solved=44/50, score_range=13.00-16.00/16.0, initial=13.52]
[step 02700] PROGRESS: filled=15.80 violations=0.00 zero_cand=0.00
[step 02700] DEBUG: ep_len=4.2 ep_ret=1.055 stop_prob=0.000 score_chg=2.1000
[step 02750] value_loss=7.369874 policy_loss=-0.091904
[step 02750] VALUE_DEBUG: target(mean=-4.83 std=6.77 min=-16.42 max=6.78) V(s)(mean=-4.75 std=6.40) reward(mean=0.128 std=2.793) clip=50.0
[step 02800] value_loss=12.537660 policy_loss=0.459937
[step 02800] VALUE_DEBUG: target(mean=-2.65 std=7.40 min=-24.67 max=6.51) V(s)(mean=-2.99 std=5.49) reward(mean=0.033 std=4.437) clip=50.0
[step 02800] eval_success_rate=0.920 eval_mean_score=15.840 eval_policy_mode=greedy [solved=46/50, score_range=13.00-16.00/16.0, initial=13.52]
[step 02800] PROGRESS: filled=15.84 violations=0.00 zero_cand=0.00
[step 02800] DEBUG: ep_len=3.5 ep_ret=1.790 stop_prob=0.000 score_chg=2.2650
[step 02850] value_loss=9.090097 policy_loss=-0.225616
[step 02850] VALUE_DEBUG: target(mean=-4.38 std=7.81 min=-17.95 max=6.84) V(s)(mean=-4.47 std=7.11) reward(mean=0.197 std=2.805) clip=50.0
[step 02900] value_loss=13.971415 policy_loss=0.986846
[step 02900] VALUE_DEBUG: target(mean=-5.13 std=7.97 min=-23.34 max=6.95) V(s)(mean=-5.05 std=6.79) reward(mean=-0.100 std=3.762) clip=50.0
[step 02900] eval_success_rate=0.920 eval_mean_score=15.840 eval_policy_mode=greedy [solved=46/50, score_range=13.00-16.00/16.0, initial=13.52]
[step 02900] PROGRESS: filled=15.84 violations=0.00 zero_cand=0.00
[step 02900] DEBUG: ep_len=3.6 ep_ret=1.623 stop_prob=0.000 score_chg=2.1800
[step 02950] value_loss=8.771808 policy_loss=-0.069122
[step 02950] VALUE_DEBUG: target(mean=-4.04 std=6.32 min=-17.08 max=6.84) V(s)(mean=-3.68 std=6.27) reward(mean=0.229 std=3.444) clip=50.0
[step 03000] value_loss=9.942560 policy_loss=0.289609
[step 03000] VALUE_DEBUG: target(mean=-5.02 std=8.75 min=-17.32 max=6.84) V(s)(mean=-4.99 std=7.76) reward(mean=0.288 std=3.482) clip=50.0
[step 03000] eval_success_rate=0.920 eval_mean_score=15.840 eval_policy_mode=greedy [solved=46/50, score_range=13.00-16.00/16.0, initial=13.52]
[step 03000] PROGRESS: filled=15.84 violations=0.00 zero_cand=0.00
[step 03000] DEBUG: ep_len=3.7 ep_ret=1.659 stop_prob=0.000 score_chg=2.2875
[Checkpoint] Saved to checkpoints/rl_sudoku-4x4-trivial_seed456/rl_checkpoint_step_3000.pt
[step 03050] value_loss=4.466393 policy_loss=1.108990
[step 03050] VALUE_DEBUG: target(mean=-0.76 std=4.94 min=-16.86 max=6.84) V(s)(mean=-1.32 std=4.42) reward(mean=0.771 std=2.463) clip=50.0
[step 03100] value_loss=3.853638 policy_loss=0.878316
[step 03100] VALUE_DEBUG: target(mean=-4.80 std=7.92 min=-19.63 max=8.13) V(s)(mean=-4.47 std=7.60) reward(mean=-0.841 std=3.716) clip=50.0
[step 03100] eval_success_rate=0.920 eval_mean_score=15.920 eval_policy_mode=greedy [solved=46/50, score_range=15.00-16.00/16.0, initial=13.52]
[step 03100] PROGRESS: filled=15.92 violations=0.00 zero_cand=0.00
[step 03100] DEBUG: ep_len=3.7 ep_ret=1.311 stop_prob=0.000 score_chg=2.1025
[step 03150] value_loss=4.156327 policy_loss=0.126782
[step 03150] VALUE_DEBUG: target(mean=-4.48 std=7.91 min=-17.96 max=5.60) V(s)(mean=-4.71 std=7.31) reward(mean=-0.336 std=4.160) clip=50.0
[step 03200] value_loss=7.640749 policy_loss=-0.393288
[step 03200] VALUE_DEBUG: target(mean=-3.65 std=6.59 min=-20.48 max=3.52) V(s)(mean=-3.15 std=6.30) reward(mean=-1.090 std=3.389) clip=50.0
[step 03200] eval_success_rate=0.920 eval_mean_score=15.880 eval_policy_mode=greedy [solved=46/50, score_range=14.00-16.00/16.0, initial=13.52]
[step 03200] PROGRESS: filled=15.88 violations=0.00 zero_cand=0.00
[step 03200] DEBUG: ep_len=3.4 ep_ret=1.882 stop_prob=0.000 score_chg=2.2550
[step 03250] value_loss=7.526073 policy_loss=0.614065
[step 03250] VALUE_DEBUG: target(mean=-5.48 std=8.73 min=-22.09 max=11.98) V(s)(mean=-5.97 std=7.69) reward(mean=-0.215 std=4.607) clip=50.0
[step 03300] value_loss=6.870656 policy_loss=0.463626
[step 03300] VALUE_DEBUG: target(mean=-3.56 std=7.96 min=-24.15 max=7.57) V(s)(mean=-3.65 std=6.93) reward(mean=0.183 std=2.821) clip=50.0
[step 03300] eval_success_rate=0.920 eval_mean_score=15.880 eval_policy_mode=greedy [solved=46/50, score_range=14.00-16.00/16.0, initial=13.52]
[step 03300] PROGRESS: filled=15.88 violations=0.00 zero_cand=0.00
[step 03300] DEBUG: ep_len=3.8 ep_ret=1.524 stop_prob=0.000 score_chg=2.2400
[step 03350] value_loss=8.830924 policy_loss=-0.904323
[step 03350] VALUE_DEBUG: target(mean=-3.55 std=6.72 min=-17.50 max=8.54) V(s)(mean=-3.55 std=6.08) reward(mean=0.403 std=2.900) clip=50.0
[step 03400] value_loss=1.886064 policy_loss=0.494815
[step 03400] VALUE_DEBUG: target(mean=-4.74 std=7.37 min=-18.27 max=6.84) V(s)(mean=-4.57 std=7.51) reward(mean=0.214 std=2.048) clip=50.0
[step 03400] eval_success_rate=0.900 eval_mean_score=15.900 eval_policy_mode=greedy [solved=45/50, score_range=15.00-16.00/16.0, initial=13.52]
[step 03400] PROGRESS: filled=15.90 violations=0.00 zero_cand=0.00
[step 03400] DEBUG: ep_len=3.7 ep_ret=1.600 stop_prob=0.000 score_chg=2.3150
[step 03450] value_loss=7.827881 policy_loss=-0.613589
[step 03450] VALUE_DEBUG: target(mean=-1.82 std=5.10 min=-15.12 max=2.80) V(s)(mean=-2.10 std=5.11) reward(mean=0.526 std=1.795) clip=50.0
[step 03500] value_loss=9.692494 policy_loss=-0.455397
[step 03500] VALUE_DEBUG: target(mean=-3.73 std=6.87 min=-18.69 max=3.46) V(s)(mean=-3.42 std=5.92) reward(mean=-0.286 std=3.213) clip=50.0
[step 03500] eval_success_rate=0.920 eval_mean_score=15.920 eval_policy_mode=greedy [solved=46/50, score_range=15.00-16.00/16.0, initial=13.52]
[step 03500] PROGRESS: filled=15.92 violations=0.00 zero_cand=0.00
[step 03500] DEBUG: ep_len=3.8 ep_ret=1.741 stop_prob=0.000 score_chg=2.3300
[step 03550] value_loss=8.284567 policy_loss=0.179500
[step 03550] VALUE_DEBUG: target(mean=-4.18 std=8.00 min=-18.12 max=7.48) V(s)(mean=-4.38 std=7.10) reward(mean=0.415 std=3.365) clip=50.0
[step 03600] value_loss=3.182042 policy_loss=0.504947
[step 03600] VALUE_DEBUG: target(mean=-2.31 std=6.14 min=-17.16 max=6.84) V(s)(mean=-2.36 std=5.89) reward(mean=0.647 std=2.035) clip=50.0
[step 03600] eval_success_rate=0.920 eval_mean_score=15.920 eval_policy_mode=greedy [solved=46/50, score_range=15.00-16.00/16.0, initial=13.52]
[step 03600] PROGRESS: filled=15.92 violations=0.00 zero_cand=0.00
[step 03600] DEBUG: ep_len=3.8 ep_ret=1.628 stop_prob=0.000 score_chg=2.2975
[step 03650] value_loss=5.013681 policy_loss=-0.458883
[step 03650] VALUE_DEBUG: target(mean=-2.92 std=7.27 min=-19.03 max=6.56) V(s)(mean=-3.07 std=6.83) reward(mean=0.248 std=2.570) clip=50.0
[step 03700] value_loss=4.398623 policy_loss=-0.089666
[step 03700] VALUE_DEBUG: target(mean=-3.45 std=8.11 min=-18.07 max=6.84) V(s)(mean=-3.99 std=7.68) reward(mean=0.372 std=3.908) clip=50.0
[step 03700] eval_success_rate=0.880 eval_mean_score=15.840 eval_policy_mode=greedy [solved=44/50, score_range=14.00-16.00/16.0, initial=13.52]
[step 03700] PROGRESS: filled=15.84 violations=0.00 zero_cand=0.00
[step 03700] DEBUG: ep_len=4.1 ep_ret=1.407 stop_prob=0.000 score_chg=2.3375
[step 03750] value_loss=3.737396 policy_loss=0.248312
[step 03750] VALUE_DEBUG: target(mean=-4.29 std=8.24 min=-18.40 max=6.84) V(s)(mean=-4.79 std=7.75) reward(mean=0.196 std=3.704) clip=50.0
[step 03800] value_loss=14.692081 policy_loss=-0.064424
[step 03800] VALUE_DEBUG: target(mean=-2.90 std=7.24 min=-18.13 max=6.80) V(s)(mean=-2.50 std=6.96) reward(mean=-0.561 std=3.936) clip=50.0
[step 03800] eval_success_rate=0.920 eval_mean_score=15.880 eval_policy_mode=greedy [solved=46/50, score_range=14.00-16.00/16.0, initial=13.52]
[step 03800] PROGRESS: filled=15.88 violations=0.00 zero_cand=0.00
[step 03800] DEBUG: ep_len=3.8 ep_ret=1.587 stop_prob=0.000 score_chg=2.3125
[step 03850] value_loss=6.763785 policy_loss=0.372023
[step 03850] VALUE_DEBUG: target(mean=-3.13 std=6.83 min=-18.15 max=7.43) V(s)(mean=-3.75 std=6.71) reward(mean=0.570 std=2.473) clip=50.0
[step 03900] value_loss=10.799252 policy_loss=0.107242
[step 03900] VALUE_DEBUG: target(mean=-1.84 std=6.12 min=-18.21 max=6.42) V(s)(mean=-1.81 std=5.42) reward(mean=0.281 std=2.601) clip=50.0
[step 03900] eval_success_rate=0.920 eval_mean_score=15.920 eval_policy_mode=greedy [solved=46/50, score_range=15.00-16.00/16.0, initial=13.52]
[step 03900] PROGRESS: filled=15.92 violations=0.00 zero_cand=0.00
[step 03900] DEBUG: ep_len=3.4 ep_ret=2.171 stop_prob=0.000 score_chg=2.3275
[step 03950] value_loss=8.766219 policy_loss=0.420554
[step 03950] VALUE_DEBUG: target(mean=-5.40 std=8.73 min=-21.04 max=6.84) V(s)(mean=-5.32 std=7.83) reward(mean=0.254 std=3.191) clip=50.0
[step 04000] value_loss=3.922004 policy_loss=-0.024700
[step 04000] VALUE_DEBUG: target(mean=-1.20 std=6.04 min=-17.40 max=6.28) V(s)(mean=-1.43 std=5.80) reward(mean=0.510 std=2.082) clip=50.0
[step 04000] eval_success_rate=0.920 eval_mean_score=15.920 eval_policy_mode=greedy [solved=46/50, score_range=15.00-16.00/16.0, initial=13.52]
[step 04000] PROGRESS: filled=15.92 violations=0.00 zero_cand=0.00
[step 04000] DEBUG: ep_len=3.6 ep_ret=1.654 stop_prob=0.000 score_chg=2.2225
[Checkpoint] Saved to checkpoints/rl_sudoku-4x4-trivial_seed456/rl_checkpoint_step_4000.pt
[step 04050] value_loss=18.988205 policy_loss=-1.156800
[step 04050] VALUE_DEBUG: target(mean=-4.52 std=8.10 min=-18.61 max=6.84) V(s)(mean=-4.72 std=7.50) reward(mean=-0.287 std=5.784) clip=50.0
[step 04100] value_loss=5.976228 policy_loss=-0.334363
[step 04100] VALUE_DEBUG: target(mean=-6.05 std=8.65 min=-18.63 max=7.02) V(s)(mean=-6.18 std=7.99) reward(mean=-0.345 std=4.489) clip=50.0
[step 04100] eval_success_rate=0.920 eval_mean_score=15.880 eval_policy_mode=greedy [solved=46/50, score_range=14.00-16.00/16.0, initial=13.52]
[step 04100] PROGRESS: filled=15.88 violations=0.00 zero_cand=0.00
[step 04100] DEBUG: ep_len=3.5 ep_ret=1.868 stop_prob=0.000 score_chg=2.2575
[step 04150] value_loss=8.829247 policy_loss=0.073884
[step 04150] VALUE_DEBUG: target(mean=-3.40 std=7.70 min=-17.59 max=6.29) V(s)(mean=-3.30 std=7.10) reward(mean=-0.659 std=4.526) clip=50.0
[step 04200] value_loss=11.251356 policy_loss=0.325729
[step 04200] VALUE_DEBUG: target(mean=-7.54 std=8.93 min=-21.39 max=6.73) V(s)(mean=-7.38 std=8.50) reward(mean=-1.243 std=4.678) clip=50.0
[step 04200] eval_success_rate=0.920 eval_mean_score=15.920 eval_policy_mode=greedy [solved=46/50, score_range=15.00-16.00/16.0, initial=13.52]
[step 04200] PROGRESS: filled=15.92 violations=0.00 zero_cand=0.00
[step 04200] DEBUG: ep_len=3.5 ep_ret=1.946 stop_prob=0.000 score_chg=2.3275
[step 04250] value_loss=5.004557 policy_loss=-0.087744
[step 04250] VALUE_DEBUG: target(mean=-5.96 std=7.94 min=-18.29 max=6.84) V(s)(mean=-5.40 std=7.80) reward(mean=0.189 std=2.255) clip=50.0
[step 04300] value_loss=7.835989 policy_loss=-0.505050
[step 04300] VALUE_DEBUG: target(mean=-2.72 std=6.92 min=-18.22 max=6.84) V(s)(mean=-2.74 std=6.27) reward(mean=-0.253 std=2.861) clip=50.0
[step 04300] eval_success_rate=0.920 eval_mean_score=15.920 eval_policy_mode=greedy [solved=46/50, score_range=15.00-16.00/16.0, initial=13.52]
[step 04300] PROGRESS: filled=15.92 violations=0.00 zero_cand=0.00
[step 04300] DEBUG: ep_len=3.5 ep_ret=2.142 stop_prob=0.000 score_chg=2.3500
[step 04350] value_loss=7.218925 policy_loss=0.023470
[step 04350] VALUE_DEBUG: target(mean=-3.21 std=7.38 min=-18.77 max=6.84) V(s)(mean=-3.08 std=7.10) reward(mean=0.187 std=2.528) clip=50.0
[step 04400] value_loss=11.288875 policy_loss=0.313650
[step 04400] VALUE_DEBUG: target(mean=-4.03 std=8.68 min=-24.86 max=8.82) V(s)(mean=-3.60 std=7.40) reward(mean=-0.564 std=4.237) clip=50.0
[step 04400] eval_success_rate=0.920 eval_mean_score=15.880 eval_policy_mode=greedy [solved=46/50, score_range=14.00-16.00/16.0, initial=13.52]
[step 04400] PROGRESS: filled=15.88 violations=0.00 zero_cand=0.00
[step 04400] DEBUG: ep_len=3.5 ep_ret=2.022 stop_prob=0.000 score_chg=2.3200
[step 04450] value_loss=6.040303 policy_loss=0.235887
[step 04450] VALUE_DEBUG: target(mean=-2.73 std=6.59 min=-17.77 max=6.84) V(s)(mean=-2.68 std=6.46) reward(mean=-0.219 std=3.933) clip=50.0
[step 04500] value_loss=4.297903 policy_loss=0.170938
[step 04500] VALUE_DEBUG: target(mean=-2.69 std=7.11 min=-18.68 max=7.40) V(s)(mean=-3.14 std=6.67) reward(mean=0.809 std=2.774) clip=50.0
[step 04500] eval_success_rate=0.920 eval_mean_score=15.880 eval_policy_mode=greedy [solved=46/50, score_range=14.00-16.00/16.0, initial=13.52]
[step 04500] PROGRESS: filled=15.88 violations=0.00 zero_cand=0.00
[step 04500] DEBUG: ep_len=3.8 ep_ret=1.714 stop_prob=0.000 score_chg=2.4000
[step 04550] value_loss=6.357600 policy_loss=0.361117
[step 04550] VALUE_DEBUG: target(mean=-1.79 std=7.46 min=-18.28 max=7.45) V(s)(mean=-2.44 std=7.01) reward(mean=0.970 std=2.744) clip=50.0
[step 04600] value_loss=9.373560 policy_loss=0.375098
[step 04600] VALUE_DEBUG: target(mean=-3.17 std=8.67 min=-24.97 max=10.22) V(s)(mean=-3.44 std=7.57) reward(mean=-0.259 std=4.107) clip=50.0
[step 04600] eval_success_rate=0.920 eval_mean_score=15.880 eval_policy_mode=greedy [solved=46/50, score_range=14.00-16.00/16.0, initial=13.52]
[step 04600] PROGRESS: filled=15.88 violations=0.00 zero_cand=0.00
[step 04600] DEBUG: ep_len=3.3 ep_ret=2.427 stop_prob=0.000 score_chg=2.4450
[step 04650] value_loss=6.825245 policy_loss=-0.155695
[step 04650] VALUE_DEBUG: target(mean=-4.86 std=9.01 min=-20.73 max=6.84) V(s)(mean=-4.68 std=8.45) reward(mean=-0.429 std=2.928) clip=50.0
[step 04700] value_loss=2.671141 policy_loss=0.139061
[step 04700] VALUE_DEBUG: target(mean=-3.93 std=8.26 min=-18.26 max=5.94) V(s)(mean=-4.19 std=8.01) reward(mean=0.402 std=1.503) clip=50.0
[step 04700] eval_success_rate=0.920 eval_mean_score=15.920 eval_policy_mode=greedy [solved=46/50, score_range=15.00-16.00/16.0, initial=13.52]
[step 04700] PROGRESS: filled=15.92 violations=0.00 zero_cand=0.00
[step 04700] DEBUG: ep_len=3.6 ep_ret=1.901 stop_prob=0.000 score_chg=2.3500
[step 04750] value_loss=4.805363 policy_loss=-0.573546
[step 04750] VALUE_DEBUG: target(mean=-2.58 std=8.40 min=-20.23 max=7.16) V(s)(mean=-3.06 std=7.52) reward(mean=0.691 std=2.903) clip=50.0
[step 04800] value_loss=17.200821 policy_loss=-0.281172
[step 04800] VALUE_DEBUG: target(mean=-2.54 std=9.65 min=-22.10 max=7.41) V(s)(mean=-3.67 std=8.29) reward(mean=0.936 std=4.460) clip=50.0
[step 04800] eval_success_rate=0.920 eval_mean_score=15.880 eval_policy_mode=greedy [solved=46/50, score_range=14.00-16.00/16.0, initial=13.52]
[step 04800] PROGRESS: filled=15.88 violations=0.00 zero_cand=0.00
[step 04800] DEBUG: ep_len=3.3 ep_ret=2.194 stop_prob=0.000 score_chg=2.3450
[step 04850] value_loss=6.233098 policy_loss=-0.405425
[step 04850] VALUE_DEBUG: target(mean=-3.07 std=8.15 min=-22.74 max=6.59) V(s)(mean=-3.16 std=7.62) reward(mean=-0.001 std=2.799) clip=50.0
[step 04900] value_loss=20.086781 policy_loss=0.069923
[step 04900] VALUE_DEBUG: target(mean=-5.21 std=9.55 min=-21.16 max=10.38) V(s)(mean=-5.28 std=8.03) reward(mean=-1.120 std=5.054) clip=50.0
[step 04900] eval_success_rate=0.920 eval_mean_score=15.880 eval_policy_mode=greedy [solved=46/50, score_range=14.00-16.00/16.0, initial=13.52]
[step 04900] PROGRESS: filled=15.88 violations=0.00 zero_cand=0.00
[step 04900] DEBUG: ep_len=3.6 ep_ret=1.922 stop_prob=0.000 score_chg=2.3625
[step 04950] value_loss=8.808299 policy_loss=-0.617697
[step 04950] VALUE_DEBUG: target(mean=-1.18 std=6.66 min=-18.21 max=8.48) V(s)(mean=-1.09 std=5.76) reward(mean=-0.197 std=3.869) clip=50.0
[step 05000] value_loss=8.356108 policy_loss=-0.606596
[step 05000] VALUE_DEBUG: target(mean=-4.07 std=7.72 min=-17.93 max=6.84) V(s)(mean=-4.41 std=7.54) reward(mean=0.254 std=2.222) clip=50.0
[step 05000] eval_success_rate=0.920 eval_mean_score=15.880 eval_policy_mode=greedy [solved=46/50, score_range=14.00-16.00/16.0, initial=13.52]
[step 05000] PROGRESS: filled=15.88 violations=0.00 zero_cand=0.00
[step 05000] DEBUG: ep_len=3.6 ep_ret=1.827 stop_prob=0.000 score_chg=2.3100
[Checkpoint] Saved to checkpoints/rl_sudoku-4x4-trivial_seed456/rl_checkpoint_step_5000.pt
[Checkpoint] Saved to checkpoints/rl_sudoku-4x4-trivial_seed456/rl_checkpoint_step_5000.pt
