=== Batch 1/4 ===
[GPU 0] Starting episodic_nc seed=42
[GPU 1] Starting episodic_nc seed=123
[GPU 2] Starting episodic_nc seed=456
[GPU 3] Starting persistent_c seed=42
[GPU 1] Finished episodic_nc seed=123 -> success=0.960
[GPU 0] Finished episodic_nc seed=42 -> success=0.920
[GPU 2] Finished episodic_nc seed=456 -> success=0.920
[GPU 3] Finished persistent_c seed=42 -> success=0.440
Batch 1 complete
=== Batch 2/4 ===
[GPU 0] Starting persistent_c seed=123
[GPU 1] Starting persistent_c seed=456
[GPU 2] Starting ppo seed=42
[GPU 3] Starting ppo seed=123
[GPU 1] Finished persistent_c seed=456 -> success=0.220
[GPU 0] Finished persistent_c seed=123 -> success=0.000
[GPU 3] Finished ppo seed=123 -> success=0.300
[GPU 2] Finished ppo seed=42 -> success=0.300
Batch 2 complete
=== Batch 3/4 ===
[GPU 0] Starting ppo seed=456
[GPU 1] Starting a2c seed=42
[GPU 2] Starting a2c seed=123
[GPU 3] Starting a2c seed=456
[GPU 3] Finished a2c seed=456 -> success=0.300
[GPU 2] Finished a2c seed=123 -> success=0.340
[GPU 0] Finished ppo seed=456 -> success=0.300
[GPU 1] Finished a2c seed=42 -> success=0.300
Batch 3 complete
=== Batch 4/4 ===
[GPU 0] Starting dqn seed=42
[GPU 1] Starting dqn seed=123
[GPU 2] Starting dqn seed=456
[GPU 2] Finished dqn seed=456 -> success=0.300
[GPU 1] Finished dqn seed=123 -> success=0.300
[GPU 0] Finished dqn seed=42 -> success=0.240
Batch 4 complete
=== All experiments complete ===

=== RESULTS SUMMARY ===

episodic_nc:
  seed 42: 0.920
  seed 123: 0.960
  seed 456: 0.920

persistent_c:
  seed 42: 0.440
  seed 123: 0.000
  seed 456: 0.220

ppo:
  seed 42: 0.300
  seed 123: 0.300
  seed 456: 0.300

a2c:
  seed 42: 0.300
  seed 123: 0.340
  seed 456: 0.300

dqn:
  seed 42: 0.240
  seed 123: 0.300
  seed 456: 0.300
