============================================================
Post-audit appendix baseline-tuning rerun (11 completed configs)
============================================================
  Code SHA:    0a96c712fb00da041047d979f332cc8c21158ad3
  Dataset:     buiksat_trm/data/sudoku-4x4-easy_6to8empties
  Seed:        42
  Steps:       20000
  Workers:     0 1 2 3
  Results:     /home/buiksat/trm_bellman/results/hp_tuning_sweep_post0a96c71_11cfg_seed42
  Checkpoints: /home/buiksat/trm_bellman/checkpoints/hp_tuning_sweep_post0a96c71_11cfg_seed42
  Manifest:    /home/buiksat/trm_bellman/results/hp_tuning_sweep_post0a96c71_11cfg_seed42/job_manifest.tsv
  Runtime:     ~28-30h wall-clock on 4 GPUs (historical critical path 28:12:26)
============================================================

[GPU 0] Starting ppo_deep_unroll
  Algorithm:  ppo
  Config:     buiksat_trm/configs/hp_tuning/ppo_deep_unroll.yaml
  Historical: 28:12:26
  Log:        /home/buiksat/trm_bellman/results/hp_tuning_sweep_post0a96c71_11cfg_seed42/ppo_deep_unroll_s42.log
  Checkpoint: /home/buiksat/trm_bellman/checkpoints/hp_tuning_sweep_post0a96c71_11cfg_seed42/ppo_deep_unroll_s42
[GPU 2] Starting ppo_strong_reward
  Algorithm:  ppo
  Config:     buiksat_trm/configs/hp_tuning/ppo_strong_reward.yaml
  Historical: 17:49:54
  Log:        /home/buiksat/trm_bellman/results/hp_tuning_sweep_post0a96c71_11cfg_seed42/ppo_strong_reward_s42.log
  Checkpoint: /home/buiksat/trm_bellman/checkpoints/hp_tuning_sweep_post0a96c71_11cfg_seed42/ppo_strong_reward_s42
[GPU 1] Starting a2c_high_lr_rollout
  Algorithm:  a2c
  Config:     buiksat_trm/configs/hp_tuning/a2c_high_lr_rollout.yaml
  Historical: 14:02:24
  Log:        /home/buiksat/trm_bellman/results/hp_tuning_sweep_post0a96c71_11cfg_seed42/a2c_high_lr_rollout_s42.log
  Checkpoint: /home/buiksat/trm_bellman/checkpoints/hp_tuning_sweep_post0a96c71_11cfg_seed42/a2c_high_lr_rollout_s42
[GPU 3] Starting ppo_high_entropy
  Algorithm:  ppo
  Config:     buiksat_trm/configs/hp_tuning/ppo_high_entropy.yaml
  Historical: 11:43:31
  Log:        /home/buiksat/trm_bellman/results/hp_tuning_sweep_post0a96c71_11cfg_seed42/ppo_high_entropy_s42.log
  Checkpoint: /home/buiksat/trm_bellman/checkpoints/hp_tuning_sweep_post0a96c71_11cfg_seed42/ppo_high_entropy_s42
