=== Hyperparameter Sweep for Baselines on HARD dataset (6-8 empties) ===
Training steps: 20000
Dataset: buiksat_trm/data/sudoku-4x4-easy_6to8empties
Results: /home/buiksat/trm_bellman/results/hp_tuning_sweep
Seed: 42

=== Batch 1/3: PPO variants ===
[GPU 0] Starting ppo_high_entropy
[GPU 1] Starting ppo_deep_unroll
[GPU 2] Starting ppo_high_lr_epochs
[GPU 3] Starting ppo_strong_reward
[GPU 0] Finished ppo_high_entropy -> success=0.000
[GPU 3] Finished ppo_strong_reward -> success=0.000
[GPU 1] Finished ppo_deep_unroll -> success=0.000
Batch 1 complete
=== Batch 2/3: A2C variants ===
[GPU 0] Starting a2c_high_entropy
[GPU 1] Starting a2c_deep_unroll
[GPU 2] Starting a2c_high_lr_rollout
[GPU 3] Starting a2c_strong_reward
[GPU 3] Finished a2c_strong_reward -> success=0.000
[GPU 0] Finished a2c_high_entropy -> success=0.000
[GPU 1] Finished a2c_deep_unroll -> success=0.000
[GPU 2] Finished a2c_high_lr_rollout -> success=0.000
Batch 2 complete
=== Batch 3/3: DQN variants ===
[GPU 0] Starting dqn_slow_explore
[GPU 1] Starting dqn_deep_unroll
[GPU 2] Starting dqn_large_buffer
[GPU 3] Starting dqn_strong_reward
[GPU 0] Finished dqn_slow_explore -> success=0.000
[GPU 3] Finished dqn_strong_reward -> success=0.000
[GPU 2] Finished dqn_large_buffer -> success=0.000
[GPU 1] Finished dqn_deep_unroll -> success=0.000
Batch 3 complete

=== All sweep experiments complete ===
Results saved to: /home/buiksat/trm_bellman/results/hp_tuning_sweep

=== Sweep Results Summary ===
Config | Success Rate
-------|-------------
a2c_deep_unroll | 0.000
a2c_high_entropy | 0.000
a2c_high_lr_rollout | 0.000
a2c_strong_reward | 0.000
dqn_deep_unroll | 0.000
dqn_large_buffer | 0.000
dqn_slow_explore | 0.000
dqn_strong_reward | 0.000
ppo_deep_unroll | 0.000
ppo_high_entropy | 0.000
ppo_high_lr_epochs | 0.000
ppo_strong_reward | 0.000
