[2026-04-12T16:49:52.793-07:00] Buck UI: https://www.internalfb.com/buck2/fd7bc508-332e-492d-8a1c-566613dcb24c
[2026-04-12T16:49:52.928-07:00] Network: Up: 0B  Down: 0B
BUILD SUCCEEDED - starting your binary
WARNING:root:===========[FB_TRITON]=========== Triton Version: 3.5.0+fb
INFO:2026-04-12 16:50:03 2610181:2610181 CuptiCallbackApi.cpp:69] Callback: domain = 3, cbid = 1
INFO:2026-04-12 16:50:03 2610181:2610181 CuptiActivityProfiler.cpp:93] CUDA versions. CUPTI: 22; Runtime: 12040; Driver: 12040
INFO:2026-04-12 16:50:03 2610181:2611506 FBConfig.cpp:330] Perfetto builder enabled: 1
INFO:2026-04-12 16:50:03 2610181:2611506 DynoConfigLoader.cpp:61] Setting communication fabric enabled = 0
INFO:2026-04-12 16:50:03 2610181:2611506 DynoConfigLoader.cpp:61] Setting communication fabric enabled = 0
[step 00100] eval_success_rate=0.000 eval_mean_return=-18.575 eval_invalid_action_rate=0.736
[step 00200] eval_success_rate=0.000 eval_mean_return=-18.623 eval_invalid_action_rate=0.696
[step 00300] eval_success_rate=0.000 eval_mean_return=-18.588 eval_invalid_action_rate=0.736
[step 00400] eval_success_rate=0.000 eval_mean_return=-18.907 eval_invalid_action_rate=0.680
[step 00500] eval_success_rate=0.000 eval_mean_return=-19.747 eval_invalid_action_rate=0.460
[step 00600] eval_success_rate=0.000 eval_mean_return=-18.101 eval_invalid_action_rate=0.820
[step 00700] eval_success_rate=0.000 eval_mean_return=-17.983 eval_invalid_action_rate=0.860
[step 00800] eval_success_rate=0.000 eval_mean_return=-18.620 eval_invalid_action_rate=0.660
[step 00900] eval_success_rate=0.000 eval_mean_return=-19.053 eval_invalid_action_rate=0.600
[step 01000] eval_success_rate=0.000 eval_mean_return=-18.880 eval_invalid_action_rate=0.537
[step 01000] checkpoint=/home/buiksat/trm_bellman/results/neurips2026/external_hard4x4/a2c/seed6/model_step_1000.zip
[step 01100] eval_success_rate=0.000 eval_mean_return=-18.605 eval_invalid_action_rate=0.459
[step 01200] eval_success_rate=0.000 eval_mean_return=-18.716 eval_invalid_action_rate=0.420
[step 01300] eval_success_rate=0.000 eval_mean_return=-18.731 eval_invalid_action_rate=0.460
[step 01400] eval_success_rate=0.000 eval_mean_return=-18.555 eval_invalid_action_rate=0.340
[step 01500] eval_success_rate=0.000 eval_mean_return=-18.687 eval_invalid_action_rate=0.460
[step 01600] eval_success_rate=0.000 eval_mean_return=-18.594 eval_invalid_action_rate=0.559
[step 01700] eval_success_rate=0.000 eval_mean_return=-18.364 eval_invalid_action_rate=0.676
[step 01800] eval_success_rate=0.000 eval_mean_return=-18.138 eval_invalid_action_rate=0.680
[step 01900] eval_success_rate=0.000 eval_mean_return=-18.216 eval_invalid_action_rate=0.580
[step 02000] eval_success_rate=0.000 eval_mean_return=-18.120 eval_invalid_action_rate=0.640
[step 02000] checkpoint=/home/buiksat/trm_bellman/results/neurips2026/external_hard4x4/a2c/seed6/model_step_2000.zip
[step 02100] eval_success_rate=0.000 eval_mean_return=-18.102 eval_invalid_action_rate=0.600
[step 02200] eval_success_rate=0.000 eval_mean_return=-18.038 eval_invalid_action_rate=0.640
[step 02300] eval_success_rate=0.000 eval_mean_return=-18.126 eval_invalid_action_rate=0.679
[step 02400] eval_success_rate=0.000 eval_mean_return=-18.038 eval_invalid_action_rate=0.640
[step 02500] eval_success_rate=0.000 eval_mean_return=-17.558 eval_invalid_action_rate=0.940
[step 02600] eval_success_rate=0.000 eval_mean_return=-17.546 eval_invalid_action_rate=0.999
[step 02700] eval_success_rate=0.000 eval_mean_return=-17.462 eval_invalid_action_rate=1.000
[step 02800] eval_success_rate=0.000 eval_mean_return=-17.642 eval_invalid_action_rate=0.920
[step 02900] eval_success_rate=0.000 eval_mean_return=-17.706 eval_invalid_action_rate=0.880
[step 03000] eval_success_rate=0.000 eval_mean_return=-18.083 eval_invalid_action_rate=0.779
[step 03000] checkpoint=/home/buiksat/trm_bellman/results/neurips2026/external_hard4x4/a2c/seed6/model_step_3000.zip
[step 03100] eval_success_rate=0.000 eval_mean_return=-17.706 eval_invalid_action_rate=0.880
[step 03200] eval_success_rate=0.000 eval_mean_return=-17.674 eval_invalid_action_rate=0.900
[step 03300] eval_success_rate=0.000 eval_mean_return=-17.642 eval_invalid_action_rate=0.920
[step 03400] eval_success_rate=0.000 eval_mean_return=-17.642 eval_invalid_action_rate=0.920
[step 03500] eval_success_rate=0.000 eval_mean_return=-17.610 eval_invalid_action_rate=0.940
[step 03600] eval_success_rate=0.000 eval_mean_return=-17.706 eval_invalid_action_rate=0.880
[step 03700] eval_success_rate=0.000 eval_mean_return=-17.736 eval_invalid_action_rate=0.880
[step 03800] eval_success_rate=0.000 eval_mean_return=-17.704 eval_invalid_action_rate=0.900
[step 03900] eval_success_rate=0.000 eval_mean_return=-17.622 eval_invalid_action_rate=0.900
[step 04000] eval_success_rate=0.000 eval_mean_return=-17.672 eval_invalid_action_rate=0.920
[step 04000] checkpoint=/home/buiksat/trm_bellman/results/neurips2026/external_hard4x4/a2c/seed6/model_step_4000.zip
[step 04100] eval_success_rate=0.000 eval_mean_return=-17.704 eval_invalid_action_rate=0.900
[step 04200] eval_success_rate=0.000 eval_mean_return=-17.622 eval_invalid_action_rate=0.900
[step 04300] eval_success_rate=0.000 eval_mean_return=-17.672 eval_invalid_action_rate=0.920
[step 04400] eval_success_rate=0.000 eval_mean_return=-17.526 eval_invalid_action_rate=0.960
[step 04500] eval_success_rate=0.000 eval_mean_return=-17.640 eval_invalid_action_rate=0.940
[step 04600] eval_success_rate=0.000 eval_mean_return=-17.640 eval_invalid_action_rate=0.940
[step 04700] eval_success_rate=0.000 eval_mean_return=-17.640 eval_invalid_action_rate=0.940
[step 04800] eval_success_rate=0.000 eval_mean_return=-17.610 eval_invalid_action_rate=0.959
[step 04900] eval_success_rate=0.000 eval_mean_return=-17.494 eval_invalid_action_rate=0.980
[step 05000] eval_success_rate=0.000 eval_mean_return=-17.654 eval_invalid_action_rate=0.880
[step 05000] checkpoint=/home/buiksat/trm_bellman/results/neurips2026/external_hard4x4/a2c/seed6/model_step_5000.zip
[baseline] env=sudoku4x4 algo=a2c backend=sb3
[baseline] action_space_n=97 observation_keys=inputs,plan,action_mask
[baseline] finished training: steps=5000 final_eval_success_rate=0.000 final_eval_mean_return=-17.654
[baseline] t0.3_ready=True
[baseline] t0.2_status=complete
[baseline] note: Vanilla SB3 PPO/A2C does not apply logit masking from action_mask; the policy acts in the full no-mask action space and invalid edits are penalized by the environment. This matches the paper's hard-4x4 no-mask protocol and should be compared against the internal no-mask A2C baseline.
[baseline] summary written to /home/buiksat/trm_bellman/results/neurips2026/external_hard4x4/a2c/seed6/train_summary.json
