[2026-01-22T16:01:59.036-08:00] Buck UI: https://www.internalfb.com/buck2/3227ea72-14ac-463d-af6d-66b56a1d3b93
[2026-01-22T16:01:59.036-08:00] File changed: fbcode//checkpoints/rl_sudoku-4x4-trivial_seed42/rl_checkpoint_step_1000.pt
[2026-01-22T16:01:59.036-08:00] File changed: fbcode//checkpoints/rl_sudoku-4x4-trivial_seed42/model_step_1000.pt
[2026-01-22T16:01:59.036-08:00] File changed: fbcode//checkpoints/rl_sudoku-4x4-trivial_seed42/rl_checkpoint_step_2000.pt
[2026-01-22T16:01:59.036-08:00] 17 additional file change events
[2026-01-22T16:01:59.342-08:00] Network: Up: 0B  Down: 0B
BUILD SUCCEEDED - starting your binary
[DATASET] dataset_paths=['buiksat_trm/data/sudoku-4x4-trivial']
[DATASET] resolved_dataset_name=sudoku-4x4-trivial
[DATASET] num_samples=32
[INFO] Using feasibility-aware Sudoku checker for 4x4
       score = filled - 2.0*violations - 5.0*zeroCand
       Max score: 16 (all filled, no violations)
[INFO] Training for 5000 steps (gamma=0.990, K=1, inner_unroll_n=2)
[INFO] Terminal rewards: solve=1.000, fail=-16.000
/data/repos/fbsource/buck-out/v2/gen/fbcode/7bc20b5dff24e379/buiksat_trm/__upi_trm_train__/upi_trm_train#link-tree/upi_trm_train.py:1155: UserWarning: rl_enable_contraction=True: Applying operator-norm clamping and contraction scaling to z->z path layers. This is REQUIRED for Assumption 3.2 (L_z < 1) but will modify network behavior. Pretrained weights from vanilla TRM may require fine-tuning.
  model = TinyRecursiveReasoningModel_ACTV1(trm_cfg_dict)
[INFO] Using TRM backbone (hidden=64, H=2, L=2)
[DEBUG] Policy head STOP bias: 0.00 (should be 0.0 for uniform init)
[INFO] Puzzle embeddings DISABLED (set --puzzle-emb-ndim > 0 to enable)
============================================================
TRAINER SELECTION
============================================================
/data/repos/fbsource/buck-out/v2/gen/fbcode/7bc20b5dff24e379/buiksat_trm/__upi_trm_train__/upi_trm_train#link-tree/torch/cuda/__init__.py:373: UserWarning: Found GPU0 NVIDIA A100-PG509-200 which is of compute capability (CC) 8.0.
The following list shows the CCs this version of PyTorch was built for and the hardware CCs it supports:
Please follow the instructions at https://pytorch.org/get-started/locally/ to install a PyTorch release that supports one of these CUDA versions: 12.6, 12.8, 13.0
  _warn_unsupported_code(d, device_cc, code_ccs)
INFO:2026-01-22 16:02:05 2350760:2350760 CuptiCallbackApi.cpp:74] Callback: domain = 3, cbid = 1
INFO:2026-01-22 16:02:05 2350760:2350760 CuptiActivityProfiler.cpp:245] CUDA versions. CUPTI: 22; Runtime: 12040; Driver: 12040
INFO:2026-01-22 16:02:05 2350760:2354257 FBConfig.cpp:330] Perfetto builder enabled: 1
INFO:2026-01-22 16:02:05 2350760:2354257 DynoConfigLoader.cpp:61] Setting communication fabric enabled = 0
/data/repos/fbsource/buck-out/v2/gen/fbcode/7bc20b5dff24e379/buiksat_trm/__upi_trm_train__/upi_trm_train#link-tree/rl/upi_trm_trainer.py:93: UserWarning: rl_enable_contraction=True: Applying operator-norm clamping and contraction scaling to z->z path layers. This is REQUIRED for Assumption 3.2 (L_z < 1) but will modify network behavior. Pretrained weights from vanilla TRM may require fine-tuning.
  self.target_model = TinyRecursiveReasoningModel_ACTV1(self._config_to_dict(self.model.config)).to(device)
/data/repos/fbsource/buck-out/v2/gen/fbcode/7bc20b5dff24e379/buiksat_trm/__upi_trm_train__/upi_trm_train#link-tree/rl/upi_trm_trainer.py:103: UserWarning: rl_enable_contraction=True: Applying operator-norm clamping and contraction scaling to z->z path layers. This is REQUIRED for Assumption 3.2 (L_z < 1) but will modify network behavior. Pretrained weights from vanilla TRM may require fine-tuning.
  self.policy_model_candidate = TinyRecursiveReasoningModel_ACTV1(
INFO:2026-01-22 16:02:05 2350760:2354257 DynoConfigLoader.cpp:61] Setting communication fabric enabled = 0
TritonTraceHandler: disabled because /logs does not exist
===========[FB_TRITON]=========== Triton Version: 3.3.2+fb
[TRAINER] UPI-TRM (K=1, inner_n=2)
[TRAINER] CLI --baseline: None, YAML algorithm: None
============================================================
[INFO] Checkpoint directory: checkpoints/rl_sudoku-4x4-trivial_seed123

============================================================
UPI-TRM THEORY ALIGNMENT CHECK
============================================================
⚠ Configuration has theory gaps:
  • latent_ball_radius=0 disables forward-invariant projection (Assumption 4.1). Contraction guarantees may not hold. Set latent_ball_radius > 0.
  • exact_baseline_summation=False: Using approximate baseline. This gives O(ε_A/(1-γ)) bound instead of O(α·ε_A) from Theorem 5.9. For discrete action spaces (Sudoku), enable for tighter bounds.
  • theory_exact_mixture=False: Using parameter-space interpolation for CPI, which is NOT equivalent to policy-space mixture. The CPI improvement guarantee does not strictly apply. Set theory_exact_mixture=True for theory-exact behavior (but slower due to evaluating two networks).

Theory status:
  Forward-invariant projection: ✗
  Contraction enforced (L_z < 1): ✓
  Exact baseline (Thm 5.9): ✗
  Distillation (not in theory): ✓ disabled

Is theory-exact: False
============================================================

UPI-TRM theoretical dials:
  L_z target (rl_cfg.target_Lz): 0.9
  L_V target (rl_cfg.target_Lv): 1.0
  Inner unroll n (rl_cfg.inner_unroll_n): 2
  K-step horizon K (rl_cfg.K): 1
  Mixture alpha (rl_cfg.mixture_alpha): 0.1
  Latent ball radius (rl_cfg.latent_ball_radius): 0.0
  Episodic latent: True
  Exact K-step targets: False
  Exact baseline summation: False

[INFO] STOP action mode: disabled
[WandB] Disabled by default (enable with: --wandb)
[DEBUG] Action mask: 12 valid actions out of 97 total
[DEBUG] Latent mode: episodic
[DEBUG] Step 0 probs: STOP=0.000000, edits=1.000000
[DEBUG] Top 5 action probs: torch.return_types.topk(
values=tensor([0.1195, 0.1077, 0.1030, 0.1029, 0.0923], device='cuda:0',
       grad_fn=<TopkBackward0>),
indices=tensor([ 9, 21, 87, 88, 89], device='cuda:0'))
[step 00050] value_loss=19.683037 policy_loss=0.303915
[step 00050] VALUE_DEBUG: target(mean=0.06 std=4.29 min=-12.04 max=6.84) V(s)(mean=-1.12 std=0.26) reward(mean=0.162 std=4.305) clip=50.0
[step 00100] opnorm clamp applied
[step 00100] value_loss=30.534145 policy_loss=-0.497924
[step 00100] VALUE_DEBUG: target(mean=-1.44 std=5.69 min=-13.96 max=7.85) V(s)(mean=-1.92 std=0.54) reward(mean=-0.730 std=5.702) clip=50.0
[step 00100] eval_success_rate=0.260 eval_mean_score=12.520 eval_policy_mode=greedy [solved=13/50, score_range=1.00-16.00/16.0, initial=13.52]
[step 00100] PROGRESS: filled=14.60 violations=0.74 zero_cand=0.12
[step 00100] DEBUG: ep_len=11.4 ep_ret=-13.651 stop_prob=0.000 score_chg=-4.6950
[step 00150] value_loss=21.666805 policy_loss=-1.274877
[step 00150] VALUE_DEBUG: target(mean=-2.05 std=4.78 min=-16.04 max=6.84) V(s)(mean=-2.32 std=0.83) reward(mean=-0.869 std=4.712) clip=50.0
[step 00200] opnorm clamp applied
[step 00200] value_loss=11.848946 policy_loss=-0.459718
[step 00200] VALUE_DEBUG: target(mean=-2.42 std=3.86 min=-10.06 max=5.07) V(s)(mean=-2.31 std=1.36) reward(mean=-0.723 std=3.788) clip=50.0
[step 00200] eval_success_rate=0.320 eval_mean_score=14.440 eval_policy_mode=greedy [solved=16/50, score_range=11.00-16.00/16.0, initial=13.52]
[step 00200] PROGRESS: filled=14.52 violations=0.04 zero_cand=0.00
[step 00200] DEBUG: ep_len=9.6 ep_ret=-9.917 stop_prob=0.000 score_chg=-2.8525
[step 00250] value_loss=36.418358 policy_loss=-0.296557
[step 00250] VALUE_DEBUG: target(mean=-3.51 std=6.16 min=-19.96 max=6.84) V(s)(mean=-2.97 std=1.29) reward(mean=-1.780 std=6.573) clip=50.0
[step 00300] opnorm clamp applied
[step 00300] value_loss=13.082825 policy_loss=-0.169439
[step 00300] VALUE_DEBUG: target(mean=-1.99 std=3.63 min=-9.93 max=6.84) V(s)(mean=-3.90 std=1.51) reward(mean=0.558 std=3.094) clip=50.0
[step 00300] eval_success_rate=0.360 eval_mean_score=14.520 eval_policy_mode=greedy [solved=18/50, score_range=11.00-16.00/16.0, initial=13.52]
[step 00300] PROGRESS: filled=14.60 violations=0.04 zero_cand=0.00
[step 00300] DEBUG: ep_len=8.9 ep_ret=-6.210 stop_prob=0.000 score_chg=-0.2750
[step 00350] value_loss=34.530098 policy_loss=-0.602387
[step 00350] VALUE_DEBUG: target(mean=-2.98 std=6.60 min=-21.98 max=6.84) V(s)(mean=-3.24 std=1.71) reward(mean=-0.602 std=6.715) clip=50.0
[step 00400] opnorm clamp applied
[step 00400] value_loss=12.879573 policy_loss=1.510370
[step 00400] VALUE_DEBUG: target(mean=-4.14 std=4.25 min=-16.09 max=6.84) V(s)(mean=-4.56 std=2.01) reward(mean=-0.882 std=4.457) clip=50.0
[step 00400] eval_success_rate=0.340 eval_mean_score=14.580 eval_policy_mode=greedy [solved=17/50, score_range=13.00-16.00/16.0, initial=13.52]
[step 00400] PROGRESS: filled=14.58 violations=0.00 zero_cand=0.00
[step 00400] DEBUG: ep_len=8.5 ep_ret=-5.444 stop_prob=0.000 score_chg=0.6600
[step 00450] value_loss=12.376308 policy_loss=0.322044
[step 00450] VALUE_DEBUG: target(mean=-2.77 std=3.48 min=-10.16 max=6.84) V(s)(mean=-4.16 std=1.99) reward(mean=0.232 std=3.287) clip=50.0
[step 00500] opnorm clamp applied
[step 00500] value_loss=6.858929 policy_loss=0.272984
[step 00500] VALUE_DEBUG: target(mean=-3.77 std=3.43 min=-10.74 max=3.05) V(s)(mean=-3.65 std=2.11) reward(mean=-0.191 std=2.718) clip=50.0
[step 00500] eval_success_rate=0.320 eval_mean_score=14.580 eval_policy_mode=greedy [solved=16/50, score_range=13.00-16.00/16.0, initial=13.52]
[step 00500] PROGRESS: filled=14.58 violations=0.00 zero_cand=0.00
[step 00500] DEBUG: ep_len=7.9 ep_ret=-4.617 stop_prob=0.000 score_chg=0.8400
[step 00550] value_loss=16.154207 policy_loss=1.104478
[step 00550] VALUE_DEBUG: target(mean=-5.15 std=4.49 min=-16.14 max=3.98) V(s)(mean=-4.35 std=2.66) reward(mean=-1.571 std=5.352) clip=50.0
[step 00600] opnorm clamp applied
[step 00600] value_loss=24.302841 policy_loss=-0.287627
[step 00600] VALUE_DEBUG: target(mean=-2.45 std=5.21 min=-16.10 max=6.84) V(s)(mean=-4.38 std=2.18) reward(mean=0.481 std=5.007) clip=50.0
[step 00600] eval_success_rate=0.320 eval_mean_score=14.540 eval_policy_mode=greedy [solved=16/50, score_range=13.00-16.00/16.0, initial=13.52]
[step 00600] PROGRESS: filled=14.54 violations=0.00 zero_cand=0.00
[step 00600] DEBUG: ep_len=8.0 ep_ret=-4.256 stop_prob=0.000 score_chg=0.9975
[step 00650] value_loss=20.473804 policy_loss=0.785183
[step 00650] VALUE_DEBUG: target(mean=-3.85 std=4.68 min=-16.00 max=3.35) V(s)(mean=-5.47 std=1.77) reward(mean=-0.246 std=4.180) clip=50.0
[step 00700] opnorm clamp applied
[step 00700] value_loss=21.771175 policy_loss=0.703395
[step 00700] VALUE_DEBUG: target(mean=-6.17 std=5.52 min=-22.04 max=2.67) V(s)(mean=-5.73 std=2.82) reward(mean=-2.068 std=6.160) clip=50.0
[step 00700] eval_success_rate=0.320 eval_mean_score=14.560 eval_policy_mode=greedy [solved=16/50, score_range=13.00-16.00/16.0, initial=13.52]
[step 00700] PROGRESS: filled=14.56 violations=0.00 zero_cand=0.00
[step 00700] DEBUG: ep_len=7.7 ep_ret=-4.089 stop_prob=0.000 score_chg=0.9525
[step 00750] value_loss=6.495835 policy_loss=0.565909
[step 00750] VALUE_DEBUG: target(mean=-5.65 std=3.40 min=-16.14 max=1.84) V(s)(mean=-6.13 std=2.64) reward(mean=-0.541 std=3.386) clip=50.0
[step 00800] opnorm clamp applied
[step 00800] value_loss=23.108883 policy_loss=0.368882
[step 00800] VALUE_DEBUG: target(mean=-5.99 std=5.67 min=-21.10 max=1.84) V(s)(mean=-5.75 std=2.96) reward(mean=-1.166 std=5.463) clip=50.0
[step 00800] eval_success_rate=0.420 eval_mean_score=14.700 eval_policy_mode=greedy [solved=21/50, score_range=13.00-16.00/16.0, initial=13.52]
[step 00800] PROGRESS: filled=14.70 violations=0.00 zero_cand=0.00
[step 00800] DEBUG: ep_len=7.0 ep_ret=-2.336 stop_prob=0.000 score_chg=1.4600
[step 00850] value_loss=15.368829 policy_loss=1.184319
[step 00850] VALUE_DEBUG: target(mean=-5.48 std=4.85 min=-16.09 max=6.84) V(s)(mean=-5.43 std=3.26) reward(mean=-1.202 std=4.641) clip=50.0
[step 00900] opnorm clamp applied
[step 00900] value_loss=15.125076 policy_loss=0.602057
[step 00900] VALUE_DEBUG: target(mean=-6.18 std=4.92 min=-16.15 max=2.57) V(s)(mean=-5.68 std=3.46) reward(mean=-1.156 std=5.386) clip=50.0
[step 00900] eval_success_rate=0.400 eval_mean_score=14.760 eval_policy_mode=greedy [solved=20/50, score_range=13.00-16.00/16.0, initial=13.52]
[step 00900] PROGRESS: filled=14.76 violations=0.00 zero_cand=0.00
[step 00900] DEBUG: ep_len=6.7 ep_ret=-1.924 stop_prob=0.000 score_chg=1.5200
[step 00950] value_loss=18.346289 policy_loss=0.358580
[step 00950] VALUE_DEBUG: target(mean=-7.54 std=5.67 min=-22.09 max=1.84) V(s)(mean=-6.56 std=3.42) reward(mean=-1.890 std=6.268) clip=50.0
[step 01000] opnorm clamp applied
[step 01000] value_loss=8.014346 policy_loss=-0.744076
[step 01000] VALUE_DEBUG: target(mean=-6.45 std=4.97 min=-17.56 max=6.84) V(s)(mean=-6.34 std=4.02) reward(mean=-0.225 std=3.131) clip=50.0
[step 01000] eval_success_rate=0.500 eval_mean_score=15.000 eval_policy_mode=greedy [solved=25/50, score_range=13.00-16.00/16.0, initial=13.52]
[step 01000] PROGRESS: filled=15.00 violations=0.00 zero_cand=0.00
[step 01000] DEBUG: ep_len=5.7 ep_ret=-0.904 stop_prob=0.000 score_chg=1.5250
[Checkpoint] Saved to checkpoints/rl_sudoku-4x4-trivial_seed123/rl_checkpoint_step_1000.pt
[step 01050] value_loss=10.377668 policy_loss=0.635718
[step 01050] VALUE_DEBUG: target(mean=-4.63 std=4.91 min=-13.03 max=6.84) V(s)(mean=-5.28 std=4.60) reward(mean=0.259 std=3.014) clip=50.0
[step 01100] opnorm clamp applied
[step 01100] value_loss=8.659734 policy_loss=0.518599
[step 01100] VALUE_DEBUG: target(mean=-4.83 std=4.40 min=-13.99 max=6.84) V(s)(mean=-5.02 std=3.81) reward(mean=-0.019 std=2.083) clip=50.0
[step 01100] eval_success_rate=0.420 eval_mean_score=14.440 eval_policy_mode=greedy [solved=21/50, score_range=3.00-16.00/16.0, initial=13.52]
[step 01100] PROGRESS: filled=14.84 violations=0.00 zero_cand=0.08
[step 01100] DEBUG: ep_len=6.5 ep_ret=-1.739 stop_prob=0.000 score_chg=1.5775
[step 01150] value_loss=18.336899 policy_loss=0.102023
[step 01150] VALUE_DEBUG: target(mean=-6.25 std=5.59 min=-17.98 max=6.84) V(s)(mean=-6.57 std=3.80) reward(mean=-0.295 std=4.388) clip=50.0
[step 01200] opnorm clamp applied
[step 01200] value_loss=13.008776 policy_loss=0.603886
[step 01200] VALUE_DEBUG: target(mean=-3.74 std=4.98 min=-11.50 max=6.84) V(s)(mean=-5.35 std=4.15) reward(mean=1.075 std=2.553) clip=50.0
[step 01200] eval_success_rate=0.520 eval_mean_score=14.740 eval_policy_mode=greedy [solved=26/50, score_range=3.00-16.00/16.0, initial=13.52]
[step 01200] PROGRESS: filled=15.14 violations=0.00 zero_cand=0.08
[step 01200] DEBUG: ep_len=5.8 ep_ret=-1.124 stop_prob=0.000 score_chg=1.5150
[step 01250] value_loss=12.672974 policy_loss=1.624203
[step 01250] VALUE_DEBUG: target(mean=-6.88 std=5.20 min=-19.05 max=2.38) V(s)(mean=-7.12 std=3.59) reward(mean=-0.702 std=5.025) clip=50.0
[step 01300] opnorm clamp applied
[step 01300] value_loss=6.547790 policy_loss=-0.447490
[step 01300] VALUE_DEBUG: target(mean=-6.12 std=4.88 min=-14.50 max=1.84) V(s)(mean=-6.53 std=4.52) reward(mean=-0.240 std=2.655) clip=50.0
[step 01300] eval_success_rate=0.540 eval_mean_score=14.980 eval_policy_mode=greedy [solved=27/50, score_range=13.00-16.00/16.0, initial=13.52]
[step 01300] PROGRESS: filled=14.98 violations=0.00 zero_cand=0.00
[step 01300] DEBUG: ep_len=5.6 ep_ret=-0.203 stop_prob=0.000 score_chg=1.8875
[step 01350] value_loss=17.314566 policy_loss=0.731616
[step 01350] VALUE_DEBUG: target(mean=-6.38 std=6.10 min=-19.44 max=6.84) V(s)(mean=-5.17 std=4.30) reward(mean=-1.213 std=4.073) clip=50.0
[step 01400] opnorm clamp applied
[step 01400] value_loss=16.356773 policy_loss=-0.098061
[step 01400] VALUE_DEBUG: target(mean=-6.92 std=5.93 min=-16.97 max=5.72) V(s)(mean=-6.41 std=4.99) reward(mean=-0.623 std=3.390) clip=50.0
[step 01400] eval_success_rate=0.580 eval_mean_score=15.140 eval_policy_mode=greedy [solved=29/50, score_range=13.00-16.00/16.0, initial=13.52]
[step 01400] PROGRESS: filled=15.14 violations=0.00 zero_cand=0.00
[step 01400] DEBUG: ep_len=5.2 ep_ret=-0.116 stop_prob=0.000 score_chg=1.8375
[step 01450] value_loss=6.133631 policy_loss=0.219046
[step 01450] VALUE_DEBUG: target(mean=-5.48 std=5.10 min=-13.48 max=4.32) V(s)(mean=-5.09 std=4.86) reward(mean=-0.134 std=2.386) clip=50.0
[step 01500] opnorm clamp applied
[step 01500] value_loss=4.323319 policy_loss=1.435726
[step 01500] VALUE_DEBUG: target(mean=-6.96 std=4.04 min=-11.42 max=2.16) V(s)(mean=-6.67 std=4.23) reward(mean=-0.239 std=1.849) clip=50.0
[step 01500] eval_success_rate=0.640 eval_mean_score=15.160 eval_policy_mode=greedy [solved=32/50, score_range=13.00-16.00/16.0, initial=13.52]
[step 01500] PROGRESS: filled=15.16 violations=0.00 zero_cand=0.00
[step 01500] DEBUG: ep_len=5.8 ep_ret=-0.708 stop_prob=0.000 score_chg=1.8225
[step 01550] value_loss=4.797896 policy_loss=0.234091
[step 01550] VALUE_DEBUG: target(mean=-5.86 std=5.80 min=-16.09 max=6.17) V(s)(mean=-5.63 std=5.47) reward(mean=-0.546 std=3.490) clip=50.0
[step 01600] opnorm clamp applied
[step 01600] value_loss=10.481446 policy_loss=-0.122019
[step 01600] VALUE_DEBUG: target(mean=-6.78 std=5.81 min=-18.25 max=5.78) V(s)(mean=-6.15 std=4.57) reward(mean=-0.515 std=3.582) clip=50.0
[step 01600] eval_success_rate=0.700 eval_mean_score=15.380 eval_policy_mode=greedy [solved=35/50, score_range=13.00-16.00/16.0, initial=13.52]
[step 01600] PROGRESS: filled=15.38 violations=0.00 zero_cand=0.00
[step 01600] DEBUG: ep_len=5.2 ep_ret=0.076 stop_prob=0.000 score_chg=1.8975
[step 01650] value_loss=6.012142 policy_loss=0.730405
[step 01650] VALUE_DEBUG: target(mean=-7.10 std=5.13 min=-16.60 max=1.84) V(s)(mean=-7.07 std=4.74) reward(mean=-0.415 std=2.291) clip=50.0
[step 01700] opnorm clamp applied
[step 01700] value_loss=13.071608 policy_loss=0.371617
[step 01700] VALUE_DEBUG: target(mean=-7.39 std=6.23 min=-19.09 max=2.15) V(s)(mean=-6.40 std=4.98) reward(mean=-2.092 std=4.660) clip=50.0
[step 01700] eval_success_rate=0.620 eval_mean_score=15.360 eval_policy_mode=greedy [solved=31/50, score_range=13.00-16.00/16.0, initial=13.52]
[step 01700] PROGRESS: filled=15.36 violations=0.00 zero_cand=0.00
[step 01700] DEBUG: ep_len=4.8 ep_ret=0.546 stop_prob=0.000 score_chg=2.0675
[step 01750] value_loss=20.412117 policy_loss=0.209212
[step 01750] VALUE_DEBUG: target(mean=-5.54 std=7.17 min=-19.77 max=6.84) V(s)(mean=-5.72 std=6.05) reward(mean=-0.888 std=4.655) clip=50.0
[step 01800] opnorm clamp applied
[step 01800] value_loss=18.010851 policy_loss=0.581863
[step 01800] VALUE_DEBUG: target(mean=-7.60 std=6.75 min=-16.75 max=7.14) V(s)(mean=-7.08 std=5.28) reward(mean=-1.326 std=5.474) clip=50.0
[step 01800] eval_success_rate=0.700 eval_mean_score=15.480 eval_policy_mode=greedy [solved=35/50, score_range=13.00-16.00/16.0, initial=13.52]
[step 01800] PROGRESS: filled=15.48 violations=0.00 zero_cand=0.00
[step 01800] DEBUG: ep_len=5.2 ep_ret=-0.030 stop_prob=0.000 score_chg=2.0200
[step 01850] value_loss=14.073555 policy_loss=0.572894
[step 01850] VALUE_DEBUG: target(mean=-4.09 std=7.02 min=-20.04 max=8.88) V(s)(mean=-5.49 std=5.70) reward(mean=0.812 std=3.094) clip=50.0
[step 01900] opnorm clamp applied
[step 01900] value_loss=7.421925 policy_loss=0.042672
[step 01900] VALUE_DEBUG: target(mean=-6.82 std=6.21 min=-21.04 max=6.84) V(s)(mean=-6.64 std=5.44) reward(mean=-0.800 std=4.207) clip=50.0
[step 01900] eval_success_rate=0.720 eval_mean_score=15.680 eval_policy_mode=greedy [solved=36/50, score_range=14.00-16.00/16.0, initial=13.52]
[step 01900] PROGRESS: filled=15.68 violations=0.00 zero_cand=0.00
[step 01900] DEBUG: ep_len=5.1 ep_ret=0.051 stop_prob=0.000 score_chg=2.1225
[step 01950] value_loss=4.685811 policy_loss=-0.460763
[step 01950] VALUE_DEBUG: target(mean=-7.84 std=6.15 min=-16.20 max=6.84) V(s)(mean=-8.08 std=5.84) reward(mean=0.122 std=2.666) clip=50.0
[step 02000] opnorm clamp applied
[step 02000] value_loss=18.056618 policy_loss=-0.111721
[step 02000] VALUE_DEBUG: target(mean=-6.43 std=5.96 min=-20.31 max=6.84) V(s)(mean=-6.33 std=4.53) reward(mean=-0.243 std=4.598) clip=50.0
[step 02000] eval_success_rate=0.760 eval_mean_score=15.560 eval_policy_mode=greedy [solved=38/50, score_range=13.00-16.00/16.0, initial=13.52]
[step 02000] PROGRESS: filled=15.56 violations=0.00 zero_cand=0.00
[step 02000] DEBUG: ep_len=4.5 ep_ret=1.023 stop_prob=0.000 score_chg=2.1225
[Checkpoint] Saved to checkpoints/rl_sudoku-4x4-trivial_seed123/rl_checkpoint_step_2000.pt
[step 02050] value_loss=15.872692 policy_loss=0.099500
[step 02050] VALUE_DEBUG: target(mean=-4.14 std=6.52 min=-17.89 max=7.79) V(s)(mean=-5.50 std=5.59) reward(mean=0.668 std=3.609) clip=50.0
[step 02100] opnorm clamp applied
[step 02100] value_loss=6.008267 policy_loss=0.249496
[step 02100] VALUE_DEBUG: target(mean=-6.08 std=5.97 min=-18.48 max=2.22) V(s)(mean=-5.76 std=5.08) reward(mean=-0.213 std=2.327) clip=50.0
[step 02100] eval_success_rate=0.780 eval_mean_score=15.540 eval_policy_mode=greedy [solved=39/50, score_range=13.00-16.00/16.0, initial=13.52]
[step 02100] PROGRESS: filled=15.54 violations=0.00 zero_cand=0.00
[step 02100] DEBUG: ep_len=4.1 ep_ret=1.212 stop_prob=0.000 score_chg=2.1425
[step 02150] value_loss=9.800684 policy_loss=-1.478935
[step 02150] VALUE_DEBUG: target(mean=-5.19 std=6.92 min=-16.15 max=9.48) V(s)(mean=-4.36 std=5.63) reward(mean=-0.861 std=4.649) clip=50.0
[step 02200] opnorm clamp applied
[step 02200] value_loss=17.619995 policy_loss=-0.220054
[step 02200] VALUE_DEBUG: target(mean=-5.14 std=6.09 min=-16.15 max=6.84) V(s)(mean=-4.59 std=4.51) reward(mean=-0.218 std=4.870) clip=50.0
[step 02200] eval_success_rate=0.780 eval_mean_score=15.660 eval_policy_mode=greedy [solved=39/50, score_range=13.00-16.00/16.0, initial=13.52]
[step 02200] PROGRESS: filled=15.66 violations=0.00 zero_cand=0.00
[step 02200] DEBUG: ep_len=4.2 ep_ret=0.983 stop_prob=0.000 score_chg=2.0875
[step 02250] value_loss=9.035936 policy_loss=0.036964
[step 02250] VALUE_DEBUG: target(mean=-6.10 std=7.66 min=-19.83 max=6.84) V(s)(mean=-6.22 std=6.25) reward(mean=-0.700 std=4.375) clip=50.0
[step 02300] opnorm clamp applied
[step 02300] value_loss=9.704087 policy_loss=-0.016082
[step 02300] VALUE_DEBUG: target(mean=-3.82 std=6.66 min=-14.13 max=8.02) V(s)(mean=-4.70 std=5.93) reward(mean=0.981 std=2.741) clip=50.0
[step 02300] eval_success_rate=0.800 eval_mean_score=15.640 eval_policy_mode=greedy [solved=40/50, score_range=13.00-16.00/16.0, initial=13.52]
[step 02300] PROGRESS: filled=15.64 violations=0.00 zero_cand=0.00
[step 02300] DEBUG: ep_len=4.2 ep_ret=1.011 stop_prob=0.000 score_chg=2.1100
[step 02350] value_loss=4.949197 policy_loss=-0.987452
[step 02350] VALUE_DEBUG: target(mean=-5.96 std=6.86 min=-21.10 max=5.08) V(s)(mean=-6.76 std=5.71) reward(mean=-0.342 std=4.970) clip=50.0
[step 02400] opnorm clamp applied
[step 02400] value_loss=7.980843 policy_loss=0.450155
[step 02400] VALUE_DEBUG: target(mean=-5.79 std=6.49 min=-19.05 max=5.30) V(s)(mean=-5.50 std=5.26) reward(mean=-0.531 std=2.726) clip=50.0
[step 02400] eval_success_rate=0.840 eval_mean_score=15.760 eval_policy_mode=greedy [solved=42/50, score_range=13.00-16.00/16.0, initial=13.52]
[step 02400] PROGRESS: filled=15.76 violations=0.00 zero_cand=0.00
[step 02400] DEBUG: ep_len=4.2 ep_ret=0.883 stop_prob=0.000 score_chg=2.1125
[step 02450] value_loss=15.318142 policy_loss=0.989058
[step 02450] VALUE_DEBUG: target(mean=-6.29 std=6.85 min=-20.06 max=5.85) V(s)(mean=-5.16 std=5.41) reward(mean=-0.585 std=4.281) clip=50.0
[step 02500] opnorm clamp applied
[step 02500] value_loss=4.554049 policy_loss=-0.724270
[step 02500] VALUE_DEBUG: target(mean=-6.34 std=6.48 min=-17.81 max=3.89) V(s)(mean=-6.85 std=5.67) reward(mean=0.463 std=1.531) clip=50.0
[step 02500] eval_success_rate=0.840 eval_mean_score=15.680 eval_policy_mode=greedy [solved=42/50, score_range=13.00-16.00/16.0, initial=13.52]
[step 02500] PROGRESS: filled=15.68 violations=0.00 zero_cand=0.00
[step 02500] DEBUG: ep_len=4.2 ep_ret=0.984 stop_prob=0.000 score_chg=2.1725
[step 02550] value_loss=11.537302 policy_loss=0.951970
[step 02550] VALUE_DEBUG: target(mean=-4.46 std=6.78 min=-16.15 max=6.84) V(s)(mean=-4.60 std=6.26) reward(mean=0.332 std=3.865) clip=50.0
[step 02600] opnorm clamp applied
[step 02600] value_loss=12.386913 policy_loss=-0.488692
[step 02600] VALUE_DEBUG: target(mean=-4.22 std=7.30 min=-19.67 max=6.84) V(s)(mean=-3.97 std=5.84) reward(mean=-0.600 std=5.200) clip=50.0
[step 02600] eval_success_rate=0.880 eval_mean_score=15.760 eval_policy_mode=greedy [solved=44/50, score_range=13.00-16.00/16.0, initial=13.52]
[step 02600] PROGRESS: filled=15.76 violations=0.00 zero_cand=0.00
[step 02600] DEBUG: ep_len=3.6 ep_ret=1.423 stop_prob=0.000 score_chg=2.0625
[step 02650] value_loss=19.885466 policy_loss=-0.033117
[step 02650] VALUE_DEBUG: target(mean=-6.77 std=6.92 min=-22.27 max=6.84) V(s)(mean=-6.39 std=5.75) reward(mean=-1.109 std=3.724) clip=50.0
[step 02700] opnorm clamp applied
[step 02700] value_loss=18.802908 policy_loss=0.646729
[step 02700] VALUE_DEBUG: target(mean=-5.66 std=6.64 min=-18.08 max=2.12) V(s)(mean=-5.83 std=5.80) reward(mean=-0.441 std=5.628) clip=50.0
[step 02700] eval_success_rate=0.880 eval_mean_score=15.800 eval_policy_mode=greedy [solved=44/50, score_range=14.00-16.00/16.0, initial=13.52]
[step 02700] PROGRESS: filled=15.80 violations=0.00 zero_cand=0.00
[step 02700] DEBUG: ep_len=4.2 ep_ret=0.826 stop_prob=0.000 score_chg=2.1875
[step 02750] value_loss=17.129044 policy_loss=-0.367728
[step 02750] VALUE_DEBUG: target(mean=-4.39 std=7.73 min=-20.11 max=6.84) V(s)(mean=-5.70 std=5.71) reward(mean=0.465 std=4.222) clip=50.0
[step 02800] opnorm clamp applied
[step 02800] value_loss=9.605621 policy_loss=-0.417864
[step 02800] VALUE_DEBUG: target(mean=-5.19 std=6.24 min=-16.52 max=2.21) V(s)(mean=-5.24 std=5.36) reward(mean=-0.972 std=3.796) clip=50.0
[step 02800] eval_success_rate=0.920 eval_mean_score=15.840 eval_policy_mode=greedy [solved=46/50, score_range=14.00-16.00/16.0, initial=13.52]
[step 02800] PROGRESS: filled=15.84 violations=0.00 zero_cand=0.00
[step 02800] DEBUG: ep_len=3.9 ep_ret=0.943 stop_prob=0.000 score_chg=2.0100
[step 02850] value_loss=4.523075 policy_loss=1.188649
[step 02850] VALUE_DEBUG: target(mean=-4.42 std=7.05 min=-16.15 max=7.04) V(s)(mean=-4.16 std=6.42) reward(mean=-0.843 std=4.899) clip=50.0
[step 02900] opnorm clamp applied
[step 02900] value_loss=7.951121 policy_loss=0.144369
[step 02900] VALUE_DEBUG: target(mean=-4.54 std=5.52 min=-15.30 max=2.79) V(s)(mean=-4.44 std=4.91) reward(mean=-0.504 std=2.374) clip=50.0
[step 02900] eval_success_rate=0.920 eval_mean_score=15.840 eval_policy_mode=greedy [solved=46/50, score_range=14.00-16.00/16.0, initial=13.52]
[step 02900] PROGRESS: filled=15.84 violations=0.00 zero_cand=0.00
[step 02900] DEBUG: ep_len=3.7 ep_ret=1.512 stop_prob=0.000 score_chg=2.2125
[step 02950] value_loss=4.281184 policy_loss=-0.663081
[step 02950] VALUE_DEBUG: target(mean=-3.59 std=6.27 min=-14.72 max=6.45) V(s)(mean=-3.67 std=6.18) reward(mean=-0.308 std=3.048) clip=50.0
[step 03000] opnorm clamp applied
[step 03000] value_loss=3.605782 policy_loss=0.622634
[step 03000] VALUE_DEBUG: target(mean=-3.22 std=6.15 min=-19.28 max=6.84) V(s)(mean=-3.32 std=5.54) reward(mean=0.427 std=2.616) clip=50.0
[step 03000] eval_success_rate=0.860 eval_mean_score=15.820 eval_policy_mode=greedy [solved=43/50, score_range=14.00-16.00/16.0, initial=13.52]
[step 03000] PROGRESS: filled=15.82 violations=0.00 zero_cand=0.00
[step 03000] DEBUG: ep_len=3.6 ep_ret=1.925 stop_prob=0.000 score_chg=2.3250
[Checkpoint] Saved to checkpoints/rl_sudoku-4x4-trivial_seed123/rl_checkpoint_step_3000.pt
[step 03050] value_loss=7.005567 policy_loss=-0.040253
[step 03050] VALUE_DEBUG: target(mean=-6.37 std=7.72 min=-19.18 max=6.84) V(s)(mean=-6.54 std=6.91) reward(mean=0.399 std=1.969) clip=50.0
[step 03100] opnorm clamp applied
[step 03100] value_loss=8.640665 policy_loss=0.200143
[step 03100] VALUE_DEBUG: target(mean=-6.89 std=7.07 min=-17.63 max=4.20) V(s)(mean=-7.13 std=6.03) reward(mean=-0.610 std=3.722) clip=50.0
[step 03100] eval_success_rate=0.820 eval_mean_score=15.780 eval_policy_mode=greedy [solved=41/50, score_range=14.00-16.00/16.0, initial=13.52]
[step 03100] PROGRESS: filled=15.78 violations=0.00 zero_cand=0.00
[step 03100] DEBUG: ep_len=3.5 ep_ret=1.706 stop_prob=0.000 score_chg=2.1700
[step 03150] value_loss=9.206244 policy_loss=-0.304359
[step 03150] VALUE_DEBUG: target(mean=-3.77 std=6.68 min=-18.53 max=6.84) V(s)(mean=-2.85 std=6.09) reward(mean=-0.713 std=4.134) clip=50.0
[step 03200] opnorm clamp applied
[step 03200] value_loss=6.306283 policy_loss=0.690486
[step 03200] VALUE_DEBUG: target(mean=-2.44 std=6.96 min=-15.15 max=6.84) V(s)(mean=-2.41 std=6.23) reward(mean=0.749 std=3.332) clip=50.0
[step 03200] eval_success_rate=0.860 eval_mean_score=15.820 eval_policy_mode=greedy [solved=43/50, score_range=14.00-16.00/16.0, initial=13.52]
[step 03200] PROGRESS: filled=15.82 violations=0.00 zero_cand=0.00
[step 03200] DEBUG: ep_len=3.6 ep_ret=1.695 stop_prob=0.000 score_chg=2.2600
[step 03250] value_loss=6.984489 policy_loss=0.331637
[step 03250] VALUE_DEBUG: target(mean=-3.57 std=7.48 min=-19.72 max=6.89) V(s)(mean=-4.57 std=6.32) reward(mean=0.600 std=2.816) clip=50.0
[step 03300] opnorm clamp applied
[step 03300] value_loss=5.734921 policy_loss=-0.719726
[step 03300] VALUE_DEBUG: target(mean=-7.48 std=7.22 min=-17.21 max=7.13) V(s)(mean=-7.48 std=6.67) reward(mean=0.064 std=2.511) clip=50.0
[step 03300] eval_success_rate=0.920 eval_mean_score=15.880 eval_policy_mode=greedy [solved=46/50, score_range=14.00-16.00/16.0, initial=13.52]
[step 03300] PROGRESS: filled=15.88 violations=0.00 zero_cand=0.00
[step 03300] DEBUG: ep_len=3.6 ep_ret=1.742 stop_prob=0.000 score_chg=2.3075
[step 03350] value_loss=30.621670 policy_loss=-0.341339
[step 03350] VALUE_DEBUG: target(mean=-3.31 std=7.52 min=-22.04 max=8.60) V(s)(mean=-2.64 std=5.84) reward(mean=-0.783 std=6.259) clip=50.0
[step 03400] opnorm clamp applied
[step 03400] value_loss=5.315486 policy_loss=0.291348
[step 03400] VALUE_DEBUG: target(mean=-5.58 std=7.55 min=-16.15 max=5.67) V(s)(mean=-5.62 std=6.99) reward(mean=-0.435 std=3.248) clip=50.0
[step 03400] eval_success_rate=0.880 eval_mean_score=15.880 eval_policy_mode=greedy [solved=44/50, score_range=15.00-16.00/16.0, initial=13.52]
[step 03400] PROGRESS: filled=15.88 violations=0.00 zero_cand=0.00
[step 03400] DEBUG: ep_len=3.4 ep_ret=2.210 stop_prob=0.000 score_chg=2.4175
[step 03450] value_loss=6.340746 policy_loss=0.878173
[step 03450] VALUE_DEBUG: target(mean=-3.30 std=7.05 min=-18.95 max=6.84) V(s)(mean=-3.42 std=6.12) reward(mean=0.123 std=2.644) clip=50.0
[step 03500] opnorm clamp applied
[step 03500] value_loss=11.634672 policy_loss=-0.204385
[step 03500] VALUE_DEBUG: target(mean=-3.65 std=7.24 min=-20.05 max=8.94) V(s)(mean=-4.21 std=6.10) reward(mean=-0.094 std=5.213) clip=50.0
[step 03500] eval_success_rate=0.920 eval_mean_score=15.880 eval_policy_mode=greedy [solved=46/50, score_range=14.00-16.00/16.0, initial=13.52]
[step 03500] PROGRESS: filled=15.88 violations=0.00 zero_cand=0.00
[step 03500] DEBUG: ep_len=3.7 ep_ret=1.705 stop_prob=0.000 score_chg=2.2800
[step 03550] value_loss=11.469378 policy_loss=-0.073935
[step 03550] VALUE_DEBUG: target(mean=-4.39 std=6.35 min=-14.93 max=6.84) V(s)(mean=-3.77 std=5.26) reward(mean=-0.701 std=3.318) clip=50.0
[step 03600] opnorm clamp applied
[step 03600] value_loss=21.607119 policy_loss=-0.463687
[step 03600] VALUE_DEBUG: target(mean=-2.17 std=6.24 min=-16.10 max=10.54) V(s)(mean=-2.75 std=5.62) reward(mean=0.241 std=3.487) clip=50.0
[step 03600] eval_success_rate=0.900 eval_mean_score=15.900 eval_policy_mode=greedy [solved=45/50, score_range=15.00-16.00/16.0, initial=13.52]
[step 03600] PROGRESS: filled=15.90 violations=0.00 zero_cand=0.00
[step 03600] DEBUG: ep_len=3.5 ep_ret=2.171 stop_prob=0.000 score_chg=2.4275
[step 03650] value_loss=2.306845 policy_loss=-1.382251
[step 03650] VALUE_DEBUG: target(mean=-3.16 std=6.67 min=-15.51 max=6.84) V(s)(mean=-3.06 std=6.48) reward(mean=0.586 std=2.205) clip=50.0
[step 03700] opnorm clamp applied
[step 03700] value_loss=5.363031 policy_loss=-0.571425
[step 03700] VALUE_DEBUG: target(mean=-4.84 std=8.43 min=-21.09 max=8.16) V(s)(mean=-5.62 std=7.28) reward(mean=-0.125 std=4.703) clip=50.0
[step 03700] eval_success_rate=0.900 eval_mean_score=15.900 eval_policy_mode=greedy [solved=45/50, score_range=15.00-16.00/16.0, initial=13.52]
[step 03700] PROGRESS: filled=15.90 violations=0.00 zero_cand=0.00
[step 03700] DEBUG: ep_len=3.4 ep_ret=1.712 stop_prob=0.000 score_chg=2.1300
[step 03750] value_loss=18.266087 policy_loss=0.700430
[step 03750] VALUE_DEBUG: target(mean=-5.34 std=7.34 min=-20.00 max=4.42) V(s)(mean=-4.73 std=6.20) reward(mean=-0.795 std=4.325) clip=50.0
[step 03800] opnorm clamp applied
[step 03800] value_loss=17.711597 policy_loss=0.646456
[step 03800] VALUE_DEBUG: target(mean=-2.90 std=8.36 min=-21.27 max=6.87) V(s)(mean=-3.21 std=6.89) reward(mean=0.210 std=4.828) clip=50.0
[step 03800] eval_success_rate=0.900 eval_mean_score=15.900 eval_policy_mode=greedy [solved=45/50, score_range=15.00-16.00/16.0, initial=13.52]
[step 03800] PROGRESS: filled=15.90 violations=0.00 zero_cand=0.00
[step 03800] DEBUG: ep_len=3.8 ep_ret=1.148 stop_prob=0.000 score_chg=2.1225
[step 03850] value_loss=7.835255 policy_loss=0.371759
[step 03850] VALUE_DEBUG: target(mean=-3.37 std=6.70 min=-16.15 max=6.84) V(s)(mean=-3.54 std=6.23) reward(mean=-0.472 std=5.139) clip=50.0
[step 03900] opnorm clamp applied
[step 03900] value_loss=1.702746 policy_loss=0.686172
[step 03900] VALUE_DEBUG: target(mean=-4.97 std=6.99 min=-15.70 max=2.99) V(s)(mean=-5.07 std=6.83) reward(mean=0.226 std=1.299) clip=50.0
[step 03900] eval_success_rate=0.920 eval_mean_score=15.920 eval_policy_mode=greedy [solved=46/50, score_range=15.00-16.00/16.0, initial=13.52]
[step 03900] PROGRESS: filled=15.92 violations=0.00 zero_cand=0.00
[step 03900] DEBUG: ep_len=3.4 ep_ret=2.021 stop_prob=0.000 score_chg=2.3050
[step 03950] value_loss=9.206280 policy_loss=0.372788
[step 03950] VALUE_DEBUG: target(mean=-3.46 std=7.24 min=-16.15 max=6.97) V(s)(mean=-3.69 std=6.93) reward(mean=0.118 std=4.205) clip=50.0
[step 04000] opnorm clamp applied
[step 04000] value_loss=24.864704 policy_loss=-0.752445
[step 04000] VALUE_DEBUG: target(mean=-2.87 std=7.65 min=-16.15 max=7.43) V(s)(mean=-3.85 std=6.49) reward(mean=0.184 std=4.482) clip=50.0
[step 04000] eval_success_rate=0.880 eval_mean_score=15.840 eval_policy_mode=greedy [solved=44/50, score_range=14.00-16.00/16.0, initial=13.52]
[step 04000] PROGRESS: filled=15.84 violations=0.00 zero_cand=0.00
[step 04000] DEBUG: ep_len=3.6 ep_ret=1.589 stop_prob=0.000 score_chg=2.2000
[Checkpoint] Saved to checkpoints/rl_sudoku-4x4-trivial_seed123/rl_checkpoint_step_4000.pt
[step 04050] value_loss=11.302366 policy_loss=0.156420
[step 04050] VALUE_DEBUG: target(mean=-1.01 std=6.08 min=-15.97 max=10.90) V(s)(mean=-1.78 std=5.80) reward(mean=0.272 std=2.451) clip=50.0
[step 04100] opnorm clamp applied
[step 04100] value_loss=13.581938 policy_loss=0.317832
[step 04100] VALUE_DEBUG: target(mean=-2.69 std=7.06 min=-19.07 max=9.82) V(s)(mean=-3.17 std=6.24) reward(mean=0.406 std=3.608) clip=50.0
[step 04100] eval_success_rate=0.920 eval_mean_score=15.920 eval_policy_mode=greedy [solved=46/50, score_range=15.00-16.00/16.0, initial=13.52]
[step 04100] PROGRESS: filled=15.92 violations=0.00 zero_cand=0.00
[step 04100] DEBUG: ep_len=3.9 ep_ret=1.435 stop_prob=0.000 score_chg=2.2925
[step 04150] value_loss=17.401068 policy_loss=0.078383
[step 04150] VALUE_DEBUG: target(mean=-3.46 std=7.80 min=-19.01 max=9.70) V(s)(mean=-3.61 std=6.10) reward(mean=0.066 std=4.230) clip=50.0
[step 04200] opnorm clamp applied
[step 04200] value_loss=12.099014 policy_loss=-0.367236
[step 04200] VALUE_DEBUG: target(mean=-5.13 std=8.13 min=-20.17 max=5.47) V(s)(mean=-4.66 std=7.36) reward(mean=-0.879 std=4.657) clip=50.0
[step 04200] eval_success_rate=0.920 eval_mean_score=15.920 eval_policy_mode=greedy [solved=46/50, score_range=15.00-16.00/16.0, initial=13.52]
[step 04200] PROGRESS: filled=15.92 violations=0.00 zero_cand=0.00
[step 04200] DEBUG: ep_len=3.6 ep_ret=1.523 stop_prob=0.000 score_chg=2.2200
[step 04250] value_loss=8.938884 policy_loss=0.776900
[step 04250] VALUE_DEBUG: target(mean=-2.47 std=7.01 min=-20.54 max=7.10) V(s)(mean=-2.16 std=5.39) reward(mean=-0.370 std=3.474) clip=50.0
[step 04300] opnorm clamp applied
[step 04300] value_loss=6.397739 policy_loss=0.126407
[step 04300] VALUE_DEBUG: target(mean=-2.57 std=8.15 min=-19.52 max=6.84) V(s)(mean=-3.10 std=7.33) reward(mean=0.582 std=3.084) clip=50.0
[step 04300] eval_success_rate=0.920 eval_mean_score=15.920 eval_policy_mode=greedy [solved=46/50, score_range=15.00-16.00/16.0, initial=13.52]
[step 04300] PROGRESS: filled=15.92 violations=0.00 zero_cand=0.00
[step 04300] DEBUG: ep_len=3.3 ep_ret=1.940 stop_prob=0.000 score_chg=2.2150
[step 04350] value_loss=16.597471 policy_loss=0.411571
[step 04350] VALUE_DEBUG: target(mean=-1.90 std=6.09 min=-16.15 max=6.84) V(s)(mean=-1.74 std=5.02) reward(mean=0.339 std=4.338) clip=50.0
[step 04400] opnorm clamp applied
[step 04400] value_loss=6.070513 policy_loss=0.211475
[step 04400] VALUE_DEBUG: target(mean=-3.10 std=6.27 min=-16.33 max=8.05) V(s)(mean=-3.30 std=5.99) reward(mean=0.252 std=2.935) clip=50.0
[step 04400] eval_success_rate=0.900 eval_mean_score=15.900 eval_policy_mode=greedy [solved=45/50, score_range=15.00-16.00/16.0, initial=13.52]
[step 04400] PROGRESS: filled=15.90 violations=0.00 zero_cand=0.00
[step 04400] DEBUG: ep_len=3.4 ep_ret=1.986 stop_prob=0.000 score_chg=2.2725
[step 04450] value_loss=7.976214 policy_loss=0.509672
[step 04450] VALUE_DEBUG: target(mean=-6.15 std=7.82 min=-16.29 max=6.84) V(s)(mean=-6.47 std=7.63) reward(mean=0.311 std=4.186) clip=50.0
[step 04500] opnorm clamp applied
[step 04500] value_loss=4.326939 policy_loss=0.811015
[step 04500] VALUE_DEBUG: target(mean=-3.71 std=8.12 min=-20.04 max=7.68) V(s)(mean=-4.19 std=7.20) reward(mean=0.086 std=3.716) clip=50.0
[step 04500] eval_success_rate=0.920 eval_mean_score=15.920 eval_policy_mode=greedy [solved=46/50, score_range=15.00-16.00/16.0, initial=13.52]
[step 04500] PROGRESS: filled=15.92 violations=0.00 zero_cand=0.00
[step 04500] DEBUG: ep_len=3.4 ep_ret=2.087 stop_prob=0.000 score_chg=2.2800
[step 04550] value_loss=7.536339 policy_loss=1.024687
[step 04550] VALUE_DEBUG: target(mean=-3.36 std=7.13 min=-18.53 max=6.84) V(s)(mean=-3.62 std=6.50) reward(mean=0.131 std=2.581) clip=50.0
[step 04600] opnorm clamp applied
[step 04600] value_loss=5.667850 policy_loss=-0.489881
[step 04600] VALUE_DEBUG: target(mean=-3.87 std=8.01 min=-16.91 max=6.84) V(s)(mean=-4.74 std=7.20) reward(mean=0.559 std=3.711) clip=50.0
[step 04600] eval_success_rate=0.920 eval_mean_score=15.920 eval_policy_mode=greedy [solved=46/50, score_range=15.00-16.00/16.0, initial=13.52]
[step 04600] PROGRESS: filled=15.92 violations=0.00 zero_cand=0.00
[step 04600] DEBUG: ep_len=3.3 ep_ret=1.959 stop_prob=0.000 score_chg=2.1800
[step 04650] value_loss=11.791574 policy_loss=-0.085852
[step 04650] VALUE_DEBUG: target(mean=-2.33 std=6.46 min=-17.25 max=6.84) V(s)(mean=-2.69 std=6.07) reward(mean=-0.537 std=4.253) clip=50.0
[step 04700] opnorm clamp applied
[step 04700] value_loss=13.336136 policy_loss=0.278258
[step 04700] VALUE_DEBUG: target(mean=-2.91 std=6.96 min=-19.69 max=6.84) V(s)(mean=-2.13 std=6.29) reward(mean=-0.218 std=4.018) clip=50.0
[step 04700] eval_success_rate=0.900 eval_mean_score=15.900 eval_policy_mode=greedy [solved=45/50, score_range=15.00-16.00/16.0, initial=13.52]
[step 04700] PROGRESS: filled=15.90 violations=0.00 zero_cand=0.00
[step 04700] DEBUG: ep_len=3.8 ep_ret=1.723 stop_prob=0.000 score_chg=2.4025
[step 04750] value_loss=9.263056 policy_loss=0.072168
[step 04750] VALUE_DEBUG: target(mean=-3.42 std=6.95 min=-17.80 max=3.22) V(s)(mean=-2.85 std=6.69) reward(mean=-1.153 std=3.969) clip=50.0
[step 04800] opnorm clamp applied
[step 04800] value_loss=5.898043 policy_loss=0.278075
[step 04800] VALUE_DEBUG: target(mean=-4.58 std=8.26 min=-21.17 max=6.84) V(s)(mean=-4.54 std=7.37) reward(mean=-0.153 std=2.885) clip=50.0
[step 04800] eval_success_rate=0.880 eval_mean_score=15.880 eval_policy_mode=greedy [solved=44/50, score_range=15.00-16.00/16.0, initial=13.52]
[step 04800] PROGRESS: filled=15.88 violations=0.00 zero_cand=0.00
[step 04800] DEBUG: ep_len=3.8 ep_ret=1.744 stop_prob=0.000 score_chg=2.4725
[step 04850] value_loss=11.713135 policy_loss=0.792567
[step 04850] VALUE_DEBUG: target(mean=-0.89 std=6.93 min=-16.15 max=9.56) V(s)(mean=-1.38 std=6.39) reward(mean=0.051 std=4.487) clip=50.0
[step 04900] opnorm clamp applied
[step 04900] value_loss=2.852518 policy_loss=0.149467
[step 04900] VALUE_DEBUG: target(mean=-2.62 std=7.37 min=-18.91 max=5.57) V(s)(mean=-3.14 std=6.93) reward(mean=-0.729 std=4.400) clip=50.0
[step 04900] eval_success_rate=0.900 eval_mean_score=15.900 eval_policy_mode=greedy [solved=45/50, score_range=15.00-16.00/16.0, initial=13.52]
[step 04900] PROGRESS: filled=15.90 violations=0.00 zero_cand=0.00
[step 04900] DEBUG: ep_len=3.4 ep_ret=2.069 stop_prob=0.000 score_chg=2.3225
[step 04950] value_loss=6.927505 policy_loss=-0.312833
[step 04950] VALUE_DEBUG: target(mean=-4.91 std=7.74 min=-16.38 max=6.84) V(s)(mean=-4.95 std=7.49) reward(mean=0.062 std=2.712) clip=50.0
[step 05000] opnorm clamp applied
[step 05000] value_loss=3.056332 policy_loss=0.310589
[step 05000] VALUE_DEBUG: target(mean=-2.44 std=7.27 min=-17.24 max=7.32) V(s)(mean=-3.07 std=7.00) reward(mean=1.275 std=1.875) clip=50.0
[step 05000] eval_success_rate=0.860 eval_mean_score=15.860 eval_policy_mode=greedy [solved=43/50, score_range=15.00-16.00/16.0, initial=13.52]
[step 05000] PROGRESS: filled=15.86 violations=0.00 zero_cand=0.00
[step 05000] DEBUG: ep_len=3.7 ep_ret=1.663 stop_prob=0.000 score_chg=2.2850
[Checkpoint] Saved to checkpoints/rl_sudoku-4x4-trivial_seed123/rl_checkpoint_step_5000.pt
[Checkpoint] Saved to checkpoints/rl_sudoku-4x4-trivial_seed123/rl_checkpoint_step_5000.pt
