[2026-01-22T17:56:50.682-08:00] Buck UI: https://www.internalfb.com/buck2/3dbd73cf-b01e-4c79-8595-9bc81704df2b
[2026-01-22T17:56:51.044-08:00] Network: Up: 0B  Down: 0B
BUILD SUCCEEDED - starting your binary
[DATASET] dataset_paths=['buiksat_trm/data/sudoku-4x4-trivial']
[DATASET] resolved_dataset_name=sudoku-4x4-trivial
[DATASET] num_samples=32
[INFO] Using feasibility-aware Sudoku checker for 4x4
       score = filled - 2.0*violations - 5.0*zeroCand
       Max score: 16 (all filled, no violations)
[INFO] Training for 5000 steps (gamma=0.990, K=1, inner_unroll_n=2)
[INFO] Terminal rewards: solve=1.000, fail=-16.000
[INFO] Using TRM backbone (hidden=64, H=2, L=2)
[DEBUG] Policy head STOP bias: 0.00 (should be 0.0 for uniform init)
[INFO] Puzzle embeddings DISABLED (set --puzzle-emb-ndim > 0 to enable)
============================================================
TRAINER SELECTION
============================================================
/data/repos/fbsource/buck-out/v2/gen/fbcode/7bc20b5dff24e379/buiksat_trm/__upi_trm_train__/upi_trm_train#link-tree/torch/cuda/__init__.py:373: UserWarning: Found GPU0 NVIDIA A100-PG509-200 which is of compute capability (CC) 8.0.
The following list shows the CCs this version of PyTorch was built for and the hardware CCs it supports:
Please follow the instructions at https://pytorch.org/get-started/locally/ to install a PyTorch release that supports one of these CUDA versions: 12.6, 12.8, 13.0
  _warn_unsupported_code(d, device_cc, code_ccs)
INFO:2026-01-22 17:56:57 3458904:3458904 CuptiCallbackApi.cpp:74] Callback: domain = 3, cbid = 1
INFO:2026-01-22 17:56:57 3458904:3458904 CuptiActivityProfiler.cpp:245] CUDA versions. CUPTI: 22; Runtime: 12040; Driver: 12040
INFO:2026-01-22 17:56:57 3458904:3461217 FBConfig.cpp:330] Perfetto builder enabled: 1
INFO:2026-01-22 17:56:57 3458904:3461217 DynoConfigLoader.cpp:61] Setting communication fabric enabled = 0
INFO:2026-01-22 17:56:57 3458904:3461217 DynoConfigLoader.cpp:61] Setting communication fabric enabled = 0
TritonTraceHandler: disabled because /logs does not exist
===========[FB_TRITON]=========== Triton Version: 3.3.2+fb
[TRAINER] UPI-TRM (K=1, inner_n=2)
[TRAINER] CLI --baseline: None, YAML algorithm: None
============================================================
[INFO] Checkpoint directory: checkpoints/rl_sudoku-4x4-trivial_seed456

============================================================
UPI-TRM THEORY ALIGNMENT CHECK
============================================================
⚠ Configuration has theory gaps:
  • enable_contraction=False disables spectral normalization (Assumption 4.2). L_z < 1 contraction not enforced.
  • exact_baseline_summation=False: Using approximate baseline. This gives O(ε_A/(1-γ)) bound instead of O(α·ε_A) from Theorem 5.9. For discrete action spaces (Sudoku), enable for tighter bounds.
  • theory_exact_mixture=False: Using parameter-space interpolation for CPI, which is NOT equivalent to policy-space mixture. The CPI improvement guarantee does not strictly apply. Set theory_exact_mixture=True for theory-exact behavior (but slower due to evaluating two networks).

Theory status:
  Forward-invariant projection: ✓
  Contraction enforced (L_z < 1): ✗
  Exact baseline (Thm 5.9): ✗
  Distillation (not in theory): ✓ disabled

Is theory-exact: False
============================================================

UPI-TRM theoretical dials:
  L_z target (rl_cfg.target_Lz): 0.9
  L_V target (rl_cfg.target_Lv): 1.0
  Inner unroll n (rl_cfg.inner_unroll_n): 2
  K-step horizon K (rl_cfg.K): 1
  Mixture alpha (rl_cfg.mixture_alpha): 0.1
  Latent ball radius (rl_cfg.latent_ball_radius): 10.0
  Episodic latent: True
  Exact K-step targets: False
  Exact baseline summation: False

[INFO] STOP action mode: disabled
[INFO] Forward-invariant projection enabled (R=10.0)
[WandB] Disabled by default (enable with: --wandb)
[DEBUG] Action mask: 4 valid actions out of 97 total
[DEBUG] Latent mode: episodic
[DEBUG] Step 0 probs: STOP=0.000000, edits=1.000000
[DEBUG] Top 5 action probs: torch.return_types.topk(
values=tensor([0.2944, 0.2828, 0.2467, 0.1761, 0.0000], device='cuda:0',
       grad_fn=<TopkBackward0>),
indices=tensor([22, 23, 20, 21,  0], device='cuda:0'))
[step 00050] value_loss=13.670649 policy_loss=-0.793573
[step 00050] VALUE_DEBUG: target(mean=-1.24 std=3.72 min=-9.32 max=6.02) V(s)(mean=-1.04 std=0.25) reward(mean=-1.053 std=3.694) clip=50.0
[step 00100] value_loss=25.071178 policy_loss=0.123087
[step 00100] VALUE_DEBUG: target(mean=-1.57 std=5.33 min=-16.04 max=6.84) V(s)(mean=-1.78 std=0.81) reward(mean=-1.055 std=5.264) clip=50.0
[step 00100] eval_success_rate=0.180 eval_mean_score=12.220 eval_policy_mode=greedy [solved=9/50, score_range=2.00-16.00/16.0, initial=13.52]
[step 00100] PROGRESS: filled=14.62 violations=1.00 zero_cand=0.08
[step 00100] DEBUG: ep_len=11.2 ep_ret=-13.172 stop_prob=0.000 score_chg=-4.6175
[step 00150] value_loss=33.279919 policy_loss=-1.281551
[step 00150] VALUE_DEBUG: target(mean=-2.54 std=5.80 min=-15.98 max=5.83) V(s)(mean=-2.38 std=0.51) reward(mean=-1.474 std=6.089) clip=50.0
[step 00200] value_loss=36.240952 policy_loss=-1.445922
[step 00200] VALUE_DEBUG: target(mean=-4.39 std=6.19 min=-21.96 max=6.84) V(s)(mean=-2.96 std=0.89) reward(mean=-3.076 std=6.408) clip=50.0
[step 00200] eval_success_rate=0.320 eval_mean_score=13.920 eval_policy_mode=greedy [solved=16/50, score_range=6.00-16.00/16.0, initial=13.52]
[step 00200] PROGRESS: filled=14.52 violations=0.20 zero_cand=0.04
[step 00200] DEBUG: ep_len=10.6 ep_ret=-11.807 stop_prob=0.000 score_chg=-3.7550
[step 00250] value_loss=25.028072 policy_loss=-0.566756
[step 00250] VALUE_DEBUG: target(mean=-3.61 std=4.74 min=-16.04 max=1.84) V(s)(mean=-2.92 std=1.43) reward(mean=-1.720 std=5.177) clip=50.0
[step 00300] value_loss=13.003097 policy_loss=-1.212498
[step 00300] VALUE_DEBUG: target(mean=-4.41 std=3.92 min=-10.24 max=3.76) V(s)(mean=-3.48 std=1.65) reward(mean=-2.062 std=3.526) clip=50.0
[step 00300] eval_success_rate=0.320 eval_mean_score=14.240 eval_policy_mode=greedy [solved=16/50, score_range=6.00-16.00/16.0, initial=13.52]
[step 00300] PROGRESS: filled=14.52 violations=0.04 zero_cand=0.04
[step 00300] DEBUG: ep_len=8.8 ep_ret=-6.631 stop_prob=0.000 score_chg=-0.9125
[step 00350] value_loss=25.666380 policy_loss=-0.700711
[step 00350] VALUE_DEBUG: target(mean=-2.51 std=6.07 min=-16.04 max=6.84) V(s)(mean=-3.12 std=2.80) reward(mean=-0.287 std=5.515) clip=50.0
[step 00400] value_loss=18.621956 policy_loss=-0.152681
[step 00400] VALUE_DEBUG: target(mean=-2.84 std=5.19 min=-16.10 max=6.84) V(s)(mean=-3.39 std=2.26) reward(mean=-0.054 std=4.818) clip=50.0
[step 00400] eval_success_rate=0.340 eval_mean_score=14.600 eval_policy_mode=greedy [solved=17/50, score_range=13.00-16.00/16.0, initial=13.52]
[step 00400] PROGRESS: filled=14.60 violations=0.00 zero_cand=0.00
[step 00400] DEBUG: ep_len=8.0 ep_ret=-4.419 stop_prob=0.000 score_chg=0.5250
[step 00450] value_loss=24.959126 policy_loss=0.207029
[step 00450] VALUE_DEBUG: target(mean=-4.15 std=5.32 min=-16.10 max=6.84) V(s)(mean=-4.64 std=2.23) reward(mean=-0.756 std=5.902) clip=50.0
[step 00500] value_loss=16.659573 policy_loss=1.576040
[step 00500] VALUE_DEBUG: target(mean=-3.73 std=3.95 min=-12.37 max=2.29) V(s)(mean=-4.86 std=2.46) reward(mean=0.247 std=3.687) clip=50.0
[step 00500] eval_success_rate=0.400 eval_mean_score=14.640 eval_policy_mode=greedy [solved=20/50, score_range=13.00-16.00/16.0, initial=13.52]
[step 00500] PROGRESS: filled=14.64 violations=0.00 zero_cand=0.00
[step 00500] DEBUG: ep_len=7.2 ep_ret=-3.417 stop_prob=0.000 score_chg=0.9975
[step 00550] value_loss=18.057899 policy_loss=0.274940
[step 00550] VALUE_DEBUG: target(mean=-4.67 std=5.04 min=-16.06 max=6.21) V(s)(mean=-3.85 std=2.59) reward(mean=-1.364 std=4.670) clip=50.0
[step 00600] value_loss=18.996925 policy_loss=1.000349
[step 00600] VALUE_DEBUG: target(mean=-3.57 std=4.95 min=-21.10 max=1.95) V(s)(mean=-3.01 std=2.57) reward(mean=-1.318 std=5.388) clip=50.0
[step 00600] eval_success_rate=0.360 eval_mean_score=14.700 eval_policy_mode=greedy [solved=18/50, score_range=13.00-16.00/16.0, initial=13.52]
[step 00600] PROGRESS: filled=14.70 violations=0.00 zero_cand=0.00
[step 00600] DEBUG: ep_len=6.7 ep_ret=-1.670 stop_prob=0.000 score_chg=1.5550
[step 00650] value_loss=12.525303 policy_loss=0.903219
[step 00650] VALUE_DEBUG: target(mean=-4.99 std=5.14 min=-16.04 max=4.79) V(s)(mean=-3.83 std=3.92) reward(mean=-1.471 std=4.406) clip=50.0
[step 00700] value_loss=12.863613 policy_loss=-0.298926
[step 00700] VALUE_DEBUG: target(mean=-4.68 std=5.19 min=-16.04 max=6.84) V(s)(mean=-4.56 std=3.59) reward(mean=-0.788 std=4.151) clip=50.0
[step 00700] eval_success_rate=0.360 eval_mean_score=14.760 eval_policy_mode=greedy [solved=18/50, score_range=13.00-16.00/16.0, initial=13.52]
[step 00700] PROGRESS: filled=14.76 violations=0.00 zero_cand=0.00
[step 00700] DEBUG: ep_len=6.1 ep_ret=-1.103 stop_prob=0.000 score_chg=1.5525
[step 00750] value_loss=14.410790 policy_loss=1.047754
[step 00750] VALUE_DEBUG: target(mean=-5.61 std=5.73 min=-16.47 max=4.75) V(s)(mean=-5.30 std=3.47) reward(mean=-1.246 std=5.109) clip=50.0
[step 00800] value_loss=18.446835 policy_loss=0.884708
[step 00800] VALUE_DEBUG: target(mean=-6.62 std=5.80 min=-16.14 max=6.84) V(s)(mean=-5.91 std=3.48) reward(mean=-1.862 std=6.387) clip=50.0
[step 00800] eval_success_rate=0.460 eval_mean_score=15.060 eval_policy_mode=greedy [solved=23/50, score_range=14.00-16.00/16.0, initial=13.52]
[step 00800] PROGRESS: filled=15.06 violations=0.00 zero_cand=0.00
[step 00800] DEBUG: ep_len=6.7 ep_ret=-1.610 stop_prob=0.000 score_chg=1.6875
[step 00850] value_loss=19.534279 policy_loss=0.526742
[step 00850] VALUE_DEBUG: target(mean=-3.07 std=5.05 min=-11.45 max=6.84) V(s)(mean=-4.72 std=2.87) reward(mean=1.270 std=3.537) clip=50.0
[step 00900] value_loss=12.275391 policy_loss=0.111489
[step 00900] VALUE_DEBUG: target(mean=-4.41 std=5.98 min=-16.14 max=6.84) V(s)(mean=-3.62 std=4.55) reward(mean=-1.417 std=4.882) clip=50.0
[step 00900] eval_success_rate=0.440 eval_mean_score=14.960 eval_policy_mode=greedy [solved=22/50, score_range=13.00-16.00/16.0, initial=13.52]
[step 00900] PROGRESS: filled=14.96 violations=0.00 zero_cand=0.00
[step 00900] DEBUG: ep_len=6.4 ep_ret=-0.919 stop_prob=0.000 score_chg=1.7350
[step 00950] value_loss=26.278692 policy_loss=2.211514
[step 00950] VALUE_DEBUG: target(mean=-6.68 std=5.79 min=-22.00 max=6.84) V(s)(mean=-5.34 std=2.98) reward(mean=-1.304 std=6.067) clip=50.0
[step 01000] value_loss=22.067808 policy_loss=-0.285373
[step 01000] VALUE_DEBUG: target(mean=-5.31 std=5.62 min=-20.01 max=6.84) V(s)(mean=-5.62 std=3.39) reward(mean=-0.135 std=3.879) clip=50.0
[step 01000] eval_success_rate=0.440 eval_mean_score=14.980 eval_policy_mode=greedy [solved=22/50, score_range=13.00-16.00/16.0, initial=13.52]
[step 01000] PROGRESS: filled=14.98 violations=0.00 zero_cand=0.00
[step 01000] DEBUG: ep_len=6.1 ep_ret=-1.093 stop_prob=0.000 score_chg=1.6700
[Checkpoint] Saved to checkpoints/rl_sudoku-4x4-trivial_seed456/rl_checkpoint_step_1000.pt
[step 01050] value_loss=10.201233 policy_loss=0.504593
[step 01050] VALUE_DEBUG: target(mean=-4.52 std=5.60 min=-16.15 max=6.84) V(s)(mean=-4.31 std=4.57) reward(mean=-0.648 std=4.705) clip=50.0
[step 01100] value_loss=21.676369 policy_loss=0.883565
[step 01100] VALUE_DEBUG: target(mean=-3.33 std=5.64 min=-17.71 max=6.84) V(s)(mean=-5.24 std=4.41) reward(mean=0.676 std=3.310) clip=50.0
[step 01100] eval_success_rate=0.560 eval_mean_score=15.080 eval_policy_mode=greedy [solved=28/50, score_range=13.00-16.00/16.0, initial=13.52]
[step 01100] PROGRESS: filled=15.08 violations=0.00 zero_cand=0.00
[step 01100] DEBUG: ep_len=5.0 ep_ret=0.539 stop_prob=0.000 score_chg=1.9375
[step 01150] value_loss=27.808064 policy_loss=1.277193
[step 01150] VALUE_DEBUG: target(mean=-5.71 std=6.29 min=-22.04 max=6.84) V(s)(mean=-4.95 std=4.05) reward(mean=-0.832 std=5.771) clip=50.0
[step 01200] value_loss=18.272488 policy_loss=-0.192160
[step 01200] VALUE_DEBUG: target(mean=-5.44 std=6.06 min=-19.02 max=6.84) V(s)(mean=-6.55 std=4.54) reward(mean=-0.299 std=3.409) clip=50.0
[step 01200] eval_success_rate=0.600 eval_mean_score=15.280 eval_policy_mode=greedy [solved=30/50, score_range=13.00-16.00/16.0, initial=13.52]
[step 01200] PROGRESS: filled=15.28 violations=0.00 zero_cand=0.00
[step 01200] DEBUG: ep_len=4.9 ep_ret=0.767 stop_prob=0.000 score_chg=2.0825
[step 01250] value_loss=18.553324 policy_loss=0.808004
[step 01250] VALUE_DEBUG: target(mean=-4.63 std=6.36 min=-16.09 max=6.84) V(s)(mean=-5.39 std=4.18) reward(mean=0.197 std=4.420) clip=50.0
[step 01300] value_loss=7.382411 policy_loss=0.403616
[step 01300] VALUE_DEBUG: target(mean=-5.31 std=5.60 min=-15.51 max=6.84) V(s)(mean=-5.68 std=4.53) reward(mean=0.080 std=2.038) clip=50.0
[step 01300] eval_success_rate=0.720 eval_mean_score=15.580 eval_policy_mode=greedy [solved=36/50, score_range=13.00-16.00/16.0, initial=13.52]
[step 01300] PROGRESS: filled=15.58 violations=0.00 zero_cand=0.00
[step 01300] DEBUG: ep_len=4.4 ep_ret=1.286 stop_prob=0.000 score_chg=2.1300
[step 01350] value_loss=9.180859 policy_loss=0.541024
[step 01350] VALUE_DEBUG: target(mean=-5.15 std=5.09 min=-14.57 max=7.35) V(s)(mean=-4.15 std=4.06) reward(mean=-0.521 std=2.881) clip=50.0
[step 01400] value_loss=10.025314 policy_loss=0.590606
[step 01400] VALUE_DEBUG: target(mean=-7.27 std=5.68 min=-16.15 max=5.74) V(s)(mean=-6.07 std=4.88) reward(mean=-2.078 std=5.437) clip=50.0
[step 01400] eval_success_rate=0.760 eval_mean_score=15.620 eval_policy_mode=greedy [solved=38/50, score_range=14.00-16.00/16.0, initial=13.52]
[step 01400] PROGRESS: filled=15.62 violations=0.00 zero_cand=0.00
[step 01400] DEBUG: ep_len=4.5 ep_ret=0.981 stop_prob=0.000 score_chg=2.1300
[step 01450] value_loss=15.094028 policy_loss=-0.663027
[step 01450] VALUE_DEBUG: target(mean=-5.16 std=5.92 min=-21.98 max=6.84) V(s)(mean=-4.23 std=4.22) reward(mean=-1.463 std=5.292) clip=50.0
[step 01500] value_loss=14.578180 policy_loss=-0.169525
[step 01500] VALUE_DEBUG: target(mean=-6.13 std=5.51 min=-22.04 max=2.35) V(s)(mean=-5.18 std=3.72) reward(mean=-1.085 std=4.770) clip=50.0
[step 01500] eval_success_rate=0.740 eval_mean_score=15.580 eval_policy_mode=greedy [solved=37/50, score_range=13.00-16.00/16.0, initial=13.52]
[step 01500] PROGRESS: filled=15.58 violations=0.00 zero_cand=0.00
[step 01500] DEBUG: ep_len=4.6 ep_ret=0.992 stop_prob=0.000 score_chg=2.1950
[step 01550] value_loss=10.231705 policy_loss=-0.247091
[step 01550] VALUE_DEBUG: target(mean=-6.14 std=5.69 min=-16.00 max=6.84) V(s)(mean=-6.95 std=5.33) reward(mean=0.381 std=3.833) clip=50.0
[step 01600] value_loss=7.715954 policy_loss=0.149568
[step 01600] VALUE_DEBUG: target(mean=-4.31 std=6.57 min=-16.10 max=8.00) V(s)(mean=-4.59 std=5.59) reward(mean=-0.109 std=4.346) clip=50.0
[step 01600] eval_success_rate=0.820 eval_mean_score=15.560 eval_policy_mode=greedy [solved=41/50, score_range=13.00-16.00/16.0, initial=13.52]
[step 01600] PROGRESS: filled=15.56 violations=0.00 zero_cand=0.00
[step 01600] DEBUG: ep_len=4.6 ep_ret=0.697 stop_prob=0.000 score_chg=1.9825
[step 01650] value_loss=8.522973 policy_loss=1.960298
[step 01650] VALUE_DEBUG: target(mean=-5.08 std=5.82 min=-16.15 max=6.84) V(s)(mean=-5.61 std=5.34) reward(mean=-0.309 std=4.698) clip=50.0
[step 01700] value_loss=7.660499 policy_loss=0.575566
[step 01700] VALUE_DEBUG: target(mean=-3.83 std=5.31 min=-14.78 max=5.51) V(s)(mean=-3.33 std=4.71) reward(mean=-0.635 std=2.596) clip=50.0
[step 01700] eval_success_rate=0.760 eval_mean_score=15.520 eval_policy_mode=greedy [solved=38/50, score_range=13.00-16.00/16.0, initial=13.52]
[step 01700] PROGRESS: filled=15.52 violations=0.00 zero_cand=0.00
[step 01700] DEBUG: ep_len=4.1 ep_ret=1.719 stop_prob=0.000 score_chg=2.2100
[step 01750] value_loss=9.448326 policy_loss=0.169149
[step 01750] VALUE_DEBUG: target(mean=-4.91 std=6.02 min=-16.00 max=3.96) V(s)(mean=-4.70 std=4.70) reward(mean=-1.018 std=4.373) clip=50.0
[step 01800] value_loss=7.279660 policy_loss=1.050728
[step 01800] VALUE_DEBUG: target(mean=-6.09 std=5.18 min=-16.10 max=1.84) V(s)(mean=-5.80 std=5.02) reward(mean=-0.653 std=4.672) clip=50.0
[step 01800] eval_success_rate=0.840 eval_mean_score=15.640 eval_policy_mode=greedy [solved=42/50, score_range=13.00-16.00/16.0, initial=13.52]
[step 01800] PROGRESS: filled=15.64 violations=0.00 zero_cand=0.00
[step 01800] DEBUG: ep_len=4.4 ep_ret=1.234 stop_prob=0.000 score_chg=2.1850
[step 01850] value_loss=11.433336 policy_loss=0.889703
[step 01850] VALUE_DEBUG: target(mean=-3.37 std=6.15 min=-16.06 max=7.22) V(s)(mean=-3.45 std=5.20) reward(mean=-0.114 std=4.192) clip=50.0
[step 01900] value_loss=6.936749 policy_loss=1.484178
[step 01900] VALUE_DEBUG: target(mean=-5.37 std=6.22 min=-18.98 max=5.93) V(s)(mean=-5.26 std=5.39) reward(mean=-0.970 std=4.646) clip=50.0
[step 01900] eval_success_rate=0.900 eval_mean_score=15.820 eval_policy_mode=greedy [solved=45/50, score_range=14.00-16.00/16.0, initial=13.52]
[step 01900] PROGRESS: filled=15.82 violations=0.00 zero_cand=0.00
[step 01900] DEBUG: ep_len=4.1 ep_ret=1.334 stop_prob=0.000 score_chg=2.2125
[step 01950] value_loss=8.157656 policy_loss=-0.282904
[step 01950] VALUE_DEBUG: target(mean=-4.67 std=5.89 min=-16.15 max=6.84) V(s)(mean=-5.00 std=5.75) reward(mean=0.132 std=3.970) clip=50.0
[step 02000] value_loss=12.886015 policy_loss=-0.401688
[step 02000] VALUE_DEBUG: target(mean=-4.53 std=6.36 min=-14.84 max=6.84) V(s)(mean=-5.18 std=5.32) reward(mean=0.464 std=2.955) clip=50.0
[step 02000] eval_success_rate=0.800 eval_mean_score=15.720 eval_policy_mode=greedy [solved=40/50, score_range=13.00-16.00/16.0, initial=13.52]
[step 02000] PROGRESS: filled=15.72 violations=0.00 zero_cand=0.00
[step 02000] DEBUG: ep_len=4.3 ep_ret=0.927 stop_prob=0.000 score_chg=2.1375
[Checkpoint] Saved to checkpoints/rl_sudoku-4x4-trivial_seed456/rl_checkpoint_step_2000.pt
[step 02050] value_loss=14.143340 policy_loss=1.067321
[step 02050] VALUE_DEBUG: target(mean=-5.62 std=5.99 min=-18.32 max=2.41) V(s)(mean=-4.82 std=5.79) reward(mean=-0.586 std=3.919) clip=50.0
[step 02100] value_loss=7.924851 policy_loss=-0.559352
[step 02100] VALUE_DEBUG: target(mean=-5.49 std=6.48 min=-15.27 max=6.84) V(s)(mean=-6.00 std=5.77) reward(mean=0.705 std=2.401) clip=50.0
[step 02100] eval_success_rate=0.900 eval_mean_score=15.780 eval_policy_mode=greedy [solved=45/50, score_range=13.00-16.00/16.0, initial=13.52]
[step 02100] PROGRESS: filled=15.78 violations=0.00 zero_cand=0.00
[step 02100] DEBUG: ep_len=4.1 ep_ret=1.324 stop_prob=0.000 score_chg=2.2450
[step 02150] value_loss=3.887928 policy_loss=1.508182
[step 02150] VALUE_DEBUG: target(mean=-7.35 std=6.70 min=-18.94 max=2.90) V(s)(mean=-7.25 std=5.80) reward(mean=-0.150 std=3.373) clip=50.0
[step 02200] value_loss=12.447269 policy_loss=1.180075
[step 02200] VALUE_DEBUG: target(mean=-5.20 std=7.93 min=-22.09 max=6.84) V(s)(mean=-5.57 std=6.85) reward(mean=-0.259 std=4.677) clip=50.0
[step 02200] eval_success_rate=0.880 eval_mean_score=15.800 eval_policy_mode=greedy [solved=44/50, score_range=13.00-16.00/16.0, initial=13.52]
[step 02200] PROGRESS: filled=15.80 violations=0.00 zero_cand=0.00
[step 02200] DEBUG: ep_len=3.5 ep_ret=2.059 stop_prob=0.000 score_chg=2.2800
[step 02250] value_loss=13.222224 policy_loss=-0.713031
[step 02250] VALUE_DEBUG: target(mean=-4.03 std=6.93 min=-18.38 max=6.08) V(s)(mean=-3.72 std=5.89) reward(mean=-0.644 std=3.724) clip=50.0
[step 02300] value_loss=35.675560 policy_loss=0.711614
[step 02300] VALUE_DEBUG: target(mean=-5.45 std=7.59 min=-21.98 max=7.12) V(s)(mean=-4.48 std=5.48) reward(mean=-1.358 std=6.607) clip=50.0
[step 02300] eval_success_rate=0.900 eval_mean_score=15.820 eval_policy_mode=greedy [solved=45/50, score_range=13.00-16.00/16.0, initial=13.52]
[step 02300] PROGRESS: filled=15.82 violations=0.00 zero_cand=0.00
[step 02300] DEBUG: ep_len=3.7 ep_ret=1.784 stop_prob=0.000 score_chg=2.2700
[step 02350] value_loss=3.091232 policy_loss=-0.392078
[step 02350] VALUE_DEBUG: target(mean=-4.33 std=6.66 min=-14.95 max=9.76) V(s)(mean=-4.82 std=6.02) reward(mean=0.594 std=1.742) clip=50.0
[step 02400] value_loss=13.534094 policy_loss=-0.429947
[step 02400] VALUE_DEBUG: target(mean=-5.71 std=7.44 min=-20.06 max=6.84) V(s)(mean=-4.65 std=6.69) reward(mean=-1.107 std=4.810) clip=50.0
[step 02400] eval_success_rate=0.920 eval_mean_score=15.800 eval_policy_mode=greedy [solved=46/50, score_range=13.00-16.00/16.0, initial=13.52]
[step 02400] PROGRESS: filled=15.80 violations=0.00 zero_cand=0.00
[step 02400] DEBUG: ep_len=3.9 ep_ret=1.363 stop_prob=0.000 score_chg=2.2200
[step 02450] value_loss=6.182668 policy_loss=0.706184
[step 02450] VALUE_DEBUG: target(mean=-4.60 std=6.70 min=-20.06 max=6.50) V(s)(mean=-4.46 std=6.15) reward(mean=-0.587 std=3.921) clip=50.0
[step 02500] value_loss=22.019260 policy_loss=0.044054
[step 02500] VALUE_DEBUG: target(mean=-5.89 std=6.39 min=-17.18 max=2.73) V(s)(mean=-4.87 std=5.92) reward(mean=-0.675 std=4.604) clip=50.0
[step 02500] eval_success_rate=0.860 eval_mean_score=15.700 eval_policy_mode=greedy [solved=43/50, score_range=13.00-16.00/16.0, initial=13.52]
[step 02500] PROGRESS: filled=15.70 violations=0.00 zero_cand=0.00
[step 02500] DEBUG: ep_len=3.7 ep_ret=1.612 stop_prob=0.000 score_chg=2.1925
[step 02550] value_loss=12.600887 policy_loss=0.884085
[step 02550] VALUE_DEBUG: target(mean=-5.07 std=6.33 min=-16.10 max=5.68) V(s)(mean=-4.13 std=6.12) reward(mean=-1.076 std=3.874) clip=50.0
[step 02600] value_loss=12.319565 policy_loss=0.304469
[step 02600] VALUE_DEBUG: target(mean=-5.26 std=6.98 min=-18.01 max=9.51) V(s)(mean=-5.11 std=6.00) reward(mean=0.240 std=3.659) clip=50.0
[step 02600] eval_success_rate=0.880 eval_mean_score=15.800 eval_policy_mode=greedy [solved=44/50, score_range=13.00-16.00/16.0, initial=13.52]
[step 02600] PROGRESS: filled=15.80 violations=0.00 zero_cand=0.00
[step 02600] DEBUG: ep_len=3.9 ep_ret=1.383 stop_prob=0.000 score_chg=2.1900
[step 02650] value_loss=7.784248 policy_loss=-0.368641
[step 02650] VALUE_DEBUG: target(mean=-3.70 std=7.40 min=-20.60 max=6.84) V(s)(mean=-4.09 std=6.73) reward(mean=-0.054 std=2.941) clip=50.0
[step 02700] value_loss=10.869339 policy_loss=-0.113126
[step 02700] VALUE_DEBUG: target(mean=-2.11 std=5.74 min=-16.15 max=7.89) V(s)(mean=-2.96 std=4.51) reward(mean=0.377 std=3.547) clip=50.0
[step 02700] eval_success_rate=0.920 eval_mean_score=15.800 eval_policy_mode=greedy [solved=46/50, score_range=13.00-16.00/16.0, initial=13.52]
[step 02700] PROGRESS: filled=15.80 violations=0.00 zero_cand=0.00
[step 02700] DEBUG: ep_len=3.9 ep_ret=1.581 stop_prob=0.000 score_chg=2.3150
[step 02750] value_loss=8.864764 policy_loss=-0.696334
[step 02750] VALUE_DEBUG: target(mean=-5.68 std=8.36 min=-22.06 max=6.43) V(s)(mean=-5.91 std=6.73) reward(mean=-0.178 std=3.202) clip=50.0
[step 02800] value_loss=8.123814 policy_loss=0.108269
[step 02800] VALUE_DEBUG: target(mean=-1.60 std=5.53 min=-14.87 max=9.03) V(s)(mean=-1.90 std=4.42) reward(mean=0.845 std=3.119) clip=50.0
[step 02800] eval_success_rate=0.900 eval_mean_score=15.820 eval_policy_mode=greedy [solved=45/50, score_range=14.00-16.00/16.0, initial=13.52]
[step 02800] PROGRESS: filled=15.82 violations=0.00 zero_cand=0.00
[step 02800] DEBUG: ep_len=3.5 ep_ret=1.951 stop_prob=0.000 score_chg=2.2450
[step 02850] value_loss=10.328808 policy_loss=-0.463321
[step 02850] VALUE_DEBUG: target(mean=-4.03 std=7.10 min=-16.25 max=8.53) V(s)(mean=-3.88 std=6.25) reward(mean=0.147 std=3.673) clip=50.0
[step 02900] value_loss=7.758706 policy_loss=0.435658
[step 02900] VALUE_DEBUG: target(mean=-3.52 std=6.11 min=-17.70 max=5.93) V(s)(mean=-3.31 std=5.62) reward(mean=0.036 std=2.947) clip=50.0
[step 02900] eval_success_rate=0.920 eval_mean_score=15.880 eval_policy_mode=greedy [solved=46/50, score_range=14.00-16.00/16.0, initial=13.52]
[step 02900] PROGRESS: filled=15.88 violations=0.00 zero_cand=0.00
[step 02900] DEBUG: ep_len=3.6 ep_ret=1.519 stop_prob=0.000 score_chg=2.1625
[step 02950] value_loss=8.344816 policy_loss=-0.344081
[step 02950] VALUE_DEBUG: target(mean=-4.18 std=8.04 min=-16.89 max=9.29) V(s)(mean=-3.92 std=6.74) reward(mean=-0.049 std=3.556) clip=50.0
[step 03000] value_loss=11.286219 policy_loss=-1.341697
[step 03000] VALUE_DEBUG: target(mean=-3.34 std=7.46 min=-23.63 max=6.84) V(s)(mean=-3.32 std=5.98) reward(mean=-0.394 std=4.399) clip=50.0
[step 03000] eval_success_rate=0.920 eval_mean_score=15.880 eval_policy_mode=greedy [solved=46/50, score_range=14.00-16.00/16.0, initial=13.52]
[step 03000] PROGRESS: filled=15.88 violations=0.00 zero_cand=0.00
[step 03000] DEBUG: ep_len=3.8 ep_ret=1.520 stop_prob=0.000 score_chg=2.3300
[Checkpoint] Saved to checkpoints/rl_sudoku-4x4-trivial_seed456/rl_checkpoint_step_3000.pt
[step 03050] value_loss=10.190511 policy_loss=0.575686
[step 03050] VALUE_DEBUG: target(mean=-3.03 std=6.15 min=-16.13 max=3.33) V(s)(mean=-2.59 std=5.09) reward(mean=-0.492 std=3.890) clip=50.0
[step 03100] value_loss=13.554326 policy_loss=-0.953367
[step 03100] VALUE_DEBUG: target(mean=-5.49 std=7.58 min=-23.16 max=5.56) V(s)(mean=-5.06 std=7.02) reward(mean=-0.703 std=3.927) clip=50.0
[step 03100] eval_success_rate=0.900 eval_mean_score=15.860 eval_policy_mode=greedy [solved=45/50, score_range=14.00-16.00/16.0, initial=13.52]
[step 03100] PROGRESS: filled=15.86 violations=0.00 zero_cand=0.00
[step 03100] DEBUG: ep_len=3.8 ep_ret=1.294 stop_prob=0.000 score_chg=2.1300
[step 03150] value_loss=6.246764 policy_loss=0.315338
[step 03150] VALUE_DEBUG: target(mean=-4.85 std=6.73 min=-16.10 max=5.45) V(s)(mean=-4.45 std=6.14) reward(mean=-0.921 std=3.658) clip=50.0
[step 03200] value_loss=19.042561 policy_loss=0.792972
[step 03200] VALUE_DEBUG: target(mean=-3.67 std=7.61 min=-16.45 max=9.83) V(s)(mean=-5.39 std=6.60) reward(mean=0.863 std=3.611) clip=50.0
[step 03200] eval_success_rate=0.880 eval_mean_score=15.840 eval_policy_mode=greedy [solved=44/50, score_range=14.00-16.00/16.0, initial=13.52]
[step 03200] PROGRESS: filled=15.84 violations=0.00 zero_cand=0.00
[step 03200] DEBUG: ep_len=3.6 ep_ret=1.832 stop_prob=0.000 score_chg=2.2300
[step 03250] value_loss=8.401373 policy_loss=0.273790
[step 03250] VALUE_DEBUG: target(mean=-3.35 std=7.92 min=-22.00 max=6.84) V(s)(mean=-2.76 std=6.96) reward(mean=-0.397 std=3.672) clip=50.0
[step 03300] value_loss=10.865152 policy_loss=0.240665
[step 03300] VALUE_DEBUG: target(mean=-0.67 std=5.57 min=-16.76 max=7.81) V(s)(mean=-1.71 std=5.35) reward(mean=0.774 std=3.017) clip=50.0
[step 03300] eval_success_rate=0.900 eval_mean_score=15.860 eval_policy_mode=greedy [solved=45/50, score_range=14.00-16.00/16.0, initial=13.52]
[step 03300] PROGRESS: filled=15.86 violations=0.00 zero_cand=0.00
[step 03300] DEBUG: ep_len=3.8 ep_ret=1.461 stop_prob=0.000 score_chg=2.2225
[step 03350] value_loss=8.132824 policy_loss=-0.024195
[step 03350] VALUE_DEBUG: target(mean=-4.47 std=7.75 min=-17.98 max=6.84) V(s)(mean=-4.10 std=7.35) reward(mean=-0.675 std=4.823) clip=50.0
[step 03400] value_loss=9.048908 policy_loss=0.688844
[step 03400] VALUE_DEBUG: target(mean=-0.93 std=6.52 min=-20.07 max=6.84) V(s)(mean=-1.83 std=6.03) reward(mean=1.083 std=4.110) clip=50.0
[step 03400] eval_success_rate=0.900 eval_mean_score=15.820 eval_policy_mode=greedy [solved=45/50, score_range=13.00-16.00/16.0, initial=13.52]
[step 03400] PROGRESS: filled=15.82 violations=0.00 zero_cand=0.00
[step 03400] DEBUG: ep_len=3.8 ep_ret=1.548 stop_prob=0.000 score_chg=2.2575
[step 03450] value_loss=6.728673 policy_loss=-0.054719
[step 03450] VALUE_DEBUG: target(mean=-2.69 std=6.88 min=-21.41 max=8.55) V(s)(mean=-2.86 std=5.77) reward(mean=0.383 std=2.617) clip=50.0
[step 03500] value_loss=9.044531 policy_loss=-0.339802
[step 03500] VALUE_DEBUG: target(mean=-2.91 std=6.30 min=-16.79 max=6.84) V(s)(mean=-2.83 std=5.34) reward(mean=0.362 std=3.388) clip=50.0
[step 03500] eval_success_rate=0.900 eval_mean_score=15.860 eval_policy_mode=greedy [solved=45/50, score_range=14.00-16.00/16.0, initial=13.52]
[step 03500] PROGRESS: filled=15.86 violations=0.00 zero_cand=0.00
[step 03500] DEBUG: ep_len=3.7 ep_ret=1.794 stop_prob=0.000 score_chg=2.2925
[step 03550] value_loss=6.090961 policy_loss=-0.759164
[step 03550] VALUE_DEBUG: target(mean=-4.98 std=7.57 min=-20.77 max=6.84) V(s)(mean=-4.95 std=6.95) reward(mean=-0.146 std=2.761) clip=50.0
[step 03600] value_loss=20.760807 policy_loss=0.424134
[step 03600] VALUE_DEBUG: target(mean=-1.49 std=6.41 min=-22.09 max=7.72) V(s)(mean=-1.26 std=4.43) reward(mean=-0.035 std=4.657) clip=50.0
[step 03600] eval_success_rate=0.900 eval_mean_score=15.820 eval_policy_mode=greedy [solved=45/50, score_range=14.00-16.00/16.0, initial=13.52]
[step 03600] PROGRESS: filled=15.82 violations=0.00 zero_cand=0.00
[step 03600] DEBUG: ep_len=3.8 ep_ret=1.747 stop_prob=0.000 score_chg=2.3475
[step 03650] value_loss=2.976714 policy_loss=0.194278
[step 03650] VALUE_DEBUG: target(mean=-3.06 std=6.98 min=-16.84 max=6.79) V(s)(mean=-3.47 std=6.96) reward(mean=0.428 std=1.997) clip=50.0
[step 03700] value_loss=6.980485 policy_loss=-0.516373
[step 03700] VALUE_DEBUG: target(mean=-0.73 std=5.71 min=-17.04 max=6.84) V(s)(mean=-1.62 std=5.08) reward(mean=1.056 std=2.544) clip=50.0
[step 03700] eval_success_rate=0.900 eval_mean_score=15.820 eval_policy_mode=greedy [solved=45/50, score_range=13.00-16.00/16.0, initial=13.52]
[step 03700] PROGRESS: filled=15.82 violations=0.00 zero_cand=0.00
[step 03700] DEBUG: ep_len=4.0 ep_ret=1.638 stop_prob=0.000 score_chg=2.3875
[step 03750] value_loss=11.800406 policy_loss=-0.007432
[step 03750] VALUE_DEBUG: target(mean=-2.82 std=6.77 min=-16.98 max=8.01) V(s)(mean=-3.11 std=6.00) reward(mean=0.477 std=2.920) clip=50.0
[step 03800] value_loss=15.833685 policy_loss=-0.079069
[step 03800] VALUE_DEBUG: target(mean=-3.39 std=7.96 min=-23.26 max=9.53) V(s)(mean=-3.29 std=6.43) reward(mean=-0.155 std=4.803) clip=50.0
[step 03800] eval_success_rate=0.880 eval_mean_score=15.840 eval_policy_mode=greedy [solved=44/50, score_range=14.00-16.00/16.0, initial=13.52]
[step 03800] PROGRESS: filled=15.84 violations=0.00 zero_cand=0.00
[step 03800] DEBUG: ep_len=4.0 ep_ret=1.272 stop_prob=0.000 score_chg=2.2300
[step 03850] value_loss=14.353255 policy_loss=0.395235
[step 03850] VALUE_DEBUG: target(mean=-1.95 std=6.96 min=-17.05 max=6.84) V(s)(mean=-1.96 std=5.78) reward(mean=0.286 std=4.377) clip=50.0
[step 03900] value_loss=14.407819 policy_loss=0.619382
[step 03900] VALUE_DEBUG: target(mean=-3.18 std=7.89 min=-22.04 max=13.29) V(s)(mean=-2.42 std=6.87) reward(mean=-0.384 std=4.354) clip=50.0
[step 03900] eval_success_rate=0.880 eval_mean_score=15.840 eval_policy_mode=greedy [solved=44/50, score_range=14.00-16.00/16.0, initial=13.52]
[step 03900] PROGRESS: filled=15.84 violations=0.00 zero_cand=0.00
[step 03900] DEBUG: ep_len=3.7 ep_ret=1.851 stop_prob=0.000 score_chg=2.2525
[step 03950] value_loss=4.216458 policy_loss=0.327799
[step 03950] VALUE_DEBUG: target(mean=-4.51 std=8.40 min=-21.65 max=3.43) V(s)(mean=-4.56 std=7.80) reward(mean=-0.812 std=4.517) clip=50.0
[step 04000] value_loss=15.856638 policy_loss=0.746279
[step 04000] VALUE_DEBUG: target(mean=-3.76 std=7.29 min=-22.04 max=4.71) V(s)(mean=-3.84 std=6.16) reward(mean=0.055 std=4.173) clip=50.0
[step 04000] eval_success_rate=0.900 eval_mean_score=15.860 eval_policy_mode=greedy [solved=45/50, score_range=14.00-16.00/16.0, initial=13.52]
[step 04000] PROGRESS: filled=15.86 violations=0.00 zero_cand=0.00
[step 04000] DEBUG: ep_len=3.7 ep_ret=1.532 stop_prob=0.000 score_chg=2.2400
[Checkpoint] Saved to checkpoints/rl_sudoku-4x4-trivial_seed456/rl_checkpoint_step_4000.pt
[step 04050] value_loss=3.907169 policy_loss=0.576554
[step 04050] VALUE_DEBUG: target(mean=-3.42 std=7.57 min=-19.88 max=7.58) V(s)(mean=-3.68 std=6.80) reward(mean=0.435 std=2.299) clip=50.0
[step 04100] value_loss=5.962421 policy_loss=0.019145
[step 04100] VALUE_DEBUG: target(mean=-2.98 std=8.65 min=-17.58 max=7.75) V(s)(mean=-3.58 std=7.97) reward(mean=0.989 std=2.579) clip=50.0
[step 04100] eval_success_rate=0.900 eval_mean_score=15.860 eval_policy_mode=greedy [solved=45/50, score_range=14.00-16.00/16.0, initial=13.52]
[step 04100] PROGRESS: filled=15.86 violations=0.00 zero_cand=0.00
[step 04100] DEBUG: ep_len=3.5 ep_ret=1.893 stop_prob=0.000 score_chg=2.2750
[step 04150] value_loss=8.503314 policy_loss=-0.389101
[step 04150] VALUE_DEBUG: target(mean=-2.56 std=6.68 min=-17.22 max=6.84) V(s)(mean=-3.41 std=6.32) reward(mean=1.120 std=2.591) clip=50.0
[step 04200] value_loss=7.042253 policy_loss=0.031082
[step 04200] VALUE_DEBUG: target(mean=-4.15 std=7.81 min=-17.37 max=5.74) V(s)(mean=-4.29 std=7.53) reward(mean=0.281 std=2.205) clip=50.0
[step 04200] eval_success_rate=0.900 eval_mean_score=15.860 eval_policy_mode=greedy [solved=45/50, score_range=14.00-16.00/16.0, initial=13.52]
[step 04200] PROGRESS: filled=15.86 violations=0.00 zero_cand=0.00
[step 04200] DEBUG: ep_len=3.6 ep_ret=2.082 stop_prob=0.000 score_chg=2.4000
[step 04250] value_loss=4.027833 policy_loss=0.239359
[step 04250] VALUE_DEBUG: target(mean=-3.06 std=8.25 min=-21.37 max=9.32) V(s)(mean=-3.56 std=7.74) reward(mean=-0.308 std=3.801) clip=50.0
[step 04300] value_loss=18.973661 policy_loss=-0.146542
[step 04300] VALUE_DEBUG: target(mean=-4.14 std=8.53 min=-20.53 max=6.84) V(s)(mean=-4.89 std=7.95) reward(mean=-0.277 std=3.956) clip=50.0
[step 04300] eval_success_rate=0.920 eval_mean_score=15.880 eval_policy_mode=greedy [solved=46/50, score_range=14.00-16.00/16.0, initial=13.52]
[step 04300] PROGRESS: filled=15.88 violations=0.00 zero_cand=0.00
[step 04300] DEBUG: ep_len=3.4 ep_ret=2.108 stop_prob=0.000 score_chg=2.3075
[step 04350] value_loss=16.948885 policy_loss=0.390763
[step 04350] VALUE_DEBUG: target(mean=-3.94 std=7.92 min=-20.66 max=6.60) V(s)(mean=-3.24 std=7.47) reward(mean=-0.267 std=3.977) clip=50.0
[step 04400] value_loss=6.896111 policy_loss=0.540886
[step 04400] VALUE_DEBUG: target(mean=-3.12 std=7.63 min=-21.62 max=10.76) V(s)(mean=-3.44 std=6.72) reward(mean=0.317 std=2.520) clip=50.0
[step 04400] eval_success_rate=0.920 eval_mean_score=15.880 eval_policy_mode=greedy [solved=46/50, score_range=14.00-16.00/16.0, initial=13.52]
[step 04400] PROGRESS: filled=15.88 violations=0.00 zero_cand=0.00
[step 04400] DEBUG: ep_len=3.5 ep_ret=1.867 stop_prob=0.000 score_chg=2.3525
[step 04450] value_loss=26.507320 policy_loss=0.439725
[step 04450] VALUE_DEBUG: target(mean=-5.95 std=8.34 min=-23.64 max=6.36) V(s)(mean=-4.41 std=7.47) reward(mean=-1.729 std=5.242) clip=50.0
[step 04500] value_loss=3.248158 policy_loss=0.734231
[step 04500] VALUE_DEBUG: target(mean=-2.21 std=7.80 min=-21.10 max=6.84) V(s)(mean=-2.29 std=7.31) reward(mean=0.257 std=4.433) clip=50.0
[step 04500] eval_success_rate=0.920 eval_mean_score=15.840 eval_policy_mode=greedy [solved=46/50, score_range=13.00-16.00/16.0, initial=13.52]
[step 04500] PROGRESS: filled=15.84 violations=0.00 zero_cand=0.00
[step 04500] DEBUG: ep_len=3.6 ep_ret=1.743 stop_prob=0.000 score_chg=2.3625
[step 04550] value_loss=20.799332 policy_loss=-0.273552
[step 04550] VALUE_DEBUG: target(mean=-4.62 std=9.03 min=-19.86 max=6.84) V(s)(mean=-4.00 std=7.52) reward(mean=-1.008 std=5.503) clip=50.0
[step 04600] value_loss=5.467330 policy_loss=0.049093
[step 04600] VALUE_DEBUG: target(mean=-4.32 std=7.96 min=-23.57 max=2.54) V(s)(mean=-4.05 std=7.73) reward(mean=-1.220 std=4.896) clip=50.0
[step 04600] eval_success_rate=0.920 eval_mean_score=15.880 eval_policy_mode=greedy [solved=46/50, score_range=14.00-16.00/16.0, initial=13.52]
[step 04600] PROGRESS: filled=15.88 violations=0.00 zero_cand=0.00
[step 04600] DEBUG: ep_len=3.3 ep_ret=2.325 stop_prob=0.000 score_chg=2.3875
[step 04650] value_loss=4.226556 policy_loss=-0.043053
[step 04650] VALUE_DEBUG: target(mean=-2.46 std=7.20 min=-17.41 max=7.88) V(s)(mean=-2.47 std=7.11) reward(mean=-1.060 std=4.469) clip=50.0
[step 04700] value_loss=3.982778 policy_loss=-0.368755
[step 04700] VALUE_DEBUG: target(mean=-4.04 std=8.46 min=-19.47 max=7.65) V(s)(mean=-4.60 std=7.91) reward(mean=-0.811 std=4.905) clip=50.0
[step 04700] eval_success_rate=0.920 eval_mean_score=15.840 eval_policy_mode=greedy [solved=46/50, score_range=13.00-16.00/16.0, initial=13.52]
[step 04700] PROGRESS: filled=15.84 violations=0.00 zero_cand=0.00
[step 04700] DEBUG: ep_len=3.6 ep_ret=1.701 stop_prob=0.000 score_chg=2.2750
[step 04750] value_loss=6.053223 policy_loss=0.155326
[step 04750] VALUE_DEBUG: target(mean=-2.72 std=7.79 min=-22.09 max=7.67) V(s)(mean=-2.62 std=7.09) reward(mean=-0.375 std=4.483) clip=50.0
[step 04800] value_loss=2.144353 policy_loss=0.238008
[step 04800] VALUE_DEBUG: target(mean=-1.33 std=7.06 min=-17.71 max=7.86) V(s)(mean=-1.84 std=6.69) reward(mean=0.556 std=3.560) clip=50.0
[step 04800] eval_success_rate=0.880 eval_mean_score=15.840 eval_policy_mode=greedy [solved=44/50, score_range=14.00-16.00/16.0, initial=13.52]
[step 04800] PROGRESS: filled=15.84 violations=0.00 zero_cand=0.00
[step 04800] DEBUG: ep_len=3.3 ep_ret=2.113 stop_prob=0.000 score_chg=2.2575
[step 04850] value_loss=7.776955 policy_loss=-0.152266
[step 04850] VALUE_DEBUG: target(mean=-3.88 std=7.75 min=-18.30 max=6.84) V(s)(mean=-3.80 std=7.10) reward(mean=0.121 std=3.720) clip=50.0
[step 04900] value_loss=6.363181 policy_loss=0.705426
[step 04900] VALUE_DEBUG: target(mean=-2.47 std=7.37 min=-17.69 max=7.04) V(s)(mean=-2.56 std=6.71) reward(mean=0.368 std=2.639) clip=50.0
[step 04900] eval_success_rate=0.920 eval_mean_score=15.880 eval_policy_mode=greedy [solved=46/50, score_range=14.00-16.00/16.0, initial=13.52]
[step 04900] PROGRESS: filled=15.88 violations=0.00 zero_cand=0.00
[step 04900] DEBUG: ep_len=3.6 ep_ret=1.780 stop_prob=0.000 score_chg=2.3000
[step 04950] value_loss=2.741772 policy_loss=-0.010499
[step 04950] VALUE_DEBUG: target(mean=-3.76 std=8.11 min=-17.71 max=2.90) V(s)(mean=-3.82 std=8.02) reward(mean=0.610 std=1.771) clip=50.0
[step 05000] value_loss=7.623067 policy_loss=0.184611
[step 05000] VALUE_DEBUG: target(mean=-3.71 std=9.21 min=-17.69 max=7.33) V(s)(mean=-4.87 std=8.59) reward(mean=1.025 std=4.053) clip=50.0
[step 05000] eval_success_rate=0.920 eval_mean_score=15.880 eval_policy_mode=greedy [solved=46/50, score_range=14.00-16.00/16.0, initial=13.52]
[step 05000] PROGRESS: filled=15.88 violations=0.00 zero_cand=0.00
[step 05000] DEBUG: ep_len=3.5 ep_ret=2.005 stop_prob=0.000 score_chg=2.3500
[Checkpoint] Saved to checkpoints/rl_sudoku-4x4-trivial_seed456/rl_checkpoint_step_5000.pt
[Checkpoint] Saved to checkpoints/rl_sudoku-4x4-trivial_seed456/rl_checkpoint_step_5000.pt
