[2026-01-14T22:33:00.370-08:00] Buck UI: https://www.internalfb.com/buck2/264a0e75-94b7-4cf3-adc5-13b9f1438a24
[2026-01-14T22:33:00.371-08:00] File changed: fbcode//results/plots/feasibility_success_vs_steps.png
[2026-01-14T22:33:00.371-08:00] File changed: fbcode//results/plots/feasibility_success_vs_steps.pdf
[2026-01-14T22:33:00.371-08:00] File changed: fbcode//results/plots/feasibility_score_vs_steps.png
[2026-01-14T22:33:00.371-08:00] 7 additional file change events
[2026-01-14T22:33:06.147-08:00] [2m2026-01-15T06:33:06.030319Z[0m [33m WARN[0m [2mbuck2_interpreter_for_build::interpreter::functions::warning[0m[2m:[0m NCCL version '2.23.4' format is being deprecated for this NCCL version, please use MAJOR:MINOR format: 2.23 instead
[2026-01-14T22:33:06.147-08:00] [2m2026-01-15T06:33:06.030368Z[0m [33m WARN[0m [2mbuck2_interpreter_for_build::interpreter::functions::warning[0m[2m:[0m NCCL version '2.25.1' format is being deprecated for this NCCL version, please use MAJOR:MINOR format: 2.25 instead
[2026-01-14T22:33:06.147-08:00] [2m2026-01-15T06:33:06.030388Z[0m [33m WARN[0m [2mbuck2_interpreter_for_build::interpreter::functions::warning[0m[2m:[0m NCCL version '2.23.4' format is being deprecated for this NCCL version, please use MAJOR:MINOR format: 2.23 instead
[2026-01-14T22:33:06.147-08:00] [2m2026-01-15T06:33:06.030395Z[0m [33m WARN[0m [2mbuck2_interpreter_for_build::interpreter::functions::warning[0m[2m:[0m NCCL version '2.23.4' format is being deprecated for this NCCL version, please use MAJOR:MINOR format: 2.23 instead
[2026-01-14T22:33:06.147-08:00] [2m2026-01-15T06:33:06.030402Z[0m [33m WARN[0m [2mbuck2_interpreter_for_build::interpreter::functions::warning[0m[2m:[0m NCCL version '2.23.4' format is being deprecated for this NCCL version, please use MAJOR:MINOR format: 2.23 instead
[2026-01-14T22:33:13.247-08:00] Waiting on fbsource//third-party/rocm_composable_kernel:BUCK -- evaluating build file, and 43 other actions
[2026-01-14T22:33:16.564-08:00] [2m2026-01-15T06:33:16.393541Z[0m [33m WARN[0m [2mbuck2_interpreter_for_build::interpreter::functions::warning[0m[2m:[0m ptxas 12.8 is not available on platform platform010-aarch64-compat
[2026-01-14T22:33:16.564-08:00] [2m2026-01-15T06:33:16.393573Z[0m [33m WARN[0m [2mbuck2_interpreter_for_build::interpreter::functions::warning[0m[2m:[0m ptxas 12.8 is not available on platform platform010-compat
[2026-01-14T22:33:16.564-08:00] [2m2026-01-15T06:33:16.393578Z[0m [33m WARN[0m [2mbuck2_interpreter_for_build::interpreter::functions::warning[0m[2m:[0m ptxas 12.8 is not available on platform platform010-libcxx
[2026-01-14T22:33:16.564-08:00] [2m2026-01-15T06:33:16.393583Z[0m [33m WARN[0m [2mbuck2_interpreter_for_build::interpreter::functions::warning[0m[2m:[0m ptxas 12.8 is not available on platform antlir-distro
[2026-01-14T22:33:23.647-08:00] Waiting on fbcode//configerator/structs/data_access_policies/if:BUCK -- evaluating build file, and 42 other actions
[2026-01-14T22:33:30.647-08:00] Waiting on fbcode//configerator/structs/admarket/common:BUCK -- evaluating build file, and 5 other actions
[2026-01-14T22:33:37.748-08:00] Waiting on buck2 daemon 264a0e75-94b7-4cf3-adc5-13b9f1438a24...
[2026-01-14T22:33:37.748-08:00] Network: Up:   0B             Down:   0B           
[2026-01-14T22:33:37.748-08:00] Resource usage: RSS: 24GiB CPU: 180%
[2026-01-14T22:33:37.748-08:00] IO: none
[2026-01-14T22:33:44.847-08:00] Waiting on fbcode//buiksat_trm:upi_trm_train (cfg:opt-linux-x86_64-fbcode-platform010-clang19-no-san-opt-by-default#7bc20b5dff24e379) -- running analysis [evaluate_rule]
[2026-01-14T22:33:50.792-08:00] RE Session: reSessionID-eb06632f-3f30-4e92-b018-6131b0e03dbe
[2026-01-14T22:33:57.848-08:00] Waiting on fbcode//common/services/cpp:thrift_aclchecker_handler_base (cfg:opt-linux-x86_64-fbcode-platform010-clang19-no-san-opt-by-default#7bc20b5dff24e379) -- action (write .cpp.file_prefix_cxx_args), and 88 other actions
[2026-01-14T22:34:04.850-08:00] Waiting on fbcode//core_health/services/workflow_observability/py3:mlhub_insight_util (cfg:opt-linux-x86_64-fbcode-platform010-clang19-no-san-opt-by-default#7bc20b5dff24e379) -- materializing `bytecode_CHECKED_HASH`, and 3511 other actions
[2026-01-14T22:34:11.957-08:00] Waiting on fbcode//caffe2:_libtorch_cuda (cfg:opt-linux-x86_64-fbcode-platform010-clang19-no-san-opt-by-default#7bc20b5dff24e379) -- dynamic analysis, and 41 other actions
[2026-01-14T22:34:17.020-08:00] Cache hits: 100%
[2026-01-14T22:34:17.020-08:00] Commands: 1 (cached: 1, remote: 0, local: 0)
[2026-01-14T22:34:17.020-08:00] Network: Up: 0B  Down: 0B  (reSessionID-eb06632f-3f30-4e92-b018-6131b0e03dbe)
[2026-01-14T22:34:19.047-08:00] Waiting on buck2 daemon 264a0e75-94b7-4cf3-adc5-13b9f1438a24...
[2026-01-14T22:34:19.047-08:00] Network: Up:   0B             Down:   0B             (reSessionID-eb06632f-3f30-4e92-b018-6131b0e03dbe)
[2026-01-14T22:34:19.047-08:00] Resource usage: RSS: 28GiB CPU: 114%
[2026-01-14T22:34:19.047-08:00] IO: none
BUILD SUCCEEDED - starting your binary
[INFO] Using progress-based Sudoku checker for 4x4 (score = filled_cells, range 0-16)
[INFO] Training for 1000 steps (gamma=0.990, K=1, inner_unroll_n=4)
[INFO] Terminal rewards: solve=0.000, fail=-16.000
/data/repos/fbsource/buck-out/v2/gen/fbcode/7bc20b5dff24e379/buiksat_trm/__upi_trm_train__/upi_trm_train#link-tree/upi_trm_train.py:873: UserWarning: rl_enable_contraction=True: Applying operator-norm clamping and contraction scaling to z->z path layers. This is REQUIRED for Assumption 3.2 (L_z < 1) but will modify network behavior. Pretrained weights from vanilla TRM may require fine-tuning.
  model = TinyRecursiveReasoningModel_ACTV1(trm_cfg_dict)
[INFO] Value head norm: DISABLED by config (rl_disable_value_head_norm=True)
[INFO] Using TRM backbone (hidden=64, H=2, L=2)
[DEBUG] Policy head STOP bias: 0.00 (should be 0.0 for uniform init)
[INFO] Puzzle embeddings DISABLED (set --puzzle-emb-ndim > 0 to enable)
/data/repos/fbsource/buck-out/v2/gen/fbcode/7bc20b5dff24e379/buiksat_trm/__upi_trm_train__/upi_trm_train#link-tree/torch/cuda/__init__.py:373: UserWarning: Found GPU0 NVIDIA PG509-210 which is of compute capability (CC) 8.0.
The following list shows the CCs this version of PyTorch was built for and the hardware CCs it supports:
Please follow the instructions at https://pytorch.org/get-started/locally/ to install a PyTorch release that supports one of these CUDA versions: 12.6, 12.8, 13.0
  _warn_unsupported_code(d, device_cc, code_ccs)
INFO:2026-01-14 22:34:24 1780203:1780203 CuptiCallbackApi.cpp:74] Callback: domain = 3, cbid = 1
INFO:2026-01-14 22:34:24 1780203:1780203 CuptiActivityProfiler.cpp:245] CUDA versions. CUPTI: 22; Runtime: 12040; Driver: 12040
INFO:2026-01-14 22:34:24 1780203:1790532 FBConfig.cpp:330] Perfetto builder enabled: 1
INFO:2026-01-14 22:34:24 1780203:1790532 DynoConfigLoader.cpp:61] Setting communication fabric enabled = 0
/data/repos/fbsource/buck-out/v2/gen/fbcode/7bc20b5dff24e379/buiksat_trm/__upi_trm_train__/upi_trm_train#link-tree/rl/upi_trm_trainer.py:93: UserWarning: rl_enable_contraction=True: Applying operator-norm clamping and contraction scaling to z->z path layers. This is REQUIRED for Assumption 3.2 (L_z < 1) but will modify network behavior. Pretrained weights from vanilla TRM may require fine-tuning.
  self.target_model = TinyRecursiveReasoningModel_ACTV1(self._config_to_dict(self.model.config)).to(device)
[INFO] Value head norm: DISABLED by config (rl_disable_value_head_norm=True)
/data/repos/fbsource/buck-out/v2/gen/fbcode/7bc20b5dff24e379/buiksat_trm/__upi_trm_train__/upi_trm_train#link-tree/rl/upi_trm_trainer.py:103: UserWarning: rl_enable_contraction=True: Applying operator-norm clamping and contraction scaling to z->z path layers. This is REQUIRED for Assumption 3.2 (L_z < 1) but will modify network behavior. Pretrained weights from vanilla TRM may require fine-tuning.
  self.policy_model_candidate = TinyRecursiveReasoningModel_ACTV1(
[INFO] Value head norm: DISABLED by config (rl_disable_value_head_norm=True)
INFO:2026-01-14 22:34:24 1780203:1790532 DynoConfigLoader.cpp:61] Setting communication fabric enabled = 0
TritonTraceHandler: disabled because /logs does not exist
===========[FB_TRITON]=========== Triton Version: 3.3.2+fb
[INFO] Using UPI-TRM algorithm (K=1, inner_n=4)
[INFO] Checkpoint directory: checkpoints/rl_sudoku-4x4-trivial_seed456

============================================================
UPI-TRM THEORY ALIGNMENT CHECK
============================================================
✓ Configuration aligns with theoretical guarantees

Theory status:
  Forward-invariant projection: ✓
  Contraction enforced (L_z < 1): ✓
  Exact baseline (Thm 5.9): ✓
  Distillation (not in theory): ✓ disabled

Is theory-exact: True
============================================================

UPI-TRM theoretical dials:
  L_z target (rl_cfg.target_Lz): 0.9
  L_V target (rl_cfg.target_Lv): 1.0
  Inner unroll n (rl_cfg.inner_unroll_n): 4
  K-step horizon K (rl_cfg.K): 1
  Mixture alpha (rl_cfg.mixture_alpha): 0.05
  Latent ball radius (rl_cfg.latent_ball_radius): 10.0
  Episodic latent: True
  Exact K-step targets: True
  Exact baseline summation: True

[INFO] STOP action mode: disabled
[INFO] Using EXACT baseline summation (Theorem 5.9 O(α·ε_A) bound)
[INFO] Forward-invariant projection enabled (R=10.0)
[WandB] Disabled by default (enable with: --wandb)
[DEBUG] Action mask: 8 valid actions out of 97 total
[DEBUG] Latent mode: episodic
[DEBUG] Step 0 probs: STOP=0.000000, edits=1.000000
[DEBUG] Top 5 action probs: torch.return_types.topk(
values=tensor([0.1573, 0.1348, 0.1333, 0.1317, 0.1212], device='cuda:0',
       grad_fn=<TopkBackward0>),
indices=tensor([33, 52, 53, 34, 32], device='cuda:0'))
/data/repos/fbsource/buck-out/v2/gen/fbcode/7bc20b5dff24e379/buiksat_trm/__upi_trm_train__/upi_trm_train#link-tree/rl/upi_trm_trainer.py:1021: UserWarning: [UPI-TRM Theory] advantage_clip>0 while is_theory_exact() is True. This technically perturbs the exact advantages used in Theorem 5.9.
  warnings.warn(
[step 00010] value_loss=16.295448 policy_loss=1.362232
[step 00010] VALUE_DEBUG: target(mean=-0.87 std=4.12 min=-20.00 max=5.92) V(s)(mean=-0.83 std=0.94) reward(mean=-0.819 std=4.192) clip=20.0
[step 00020] value_loss=20.835573 policy_loss=0.880015
[step 00020] VALUE_DEBUG: target(mean=-1.17 std=4.61 min=-20.00 max=5.96) V(s)(mean=-0.75 std=0.73) reward(mean=-1.082 std=4.686) clip=20.0
[step 00030] value_loss=18.890846 policy_loss=0.222860
[step 00030] VALUE_DEBUG: target(mean=-0.79 std=4.44 min=-20.00 max=5.89) V(s)(mean=-0.86 std=0.70) reward(mean=-0.700 std=4.597) clip=20.0
[step 00040] value_loss=19.587711 policy_loss=-0.334567
[step 00040] VALUE_DEBUG: target(mean=-1.27 std=4.59 min=-20.00 max=5.84) V(s)(mean=-1.22 std=0.80) reward(mean=-1.095 std=4.724) clip=20.0
[step 00050] value_loss=20.359421 policy_loss=0.830873
[step 00050] VALUE_DEBUG: target(mean=-0.75 std=4.66 min=-20.00 max=6.10) V(s)(mean=-0.81 std=0.77) reward(mean=-0.535 std=4.726) clip=20.0
[step 00050] eval_success_rate=0.120 eval_mean_score=10.280 eval_policy_mode=greedy [solved=6/50, score_range=2.00-16.00/16.0, initial=13.64]
[step 00050] PROGRESS: filled=14.72 violations=2.22 zero_cand=0.10
[step 00050] DEBUG: ep_len=12.6 ep_ret=-12.522 stop_prob=0.000 score_chg=-4.1850
[step 00060] value_loss=12.998429 policy_loss=0.877478
[step 00060] VALUE_DEBUG: target(mean=-0.99 std=3.63 min=-15.97 max=5.84) V(s)(mean=-1.36 std=0.98) reward(mean=-0.681 std=3.630) clip=20.0
[step 00070] value_loss=26.036850 policy_loss=0.805526
[step 00070] VALUE_DEBUG: target(mean=-1.42 std=5.07 min=-20.00 max=5.91) V(s)(mean=-1.28 std=0.95) reward(mean=-1.125 std=5.177) clip=20.0
[step 00080] value_loss=21.815258 policy_loss=0.923162
[step 00080] VALUE_DEBUG: target(mean=-1.86 std=4.70 min=-20.00 max=6.06) V(s)(mean=-1.89 std=0.93) reward(mean=-1.474 std=4.816) clip=20.0
[step 00090] value_loss=29.542587 policy_loss=1.045073
[step 00090] VALUE_DEBUG: target(mean=-2.39 std=5.33 min=-20.00 max=5.84) V(s)(mean=-1.20 std=1.01) reward(mean=-1.997 std=5.495) clip=20.0
[step 00100] opnorm clamp applied
[step 00100] value_loss=21.373756 policy_loss=1.196575
[step 00100] VALUE_DEBUG: target(mean=-1.68 std=4.71 min=-20.00 max=5.84) V(s)(mean=-1.51 std=0.99) reward(mean=-1.164 std=4.844) clip=20.0
[step 00100] eval_success_rate=0.100 eval_mean_score=10.380 eval_policy_mode=greedy [solved=5/50, score_range=3.00-16.00/16.0, initial=13.64]
[step 00100] PROGRESS: filled=14.70 violations=2.16 zero_cand=0.10
[step 00100] DEBUG: ep_len=13.6 ep_ret=-13.618 stop_prob=0.000 score_chg=-4.3950
[step 00110] value_loss=20.588631 policy_loss=0.737489
[step 00110] VALUE_DEBUG: target(mean=-1.59 std=4.64 min=-20.00 max=5.84) V(s)(mean=-1.24 std=1.30) reward(mean=-1.028 std=4.697) clip=20.0
[step 00120] value_loss=24.204775 policy_loss=0.898196
[step 00120] VALUE_DEBUG: target(mean=-1.27 std=5.10 min=-20.00 max=5.84) V(s)(mean=-1.43 std=0.94) reward(mean=-0.831 std=5.169) clip=20.0
[step 00130] value_loss=16.029604 policy_loss=0.900685
[step 00130] VALUE_DEBUG: target(mean=-0.78 std=4.07 min=-20.00 max=6.02) V(s)(mean=-1.34 std=1.05) reward(mean=-0.231 std=4.184) clip=20.0
[step 00140] value_loss=19.059484 policy_loss=0.644035
[step 00140] VALUE_DEBUG: target(mean=-1.43 std=4.43 min=-20.00 max=5.84) V(s)(mean=-1.49 std=1.10) reward(mean=-0.916 std=4.491) clip=20.0
[step 00150] value_loss=20.221264 policy_loss=1.132018
[step 00150] VALUE_DEBUG: target(mean=-2.11 std=4.59 min=-16.10 max=6.00) V(s)(mean=-1.33 std=1.23) reward(mean=-1.580 std=4.633) clip=20.0
[step 00150] eval_success_rate=0.100 eval_mean_score=10.260 eval_policy_mode=greedy [solved=5/50, score_range=3.00-16.00/16.0, initial=13.64]
[step 00150] PROGRESS: filled=14.70 violations=2.22 zero_cand=0.06
[step 00150] DEBUG: ep_len=12.4 ep_ret=-10.667 stop_prob=0.000 score_chg=-3.0350
[step 00160] value_loss=16.673069 policy_loss=1.081565
[step 00160] VALUE_DEBUG: target(mean=-1.45 std=4.39 min=-19.96 max=6.23) V(s)(mean=-1.44 std=1.13) reward(mean=-0.837 std=4.397) clip=20.0
[step 00170] value_loss=16.744343 policy_loss=1.276593
[step 00170] VALUE_DEBUG: target(mean=-1.39 std=4.42 min=-16.10 max=6.19) V(s)(mean=-1.16 std=1.41) reward(mean=-0.824 std=4.410) clip=20.0
[step 00180] value_loss=18.483055 policy_loss=1.223234
[step 00180] VALUE_DEBUG: target(mean=-1.51 std=4.47 min=-20.00 max=5.84) V(s)(mean=-1.78 std=1.13) reward(mean=-0.891 std=4.541) clip=20.0
[step 00190] value_loss=14.477387 policy_loss=1.066946
[step 00190] VALUE_DEBUG: target(mean=-1.69 std=4.08 min=-16.02 max=6.22) V(s)(mean=-1.13 std=1.32) reward(mean=-1.034 std=4.086) clip=20.0
[step 00200] opnorm clamp applied
[step 00200] value_loss=24.712315 policy_loss=0.787522
[step 00200] VALUE_DEBUG: target(mean=-1.22 std=4.94 min=-20.00 max=5.84) V(s)(mean=-1.53 std=1.08) reward(mean=-0.663 std=5.151) clip=20.0
[step 00200] eval_success_rate=0.100 eval_mean_score=10.300 eval_policy_mode=greedy [solved=5/50, score_range=3.00-16.00/16.0, initial=13.64]
[step 00200] PROGRESS: filled=14.74 violations=2.22 zero_cand=0.08
[step 00200] DEBUG: ep_len=13.9 ep_ret=-13.682 stop_prob=0.000 score_chg=-4.2850
[step 00210] value_loss=15.445144 policy_loss=0.785631
[step 00210] VALUE_DEBUG: target(mean=-1.76 std=4.14 min=-17.98 max=5.96) V(s)(mean=-1.76 std=1.20) reward(mean=-0.964 std=4.150) clip=20.0
[step 00220] value_loss=21.007639 policy_loss=0.911995
[step 00220] VALUE_DEBUG: target(mean=-1.56 std=4.75 min=-18.00 max=6.31) V(s)(mean=-2.17 std=1.52) reward(mean=-0.856 std=4.811) clip=20.0
[step 00230] value_loss=17.117043 policy_loss=0.720670
[step 00230] VALUE_DEBUG: target(mean=-1.67 std=4.46 min=-20.00 max=5.84) V(s)(mean=-1.37 std=1.43) reward(mean=-0.942 std=4.544) clip=20.0
[step 00240] value_loss=17.044905 policy_loss=1.085204
[step 00240] VALUE_DEBUG: target(mean=-2.00 std=4.32 min=-20.00 max=5.33) V(s)(mean=-1.85 std=1.28) reward(mean=-1.240 std=4.451) clip=20.0
[step 00250] value_loss=16.790506 policy_loss=1.061763
[step 00250] VALUE_DEBUG: target(mean=-1.92 std=4.33 min=-20.00 max=5.91) V(s)(mean=-1.71 std=1.35) reward(mean=-1.160 std=4.387) clip=20.0
[step 00250] eval_success_rate=0.100 eval_mean_score=10.460 eval_policy_mode=greedy [solved=5/50, score_range=3.00-16.00/16.0, initial=13.64]
[step 00250] PROGRESS: filled=14.74 violations=2.14 zero_cand=0.08
[step 00250] DEBUG: ep_len=13.1 ep_ret=-12.946 stop_prob=0.000 score_chg=-4.0900
[step 00260] value_loss=27.629227 policy_loss=0.761920
[step 00260] VALUE_DEBUG: target(mean=-1.86 std=5.30 min=-20.00 max=6.45) V(s)(mean=-1.51 std=1.56) reward(mean=-1.102 std=5.482) clip=20.0
[step 00270] value_loss=17.540285 policy_loss=0.584772
[step 00270] VALUE_DEBUG: target(mean=-2.10 std=4.34 min=-20.00 max=5.84) V(s)(mean=-1.92 std=1.41) reward(mean=-1.235 std=4.502) clip=20.0
[step 00280] value_loss=19.144669 policy_loss=0.970717
[step 00280] VALUE_DEBUG: target(mean=-2.23 std=4.32 min=-18.02 max=5.84) V(s)(mean=-2.12 std=1.46) reward(mean=-1.336 std=4.455) clip=20.0
[step 00290] value_loss=16.810949 policy_loss=0.408843
[step 00290] VALUE_DEBUG: target(mean=-1.32 std=4.16 min=-20.00 max=6.11) V(s)(mean=-2.00 std=1.30) reward(mean=-0.496 std=4.258) clip=20.0
[step 00300] opnorm clamp applied
[step 00300] value_loss=14.529262 policy_loss=1.031166
[step 00300] VALUE_DEBUG: target(mean=-1.06 std=3.87 min=-16.10 max=5.84) V(s)(mean=-1.65 std=1.59) reward(mean=-0.193 std=3.928) clip=20.0
[step 00300] eval_success_rate=0.100 eval_mean_score=10.360 eval_policy_mode=greedy [solved=5/50, score_range=6.00-16.00/16.0, initial=13.64]
[step 00300] PROGRESS: filled=14.72 violations=2.18 zero_cand=0.08
[step 00300] DEBUG: ep_len=13.4 ep_ret=-12.849 stop_prob=0.000 score_chg=-4.0900
[step 00310] value_loss=13.749111 policy_loss=0.929009
[step 00310] VALUE_DEBUG: target(mean=-1.67 std=3.95 min=-16.04 max=5.94) V(s)(mean=-2.38 std=1.34) reward(mean=-0.647 std=3.916) clip=20.0
[step 00320] value_loss=14.932119 policy_loss=0.189961
[step 00320] VALUE_DEBUG: target(mean=-1.72 std=4.25 min=-16.10 max=5.84) V(s)(mean=-1.31 std=1.83) reward(mean=-0.785 std=4.243) clip=20.0
[step 00330] value_loss=25.716419 policy_loss=0.862738
[step 00330] VALUE_DEBUG: target(mean=-2.44 std=5.19 min=-19.94 max=5.84) V(s)(mean=-1.90 std=1.51) reward(mean=-1.586 std=5.200) clip=20.0
[step 00340] value_loss=16.771009 policy_loss=0.669633
[step 00340] VALUE_DEBUG: target(mean=-2.41 std=4.45 min=-20.00 max=5.84) V(s)(mean=-1.91 std=1.62) reward(mean=-1.486 std=4.522) clip=20.0
[step 00350] value_loss=11.629032 policy_loss=0.559682
[step 00350] VALUE_DEBUG: target(mean=-1.80 std=3.76 min=-16.04 max=5.84) V(s)(mean=-1.68 std=1.61) reward(mean=-0.836 std=3.595) clip=20.0
[step 00350] eval_success_rate=0.100 eval_mean_score=10.360 eval_policy_mode=greedy [solved=5/50, score_range=3.00-16.00/16.0, initial=13.64]
[step 00350] PROGRESS: filled=14.76 violations=2.20 zero_cand=0.08
[step 00350] DEBUG: ep_len=13.4 ep_ret=-13.407 stop_prob=0.000 score_chg=-4.4000
[step 00360] value_loss=18.405499 policy_loss=1.173839
[step 00360] VALUE_DEBUG: target(mean=-2.04 std=4.68 min=-20.00 max=5.84) V(s)(mean=-2.01 std=1.54) reward(mean=-0.999 std=4.785) clip=20.0
[step 00370] value_loss=22.191776 policy_loss=0.595139
[step 00370] VALUE_DEBUG: target(mean=-2.69 std=4.89 min=-18.10 max=5.84) V(s)(mean=-2.05 std=1.57) reward(mean=-1.488 std=5.017) clip=20.0
[step 00380] value_loss=12.723522 policy_loss=0.512889
[step 00380] VALUE_DEBUG: target(mean=-1.83 std=3.92 min=-20.00 max=5.84) V(s)(mean=-2.41 std=1.65) reward(mean=-0.612 std=3.831) clip=20.0
[step 00390] value_loss=19.934669 policy_loss=0.845131
[step 00390] VALUE_DEBUG: target(mean=-2.71 std=4.82 min=-20.00 max=6.63) V(s)(mean=-2.41 std=1.69) reward(mean=-1.438 std=4.926) clip=20.0
[step 00400] opnorm clamp applied
[step 00400] value_loss=25.069958 policy_loss=0.375021
[step 00400] VALUE_DEBUG: target(mean=-2.49 std=5.32 min=-20.00 max=5.99) V(s)(mean=-1.93 std=2.06) reward(mean=-1.509 std=5.551) clip=20.0
[step 00400] eval_success_rate=0.100 eval_mean_score=10.360 eval_policy_mode=greedy [solved=5/50, score_range=6.00-16.00/16.0, initial=13.64]
[step 00400] PROGRESS: filled=14.72 violations=2.18 zero_cand=0.08
[step 00400] DEBUG: ep_len=13.1 ep_ret=-13.109 stop_prob=0.000 score_chg=-4.3100
[step 00410] value_loss=20.319328 policy_loss=0.628419
[step 00410] VALUE_DEBUG: target(mean=-2.97 std=4.51 min=-20.00 max=4.99) V(s)(mean=-2.56 std=1.48) reward(mean=-1.747 std=4.759) clip=20.0
[step 00420] value_loss=13.650433 policy_loss=0.683438
[step 00420] VALUE_DEBUG: target(mean=-2.24 std=4.25 min=-16.10 max=6.13) V(s)(mean=-2.05 std=1.70) reward(mean=-1.115 std=4.105) clip=20.0
[step 00430] value_loss=18.415823 policy_loss=0.473929
[step 00430] VALUE_DEBUG: target(mean=-2.71 std=4.54 min=-20.00 max=5.47) V(s)(mean=-2.01 std=1.87) reward(mean=-1.492 std=4.637) clip=20.0
[step 00440] value_loss=13.758078 policy_loss=0.912519
[step 00440] VALUE_DEBUG: target(mean=-2.08 std=4.03 min=-16.08 max=5.84) V(s)(mean=-2.29 std=1.86) reward(mean=-0.680 std=3.953) clip=20.0
[step 00450] value_loss=15.437705 policy_loss=0.853842
[step 00450] VALUE_DEBUG: target(mean=-1.05 std=4.16 min=-16.10 max=5.84) V(s)(mean=-1.92 std=1.98) reward(mean=0.092 std=4.071) clip=20.0
[step 00450] eval_success_rate=0.100 eval_mean_score=10.400 eval_policy_mode=greedy [solved=5/50, score_range=3.00-16.00/16.0, initial=13.64]
[step 00450] PROGRESS: filled=14.72 violations=2.16 zero_cand=0.12
[step 00450] DEBUG: ep_len=12.7 ep_ret=-12.552 stop_prob=0.000 score_chg=-4.1100
[step 00460] value_loss=18.170231 policy_loss=0.575378
[step 00460] VALUE_DEBUG: target(mean=-2.20 std=4.51 min=-16.10 max=6.40) V(s)(mean=-2.07 std=1.53) reward(mean=-0.908 std=4.655) clip=20.0
[step 00470] value_loss=16.813921 policy_loss=0.670320
[step 00470] VALUE_DEBUG: target(mean=-2.47 std=4.27 min=-16.04 max=5.84) V(s)(mean=-2.97 std=1.49) reward(mean=-1.069 std=4.334) clip=20.0
[step 00480] value_loss=23.468859 policy_loss=0.875723
[step 00480] VALUE_DEBUG: target(mean=-2.86 std=4.98 min=-18.00 max=5.84) V(s)(mean=-2.21 std=2.30) reward(mean=-1.346 std=5.002) clip=20.0
[step 00490] value_loss=17.008902 policy_loss=1.166255
[step 00490] VALUE_DEBUG: target(mean=-3.12 std=4.44 min=-19.98 max=5.84) V(s)(mean=-2.61 std=1.71) reward(mean=-1.658 std=4.477) clip=20.0
[step 00500] opnorm clamp applied
[step 00500] value_loss=27.388058 policy_loss=0.605200
[step 00500] VALUE_DEBUG: target(mean=-2.66 std=5.41 min=-20.00 max=5.99) V(s)(mean=-2.38 std=1.89) reward(mean=-1.320 std=5.597) clip=20.0
[step 00500] eval_success_rate=0.100 eval_mean_score=10.480 eval_policy_mode=greedy [solved=5/50, score_range=6.00-16.00/16.0, initial=13.64]
[step 00500] PROGRESS: filled=14.72 violations=2.12 zero_cand=0.14
[step 00500] DEBUG: ep_len=13.1 ep_ret=-13.414 stop_prob=0.000 score_chg=-4.3850
[step 00510] value_loss=15.458004 policy_loss=0.570173
[step 00510] VALUE_DEBUG: target(mean=-2.12 std=4.68 min=-20.00 max=6.13) V(s)(mean=-2.38 std=2.15) reward(mean=-0.583 std=4.445) clip=20.0
[step 00520] value_loss=17.342331 policy_loss=1.023149
[step 00520] VALUE_DEBUG: target(mean=-2.68 std=4.72 min=-20.00 max=5.84) V(s)(mean=-2.29 std=2.30) reward(mean=-1.275 std=4.632) clip=20.0
[step 00530] value_loss=14.109706 policy_loss=0.818150
[step 00530] VALUE_DEBUG: target(mean=-2.67 std=4.18 min=-18.02 max=5.40) V(s)(mean=-2.92 std=1.74) reward(mean=-1.003 std=4.165) clip=20.0
[step 00540] value_loss=16.512291 policy_loss=0.742793
[step 00540] VALUE_DEBUG: target(mean=-3.24 std=4.83 min=-16.04 max=6.27) V(s)(mean=-2.98 std=1.89) reward(mean=-1.535 std=4.728) clip=20.0
[step 00550] value_loss=12.557007 policy_loss=1.562711
[step 00550] VALUE_DEBUG: target(mean=-1.60 std=4.28 min=-17.98 max=5.84) V(s)(mean=-1.98 std=2.29) reward(mean=0.034 std=4.070) clip=20.0
[step 00550] eval_success_rate=0.100 eval_mean_score=10.480 eval_policy_mode=greedy [solved=5/50, score_range=6.00-16.00/16.0, initial=13.64]
[step 00550] PROGRESS: filled=14.72 violations=2.12 zero_cand=0.14
[step 00550] DEBUG: ep_len=12.8 ep_ret=-12.655 stop_prob=0.000 score_chg=-3.9600
[step 00560] value_loss=11.049831 policy_loss=0.750973
[step 00560] VALUE_DEBUG: target(mean=-2.74 std=4.14 min=-16.04 max=5.84) V(s)(mean=-3.05 std=1.98) reward(mean=-0.822 std=3.954) clip=20.0
[step 00570] value_loss=8.720662 policy_loss=0.399032
[step 00570] VALUE_DEBUG: target(mean=-2.39 std=3.81 min=-14.02 max=5.84) V(s)(mean=-2.09 std=2.28) reward(mean=-0.788 std=3.425) clip=20.0
[step 00580] value_loss=17.248663 policy_loss=0.383912
[step 00580] VALUE_DEBUG: target(mean=-3.16 std=4.57 min=-19.96 max=5.84) V(s)(mean=-3.24 std=2.24) reward(mean=-1.397 std=4.558) clip=20.0
[step 00590] value_loss=18.557428 policy_loss=0.845804
[step 00590] VALUE_DEBUG: target(mean=-2.84 std=4.57 min=-17.98 max=5.84) V(s)(mean=-2.38 std=1.80) reward(mean=-1.130 std=4.744) clip=20.0
[step 00600] opnorm clamp applied
[step 00600] value_loss=21.990993 policy_loss=0.773125
[step 00600] VALUE_DEBUG: target(mean=-2.53 std=5.06 min=-20.00 max=6.09) V(s)(mean=-2.70 std=2.02) reward(mean=-0.991 std=5.161) clip=20.0
[step 00600] eval_success_rate=0.100 eval_mean_score=10.300 eval_policy_mode=greedy [solved=5/50, score_range=3.00-16.00/16.0, initial=13.64]
[step 00600] PROGRESS: filled=14.78 violations=2.24 zero_cand=0.14
[step 00600] DEBUG: ep_len=13.2 ep_ret=-13.222 stop_prob=0.000 score_chg=-4.4400
[step 00610] value_loss=8.564838 policy_loss=0.859409
[step 00610] VALUE_DEBUG: target(mean=-2.46 std=3.80 min=-10.74 max=5.84) V(s)(mean=-2.73 std=2.51) reward(mean=-0.420 std=3.351) clip=20.0
[step 00620] value_loss=12.232141 policy_loss=0.534838
[step 00620] VALUE_DEBUG: target(mean=-2.57 std=4.34 min=-16.04 max=5.84) V(s)(mean=-3.34 std=2.31) reward(mean=-0.755 std=4.159) clip=20.0
[step 00630] value_loss=18.637318 policy_loss=0.701254
[step 00630] VALUE_DEBUG: target(mean=-2.63 std=4.97 min=-20.00 max=5.99) V(s)(mean=-2.70 std=2.07) reward(mean=-0.914 std=4.836) clip=20.0
[step 00640] value_loss=16.794611 policy_loss=0.691671
[step 00640] VALUE_DEBUG: target(mean=-3.77 std=4.76 min=-20.00 max=5.84) V(s)(mean=-3.05 std=2.30) reward(mean=-1.765 std=4.790) clip=20.0
[step 00650] value_loss=9.726473 policy_loss=0.729768
[step 00650] VALUE_DEBUG: target(mean=-2.48 std=3.97 min=-18.06 max=5.84) V(s)(mean=-2.28 std=2.59) reward(mean=-0.571 std=3.634) clip=20.0
[step 00650] eval_success_rate=0.100 eval_mean_score=10.300 eval_policy_mode=greedy [solved=5/50, score_range=3.00-16.00/16.0, initial=13.64]
[step 00650] PROGRESS: filled=14.78 violations=2.24 zero_cand=0.14
[step 00650] DEBUG: ep_len=13.1 ep_ret=-12.499 stop_prob=0.000 score_chg=-3.9500
[step 00660] value_loss=18.688210 policy_loss=0.654764
[step 00660] VALUE_DEBUG: target(mean=-2.62 std=4.90 min=-20.00 max=5.84) V(s)(mean=-3.31 std=2.19) reward(mean=-0.577 std=4.675) clip=20.0
[step 00670] value_loss=16.367083 policy_loss=0.423806
[step 00670] VALUE_DEBUG: target(mean=-3.19 std=4.77 min=-18.08 max=5.84) V(s)(mean=-3.11 std=2.21) reward(mean=-1.244 std=4.582) clip=20.0
[step 00680] value_loss=14.255619 policy_loss=1.316347
[step 00680] VALUE_DEBUG: target(mean=-2.90 std=4.50 min=-16.10 max=5.84) V(s)(mean=-3.16 std=2.33) reward(mean=-0.900 std=4.366) clip=20.0
[step 00690] value_loss=20.184265 policy_loss=0.546737
[step 00690] VALUE_DEBUG: target(mean=-3.41 std=4.79 min=-20.00 max=5.84) V(s)(mean=-2.32 std=2.49) reward(mean=-1.551 std=4.875) clip=20.0
[step 00700] opnorm clamp applied
[step 00700] value_loss=11.207294 policy_loss=1.125738
[step 00700] VALUE_DEBUG: target(mean=-3.14 std=4.09 min=-16.04 max=5.84) V(s)(mean=-3.44 std=2.19) reward(mean=-0.977 std=3.701) clip=20.0
[step 00700] eval_success_rate=0.100 eval_mean_score=10.380 eval_policy_mode=greedy [solved=5/50, score_range=3.00-16.00/16.0, initial=13.64]
[step 00700] PROGRESS: filled=14.74 violations=2.18 zero_cand=0.14
[step 00700] DEBUG: ep_len=13.4 ep_ret=-13.506 stop_prob=0.000 score_chg=-4.5550
[step 00710] value_loss=13.425581 policy_loss=1.071812
[step 00710] VALUE_DEBUG: target(mean=-2.92 std=4.64 min=-20.00 max=5.84) V(s)(mean=-2.52 std=2.48) reward(mean=-0.906 std=4.498) clip=20.0
[step 00720] value_loss=24.043079 policy_loss=0.651663
[step 00720] VALUE_DEBUG: target(mean=-3.43 std=5.34 min=-20.00 max=5.84) V(s)(mean=-3.13 std=2.61) reward(mean=-1.438 std=5.449) clip=20.0
[step 00730] value_loss=9.251217 policy_loss=0.663859
[step 00730] VALUE_DEBUG: target(mean=-3.35 std=4.04 min=-15.94 max=5.84) V(s)(mean=-3.10 std=2.62) reward(mean=-1.249 std=3.755) clip=20.0
[step 00740] value_loss=20.417746 policy_loss=1.013323
[step 00740] VALUE_DEBUG: target(mean=-2.72 std=4.87 min=-20.00 max=5.84) V(s)(mean=-3.42 std=2.37) reward(mean=-0.547 std=4.719) clip=20.0
[step 00750] value_loss=15.594530 policy_loss=0.417539
[step 00750] VALUE_DEBUG: target(mean=-3.79 std=4.83 min=-20.00 max=5.86) V(s)(mean=-3.24 std=2.28) reward(mean=-1.467 std=4.652) clip=20.0
[step 00750] eval_success_rate=0.100 eval_mean_score=10.300 eval_policy_mode=greedy [solved=5/50, score_range=3.00-16.00/16.0, initial=13.64]
[step 00750] PROGRESS: filled=14.78 violations=2.24 zero_cand=0.14
[step 00750] DEBUG: ep_len=13.3 ep_ret=-12.429 stop_prob=0.000 score_chg=-3.8850
[step 00760] value_loss=13.538710 policy_loss=0.737834
[step 00760] VALUE_DEBUG: target(mean=-3.69 std=4.67 min=-20.00 max=5.84) V(s)(mean=-3.69 std=2.85) reward(mean=-1.138 std=4.311) clip=20.0
[step 00770] value_loss=13.529902 policy_loss=0.873393
[step 00770] VALUE_DEBUG: target(mean=-3.21 std=4.46 min=-20.00 max=5.84) V(s)(mean=-3.34 std=2.48) reward(mean=-0.872 std=4.103) clip=20.0
[step 00780] value_loss=12.617404 policy_loss=1.162041
[step 00780] VALUE_DEBUG: target(mean=-3.66 std=4.28 min=-16.04 max=5.84) V(s)(mean=-3.69 std=2.72) reward(mean=-1.260 std=4.059) clip=20.0
[step 00790] value_loss=22.474791 policy_loss=0.681340
[step 00790] VALUE_DEBUG: target(mean=-3.47 std=5.32 min=-20.00 max=5.84) V(s)(mean=-2.99 std=2.61) reward(mean=-1.166 std=5.385) clip=20.0
[step 00800] opnorm clamp applied
[step 00800] value_loss=11.594048 policy_loss=0.515614
[step 00800] VALUE_DEBUG: target(mean=-3.49 std=4.42 min=-18.02 max=5.84) V(s)(mean=-3.00 std=2.58) reward(mean=-1.087 std=3.936) clip=20.0
[step 00800] eval_success_rate=0.100 eval_mean_score=10.580 eval_policy_mode=greedy [solved=5/50, score_range=6.00-16.00/16.0, initial=13.64]
[step 00800] PROGRESS: filled=14.70 violations=2.06 zero_cand=0.16
[step 00800] DEBUG: ep_len=12.7 ep_ret=-12.590 stop_prob=0.000 score_chg=-4.0650
[step 00810] value_loss=15.742896 policy_loss=0.599602
[step 00810] VALUE_DEBUG: target(mean=-3.21 std=4.79 min=-18.04 max=5.84) V(s)(mean=-3.40 std=2.88) reward(mean=-0.842 std=4.498) clip=20.0
[step 00820] value_loss=12.187414 policy_loss=0.573319
[step 00820] VALUE_DEBUG: target(mean=-2.92 std=4.56 min=-16.10 max=5.90) V(s)(mean=-2.90 std=2.64) reward(mean=-0.496 std=4.319) clip=20.0
[step 00830] value_loss=13.355380 policy_loss=0.886502
[step 00830] VALUE_DEBUG: target(mean=-2.86 std=4.77 min=-20.00 max=5.84) V(s)(mean=-3.52 std=2.77) reward(mean=-0.365 std=4.351) clip=20.0
[step 00840] value_loss=14.907399 policy_loss=0.686044
[step 00840] VALUE_DEBUG: target(mean=-2.93 std=4.92 min=-20.00 max=5.84) V(s)(mean=-3.41 std=2.82) reward(mean=-0.448 std=4.691) clip=20.0
[step 00850] value_loss=10.529737 policy_loss=0.875993
[step 00850] VALUE_DEBUG: target(mean=-2.93 std=4.34 min=-14.02 max=5.84) V(s)(mean=-3.04 std=2.85) reward(mean=-0.492 std=3.798) clip=20.0
[step 00850] eval_success_rate=0.100 eval_mean_score=10.500 eval_policy_mode=greedy [solved=5/50, score_range=4.00-16.00/16.0, initial=13.64]
[step 00850] PROGRESS: filled=14.74 violations=2.12 zero_cand=0.16
[step 00850] DEBUG: ep_len=12.8 ep_ret=-13.344 stop_prob=0.000 score_chg=-4.6750
[step 00860] value_loss=14.143663 policy_loss=0.583191
[step 00860] VALUE_DEBUG: target(mean=-3.80 std=4.46 min=-20.00 max=5.84) V(s)(mean=-4.01 std=2.67) reward(mean=-1.000 std=4.143) clip=20.0
[step 00870] value_loss=14.392662 policy_loss=1.140880
[step 00870] VALUE_DEBUG: target(mean=-3.32 std=4.39 min=-20.00 max=5.84) V(s)(mean=-3.33 std=2.57) reward(mean=-0.746 std=4.176) clip=20.0
[step 00880] value_loss=13.594482 policy_loss=0.804212
[step 00880] VALUE_DEBUG: target(mean=-3.51 std=4.64 min=-17.92 max=6.01) V(s)(mean=-3.22 std=3.00) reward(mean=-0.969 std=4.424) clip=20.0
[step 00890] value_loss=13.948272 policy_loss=0.856312
[step 00890] VALUE_DEBUG: target(mean=-2.74 std=4.70 min=-16.08 max=5.84) V(s)(mean=-3.22 std=2.96) reward(mean=-0.693 std=4.367) clip=20.0
[step 00900] opnorm clamp applied
[step 00900] value_loss=19.886349 policy_loss=0.483057
[step 00900] VALUE_DEBUG: target(mean=-4.16 std=5.40 min=-20.00 max=5.84) V(s)(mean=-3.37 std=2.87) reward(mean=-1.419 std=5.394) clip=20.0
[step 00900] eval_success_rate=0.100 eval_mean_score=10.580 eval_policy_mode=greedy [solved=5/50, score_range=6.00-16.00/16.0, initial=13.64]
[step 00900] PROGRESS: filled=14.70 violations=2.06 zero_cand=0.16
[step 00900] DEBUG: ep_len=13.2 ep_ret=-12.156 stop_prob=0.000 score_chg=-3.7150
[step 00910] value_loss=10.796791 policy_loss=0.744491
[step 00910] VALUE_DEBUG: target(mean=-3.84 std=4.36 min=-20.00 max=5.84) V(s)(mean=-3.28 std=2.65) reward(mean=-1.005 std=4.099) clip=20.0
[step 00920] value_loss=15.695377 policy_loss=0.643813
[step 00920] VALUE_DEBUG: target(mean=-4.21 std=4.90 min=-20.00 max=5.84) V(s)(mean=-4.06 std=2.94) reward(mean=-1.168 std=4.699) clip=20.0
[step 00930] value_loss=13.809139 policy_loss=0.709728
[step 00930] VALUE_DEBUG: target(mean=-3.16 std=4.84 min=-16.05 max=5.84) V(s)(mean=-3.31 std=3.18) reward(mean=-0.601 std=4.398) clip=20.0
[step 00940] value_loss=11.195984 policy_loss=1.315902
[step 00940] VALUE_DEBUG: target(mean=-3.40 std=4.50 min=-20.00 max=6.80) V(s)(mean=-3.10 std=3.07) reward(mean=-0.672 std=4.063) clip=20.0
[step 00950] value_loss=10.537822 policy_loss=0.759154
[step 00950] VALUE_DEBUG: target(mean=-4.11 std=4.59 min=-16.04 max=5.84) V(s)(mean=-4.30 std=3.07) reward(mean=-1.165 std=3.977) clip=20.0
[step 00950] eval_success_rate=0.100 eval_mean_score=10.400 eval_policy_mode=greedy [solved=5/50, score_range=3.00-16.00/16.0, initial=13.64]
[step 00950] PROGRESS: filled=14.76 violations=2.18 zero_cand=0.16
[step 00950] DEBUG: ep_len=13.6 ep_ret=-13.203 stop_prob=0.000 score_chg=-4.2750
[step 00960] value_loss=14.613590 policy_loss=1.038428
[step 00960] VALUE_DEBUG: target(mean=-2.32 std=4.29 min=-16.10 max=5.84) V(s)(mean=-3.77 std=3.29) reward(mean=0.207 std=4.023) clip=20.0
[step 00970] value_loss=11.195361 policy_loss=1.132408
[step 00970] VALUE_DEBUG: target(mean=-4.35 std=4.59 min=-19.98 max=5.84) V(s)(mean=-4.13 std=2.75) reward(mean=-1.283 std=4.108) clip=20.0
[step 00980] value_loss=16.783573 policy_loss=0.507543
[step 00980] VALUE_DEBUG: target(mean=-4.36 std=5.16 min=-20.00 max=5.84) V(s)(mean=-3.84 std=2.81) reward(mean=-1.505 std=5.166) clip=20.0
[step 00990] value_loss=13.583893 policy_loss=0.908731
[step 00990] VALUE_DEBUG: target(mean=-3.78 std=4.77 min=-20.00 max=5.84) V(s)(mean=-3.85 std=3.09) reward(mean=-0.807 std=4.530) clip=20.0
[step 01000] opnorm clamp applied
[step 01000] value_loss=10.595493 policy_loss=0.590362
[step 01000] VALUE_DEBUG: target(mean=-3.65 std=4.38 min=-16.10 max=5.84) V(s)(mean=-4.28 std=2.95) reward(mean=-0.880 std=4.108) clip=20.0
[step 01000] eval_success_rate=0.100 eval_mean_score=10.580 eval_policy_mode=greedy [solved=5/50, score_range=6.00-16.00/16.0, initial=13.64]
[step 01000] PROGRESS: filled=14.70 violations=2.06 zero_cand=0.16
[step 01000] DEBUG: ep_len=13.7 ep_ret=-13.102 stop_prob=0.000 score_chg=-4.3150
[Checkpoint] Saved to checkpoints/rl_sudoku-4x4-trivial_seed456/rl_checkpoint_step_1000.pt
[Checkpoint] Saved to checkpoints/rl_sudoku-4x4-trivial_seed456/rl_checkpoint_step_1000.pt
