[2026-01-14T12:41:13.641-08:00] Buck UI: https://www.internalfb.com/buck2/c1ede5a3-fe62-4373-8f2a-9a4ca6b04178
[2026-01-14T12:41:13.962-08:00] Network: Up: 0B  Down: 0B
BUILD SUCCEEDED - starting your binary
[INFO] Using progress-based Sudoku checker for 4x4 (score = filled_cells, range 0-16)
[INFO] Training for 1000 steps (gamma=0.990, K=1, inner_unroll_n=4)
[INFO] Terminal rewards: solve=0.000, fail=-16.000
/data/repos/fbsource/buck-out/v2/gen/fbcode/7bc20b5dff24e379/buiksat_trm/__upi_trm_train__/upi_trm_train#link-tree/upi_trm_train.py:873: UserWarning: rl_enable_contraction=True: Applying operator-norm clamping and contraction scaling to z->z path layers. This is REQUIRED for Assumption 3.2 (L_z < 1) but will modify network behavior. Pretrained weights from vanilla TRM may require fine-tuning.
  model = TinyRecursiveReasoningModel_ACTV1(trm_cfg_dict)
[INFO] Value head norm: DISABLED by config (rl_disable_value_head_norm=True)
[INFO] Using TRM backbone (hidden=64, H=2, L=2)
[DEBUG] Policy head STOP bias: 0.00 (should be 0.0 for uniform init)
[INFO] Puzzle embeddings DISABLED (set --puzzle-emb-ndim > 0 to enable)
/data/repos/fbsource/buck-out/v2/gen/fbcode/7bc20b5dff24e379/buiksat_trm/__upi_trm_train__/upi_trm_train#link-tree/torch/cuda/__init__.py:373: UserWarning: Found GPU0 NVIDIA PG509-210 which is of compute capability (CC) 8.0.
The following list shows the CCs this version of PyTorch was built for and the hardware CCs it supports:
Please follow the instructions at https://pytorch.org/get-started/locally/ to install a PyTorch release that supports one of these CUDA versions: 12.6, 12.8, 13.0
  _warn_unsupported_code(d, device_cc, code_ccs)
INFO:2026-01-14 12:41:19 2216268:2216268 CuptiCallbackApi.cpp:74] Callback: domain = 3, cbid = 1
INFO:2026-01-14 12:41:19 2216268:2216268 CuptiActivityProfiler.cpp:245] CUDA versions. CUPTI: 22; Runtime: 12040; Driver: 12040
INFO:2026-01-14 12:41:19 2216268:2217175 FBConfig.cpp:330] Perfetto builder enabled: 1
INFO:2026-01-14 12:41:19 2216268:2217175 DynoConfigLoader.cpp:61] Setting communication fabric enabled = 0
/data/repos/fbsource/buck-out/v2/gen/fbcode/7bc20b5dff24e379/buiksat_trm/__upi_trm_train__/upi_trm_train#link-tree/rl/upi_trm_trainer.py:93: UserWarning: rl_enable_contraction=True: Applying operator-norm clamping and contraction scaling to z->z path layers. This is REQUIRED for Assumption 3.2 (L_z < 1) but will modify network behavior. Pretrained weights from vanilla TRM may require fine-tuning.
  self.target_model = TinyRecursiveReasoningModel_ACTV1(self._config_to_dict(self.model.config)).to(device)
[INFO] Value head norm: DISABLED by config (rl_disable_value_head_norm=True)
/data/repos/fbsource/buck-out/v2/gen/fbcode/7bc20b5dff24e379/buiksat_trm/__upi_trm_train__/upi_trm_train#link-tree/rl/upi_trm_trainer.py:103: UserWarning: rl_enable_contraction=True: Applying operator-norm clamping and contraction scaling to z->z path layers. This is REQUIRED for Assumption 3.2 (L_z < 1) but will modify network behavior. Pretrained weights from vanilla TRM may require fine-tuning.
  self.policy_model_candidate = TinyRecursiveReasoningModel_ACTV1(
[INFO] Value head norm: DISABLED by config (rl_disable_value_head_norm=True)
INFO:2026-01-14 12:41:19 2216268:2217175 DynoConfigLoader.cpp:61] Setting communication fabric enabled = 0
TritonTraceHandler: disabled because /logs does not exist
===========[FB_TRITON]=========== Triton Version: 3.3.2+fb
[INFO] Using UPI-TRM algorithm (K=1, inner_n=4)
[INFO] Checkpoint directory: checkpoints/rl_sudoku-4x4-trivial_seed123

============================================================
UPI-TRM THEORY ALIGNMENT CHECK
============================================================
✓ Configuration aligns with theoretical guarantees

Theory status:
  Forward-invariant projection: ✓
  Contraction enforced (L_z < 1): ✓
  Exact baseline (Thm 5.9): ✓
  Distillation (not in theory): ✓ disabled

Is theory-exact: True
============================================================

UPI-TRM theoretical dials:
  L_z target (rl_cfg.target_Lz): 0.9
  L_V target (rl_cfg.target_Lv): 1.0
  Inner unroll n (rl_cfg.inner_unroll_n): 4
  K-step horizon K (rl_cfg.K): 1
  Mixture alpha (rl_cfg.mixture_alpha): 0.05
  Latent ball radius (rl_cfg.latent_ball_radius): 10.0
  Episodic latent: True
  Exact K-step targets: True
  Exact baseline summation: True

[INFO] STOP action mode: disabled
[INFO] Using EXACT baseline summation (Theorem 5.9 O(α·ε_A) bound)
[INFO] Forward-invariant projection enabled (R=10.0)
[WandB] Disabled by default (enable with: --wandb)
[DEBUG] Action mask: 4 valid actions out of 97 total
[DEBUG] Latent mode: episodic
[DEBUG] Step 0 probs: STOP=0.000000, edits=1.000000
[DEBUG] Top 5 action probs: torch.return_types.topk(
values=tensor([0.2741, 0.2578, 0.2493, 0.2188, 0.0000], device='cuda:0',
       grad_fn=<TopkBackward0>),
indices=tensor([69, 70, 71, 68,  0], device='cuda:0'))
/data/repos/fbsource/buck-out/v2/gen/fbcode/7bc20b5dff24e379/buiksat_trm/__upi_trm_train__/upi_trm_train#link-tree/rl/upi_trm_trainer.py:1021: UserWarning: [UPI-TRM Theory] advantage_clip>0 while is_theory_exact() is True. This technically perturbs the exact advantages used in Theorem 5.9.
  warnings.warn(
[step 00010] value_loss=14.522305 policy_loss=0.688057
[step 00010] VALUE_DEBUG: target(mean=-0.95 std=3.86 min=-16.00 max=6.00) V(s)(mean=-0.86 std=0.80) reward(mean=-0.958 std=3.865) clip=20.0
[step 00020] value_loss=18.904881 policy_loss=0.433682
[step 00020] VALUE_DEBUG: target(mean=-0.65 std=4.41 min=-16.06 max=6.05) V(s)(mean=-0.70 std=0.89) reward(mean=-0.600 std=4.411) clip=20.0
[step 00030] value_loss=20.159149 policy_loss=-0.087441
[step 00030] VALUE_DEBUG: target(mean=-1.26 std=4.52 min=-19.94 max=5.96) V(s)(mean=-1.13 std=0.77) reward(mean=-1.176 std=4.532) clip=20.0
[step 00040] value_loss=20.414375 policy_loss=-0.293367
[step 00040] VALUE_DEBUG: target(mean=-0.94 std=4.52 min=-18.06 max=6.07) V(s)(mean=-1.49 std=0.71) reward(mean=-0.776 std=4.549) clip=20.0
[step 00050] value_loss=19.023979 policy_loss=0.929960
[step 00050] VALUE_DEBUG: target(mean=-1.37 std=4.35 min=-15.98 max=5.84) V(s)(mean=-1.35 std=0.64) reward(mean=-1.074 std=4.384) clip=20.0
[step 00050] eval_success_rate=0.120 eval_mean_score=10.920 eval_policy_mode=greedy [solved=6/50, score_range=4.00-16.00/16.0, initial=13.64]
[step 00050] PROGRESS: filled=14.72 violations=1.90 zero_cand=0.12
[step 00050] DEBUG: ep_len=12.7 ep_ret=-13.142 stop_prob=0.000 score_chg=-4.7000
[step 00060] value_loss=18.324108 policy_loss=1.296597
[step 00060] VALUE_DEBUG: target(mean=-0.81 std=4.25 min=-16.10 max=6.04) V(s)(mean=-1.55 std=0.74) reward(mean=-0.479 std=4.238) clip=20.0
[step 00070] value_loss=22.259706 policy_loss=0.319922
[step 00070] VALUE_DEBUG: target(mean=-1.46 std=4.80 min=-20.00 max=5.84) V(s)(mean=-0.98 std=0.92) reward(mean=-1.048 std=4.912) clip=20.0
[step 00080] value_loss=20.095245 policy_loss=0.555256
[step 00080] VALUE_DEBUG: target(mean=-1.23 std=4.64 min=-17.96 max=6.02) V(s)(mean=-1.50 std=1.00) reward(mean=-0.794 std=4.681) clip=20.0
[step 00090] value_loss=23.344456 policy_loss=0.549997
[step 00090] VALUE_DEBUG: target(mean=-1.58 std=4.88 min=-20.00 max=5.84) V(s)(mean=-1.30 std=0.99) reward(mean=-1.090 std=5.050) clip=20.0
[step 00100] opnorm clamp applied
[step 00100] value_loss=15.489025 policy_loss=0.280298
[step 00100] VALUE_DEBUG: target(mean=-0.87 std=3.96 min=-20.00 max=5.96) V(s)(mean=-1.60 std=1.11) reward(mean=-0.331 std=4.081) clip=20.0
[step 00100] eval_success_rate=0.120 eval_mean_score=10.820 eval_policy_mode=greedy [solved=6/50, score_range=4.00-16.00/16.0, initial=13.64]
[step 00100] PROGRESS: filled=14.74 violations=1.96 zero_cand=0.12
[step 00100] DEBUG: ep_len=13.6 ep_ret=-12.368 stop_prob=0.000 score_chg=-3.8750
[step 00110] value_loss=18.237621 policy_loss=0.823383
[step 00110] VALUE_DEBUG: target(mean=-1.80 std=4.19 min=-18.00 max=5.84) V(s)(mean=-1.53 std=0.99) reward(mean=-1.217 std=4.264) clip=20.0
[step 00120] value_loss=27.174223 policy_loss=0.467679
[step 00120] VALUE_DEBUG: target(mean=-1.94 std=5.20 min=-20.00 max=6.22) V(s)(mean=-2.04 std=1.19) reward(mean=-1.410 std=5.342) clip=20.0
[step 00130] value_loss=20.889429 policy_loss=0.400739
[step 00130] VALUE_DEBUG: target(mean=-1.45 std=4.70 min=-18.04 max=6.07) V(s)(mean=-1.17 std=1.36) reward(mean=-0.792 std=4.748) clip=20.0
[step 00140] value_loss=16.064203 policy_loss=1.101381
[step 00140] VALUE_DEBUG: target(mean=-1.39 std=4.07 min=-19.98 max=5.84) V(s)(mean=-2.24 std=1.14) reward(mean=-0.718 std=4.105) clip=20.0
[step 00150] value_loss=17.591711 policy_loss=0.721424
[step 00150] VALUE_DEBUG: target(mean=-1.89 std=4.30 min=-16.08 max=5.84) V(s)(mean=-1.48 std=1.31) reward(mean=-1.176 std=4.345) clip=20.0
[step 00150] eval_success_rate=0.140 eval_mean_score=10.840 eval_policy_mode=greedy [solved=7/50, score_range=4.00-16.00/16.0, initial=13.64]
[step 00150] PROGRESS: filled=14.76 violations=1.96 zero_cand=0.12
[step 00150] DEBUG: ep_len=13.9 ep_ret=-13.877 stop_prob=0.000 score_chg=-4.6150
[step 00160] value_loss=20.160397 policy_loss=0.827762
[step 00160] VALUE_DEBUG: target(mean=-1.88 std=4.50 min=-18.00 max=5.84) V(s)(mean=-1.34 std=1.26) reward(mean=-1.110 std=4.552) clip=20.0
[step 00170] value_loss=17.945469 policy_loss=0.921609
[step 00170] VALUE_DEBUG: target(mean=-2.42 std=4.34 min=-20.00 max=5.84) V(s)(mean=-1.77 std=1.17) reward(mean=-1.669 std=4.500) clip=20.0
[step 00180] value_loss=15.242331 policy_loss=0.475143
[step 00180] VALUE_DEBUG: target(mean=-1.39 std=4.17 min=-17.98 max=5.88) V(s)(mean=-1.62 std=1.39) reward(mean=-0.606 std=4.160) clip=20.0
[step 00190] value_loss=18.833035 policy_loss=0.825778
[step 00190] VALUE_DEBUG: target(mean=-1.35 std=4.44 min=-20.00 max=5.84) V(s)(mean=-1.46 std=1.26) reward(mean=-0.602 std=4.434) clip=20.0
[step 00200] opnorm clamp applied
[step 00200] value_loss=18.932379 policy_loss=0.989214
[step 00200] VALUE_DEBUG: target(mean=-2.11 std=4.55 min=-20.00 max=5.84) V(s)(mean=-1.77 std=1.03) reward(mean=-1.351 std=4.620) clip=20.0
[step 00200] eval_success_rate=0.140 eval_mean_score=10.840 eval_policy_mode=greedy [solved=7/50, score_range=4.00-16.00/16.0, initial=13.64]
[step 00200] PROGRESS: filled=14.76 violations=1.96 zero_cand=0.12
[step 00200] DEBUG: ep_len=12.2 ep_ret=-11.021 stop_prob=0.000 score_chg=-3.2000
[step 00210] value_loss=15.374176 policy_loss=0.817379
[step 00210] VALUE_DEBUG: target(mean=-1.39 std=4.03 min=-16.08 max=5.99) V(s)(mean=-2.01 std=1.46) reward(mean=-0.532 std=4.017) clip=20.0
[step 00220] value_loss=17.495373 policy_loss=0.658612
[step 00220] VALUE_DEBUG: target(mean=-1.10 std=4.35 min=-19.98 max=6.04) V(s)(mean=-1.93 std=1.38) reward(mean=-0.243 std=4.308) clip=20.0
[step 00230] value_loss=17.824295 policy_loss=1.043959
[step 00230] VALUE_DEBUG: target(mean=-2.08 std=4.58 min=-20.00 max=5.84) V(s)(mean=-1.39 std=1.25) reward(mean=-1.193 std=4.636) clip=20.0
[step 00240] value_loss=18.328506 policy_loss=0.533208
[step 00240] VALUE_DEBUG: target(mean=-2.80 std=4.37 min=-20.00 max=5.84) V(s)(mean=-2.00 std=1.40) reward(mean=-1.826 std=4.508) clip=20.0
[step 00250] value_loss=21.412331 policy_loss=0.885079
[step 00250] VALUE_DEBUG: target(mean=-2.36 std=4.87 min=-20.00 max=5.84) V(s)(mean=-2.15 std=1.67) reward(mean=-1.418 std=4.949) clip=20.0
[step 00250] eval_success_rate=0.140 eval_mean_score=10.840 eval_policy_mode=greedy [solved=7/50, score_range=4.00-16.00/16.0, initial=13.64]
[step 00250] PROGRESS: filled=14.76 violations=1.96 zero_cand=0.12
[step 00250] DEBUG: ep_len=13.4 ep_ret=-12.365 stop_prob=0.000 score_chg=-3.9700
[step 00260] value_loss=16.131115 policy_loss=0.183155
[step 00260] VALUE_DEBUG: target(mean=-2.09 std=4.26 min=-20.00 max=6.16) V(s)(mean=-1.86 std=1.59) reward(mean=-1.022 std=4.236) clip=20.0
[step 00270] value_loss=18.059303 policy_loss=0.847321
[step 00270] VALUE_DEBUG: target(mean=-2.37 std=4.34 min=-20.00 max=5.84) V(s)(mean=-2.01 std=1.30) reward(mean=-1.289 std=4.508) clip=20.0
[step 00280] value_loss=12.428488 policy_loss=0.883499
[step 00280] VALUE_DEBUG: target(mean=-1.76 std=3.88 min=-16.04 max=5.84) V(s)(mean=-1.96 std=1.62) reward(mean=-0.659 std=3.867) clip=20.0
[step 00290] value_loss=15.421232 policy_loss=1.169971
[step 00290] VALUE_DEBUG: target(mean=-1.60 std=4.37 min=-16.04 max=6.19) V(s)(mean=-2.37 std=1.56) reward(mean=-0.473 std=4.255) clip=20.0
[step 00300] opnorm clamp applied
[step 00300] value_loss=20.406174 policy_loss=1.098209
[step 00300] VALUE_DEBUG: target(mean=-2.27 std=4.92 min=-20.00 max=5.84) V(s)(mean=-2.34 std=1.58) reward(mean=-1.139 std=4.935) clip=20.0
[step 00300] eval_success_rate=0.140 eval_mean_score=10.940 eval_policy_mode=greedy [solved=7/50, score_range=4.00-16.00/16.0, initial=13.64]
[step 00300] PROGRESS: filled=14.74 violations=1.90 zero_cand=0.12
[step 00300] DEBUG: ep_len=12.7 ep_ret=-11.940 stop_prob=0.000 score_chg=-3.8350
[step 00310] value_loss=17.472893 policy_loss=0.850013
[step 00310] VALUE_DEBUG: target(mean=-2.48 std=4.37 min=-20.00 max=6.03) V(s)(mean=-2.16 std=1.70) reward(mean=-1.314 std=4.514) clip=20.0
[step 00320] value_loss=15.390219 policy_loss=1.246083
[step 00320] VALUE_DEBUG: target(mean=-1.71 std=4.05 min=-16.04 max=6.00) V(s)(mean=-1.63 std=1.68) reward(mean=-0.663 std=4.115) clip=20.0
[step 00330] value_loss=21.682358 policy_loss=0.509463
[step 00330] VALUE_DEBUG: target(mean=-2.16 std=4.76 min=-20.00 max=5.84) V(s)(mean=-2.23 std=1.30) reward(mean=-0.952 std=4.924) clip=20.0
[step 00340] value_loss=12.896891 policy_loss=0.650867
[step 00340] VALUE_DEBUG: target(mean=-2.33 std=4.22 min=-16.06 max=5.96) V(s)(mean=-1.94 std=1.86) reward(mean=-1.136 std=4.060) clip=20.0
[step 00350] value_loss=14.929729 policy_loss=0.789093
[step 00350] VALUE_DEBUG: target(mean=-2.59 std=4.04 min=-20.00 max=5.84) V(s)(mean=-2.46 std=1.94) reward(mean=-1.255 std=4.250) clip=20.0
[step 00350] eval_success_rate=0.140 eval_mean_score=10.940 eval_policy_mode=greedy [solved=7/50, score_range=4.00-16.00/16.0, initial=13.64]
[step 00350] PROGRESS: filled=14.74 violations=1.90 zero_cand=0.12
[step 00350] DEBUG: ep_len=11.8 ep_ret=-11.205 stop_prob=0.000 score_chg=-3.4100
[step 00360] value_loss=16.364422 policy_loss=0.778186
[step 00360] VALUE_DEBUG: target(mean=-2.22 std=4.42 min=-20.00 max=5.84) V(s)(mean=-1.93 std=1.64) reward(mean=-0.871 std=4.443) clip=20.0
[step 00370] value_loss=13.079361 policy_loss=1.339521
[step 00370] VALUE_DEBUG: target(mean=-2.44 std=3.91 min=-20.00 max=5.84) V(s)(mean=-2.62 std=1.59) reward(mean=-1.067 std=3.864) clip=20.0
[step 00380] value_loss=9.989679 policy_loss=1.110245
[step 00380] VALUE_DEBUG: target(mean=-2.40 std=3.72 min=-14.02 max=6.47) V(s)(mean=-2.35 std=1.82) reward(mean=-1.012 std=3.540) clip=20.0
[step 00390] value_loss=19.895836 policy_loss=1.055512
[step 00390] VALUE_DEBUG: target(mean=-2.79 std=5.10 min=-18.00 max=6.26) V(s)(mean=-2.32 std=2.10) reward(mean=-1.467 std=5.113) clip=20.0
[step 00400] opnorm clamp applied
[step 00400] value_loss=17.395901 policy_loss=1.611332
[step 00400] VALUE_DEBUG: target(mean=-2.02 std=4.68 min=-16.10 max=6.28) V(s)(mean=-2.52 std=1.88) reward(mean=-0.745 std=4.604) clip=20.0
[step 00400] eval_success_rate=0.140 eval_mean_score=10.780 eval_policy_mode=greedy [solved=7/50, score_range=4.00-16.00/16.0, initial=13.64]
[step 00400] PROGRESS: filled=14.78 violations=2.00 zero_cand=0.10
[step 00400] DEBUG: ep_len=13.1 ep_ret=-12.421 stop_prob=0.000 score_chg=-4.0500
[step 00410] value_loss=18.137489 policy_loss=0.784514
[step 00410] VALUE_DEBUG: target(mean=-1.74 std=4.65 min=-20.00 max=5.85) V(s)(mean=-1.81 std=1.90) reward(mean=-0.443 std=4.663) clip=20.0
[step 00420] value_loss=18.733337 policy_loss=0.686876
[step 00420] VALUE_DEBUG: target(mean=-2.20 std=4.68 min=-19.98 max=5.84) V(s)(mean=-2.34 std=2.09) reward(mean=-0.754 std=4.741) clip=20.0
[step 00430] value_loss=14.549465 policy_loss=1.008428
[step 00430] VALUE_DEBUG: target(mean=-1.63 std=4.20 min=-18.00 max=5.84) V(s)(mean=-2.46 std=1.91) reward(mean=-0.233 std=4.119) clip=20.0
[step 00440] value_loss=17.817505 policy_loss=0.491134
[step 00440] VALUE_DEBUG: target(mean=-2.94 std=4.52 min=-16.10 max=5.84) V(s)(mean=-2.49 std=1.73) reward(mean=-1.525 std=4.624) clip=20.0
[step 00450] value_loss=15.873594 policy_loss=0.740374
[step 00450] VALUE_DEBUG: target(mean=-2.11 std=4.62 min=-16.04 max=6.03) V(s)(mean=-2.07 std=2.19) reward(mean=-0.539 std=4.482) clip=20.0
[step 00450] eval_success_rate=0.140 eval_mean_score=10.960 eval_policy_mode=greedy [solved=7/50, score_range=4.00-16.00/16.0, initial=13.64]
[step 00450] PROGRESS: filled=14.76 violations=1.90 zero_cand=0.12
[step 00450] DEBUG: ep_len=12.9 ep_ret=-12.511 stop_prob=0.000 score_chg=-4.0250
[step 00460] value_loss=14.414624 policy_loss=0.734977
[step 00460] VALUE_DEBUG: target(mean=-2.28 std=4.09 min=-17.98 max=5.84) V(s)(mean=-2.92 std=1.86) reward(mean=-0.696 std=4.051) clip=20.0
[step 00470] value_loss=22.496344 policy_loss=0.901783
[step 00470] VALUE_DEBUG: target(mean=-3.00 std=5.03 min=-20.00 max=5.84) V(s)(mean=-2.57 std=1.98) reward(mean=-1.517 std=5.092) clip=20.0
[step 00480] value_loss=18.473473 policy_loss=0.580660
[step 00480] VALUE_DEBUG: target(mean=-2.47 std=4.77 min=-20.00 max=5.84) V(s)(mean=-2.47 std=2.05) reward(mean=-1.053 std=4.851) clip=20.0
[step 00490] value_loss=20.960436 policy_loss=0.854372
[step 00490] VALUE_DEBUG: target(mean=-2.26 std=5.11 min=-19.98 max=6.62) V(s)(mean=-2.58 std=2.09) reward(mean=-0.493 std=5.077) clip=20.0
[step 00500] opnorm clamp applied
[step 00500] value_loss=20.326500 policy_loss=0.633035
[step 00500] VALUE_DEBUG: target(mean=-2.95 std=4.97 min=-20.00 max=6.76) V(s)(mean=-3.08 std=2.08) reward(mean=-1.204 std=5.050) clip=20.0
[step 00500] eval_success_rate=0.140 eval_mean_score=10.860 eval_policy_mode=greedy [solved=7/50, score_range=4.00-16.00/16.0, initial=13.64]
[step 00500] PROGRESS: filled=14.78 violations=1.96 zero_cand=0.10
[step 00500] DEBUG: ep_len=13.5 ep_ret=-12.619 stop_prob=0.000 score_chg=-3.9600
[step 00510] value_loss=22.479713 policy_loss=0.771671
[step 00510] VALUE_DEBUG: target(mean=-3.29 std=5.23 min=-20.00 max=5.84) V(s)(mean=-2.66 std=2.24) reward(mean=-1.567 std=5.310) clip=20.0
[step 00520] value_loss=16.937382 policy_loss=0.409657
[step 00520] VALUE_DEBUG: target(mean=-2.55 std=4.70 min=-20.00 max=5.84) V(s)(mean=-2.25 std=2.12) reward(mean=-0.974 std=4.518) clip=20.0
[step 00530] value_loss=19.107727 policy_loss=0.853998
[step 00530] VALUE_DEBUG: target(mean=-2.88 std=5.06 min=-20.00 max=5.84) V(s)(mean=-3.07 std=2.14) reward(mean=-0.996 std=5.085) clip=20.0
[step 00540] value_loss=13.361830 policy_loss=0.605017
[step 00540] VALUE_DEBUG: target(mean=-2.82 std=4.25 min=-16.04 max=5.84) V(s)(mean=-2.73 std=2.25) reward(mean=-0.913 std=4.159) clip=20.0
[step 00550] value_loss=16.199631 policy_loss=0.807735
[step 00550] VALUE_DEBUG: target(mean=-2.07 std=4.84 min=-20.00 max=5.84) V(s)(mean=-2.25 std=2.40) reward(mean=-0.423 std=4.718) clip=20.0
[step 00550] eval_success_rate=0.140 eval_mean_score=10.920 eval_policy_mode=greedy [solved=7/50, score_range=4.00-16.00/16.0, initial=13.64]
[step 00550] PROGRESS: filled=14.76 violations=1.92 zero_cand=0.12
[step 00550] DEBUG: ep_len=13.0 ep_ret=-11.787 stop_prob=0.000 score_chg=-3.5700
[step 00560] value_loss=15.042814 policy_loss=0.414395
[step 00560] VALUE_DEBUG: target(mean=-2.31 std=4.44 min=-16.00 max=5.84) V(s)(mean=-3.20 std=2.12) reward(mean=-0.280 std=4.224) clip=20.0
[step 00570] value_loss=25.359665 policy_loss=1.227408
[step 00570] VALUE_DEBUG: target(mean=-3.24 std=5.26 min=-20.00 max=5.84) V(s)(mean=-2.73 std=2.21) reward(mean=-1.254 std=5.576) clip=20.0
[step 00580] value_loss=17.516577 policy_loss=0.638750
[step 00580] VALUE_DEBUG: target(mean=-3.42 std=4.69 min=-20.00 max=5.84) V(s)(mean=-2.56 std=2.24) reward(mean=-1.673 std=4.804) clip=20.0
[step 00590] value_loss=16.723646 policy_loss=1.280429
[step 00590] VALUE_DEBUG: target(mean=-2.58 std=4.74 min=-20.00 max=5.97) V(s)(mean=-2.89 std=2.31) reward(mean=-0.714 std=4.813) clip=20.0
[step 00600] opnorm clamp applied
[step 00600] value_loss=14.917383 policy_loss=0.663542
[step 00600] VALUE_DEBUG: target(mean=-3.82 std=4.51 min=-17.98 max=5.85) V(s)(mean=-3.52 std=2.11) reward(mean=-1.330 std=4.329) clip=20.0
[step 00600] eval_success_rate=0.140 eval_mean_score=10.860 eval_policy_mode=greedy [solved=7/50, score_range=4.00-16.00/16.0, initial=13.64]
[step 00600] PROGRESS: filled=14.78 violations=1.96 zero_cand=0.10
[step 00600] DEBUG: ep_len=13.4 ep_ret=-12.622 stop_prob=0.000 score_chg=-3.8600
[step 00610] value_loss=16.125727 policy_loss=0.494550
[step 00610] VALUE_DEBUG: target(mean=-2.97 std=4.58 min=-16.10 max=5.84) V(s)(mean=-3.04 std=2.28) reward(mean=-1.049 std=4.554) clip=20.0
[step 00620] value_loss=14.894958 policy_loss=0.611321
[step 00620] VALUE_DEBUG: target(mean=-3.43 std=4.60 min=-16.04 max=6.81) V(s)(mean=-2.68 std=2.81) reward(mean=-1.434 std=4.326) clip=20.0
[step 00630] value_loss=14.546803 policy_loss=0.334270
[step 00630] VALUE_DEBUG: target(mean=-2.88 std=4.33 min=-20.00 max=6.55) V(s)(mean=-2.95 std=2.11) reward(mean=-0.702 std=4.112) clip=20.0
[step 00640] value_loss=14.982754 policy_loss=0.892761
[step 00640] VALUE_DEBUG: target(mean=-2.54 std=4.50 min=-16.10 max=6.04) V(s)(mean=-3.42 std=2.25) reward(mean=-0.491 std=4.323) clip=20.0
[step 00650] value_loss=14.427917 policy_loss=1.276060
[step 00650] VALUE_DEBUG: target(mean=-2.59 std=4.67 min=-16.08 max=6.19) V(s)(mean=-3.05 std=2.19) reward(mean=-0.340 std=4.300) clip=20.0
[step 00650] eval_success_rate=0.140 eval_mean_score=10.860 eval_policy_mode=greedy [solved=7/50, score_range=4.00-16.00/16.0, initial=13.64]
[step 00650] PROGRESS: filled=14.78 violations=1.96 zero_cand=0.10
[step 00650] DEBUG: ep_len=12.3 ep_ret=-11.750 stop_prob=0.000 score_chg=-3.7900
[step 00660] value_loss=17.230232 policy_loss=1.330317
[step 00660] VALUE_DEBUG: target(mean=-3.46 std=5.21 min=-20.00 max=5.84) V(s)(mean=-3.21 std=2.65) reward(mean=-1.265 std=4.988) clip=20.0
[step 00670] value_loss=13.793976 policy_loss=0.930320
[step 00670] VALUE_DEBUG: target(mean=-3.79 std=4.24 min=-18.08 max=5.84) V(s)(mean=-3.39 std=2.52) reward(mean=-1.447 std=4.360) clip=20.0
[step 00680] value_loss=9.997536 policy_loss=1.081264
[step 00680] VALUE_DEBUG: target(mean=-3.28 std=3.91 min=-14.06 max=5.84) V(s)(mean=-3.05 std=2.26) reward(mean=-1.095 std=3.833) clip=20.0
[step 00690] value_loss=13.531420 policy_loss=0.547093
[step 00690] VALUE_DEBUG: target(mean=-3.05 std=4.68 min=-16.04 max=5.84) V(s)(mean=-2.62 std=2.96) reward(mean=-0.986 std=4.378) clip=20.0
[step 00700] opnorm clamp applied
[step 00700] value_loss=12.659372 policy_loss=1.003649
[step 00700] VALUE_DEBUG: target(mean=-3.22 std=4.49 min=-16.04 max=6.28) V(s)(mean=-3.11 std=2.53) reward(mean=-1.338 std=4.144) clip=20.0
[step 00700] eval_success_rate=0.140 eval_mean_score=10.860 eval_policy_mode=greedy [solved=7/50, score_range=4.00-16.00/16.0, initial=13.64]
[step 00700] PROGRESS: filled=14.78 violations=1.96 zero_cand=0.10
[step 00700] DEBUG: ep_len=12.1 ep_ret=-11.778 stop_prob=0.000 score_chg=-3.8150
[step 00710] value_loss=15.747691 policy_loss=0.542184
[step 00710] VALUE_DEBUG: target(mean=-2.94 std=4.42 min=-20.00 max=6.51) V(s)(mean=-3.57 std=2.46) reward(mean=-0.582 std=4.337) clip=20.0
[step 00720] value_loss=16.514400 policy_loss=0.881930
[step 00720] VALUE_DEBUG: target(mean=-2.47 std=4.43 min=-18.08 max=7.07) V(s)(mean=-3.48 std=2.54) reward(mean=-0.560 std=4.342) clip=20.0
[step 00730] value_loss=14.090157 policy_loss=0.580294
[step 00730] VALUE_DEBUG: target(mean=-2.54 std=4.41 min=-20.00 max=5.84) V(s)(mean=-2.72 std=2.72) reward(mean=-0.254 std=4.426) clip=20.0
[step 00740] value_loss=13.428129 policy_loss=0.923211
[step 00740] VALUE_DEBUG: target(mean=-3.54 std=4.58 min=-20.00 max=5.84) V(s)(mean=-3.44 std=2.41) reward(mean=-1.196 std=4.227) clip=20.0
[step 00750] value_loss=12.910950 policy_loss=0.798266
[step 00750] VALUE_DEBUG: target(mean=-3.39 std=4.50 min=-20.00 max=7.32) V(s)(mean=-3.87 std=2.90) reward(mean=-0.753 std=4.151) clip=20.0
[step 00750] eval_success_rate=0.140 eval_mean_score=10.780 eval_policy_mode=greedy [solved=7/50, score_range=4.00-16.00/16.0, initial=13.64]
[step 00750] PROGRESS: filled=14.78 violations=2.00 zero_cand=0.10
[step 00750] DEBUG: ep_len=12.5 ep_ret=-10.186 stop_prob=0.000 score_chg=-2.9000
[step 00760] value_loss=14.014505 policy_loss=0.532896
[step 00760] VALUE_DEBUG: target(mean=-2.60 std=4.50 min=-20.00 max=5.84) V(s)(mean=-2.70 std=2.59) reward(mean=-0.521 std=4.415) clip=20.0
[step 00770] value_loss=13.628422 policy_loss=0.720782
[step 00770] VALUE_DEBUG: target(mean=-2.75 std=4.69 min=-20.00 max=5.84) V(s)(mean=-3.09 std=2.96) reward(mean=-0.580 std=4.356) clip=20.0
[step 00780] value_loss=13.076508 policy_loss=0.952819
[step 00780] VALUE_DEBUG: target(mean=-3.68 std=4.65 min=-16.04 max=5.84) V(s)(mean=-3.48 std=2.81) reward(mean=-1.052 std=4.254) clip=20.0
[step 00790] value_loss=13.453979 policy_loss=1.386139
[step 00790] VALUE_DEBUG: target(mean=-3.50 std=4.31 min=-16.10 max=5.84) V(s)(mean=-3.70 std=2.33) reward(mean=-0.665 std=4.224) clip=20.0
[step 00800] opnorm clamp applied
[step 00800] value_loss=11.996621 policy_loss=0.929474
[step 00800] VALUE_DEBUG: target(mean=-3.13 std=4.37 min=-15.98 max=6.66) V(s)(mean=-3.47 std=2.69) reward(mean=-0.611 std=4.072) clip=20.0
[step 00800] eval_success_rate=0.140 eval_mean_score=10.780 eval_policy_mode=greedy [solved=7/50, score_range=4.00-16.00/16.0, initial=13.64]
[step 00800] PROGRESS: filled=14.78 violations=2.00 zero_cand=0.10
[step 00800] DEBUG: ep_len=12.5 ep_ret=-11.752 stop_prob=0.000 score_chg=-3.4450
[step 00810] value_loss=11.684846 policy_loss=0.742782
[step 00810] VALUE_DEBUG: target(mean=-3.69 std=4.40 min=-16.02 max=5.84) V(s)(mean=-3.86 std=3.27) reward(mean=-1.009 std=3.944) clip=20.0
[step 00820] value_loss=11.119868 policy_loss=0.972836
[step 00820] VALUE_DEBUG: target(mean=-3.10 std=4.48 min=-16.04 max=5.87) V(s)(mean=-2.91 std=2.80) reward(mean=-0.782 std=3.890) clip=20.0
[step 00830] value_loss=13.874692 policy_loss=0.395924
[step 00830] VALUE_DEBUG: target(mean=-3.31 std=4.93 min=-16.10 max=5.84) V(s)(mean=-3.41 std=3.07) reward(mean=-0.971 std=4.432) clip=20.0
[step 00840] value_loss=16.455853 policy_loss=0.955899
[step 00840] VALUE_DEBUG: target(mean=-3.27 std=4.75 min=-16.00 max=5.84) V(s)(mean=-3.12 std=2.89) reward(mean=-0.808 std=4.609) clip=20.0
[step 00850] value_loss=18.277786 policy_loss=1.386206
[step 00850] VALUE_DEBUG: target(mean=-3.78 std=5.07 min=-20.00 max=5.84) V(s)(mean=-3.86 std=2.86) reward(mean=-1.145 std=4.921) clip=20.0
[step 00850] eval_success_rate=0.140 eval_mean_score=10.780 eval_policy_mode=greedy [solved=7/50, score_range=4.00-16.00/16.0, initial=13.64]
[step 00850] PROGRESS: filled=14.78 violations=2.00 zero_cand=0.10
[step 00850] DEBUG: ep_len=13.1 ep_ret=-13.298 stop_prob=0.000 score_chg=-4.3400
[step 00860] value_loss=19.256863 policy_loss=0.989141
[step 00860] VALUE_DEBUG: target(mean=-3.95 std=5.28 min=-20.00 max=5.84) V(s)(mean=-3.64 std=3.01) reward(mean=-1.361 std=5.375) clip=20.0
[step 00870] value_loss=13.999853 policy_loss=1.260352
[step 00870] VALUE_DEBUG: target(mean=-3.29 std=5.01 min=-19.96 max=5.84) V(s)(mean=-3.56 std=3.33) reward(mean=-0.504 std=4.644) clip=20.0
[step 00880] value_loss=11.572371 policy_loss=0.478066
[step 00880] VALUE_DEBUG: target(mean=-3.32 std=4.51 min=-20.00 max=5.84) V(s)(mean=-4.00 std=3.10) reward(mean=-0.452 std=4.073) clip=20.0
[step 00890] value_loss=18.308353 policy_loss=1.167104
[step 00890] VALUE_DEBUG: target(mean=-4.00 std=5.38 min=-20.00 max=5.84) V(s)(mean=-3.48 std=3.11) reward(mean=-1.376 std=5.245) clip=20.0
[step 00900] opnorm clamp applied
[step 00900] value_loss=17.605028 policy_loss=0.981538
[step 00900] VALUE_DEBUG: target(mean=-3.96 std=5.37 min=-20.00 max=5.91) V(s)(mean=-3.58 std=3.34) reward(mean=-1.262 std=5.266) clip=20.0
[step 00900] eval_success_rate=0.140 eval_mean_score=10.780 eval_policy_mode=greedy [solved=7/50, score_range=4.00-16.00/16.0, initial=13.64]
[step 00900] PROGRESS: filled=14.78 violations=2.00 zero_cand=0.10
[step 00900] DEBUG: ep_len=12.9 ep_ret=-11.823 stop_prob=0.000 score_chg=-3.6250
[step 00910] value_loss=10.197489 policy_loss=0.681863
[step 00910] VALUE_DEBUG: target(mean=-3.73 std=4.74 min=-18.04 max=5.84) V(s)(mean=-3.87 std=3.37) reward(mean=-0.802 std=4.224) clip=20.0
[step 00920] value_loss=12.607185 policy_loss=0.709597
[step 00920] VALUE_DEBUG: target(mean=-3.75 std=4.89 min=-16.10 max=5.84) V(s)(mean=-3.86 std=3.10) reward(mean=-0.867 std=4.380) clip=20.0
[step 00930] value_loss=12.523051 policy_loss=0.961154
[step 00930] VALUE_DEBUG: target(mean=-3.91 std=4.44 min=-16.10 max=5.84) V(s)(mean=-3.79 std=3.13) reward(mean=-0.876 std=4.096) clip=20.0
[step 00940] value_loss=17.741957 policy_loss=0.272840
[step 00940] VALUE_DEBUG: target(mean=-3.94 std=4.92 min=-20.00 max=5.84) V(s)(mean=-3.69 std=2.94) reward(mean=-1.028 std=4.981) clip=20.0
[step 00950] value_loss=11.847361 policy_loss=0.956634
[step 00950] VALUE_DEBUG: target(mean=-2.97 std=4.63 min=-20.00 max=6.76) V(s)(mean=-3.57 std=3.28) reward(mean=-0.162 std=4.129) clip=20.0
[step 00950] eval_success_rate=0.140 eval_mean_score=10.800 eval_policy_mode=greedy [solved=7/50, score_range=4.00-16.00/16.0, initial=13.64]
[step 00950] PROGRESS: filled=14.80 violations=2.00 zero_cand=0.10
[step 00950] DEBUG: ep_len=12.7 ep_ret=-11.532 stop_prob=0.000 score_chg=-3.3100
[step 00960] value_loss=10.632383 policy_loss=0.520648
[step 00960] VALUE_DEBUG: target(mean=-3.91 std=4.54 min=-16.08 max=5.84) V(s)(mean=-3.80 std=3.37) reward(mean=-1.048 std=4.164) clip=20.0
[step 00970] value_loss=15.742720 policy_loss=0.713936
[step 00970] VALUE_DEBUG: target(mean=-4.07 std=5.17 min=-20.00 max=5.84) V(s)(mean=-3.15 std=3.36) reward(mean=-1.310 std=4.645) clip=20.0
[step 00980] value_loss=12.967419 policy_loss=1.029639
[step 00980] VALUE_DEBUG: target(mean=-4.21 std=4.81 min=-20.00 max=6.10) V(s)(mean=-4.36 std=3.18) reward(mean=-1.008 std=4.329) clip=20.0
[step 00990] value_loss=11.519565 policy_loss=0.308201
[step 00990] VALUE_DEBUG: target(mean=-4.12 std=4.59 min=-15.98 max=5.84) V(s)(mean=-4.51 std=2.86) reward(mean=-0.638 std=3.930) clip=20.0
[step 01000] opnorm clamp applied
[step 01000] value_loss=14.244843 policy_loss=0.593262
[step 01000] VALUE_DEBUG: target(mean=-3.90 std=5.47 min=-17.98 max=5.84) V(s)(mean=-3.71 std=3.24) reward(mean=-1.054 std=4.866) clip=20.0
[step 01000] eval_success_rate=0.140 eval_mean_score=10.860 eval_policy_mode=greedy [solved=7/50, score_range=4.00-16.00/16.0, initial=13.64]
[step 01000] PROGRESS: filled=14.78 violations=1.96 zero_cand=0.10
[step 01000] DEBUG: ep_len=12.9 ep_ret=-12.437 stop_prob=0.000 score_chg=-4.1350
[Checkpoint] Saved to checkpoints/rl_sudoku-4x4-trivial_seed123/rl_checkpoint_step_1000.pt
[Checkpoint] Saved to checkpoints/rl_sudoku-4x4-trivial_seed123/rl_checkpoint_step_1000.pt
