[2026-01-14T12:39:13.302-08:00] Buck UI: https://www.internalfb.com/buck2/9bb7c1b0-88ab-4664-bd0e-187acf13c173
[2026-01-14T12:39:13.636-08:00] Network: Up: 0B  Down: 0B
BUILD SUCCEEDED - starting your binary
[INFO] Using progress-based Sudoku checker for 4x4 (score = filled_cells, range 0-16)
[INFO] Training for 1000 steps (gamma=0.990, K=1, inner_unroll_n=4)
[INFO] Terminal rewards: solve=0.000, fail=-16.000
/data/repos/fbsource/buck-out/v2/gen/fbcode/7bc20b5dff24e379/buiksat_trm/__upi_trm_train__/upi_trm_train#link-tree/upi_trm_train.py:873: UserWarning: rl_enable_contraction=True: Applying operator-norm clamping and contraction scaling to z->z path layers. This is REQUIRED for Assumption 3.2 (L_z < 1) but will modify network behavior. Pretrained weights from vanilla TRM may require fine-tuning.
  model = TinyRecursiveReasoningModel_ACTV1(trm_cfg_dict)
[INFO] Value head norm: DISABLED by config (rl_disable_value_head_norm=True)
[INFO] Using TRM backbone (hidden=64, H=2, L=2)
[DEBUG] Policy head STOP bias: 0.00 (should be 0.0 for uniform init)
[INFO] Puzzle embeddings DISABLED (set --puzzle-emb-ndim > 0 to enable)
/data/repos/fbsource/buck-out/v2/gen/fbcode/7bc20b5dff24e379/buiksat_trm/__upi_trm_train__/upi_trm_train#link-tree/torch/cuda/__init__.py:373: UserWarning: Found GPU0 NVIDIA PG509-210 which is of compute capability (CC) 8.0.
The following list shows the CCs this version of PyTorch was built for and the hardware CCs it supports:
Please follow the instructions at https://pytorch.org/get-started/locally/ to install a PyTorch release that supports one of these CUDA versions: 12.6, 12.8, 13.0
  _warn_unsupported_code(d, device_cc, code_ccs)
INFO:2026-01-14 12:39:18 2198797:2198797 CuptiCallbackApi.cpp:74] Callback: domain = 3, cbid = 1
INFO:2026-01-14 12:39:18 2198797:2198797 CuptiActivityProfiler.cpp:245] CUDA versions. CUPTI: 22; Runtime: 12040; Driver: 12040
INFO:2026-01-14 12:39:18 2198797:2200142 FBConfig.cpp:330] Perfetto builder enabled: 1
INFO:2026-01-14 12:39:18 2198797:2200142 DynoConfigLoader.cpp:61] Setting communication fabric enabled = 0
/data/repos/fbsource/buck-out/v2/gen/fbcode/7bc20b5dff24e379/buiksat_trm/__upi_trm_train__/upi_trm_train#link-tree/rl/upi_trm_trainer.py:93: UserWarning: rl_enable_contraction=True: Applying operator-norm clamping and contraction scaling to z->z path layers. This is REQUIRED for Assumption 3.2 (L_z < 1) but will modify network behavior. Pretrained weights from vanilla TRM may require fine-tuning.
  self.target_model = TinyRecursiveReasoningModel_ACTV1(self._config_to_dict(self.model.config)).to(device)
[INFO] Value head norm: DISABLED by config (rl_disable_value_head_norm=True)
/data/repos/fbsource/buck-out/v2/gen/fbcode/7bc20b5dff24e379/buiksat_trm/__upi_trm_train__/upi_trm_train#link-tree/rl/upi_trm_trainer.py:103: UserWarning: rl_enable_contraction=True: Applying operator-norm clamping and contraction scaling to z->z path layers. This is REQUIRED for Assumption 3.2 (L_z < 1) but will modify network behavior. Pretrained weights from vanilla TRM may require fine-tuning.
  self.policy_model_candidate = TinyRecursiveReasoningModel_ACTV1(
[INFO] Value head norm: DISABLED by config (rl_disable_value_head_norm=True)
INFO:2026-01-14 12:39:18 2198797:2200142 DynoConfigLoader.cpp:61] Setting communication fabric enabled = 0
TritonTraceHandler: disabled because /logs does not exist
===========[FB_TRITON]=========== Triton Version: 3.3.2+fb
[INFO] Using UPI-TRM algorithm (K=1, inner_n=4)
[INFO] Checkpoint directory: checkpoints/rl_sudoku-4x4-trivial_seed42

============================================================
UPI-TRM THEORY ALIGNMENT CHECK
============================================================
✓ Configuration aligns with theoretical guarantees

Theory status:
  Forward-invariant projection: ✓
  Contraction enforced (L_z < 1): ✓
  Exact baseline (Thm 5.9): ✓
  Distillation (not in theory): ✓ disabled

Is theory-exact: True
============================================================

UPI-TRM theoretical dials:
  L_z target (rl_cfg.target_Lz): 0.9
  L_V target (rl_cfg.target_Lv): 1.0
  Inner unroll n (rl_cfg.inner_unroll_n): 4
  K-step horizon K (rl_cfg.K): 1
  Mixture alpha (rl_cfg.mixture_alpha): 0.05
  Latent ball radius (rl_cfg.latent_ball_radius): 10.0
  Episodic latent: True
  Exact K-step targets: True
  Exact baseline summation: True

[INFO] STOP action mode: disabled
[INFO] Using EXACT baseline summation (Theorem 5.9 O(α·ε_A) bound)
[INFO] Forward-invariant projection enabled (R=10.0)
[WandB] Disabled by default (enable with: --wandb)
[DEBUG] Action mask: 4 valid actions out of 97 total
[DEBUG] Latent mode: episodic
[DEBUG] Step 0 probs: STOP=0.000000, edits=1.000000
[DEBUG] Top 5 action probs: torch.return_types.topk(
values=tensor([0.2854, 0.2454, 0.2420, 0.2273, 0.0000], device='cuda:0',
       grad_fn=<TopkBackward0>),
indices=tensor([75, 74, 77, 76,  0], device='cuda:0'))
/data/repos/fbsource/buck-out/v2/gen/fbcode/7bc20b5dff24e379/buiksat_trm/__upi_trm_train__/upi_trm_train#link-tree/rl/upi_trm_trainer.py:1021: UserWarning: [UPI-TRM Theory] advantage_clip>0 while is_theory_exact() is True. This technically perturbs the exact advantages used in Theorem 5.9.
  warnings.warn(
[step 00010] value_loss=13.371659 policy_loss=1.182925
[step 00010] VALUE_DEBUG: target(mean=-0.72 std=3.69 min=-20.00 max=6.23) V(s)(mean=-0.72 std=0.73) reward(mean=-0.801 std=3.768) clip=20.0
[step 00020] value_loss=25.478863 policy_loss=1.864531
[step 00020] VALUE_DEBUG: target(mean=-1.43 std=5.00 min=-20.00 max=6.21) V(s)(mean=-0.75 std=0.74) reward(mean=-1.477 std=5.062) clip=20.0
[step 00030] value_loss=24.437481 policy_loss=1.416186
[step 00030] VALUE_DEBUG: target(mean=-1.69 std=5.04 min=-20.00 max=5.90) V(s)(mean=-1.75 std=0.80) reward(mean=-1.647 std=5.105) clip=20.0
[step 00040] value_loss=20.508421 policy_loss=0.370298
[step 00040] VALUE_DEBUG: target(mean=-1.72 std=4.67 min=-20.00 max=6.02) V(s)(mean=-1.02 std=0.76) reward(mean=-1.564 std=4.711) clip=20.0
[step 00050] value_loss=18.357960 policy_loss=1.529632
[step 00050] VALUE_DEBUG: target(mean=-1.23 std=4.39 min=-16.04 max=6.01) V(s)(mean=-1.19 std=0.75) reward(mean=-0.966 std=4.400) clip=20.0
[step 00050] eval_success_rate=0.080 eval_mean_score=9.500 eval_policy_mode=greedy [solved=4/50, score_range=1.00-16.00/16.0, initial=13.64]
[step 00050] PROGRESS: filled=14.78 violations=2.64 zero_cand=0.06
[step 00050] DEBUG: ep_len=13.9 ep_ret=-13.593 stop_prob=0.000 score_chg=-4.6150
[step 00060] value_loss=18.107393 policy_loss=0.518196
[step 00060] VALUE_DEBUG: target(mean=-1.76 std=4.16 min=-17.96 max=5.84) V(s)(mean=-0.90 std=0.73) reward(mean=-1.441 std=4.193) clip=20.0
[step 00070] value_loss=15.155195 policy_loss=0.760241
[step 00070] VALUE_DEBUG: target(mean=-1.36 std=4.04 min=-17.02 max=5.99) V(s)(mean=-1.50 std=0.86) reward(mean=-0.999 std=3.990) clip=20.0
[step 00080] value_loss=18.165588 policy_loss=1.009055
[step 00080] VALUE_DEBUG: target(mean=-1.58 std=4.34 min=-20.00 max=5.93) V(s)(mean=-1.25 std=1.07) reward(mean=-1.149 std=4.518) clip=20.0
[step 00090] value_loss=18.870308 policy_loss=0.546908
[step 00090] VALUE_DEBUG: target(mean=-1.99 std=4.43 min=-17.98 max=5.94) V(s)(mean=-1.71 std=1.04) reward(mean=-1.480 std=4.505) clip=20.0
[step 00100] opnorm clamp applied
[step 00100] value_loss=30.419498 policy_loss=0.804519
[step 00100] VALUE_DEBUG: target(mean=-2.13 std=5.42 min=-20.00 max=5.90) V(s)(mean=-1.42 std=0.99) reward(mean=-1.596 std=5.683) clip=20.0
[step 00100] eval_success_rate=0.080 eval_mean_score=9.820 eval_policy_mode=greedy [solved=4/50, score_range=1.00-16.00/16.0, initial=13.64]
[step 00100] PROGRESS: filled=14.74 violations=2.46 zero_cand=0.06
[step 00100] DEBUG: ep_len=13.3 ep_ret=-12.987 stop_prob=0.000 score_chg=-4.2950
[step 00110] value_loss=15.975180 policy_loss=0.732112
[step 00110] VALUE_DEBUG: target(mean=-1.82 std=4.16 min=-20.00 max=5.84) V(s)(mean=-1.56 std=0.98) reward(mean=-1.250 std=4.245) clip=20.0
[step 00120] value_loss=15.734232 policy_loss=0.809364
[step 00120] VALUE_DEBUG: target(mean=-1.19 std=4.14 min=-20.00 max=5.84) V(s)(mean=-1.20 std=1.37) reward(mean=-0.600 std=4.179) clip=20.0
[step 00130] value_loss=25.524397 policy_loss=0.601825
[step 00130] VALUE_DEBUG: target(mean=-1.74 std=5.03 min=-20.00 max=5.84) V(s)(mean=-1.77 std=0.88) reward(mean=-1.141 std=5.224) clip=20.0
[step 00140] value_loss=12.761842 policy_loss=0.390938
[step 00140] VALUE_DEBUG: target(mean=-1.10 std=3.70 min=-20.00 max=5.84) V(s)(mean=-1.58 std=0.87) reward(mean=-0.470 std=3.734) clip=20.0
[step 00150] value_loss=20.769506 policy_loss=0.359013
[step 00150] VALUE_DEBUG: target(mean=-1.28 std=4.65 min=-20.00 max=5.84) V(s)(mean=-1.40 std=0.98) reward(mean=-0.683 std=4.744) clip=20.0
[step 00150] eval_success_rate=0.080 eval_mean_score=10.180 eval_policy_mode=greedy [solved=4/50, score_range=1.00-16.00/16.0, initial=13.64]
[step 00150] PROGRESS: filled=14.74 violations=2.28 zero_cand=0.06
[step 00150] DEBUG: ep_len=13.0 ep_ret=-12.542 stop_prob=0.000 score_chg=-3.9950
[step 00160] value_loss=17.996162 policy_loss=1.498870
[step 00160] VALUE_DEBUG: target(mean=-1.95 std=4.36 min=-20.00 max=5.84) V(s)(mean=-1.97 std=1.10) reward(mean=-1.253 std=4.494) clip=20.0
[step 00170] value_loss=22.701351 policy_loss=0.705057
[step 00170] VALUE_DEBUG: target(mean=-1.86 std=4.92 min=-20.00 max=5.89) V(s)(mean=-1.86 std=1.08) reward(mean=-1.141 std=5.113) clip=20.0
[step 00180] value_loss=21.055714 policy_loss=0.718924
[step 00180] VALUE_DEBUG: target(mean=-1.64 std=4.74 min=-17.98 max=5.93) V(s)(mean=-1.66 std=1.30) reward(mean=-0.911 std=4.803) clip=20.0
[step 00190] value_loss=23.565567 policy_loss=0.505897
[step 00190] VALUE_DEBUG: target(mean=-1.84 std=4.92 min=-18.08 max=5.85) V(s)(mean=-1.32 std=1.40) reward(mean=-1.155 std=4.965) clip=20.0
[step 00200] opnorm clamp applied
[step 00200] value_loss=18.314011 policy_loss=0.204993
[step 00200] VALUE_DEBUG: target(mean=-1.30 std=4.32 min=-20.00 max=5.84) V(s)(mean=-1.61 std=1.26) reward(mean=-0.547 std=4.432) clip=20.0
[step 00200] eval_success_rate=0.080 eval_mean_score=10.060 eval_policy_mode=greedy [solved=4/50, score_range=1.00-16.00/16.0, initial=13.64]
[step 00200] PROGRESS: filled=14.74 violations=2.34 zero_cand=0.06
[step 00200] DEBUG: ep_len=13.1 ep_ret=-11.641 stop_prob=0.000 score_chg=-3.6100
[step 00210] value_loss=19.037193 policy_loss=0.709327
[step 00210] VALUE_DEBUG: target(mean=-2.16 std=4.65 min=-20.00 max=5.84) V(s)(mean=-2.17 std=1.37) reward(mean=-1.314 std=4.775) clip=20.0
[step 00220] value_loss=15.699410 policy_loss=0.800818
[step 00220] VALUE_DEBUG: target(mean=-1.97 std=4.13 min=-16.10 max=5.84) V(s)(mean=-1.24 std=1.48) reward(mean=-1.243 std=4.179) clip=20.0
[step 00230] value_loss=13.753824 policy_loss=0.479244
[step 00230] VALUE_DEBUG: target(mean=-2.28 std=3.92 min=-20.00 max=5.84) V(s)(mean=-1.84 std=1.15) reward(mean=-1.376 std=3.968) clip=20.0
[step 00240] value_loss=14.327513 policy_loss=0.867031
[step 00240] VALUE_DEBUG: target(mean=-2.20 std=4.00 min=-20.00 max=5.84) V(s)(mean=-1.41 std=1.25) reward(mean=-1.324 std=4.045) clip=20.0
[step 00250] value_loss=17.273880 policy_loss=0.234456
[step 00250] VALUE_DEBUG: target(mean=-1.90 std=4.57 min=-20.00 max=5.84) V(s)(mean=-2.18 std=1.48) reward(mean=-1.016 std=4.553) clip=20.0
[step 00250] eval_success_rate=0.080 eval_mean_score=10.060 eval_policy_mode=greedy [solved=4/50, score_range=1.00-16.00/16.0, initial=13.64]
[step 00250] PROGRESS: filled=14.74 violations=2.34 zero_cand=0.06
[step 00250] DEBUG: ep_len=13.1 ep_ret=-12.062 stop_prob=0.000 score_chg=-4.0000
[step 00260] value_loss=14.991247 policy_loss=0.313542
[step 00260] VALUE_DEBUG: target(mean=-1.75 std=4.24 min=-19.96 max=5.84) V(s)(mean=-1.84 std=1.47) reward(mean=-0.768 std=4.233) clip=20.0
[step 00270] value_loss=19.711010 policy_loss=0.291853
[step 00270] VALUE_DEBUG: target(mean=-2.23 std=4.67 min=-20.00 max=5.87) V(s)(mean=-1.92 std=1.27) reward(mean=-1.277 std=4.747) clip=20.0
[step 00280] value_loss=13.778835 policy_loss=0.630957
[step 00280] VALUE_DEBUG: target(mean=-1.52 std=3.80 min=-16.10 max=5.84) V(s)(mean=-1.83 std=1.29) reward(mean=-0.514 std=3.760) clip=20.0
[step 00290] value_loss=21.416945 policy_loss=0.861690
[step 00290] VALUE_DEBUG: target(mean=-2.16 std=4.79 min=-20.00 max=5.84) V(s)(mean=-1.92 std=1.78) reward(mean=-1.264 std=5.043) clip=20.0
[step 00300] opnorm clamp applied
[step 00300] value_loss=19.672371 policy_loss=1.015590
[step 00300] VALUE_DEBUG: target(mean=-2.14 std=4.48 min=-20.00 max=5.91) V(s)(mean=-2.12 std=1.58) reward(mean=-1.189 std=4.635) clip=20.0
[step 00300] eval_success_rate=0.080 eval_mean_score=10.220 eval_policy_mode=greedy [solved=4/50, score_range=7.00-16.00/16.0, initial=13.64]
[step 00300] PROGRESS: filled=14.70 violations=2.24 zero_cand=0.06
[step 00300] DEBUG: ep_len=12.7 ep_ret=-12.962 stop_prob=0.000 score_chg=-4.5150
[step 00310] value_loss=14.480366 policy_loss=0.617826
[step 00310] VALUE_DEBUG: target(mean=-2.22 std=4.01 min=-19.98 max=5.84) V(s)(mean=-2.21 std=1.27) reward(mean=-1.113 std=4.028) clip=20.0
[step 00320] value_loss=14.734266 policy_loss=0.736826
[step 00320] VALUE_DEBUG: target(mean=-1.84 std=4.28 min=-17.98 max=5.90) V(s)(mean=-2.08 std=1.62) reward(mean=-0.700 std=4.123) clip=20.0
[step 00330] value_loss=14.117343 policy_loss=0.906722
[step 00330] VALUE_DEBUG: target(mean=-1.45 std=4.23 min=-20.00 max=5.98) V(s)(mean=-1.96 std=1.86) reward(mean=-0.327 std=4.110) clip=20.0
[step 00340] value_loss=18.934612 policy_loss=0.444558
[step 00340] VALUE_DEBUG: target(mean=-2.23 std=4.54 min=-16.10 max=5.84) V(s)(mean=-1.93 std=1.35) reward(mean=-1.118 std=4.504) clip=20.0
[step 00350] value_loss=12.035772 policy_loss=0.282212
[step 00350] VALUE_DEBUG: target(mean=-1.60 std=3.76 min=-15.98 max=5.84) V(s)(mean=-1.81 std=1.80) reward(mean=-0.478 std=3.678) clip=20.0
[step 00350] eval_success_rate=0.080 eval_mean_score=10.220 eval_policy_mode=greedy [solved=4/50, score_range=7.00-16.00/16.0, initial=13.64]
[step 00350] PROGRESS: filled=14.70 violations=2.24 zero_cand=0.06
[step 00350] DEBUG: ep_len=12.2 ep_ret=-11.344 stop_prob=0.000 score_chg=-3.4750
[step 00360] value_loss=17.254463 policy_loss=0.295428
[step 00360] VALUE_DEBUG: target(mean=-2.21 std=4.37 min=-20.00 max=6.01) V(s)(mean=-2.05 std=1.53) reward(mean=-0.950 std=4.493) clip=20.0
[step 00370] value_loss=12.532044 policy_loss=0.103271
[step 00370] VALUE_DEBUG: target(mean=-2.19 std=4.00 min=-20.00 max=5.84) V(s)(mean=-2.14 std=1.56) reward(mean=-0.954 std=3.961) clip=20.0
[step 00380] value_loss=19.064323 policy_loss=0.263629
[step 00380] VALUE_DEBUG: target(mean=-1.94 std=4.69 min=-20.00 max=6.15) V(s)(mean=-1.85 std=1.78) reward(mean=-0.839 std=4.771) clip=20.0
[step 00390] value_loss=20.964880 policy_loss=0.208062
[step 00390] VALUE_DEBUG: target(mean=-3.33 std=4.88 min=-20.00 max=5.84) V(s)(mean=-2.40 std=1.56) reward(mean=-2.087 std=4.910) clip=20.0
WARNING: Logging before InitGoogleLogging() is written to STDERR
I0114 16:30:33.513871 2199947 HealthTracker.cpp:26] Mark connection as healthy.
[step 00400] opnorm clamp applied
[step 00400] value_loss=10.531559 policy_loss=0.228552
[step 00400] VALUE_DEBUG: target(mean=-1.65 std=3.80 min=-10.04 max=6.08) V(s)(mean=-2.13 std=1.63) reward(mean=-0.329 std=3.509) clip=20.0
[step 00400] eval_success_rate=0.080 eval_mean_score=10.220 eval_policy_mode=greedy [solved=4/50, score_range=7.00-16.00/16.0, initial=13.64]
[step 00400] PROGRESS: filled=14.70 violations=2.24 zero_cand=0.06
[step 00400] DEBUG: ep_len=12.7 ep_ret=-10.881 stop_prob=0.000 score_chg=-3.3000
[step 00410] value_loss=17.201580 policy_loss=0.599756
[step 00410] VALUE_DEBUG: target(mean=-1.92 std=4.32 min=-18.04 max=6.65) V(s)(mean=-2.09 std=1.79) reward(mean=-0.475 std=4.379) clip=20.0
[step 00420] value_loss=22.934795 policy_loss=0.761825
[step 00420] VALUE_DEBUG: target(mean=-2.82 std=4.90 min=-20.00 max=5.84) V(s)(mean=-1.92 std=1.68) reward(mean=-1.568 std=5.022) clip=20.0
[step 00430] value_loss=14.260044 policy_loss=0.648311
[step 00430] VALUE_DEBUG: target(mean=-2.45 std=4.18 min=-16.02 max=5.84) V(s)(mean=-2.19 std=1.92) reward(mean=-1.078 std=4.095) clip=20.0
[step 00440] value_loss=17.806486 policy_loss=0.277222
[step 00440] VALUE_DEBUG: target(mean=-2.37 std=4.65 min=-20.00 max=5.96) V(s)(mean=-2.70 std=1.68) reward(mean=-0.903 std=4.649) clip=20.0
[step 00450] value_loss=13.233822 policy_loss=0.264553
[step 00450] VALUE_DEBUG: target(mean=-2.55 std=4.13 min=-16.10 max=6.44) V(s)(mean=-2.50 std=1.51) reward(mean=-0.993 std=3.990) clip=20.0
[step 00450] eval_success_rate=0.080 eval_mean_score=10.320 eval_policy_mode=greedy [solved=4/50, score_range=7.00-16.00/16.0, initial=13.64]
[step 00450] PROGRESS: filled=14.72 violations=2.20 zero_cand=0.04
[step 00450] DEBUG: ep_len=11.4 ep_ret=-10.794 stop_prob=0.000 score_chg=-3.2600
[step 00460] value_loss=16.630207 policy_loss=0.849785
[step 00460] VALUE_DEBUG: target(mean=-2.10 std=4.30 min=-16.10 max=5.84) V(s)(mean=-1.85 std=2.04) reward(mean=-0.797 std=4.228) clip=20.0
[step 00470] value_loss=22.412529 policy_loss=0.747610
[step 00470] VALUE_DEBUG: target(mean=-2.13 std=5.04 min=-20.00 max=5.97) V(s)(mean=-2.43 std=1.82) reward(mean=-0.716 std=5.079) clip=20.0
[step 00480] value_loss=15.414633 policy_loss=0.418344
[step 00480] VALUE_DEBUG: target(mean=-2.59 std=4.18 min=-17.96 max=5.84) V(s)(mean=-1.94 std=2.07) reward(mean=-1.079 std=4.133) clip=20.0
[step 00490] value_loss=16.249226 policy_loss=0.885793
[step 00490] VALUE_DEBUG: target(mean=-2.15 std=4.32 min=-18.04 max=5.84) V(s)(mean=-2.24 std=1.79) reward(mean=-0.730 std=4.268) clip=20.0
[step 00500] opnorm clamp applied
[step 00500] value_loss=13.597539 policy_loss=0.193393
[step 00500] VALUE_DEBUG: target(mean=-2.74 std=4.23 min=-18.06 max=5.84) V(s)(mean=-2.51 std=1.84) reward(mean=-1.166 std=4.198) clip=20.0
[step 00500] eval_success_rate=0.080 eval_mean_score=10.060 eval_policy_mode=greedy [solved=4/50, score_range=7.00-16.00/16.0, initial=13.64]
[step 00500] PROGRESS: filled=14.70 violations=2.32 zero_cand=0.04
[step 00500] DEBUG: ep_len=12.6 ep_ret=-12.700 stop_prob=0.000 score_chg=-4.0650
[step 00510] value_loss=15.050279 policy_loss=0.536472
[step 00510] VALUE_DEBUG: target(mean=-1.83 std=4.36 min=-18.06 max=5.92) V(s)(mean=-2.54 std=2.08) reward(mean=-0.361 std=4.097) clip=20.0
[step 00520] value_loss=11.521877 policy_loss=0.218645
[step 00520] VALUE_DEBUG: target(mean=-2.55 std=4.00 min=-13.98 max=5.84) V(s)(mean=-1.84 std=1.88) reward(mean=-0.946 std=3.686) clip=20.0
[step 00530] value_loss=13.829067 policy_loss=0.567137
[step 00530] VALUE_DEBUG: target(mean=-2.62 std=4.39 min=-16.08 max=5.84) V(s)(mean=-2.77 std=2.05) reward(mean=-1.043 std=4.179) clip=20.0
[step 00540] value_loss=11.848701 policy_loss=0.448641
[step 00540] VALUE_DEBUG: target(mean=-2.55 std=4.22 min=-18.04 max=5.84) V(s)(mean=-2.23 std=2.32) reward(mean=-0.920 std=3.984) clip=20.0
[step 00550] value_loss=18.030382 policy_loss=0.349913
[step 00550] VALUE_DEBUG: target(mean=-2.64 std=4.84 min=-20.00 max=5.84) V(s)(mean=-2.60 std=2.38) reward(mean=-1.101 std=4.777) clip=20.0
[step 00550] eval_success_rate=0.080 eval_mean_score=10.060 eval_policy_mode=greedy [solved=4/50, score_range=7.00-16.00/16.0, initial=13.64]
[step 00550] PROGRESS: filled=14.70 violations=2.32 zero_cand=0.04
[step 00550] DEBUG: ep_len=13.8 ep_ret=-14.437 stop_prob=0.000 score_chg=-4.9600
[step 00560] value_loss=19.334225 policy_loss=0.282771
[step 00560] VALUE_DEBUG: target(mean=-2.74 std=4.80 min=-16.10 max=6.92) V(s)(mean=-2.74 std=1.93) reward(mean=-0.958 std=4.803) clip=20.0
[step 00570] value_loss=15.327997 policy_loss=0.575001
[step 00570] VALUE_DEBUG: target(mean=-1.95 std=4.29 min=-20.00 max=5.84) V(s)(mean=-2.46 std=1.81) reward(mean=-0.421 std=4.238) clip=20.0
[step 00580] value_loss=18.735439 policy_loss=0.750842
[step 00580] VALUE_DEBUG: target(mean=-2.50 std=4.84 min=-16.04 max=5.84) V(s)(mean=-2.89 std=2.27) reward(mean=-0.758 std=4.636) clip=20.0
[step 00590] value_loss=17.914127 policy_loss=0.370635
[step 00590] VALUE_DEBUG: target(mean=-3.08 std=4.59 min=-20.00 max=5.94) V(s)(mean=-2.66 std=1.90) reward(mean=-1.341 std=4.654) clip=20.0
[step 00600] opnorm clamp applied
[step 00600] value_loss=19.847881 policy_loss=0.344359
[step 00600] VALUE_DEBUG: target(mean=-3.05 std=4.95 min=-18.08 max=6.00) V(s)(mean=-2.55 std=2.48) reward(mean=-1.625 std=4.787) clip=20.0
[step 00600] eval_success_rate=0.080 eval_mean_score=10.220 eval_policy_mode=greedy [solved=4/50, score_range=7.00-16.00/16.0, initial=13.64]
[step 00600] PROGRESS: filled=14.70 violations=2.24 zero_cand=0.06
[step 00600] DEBUG: ep_len=11.2 ep_ret=-10.088 stop_prob=0.000 score_chg=-3.1950
[step 00610] value_loss=12.437450 policy_loss=0.238960
[step 00610] VALUE_DEBUG: target(mean=-2.43 std=4.18 min=-14.06 max=5.84) V(s)(mean=-2.88 std=2.28) reward(mean=-0.461 std=3.955) clip=20.0
[step 00620] value_loss=11.137823 policy_loss=0.370090
[step 00620] VALUE_DEBUG: target(mean=-1.86 std=4.14 min=-10.57 max=5.94) V(s)(mean=-2.69 std=1.99) reward(mean=-0.105 std=3.493) clip=20.0
[step 00630] value_loss=18.181889 policy_loss=0.224367
[step 00630] VALUE_DEBUG: target(mean=-2.90 std=4.73 min=-20.00 max=5.98) V(s)(mean=-2.04 std=2.34) reward(mean=-1.010 std=4.637) clip=20.0
[step 00640] value_loss=22.739319 policy_loss=0.105060
[step 00640] VALUE_DEBUG: target(mean=-2.63 std=5.10 min=-16.08 max=5.84) V(s)(mean=-3.35 std=2.11) reward(mean=-0.701 std=5.124) clip=20.0
[step 00650] value_loss=11.778481 policy_loss=0.290533
[step 00650] VALUE_DEBUG: target(mean=-2.20 std=4.10 min=-14.10 max=5.84) V(s)(mean=-2.37 std=2.20) reward(mean=-0.462 std=3.818) clip=20.0
[step 00650] eval_success_rate=0.080 eval_mean_score=10.080 eval_policy_mode=greedy [solved=4/50, score_range=3.00-16.00/16.0, initial=13.64]
[step 00650] PROGRESS: filled=14.72 violations=2.32 zero_cand=0.04
[step 00650] DEBUG: ep_len=13.7 ep_ret=-12.868 stop_prob=0.000 score_chg=-4.2450
[step 00660] value_loss=10.940033 policy_loss=0.838383
[step 00660] VALUE_DEBUG: target(mean=-2.96 std=4.15 min=-15.96 max=5.84) V(s)(mean=-3.21 std=2.23) reward(mean=-0.746 std=3.672) clip=20.0
[step 00670] value_loss=21.934313 policy_loss=0.284652
[step 00670] VALUE_DEBUG: target(mean=-3.14 std=5.01 min=-20.00 max=5.84) V(s)(mean=-3.37 std=2.28) reward(mean=-0.967 std=5.013) clip=20.0
[step 00680] value_loss=16.520658 policy_loss=0.592983
[step 00680] VALUE_DEBUG: target(mean=-3.28 std=4.75 min=-20.00 max=5.92) V(s)(mean=-3.44 std=2.43) reward(mean=-1.082 std=4.727) clip=20.0
[step 00690] value_loss=12.909914 policy_loss=0.472400
[step 00690] VALUE_DEBUG: target(mean=-2.51 std=4.18 min=-16.04 max=5.84) V(s)(mean=-3.15 std=2.51) reward(mean=-0.449 std=3.993) clip=20.0
[step 00700] opnorm clamp applied
[step 00700] value_loss=25.662916 policy_loss=0.548193
[step 00700] VALUE_DEBUG: target(mean=-3.43 std=5.65 min=-20.00 max=6.29) V(s)(mean=-2.77 std=2.43) reward(mean=-1.534 std=5.872) clip=20.0
[step 00700] eval_success_rate=0.080 eval_mean_score=10.220 eval_policy_mode=greedy [solved=4/50, score_range=7.00-16.00/16.0, initial=13.64]
[step 00700] PROGRESS: filled=14.70 violations=2.24 zero_cand=0.06
[step 00700] DEBUG: ep_len=11.9 ep_ret=-11.689 stop_prob=0.000 score_chg=-3.8650
[step 00710] value_loss=17.617823 policy_loss=0.602874
[step 00710] VALUE_DEBUG: target(mean=-3.26 std=4.97 min=-20.00 max=5.96) V(s)(mean=-3.40 std=2.39) reward(mean=-1.234 std=4.924) clip=20.0
[step 00720] value_loss=17.073757 policy_loss=0.286919
[step 00720] VALUE_DEBUG: target(mean=-2.83 std=4.82 min=-20.00 max=5.84) V(s)(mean=-2.99 std=2.76) reward(mean=-0.529 std=4.581) clip=20.0
[step 00730] value_loss=11.201051 policy_loss=0.194470
[step 00730] VALUE_DEBUG: target(mean=-2.75 std=4.48 min=-17.02 max=5.84) V(s)(mean=-2.54 std=2.59) reward(mean=-0.664 std=4.000) clip=20.0
[step 00740] value_loss=14.732938 policy_loss=0.164486
[step 00740] VALUE_DEBUG: target(mean=-2.92 std=4.42 min=-20.00 max=5.84) V(s)(mean=-2.90 std=2.71) reward(mean=-0.879 std=4.330) clip=20.0
[step 00750] value_loss=16.107922 policy_loss=0.497887
[step 00750] VALUE_DEBUG: target(mean=-2.71 std=4.65 min=-20.00 max=5.84) V(s)(mean=-3.48 std=2.60) reward(mean=-0.529 std=4.419) clip=20.0
[step 00750] eval_success_rate=0.080 eval_mean_score=10.080 eval_policy_mode=greedy [solved=4/50, score_range=3.00-16.00/16.0, initial=13.64]
[step 00750] PROGRESS: filled=14.72 violations=2.32 zero_cand=0.04
[step 00750] DEBUG: ep_len=13.3 ep_ret=-12.231 stop_prob=0.000 score_chg=-3.6000
[step 00760] value_loss=14.435652 policy_loss=0.526136
[step 00760] VALUE_DEBUG: target(mean=-3.20 std=4.49 min=-17.98 max=5.84) V(s)(mean=-3.24 std=2.63) reward(mean=-0.820 std=4.273) clip=20.0
[step 00770] value_loss=17.240454 policy_loss=0.281487
[step 00770] VALUE_DEBUG: target(mean=-3.65 std=5.18 min=-18.06 max=5.84) V(s)(mean=-3.49 std=2.77) reward(mean=-1.376 std=4.874) clip=20.0
[step 00780] value_loss=12.541904 policy_loss=0.154664
[step 00780] VALUE_DEBUG: target(mean=-3.65 std=4.29 min=-16.04 max=5.84) V(s)(mean=-3.51 std=2.18) reward(mean=-1.254 std=4.185) clip=20.0
[step 00790] value_loss=15.169895 policy_loss=0.529227
[step 00790] VALUE_DEBUG: target(mean=-3.37 std=4.68 min=-20.00 max=6.12) V(s)(mean=-3.37 std=2.49) reward(mean=-1.158 std=4.718) clip=20.0
[step 00800] opnorm clamp applied
[step 00800] value_loss=14.976631 policy_loss=0.523474
[step 00800] VALUE_DEBUG: target(mean=-3.22 std=4.32 min=-20.00 max=5.84) V(s)(mean=-3.66 std=2.60) reward(mean=-0.904 std=4.416) clip=20.0
[step 00800] eval_success_rate=0.080 eval_mean_score=10.000 eval_policy_mode=greedy [solved=4/50, score_range=3.00-16.00/16.0, initial=13.64]
[step 00800] PROGRESS: filled=14.72 violations=2.36 zero_cand=0.06
[step 00800] DEBUG: ep_len=14.1 ep_ret=-13.597 stop_prob=0.000 score_chg=-4.1800
[step 00810] value_loss=13.375292 policy_loss=0.698104
[step 00810] VALUE_DEBUG: target(mean=-2.79 std=4.63 min=-18.02 max=5.84) V(s)(mean=-2.60 std=3.16) reward(mean=-0.724 std=4.158) clip=20.0
[step 00820] value_loss=12.089116 policy_loss=0.673156
[step 00820] VALUE_DEBUG: target(mean=-3.69 std=4.36 min=-16.06 max=6.35) V(s)(mean=-3.51 std=2.78) reward(mean=-1.122 std=3.987) clip=20.0
[step 00830] value_loss=10.807804 policy_loss=0.434172
[step 00830] VALUE_DEBUG: target(mean=-3.09 std=4.14 min=-14.04 max=6.05) V(s)(mean=-3.66 std=2.74) reward(mean=-0.526 std=3.671) clip=20.0
[step 00840] value_loss=18.628393 policy_loss=0.122759
[step 00840] VALUE_DEBUG: target(mean=-3.48 std=5.20 min=-20.00 max=6.20) V(s)(mean=-4.11 std=2.68) reward(mean=-1.060 std=4.863) clip=20.0
[step 00850] value_loss=12.102594 policy_loss=0.365967
[step 00850] VALUE_DEBUG: target(mean=-3.48 std=4.43 min=-16.00 max=5.84) V(s)(mean=-3.74 std=2.70) reward(mean=-0.688 std=4.133) clip=20.0
[step 00850] eval_success_rate=0.080 eval_mean_score=9.900 eval_policy_mode=greedy [solved=4/50, score_range=3.00-16.00/16.0, initial=13.64]
[step 00850] PROGRESS: filled=14.74 violations=2.42 zero_cand=0.06
[step 00850] DEBUG: ep_len=11.8 ep_ret=-10.100 stop_prob=0.000 score_chg=-3.0050
[step 00860] value_loss=15.570866 policy_loss=0.727474
[step 00860] VALUE_DEBUG: target(mean=-3.72 std=4.79 min=-20.00 max=5.84) V(s)(mean=-3.16 std=2.95) reward(mean=-1.339 std=4.551) clip=20.0
[step 00870] value_loss=16.856073 policy_loss=0.528596
[step 00870] VALUE_DEBUG: target(mean=-3.50 std=4.87 min=-20.00 max=5.84) V(s)(mean=-3.08 std=3.02) reward(mean=-0.966 std=4.751) clip=20.0
[step 00880] value_loss=9.089327 policy_loss=0.292588
[step 00880] VALUE_DEBUG: target(mean=-3.87 std=3.70 min=-15.98 max=5.95) V(s)(mean=-4.07 std=2.11) reward(mean=-1.203 std=3.383) clip=20.0
[step 00890] value_loss=15.933250 policy_loss=0.684780
[step 00890] VALUE_DEBUG: target(mean=-3.74 std=4.98 min=-17.96 max=5.94) V(s)(mean=-3.37 std=2.92) reward(mean=-1.158 std=4.537) clip=20.0
[step 00900] opnorm clamp applied
[step 00900] value_loss=10.803164 policy_loss=0.681319
[step 00900] VALUE_DEBUG: target(mean=-2.72 std=4.73 min=-20.00 max=6.47) V(s)(mean=-2.79 std=3.06) reward(mean=-0.360 std=4.048) clip=20.0
[step 00900] eval_success_rate=0.080 eval_mean_score=10.040 eval_policy_mode=greedy [solved=4/50, score_range=2.00-16.00/16.0, initial=13.64]
[step 00900] PROGRESS: filled=14.72 violations=2.34 zero_cand=0.06
[step 00900] DEBUG: ep_len=13.0 ep_ret=-10.930 stop_prob=0.000 score_chg=-3.2850
[step 00910] value_loss=12.965638 policy_loss=0.532827
[step 00910] VALUE_DEBUG: target(mean=-3.40 std=4.88 min=-18.04 max=5.88) V(s)(mean=-3.29 std=3.06) reward(mean=-1.116 std=4.489) clip=20.0
[step 00920] value_loss=15.279254 policy_loss=0.183194
[step 00920] VALUE_DEBUG: target(mean=-3.68 std=4.33 min=-16.04 max=5.84) V(s)(mean=-3.55 std=2.85) reward(mean=-0.886 std=4.247) clip=20.0
[step 00930] value_loss=9.920767 policy_loss=0.156892
[step 00930] VALUE_DEBUG: target(mean=-3.39 std=4.20 min=-16.04 max=5.84) V(s)(mean=-3.72 std=2.50) reward(mean=-0.668 std=3.751) clip=20.0
[step 00940] value_loss=14.655579 policy_loss=0.180021
[step 00940] VALUE_DEBUG: target(mean=-2.98 std=4.80 min=-20.00 max=5.84) V(s)(mean=-3.96 std=2.77) reward(mean=-0.490 std=4.324) clip=20.0
[step 00950] value_loss=12.342651 policy_loss=0.388799
[step 00950] VALUE_DEBUG: target(mean=-3.59 std=4.49 min=-16.04 max=5.84) V(s)(mean=-3.20 std=2.93) reward(mean=-1.040 std=4.192) clip=20.0
[step 00950] eval_success_rate=0.080 eval_mean_score=10.080 eval_policy_mode=greedy [solved=4/50, score_range=3.00-16.00/16.0, initial=13.64]
[step 00950] PROGRESS: filled=14.72 violations=2.32 zero_cand=0.04
[step 00950] DEBUG: ep_len=12.8 ep_ret=-12.436 stop_prob=0.000 score_chg=-4.0700
[step 00960] value_loss=21.468147 policy_loss=0.289221
[step 00960] VALUE_DEBUG: target(mean=-4.25 std=5.18 min=-20.00 max=5.84) V(s)(mean=-4.18 std=2.68) reward(mean=-1.381 std=5.428) clip=20.0
[step 00970] value_loss=15.621676 policy_loss=0.191042
[step 00970] VALUE_DEBUG: target(mean=-4.72 std=5.03 min=-18.04 max=5.84) V(s)(mean=-3.85 std=2.97) reward(mean=-1.674 std=4.744) clip=20.0
[step 00980] value_loss=13.687586 policy_loss=0.723721
[step 00980] VALUE_DEBUG: target(mean=-3.29 std=4.86 min=-20.00 max=5.84) V(s)(mean=-3.66 std=3.21) reward(mean=-0.755 std=4.669) clip=20.0
[step 00990] value_loss=16.430449 policy_loss=0.207841
[step 00990] VALUE_DEBUG: target(mean=-4.32 std=4.92 min=-20.00 max=5.84) V(s)(mean=-4.80 std=2.81) reward(mean=-1.082 std=4.815) clip=20.0
[step 01000] opnorm clamp applied
[step 01000] value_loss=11.774410 policy_loss=0.525405
[step 01000] VALUE_DEBUG: target(mean=-3.21 std=4.60 min=-16.06 max=6.31) V(s)(mean=-3.46 std=3.23) reward(mean=-0.669 std=4.112) clip=20.0
[step 01000] eval_success_rate=0.080 eval_mean_score=10.120 eval_policy_mode=greedy [solved=4/50, score_range=2.00-16.00/16.0, initial=13.64]
[step 01000] PROGRESS: filled=14.72 violations=2.30 zero_cand=0.06
[step 01000] DEBUG: ep_len=11.3 ep_ret=-9.458 stop_prob=0.000 score_chg=-2.7800
[Checkpoint] Saved to checkpoints/rl_sudoku-4x4-trivial_seed42/rl_checkpoint_step_1000.pt
[Checkpoint] Saved to checkpoints/rl_sudoku-4x4-trivial_seed42/rl_checkpoint_step_1000.pt
