[2026-01-23T21:13:26.504-08:00] Buck UI: https://www.internalfb.com/buck2/f48792de-b74e-4a27-be43-53e4559aa63c
[2026-01-23T21:13:26.817-08:00] Network: Up: 0B  Down: 0B
BUILD SUCCEEDED - starting your binary
[DATASET] dataset_paths=None (using dummy dataset)
[DATASET] resolved_dataset_name=dummy
[DATASET] num_samples=32
[INFO] Using feasibility-aware Sudoku checker for 4x4
       score = filled - 2.0*violations - 5.0*zeroCand
       Max score: 16 (all filled, no violations)
[INFO] Training for 25000 steps (gamma=0.990, K=1, inner_unroll_n=2)
[INFO] Terminal rewards: solve=1.000, fail=-81.000
/data/repos/fbsource/buck-out/v2/gen/fbcode/7bc20b5dff24e379/buiksat_trm/__upi_trm_train__/upi_trm_train#link-tree/upi_trm_train.py:1155: UserWarning: rl_enable_contraction=True: Applying operator-norm clamping and contraction scaling to z->z path layers. This is REQUIRED for Assumption 3.2 (L_z < 1) but will modify network behavior. Pretrained weights from vanilla TRM may require fine-tuning.
  model = TinyRecursiveReasoningModel_ACTV1(trm_cfg_dict)
[INFO] Using TRM backbone (hidden=64, H=2, L=2)
[DEBUG] Policy head STOP bias: 0.00 (should be 0.0 for uniform init)
[INFO] Puzzle embeddings DISABLED (set --puzzle-emb-ndim > 0 to enable)
============================================================
TRAINER SELECTION
============================================================
/data/repos/fbsource/buck-out/v2/gen/fbcode/7bc20b5dff24e379/buiksat_trm/__upi_trm_train__/upi_trm_train#link-tree/torch/cuda/__init__.py:373: UserWarning: Found GPU0 NVIDIA PG509-210 which is of compute capability (CC) 8.0.
The following list shows the CCs this version of PyTorch was built for and the hardware CCs it supports:
Please follow the instructions at https://pytorch.org/get-started/locally/ to install a PyTorch release that supports one of these CUDA versions: 12.6, 12.8, 13.0
  _warn_unsupported_code(d, device_cc, code_ccs)
INFO:2026-01-23 21:13:32 1794705:1794705 CuptiCallbackApi.cpp:74] Callback: domain = 3, cbid = 1
INFO:2026-01-23 21:13:32 1794705:1794705 CuptiActivityProfiler.cpp:245] CUDA versions. CUPTI: 22; Runtime: 12040; Driver: 12040
INFO:2026-01-23 21:13:32 1794705:1796423 FBConfig.cpp:330] Perfetto builder enabled: 1
INFO:2026-01-23 21:13:32 1794705:1796423 DynoConfigLoader.cpp:61] Setting communication fabric enabled = 0
/data/repos/fbsource/buck-out/v2/gen/fbcode/7bc20b5dff24e379/buiksat_trm/__upi_trm_train__/upi_trm_train#link-tree/rl/upi_trm_trainer.py:93: UserWarning: rl_enable_contraction=True: Applying operator-norm clamping and contraction scaling to z->z path layers. This is REQUIRED for Assumption 3.2 (L_z < 1) but will modify network behavior. Pretrained weights from vanilla TRM may require fine-tuning.
  self.target_model = TinyRecursiveReasoningModel_ACTV1(self._config_to_dict(self.model.config)).to(device)
/data/repos/fbsource/buck-out/v2/gen/fbcode/7bc20b5dff24e379/buiksat_trm/__upi_trm_train__/upi_trm_train#link-tree/rl/upi_trm_trainer.py:103: UserWarning: rl_enable_contraction=True: Applying operator-norm clamping and contraction scaling to z->z path layers. This is REQUIRED for Assumption 3.2 (L_z < 1) but will modify network behavior. Pretrained weights from vanilla TRM may require fine-tuning.
  self.policy_model_candidate = TinyRecursiveReasoningModel_ACTV1(
INFO:2026-01-23 21:13:32 1794705:1796423 DynoConfigLoader.cpp:61] Setting communication fabric enabled = 0
TritonTraceHandler: disabled because /logs does not exist
===========[FB_TRITON]=========== Triton Version: 3.3.2+fb
[TRAINER] UPI-TRM (K=1, inner_n=2)
[TRAINER] CLI --baseline: None, YAML algorithm: upi_trm
============================================================

============================================================
UPI-TRM THEORY ALIGNMENT CHECK
============================================================
⚠ Configuration has theory gaps:
  • exact_baseline_summation=False: Using approximate baseline. This gives O(ε_A/(1-γ)) bound instead of O(α·ε_A) from Theorem 5.9. For discrete action spaces (Sudoku), enable for tighter bounds.
  • theory_exact_mixture=False: Using parameter-space interpolation for CPI, which is NOT equivalent to policy-space mixture. The CPI improvement guarantee does not strictly apply. Set theory_exact_mixture=True for theory-exact behavior (but slower due to evaluating two networks).

Theory status:
  Forward-invariant projection: ✓
  Contraction enforced (L_z < 1): ✓
  Exact baseline (Thm 5.9): ✗
  Distillation (not in theory): ✓ disabled

Is theory-exact: False
============================================================

UPI-TRM theoretical dials:
  L_z target (rl_cfg.target_Lz): 0.9
  L_V target (rl_cfg.target_Lv): 1.0
  Inner unroll n (rl_cfg.inner_unroll_n): 2
  K-step horizon K (rl_cfg.K): 1
  Mixture alpha (rl_cfg.mixture_alpha): 0.1
  Latent ball radius (rl_cfg.latent_ball_radius): 10.0
  Episodic latent: True
  Exact K-step targets: False
  Exact baseline summation: False

[INFO] STOP action mode: disabled
[INFO] Forward-invariant projection enabled (R=10.0)
[WandB] Disabled by default (enable with: --wandb)
[DEBUG] Action mask: 30 valid actions out of 513 total
[DEBUG] Latent mode: episodic
[DEBUG] Step 0 probs: STOP=0.000000, edits=1.000000
[DEBUG] Top 5 action probs: torch.return_types.topk(
values=tensor([0.0496, 0.0448, 0.0447, 0.0446, 0.0377], device='cuda:0',
       grad_fn=<TopkBackward0>),
indices=tensor([85, 73, 74, 93, 90], device='cuda:0'))
[step 00100] opnorm clamp applied
[step 00100] value_loss=0.000134 policy_loss=-0.224467
[step 00100] VALUE_DEBUG: target(mean=0.84 std=0.00 min=0.84 max=0.84) V(s)(mean=0.84 std=0.01) reward(mean=0.840 std=0.000) clip=100.0
[step 00200] opnorm clamp applied
[step 00200] value_loss=0.000019 policy_loss=-0.212484
[step 00200] VALUE_DEBUG: target(mean=0.84 std=0.00 min=0.84 max=0.84) V(s)(mean=0.84 std=0.00) reward(mean=0.840 std=0.000) clip=100.0
[step 00300] opnorm clamp applied
[step 00300] value_loss=0.007115 policy_loss=-0.220583
[step 00300] VALUE_DEBUG: target(mean=0.84 std=0.00 min=0.84 max=0.84) V(s)(mean=0.83 std=0.08) reward(mean=0.840 std=0.000) clip=100.0
[step 00400] opnorm clamp applied
[step 00400] value_loss=0.000094 policy_loss=-0.229775
[step 00400] VALUE_DEBUG: target(mean=0.84 std=0.00 min=0.84 max=0.84) V(s)(mean=0.84 std=0.01) reward(mean=0.840 std=0.000) clip=100.0
[step 00500] opnorm clamp applied
[step 00500] value_loss=0.000930 policy_loss=-0.224301
[step 00500] VALUE_DEBUG: target(mean=0.84 std=0.00 min=0.84 max=0.84) V(s)(mean=0.82 std=0.03) reward(mean=0.840 std=0.000) clip=100.0
[step 00500] eval_success_rate=1.000 eval_mean_score=16.000 eval_policy_mode=greedy [solved=100/100, score_range=16.00-16.00/9.0, initial=16.00]
[step 00500] PROGRESS: filled=16.00 violations=0.00 zero_cand=0.00
[step 00500] DEBUG: ep_len=1.0 ep_ret=0.840 stop_prob=0.001 score_chg=0.0000
[step 00600] opnorm clamp applied
[step 00600] value_loss=0.001015 policy_loss=-0.215133
[step 00600] VALUE_DEBUG: target(mean=0.84 std=0.00 min=0.84 max=0.84) V(s)(mean=0.86 std=0.02) reward(mean=0.840 std=0.000) clip=100.0
[step 00700] opnorm clamp applied
[step 00700] value_loss=0.000150 policy_loss=-0.229087
[step 00700] VALUE_DEBUG: target(mean=0.84 std=0.00 min=0.84 max=0.84) V(s)(mean=0.83 std=0.01) reward(mean=0.840 std=0.000) clip=100.0
[step 00800] opnorm clamp applied
[step 00800] value_loss=0.000672 policy_loss=-0.232905
[step 00800] VALUE_DEBUG: target(mean=0.84 std=0.00 min=0.84 max=0.84) V(s)(mean=0.84 std=0.03) reward(mean=0.840 std=0.000) clip=100.0
[step 00900] opnorm clamp applied
[step 00900] value_loss=0.000095 policy_loss=-0.222253
[step 00900] VALUE_DEBUG: target(mean=0.84 std=0.00 min=0.84 max=0.84) V(s)(mean=0.84 std=0.01) reward(mean=0.840 std=0.000) clip=100.0
[step 01000] opnorm clamp applied
[step 01000] value_loss=0.000164 policy_loss=-0.236992
[step 01000] VALUE_DEBUG: target(mean=0.84 std=0.00 min=0.84 max=0.84) V(s)(mean=0.83 std=0.01) reward(mean=0.840 std=0.000) clip=100.0
[step 01000] eval_success_rate=1.000 eval_mean_score=16.000 eval_policy_mode=greedy [solved=100/100, score_range=16.00-16.00/9.0, initial=16.00]
[step 01000] PROGRESS: filled=16.00 violations=0.00 zero_cand=0.00
[step 01000] DEBUG: ep_len=1.0 ep_ret=0.840 stop_prob=0.001 score_chg=0.0000
[Checkpoint] Saved to /home/buiksat/trm_bellman/results/sudoku9x9/upi_trm_9x9_seed4/rl_checkpoint_step_1000.pt
[step 01100] opnorm clamp applied
[step 01100] value_loss=0.000180 policy_loss=-0.242189
[step 01100] VALUE_DEBUG: target(mean=0.84 std=0.00 min=0.84 max=0.84) V(s)(mean=0.84 std=0.01) reward(mean=0.840 std=0.000) clip=100.0
[step 01200] opnorm clamp applied
[step 01200] value_loss=0.000296 policy_loss=-0.213221
[step 01200] VALUE_DEBUG: target(mean=0.84 std=0.00 min=0.84 max=0.84) V(s)(mean=0.85 std=0.01) reward(mean=0.840 std=0.000) clip=100.0
[step 01300] opnorm clamp applied
[step 01300] value_loss=0.000052 policy_loss=-0.234869
[step 01300] VALUE_DEBUG: target(mean=0.84 std=0.00 min=0.84 max=0.84) V(s)(mean=0.83 std=0.00) reward(mean=0.840 std=0.000) clip=100.0
[step 01400] opnorm clamp applied
[step 01400] value_loss=0.000055 policy_loss=-0.223842
[step 01400] VALUE_DEBUG: target(mean=0.84 std=0.00 min=0.84 max=0.84) V(s)(mean=0.84 std=0.01) reward(mean=0.840 std=0.000) clip=100.0
[step 01500] opnorm clamp applied
[step 01500] value_loss=0.000083 policy_loss=-0.218278
[step 01500] VALUE_DEBUG: target(mean=0.84 std=0.00 min=0.84 max=0.84) V(s)(mean=0.84 std=0.01) reward(mean=0.840 std=0.000) clip=100.0
[step 01500] eval_success_rate=1.000 eval_mean_score=16.000 eval_policy_mode=greedy [solved=100/100, score_range=16.00-16.00/9.0, initial=16.00]
[step 01500] PROGRESS: filled=16.00 violations=0.00 zero_cand=0.00
[step 01500] DEBUG: ep_len=1.0 ep_ret=0.840 stop_prob=0.001 score_chg=0.0000
[step 01600] opnorm clamp applied
[step 01600] value_loss=0.000006 policy_loss=-0.211306
[step 01600] VALUE_DEBUG: target(mean=0.84 std=0.00 min=0.84 max=0.84) V(s)(mean=0.84 std=0.00) reward(mean=0.840 std=0.000) clip=100.0
[step 01700] opnorm clamp applied
[step 01700] value_loss=0.000164 policy_loss=-0.220014
[step 01700] VALUE_DEBUG: target(mean=0.84 std=0.00 min=0.84 max=0.84) V(s)(mean=0.83 std=0.01) reward(mean=0.840 std=0.000) clip=100.0
[step 01800] opnorm clamp applied
[step 01800] value_loss=0.000433 policy_loss=-0.217729
[step 01800] VALUE_DEBUG: target(mean=0.84 std=0.00 min=0.84 max=0.84) V(s)(mean=0.83 std=0.02) reward(mean=0.840 std=0.000) clip=100.0
[step 01900] opnorm clamp applied
[step 01900] value_loss=0.000070 policy_loss=-0.223746
[step 01900] VALUE_DEBUG: target(mean=0.84 std=0.00 min=0.84 max=0.84) V(s)(mean=0.84 std=0.01) reward(mean=0.840 std=0.000) clip=100.0
[step 02000] opnorm clamp applied
[step 02000] value_loss=0.000519 policy_loss=-0.216130
[step 02000] VALUE_DEBUG: target(mean=0.84 std=0.00 min=0.84 max=0.84) V(s)(mean=0.85 std=0.02) reward(mean=0.840 std=0.000) clip=100.0
[step 02000] eval_success_rate=1.000 eval_mean_score=16.000 eval_policy_mode=greedy [solved=100/100, score_range=16.00-16.00/9.0, initial=16.00]
[step 02000] PROGRESS: filled=16.00 violations=0.00 zero_cand=0.00
[step 02000] DEBUG: ep_len=1.0 ep_ret=0.840 stop_prob=0.001 score_chg=0.0000
[Checkpoint] Saved to /home/buiksat/trm_bellman/results/sudoku9x9/upi_trm_9x9_seed4/rl_checkpoint_step_2000.pt
[step 02100] opnorm clamp applied
[step 02100] value_loss=0.000152 policy_loss=-0.221045
[step 02100] VALUE_DEBUG: target(mean=0.84 std=0.00 min=0.84 max=0.84) V(s)(mean=0.83 std=0.01) reward(mean=0.840 std=0.000) clip=100.0
[step 02200] opnorm clamp applied
[step 02200] value_loss=0.000105 policy_loss=-0.238261
[step 02200] VALUE_DEBUG: target(mean=0.84 std=0.00 min=0.84 max=0.84) V(s)(mean=0.83 std=0.00) reward(mean=0.840 std=0.000) clip=100.0
[step 02300] opnorm clamp applied
[step 02300] value_loss=0.000006 policy_loss=-0.221365
[step 02300] VALUE_DEBUG: target(mean=0.84 std=0.00 min=0.84 max=0.84) V(s)(mean=0.84 std=0.00) reward(mean=0.840 std=0.000) clip=100.0
[step 02400] opnorm clamp applied
[step 02400] value_loss=0.000007 policy_loss=-0.219921
[step 02400] VALUE_DEBUG: target(mean=0.84 std=0.00 min=0.84 max=0.84) V(s)(mean=0.84 std=0.00) reward(mean=0.840 std=0.000) clip=100.0
[step 02500] opnorm clamp applied
[step 02500] value_loss=0.000022 policy_loss=-0.229101
[step 02500] VALUE_DEBUG: target(mean=0.84 std=0.00 min=0.84 max=0.84) V(s)(mean=0.84 std=0.00) reward(mean=0.840 std=0.000) clip=100.0
[step 02500] eval_success_rate=1.000 eval_mean_score=16.000 eval_policy_mode=greedy [solved=100/100, score_range=16.00-16.00/9.0, initial=16.00]
[step 02500] PROGRESS: filled=16.00 violations=0.00 zero_cand=0.00
[step 02500] DEBUG: ep_len=1.0 ep_ret=0.840 stop_prob=0.001 score_chg=0.0000
[step 02600] opnorm clamp applied
[step 02600] value_loss=0.000059 policy_loss=-0.231842
[step 02600] VALUE_DEBUG: target(mean=0.84 std=0.00 min=0.84 max=0.84) V(s)(mean=0.84 std=0.01) reward(mean=0.840 std=0.000) clip=100.0
[step 02700] opnorm clamp applied
[step 02700] value_loss=0.000216 policy_loss=-0.233642
[step 02700] VALUE_DEBUG: target(mean=0.84 std=0.00 min=0.84 max=0.84) V(s)(mean=0.84 std=0.01) reward(mean=0.840 std=0.000) clip=100.0
[step 02800] opnorm clamp applied
[step 02800] value_loss=0.000105 policy_loss=-0.232995
[step 02800] VALUE_DEBUG: target(mean=0.84 std=0.00 min=0.84 max=0.84) V(s)(mean=0.84 std=0.01) reward(mean=0.840 std=0.000) clip=100.0
[step 02900] opnorm clamp applied
[step 02900] value_loss=0.000071 policy_loss=-0.225486
[step 02900] VALUE_DEBUG: target(mean=0.84 std=0.00 min=0.84 max=0.84) V(s)(mean=0.83 std=0.01) reward(mean=0.840 std=0.000) clip=100.0
[step 03000] opnorm clamp applied
[step 03000] value_loss=0.000032 policy_loss=-0.235282
[step 03000] VALUE_DEBUG: target(mean=0.84 std=0.00 min=0.84 max=0.84) V(s)(mean=0.84 std=0.00) reward(mean=0.840 std=0.000) clip=100.0
[step 03000] eval_success_rate=1.000 eval_mean_score=16.000 eval_policy_mode=greedy [solved=100/100, score_range=16.00-16.00/9.0, initial=16.00]
[step 03000] PROGRESS: filled=16.00 violations=0.00 zero_cand=0.00
[step 03000] DEBUG: ep_len=1.0 ep_ret=0.840 stop_prob=0.001 score_chg=0.0000
[Checkpoint] Saved to /home/buiksat/trm_bellman/results/sudoku9x9/upi_trm_9x9_seed4/rl_checkpoint_step_3000.pt
[step 03100] opnorm clamp applied
[step 03100] value_loss=0.000011 policy_loss=-0.223677
[step 03100] VALUE_DEBUG: target(mean=0.84 std=0.00 min=0.84 max=0.84) V(s)(mean=0.84 std=0.00) reward(mean=0.840 std=0.000) clip=100.0
[step 03200] opnorm clamp applied
[step 03200] value_loss=0.000033 policy_loss=-0.218515
[step 03200] VALUE_DEBUG: target(mean=0.84 std=0.00 min=0.84 max=0.84) V(s)(mean=0.84 std=0.00) reward(mean=0.840 std=0.000) clip=100.0
[step 03300] opnorm clamp applied
[step 03300] value_loss=0.000029 policy_loss=-0.225464
[step 03300] VALUE_DEBUG: target(mean=0.84 std=0.00 min=0.84 max=0.84) V(s)(mean=0.84 std=0.01) reward(mean=0.840 std=0.000) clip=100.0
[step 03400] opnorm clamp applied
[step 03400] value_loss=0.000056 policy_loss=-0.222244
[step 03400] VALUE_DEBUG: target(mean=0.84 std=0.00 min=0.84 max=0.84) V(s)(mean=0.85 std=0.01) reward(mean=0.840 std=0.000) clip=100.0
[step 03500] opnorm clamp applied
[step 03500] value_loss=0.000051 policy_loss=-0.232016
[step 03500] VALUE_DEBUG: target(mean=0.84 std=0.00 min=0.84 max=0.84) V(s)(mean=0.84 std=0.01) reward(mean=0.840 std=0.000) clip=100.0
[step 03500] eval_success_rate=1.000 eval_mean_score=16.000 eval_policy_mode=greedy [solved=100/100, score_range=16.00-16.00/9.0, initial=16.00]
[step 03500] PROGRESS: filled=16.00 violations=0.00 zero_cand=0.00
[step 03500] DEBUG: ep_len=1.0 ep_ret=0.840 stop_prob=0.001 score_chg=0.0000
[step 03600] opnorm clamp applied
[step 03600] value_loss=0.000006 policy_loss=-0.236462
[step 03600] VALUE_DEBUG: target(mean=0.84 std=0.00 min=0.84 max=0.84) V(s)(mean=0.84 std=0.00) reward(mean=0.840 std=0.000) clip=100.0
[step 03700] opnorm clamp applied
[step 03700] value_loss=0.000034 policy_loss=-0.232018
[step 03700] VALUE_DEBUG: target(mean=0.84 std=0.00 min=0.84 max=0.84) V(s)(mean=0.84 std=0.00) reward(mean=0.840 std=0.000) clip=100.0
[step 03800] opnorm clamp applied
[step 03800] value_loss=0.000065 policy_loss=-0.231149
[step 03800] VALUE_DEBUG: target(mean=0.84 std=0.00 min=0.84 max=0.84) V(s)(mean=0.84 std=0.01) reward(mean=0.840 std=0.000) clip=100.0
[step 03900] opnorm clamp applied
[step 03900] value_loss=0.000020 policy_loss=-0.241280
[step 03900] VALUE_DEBUG: target(mean=0.84 std=0.00 min=0.84 max=0.84) V(s)(mean=0.84 std=0.00) reward(mean=0.840 std=0.000) clip=100.0
[step 04000] opnorm clamp applied
[step 04000] value_loss=0.000051 policy_loss=-0.224826
[step 04000] VALUE_DEBUG: target(mean=0.84 std=0.00 min=0.84 max=0.84) V(s)(mean=0.84 std=0.01) reward(mean=0.840 std=0.000) clip=100.0
[step 04000] eval_success_rate=1.000 eval_mean_score=16.000 eval_policy_mode=greedy [solved=100/100, score_range=16.00-16.00/9.0, initial=16.00]
[step 04000] PROGRESS: filled=16.00 violations=0.00 zero_cand=0.00
[step 04000] DEBUG: ep_len=1.0 ep_ret=0.840 stop_prob=0.001 score_chg=0.0000
[Checkpoint] Saved to /home/buiksat/trm_bellman/results/sudoku9x9/upi_trm_9x9_seed4/rl_checkpoint_step_4000.pt
[step 04100] opnorm clamp applied
[step 04100] value_loss=0.000036 policy_loss=-0.237344
[step 04100] VALUE_DEBUG: target(mean=0.84 std=0.00 min=0.84 max=0.84) V(s)(mean=0.84 std=0.00) reward(mean=0.840 std=0.000) clip=100.0
[step 04200] opnorm clamp applied
[step 04200] value_loss=0.000383 policy_loss=-0.223979
[step 04200] VALUE_DEBUG: target(mean=0.84 std=0.00 min=0.84 max=0.84) V(s)(mean=0.84 std=0.02) reward(mean=0.840 std=0.000) clip=100.0
[step 04300] opnorm clamp applied
[step 04300] value_loss=0.000028 policy_loss=-0.233354
[step 04300] VALUE_DEBUG: target(mean=0.84 std=0.00 min=0.84 max=0.84) V(s)(mean=0.84 std=0.00) reward(mean=0.840 std=0.000) clip=100.0
[step 04400] opnorm clamp applied
[step 04400] value_loss=0.000005 policy_loss=-0.227429
[step 04400] VALUE_DEBUG: target(mean=0.84 std=0.00 min=0.84 max=0.84) V(s)(mean=0.84 std=0.00) reward(mean=0.840 std=0.000) clip=100.0
[step 04500] opnorm clamp applied
[step 04500] value_loss=0.000040 policy_loss=-0.220123
[step 04500] VALUE_DEBUG: target(mean=0.84 std=0.00 min=0.84 max=0.84) V(s)(mean=0.84 std=0.01) reward(mean=0.840 std=0.000) clip=100.0
[step 04500] eval_success_rate=1.000 eval_mean_score=16.000 eval_policy_mode=greedy [solved=100/100, score_range=16.00-16.00/9.0, initial=16.00]
[step 04500] PROGRESS: filled=16.00 violations=0.00 zero_cand=0.00
[step 04500] DEBUG: ep_len=1.0 ep_ret=0.840 stop_prob=0.001 score_chg=0.0000
[step 04600] opnorm clamp applied
[step 04600] value_loss=0.000054 policy_loss=-0.245505
[step 04600] VALUE_DEBUG: target(mean=0.84 std=0.00 min=0.84 max=0.84) V(s)(mean=0.84 std=0.01) reward(mean=0.840 std=0.000) clip=100.0
[step 04700] opnorm clamp applied
[step 04700] value_loss=0.000018 policy_loss=-0.206178
[step 04700] VALUE_DEBUG: target(mean=0.84 std=0.00 min=0.84 max=0.84) V(s)(mean=0.84 std=0.00) reward(mean=0.840 std=0.000) clip=100.0
[step 04800] opnorm clamp applied
[step 04800] value_loss=0.000030 policy_loss=-0.215274
[step 04800] VALUE_DEBUG: target(mean=0.84 std=0.00 min=0.84 max=0.84) V(s)(mean=0.84 std=0.00) reward(mean=0.840 std=0.000) clip=100.0
[step 04900] opnorm clamp applied
[step 04900] value_loss=0.000019 policy_loss=-0.222046
[step 04900] VALUE_DEBUG: target(mean=0.84 std=0.00 min=0.84 max=0.84) V(s)(mean=0.84 std=0.00) reward(mean=0.840 std=0.000) clip=100.0
[step 05000] opnorm clamp applied
[step 05000] value_loss=0.000110 policy_loss=-0.230785
[step 05000] VALUE_DEBUG: target(mean=0.84 std=0.00 min=0.84 max=0.84) V(s)(mean=0.83 std=0.01) reward(mean=0.840 std=0.000) clip=100.0
[step 05000] eval_success_rate=1.000 eval_mean_score=16.000 eval_policy_mode=greedy [solved=100/100, score_range=16.00-16.00/9.0, initial=16.00]
[step 05000] PROGRESS: filled=16.00 violations=0.00 zero_cand=0.00
[step 05000] DEBUG: ep_len=1.0 ep_ret=0.840 stop_prob=0.001 score_chg=0.0000
[Checkpoint] Saved to /home/buiksat/trm_bellman/results/sudoku9x9/upi_trm_9x9_seed4/rl_checkpoint_step_5000.pt
[step 05100] opnorm clamp applied
[step 05100] value_loss=0.000030 policy_loss=-0.219094
[step 05100] VALUE_DEBUG: target(mean=0.84 std=0.00 min=0.84 max=0.84) V(s)(mean=0.84 std=0.00) reward(mean=0.840 std=0.000) clip=100.0
[step 05200] opnorm clamp applied
[step 05200] value_loss=0.000021 policy_loss=-0.217350
[step 05200] VALUE_DEBUG: target(mean=0.84 std=0.00 min=0.84 max=0.84) V(s)(mean=0.84 std=0.00) reward(mean=0.840 std=0.000) clip=100.0
[step 05300] opnorm clamp applied
[step 05300] value_loss=0.000016 policy_loss=-0.223650
[step 05300] VALUE_DEBUG: target(mean=0.84 std=0.00 min=0.84 max=0.84) V(s)(mean=0.84 std=0.00) reward(mean=0.840 std=0.000) clip=100.0
[step 05400] opnorm clamp applied
[step 05400] value_loss=0.000007 policy_loss=-0.220268
[step 05400] VALUE_DEBUG: target(mean=0.84 std=0.00 min=0.84 max=0.84) V(s)(mean=0.84 std=0.00) reward(mean=0.840 std=0.000) clip=100.0
[step 05500] opnorm clamp applied
[step 05500] value_loss=0.000019 policy_loss=-0.233868
[step 05500] VALUE_DEBUG: target(mean=0.84 std=0.00 min=0.84 max=0.84) V(s)(mean=0.84 std=0.00) reward(mean=0.840 std=0.000) clip=100.0
[step 05500] eval_success_rate=1.000 eval_mean_score=16.000 eval_policy_mode=greedy [solved=100/100, score_range=16.00-16.00/9.0, initial=16.00]
[step 05500] PROGRESS: filled=16.00 violations=0.00 zero_cand=0.00
[step 05500] DEBUG: ep_len=1.0 ep_ret=0.840 stop_prob=0.001 score_chg=0.0000
[step 05600] opnorm clamp applied
[step 05600] value_loss=0.000021 policy_loss=-0.222603
[step 05600] VALUE_DEBUG: target(mean=0.84 std=0.00 min=0.84 max=0.84) V(s)(mean=0.84 std=0.00) reward(mean=0.840 std=0.000) clip=100.0
[step 05700] opnorm clamp applied
[step 05700] value_loss=0.000024 policy_loss=-0.224747
[step 05700] VALUE_DEBUG: target(mean=0.84 std=0.00 min=0.84 max=0.84) V(s)(mean=0.84 std=0.00) reward(mean=0.840 std=0.000) clip=100.0
[step 05800] opnorm clamp applied
[step 05800] value_loss=0.000225 policy_loss=-0.246069
[step 05800] VALUE_DEBUG: target(mean=0.84 std=0.01 min=0.74 max=0.84) V(s)(mean=0.83 std=0.01) reward(mean=0.838 std=0.012) clip=100.0
[step 05900] opnorm clamp applied
[step 05900] value_loss=0.000013 policy_loss=-0.223739
[step 05900] VALUE_DEBUG: target(mean=0.84 std=0.00 min=0.84 max=0.84) V(s)(mean=0.84 std=0.00) reward(mean=0.840 std=0.000) clip=100.0
[step 06000] opnorm clamp applied
[step 06000] value_loss=0.000010 policy_loss=-0.232847
[step 06000] VALUE_DEBUG: target(mean=0.84 std=0.00 min=0.84 max=0.84) V(s)(mean=0.84 std=0.00) reward(mean=0.840 std=0.000) clip=100.0
[step 06000] eval_success_rate=1.000 eval_mean_score=16.000 eval_policy_mode=greedy [solved=100/100, score_range=16.00-16.00/9.0, initial=16.00]
[step 06000] PROGRESS: filled=16.00 violations=0.00 zero_cand=0.00
[step 06000] DEBUG: ep_len=1.0 ep_ret=0.840 stop_prob=0.001 score_chg=0.0000
[Checkpoint] Saved to /home/buiksat/trm_bellman/results/sudoku9x9/upi_trm_9x9_seed4/rl_checkpoint_step_6000.pt
[step 06100] opnorm clamp applied
[step 06100] value_loss=0.000015 policy_loss=-0.242110
[step 06100] VALUE_DEBUG: target(mean=0.84 std=0.00 min=0.84 max=0.84) V(s)(mean=0.84 std=0.00) reward(mean=0.840 std=0.000) clip=100.0
[step 06200] opnorm clamp applied
[step 06200] value_loss=0.000010 policy_loss=-0.229941
[step 06200] VALUE_DEBUG: target(mean=0.84 std=0.00 min=0.84 max=0.84) V(s)(mean=0.84 std=0.00) reward(mean=0.840 std=0.000) clip=100.0
[step 06300] opnorm clamp applied
[step 06300] value_loss=0.000164 policy_loss=-0.238272
[step 06300] VALUE_DEBUG: target(mean=0.84 std=0.00 min=0.84 max=0.84) V(s)(mean=0.85 std=0.01) reward(mean=0.840 std=0.000) clip=100.0
[step 06400] opnorm clamp applied
[step 06400] value_loss=0.000027 policy_loss=-0.223202
[step 06400] VALUE_DEBUG: target(mean=0.84 std=0.00 min=0.84 max=0.84) V(s)(mean=0.84 std=0.00) reward(mean=0.840 std=0.000) clip=100.0
[step 06500] opnorm clamp applied
[step 06500] value_loss=0.000025 policy_loss=-0.227453
[step 06500] VALUE_DEBUG: target(mean=0.84 std=0.00 min=0.84 max=0.84) V(s)(mean=0.84 std=0.00) reward(mean=0.840 std=0.000) clip=100.0
[step 06500] eval_success_rate=1.000 eval_mean_score=16.000 eval_policy_mode=greedy [solved=100/100, score_range=16.00-16.00/9.0, initial=16.00]
[step 06500] PROGRESS: filled=16.00 violations=0.00 zero_cand=0.00
[step 06500] DEBUG: ep_len=1.0 ep_ret=0.840 stop_prob=0.001 score_chg=0.0000
[step 06600] opnorm clamp applied
[step 06600] value_loss=0.000028 policy_loss=-0.235007
[step 06600] VALUE_DEBUG: target(mean=0.84 std=0.00 min=0.84 max=0.84) V(s)(mean=0.84 std=0.00) reward(mean=0.840 std=0.000) clip=100.0
[step 06700] opnorm clamp applied
[step 06700] value_loss=0.000030 policy_loss=-0.217459
[step 06700] VALUE_DEBUG: target(mean=0.84 std=0.00 min=0.84 max=0.84) V(s)(mean=0.84 std=0.00) reward(mean=0.840 std=0.000) clip=100.0
[step 06800] opnorm clamp applied
[step 06800] value_loss=0.000012 policy_loss=-0.253622
[step 06800] VALUE_DEBUG: target(mean=0.84 std=0.00 min=0.84 max=0.84) V(s)(mean=0.84 std=0.00) reward(mean=0.840 std=0.000) clip=100.0
[step 06900] opnorm clamp applied
[step 06900] value_loss=0.000026 policy_loss=-0.225159
[step 06900] VALUE_DEBUG: target(mean=0.84 std=0.00 min=0.84 max=0.84) V(s)(mean=0.84 std=0.00) reward(mean=0.840 std=0.000) clip=100.0
[step 07000] opnorm clamp applied
[step 07000] value_loss=0.000157 policy_loss=-0.222960
[step 07000] VALUE_DEBUG: target(mean=0.84 std=0.01 min=0.74 max=0.84) V(s)(mean=0.84 std=0.00) reward(mean=0.838 std=0.012) clip=100.0
[step 07000] eval_success_rate=1.000 eval_mean_score=16.000 eval_policy_mode=greedy [solved=100/100, score_range=16.00-16.00/9.0, initial=16.00]
[step 07000] PROGRESS: filled=16.00 violations=0.00 zero_cand=0.00
[step 07000] DEBUG: ep_len=1.0 ep_ret=0.840 stop_prob=0.001 score_chg=0.0000
[Checkpoint] Saved to /home/buiksat/trm_bellman/results/sudoku9x9/upi_trm_9x9_seed4/rl_checkpoint_step_7000.pt
[step 07100] opnorm clamp applied
[step 07100] value_loss=0.000049 policy_loss=-0.239776
[step 07100] VALUE_DEBUG: target(mean=0.84 std=0.00 min=0.84 max=0.84) V(s)(mean=0.85 std=0.00) reward(mean=0.840 std=0.000) clip=100.0
[step 07200] opnorm clamp applied
[step 07200] value_loss=0.000035 policy_loss=-0.234773
[step 07200] VALUE_DEBUG: target(mean=0.84 std=0.00 min=0.84 max=0.84) V(s)(mean=0.84 std=0.01) reward(mean=0.840 std=0.000) clip=100.0
[step 07300] opnorm clamp applied
[step 07300] value_loss=0.000001 policy_loss=-0.222997
[step 07300] VALUE_DEBUG: target(mean=0.84 std=0.00 min=0.84 max=0.84) V(s)(mean=0.84 std=0.00) reward(mean=0.840 std=0.000) clip=100.0
[step 07400] opnorm clamp applied
[step 07400] value_loss=0.000023 policy_loss=-0.231819
[step 07400] VALUE_DEBUG: target(mean=0.84 std=0.00 min=0.84 max=0.84) V(s)(mean=0.84 std=0.00) reward(mean=0.840 std=0.000) clip=100.0
[step 07500] opnorm clamp applied
[step 07500] value_loss=0.000004 policy_loss=-0.227850
[step 07500] VALUE_DEBUG: target(mean=0.84 std=0.00 min=0.84 max=0.84) V(s)(mean=0.84 std=0.00) reward(mean=0.840 std=0.000) clip=100.0
[step 07500] eval_success_rate=1.000 eval_mean_score=16.000 eval_policy_mode=greedy [solved=100/100, score_range=16.00-16.00/9.0, initial=16.00]
[step 07500] PROGRESS: filled=16.00 violations=0.00 zero_cand=0.00
[step 07500] DEBUG: ep_len=1.0 ep_ret=0.840 stop_prob=0.001 score_chg=0.0000
[step 07600] opnorm clamp applied
[step 07600] value_loss=0.000015 policy_loss=-0.212848
[step 07600] VALUE_DEBUG: target(mean=0.84 std=0.00 min=0.84 max=0.84) V(s)(mean=0.84 std=0.00) reward(mean=0.840 std=0.000) clip=100.0
[step 07700] opnorm clamp applied
[step 07700] value_loss=0.000003 policy_loss=-0.235070
[step 07700] VALUE_DEBUG: target(mean=0.84 std=0.00 min=0.84 max=0.84) V(s)(mean=0.84 std=0.00) reward(mean=0.840 std=0.000) clip=100.0
[step 07800] opnorm clamp applied
[step 07800] value_loss=0.000006 policy_loss=-0.244448
[step 07800] VALUE_DEBUG: target(mean=0.84 std=0.00 min=0.84 max=0.84) V(s)(mean=0.84 std=0.00) reward(mean=0.840 std=0.000) clip=100.0
[step 07900] opnorm clamp applied
[step 07900] value_loss=0.000052 policy_loss=-0.231165
[step 07900] VALUE_DEBUG: target(mean=0.84 std=0.00 min=0.84 max=0.84) V(s)(mean=0.84 std=0.01) reward(mean=0.840 std=0.000) clip=100.0
[step 08000] opnorm clamp applied
[step 08000] value_loss=0.000028 policy_loss=-0.229126
[step 08000] VALUE_DEBUG: target(mean=0.84 std=0.00 min=0.84 max=0.84) V(s)(mean=0.84 std=0.00) reward(mean=0.840 std=0.000) clip=100.0
[step 08000] eval_success_rate=1.000 eval_mean_score=16.000 eval_policy_mode=greedy [solved=100/100, score_range=16.00-16.00/9.0, initial=16.00]
[step 08000] PROGRESS: filled=16.00 violations=0.00 zero_cand=0.00
[step 08000] DEBUG: ep_len=1.0 ep_ret=0.840 stop_prob=0.001 score_chg=0.0000
[Checkpoint] Saved to /home/buiksat/trm_bellman/results/sudoku9x9/upi_trm_9x9_seed4/rl_checkpoint_step_8000.pt
[step 08100] opnorm clamp applied
[step 08100] value_loss=0.000001 policy_loss=-0.225718
[step 08100] VALUE_DEBUG: target(mean=0.84 std=0.00 min=0.84 max=0.84) V(s)(mean=0.84 std=0.00) reward(mean=0.840 std=0.000) clip=100.0
[step 08200] opnorm clamp applied
[step 08200] value_loss=0.000003 policy_loss=-0.225667
[step 08200] VALUE_DEBUG: target(mean=0.84 std=0.00 min=0.84 max=0.84) V(s)(mean=0.84 std=0.00) reward(mean=0.840 std=0.000) clip=100.0
[step 08300] opnorm clamp applied
[step 08300] value_loss=0.000004 policy_loss=-0.229938
[step 08300] VALUE_DEBUG: target(mean=0.84 std=0.00 min=0.84 max=0.84) V(s)(mean=0.84 std=0.00) reward(mean=0.840 std=0.000) clip=100.0
[step 08400] opnorm clamp applied
[step 08400] value_loss=0.000007 policy_loss=-0.225909
[step 08400] VALUE_DEBUG: target(mean=0.84 std=0.00 min=0.84 max=0.84) V(s)(mean=0.84 std=0.00) reward(mean=0.840 std=0.000) clip=100.0
[step 08500] opnorm clamp applied
[step 08500] value_loss=0.000025 policy_loss=-0.223501
[step 08500] VALUE_DEBUG: target(mean=0.84 std=0.00 min=0.84 max=0.84) V(s)(mean=0.84 std=0.00) reward(mean=0.840 std=0.000) clip=100.0
[step 08500] eval_success_rate=1.000 eval_mean_score=16.000 eval_policy_mode=greedy [solved=100/100, score_range=16.00-16.00/9.0, initial=16.00]
[step 08500] PROGRESS: filled=16.00 violations=0.00 zero_cand=0.00
[step 08500] DEBUG: ep_len=1.0 ep_ret=0.840 stop_prob=0.001 score_chg=0.0000
[step 08600] opnorm clamp applied
[step 08600] value_loss=0.000017 policy_loss=-0.227924
[step 08600] VALUE_DEBUG: target(mean=0.84 std=0.00 min=0.84 max=0.84) V(s)(mean=0.84 std=0.00) reward(mean=0.840 std=0.000) clip=100.0
[step 08700] opnorm clamp applied
[step 08700] value_loss=0.000002 policy_loss=-0.220453
[step 08700] VALUE_DEBUG: target(mean=0.84 std=0.00 min=0.84 max=0.84) V(s)(mean=0.84 std=0.00) reward(mean=0.840 std=0.000) clip=100.0
[step 08800] opnorm clamp applied
[step 08800] value_loss=0.000016 policy_loss=-0.235768
[step 08800] VALUE_DEBUG: target(mean=0.84 std=0.00 min=0.84 max=0.84) V(s)(mean=0.84 std=0.00) reward(mean=0.840 std=0.000) clip=100.0
[step 08900] opnorm clamp applied
[step 08900] value_loss=0.000031 policy_loss=-0.235294
[step 08900] VALUE_DEBUG: target(mean=0.84 std=0.00 min=0.84 max=0.84) V(s)(mean=0.84 std=0.00) reward(mean=0.840 std=0.000) clip=100.0
[step 09000] opnorm clamp applied
[step 09000] value_loss=0.000014 policy_loss=-0.226204
[step 09000] VALUE_DEBUG: target(mean=0.84 std=0.00 min=0.84 max=0.84) V(s)(mean=0.84 std=0.00) reward(mean=0.840 std=0.000) clip=100.0
[step 09000] eval_success_rate=1.000 eval_mean_score=16.000 eval_policy_mode=greedy [solved=100/100, score_range=16.00-16.00/9.0, initial=16.00]
[step 09000] PROGRESS: filled=16.00 violations=0.00 zero_cand=0.00
[step 09000] DEBUG: ep_len=1.0 ep_ret=0.840 stop_prob=0.001 score_chg=0.0000
[Checkpoint] Saved to /home/buiksat/trm_bellman/results/sudoku9x9/upi_trm_9x9_seed4/rl_checkpoint_step_9000.pt
[step 09100] opnorm clamp applied
[step 09100] value_loss=0.000006 policy_loss=-0.242487
[step 09100] VALUE_DEBUG: target(mean=0.84 std=0.00 min=0.84 max=0.84) V(s)(mean=0.84 std=0.00) reward(mean=0.840 std=0.000) clip=100.0
[step 09200] opnorm clamp applied
[step 09200] value_loss=0.000201 policy_loss=-0.223975
[step 09200] VALUE_DEBUG: target(mean=0.84 std=0.01 min=0.74 max=0.84) V(s)(mean=0.84 std=0.00) reward(mean=0.838 std=0.012) clip=100.0
[step 09300] opnorm clamp applied
[step 09300] value_loss=0.000012 policy_loss=-0.226320
[step 09300] VALUE_DEBUG: target(mean=0.84 std=0.00 min=0.84 max=0.84) V(s)(mean=0.84 std=0.00) reward(mean=0.840 std=0.000) clip=100.0
[step 09400] opnorm clamp applied
[step 09400] value_loss=0.000004 policy_loss=-0.234556
[step 09400] VALUE_DEBUG: target(mean=0.84 std=0.00 min=0.84 max=0.84) V(s)(mean=0.84 std=0.00) reward(mean=0.840 std=0.000) clip=100.0
[step 09500] opnorm clamp applied
[step 09500] value_loss=0.000005 policy_loss=-0.222379
[step 09500] VALUE_DEBUG: target(mean=0.84 std=0.00 min=0.84 max=0.84) V(s)(mean=0.84 std=0.00) reward(mean=0.840 std=0.000) clip=100.0
[step 09500] eval_success_rate=1.000 eval_mean_score=16.000 eval_policy_mode=greedy [solved=100/100, score_range=16.00-16.00/9.0, initial=16.00]
[step 09500] PROGRESS: filled=16.00 violations=0.00 zero_cand=0.00
[step 09500] DEBUG: ep_len=1.0 ep_ret=0.840 stop_prob=0.001 score_chg=0.0000
[step 09600] opnorm clamp applied
[step 09600] value_loss=0.000006 policy_loss=-0.217179
[step 09600] VALUE_DEBUG: target(mean=0.84 std=0.00 min=0.84 max=0.84) V(s)(mean=0.84 std=0.00) reward(mean=0.840 std=0.000) clip=100.0
[step 09700] opnorm clamp applied
[step 09700] value_loss=0.000012 policy_loss=-0.235863
[step 09700] VALUE_DEBUG: target(mean=0.84 std=0.00 min=0.84 max=0.84) V(s)(mean=0.84 std=0.00) reward(mean=0.840 std=0.000) clip=100.0
[step 09800] opnorm clamp applied
[step 09800] value_loss=0.000001 policy_loss=-0.219615
[step 09800] VALUE_DEBUG: target(mean=0.84 std=0.00 min=0.84 max=0.84) V(s)(mean=0.84 std=0.00) reward(mean=0.840 std=0.000) clip=100.0
[step 09900] opnorm clamp applied
[step 09900] value_loss=0.000001 policy_loss=-0.222189
[step 09900] VALUE_DEBUG: target(mean=0.84 std=0.00 min=0.84 max=0.84) V(s)(mean=0.84 std=0.00) reward(mean=0.840 std=0.000) clip=100.0
[step 10000] opnorm clamp applied
[step 10000] value_loss=0.000017 policy_loss=-0.231458
[step 10000] VALUE_DEBUG: target(mean=0.84 std=0.00 min=0.84 max=0.84) V(s)(mean=0.84 std=0.00) reward(mean=0.840 std=0.000) clip=100.0
[step 10000] eval_success_rate=1.000 eval_mean_score=16.000 eval_policy_mode=greedy [solved=100/100, score_range=16.00-16.00/9.0, initial=16.00]
[step 10000] PROGRESS: filled=16.00 violations=0.00 zero_cand=0.00
[step 10000] DEBUG: ep_len=1.0 ep_ret=0.840 stop_prob=0.001 score_chg=0.0000
[Checkpoint] Saved to /home/buiksat/trm_bellman/results/sudoku9x9/upi_trm_9x9_seed4/rl_checkpoint_step_10000.pt
[step 10100] opnorm clamp applied
[step 10100] value_loss=0.000001 policy_loss=-0.222375
[step 10100] VALUE_DEBUG: target(mean=0.84 std=0.00 min=0.84 max=0.84) V(s)(mean=0.84 std=0.00) reward(mean=0.840 std=0.000) clip=100.0
[step 10200] opnorm clamp applied
[step 10200] value_loss=0.000008 policy_loss=-0.226842
[step 10200] VALUE_DEBUG: target(mean=0.84 std=0.00 min=0.84 max=0.84) V(s)(mean=0.84 std=0.00) reward(mean=0.840 std=0.000) clip=100.0
[step 10300] opnorm clamp applied
[step 10300] value_loss=0.000025 policy_loss=-0.227091
[step 10300] VALUE_DEBUG: target(mean=0.84 std=0.00 min=0.84 max=0.84) V(s)(mean=0.84 std=0.00) reward(mean=0.840 std=0.000) clip=100.0
[step 10400] opnorm clamp applied
[step 10400] value_loss=0.000005 policy_loss=-0.221711
[step 10400] VALUE_DEBUG: target(mean=0.84 std=0.00 min=0.84 max=0.84) V(s)(mean=0.84 std=0.00) reward(mean=0.840 std=0.000) clip=100.0
[step 10500] opnorm clamp applied
[step 10500] value_loss=0.000014 policy_loss=-0.231616
[step 10500] VALUE_DEBUG: target(mean=0.84 std=0.00 min=0.84 max=0.84) V(s)(mean=0.84 std=0.00) reward(mean=0.840 std=0.000) clip=100.0
[step 10500] eval_success_rate=1.000 eval_mean_score=16.000 eval_policy_mode=greedy [solved=100/100, score_range=16.00-16.00/9.0, initial=16.00]
[step 10500] PROGRESS: filled=16.00 violations=0.00 zero_cand=0.00
[step 10500] DEBUG: ep_len=1.0 ep_ret=0.840 stop_prob=0.001 score_chg=0.0000
[step 10600] opnorm clamp applied
[step 10600] value_loss=0.000010 policy_loss=-0.215125
[step 10600] VALUE_DEBUG: target(mean=0.84 std=0.00 min=0.84 max=0.84) V(s)(mean=0.84 std=0.00) reward(mean=0.840 std=0.000) clip=100.0
[step 10700] opnorm clamp applied
[step 10700] value_loss=0.000003 policy_loss=-0.230350
[step 10700] VALUE_DEBUG: target(mean=0.84 std=0.00 min=0.84 max=0.84) V(s)(mean=0.84 std=0.00) reward(mean=0.840 std=0.000) clip=100.0
[step 10800] opnorm clamp applied
[step 10800] value_loss=0.000002 policy_loss=-0.232959
[step 10800] VALUE_DEBUG: target(mean=0.84 std=0.00 min=0.84 max=0.84) V(s)(mean=0.84 std=0.00) reward(mean=0.840 std=0.000) clip=100.0
[step 10900] opnorm clamp applied
[step 10900] value_loss=0.000020 policy_loss=-0.232095
[step 10900] VALUE_DEBUG: target(mean=0.84 std=0.00 min=0.84 max=0.84) V(s)(mean=0.84 std=0.00) reward(mean=0.840 std=0.000) clip=100.0
[step 11000] opnorm clamp applied
[step 11000] value_loss=0.000034 policy_loss=-0.230819
[step 11000] VALUE_DEBUG: target(mean=0.84 std=0.00 min=0.84 max=0.84) V(s)(mean=0.83 std=0.00) reward(mean=0.840 std=0.000) clip=100.0
[step 11000] eval_success_rate=1.000 eval_mean_score=16.000 eval_policy_mode=greedy [solved=100/100, score_range=16.00-16.00/9.0, initial=16.00]
[step 11000] PROGRESS: filled=16.00 violations=0.00 zero_cand=0.00
[step 11000] DEBUG: ep_len=1.0 ep_ret=0.840 stop_prob=0.001 score_chg=0.0000
[Checkpoint] Saved to /home/buiksat/trm_bellman/results/sudoku9x9/upi_trm_9x9_seed4/rl_checkpoint_step_11000.pt
[step 11100] opnorm clamp applied
[step 11100] value_loss=0.000051 policy_loss=-0.222440
[step 11100] VALUE_DEBUG: target(mean=0.84 std=0.00 min=0.84 max=0.84) V(s)(mean=0.83 std=0.00) reward(mean=0.840 std=0.000) clip=100.0
[step 11200] opnorm clamp applied
[step 11200] value_loss=0.000001 policy_loss=-0.237920
[step 11200] VALUE_DEBUG: target(mean=0.84 std=0.00 min=0.84 max=0.84) V(s)(mean=0.84 std=0.00) reward(mean=0.840 std=0.000) clip=100.0
[step 11300] opnorm clamp applied
[step 11300] value_loss=0.000013 policy_loss=-0.230871
[step 11300] VALUE_DEBUG: target(mean=0.84 std=0.00 min=0.84 max=0.84) V(s)(mean=0.84 std=0.00) reward(mean=0.840 std=0.000) clip=100.0
[step 11400] opnorm clamp applied
[step 11400] value_loss=0.000003 policy_loss=-0.220919
[step 11400] VALUE_DEBUG: target(mean=0.84 std=0.00 min=0.84 max=0.84) V(s)(mean=0.84 std=0.00) reward(mean=0.840 std=0.000) clip=100.0
[step 11500] opnorm clamp applied
[step 11500] value_loss=0.000008 policy_loss=-0.230004
[step 11500] VALUE_DEBUG: target(mean=0.84 std=0.00 min=0.84 max=0.84) V(s)(mean=0.84 std=0.00) reward(mean=0.840 std=0.000) clip=100.0
[step 11500] eval_success_rate=1.000 eval_mean_score=16.000 eval_policy_mode=greedy [solved=100/100, score_range=16.00-16.00/9.0, initial=16.00]
[step 11500] PROGRESS: filled=16.00 violations=0.00 zero_cand=0.00
[step 11500] DEBUG: ep_len=1.0 ep_ret=0.840 stop_prob=0.001 score_chg=0.0000
[step 11600] opnorm clamp applied
[step 11600] value_loss=0.000005 policy_loss=-0.226162
[step 11600] VALUE_DEBUG: target(mean=0.84 std=0.00 min=0.84 max=0.84) V(s)(mean=0.84 std=0.00) reward(mean=0.840 std=0.000) clip=100.0
[step 11700] opnorm clamp applied
[step 11700] value_loss=0.000010 policy_loss=-0.218367
[step 11700] VALUE_DEBUG: target(mean=0.84 std=0.00 min=0.84 max=0.84) V(s)(mean=0.84 std=0.00) reward(mean=0.840 std=0.000) clip=100.0
[step 11800] opnorm clamp applied
[step 11800] value_loss=0.000001 policy_loss=-0.233357
[step 11800] VALUE_DEBUG: target(mean=0.84 std=0.00 min=0.84 max=0.84) V(s)(mean=0.84 std=0.00) reward(mean=0.840 std=0.000) clip=100.0
[step 11900] opnorm clamp applied
[step 11900] value_loss=0.000006 policy_loss=-0.240197
[step 11900] VALUE_DEBUG: target(mean=0.84 std=0.00 min=0.84 max=0.84) V(s)(mean=0.84 std=0.00) reward(mean=0.840 std=0.000) clip=100.0
[step 12000] opnorm clamp applied
[step 12000] value_loss=0.000002 policy_loss=-0.230347
[step 12000] VALUE_DEBUG: target(mean=0.84 std=0.00 min=0.84 max=0.84) V(s)(mean=0.84 std=0.00) reward(mean=0.840 std=0.000) clip=100.0
[step 12000] eval_success_rate=1.000 eval_mean_score=16.000 eval_policy_mode=greedy [solved=100/100, score_range=16.00-16.00/9.0, initial=16.00]
[step 12000] PROGRESS: filled=16.00 violations=0.00 zero_cand=0.00
[step 12000] DEBUG: ep_len=1.0 ep_ret=0.840 stop_prob=0.001 score_chg=0.0000
[Checkpoint] Saved to /home/buiksat/trm_bellman/results/sudoku9x9/upi_trm_9x9_seed4/rl_checkpoint_step_12000.pt
[step 12100] opnorm clamp applied
[step 12100] value_loss=0.000015 policy_loss=-0.233731
[step 12100] VALUE_DEBUG: target(mean=0.84 std=0.00 min=0.84 max=0.84) V(s)(mean=0.84 std=0.00) reward(mean=0.840 std=0.000) clip=100.0
[step 12200] opnorm clamp applied
[step 12200] value_loss=0.000004 policy_loss=-0.227260
[step 12200] VALUE_DEBUG: target(mean=0.84 std=0.00 min=0.84 max=0.84) V(s)(mean=0.84 std=0.00) reward(mean=0.840 std=0.000) clip=100.0
[step 12300] opnorm clamp applied
[step 12300] value_loss=0.000140 policy_loss=-0.233911
[step 12300] VALUE_DEBUG: target(mean=0.84 std=0.01 min=0.74 max=0.84) V(s)(mean=0.84 std=0.00) reward(mean=0.838 std=0.012) clip=100.0
[step 12400] opnorm clamp applied
[step 12400] value_loss=0.000005 policy_loss=-0.217890
[step 12400] VALUE_DEBUG: target(mean=0.84 std=0.00 min=0.84 max=0.84) V(s)(mean=0.84 std=0.00) reward(mean=0.840 std=0.000) clip=100.0
[step 12500] opnorm clamp applied
[step 12500] value_loss=0.000026 policy_loss=-0.222715
[step 12500] VALUE_DEBUG: target(mean=0.84 std=0.00 min=0.84 max=0.84) V(s)(mean=0.84 std=0.00) reward(mean=0.840 std=0.000) clip=100.0
[step 12500] eval_success_rate=1.000 eval_mean_score=16.000 eval_policy_mode=greedy [solved=100/100, score_range=16.00-16.00/9.0, initial=16.00]
[step 12500] PROGRESS: filled=16.00 violations=0.00 zero_cand=0.00
[step 12500] DEBUG: ep_len=1.0 ep_ret=0.840 stop_prob=0.001 score_chg=0.0000
[step 12600] opnorm clamp applied
[step 12600] value_loss=0.000002 policy_loss=-0.234231
[step 12600] VALUE_DEBUG: target(mean=0.84 std=0.00 min=0.84 max=0.84) V(s)(mean=0.84 std=0.00) reward(mean=0.840 std=0.000) clip=100.0
[step 12700] opnorm clamp applied
[step 12700] value_loss=0.000000 policy_loss=-0.227704
[step 12700] VALUE_DEBUG: target(mean=0.84 std=0.00 min=0.84 max=0.84) V(s)(mean=0.84 std=0.00) reward(mean=0.840 std=0.000) clip=100.0
[step 12800] opnorm clamp applied
[step 12800] value_loss=0.000002 policy_loss=-0.219559
[step 12800] VALUE_DEBUG: target(mean=0.84 std=0.00 min=0.84 max=0.84) V(s)(mean=0.84 std=0.00) reward(mean=0.840 std=0.000) clip=100.0
[step 12900] opnorm clamp applied
[step 12900] value_loss=0.000021 policy_loss=-0.231897
[step 12900] VALUE_DEBUG: target(mean=0.84 std=0.00 min=0.84 max=0.84) V(s)(mean=0.84 std=0.00) reward(mean=0.840 std=0.000) clip=100.0
[step 13000] opnorm clamp applied
[step 13000] value_loss=0.000008 policy_loss=-0.231329
[step 13000] VALUE_DEBUG: target(mean=0.84 std=0.00 min=0.84 max=0.84) V(s)(mean=0.84 std=0.00) reward(mean=0.840 std=0.000) clip=100.0
[step 13000] eval_success_rate=1.000 eval_mean_score=16.000 eval_policy_mode=greedy [solved=100/100, score_range=16.00-16.00/9.0, initial=16.00]
[step 13000] PROGRESS: filled=16.00 violations=0.00 zero_cand=0.00
[step 13000] DEBUG: ep_len=1.0 ep_ret=0.840 stop_prob=0.001 score_chg=0.0000
[Checkpoint] Saved to /home/buiksat/trm_bellman/results/sudoku9x9/upi_trm_9x9_seed4/rl_checkpoint_step_13000.pt
[step 13100] opnorm clamp applied
[step 13100] value_loss=0.000022 policy_loss=-0.236580
[step 13100] VALUE_DEBUG: target(mean=0.84 std=0.00 min=0.84 max=0.84) V(s)(mean=0.84 std=0.00) reward(mean=0.840 std=0.000) clip=100.0
[step 13200] opnorm clamp applied
[step 13200] value_loss=0.000002 policy_loss=-0.228612
[step 13200] VALUE_DEBUG: target(mean=0.84 std=0.00 min=0.84 max=0.84) V(s)(mean=0.84 std=0.00) reward(mean=0.840 std=0.000) clip=100.0
[step 13300] opnorm clamp applied
[step 13300] value_loss=0.000027 policy_loss=-0.231334
[step 13300] VALUE_DEBUG: target(mean=0.84 std=0.00 min=0.84 max=0.84) V(s)(mean=0.84 std=0.00) reward(mean=0.840 std=0.000) clip=100.0
[step 13400] opnorm clamp applied
[step 13400] value_loss=0.000000 policy_loss=-0.235947
[step 13400] VALUE_DEBUG: target(mean=0.84 std=0.00 min=0.84 max=0.84) V(s)(mean=0.84 std=0.00) reward(mean=0.840 std=0.000) clip=100.0
[step 13500] opnorm clamp applied
[step 13500] value_loss=0.000043 policy_loss=-0.231160
[step 13500] VALUE_DEBUG: target(mean=0.84 std=0.00 min=0.84 max=0.84) V(s)(mean=0.84 std=0.00) reward(mean=0.840 std=0.000) clip=100.0
[step 13500] eval_success_rate=1.000 eval_mean_score=16.000 eval_policy_mode=greedy [solved=100/100, score_range=16.00-16.00/9.0, initial=16.00]
[step 13500] PROGRESS: filled=16.00 violations=0.00 zero_cand=0.00
[step 13500] DEBUG: ep_len=1.0 ep_ret=0.840 stop_prob=0.001 score_chg=0.0000
[step 13600] opnorm clamp applied
[step 13600] value_loss=0.000002 policy_loss=-0.227099
[step 13600] VALUE_DEBUG: target(mean=0.84 std=0.00 min=0.84 max=0.84) V(s)(mean=0.84 std=0.00) reward(mean=0.840 std=0.000) clip=100.0
[step 13700] opnorm clamp applied
[step 13700] value_loss=0.000014 policy_loss=-0.246610
[step 13700] VALUE_DEBUG: target(mean=0.84 std=0.00 min=0.84 max=0.84) V(s)(mean=0.84 std=0.00) reward(mean=0.840 std=0.000) clip=100.0
[step 13800] opnorm clamp applied
[step 13800] value_loss=0.000025 policy_loss=-0.227514
[step 13800] VALUE_DEBUG: target(mean=0.84 std=0.00 min=0.84 max=0.84) V(s)(mean=0.84 std=0.00) reward(mean=0.840 std=0.000) clip=100.0
[step 13900] opnorm clamp applied
[step 13900] value_loss=0.000002 policy_loss=-0.227911
[step 13900] VALUE_DEBUG: target(mean=0.84 std=0.00 min=0.84 max=0.84) V(s)(mean=0.84 std=0.00) reward(mean=0.840 std=0.000) clip=100.0
[step 14000] opnorm clamp applied
[step 14000] value_loss=0.000001 policy_loss=-0.231657
[step 14000] VALUE_DEBUG: target(mean=0.84 std=0.00 min=0.84 max=0.84) V(s)(mean=0.84 std=0.00) reward(mean=0.840 std=0.000) clip=100.0
[step 14000] eval_success_rate=1.000 eval_mean_score=16.000 eval_policy_mode=greedy [solved=100/100, score_range=16.00-16.00/9.0, initial=16.00]
[step 14000] PROGRESS: filled=16.00 violations=0.00 zero_cand=0.00
[step 14000] DEBUG: ep_len=1.0 ep_ret=0.840 stop_prob=0.001 score_chg=0.0000
[Checkpoint] Saved to /home/buiksat/trm_bellman/results/sudoku9x9/upi_trm_9x9_seed4/rl_checkpoint_step_14000.pt
[step 14100] opnorm clamp applied
[step 14100] value_loss=0.000003 policy_loss=-0.235993
[step 14100] VALUE_DEBUG: target(mean=0.84 std=0.00 min=0.84 max=0.84) V(s)(mean=0.84 std=0.00) reward(mean=0.840 std=0.000) clip=100.0
[step 14200] opnorm clamp applied
[step 14200] value_loss=0.000002 policy_loss=-0.250259
[step 14200] VALUE_DEBUG: target(mean=0.84 std=0.00 min=0.84 max=0.84) V(s)(mean=0.84 std=0.00) reward(mean=0.840 std=0.000) clip=100.0
[step 14300] opnorm clamp applied
[step 14300] value_loss=0.000016 policy_loss=-0.224070
[step 14300] VALUE_DEBUG: target(mean=0.84 std=0.00 min=0.84 max=0.84) V(s)(mean=0.84 std=0.00) reward(mean=0.840 std=0.000) clip=100.0
[step 14400] opnorm clamp applied
[step 14400] value_loss=0.000008 policy_loss=-0.228276
[step 14400] VALUE_DEBUG: target(mean=0.84 std=0.00 min=0.84 max=0.84) V(s)(mean=0.84 std=0.00) reward(mean=0.840 std=0.000) clip=100.0
[step 14500] opnorm clamp applied
[step 14500] value_loss=0.000010 policy_loss=-0.237013
[step 14500] VALUE_DEBUG: target(mean=0.84 std=0.00 min=0.84 max=0.84) V(s)(mean=0.84 std=0.00) reward(mean=0.840 std=0.000) clip=100.0
[step 14500] eval_success_rate=1.000 eval_mean_score=16.000 eval_policy_mode=greedy [solved=100/100, score_range=16.00-16.00/9.0, initial=16.00]
[step 14500] PROGRESS: filled=16.00 violations=0.00 zero_cand=0.00
[step 14500] DEBUG: ep_len=1.0 ep_ret=0.840 stop_prob=0.001 score_chg=0.0000
[step 14600] opnorm clamp applied
[step 14600] value_loss=0.000003 policy_loss=-0.229616
[step 14600] VALUE_DEBUG: target(mean=0.84 std=0.00 min=0.84 max=0.84) V(s)(mean=0.84 std=0.00) reward(mean=0.840 std=0.000) clip=100.0
[step 14700] opnorm clamp applied
[step 14700] value_loss=0.000013 policy_loss=-0.217841
[step 14700] VALUE_DEBUG: target(mean=0.84 std=0.00 min=0.84 max=0.84) V(s)(mean=0.84 std=0.00) reward(mean=0.840 std=0.000) clip=100.0
