[2026-01-23T21:12:44.898-08:00] Buck UI: https://www.internalfb.com/buck2/16cfcd93-b3b7-4061-adea-875a1f91e9dc
[2026-01-23T21:12:45.205-08:00] Network: Up: 0B  Down: 0B
BUILD SUCCEEDED - starting your binary
[DATASET] dataset_paths=None (using dummy dataset)
[DATASET] resolved_dataset_name=dummy
[DATASET] num_samples=32
[INFO] Using feasibility-aware Sudoku checker for 4x4
       score = filled - 2.0*violations - 5.0*zeroCand
       Max score: 16 (all filled, no violations)
[INFO] Training for 25000 steps (gamma=0.990, K=1, inner_unroll_n=2)
[INFO] Terminal rewards: solve=1.000, fail=-81.000
/data/repos/fbsource/buck-out/v2/gen/fbcode/7bc20b5dff24e379/buiksat_trm/__upi_trm_train__/upi_trm_train#link-tree/upi_trm_train.py:1155: UserWarning: rl_enable_contraction=True: Applying operator-norm clamping and contraction scaling to z->z path layers. This is REQUIRED for Assumption 3.2 (L_z < 1) but will modify network behavior. Pretrained weights from vanilla TRM may require fine-tuning.
  model = TinyRecursiveReasoningModel_ACTV1(trm_cfg_dict)
[INFO] Using TRM backbone (hidden=64, H=2, L=2)
[DEBUG] Policy head STOP bias: 0.00 (should be 0.0 for uniform init)
[INFO] Puzzle embeddings DISABLED (set --puzzle-emb-ndim > 0 to enable)
============================================================
TRAINER SELECTION
============================================================
/data/repos/fbsource/buck-out/v2/gen/fbcode/7bc20b5dff24e379/buiksat_trm/__upi_trm_train__/upi_trm_train#link-tree/torch/cuda/__init__.py:373: UserWarning: Found GPU0 NVIDIA PG509-210 which is of compute capability (CC) 8.0.
The following list shows the CCs this version of PyTorch was built for and the hardware CCs it supports:
Please follow the instructions at https://pytorch.org/get-started/locally/ to install a PyTorch release that supports one of these CUDA versions: 12.6, 12.8, 13.0
  _warn_unsupported_code(d, device_cc, code_ccs)
INFO:2026-01-23 21:12:50 1789060:1789060 CuptiCallbackApi.cpp:74] Callback: domain = 3, cbid = 1
INFO:2026-01-23 21:12:50 1789060:1789060 CuptiActivityProfiler.cpp:245] CUDA versions. CUPTI: 22; Runtime: 12040; Driver: 12040
INFO:2026-01-23 21:12:50 1789060:1790173 FBConfig.cpp:330] Perfetto builder enabled: 1
INFO:2026-01-23 21:12:50 1789060:1790173 DynoConfigLoader.cpp:61] Setting communication fabric enabled = 0
/data/repos/fbsource/buck-out/v2/gen/fbcode/7bc20b5dff24e379/buiksat_trm/__upi_trm_train__/upi_trm_train#link-tree/rl/upi_trm_trainer.py:93: UserWarning: rl_enable_contraction=True: Applying operator-norm clamping and contraction scaling to z->z path layers. This is REQUIRED for Assumption 3.2 (L_z < 1) but will modify network behavior. Pretrained weights from vanilla TRM may require fine-tuning.
  self.target_model = TinyRecursiveReasoningModel_ACTV1(self._config_to_dict(self.model.config)).to(device)
/data/repos/fbsource/buck-out/v2/gen/fbcode/7bc20b5dff24e379/buiksat_trm/__upi_trm_train__/upi_trm_train#link-tree/rl/upi_trm_trainer.py:103: UserWarning: rl_enable_contraction=True: Applying operator-norm clamping and contraction scaling to z->z path layers. This is REQUIRED for Assumption 3.2 (L_z < 1) but will modify network behavior. Pretrained weights from vanilla TRM may require fine-tuning.
  self.policy_model_candidate = TinyRecursiveReasoningModel_ACTV1(
INFO:2026-01-23 21:12:50 1789060:1790173 DynoConfigLoader.cpp:61] Setting communication fabric enabled = 0
TritonTraceHandler: disabled because /logs does not exist
===========[FB_TRITON]=========== Triton Version: 3.3.2+fb
[TRAINER] UPI-TRM (K=1, inner_n=2)
[TRAINER] CLI --baseline: None, YAML algorithm: upi_trm
============================================================

============================================================
UPI-TRM THEORY ALIGNMENT CHECK
============================================================
⚠ Configuration has theory gaps:
  • exact_baseline_summation=False: Using approximate baseline. This gives O(ε_A/(1-γ)) bound instead of O(α·ε_A) from Theorem 5.9. For discrete action spaces (Sudoku), enable for tighter bounds.
  • theory_exact_mixture=False: Using parameter-space interpolation for CPI, which is NOT equivalent to policy-space mixture. The CPI improvement guarantee does not strictly apply. Set theory_exact_mixture=True for theory-exact behavior (but slower due to evaluating two networks).

Theory status:
  Forward-invariant projection: ✓
  Contraction enforced (L_z < 1): ✓
  Exact baseline (Thm 5.9): ✗
  Distillation (not in theory): ✓ disabled

Is theory-exact: False
============================================================

UPI-TRM theoretical dials:
  L_z target (rl_cfg.target_Lz): 0.9
  L_V target (rl_cfg.target_Lv): 1.0
  Inner unroll n (rl_cfg.inner_unroll_n): 2
  K-step horizon K (rl_cfg.K): 1
  Mixture alpha (rl_cfg.mixture_alpha): 0.1
  Latent ball radius (rl_cfg.latent_ball_radius): 10.0
  Episodic latent: True
  Exact K-step targets: False
  Exact baseline summation: False

[INFO] STOP action mode: disabled
[INFO] Forward-invariant projection enabled (R=10.0)
[WandB] Disabled by default (enable with: --wandb)
[DEBUG] Action mask: 30 valid actions out of 513 total
[DEBUG] Latent mode: episodic
[DEBUG] Step 0 probs: STOP=0.000000, edits=1.000000
[DEBUG] Top 5 action probs: torch.return_types.topk(
values=tensor([0.0440, 0.0426, 0.0411, 0.0399, 0.0388], device='cuda:0',
       grad_fn=<TopkBackward0>),
indices=tensor([104, 103, 127, 116, 115], device='cuda:0'))
[step 00100] opnorm clamp applied
[step 00100] value_loss=0.000039 policy_loss=-0.223611
[step 00100] VALUE_DEBUG: target(mean=0.84 std=0.00 min=0.84 max=0.84) V(s)(mean=0.84 std=0.01) reward(mean=0.840 std=0.000) clip=100.0
[step 00200] opnorm clamp applied
[step 00200] value_loss=0.014338 policy_loss=-0.218182
[step 00200] VALUE_DEBUG: target(mean=0.84 std=0.00 min=0.84 max=0.84) V(s)(mean=0.96 std=0.03) reward(mean=0.840 std=0.000) clip=100.0
[step 00300] opnorm clamp applied
[step 00300] value_loss=0.000477 policy_loss=-0.206768
[step 00300] VALUE_DEBUG: target(mean=0.84 std=0.00 min=0.84 max=0.84) V(s)(mean=0.83 std=0.02) reward(mean=0.840 std=0.000) clip=100.0
[step 00400] opnorm clamp applied
[step 00400] value_loss=0.000354 policy_loss=-0.207754
[step 00400] VALUE_DEBUG: target(mean=0.84 std=0.00 min=0.84 max=0.84) V(s)(mean=0.84 std=0.02) reward(mean=0.840 std=0.000) clip=100.0
[step 00500] opnorm clamp applied
[step 00500] value_loss=0.004793 policy_loss=-0.180193
[step 00500] VALUE_DEBUG: target(mean=0.84 std=0.00 min=0.84 max=0.84) V(s)(mean=0.82 std=0.07) reward(mean=0.840 std=0.000) clip=100.0
[step 00500] eval_success_rate=1.000 eval_mean_score=16.000 eval_policy_mode=greedy [solved=100/100, score_range=16.00-16.00/8.0, initial=16.00]
[step 00500] PROGRESS: filled=16.00 violations=0.00 zero_cand=0.00
[step 00500] DEBUG: ep_len=1.0 ep_ret=0.840 stop_prob=0.000 score_chg=0.0000
[step 00600] opnorm clamp applied
[step 00600] value_loss=0.000016 policy_loss=-0.221879
[step 00600] VALUE_DEBUG: target(mean=0.84 std=0.00 min=0.84 max=0.84) V(s)(mean=0.84 std=0.00) reward(mean=0.840 std=0.000) clip=100.0
[step 00700] opnorm clamp applied
[step 00700] value_loss=0.000001 policy_loss=-0.226818
[step 00700] VALUE_DEBUG: target(mean=0.84 std=0.00 min=0.84 max=0.84) V(s)(mean=0.84 std=0.00) reward(mean=0.840 std=0.000) clip=100.0
[step 00800] opnorm clamp applied
[step 00800] value_loss=0.000017 policy_loss=-0.209054
[step 00800] VALUE_DEBUG: target(mean=0.84 std=0.00 min=0.84 max=0.84) V(s)(mean=0.84 std=0.00) reward(mean=0.840 std=0.000) clip=100.0
[step 00900] opnorm clamp applied
[step 00900] value_loss=0.000145 policy_loss=-0.218772
[step 00900] VALUE_DEBUG: target(mean=0.84 std=0.01 min=0.74 max=0.84) V(s)(mean=0.84 std=0.00) reward(mean=0.838 std=0.012) clip=100.0
[step 01000] opnorm clamp applied
[step 01000] value_loss=0.000009 policy_loss=-0.211269
[step 01000] VALUE_DEBUG: target(mean=0.84 std=0.00 min=0.84 max=0.84) V(s)(mean=0.84 std=0.00) reward(mean=0.840 std=0.000) clip=100.0
[step 01000] eval_success_rate=1.000 eval_mean_score=16.000 eval_policy_mode=greedy [solved=100/100, score_range=16.00-16.00/8.0, initial=16.00]
[step 01000] PROGRESS: filled=16.00 violations=0.00 zero_cand=0.00
[step 01000] DEBUG: ep_len=1.0 ep_ret=0.840 stop_prob=0.000 score_chg=0.0000
[Checkpoint] Saved to /home/buiksat/trm_bellman/results/sudoku9x9/upi_trm_9x9_seed3/rl_checkpoint_step_1000.pt
[step 01100] opnorm clamp applied
[step 01100] value_loss=0.000009 policy_loss=-0.228712
[step 01100] VALUE_DEBUG: target(mean=0.84 std=0.00 min=0.84 max=0.84) V(s)(mean=0.84 std=0.00) reward(mean=0.840 std=0.000) clip=100.0
[step 01200] opnorm clamp applied
[step 01200] value_loss=0.000005 policy_loss=-0.219716
[step 01200] VALUE_DEBUG: target(mean=0.84 std=0.00 min=0.84 max=0.84) V(s)(mean=0.84 std=0.00) reward(mean=0.840 std=0.000) clip=100.0
[step 01300] opnorm clamp applied
[step 01300] value_loss=0.000018 policy_loss=-0.202862
[step 01300] VALUE_DEBUG: target(mean=0.84 std=0.00 min=0.84 max=0.84) V(s)(mean=0.84 std=0.00) reward(mean=0.840 std=0.000) clip=100.0
[step 01400] opnorm clamp applied
[step 01400] value_loss=0.000032 policy_loss=-0.222071
[step 01400] VALUE_DEBUG: target(mean=0.84 std=0.00 min=0.84 max=0.84) V(s)(mean=0.84 std=0.00) reward(mean=0.840 std=0.000) clip=100.0
[step 01500] opnorm clamp applied
[step 01500] value_loss=0.000033 policy_loss=-0.210323
[step 01500] VALUE_DEBUG: target(mean=0.84 std=0.00 min=0.84 max=0.84) V(s)(mean=0.84 std=0.01) reward(mean=0.840 std=0.000) clip=100.0
[step 01500] eval_success_rate=1.000 eval_mean_score=16.000 eval_policy_mode=greedy [solved=100/100, score_range=16.00-16.00/8.0, initial=16.00]
[step 01500] PROGRESS: filled=16.00 violations=0.00 zero_cand=0.00
[step 01500] DEBUG: ep_len=1.0 ep_ret=0.840 stop_prob=0.000 score_chg=0.0000
[step 01600] opnorm clamp applied
[step 01600] value_loss=0.000173 policy_loss=-0.213610
[step 01600] VALUE_DEBUG: target(mean=0.84 std=0.00 min=0.84 max=0.84) V(s)(mean=0.84 std=0.01) reward(mean=0.840 std=0.000) clip=100.0
[step 01700] opnorm clamp applied
[step 01700] value_loss=0.000268 policy_loss=-0.223472
[step 01700] VALUE_DEBUG: target(mean=0.84 std=0.00 min=0.84 max=0.84) V(s)(mean=0.83 std=0.02) reward(mean=0.840 std=0.000) clip=100.0
[step 01800] opnorm clamp applied
[step 01800] value_loss=0.000009 policy_loss=-0.217681
[step 01800] VALUE_DEBUG: target(mean=0.84 std=0.00 min=0.84 max=0.84) V(s)(mean=0.84 std=0.00) reward(mean=0.840 std=0.000) clip=100.0
[step 01900] opnorm clamp applied
[step 01900] value_loss=0.000005 policy_loss=-0.213392
[step 01900] VALUE_DEBUG: target(mean=0.84 std=0.00 min=0.84 max=0.84) V(s)(mean=0.84 std=0.00) reward(mean=0.840 std=0.000) clip=100.0
[step 02000] opnorm clamp applied
[step 02000] value_loss=0.000002 policy_loss=-0.209789
[step 02000] VALUE_DEBUG: target(mean=0.84 std=0.00 min=0.84 max=0.84) V(s)(mean=0.84 std=0.00) reward(mean=0.840 std=0.000) clip=100.0
[step 02000] eval_success_rate=1.000 eval_mean_score=16.000 eval_policy_mode=greedy [solved=100/100, score_range=16.00-16.00/8.0, initial=16.00]
[step 02000] PROGRESS: filled=16.00 violations=0.00 zero_cand=0.00
[step 02000] DEBUG: ep_len=1.0 ep_ret=0.840 stop_prob=0.000 score_chg=0.0000
[Checkpoint] Saved to /home/buiksat/trm_bellman/results/sudoku9x9/upi_trm_9x9_seed3/rl_checkpoint_step_2000.pt
[step 02100] opnorm clamp applied
[step 02100] value_loss=0.000006 policy_loss=-0.225135
[step 02100] VALUE_DEBUG: target(mean=0.84 std=0.00 min=0.84 max=0.84) V(s)(mean=0.84 std=0.00) reward(mean=0.840 std=0.000) clip=100.0
[step 02200] opnorm clamp applied
[step 02200] value_loss=0.000025 policy_loss=-0.207278
[step 02200] VALUE_DEBUG: target(mean=0.84 std=0.00 min=0.84 max=0.84) V(s)(mean=0.84 std=0.00) reward(mean=0.840 std=0.000) clip=100.0
[step 02300] opnorm clamp applied
[step 02300] value_loss=0.000008 policy_loss=-0.213420
[step 02300] VALUE_DEBUG: target(mean=0.84 std=0.00 min=0.84 max=0.84) V(s)(mean=0.84 std=0.00) reward(mean=0.840 std=0.000) clip=100.0
[step 02400] opnorm clamp applied
[step 02400] value_loss=0.000066 policy_loss=-0.221149
[step 02400] VALUE_DEBUG: target(mean=0.84 std=0.00 min=0.84 max=0.84) V(s)(mean=0.84 std=0.01) reward(mean=0.840 std=0.000) clip=100.0
[step 02500] opnorm clamp applied
[step 02500] value_loss=0.000312 policy_loss=-0.202712
[step 02500] VALUE_DEBUG: target(mean=0.84 std=0.00 min=0.84 max=0.84) V(s)(mean=0.84 std=0.02) reward(mean=0.840 std=0.000) clip=100.0
[step 02500] eval_success_rate=1.000 eval_mean_score=16.000 eval_policy_mode=greedy [solved=100/100, score_range=16.00-16.00/8.0, initial=16.00]
[step 02500] PROGRESS: filled=16.00 violations=0.00 zero_cand=0.00
[step 02500] DEBUG: ep_len=1.0 ep_ret=0.840 stop_prob=0.000 score_chg=0.0000
[step 02600] opnorm clamp applied
[step 02600] value_loss=0.000052 policy_loss=-0.218614
[step 02600] VALUE_DEBUG: target(mean=0.84 std=0.00 min=0.84 max=0.84) V(s)(mean=0.84 std=0.01) reward(mean=0.840 std=0.000) clip=100.0
[step 02700] opnorm clamp applied
[step 02700] value_loss=0.000128 policy_loss=-0.218732
[step 02700] VALUE_DEBUG: target(mean=0.84 std=0.01 min=0.74 max=0.84) V(s)(mean=0.84 std=0.00) reward(mean=0.838 std=0.012) clip=100.0
[step 02800] opnorm clamp applied
[step 02800] value_loss=0.000007 policy_loss=-0.218861
[step 02800] VALUE_DEBUG: target(mean=0.84 std=0.00 min=0.84 max=0.84) V(s)(mean=0.84 std=0.00) reward(mean=0.840 std=0.000) clip=100.0
[step 02900] opnorm clamp applied
[step 02900] value_loss=0.000008 policy_loss=-0.221892
[step 02900] VALUE_DEBUG: target(mean=0.84 std=0.00 min=0.84 max=0.84) V(s)(mean=0.84 std=0.00) reward(mean=0.840 std=0.000) clip=100.0
[step 03000] opnorm clamp applied
[step 03000] value_loss=0.000002 policy_loss=-0.206540
[step 03000] VALUE_DEBUG: target(mean=0.84 std=0.00 min=0.84 max=0.84) V(s)(mean=0.84 std=0.00) reward(mean=0.840 std=0.000) clip=100.0
[step 03000] eval_success_rate=1.000 eval_mean_score=16.000 eval_policy_mode=greedy [solved=100/100, score_range=16.00-16.00/8.0, initial=16.00]
[step 03000] PROGRESS: filled=16.00 violations=0.00 zero_cand=0.00
[step 03000] DEBUG: ep_len=1.0 ep_ret=0.840 stop_prob=0.000 score_chg=0.0000
[Checkpoint] Saved to /home/buiksat/trm_bellman/results/sudoku9x9/upi_trm_9x9_seed3/rl_checkpoint_step_3000.pt
[step 03100] opnorm clamp applied
[step 03100] value_loss=0.000012 policy_loss=-0.221309
[step 03100] VALUE_DEBUG: target(mean=0.84 std=0.00 min=0.84 max=0.84) V(s)(mean=0.84 std=0.00) reward(mean=0.840 std=0.000) clip=100.0
[step 03200] opnorm clamp applied
[step 03200] value_loss=0.000008 policy_loss=-0.208233
[step 03200] VALUE_DEBUG: target(mean=0.84 std=0.00 min=0.84 max=0.84) V(s)(mean=0.84 std=0.00) reward(mean=0.840 std=0.000) clip=100.0
[step 03300] opnorm clamp applied
[step 03300] value_loss=0.000154 policy_loss=-0.214845
[step 03300] VALUE_DEBUG: target(mean=0.84 std=0.00 min=0.84 max=0.84) V(s)(mean=0.83 std=0.01) reward(mean=0.840 std=0.000) clip=100.0
[step 03400] opnorm clamp applied
[step 03400] value_loss=0.000029 policy_loss=-0.214779
[step 03400] VALUE_DEBUG: target(mean=0.84 std=0.00 min=0.84 max=0.84) V(s)(mean=0.84 std=0.00) reward(mean=0.840 std=0.000) clip=100.0
[step 03500] opnorm clamp applied
[step 03500] value_loss=0.000010 policy_loss=-0.224149
[step 03500] VALUE_DEBUG: target(mean=0.84 std=0.00 min=0.84 max=0.84) V(s)(mean=0.84 std=0.00) reward(mean=0.840 std=0.000) clip=100.0
[step 03500] eval_success_rate=1.000 eval_mean_score=16.000 eval_policy_mode=greedy [solved=100/100, score_range=16.00-16.00/8.0, initial=16.00]
[step 03500] PROGRESS: filled=16.00 violations=0.00 zero_cand=0.00
[step 03500] DEBUG: ep_len=1.0 ep_ret=0.840 stop_prob=0.000 score_chg=0.0000
[step 03600] opnorm clamp applied
[step 03600] value_loss=0.000122 policy_loss=-0.208111
[step 03600] VALUE_DEBUG: target(mean=0.84 std=0.00 min=0.84 max=0.84) V(s)(mean=0.85 std=0.01) reward(mean=0.840 std=0.000) clip=100.0
[step 03700] opnorm clamp applied
[step 03700] value_loss=0.000017 policy_loss=-0.208608
[step 03700] VALUE_DEBUG: target(mean=0.84 std=0.00 min=0.84 max=0.84) V(s)(mean=0.84 std=0.00) reward(mean=0.840 std=0.000) clip=100.0
[step 03800] opnorm clamp applied
[step 03800] value_loss=0.000029 policy_loss=-0.218305
[step 03800] VALUE_DEBUG: target(mean=0.84 std=0.00 min=0.84 max=0.84) V(s)(mean=0.84 std=0.00) reward(mean=0.840 std=0.000) clip=100.0
[step 03900] opnorm clamp applied
[step 03900] value_loss=0.000063 policy_loss=-0.204181
[step 03900] VALUE_DEBUG: target(mean=0.84 std=0.00 min=0.84 max=0.84) V(s)(mean=0.85 std=0.00) reward(mean=0.840 std=0.000) clip=100.0
[step 04000] opnorm clamp applied
[step 04000] value_loss=0.000081 policy_loss=-0.232586
[step 04000] VALUE_DEBUG: target(mean=0.84 std=0.00 min=0.84 max=0.84) V(s)(mean=0.84 std=0.01) reward(mean=0.840 std=0.000) clip=100.0
[step 04000] eval_success_rate=1.000 eval_mean_score=16.000 eval_policy_mode=greedy [solved=100/100, score_range=16.00-16.00/8.0, initial=16.00]
[step 04000] PROGRESS: filled=16.00 violations=0.00 zero_cand=0.00
[step 04000] DEBUG: ep_len=1.0 ep_ret=0.840 stop_prob=0.000 score_chg=0.0000
[Checkpoint] Saved to /home/buiksat/trm_bellman/results/sudoku9x9/upi_trm_9x9_seed3/rl_checkpoint_step_4000.pt
[step 04100] opnorm clamp applied
[step 04100] value_loss=0.000031 policy_loss=-0.210075
[step 04100] VALUE_DEBUG: target(mean=0.84 std=0.00 min=0.84 max=0.84) V(s)(mean=0.84 std=0.01) reward(mean=0.840 std=0.000) clip=100.0
[step 04200] opnorm clamp applied
[step 04200] value_loss=0.000019 policy_loss=-0.219810
[step 04200] VALUE_DEBUG: target(mean=0.84 std=0.00 min=0.84 max=0.84) V(s)(mean=0.84 std=0.00) reward(mean=0.840 std=0.000) clip=100.0
[step 04300] opnorm clamp applied
[step 04300] value_loss=0.000045 policy_loss=-0.215305
[step 04300] VALUE_DEBUG: target(mean=0.84 std=0.00 min=0.84 max=0.84) V(s)(mean=0.84 std=0.00) reward(mean=0.840 std=0.000) clip=100.0
[step 04400] opnorm clamp applied
[step 04400] value_loss=0.000012 policy_loss=-0.217238
[step 04400] VALUE_DEBUG: target(mean=0.84 std=0.00 min=0.84 max=0.84) V(s)(mean=0.84 std=0.00) reward(mean=0.840 std=0.000) clip=100.0
[step 04500] opnorm clamp applied
[step 04500] value_loss=0.000037 policy_loss=-0.215037
[step 04500] VALUE_DEBUG: target(mean=0.84 std=0.00 min=0.84 max=0.84) V(s)(mean=0.84 std=0.00) reward(mean=0.840 std=0.000) clip=100.0
[step 04500] eval_success_rate=1.000 eval_mean_score=16.000 eval_policy_mode=greedy [solved=100/100, score_range=16.00-16.00/8.0, initial=16.00]
[step 04500] PROGRESS: filled=16.00 violations=0.00 zero_cand=0.00
[step 04500] DEBUG: ep_len=1.0 ep_ret=0.840 stop_prob=0.000 score_chg=0.0000
[step 04600] opnorm clamp applied
[step 04600] value_loss=0.000503 policy_loss=-0.206701
[step 04600] VALUE_DEBUG: target(mean=0.84 std=0.00 min=0.84 max=0.84) V(s)(mean=0.82 std=0.01) reward(mean=0.840 std=0.000) clip=100.0
[step 04700] opnorm clamp applied
[step 04700] value_loss=0.000009 policy_loss=-0.208316
[step 04700] VALUE_DEBUG: target(mean=0.84 std=0.00 min=0.84 max=0.84) V(s)(mean=0.84 std=0.00) reward(mean=0.840 std=0.000) clip=100.0
[step 04800] opnorm clamp applied
[step 04800] value_loss=0.000004 policy_loss=-0.200492
[step 04800] VALUE_DEBUG: target(mean=0.84 std=0.00 min=0.84 max=0.84) V(s)(mean=0.84 std=0.00) reward(mean=0.840 std=0.000) clip=100.0
[step 04900] opnorm clamp applied
[step 04900] value_loss=0.000010 policy_loss=-0.220370
[step 04900] VALUE_DEBUG: target(mean=0.84 std=0.00 min=0.84 max=0.84) V(s)(mean=0.84 std=0.00) reward(mean=0.840 std=0.000) clip=100.0
[step 05000] opnorm clamp applied
[step 05000] value_loss=0.000007 policy_loss=-0.211383
[step 05000] VALUE_DEBUG: target(mean=0.84 std=0.00 min=0.84 max=0.84) V(s)(mean=0.84 std=0.00) reward(mean=0.840 std=0.000) clip=100.0
[step 05000] eval_success_rate=1.000 eval_mean_score=16.000 eval_policy_mode=greedy [solved=100/100, score_range=16.00-16.00/8.0, initial=16.00]
[step 05000] PROGRESS: filled=16.00 violations=0.00 zero_cand=0.00
[step 05000] DEBUG: ep_len=1.0 ep_ret=0.840 stop_prob=0.000 score_chg=0.0000
[Checkpoint] Saved to /home/buiksat/trm_bellman/results/sudoku9x9/upi_trm_9x9_seed3/rl_checkpoint_step_5000.pt
[step 05100] opnorm clamp applied
[step 05100] value_loss=0.000081 policy_loss=-0.207007
[step 05100] VALUE_DEBUG: target(mean=0.84 std=0.00 min=0.84 max=0.84) V(s)(mean=0.84 std=0.01) reward(mean=0.840 std=0.000) clip=100.0
[step 05200] opnorm clamp applied
[step 05200] value_loss=0.000005 policy_loss=-0.213633
[step 05200] VALUE_DEBUG: target(mean=0.84 std=0.00 min=0.84 max=0.84) V(s)(mean=0.84 std=0.00) reward(mean=0.840 std=0.000) clip=100.0
[step 05300] opnorm clamp applied
[step 05300] value_loss=0.000003 policy_loss=-0.202713
[step 05300] VALUE_DEBUG: target(mean=0.84 std=0.00 min=0.84 max=0.84) V(s)(mean=0.84 std=0.00) reward(mean=0.840 std=0.000) clip=100.0
[step 05400] opnorm clamp applied
[step 05400] value_loss=0.000032 policy_loss=-0.205927
[step 05400] VALUE_DEBUG: target(mean=0.84 std=0.00 min=0.84 max=0.84) V(s)(mean=0.84 std=0.00) reward(mean=0.840 std=0.000) clip=100.0
[step 05500] opnorm clamp applied
[step 05500] value_loss=0.000020 policy_loss=-0.211004
[step 05500] VALUE_DEBUG: target(mean=0.84 std=0.00 min=0.84 max=0.84) V(s)(mean=0.84 std=0.00) reward(mean=0.840 std=0.000) clip=100.0
[step 05500] eval_success_rate=1.000 eval_mean_score=16.000 eval_policy_mode=greedy [solved=100/100, score_range=16.00-16.00/8.0, initial=16.00]
[step 05500] PROGRESS: filled=16.00 violations=0.00 zero_cand=0.00
[step 05500] DEBUG: ep_len=1.0 ep_ret=0.840 stop_prob=0.000 score_chg=0.0000
[step 05600] opnorm clamp applied
[step 05600] value_loss=0.000008 policy_loss=-0.218074
[step 05600] VALUE_DEBUG: target(mean=0.84 std=0.00 min=0.84 max=0.84) V(s)(mean=0.84 std=0.00) reward(mean=0.840 std=0.000) clip=100.0
[step 05700] opnorm clamp applied
[step 05700] value_loss=0.000029 policy_loss=-0.215640
[step 05700] VALUE_DEBUG: target(mean=0.84 std=0.00 min=0.84 max=0.84) V(s)(mean=0.84 std=0.01) reward(mean=0.840 std=0.000) clip=100.0
[step 05800] opnorm clamp applied
[step 05800] value_loss=0.000461 policy_loss=-0.213031
[step 05800] VALUE_DEBUG: target(mean=0.84 std=0.00 min=0.84 max=0.84) V(s)(mean=0.83 std=0.02) reward(mean=0.840 std=0.000) clip=100.0
[step 05900] opnorm clamp applied
[step 05900] value_loss=0.000012 policy_loss=-0.210049
[step 05900] VALUE_DEBUG: target(mean=0.84 std=0.00 min=0.84 max=0.84) V(s)(mean=0.84 std=0.00) reward(mean=0.840 std=0.000) clip=100.0
[step 06000] opnorm clamp applied
[step 06000] value_loss=0.000038 policy_loss=-0.216092
[step 06000] VALUE_DEBUG: target(mean=0.84 std=0.00 min=0.84 max=0.84) V(s)(mean=0.84 std=0.00) reward(mean=0.840 std=0.000) clip=100.0
[step 06000] eval_success_rate=1.000 eval_mean_score=16.000 eval_policy_mode=greedy [solved=100/100, score_range=16.00-16.00/8.0, initial=16.00]
[step 06000] PROGRESS: filled=16.00 violations=0.00 zero_cand=0.00
[step 06000] DEBUG: ep_len=1.0 ep_ret=0.840 stop_prob=0.000 score_chg=0.0000
[Checkpoint] Saved to /home/buiksat/trm_bellman/results/sudoku9x9/upi_trm_9x9_seed3/rl_checkpoint_step_6000.pt
[step 06100] opnorm clamp applied
[step 06100] value_loss=0.000008 policy_loss=-0.205559
[step 06100] VALUE_DEBUG: target(mean=0.84 std=0.00 min=0.84 max=0.84) V(s)(mean=0.84 std=0.00) reward(mean=0.840 std=0.000) clip=100.0
[step 06200] opnorm clamp applied
[step 06200] value_loss=0.000004 policy_loss=-0.212323
[step 06200] VALUE_DEBUG: target(mean=0.84 std=0.00 min=0.84 max=0.84) V(s)(mean=0.84 std=0.00) reward(mean=0.840 std=0.000) clip=100.0
[step 06300] opnorm clamp applied
[step 06300] value_loss=0.000012 policy_loss=-0.221490
[step 06300] VALUE_DEBUG: target(mean=0.84 std=0.00 min=0.84 max=0.84) V(s)(mean=0.84 std=0.00) reward(mean=0.840 std=0.000) clip=100.0
[step 06400] opnorm clamp applied
[step 06400] value_loss=0.000008 policy_loss=-0.207818
[step 06400] VALUE_DEBUG: target(mean=0.84 std=0.00 min=0.84 max=0.84) V(s)(mean=0.84 std=0.00) reward(mean=0.840 std=0.000) clip=100.0
[step 06500] opnorm clamp applied
[step 06500] value_loss=0.000006 policy_loss=-0.215696
[step 06500] VALUE_DEBUG: target(mean=0.84 std=0.00 min=0.84 max=0.84) V(s)(mean=0.84 std=0.00) reward(mean=0.840 std=0.000) clip=100.0
[step 06500] eval_success_rate=1.000 eval_mean_score=16.000 eval_policy_mode=greedy [solved=100/100, score_range=16.00-16.00/8.0, initial=16.00]
[step 06500] PROGRESS: filled=16.00 violations=0.00 zero_cand=0.00
[step 06500] DEBUG: ep_len=1.0 ep_ret=0.840 stop_prob=0.000 score_chg=0.0000
[step 06600] opnorm clamp applied
[step 06600] value_loss=0.000000 policy_loss=-0.201916
[step 06600] VALUE_DEBUG: target(mean=0.84 std=0.00 min=0.84 max=0.84) V(s)(mean=0.84 std=0.00) reward(mean=0.840 std=0.000) clip=100.0
[step 06700] opnorm clamp applied
[step 06700] value_loss=0.000019 policy_loss=-0.209392
[step 06700] VALUE_DEBUG: target(mean=0.84 std=0.00 min=0.84 max=0.84) V(s)(mean=0.84 std=0.00) reward(mean=0.840 std=0.000) clip=100.0
[step 06800] opnorm clamp applied
[step 06800] value_loss=0.000048 policy_loss=-0.214050
[step 06800] VALUE_DEBUG: target(mean=0.84 std=0.00 min=0.84 max=0.84) V(s)(mean=0.84 std=0.00) reward(mean=0.840 std=0.000) clip=100.0
[step 06900] opnorm clamp applied
[step 06900] value_loss=0.000006 policy_loss=-0.200181
[step 06900] VALUE_DEBUG: target(mean=0.84 std=0.00 min=0.84 max=0.84) V(s)(mean=0.84 std=0.00) reward(mean=0.840 std=0.000) clip=100.0
[step 07000] opnorm clamp applied
[step 07000] value_loss=0.000045 policy_loss=-0.216169
[step 07000] VALUE_DEBUG: target(mean=0.84 std=0.00 min=0.84 max=0.84) V(s)(mean=0.84 std=0.01) reward(mean=0.840 std=0.000) clip=100.0
[step 07000] eval_success_rate=1.000 eval_mean_score=16.000 eval_policy_mode=greedy [solved=100/100, score_range=16.00-16.00/8.0, initial=16.00]
[step 07000] PROGRESS: filled=16.00 violations=0.00 zero_cand=0.00
[step 07000] DEBUG: ep_len=1.0 ep_ret=0.840 stop_prob=0.000 score_chg=0.0000
[Checkpoint] Saved to /home/buiksat/trm_bellman/results/sudoku9x9/upi_trm_9x9_seed3/rl_checkpoint_step_7000.pt
[step 07100] opnorm clamp applied
[step 07100] value_loss=0.000015 policy_loss=-0.212191
[step 07100] VALUE_DEBUG: target(mean=0.84 std=0.00 min=0.84 max=0.84) V(s)(mean=0.84 std=0.00) reward(mean=0.840 std=0.000) clip=100.0
[step 07200] opnorm clamp applied
[step 07200] value_loss=0.000019 policy_loss=-0.210082
[step 07200] VALUE_DEBUG: target(mean=0.84 std=0.00 min=0.84 max=0.84) V(s)(mean=0.84 std=0.00) reward(mean=0.840 std=0.000) clip=100.0
[step 07300] opnorm clamp applied
[step 07300] value_loss=0.000038 policy_loss=-0.219939
[step 07300] VALUE_DEBUG: target(mean=0.84 std=0.00 min=0.84 max=0.84) V(s)(mean=0.84 std=0.00) reward(mean=0.840 std=0.000) clip=100.0
[step 07400] opnorm clamp applied
[step 07400] value_loss=0.000027 policy_loss=-0.208618
[step 07400] VALUE_DEBUG: target(mean=0.84 std=0.00 min=0.84 max=0.84) V(s)(mean=0.84 std=0.01) reward(mean=0.840 std=0.000) clip=100.0
[step 07500] opnorm clamp applied
[step 07500] value_loss=0.000048 policy_loss=-0.197847
[step 07500] VALUE_DEBUG: target(mean=0.84 std=0.00 min=0.84 max=0.84) V(s)(mean=0.85 std=0.00) reward(mean=0.840 std=0.000) clip=100.0
[step 07500] eval_success_rate=1.000 eval_mean_score=16.000 eval_policy_mode=greedy [solved=100/100, score_range=16.00-16.00/8.0, initial=16.00]
[step 07500] PROGRESS: filled=16.00 violations=0.00 zero_cand=0.00
[step 07500] DEBUG: ep_len=1.0 ep_ret=0.840 stop_prob=0.000 score_chg=0.0000
[step 07600] opnorm clamp applied
[step 07600] value_loss=0.000183 policy_loss=-0.214548
[step 07600] VALUE_DEBUG: target(mean=0.84 std=0.01 min=0.74 max=0.84) V(s)(mean=0.83 std=0.00) reward(mean=0.838 std=0.012) clip=100.0
[step 07700] opnorm clamp applied
[step 07700] value_loss=0.000027 policy_loss=-0.218409
[step 07700] VALUE_DEBUG: target(mean=0.84 std=0.00 min=0.84 max=0.84) V(s)(mean=0.84 std=0.00) reward(mean=0.840 std=0.000) clip=100.0
[step 07800] opnorm clamp applied
[step 07800] value_loss=0.000026 policy_loss=-0.207284
[step 07800] VALUE_DEBUG: target(mean=0.84 std=0.00 min=0.84 max=0.84) V(s)(mean=0.84 std=0.00) reward(mean=0.840 std=0.000) clip=100.0
[step 07900] opnorm clamp applied
[step 07900] value_loss=0.000003 policy_loss=-0.208419
[step 07900] VALUE_DEBUG: target(mean=0.84 std=0.00 min=0.84 max=0.84) V(s)(mean=0.84 std=0.00) reward(mean=0.840 std=0.000) clip=100.0
[step 08000] opnorm clamp applied
[step 08000] value_loss=0.000011 policy_loss=-0.210710
[step 08000] VALUE_DEBUG: target(mean=0.84 std=0.00 min=0.84 max=0.84) V(s)(mean=0.84 std=0.00) reward(mean=0.840 std=0.000) clip=100.0
[step 08000] eval_success_rate=1.000 eval_mean_score=16.000 eval_policy_mode=greedy [solved=100/100, score_range=16.00-16.00/8.0, initial=16.00]
[step 08000] PROGRESS: filled=16.00 violations=0.00 zero_cand=0.00
[step 08000] DEBUG: ep_len=1.0 ep_ret=0.840 stop_prob=0.000 score_chg=0.0000
[Checkpoint] Saved to /home/buiksat/trm_bellman/results/sudoku9x9/upi_trm_9x9_seed3/rl_checkpoint_step_8000.pt
[step 08100] opnorm clamp applied
[step 08100] value_loss=0.000012 policy_loss=-0.200297
[step 08100] VALUE_DEBUG: target(mean=0.84 std=0.00 min=0.84 max=0.84) V(s)(mean=0.84 std=0.00) reward(mean=0.840 std=0.000) clip=100.0
[step 08200] opnorm clamp applied
[step 08200] value_loss=0.000007 policy_loss=-0.208307
[step 08200] VALUE_DEBUG: target(mean=0.84 std=0.00 min=0.84 max=0.84) V(s)(mean=0.84 std=0.00) reward(mean=0.840 std=0.000) clip=100.0
[step 08300] opnorm clamp applied
[step 08300] value_loss=0.000066 policy_loss=-0.213241
[step 08300] VALUE_DEBUG: target(mean=0.84 std=0.00 min=0.84 max=0.84) V(s)(mean=0.85 std=0.00) reward(mean=0.840 std=0.000) clip=100.0
[step 08400] opnorm clamp applied
[step 08400] value_loss=0.000036 policy_loss=-0.208751
[step 08400] VALUE_DEBUG: target(mean=0.84 std=0.00 min=0.84 max=0.84) V(s)(mean=0.84 std=0.01) reward(mean=0.840 std=0.000) clip=100.0
[step 08500] opnorm clamp applied
[step 08500] value_loss=0.000014 policy_loss=-0.212397
[step 08500] VALUE_DEBUG: target(mean=0.84 std=0.00 min=0.84 max=0.84) V(s)(mean=0.84 std=0.00) reward(mean=0.840 std=0.000) clip=100.0
[step 08500] eval_success_rate=1.000 eval_mean_score=16.000 eval_policy_mode=greedy [solved=100/100, score_range=16.00-16.00/8.0, initial=16.00]
[step 08500] PROGRESS: filled=16.00 violations=0.00 zero_cand=0.00
[step 08500] DEBUG: ep_len=1.0 ep_ret=0.840 stop_prob=0.000 score_chg=0.0000
[step 08600] opnorm clamp applied
[step 08600] value_loss=0.000007 policy_loss=-0.217813
[step 08600] VALUE_DEBUG: target(mean=0.84 std=0.00 min=0.84 max=0.84) V(s)(mean=0.84 std=0.00) reward(mean=0.840 std=0.000) clip=100.0
[step 08700] opnorm clamp applied
[step 08700] value_loss=0.000006 policy_loss=-0.210809
[step 08700] VALUE_DEBUG: target(mean=0.84 std=0.00 min=0.84 max=0.84) V(s)(mean=0.84 std=0.00) reward(mean=0.840 std=0.000) clip=100.0
[step 08800] opnorm clamp applied
[step 08800] value_loss=0.000022 policy_loss=-0.217594
[step 08800] VALUE_DEBUG: target(mean=0.84 std=0.00 min=0.84 max=0.84) V(s)(mean=0.84 std=0.00) reward(mean=0.840 std=0.000) clip=100.0
[step 08900] opnorm clamp applied
[step 08900] value_loss=0.000170 policy_loss=-0.223471
[step 08900] VALUE_DEBUG: target(mean=0.84 std=0.01 min=0.74 max=0.84) V(s)(mean=0.83 std=0.00) reward(mean=0.838 std=0.012) clip=100.0
[step 09000] opnorm clamp applied
[step 09000] value_loss=0.000010 policy_loss=-0.219442
[step 09000] VALUE_DEBUG: target(mean=0.84 std=0.00 min=0.84 max=0.84) V(s)(mean=0.84 std=0.00) reward(mean=0.840 std=0.000) clip=100.0
[step 09000] eval_success_rate=1.000 eval_mean_score=16.000 eval_policy_mode=greedy [solved=100/100, score_range=16.00-16.00/8.0, initial=16.00]
[step 09000] PROGRESS: filled=16.00 violations=0.00 zero_cand=0.00
[step 09000] DEBUG: ep_len=1.0 ep_ret=0.840 stop_prob=0.000 score_chg=0.0000
[Checkpoint] Saved to /home/buiksat/trm_bellman/results/sudoku9x9/upi_trm_9x9_seed3/rl_checkpoint_step_9000.pt
[step 09100] opnorm clamp applied
[step 09100] value_loss=0.000007 policy_loss=-0.209300
[step 09100] VALUE_DEBUG: target(mean=0.84 std=0.00 min=0.84 max=0.84) V(s)(mean=0.84 std=0.00) reward(mean=0.840 std=0.000) clip=100.0
[step 09200] opnorm clamp applied
[step 09200] value_loss=0.000019 policy_loss=-0.220154
[step 09200] VALUE_DEBUG: target(mean=0.84 std=0.00 min=0.84 max=0.84) V(s)(mean=0.84 std=0.00) reward(mean=0.840 std=0.000) clip=100.0
[step 09300] opnorm clamp applied
[step 09300] value_loss=0.000003 policy_loss=-0.213242
[step 09300] VALUE_DEBUG: target(mean=0.84 std=0.00 min=0.84 max=0.84) V(s)(mean=0.84 std=0.00) reward(mean=0.840 std=0.000) clip=100.0
[step 09400] opnorm clamp applied
[step 09400] value_loss=0.000019 policy_loss=-0.206951
[step 09400] VALUE_DEBUG: target(mean=0.84 std=0.00 min=0.84 max=0.84) V(s)(mean=0.84 std=0.00) reward(mean=0.840 std=0.000) clip=100.0
[step 09500] opnorm clamp applied
[step 09500] value_loss=0.000005 policy_loss=-0.209181
[step 09500] VALUE_DEBUG: target(mean=0.84 std=0.00 min=0.84 max=0.84) V(s)(mean=0.84 std=0.00) reward(mean=0.840 std=0.000) clip=100.0
[step 09500] eval_success_rate=1.000 eval_mean_score=16.000 eval_policy_mode=greedy [solved=100/100, score_range=16.00-16.00/8.0, initial=16.00]
[step 09500] PROGRESS: filled=16.00 violations=0.00 zero_cand=0.00
[step 09500] DEBUG: ep_len=1.0 ep_ret=0.840 stop_prob=0.000 score_chg=0.0000
[step 09600] opnorm clamp applied
[step 09600] value_loss=0.000008 policy_loss=-0.212723
[step 09600] VALUE_DEBUG: target(mean=0.84 std=0.00 min=0.84 max=0.84) V(s)(mean=0.84 std=0.00) reward(mean=0.840 std=0.000) clip=100.0
[step 09700] opnorm clamp applied
[step 09700] value_loss=0.000018 policy_loss=-0.217071
[step 09700] VALUE_DEBUG: target(mean=0.84 std=0.00 min=0.84 max=0.84) V(s)(mean=0.84 std=0.00) reward(mean=0.840 std=0.000) clip=100.0
[step 09800] opnorm clamp applied
[step 09800] value_loss=0.000002 policy_loss=-0.216950
[step 09800] VALUE_DEBUG: target(mean=0.84 std=0.00 min=0.84 max=0.84) V(s)(mean=0.84 std=0.00) reward(mean=0.840 std=0.000) clip=100.0
[step 09900] opnorm clamp applied
[step 09900] value_loss=0.000000 policy_loss=-0.223004
[step 09900] VALUE_DEBUG: target(mean=0.84 std=0.00 min=0.84 max=0.84) V(s)(mean=0.84 std=0.00) reward(mean=0.840 std=0.000) clip=100.0
[step 10000] opnorm clamp applied
[step 10000] value_loss=0.000010 policy_loss=-0.222720
[step 10000] VALUE_DEBUG: target(mean=0.84 std=0.00 min=0.84 max=0.84) V(s)(mean=0.84 std=0.00) reward(mean=0.840 std=0.000) clip=100.0
[step 10000] eval_success_rate=1.000 eval_mean_score=16.000 eval_policy_mode=greedy [solved=100/100, score_range=16.00-16.00/8.0, initial=16.00]
[step 10000] PROGRESS: filled=16.00 violations=0.00 zero_cand=0.00
[step 10000] DEBUG: ep_len=1.0 ep_ret=0.840 stop_prob=0.000 score_chg=0.0000
[Checkpoint] Saved to /home/buiksat/trm_bellman/results/sudoku9x9/upi_trm_9x9_seed3/rl_checkpoint_step_10000.pt
[step 10100] opnorm clamp applied
[step 10100] value_loss=0.000026 policy_loss=-0.205539
[step 10100] VALUE_DEBUG: target(mean=0.84 std=0.00 min=0.84 max=0.84) V(s)(mean=0.84 std=0.01) reward(mean=0.840 std=0.000) clip=100.0
[step 10200] opnorm clamp applied
[step 10200] value_loss=0.000002 policy_loss=-0.223160
[step 10200] VALUE_DEBUG: target(mean=0.84 std=0.00 min=0.84 max=0.84) V(s)(mean=0.84 std=0.00) reward(mean=0.840 std=0.000) clip=100.0
[step 10300] opnorm clamp applied
[step 10300] value_loss=0.000022 policy_loss=-0.217831
[step 10300] VALUE_DEBUG: target(mean=0.84 std=0.00 min=0.84 max=0.84) V(s)(mean=0.84 std=0.00) reward(mean=0.840 std=0.000) clip=100.0
[step 10400] opnorm clamp applied
[step 10400] value_loss=0.000017 policy_loss=-0.225149
[step 10400] VALUE_DEBUG: target(mean=0.84 std=0.00 min=0.84 max=0.84) V(s)(mean=0.84 std=0.00) reward(mean=0.840 std=0.000) clip=100.0
[step 10500] opnorm clamp applied
[step 10500] value_loss=0.000164 policy_loss=-0.201324
[step 10500] VALUE_DEBUG: target(mean=0.84 std=0.01 min=0.74 max=0.84) V(s)(mean=0.84 std=0.00) reward(mean=0.838 std=0.012) clip=100.0
[step 10500] eval_success_rate=1.000 eval_mean_score=16.000 eval_policy_mode=greedy [solved=100/100, score_range=16.00-16.00/8.0, initial=16.00]
[step 10500] PROGRESS: filled=16.00 violations=0.00 zero_cand=0.00
[step 10500] DEBUG: ep_len=1.0 ep_ret=0.840 stop_prob=0.000 score_chg=0.0000
[step 10600] opnorm clamp applied
[step 10600] value_loss=0.000004 policy_loss=-0.215308
[step 10600] VALUE_DEBUG: target(mean=0.84 std=0.00 min=0.84 max=0.84) V(s)(mean=0.84 std=0.00) reward(mean=0.840 std=0.000) clip=100.0
[step 10700] opnorm clamp applied
[step 10700] value_loss=0.000012 policy_loss=-0.219410
[step 10700] VALUE_DEBUG: target(mean=0.84 std=0.00 min=0.84 max=0.84) V(s)(mean=0.84 std=0.00) reward(mean=0.840 std=0.000) clip=100.0
[step 10800] opnorm clamp applied
[step 10800] value_loss=0.000008 policy_loss=-0.227517
[step 10800] VALUE_DEBUG: target(mean=0.84 std=0.00 min=0.84 max=0.84) V(s)(mean=0.84 std=0.00) reward(mean=0.840 std=0.000) clip=100.0
[step 10900] opnorm clamp applied
[step 10900] value_loss=0.000002 policy_loss=-0.204274
[step 10900] VALUE_DEBUG: target(mean=0.84 std=0.00 min=0.84 max=0.84) V(s)(mean=0.84 std=0.00) reward(mean=0.840 std=0.000) clip=100.0
[step 11000] opnorm clamp applied
[step 11000] value_loss=0.000019 policy_loss=-0.209321
[step 11000] VALUE_DEBUG: target(mean=0.84 std=0.00 min=0.84 max=0.84) V(s)(mean=0.84 std=0.00) reward(mean=0.840 std=0.000) clip=100.0
[step 11000] eval_success_rate=1.000 eval_mean_score=16.000 eval_policy_mode=greedy [solved=100/100, score_range=16.00-16.00/8.0, initial=16.00]
[step 11000] PROGRESS: filled=16.00 violations=0.00 zero_cand=0.00
[step 11000] DEBUG: ep_len=1.0 ep_ret=0.840 stop_prob=0.000 score_chg=0.0000
[Checkpoint] Saved to /home/buiksat/trm_bellman/results/sudoku9x9/upi_trm_9x9_seed3/rl_checkpoint_step_11000.pt
[step 11100] opnorm clamp applied
[step 11100] value_loss=0.000006 policy_loss=-0.218042
[step 11100] VALUE_DEBUG: target(mean=0.84 std=0.00 min=0.84 max=0.84) V(s)(mean=0.84 std=0.00) reward(mean=0.840 std=0.000) clip=100.0
[step 11200] opnorm clamp applied
[step 11200] value_loss=0.000014 policy_loss=-0.212932
[step 11200] VALUE_DEBUG: target(mean=0.84 std=0.00 min=0.84 max=0.84) V(s)(mean=0.84 std=0.00) reward(mean=0.840 std=0.000) clip=100.0
[step 11300] opnorm clamp applied
[step 11300] value_loss=0.000007 policy_loss=-0.217057
[step 11300] VALUE_DEBUG: target(mean=0.84 std=0.00 min=0.84 max=0.84) V(s)(mean=0.84 std=0.00) reward(mean=0.840 std=0.000) clip=100.0
[step 11400] opnorm clamp applied
[step 11400] value_loss=0.000007 policy_loss=-0.203065
[step 11400] VALUE_DEBUG: target(mean=0.84 std=0.00 min=0.84 max=0.84) V(s)(mean=0.84 std=0.00) reward(mean=0.840 std=0.000) clip=100.0
[step 11500] opnorm clamp applied
[step 11500] value_loss=0.000011 policy_loss=-0.220226
[step 11500] VALUE_DEBUG: target(mean=0.84 std=0.00 min=0.84 max=0.84) V(s)(mean=0.84 std=0.00) reward(mean=0.840 std=0.000) clip=100.0
[step 11500] eval_success_rate=1.000 eval_mean_score=16.000 eval_policy_mode=greedy [solved=100/100, score_range=16.00-16.00/8.0, initial=16.00]
[step 11500] PROGRESS: filled=16.00 violations=0.00 zero_cand=0.00
[step 11500] DEBUG: ep_len=1.0 ep_ret=0.840 stop_prob=0.000 score_chg=0.0000
[step 11600] opnorm clamp applied
[step 11600] value_loss=0.000003 policy_loss=-0.218710
[step 11600] VALUE_DEBUG: target(mean=0.84 std=0.00 min=0.84 max=0.84) V(s)(mean=0.84 std=0.00) reward(mean=0.840 std=0.000) clip=100.0
[step 11700] opnorm clamp applied
[step 11700] value_loss=0.000001 policy_loss=-0.210492
[step 11700] VALUE_DEBUG: target(mean=0.84 std=0.00 min=0.84 max=0.84) V(s)(mean=0.84 std=0.00) reward(mean=0.840 std=0.000) clip=100.0
[step 11800] opnorm clamp applied
[step 11800] value_loss=0.000001 policy_loss=-0.220156
[step 11800] VALUE_DEBUG: target(mean=0.84 std=0.00 min=0.84 max=0.84) V(s)(mean=0.84 std=0.00) reward(mean=0.840 std=0.000) clip=100.0
[step 11900] opnorm clamp applied
[step 11900] value_loss=0.000000 policy_loss=-0.212893
[step 11900] VALUE_DEBUG: target(mean=0.84 std=0.00 min=0.84 max=0.84) V(s)(mean=0.84 std=0.00) reward(mean=0.840 std=0.000) clip=100.0
[step 12000] opnorm clamp applied
[step 12000] value_loss=0.000028 policy_loss=-0.207930
[step 12000] VALUE_DEBUG: target(mean=0.84 std=0.00 min=0.84 max=0.84) V(s)(mean=0.84 std=0.00) reward(mean=0.840 std=0.000) clip=100.0
[step 12000] eval_success_rate=1.000 eval_mean_score=16.000 eval_policy_mode=greedy [solved=100/100, score_range=16.00-16.00/8.0, initial=16.00]
[step 12000] PROGRESS: filled=16.00 violations=0.00 zero_cand=0.00
[step 12000] DEBUG: ep_len=1.0 ep_ret=0.840 stop_prob=0.000 score_chg=0.0000
[Checkpoint] Saved to /home/buiksat/trm_bellman/results/sudoku9x9/upi_trm_9x9_seed3/rl_checkpoint_step_12000.pt
[step 12100] opnorm clamp applied
[step 12100] value_loss=0.000023 policy_loss=-0.210999
[step 12100] VALUE_DEBUG: target(mean=0.84 std=0.00 min=0.84 max=0.84) V(s)(mean=0.84 std=0.00) reward(mean=0.840 std=0.000) clip=100.0
[step 12200] opnorm clamp applied
[step 12200] value_loss=0.000006 policy_loss=-0.206941
[step 12200] VALUE_DEBUG: target(mean=0.84 std=0.00 min=0.84 max=0.84) V(s)(mean=0.84 std=0.00) reward(mean=0.840 std=0.000) clip=100.0
[step 12300] opnorm clamp applied
[step 12300] value_loss=0.000006 policy_loss=-0.214791
[step 12300] VALUE_DEBUG: target(mean=0.84 std=0.00 min=0.84 max=0.84) V(s)(mean=0.84 std=0.00) reward(mean=0.840 std=0.000) clip=100.0
[step 12400] opnorm clamp applied
[step 12400] value_loss=0.000000 policy_loss=-0.218667
[step 12400] VALUE_DEBUG: target(mean=0.84 std=0.00 min=0.84 max=0.84) V(s)(mean=0.84 std=0.00) reward(mean=0.840 std=0.000) clip=100.0
[step 12500] opnorm clamp applied
[step 12500] value_loss=0.000021 policy_loss=-0.219577
[step 12500] VALUE_DEBUG: target(mean=0.84 std=0.00 min=0.84 max=0.84) V(s)(mean=0.84 std=0.00) reward(mean=0.840 std=0.000) clip=100.0
[step 12500] eval_success_rate=1.000 eval_mean_score=16.000 eval_policy_mode=greedy [solved=100/100, score_range=16.00-16.00/8.0, initial=16.00]
[step 12500] PROGRESS: filled=16.00 violations=0.00 zero_cand=0.00
[step 12500] DEBUG: ep_len=1.0 ep_ret=0.840 stop_prob=0.000 score_chg=0.0000
[step 12600] opnorm clamp applied
[step 12600] value_loss=0.000195 policy_loss=-0.211085
[step 12600] VALUE_DEBUG: target(mean=0.84 std=0.01 min=0.74 max=0.84) V(s)(mean=0.84 std=0.00) reward(mean=0.838 std=0.012) clip=100.0
[step 12700] opnorm clamp applied
[step 12700] value_loss=0.000013 policy_loss=-0.217788
[step 12700] VALUE_DEBUG: target(mean=0.84 std=0.00 min=0.84 max=0.84) V(s)(mean=0.84 std=0.00) reward(mean=0.840 std=0.000) clip=100.0
[step 12800] opnorm clamp applied
[step 12800] value_loss=0.000002 policy_loss=-0.203466
[step 12800] VALUE_DEBUG: target(mean=0.84 std=0.00 min=0.84 max=0.84) V(s)(mean=0.84 std=0.00) reward(mean=0.840 std=0.000) clip=100.0
[step 12900] opnorm clamp applied
[step 12900] value_loss=0.000010 policy_loss=-0.221803
[step 12900] VALUE_DEBUG: target(mean=0.84 std=0.00 min=0.84 max=0.84) V(s)(mean=0.84 std=0.00) reward(mean=0.840 std=0.000) clip=100.0
[step 13000] opnorm clamp applied
[step 13000] value_loss=0.000003 policy_loss=-0.208383
[step 13000] VALUE_DEBUG: target(mean=0.84 std=0.00 min=0.84 max=0.84) V(s)(mean=0.84 std=0.00) reward(mean=0.840 std=0.000) clip=100.0
[step 13000] eval_success_rate=1.000 eval_mean_score=16.000 eval_policy_mode=greedy [solved=100/100, score_range=16.00-16.00/8.0, initial=16.00]
[step 13000] PROGRESS: filled=16.00 violations=0.00 zero_cand=0.00
[step 13000] DEBUG: ep_len=1.0 ep_ret=0.840 stop_prob=0.000 score_chg=0.0000
[Checkpoint] Saved to /home/buiksat/trm_bellman/results/sudoku9x9/upi_trm_9x9_seed3/rl_checkpoint_step_13000.pt
[step 13100] opnorm clamp applied
[step 13100] value_loss=0.000007 policy_loss=-0.215187
[step 13100] VALUE_DEBUG: target(mean=0.84 std=0.00 min=0.84 max=0.84) V(s)(mean=0.84 std=0.00) reward(mean=0.840 std=0.000) clip=100.0
[step 13200] opnorm clamp applied
[step 13200] value_loss=0.000001 policy_loss=-0.224204
[step 13200] VALUE_DEBUG: target(mean=0.84 std=0.00 min=0.84 max=0.84) V(s)(mean=0.84 std=0.00) reward(mean=0.840 std=0.000) clip=100.0
[step 13300] opnorm clamp applied
[step 13300] value_loss=0.000006 policy_loss=-0.211028
[step 13300] VALUE_DEBUG: target(mean=0.84 std=0.00 min=0.84 max=0.84) V(s)(mean=0.84 std=0.00) reward(mean=0.840 std=0.000) clip=100.0
[step 13400] opnorm clamp applied
[step 13400] value_loss=0.000021 policy_loss=-0.204624
[step 13400] VALUE_DEBUG: target(mean=0.84 std=0.00 min=0.84 max=0.84) V(s)(mean=0.84 std=0.00) reward(mean=0.840 std=0.000) clip=100.0
[step 13500] opnorm clamp applied
[step 13500] value_loss=0.000003 policy_loss=-0.223484
[step 13500] VALUE_DEBUG: target(mean=0.84 std=0.00 min=0.84 max=0.84) V(s)(mean=0.84 std=0.00) reward(mean=0.840 std=0.000) clip=100.0
[step 13500] eval_success_rate=1.000 eval_mean_score=16.000 eval_policy_mode=greedy [solved=100/100, score_range=16.00-16.00/8.0, initial=16.00]
[step 13500] PROGRESS: filled=16.00 violations=0.00 zero_cand=0.00
[step 13500] DEBUG: ep_len=1.0 ep_ret=0.840 stop_prob=0.000 score_chg=0.0000
[step 13600] opnorm clamp applied
[step 13600] value_loss=0.000010 policy_loss=-0.217241
[step 13600] VALUE_DEBUG: target(mean=0.84 std=0.00 min=0.84 max=0.84) V(s)(mean=0.84 std=0.00) reward(mean=0.840 std=0.000) clip=100.0
[step 13700] opnorm clamp applied
[step 13700] value_loss=0.000000 policy_loss=-0.218615
[step 13700] VALUE_DEBUG: target(mean=0.84 std=0.00 min=0.84 max=0.84) V(s)(mean=0.84 std=0.00) reward(mean=0.840 std=0.000) clip=100.0
[step 13800] opnorm clamp applied
[step 13800] value_loss=0.000001 policy_loss=-0.229705
[step 13800] VALUE_DEBUG: target(mean=0.84 std=0.00 min=0.84 max=0.84) V(s)(mean=0.84 std=0.00) reward(mean=0.840 std=0.000) clip=100.0
[step 13900] opnorm clamp applied
[step 13900] value_loss=0.000004 policy_loss=-0.206281
[step 13900] VALUE_DEBUG: target(mean=0.84 std=0.00 min=0.84 max=0.84) V(s)(mean=0.84 std=0.00) reward(mean=0.840 std=0.000) clip=100.0
[step 14000] opnorm clamp applied
[step 14000] value_loss=0.000014 policy_loss=-0.211247
[step 14000] VALUE_DEBUG: target(mean=0.84 std=0.00 min=0.84 max=0.84) V(s)(mean=0.84 std=0.00) reward(mean=0.840 std=0.000) clip=100.0
[step 14000] eval_success_rate=1.000 eval_mean_score=16.000 eval_policy_mode=greedy [solved=100/100, score_range=16.00-16.00/8.0, initial=16.00]
[step 14000] PROGRESS: filled=16.00 violations=0.00 zero_cand=0.00
[step 14000] DEBUG: ep_len=1.0 ep_ret=0.840 stop_prob=0.000 score_chg=0.0000
[Checkpoint] Saved to /home/buiksat/trm_bellman/results/sudoku9x9/upi_trm_9x9_seed3/rl_checkpoint_step_14000.pt
[step 14100] opnorm clamp applied
[step 14100] value_loss=0.000006 policy_loss=-0.213131
[step 14100] VALUE_DEBUG: target(mean=0.84 std=0.00 min=0.84 max=0.84) V(s)(mean=0.84 std=0.00) reward(mean=0.840 std=0.000) clip=100.0
[step 14200] opnorm clamp applied
[step 14200] value_loss=0.000000 policy_loss=-0.221454
[step 14200] VALUE_DEBUG: target(mean=0.84 std=0.00 min=0.84 max=0.84) V(s)(mean=0.84 std=0.00) reward(mean=0.840 std=0.000) clip=100.0
[step 14300] opnorm clamp applied
[step 14300] value_loss=0.000000 policy_loss=-0.219680
[step 14300] VALUE_DEBUG: target(mean=0.84 std=0.00 min=0.84 max=0.84) V(s)(mean=0.84 std=0.00) reward(mean=0.840 std=0.000) clip=100.0
[step 14400] opnorm clamp applied
[step 14400] value_loss=0.000008 policy_loss=-0.213426
[step 14400] VALUE_DEBUG: target(mean=0.84 std=0.00 min=0.84 max=0.84) V(s)(mean=0.84 std=0.00) reward(mean=0.840 std=0.000) clip=100.0
[step 14500] opnorm clamp applied
[step 14500] value_loss=0.000009 policy_loss=-0.214067
[step 14500] VALUE_DEBUG: target(mean=0.84 std=0.00 min=0.84 max=0.84) V(s)(mean=0.84 std=0.00) reward(mean=0.840 std=0.000) clip=100.0
[step 14500] eval_success_rate=1.000 eval_mean_score=16.000 eval_policy_mode=greedy [solved=100/100, score_range=16.00-16.00/8.0, initial=16.00]
[step 14500] PROGRESS: filled=16.00 violations=0.00 zero_cand=0.00
[step 14500] DEBUG: ep_len=1.0 ep_ret=0.840 stop_prob=0.000 score_chg=0.0000
[step 14600] opnorm clamp applied
[step 14600] value_loss=0.000002 policy_loss=-0.209408
[step 14600] VALUE_DEBUG: target(mean=0.84 std=0.00 min=0.84 max=0.84) V(s)(mean=0.84 std=0.00) reward(mean=0.840 std=0.000) clip=100.0
[step 14700] opnorm clamp applied
[step 14700] value_loss=0.000155 policy_loss=-0.201953
[step 14700] VALUE_DEBUG: target(mean=0.84 std=0.01 min=0.74 max=0.84) V(s)(mean=0.84 std=0.00) reward(mean=0.838 std=0.012) clip=100.0
[step 14800] opnorm clamp applied
[step 14800] value_loss=0.000000 policy_loss=-0.203980
[step 14800] VALUE_DEBUG: target(mean=0.84 std=0.00 min=0.84 max=0.84) V(s)(mean=0.84 std=0.00) reward(mean=0.840 std=0.000) clip=100.0
[step 14900] opnorm clamp applied
[step 14900] value_loss=0.000009 policy_loss=-0.211061
[step 14900] VALUE_DEBUG: target(mean=0.84 std=0.00 min=0.84 max=0.84) V(s)(mean=0.84 std=0.00) reward(mean=0.840 std=0.000) clip=100.0
[step 15000] opnorm clamp applied
[step 15000] value_loss=0.000000 policy_loss=-0.219858
[step 15000] VALUE_DEBUG: target(mean=0.84 std=0.00 min=0.84 max=0.84) V(s)(mean=0.84 std=0.00) reward(mean=0.840 std=0.000) clip=100.0
[step 15000] eval_success_rate=1.000 eval_mean_score=16.000 eval_policy_mode=greedy [solved=100/100, score_range=16.00-16.00/8.0, initial=16.00]
[step 15000] PROGRESS: filled=16.00 violations=0.00 zero_cand=0.00
[step 15000] DEBUG: ep_len=1.0 ep_ret=0.840 stop_prob=0.000 score_chg=0.0000
[Checkpoint] Saved to /home/buiksat/trm_bellman/results/sudoku9x9/upi_trm_9x9_seed3/rl_checkpoint_step_15000.pt
[step 15100] opnorm clamp applied
[step 15100] value_loss=0.000000 policy_loss=-0.211926
[step 15100] VALUE_DEBUG: target(mean=0.84 std=0.00 min=0.84 max=0.84) V(s)(mean=0.84 std=0.00) reward(mean=0.840 std=0.000) clip=100.0
[step 15200] opnorm clamp applied
[step 15200] value_loss=0.000028 policy_loss=-0.217147
[step 15200] VALUE_DEBUG: target(mean=0.84 std=0.00 min=0.84 max=0.84) V(s)(mean=0.84 std=0.00) reward(mean=0.840 std=0.000) clip=100.0
[step 15300] opnorm clamp applied
[step 15300] value_loss=0.000002 policy_loss=-0.214493
[step 15300] VALUE_DEBUG: target(mean=0.84 std=0.00 min=0.84 max=0.84) V(s)(mean=0.84 std=0.00) reward(mean=0.840 std=0.000) clip=100.0
[step 15400] opnorm clamp applied
[step 15400] value_loss=0.000002 policy_loss=-0.214438
[step 15400] VALUE_DEBUG: target(mean=0.84 std=0.00 min=0.84 max=0.84) V(s)(mean=0.84 std=0.00) reward(mean=0.840 std=0.000) clip=100.0
[step 15500] opnorm clamp applied
[step 15500] value_loss=0.000000 policy_loss=-0.206197
[step 15500] VALUE_DEBUG: target(mean=0.84 std=0.00 min=0.84 max=0.84) V(s)(mean=0.84 std=0.00) reward(mean=0.840 std=0.000) clip=100.0
[step 15500] eval_success_rate=1.000 eval_mean_score=16.000 eval_policy_mode=greedy [solved=100/100, score_range=16.00-16.00/8.0, initial=16.00]
[step 15500] PROGRESS: filled=16.00 violations=0.00 zero_cand=0.00
[step 15500] DEBUG: ep_len=1.0 ep_ret=0.840 stop_prob=0.000 score_chg=0.0000
[step 15600] opnorm clamp applied
[step 15600] value_loss=0.000015 policy_loss=-0.217145
[step 15600] VALUE_DEBUG: target(mean=0.84 std=0.00 min=0.84 max=0.84) V(s)(mean=0.84 std=0.00) reward(mean=0.840 std=0.000) clip=100.0
[step 15700] opnorm clamp applied
[step 15700] value_loss=0.000003 policy_loss=-0.212855
[step 15700] VALUE_DEBUG: target(mean=0.84 std=0.00 min=0.84 max=0.84) V(s)(mean=0.84 std=0.00) reward(mean=0.840 std=0.000) clip=100.0
[step 15800] opnorm clamp applied
[step 15800] value_loss=0.000007 policy_loss=-0.215711
[step 15800] VALUE_DEBUG: target(mean=0.84 std=0.00 min=0.84 max=0.84) V(s)(mean=0.84 std=0.00) reward(mean=0.840 std=0.000) clip=100.0
[step 15900] opnorm clamp applied
[step 15900] value_loss=0.000007 policy_loss=-0.214943
[step 15900] VALUE_DEBUG: target(mean=0.84 std=0.00 min=0.84 max=0.84) V(s)(mean=0.84 std=0.00) reward(mean=0.840 std=0.000) clip=100.0
[step 16000] opnorm clamp applied
[step 16000] value_loss=0.000014 policy_loss=-0.216971
[step 16000] VALUE_DEBUG: target(mean=0.84 std=0.00 min=0.84 max=0.84) V(s)(mean=0.84 std=0.00) reward(mean=0.840 std=0.000) clip=100.0
[step 16000] eval_success_rate=1.000 eval_mean_score=16.000 eval_policy_mode=greedy [solved=100/100, score_range=16.00-16.00/8.0, initial=16.00]
[step 16000] PROGRESS: filled=16.00 violations=0.00 zero_cand=0.00
[step 16000] DEBUG: ep_len=1.0 ep_ret=0.840 stop_prob=0.000 score_chg=0.0000
[Checkpoint] Saved to /home/buiksat/trm_bellman/results/sudoku9x9/upi_trm_9x9_seed3/rl_checkpoint_step_16000.pt
[step 16100] opnorm clamp applied
[step 16100] value_loss=0.000001 policy_loss=-0.208592
[step 16100] VALUE_DEBUG: target(mean=0.84 std=0.00 min=0.84 max=0.84) V(s)(mean=0.84 std=0.00) reward(mean=0.840 std=0.000) clip=100.0
[step 16200] opnorm clamp applied
[step 16200] value_loss=0.000000 policy_loss=-0.215214
[step 16200] VALUE_DEBUG: target(mean=0.84 std=0.00 min=0.84 max=0.84) V(s)(mean=0.84 std=0.00) reward(mean=0.840 std=0.000) clip=100.0
[step 16300] opnorm clamp applied
[step 16300] value_loss=0.000002 policy_loss=-0.219021
[step 16300] VALUE_DEBUG: target(mean=0.84 std=0.00 min=0.84 max=0.84) V(s)(mean=0.84 std=0.00) reward(mean=0.840 std=0.000) clip=100.0
[step 16400] opnorm clamp applied
[step 16400] value_loss=0.000154 policy_loss=-0.208091
[step 16400] VALUE_DEBUG: target(mean=0.84 std=0.01 min=0.74 max=0.84) V(s)(mean=0.84 std=0.00) reward(mean=0.838 std=0.012) clip=100.0
[step 16500] opnorm clamp applied
[step 16500] value_loss=0.000002 policy_loss=-0.224486
[step 16500] VALUE_DEBUG: target(mean=0.84 std=0.00 min=0.84 max=0.84) V(s)(mean=0.84 std=0.00) reward(mean=0.840 std=0.000) clip=100.0
[step 16500] eval_success_rate=1.000 eval_mean_score=16.000 eval_policy_mode=greedy [solved=100/100, score_range=16.00-16.00/8.0, initial=16.00]
[step 16500] PROGRESS: filled=16.00 violations=0.00 zero_cand=0.00
[step 16500] DEBUG: ep_len=1.0 ep_ret=0.840 stop_prob=0.000 score_chg=0.0000
[step 16600] opnorm clamp applied
[step 16600] value_loss=0.000000 policy_loss=-0.211473
[step 16600] VALUE_DEBUG: target(mean=0.84 std=0.00 min=0.84 max=0.84) V(s)(mean=0.84 std=0.00) reward(mean=0.840 std=0.000) clip=100.0
