[2026-04-14T14:39:12.837-07:00] Buck UI: https://www.internalfb.com/buck2/d68efc98-46ec-48f4-94e0-fe8f0e6917b9
[2026-04-14T14:39:12.952-07:00] Network: Up: 0B  Down: 0B
BUILD SUCCEEDED - starting your binary
WARNING:root:===========[FB_TRITON]=========== Triton Version: 3.5.0+fb
INFO:2026-04-14 14:39:21 240596:240596 CuptiCallbackApi.cpp:69] Callback: domain = 3, cbid = 1
INFO:2026-04-14 14:39:21 240596:240596 CuptiActivityProfiler.cpp:93] CUDA versions. CUPTI: 22; Runtime: 12040; Driver: 12040
INFO:2026-04-14 14:39:21 240596:242422 FBConfig.cpp:330] Perfetto builder enabled: 1
INFO:2026-04-14 14:39:21 240596:242422 DynoConfigLoader.cpp:61] Setting communication fabric enabled = 0
INFO:2026-04-14 14:39:21 240596:242422 DynoConfigLoader.cpp:61] Setting communication fabric enabled = 0
[step 00100] eval_success_rate=0.000 eval_mean_return=-18.575 eval_invalid_action_rate=0.736
[step 00200] eval_success_rate=0.000 eval_mean_return=-18.623 eval_invalid_action_rate=0.696
[step 00300] eval_success_rate=0.000 eval_mean_return=-18.588 eval_invalid_action_rate=0.736
[step 00400] eval_success_rate=0.000 eval_mean_return=-18.907 eval_invalid_action_rate=0.680
[step 00500] eval_success_rate=0.000 eval_mean_return=-19.747 eval_invalid_action_rate=0.460
[step 00600] eval_success_rate=0.000 eval_mean_return=-18.101 eval_invalid_action_rate=0.820
[step 00700] eval_success_rate=0.000 eval_mean_return=-17.983 eval_invalid_action_rate=0.860
[step 00800] eval_success_rate=0.000 eval_mean_return=-18.620 eval_invalid_action_rate=0.660
[step 00900] eval_success_rate=0.000 eval_mean_return=-19.053 eval_invalid_action_rate=0.600
[step 01000] eval_success_rate=0.000 eval_mean_return=-18.880 eval_invalid_action_rate=0.537
[step 01000] checkpoint=/home/buiksat/trm_bellman/results/neurips2026/external_hard4x4_20k/a2c/seed6/model_step_1000.zip
[step 01100] eval_success_rate=0.000 eval_mean_return=-18.605 eval_invalid_action_rate=0.459
[step 01200] eval_success_rate=0.000 eval_mean_return=-18.716 eval_invalid_action_rate=0.420
[step 01300] eval_success_rate=0.000 eval_mean_return=-18.731 eval_invalid_action_rate=0.460
[step 01400] eval_success_rate=0.000 eval_mean_return=-18.555 eval_invalid_action_rate=0.340
[step 01500] eval_success_rate=0.000 eval_mean_return=-18.687 eval_invalid_action_rate=0.460
[step 01600] eval_success_rate=0.000 eval_mean_return=-18.594 eval_invalid_action_rate=0.559
[step 01700] eval_success_rate=0.000 eval_mean_return=-18.364 eval_invalid_action_rate=0.676
[step 01800] eval_success_rate=0.000 eval_mean_return=-18.138 eval_invalid_action_rate=0.680
[step 01900] eval_success_rate=0.000 eval_mean_return=-18.216 eval_invalid_action_rate=0.580
[step 02000] eval_success_rate=0.000 eval_mean_return=-18.120 eval_invalid_action_rate=0.640
[step 02000] checkpoint=/home/buiksat/trm_bellman/results/neurips2026/external_hard4x4_20k/a2c/seed6/model_step_2000.zip
[step 02100] eval_success_rate=0.000 eval_mean_return=-18.102 eval_invalid_action_rate=0.600
[step 02200] eval_success_rate=0.000 eval_mean_return=-18.038 eval_invalid_action_rate=0.640
[step 02300] eval_success_rate=0.000 eval_mean_return=-18.126 eval_invalid_action_rate=0.679
[step 02400] eval_success_rate=0.000 eval_mean_return=-18.038 eval_invalid_action_rate=0.640
[step 02500] eval_success_rate=0.000 eval_mean_return=-17.558 eval_invalid_action_rate=0.940
[step 02600] eval_success_rate=0.000 eval_mean_return=-17.546 eval_invalid_action_rate=0.999
[step 02700] eval_success_rate=0.000 eval_mean_return=-17.462 eval_invalid_action_rate=1.000
[step 02800] eval_success_rate=0.000 eval_mean_return=-17.642 eval_invalid_action_rate=0.920
[step 02900] eval_success_rate=0.000 eval_mean_return=-17.706 eval_invalid_action_rate=0.880
[step 03000] eval_success_rate=0.000 eval_mean_return=-18.083 eval_invalid_action_rate=0.779
[step 03000] checkpoint=/home/buiksat/trm_bellman/results/neurips2026/external_hard4x4_20k/a2c/seed6/model_step_3000.zip
[step 03100] eval_success_rate=0.000 eval_mean_return=-17.706 eval_invalid_action_rate=0.880
[step 03200] eval_success_rate=0.000 eval_mean_return=-17.674 eval_invalid_action_rate=0.900
[step 03300] eval_success_rate=0.000 eval_mean_return=-17.642 eval_invalid_action_rate=0.920
[step 03400] eval_success_rate=0.000 eval_mean_return=-17.642 eval_invalid_action_rate=0.920
[step 03500] eval_success_rate=0.000 eval_mean_return=-17.610 eval_invalid_action_rate=0.940
[step 03600] eval_success_rate=0.000 eval_mean_return=-17.706 eval_invalid_action_rate=0.880
[step 03700] eval_success_rate=0.000 eval_mean_return=-17.736 eval_invalid_action_rate=0.880
[step 03800] eval_success_rate=0.000 eval_mean_return=-17.704 eval_invalid_action_rate=0.900
[step 03900] eval_success_rate=0.000 eval_mean_return=-17.622 eval_invalid_action_rate=0.900
[step 04000] eval_success_rate=0.000 eval_mean_return=-17.672 eval_invalid_action_rate=0.920
[step 04000] checkpoint=/home/buiksat/trm_bellman/results/neurips2026/external_hard4x4_20k/a2c/seed6/model_step_4000.zip
[step 04100] eval_success_rate=0.000 eval_mean_return=-17.704 eval_invalid_action_rate=0.900
[step 04200] eval_success_rate=0.000 eval_mean_return=-17.622 eval_invalid_action_rate=0.900
[step 04300] eval_success_rate=0.000 eval_mean_return=-17.672 eval_invalid_action_rate=0.920
[step 04400] eval_success_rate=0.000 eval_mean_return=-17.526 eval_invalid_action_rate=0.960
[step 04500] eval_success_rate=0.000 eval_mean_return=-17.640 eval_invalid_action_rate=0.940
[step 04600] eval_success_rate=0.000 eval_mean_return=-17.640 eval_invalid_action_rate=0.940
[step 04700] eval_success_rate=0.000 eval_mean_return=-17.640 eval_invalid_action_rate=0.940
[step 04800] eval_success_rate=0.000 eval_mean_return=-17.610 eval_invalid_action_rate=0.959
[step 04900] eval_success_rate=0.000 eval_mean_return=-17.494 eval_invalid_action_rate=0.980
[step 05000] eval_success_rate=0.000 eval_mean_return=-17.654 eval_invalid_action_rate=0.880
[step 05000] checkpoint=/home/buiksat/trm_bellman/results/neurips2026/external_hard4x4_20k/a2c/seed6/model_step_5000.zip
[step 05100] eval_success_rate=0.000 eval_mean_return=-17.654 eval_invalid_action_rate=0.880
[step 05200] eval_success_rate=0.000 eval_mean_return=-17.654 eval_invalid_action_rate=0.880
[step 05300] eval_success_rate=0.000 eval_mean_return=-17.654 eval_invalid_action_rate=0.880
[step 05400] eval_success_rate=0.000 eval_mean_return=-17.654 eval_invalid_action_rate=0.880
[step 05500] eval_success_rate=0.000 eval_mean_return=-17.814 eval_invalid_action_rate=0.780
[step 05600] eval_success_rate=0.000 eval_mean_return=-17.686 eval_invalid_action_rate=0.860
[step 05700] eval_success_rate=0.000 eval_mean_return=-17.718 eval_invalid_action_rate=0.840
[step 05800] eval_success_rate=0.000 eval_mean_return=-17.686 eval_invalid_action_rate=0.860
[step 05900] eval_success_rate=0.000 eval_mean_return=-17.654 eval_invalid_action_rate=0.880
[step 06000] eval_success_rate=0.000 eval_mean_return=-17.686 eval_invalid_action_rate=0.860
[step 06000] checkpoint=/home/buiksat/trm_bellman/results/neurips2026/external_hard4x4_20k/a2c/seed6/model_step_6000.zip
[step 06100] eval_success_rate=0.000 eval_mean_return=-17.718 eval_invalid_action_rate=0.840
[step 06200] eval_success_rate=0.000 eval_mean_return=-17.750 eval_invalid_action_rate=0.820
[step 06300] eval_success_rate=0.000 eval_mean_return=-17.878 eval_invalid_action_rate=0.740
[step 06400] eval_success_rate=0.000 eval_mean_return=-18.134 eval_invalid_action_rate=0.580
[step 06500] eval_success_rate=0.000 eval_mean_return=-18.134 eval_invalid_action_rate=0.580
[step 06600] eval_success_rate=0.000 eval_mean_return=-18.038 eval_invalid_action_rate=0.640
[step 06700] eval_success_rate=0.000 eval_mean_return=-18.230 eval_invalid_action_rate=0.520
[step 06800] eval_success_rate=0.000 eval_mean_return=-18.269 eval_invalid_action_rate=0.560
[step 06900] eval_success_rate=0.000 eval_mean_return=-18.269 eval_invalid_action_rate=0.560
[step 07000] eval_success_rate=0.000 eval_mean_return=-18.038 eval_invalid_action_rate=0.640
[step 07000] checkpoint=/home/buiksat/trm_bellman/results/neurips2026/external_hard4x4_20k/a2c/seed6/model_step_7000.zip
[step 07100] eval_success_rate=0.000 eval_mean_return=-18.134 eval_invalid_action_rate=0.580
[step 07200] eval_success_rate=0.000 eval_mean_return=-18.134 eval_invalid_action_rate=0.580
[step 07300] eval_success_rate=0.000 eval_mean_return=-18.262 eval_invalid_action_rate=0.500
[step 07400] eval_success_rate=0.000 eval_mean_return=-18.262 eval_invalid_action_rate=0.500
[step 07500] eval_success_rate=0.000 eval_mean_return=-18.102 eval_invalid_action_rate=0.600
[step 07600] eval_success_rate=0.000 eval_mean_return=-18.102 eval_invalid_action_rate=0.600
[step 07700] eval_success_rate=0.000 eval_mean_return=-18.102 eval_invalid_action_rate=0.600
[step 07800] eval_success_rate=0.000 eval_mean_return=-18.102 eval_invalid_action_rate=0.600
[step 07900] eval_success_rate=0.000 eval_mean_return=-18.006 eval_invalid_action_rate=0.660
[step 08000] eval_success_rate=0.000 eval_mean_return=-18.134 eval_invalid_action_rate=0.580
[step 08000] checkpoint=/home/buiksat/trm_bellman/results/neurips2026/external_hard4x4_20k/a2c/seed6/model_step_8000.zip
[step 08100] eval_success_rate=0.000 eval_mean_return=-17.878 eval_invalid_action_rate=0.740
[step 08200] eval_success_rate=0.000 eval_mean_return=-17.878 eval_invalid_action_rate=0.740
[step 08300] eval_success_rate=0.000 eval_mean_return=-17.846 eval_invalid_action_rate=0.760
[step 08400] eval_success_rate=0.000 eval_mean_return=-17.846 eval_invalid_action_rate=0.760
[step 08500] eval_success_rate=0.000 eval_mean_return=-17.814 eval_invalid_action_rate=0.780
[step 08600] eval_success_rate=0.000 eval_mean_return=-17.750 eval_invalid_action_rate=0.820
[step 08700] eval_success_rate=0.000 eval_mean_return=-17.750 eval_invalid_action_rate=0.820
[step 08800] eval_success_rate=0.000 eval_mean_return=-17.750 eval_invalid_action_rate=0.820
[step 08900] eval_success_rate=0.000 eval_mean_return=-17.786 eval_invalid_action_rate=0.800
[step 09000] eval_success_rate=0.000 eval_mean_return=-17.782 eval_invalid_action_rate=0.800
[step 09000] checkpoint=/home/buiksat/trm_bellman/results/neurips2026/external_hard4x4_20k/a2c/seed6/model_step_9000.zip
[step 09100] eval_success_rate=0.000 eval_mean_return=-17.894 eval_invalid_action_rate=0.700
[step 09200] eval_success_rate=0.000 eval_mean_return=-18.028 eval_invalid_action_rate=0.680
[step 09300] eval_success_rate=0.000 eval_mean_return=-18.490 eval_invalid_action_rate=0.520
[step 09400] eval_success_rate=0.000 eval_mean_return=-18.426 eval_invalid_action_rate=0.560
[step 09500] eval_success_rate=0.000 eval_mean_return=-18.333 eval_invalid_action_rate=0.520
[step 09600] eval_success_rate=0.000 eval_mean_return=-18.461 eval_invalid_action_rate=0.440
[step 09700] eval_success_rate=0.000 eval_mean_return=-18.691 eval_invalid_action_rate=0.360
[step 09800] eval_success_rate=0.000 eval_mean_return=-18.461 eval_invalid_action_rate=0.440
[step 09900] eval_success_rate=0.000 eval_mean_return=-18.653 eval_invalid_action_rate=0.320
[step 10000] eval_success_rate=0.000 eval_mean_return=-18.525 eval_invalid_action_rate=0.400
[step 10000] checkpoint=/home/buiksat/trm_bellman/results/neurips2026/external_hard4x4_20k/a2c/seed6/model_step_10000.zip
[step 10100] eval_success_rate=0.000 eval_mean_return=-18.525 eval_invalid_action_rate=0.400
[step 10200] eval_success_rate=0.000 eval_mean_return=-18.486 eval_invalid_action_rate=0.360
[step 10300] eval_success_rate=0.000 eval_mean_return=-18.589 eval_invalid_action_rate=0.360
[step 10400] eval_success_rate=0.000 eval_mean_return=-18.614 eval_invalid_action_rate=0.280
[step 10500] eval_success_rate=0.000 eval_mean_return=-18.717 eval_invalid_action_rate=0.280
[step 10600] eval_success_rate=0.000 eval_mean_return=-18.621 eval_invalid_action_rate=0.340
[step 10700] eval_success_rate=0.000 eval_mean_return=-18.550 eval_invalid_action_rate=0.320
[step 10800] eval_success_rate=0.000 eval_mean_return=-18.614 eval_invalid_action_rate=0.280
[step 10900] eval_success_rate=0.000 eval_mean_return=-18.518 eval_invalid_action_rate=0.340
[step 11000] eval_success_rate=0.000 eval_mean_return=-18.685 eval_invalid_action_rate=0.300
[step 11000] checkpoint=/home/buiksat/trm_bellman/results/neurips2026/external_hard4x4_20k/a2c/seed6/model_step_11000.zip
[step 11100] eval_success_rate=0.000 eval_mean_return=-18.486 eval_invalid_action_rate=0.360
[step 11200] eval_success_rate=0.000 eval_mean_return=-18.518 eval_invalid_action_rate=0.340
[step 11300] eval_success_rate=0.000 eval_mean_return=-18.710 eval_invalid_action_rate=0.220
[step 11400] eval_success_rate=0.000 eval_mean_return=-18.749 eval_invalid_action_rate=0.260
[step 11500] eval_success_rate=0.000 eval_mean_return=-18.813 eval_invalid_action_rate=0.220
[step 11600] eval_success_rate=0.000 eval_mean_return=-18.732 eval_invalid_action_rate=0.259
[step 11700] eval_success_rate=0.000 eval_mean_return=-18.726 eval_invalid_action_rate=0.180
[step 11800] eval_success_rate=0.000 eval_mean_return=-18.758 eval_invalid_action_rate=0.160
[step 11900] eval_success_rate=0.000 eval_mean_return=-18.694 eval_invalid_action_rate=0.200
[step 12000] eval_success_rate=0.000 eval_mean_return=-18.630 eval_invalid_action_rate=0.240
[step 12000] checkpoint=/home/buiksat/trm_bellman/results/neurips2026/external_hard4x4_20k/a2c/seed6/model_step_12000.zip
[step 12100] eval_success_rate=0.000 eval_mean_return=-18.438 eval_invalid_action_rate=0.360
[step 12200] eval_success_rate=0.000 eval_mean_return=-18.278 eval_invalid_action_rate=0.460
[step 12300] eval_success_rate=0.000 eval_mean_return=-18.278 eval_invalid_action_rate=0.460
[step 12400] eval_success_rate=0.000 eval_mean_return=-18.502 eval_invalid_action_rate=0.320
[step 12500] eval_success_rate=0.000 eval_mean_return=-18.374 eval_invalid_action_rate=0.400
[step 12600] eval_success_rate=0.000 eval_mean_return=-18.374 eval_invalid_action_rate=0.400
[step 12700] eval_success_rate=0.000 eval_mean_return=-18.406 eval_invalid_action_rate=0.380
[step 12800] eval_success_rate=0.000 eval_mean_return=-18.566 eval_invalid_action_rate=0.280
[step 12900] eval_success_rate=0.000 eval_mean_return=-18.342 eval_invalid_action_rate=0.420
[step 13000] eval_success_rate=0.000 eval_mean_return=-18.310 eval_invalid_action_rate=0.440
[step 13000] checkpoint=/home/buiksat/trm_bellman/results/neurips2026/external_hard4x4_20k/a2c/seed6/model_step_13000.zip
[step 13100] eval_success_rate=0.000 eval_mean_return=-18.406 eval_invalid_action_rate=0.380
[step 13200] eval_success_rate=0.000 eval_mean_return=-18.630 eval_invalid_action_rate=0.240
[step 13300] eval_success_rate=0.000 eval_mean_return=-18.662 eval_invalid_action_rate=0.220
[step 13400] eval_success_rate=0.000 eval_mean_return=-18.774 eval_invalid_action_rate=0.180
[step 13500] eval_success_rate=0.000 eval_mean_return=-18.742 eval_invalid_action_rate=0.200
[step 13600] eval_success_rate=0.000 eval_mean_return=-18.662 eval_invalid_action_rate=0.220
[step 13700] eval_success_rate=0.000 eval_mean_return=-18.742 eval_invalid_action_rate=0.200
[step 13800] eval_success_rate=0.000 eval_mean_return=-18.742 eval_invalid_action_rate=0.200
[step 13900] eval_success_rate=0.000 eval_mean_return=-18.710 eval_invalid_action_rate=0.220
[step 14000] eval_success_rate=0.000 eval_mean_return=-18.694 eval_invalid_action_rate=0.200
[step 14000] checkpoint=/home/buiksat/trm_bellman/results/neurips2026/external_hard4x4_20k/a2c/seed6/model_step_14000.zip
[step 14100] eval_success_rate=0.000 eval_mean_return=-18.598 eval_invalid_action_rate=0.260
[step 14200] eval_success_rate=0.000 eval_mean_return=-18.694 eval_invalid_action_rate=0.200
[step 14300] eval_success_rate=0.000 eval_mean_return=-18.566 eval_invalid_action_rate=0.280
[step 14400] eval_success_rate=0.000 eval_mean_return=-18.758 eval_invalid_action_rate=0.160
[step 14500] eval_success_rate=0.000 eval_mean_return=-18.550 eval_invalid_action_rate=0.320
[step 14600] eval_success_rate=0.000 eval_mean_return=-18.566 eval_invalid_action_rate=0.280
[step 14700] eval_success_rate=0.000 eval_mean_return=-18.662 eval_invalid_action_rate=0.220
[step 14800] eval_success_rate=0.000 eval_mean_return=-18.790 eval_invalid_action_rate=0.140
[step 14900] eval_success_rate=0.000 eval_mean_return=-18.310 eval_invalid_action_rate=0.440
[step 15000] eval_success_rate=0.000 eval_mean_return=-18.246 eval_invalid_action_rate=0.480
[step 15000] checkpoint=/home/buiksat/trm_bellman/results/neurips2026/external_hard4x4_20k/a2c/seed6/model_step_15000.zip
[step 15100] eval_success_rate=0.000 eval_mean_return=-18.054 eval_invalid_action_rate=0.600
[step 15200] eval_success_rate=0.000 eval_mean_return=-17.958 eval_invalid_action_rate=0.660
[step 15300] eval_success_rate=0.000 eval_mean_return=-18.118 eval_invalid_action_rate=0.560
[step 15400] eval_success_rate=0.000 eval_mean_return=-18.086 eval_invalid_action_rate=0.580
[step 15500] eval_success_rate=0.000 eval_mean_return=-18.150 eval_invalid_action_rate=0.540
[step 15600] eval_success_rate=0.000 eval_mean_return=-18.150 eval_invalid_action_rate=0.540
[step 15700] eval_success_rate=0.000 eval_mean_return=-18.267 eval_invalid_action_rate=0.560
[step 15800] eval_success_rate=0.000 eval_mean_return=-18.173 eval_invalid_action_rate=0.600
[step 15900] eval_success_rate=0.000 eval_mean_return=-18.240 eval_invalid_action_rate=0.580
[step 16000] eval_success_rate=0.000 eval_mean_return=-18.237 eval_invalid_action_rate=0.560
[step 16000] checkpoint=/home/buiksat/trm_bellman/results/neurips2026/external_hard4x4_20k/a2c/seed6/model_step_16000.zip
[step 16100] eval_success_rate=0.000 eval_mean_return=-18.107 eval_invalid_action_rate=0.660
[step 16200] eval_success_rate=0.000 eval_mean_return=-17.964 eval_invalid_action_rate=0.780
[step 16300] eval_success_rate=0.000 eval_mean_return=-17.974 eval_invalid_action_rate=0.680
[step 16400] eval_success_rate=0.000 eval_mean_return=-18.070 eval_invalid_action_rate=0.620
[step 16500] eval_success_rate=0.000 eval_mean_return=-18.070 eval_invalid_action_rate=0.620
[step 16600] eval_success_rate=0.000 eval_mean_return=-17.942 eval_invalid_action_rate=0.700
[step 16700] eval_success_rate=0.000 eval_mean_return=-17.846 eval_invalid_action_rate=0.760
[step 16800] eval_success_rate=0.000 eval_mean_return=-17.782 eval_invalid_action_rate=0.800
[step 16900] eval_success_rate=0.000 eval_mean_return=-17.782 eval_invalid_action_rate=0.800
[step 17000] eval_success_rate=0.000 eval_mean_return=-17.998 eval_invalid_action_rate=0.740
[step 17000] checkpoint=/home/buiksat/trm_bellman/results/neurips2026/external_hard4x4_20k/a2c/seed6/model_step_17000.zip
[step 17100] eval_success_rate=0.000 eval_mean_return=-17.878 eval_invalid_action_rate=0.740
[step 17200] eval_success_rate=0.000 eval_mean_return=-17.962 eval_invalid_action_rate=0.720
[step 17300] eval_success_rate=0.000 eval_mean_return=-17.930 eval_invalid_action_rate=0.740
[step 17400] eval_success_rate=0.000 eval_mean_return=-17.930 eval_invalid_action_rate=0.740
[step 17500] eval_success_rate=0.000 eval_mean_return=-17.898 eval_invalid_action_rate=0.760
[step 17600] eval_success_rate=0.000 eval_mean_return=-18.243 eval_invalid_action_rate=0.640
[step 17700] eval_success_rate=0.000 eval_mean_return=-17.898 eval_invalid_action_rate=0.760
[step 17800] eval_success_rate=0.000 eval_mean_return=-17.686 eval_invalid_action_rate=0.860
[step 17900] eval_success_rate=0.000 eval_mean_return=-17.654 eval_invalid_action_rate=0.880
[step 18000] eval_success_rate=0.000 eval_mean_return=-17.686 eval_invalid_action_rate=0.860
[step 18000] checkpoint=/home/buiksat/trm_bellman/results/neurips2026/external_hard4x4_20k/a2c/seed6/model_step_18000.zip
[step 18100] eval_success_rate=0.000 eval_mean_return=-17.718 eval_invalid_action_rate=0.840
[step 18200] eval_success_rate=0.000 eval_mean_return=-17.686 eval_invalid_action_rate=0.860
[step 18300] eval_success_rate=0.000 eval_mean_return=-17.622 eval_invalid_action_rate=0.900
[step 18400] eval_success_rate=0.000 eval_mean_return=-17.686 eval_invalid_action_rate=0.860
[step 18500] eval_success_rate=0.000 eval_mean_return=-17.846 eval_invalid_action_rate=0.760
[step 18600] eval_success_rate=0.000 eval_mean_return=-17.846 eval_invalid_action_rate=0.760
[step 18700] eval_success_rate=0.000 eval_mean_return=-17.718 eval_invalid_action_rate=0.840
[step 18800] eval_success_rate=0.000 eval_mean_return=-17.718 eval_invalid_action_rate=0.840
[step 18900] eval_success_rate=0.000 eval_mean_return=-18.083 eval_invalid_action_rate=0.740
[step 19000] eval_success_rate=0.000 eval_mean_return=-17.898 eval_invalid_action_rate=0.760
[step 19000] checkpoint=/home/buiksat/trm_bellman/results/neurips2026/external_hard4x4_20k/a2c/seed6/model_step_19000.zip
[step 19100] eval_success_rate=0.000 eval_mean_return=-18.083 eval_invalid_action_rate=0.740
[step 19200] eval_success_rate=0.000 eval_mean_return=-18.424 eval_invalid_action_rate=0.620
[step 19300] eval_success_rate=0.000 eval_mean_return=-18.278 eval_invalid_action_rate=0.620
[step 19400] eval_success_rate=0.000 eval_mean_return=-18.206 eval_invalid_action_rate=0.740
[step 19500] eval_success_rate=0.000 eval_mean_return=-18.222 eval_invalid_action_rate=0.760
[step 19600] eval_success_rate=0.000 eval_mean_return=-18.192 eval_invalid_action_rate=0.760
[step 19700] eval_success_rate=0.000 eval_mean_return=-18.192 eval_invalid_action_rate=0.760
[step 19800] eval_success_rate=0.000 eval_mean_return=-17.940 eval_invalid_action_rate=0.820
[step 19900] eval_success_rate=0.000 eval_mean_return=-18.004 eval_invalid_action_rate=0.780
[step 20000] eval_success_rate=0.000 eval_mean_return=-17.940 eval_invalid_action_rate=0.820
[step 20000] checkpoint=/home/buiksat/trm_bellman/results/neurips2026/external_hard4x4_20k/a2c/seed6/model_step_20000.zip
[baseline] env=sudoku4x4 algo=a2c backend=sb3
[baseline] action_space_n=97 observation_keys=inputs,plan,action_mask
[baseline] finished training: steps=20000 final_eval_success_rate=0.000 final_eval_mean_return=-17.908
[baseline] t0.3_ready=True
[baseline] t0.2_status=complete
[baseline] note: Vanilla SB3 PPO/A2C does not apply logit masking from action_mask; the policy acts in the full no-mask action space and invalid edits are penalized by the environment. This matches the paper's hard-4x4 no-mask protocol and should be compared against the internal no-mask A2C baseline.
[baseline] summary written to /home/buiksat/trm_bellman/results/neurips2026/external_hard4x4_20k/a2c/seed6/train_summary.json
