[2026-01-18T12:25:45.078-08:00] Buck UI: https://www.internalfb.com/buck2/9f24a0a8-61ea-4c2f-8e45-b8b2bab52ecd
[2026-01-18T12:25:45.419-08:00] Network: Up: 0B  Down: 0B
BUILD SUCCEEDED - starting your binary
[INFO] Using feasibility-aware Sudoku checker for 4x4
       score = filled - 2.0*violations - 5.0*zeroCand
       Max score: 16 (all filled, no violations)
[INFO] Training for 5000 steps (gamma=0.990, K=1, inner_unroll_n=2)
[INFO] Terminal rewards: solve=1.000, fail=-16.000
/data/repos/fbsource/buck-out/v2/gen/fbcode/7bc20b5dff24e379/buiksat_trm/__upi_trm_train__/upi_trm_train#link-tree/upi_trm_train.py:879: UserWarning: rl_enable_contraction=True: Applying operator-norm clamping and contraction scaling to z->z path layers. This is REQUIRED for Assumption 3.2 (L_z < 1) but will modify network behavior. Pretrained weights from vanilla TRM may require fine-tuning.
  model = TinyRecursiveReasoningModel_ACTV1(trm_cfg_dict)
[INFO] Using TRM backbone (hidden=64, H=2, L=2)
[DEBUG] Policy head STOP bias: 0.00 (should be 0.0 for uniform init)
[INFO] Puzzle embeddings DISABLED (set --puzzle-emb-ndim > 0 to enable)
/data/repos/fbsource/buck-out/v2/gen/fbcode/7bc20b5dff24e379/buiksat_trm/__upi_trm_train__/upi_trm_train#link-tree/torch/cuda/__init__.py:373: UserWarning: Found GPU0 NVIDIA A100-PG509-200 which is of compute capability (CC) 8.0.
The following list shows the CCs this version of PyTorch was built for and the hardware CCs it supports:
Please follow the instructions at https://pytorch.org/get-started/locally/ to install a PyTorch release that supports one of these CUDA versions: 12.6, 12.8, 13.0
  _warn_unsupported_code(d, device_cc, code_ccs)
/data/repos/fbsource/buck-out/v2/gen/fbcode/7bc20b5dff24e379/buiksat_trm/__upi_trm_train__/upi_trm_train#link-tree/torch/cuda/__init__.py:373: UserWarning: Found GPU1 NVIDIA A100-PG509-200 which is of compute capability (CC) 8.0.
The following list shows the CCs this version of PyTorch was built for and the hardware CCs it supports:
Please follow the instructions at https://pytorch.org/get-started/locally/ to install a PyTorch release that supports one of these CUDA versions: 12.6, 12.8, 13.0
  _warn_unsupported_code(d, device_cc, code_ccs)
/data/repos/fbsource/buck-out/v2/gen/fbcode/7bc20b5dff24e379/buiksat_trm/__upi_trm_train__/upi_trm_train#link-tree/torch/cuda/__init__.py:373: UserWarning: Found GPU2 NVIDIA A100-PG509-200 which is of compute capability (CC) 8.0.
The following list shows the CCs this version of PyTorch was built for and the hardware CCs it supports:
Please follow the instructions at https://pytorch.org/get-started/locally/ to install a PyTorch release that supports one of these CUDA versions: 12.6, 12.8, 13.0
  _warn_unsupported_code(d, device_cc, code_ccs)
/data/repos/fbsource/buck-out/v2/gen/fbcode/7bc20b5dff24e379/buiksat_trm/__upi_trm_train__/upi_trm_train#link-tree/torch/cuda/__init__.py:373: UserWarning: Found GPU3 NVIDIA A100-PG509-200 which is of compute capability (CC) 8.0.
The following list shows the CCs this version of PyTorch was built for and the hardware CCs it supports:
Please follow the instructions at https://pytorch.org/get-started/locally/ to install a PyTorch release that supports one of these CUDA versions: 12.6, 12.8, 13.0
  _warn_unsupported_code(d, device_cc, code_ccs)
INFO:2026-01-18 12:25:51 2768502:2768502 CuptiCallbackApi.cpp:74] Callback: domain = 3, cbid = 1
INFO:2026-01-18 12:25:51 2768502:2768502 CuptiActivityProfiler.cpp:245] CUDA versions. CUPTI: 22; Runtime: 12040; Driver: 12040
INFO:2026-01-18 12:25:51 2768502:2771359 FBConfig.cpp:330] Perfetto builder enabled: 1
INFO:2026-01-18 12:25:51 2768502:2771359 DynoConfigLoader.cpp:61] Setting communication fabric enabled = 0
/data/repos/fbsource/buck-out/v2/gen/fbcode/7bc20b5dff24e379/buiksat_trm/__upi_trm_train__/upi_trm_train#link-tree/rl/upi_trm_trainer.py:93: UserWarning: rl_enable_contraction=True: Applying operator-norm clamping and contraction scaling to z->z path layers. This is REQUIRED for Assumption 3.2 (L_z < 1) but will modify network behavior. Pretrained weights from vanilla TRM may require fine-tuning.
  self.target_model = TinyRecursiveReasoningModel_ACTV1(self._config_to_dict(self.model.config)).to(device)
/data/repos/fbsource/buck-out/v2/gen/fbcode/7bc20b5dff24e379/buiksat_trm/__upi_trm_train__/upi_trm_train#link-tree/rl/upi_trm_trainer.py:103: UserWarning: rl_enable_contraction=True: Applying operator-norm clamping and contraction scaling to z->z path layers. This is REQUIRED for Assumption 3.2 (L_z < 1) but will modify network behavior. Pretrained weights from vanilla TRM may require fine-tuning.
  self.policy_model_candidate = TinyRecursiveReasoningModel_ACTV1(
INFO:2026-01-18 12:25:51 2768502:2771359 DynoConfigLoader.cpp:61] Setting communication fabric enabled = 0
TritonTraceHandler: disabled because /logs does not exist
===========[FB_TRITON]=========== Triton Version: 3.3.2+fb
[INFO] Using UPI-TRM algorithm (K=1, inner_n=2)

============================================================
UPI-TRM THEORY ALIGNMENT CHECK
============================================================
⚠ Configuration has theory gaps:
  • exact_baseline_summation=False: Using approximate baseline. This gives O(ε_A/(1-γ)) bound instead of O(α·ε_A) from Theorem 5.9. For discrete action spaces (Sudoku), enable for tighter bounds.
  • theory_exact_mixture=False: Using parameter-space interpolation for CPI, which is NOT equivalent to policy-space mixture. The CPI improvement guarantee does not strictly apply. Set theory_exact_mixture=True for theory-exact behavior (but slower due to evaluating two networks).

Theory status:
  Forward-invariant projection: ✓
  Contraction enforced (L_z < 1): ✓
  Exact baseline (Thm 5.9): ✗
  Distillation (not in theory): ✓ disabled

Is theory-exact: False
============================================================

UPI-TRM theoretical dials:
  L_z target (rl_cfg.target_Lz): 0.9
  L_V target (rl_cfg.target_Lv): 1.0
  Inner unroll n (rl_cfg.inner_unroll_n): 2
  K-step horizon K (rl_cfg.K): 1
  Mixture alpha (rl_cfg.mixture_alpha): 0.1
  Latent ball radius (rl_cfg.latent_ball_radius): 100.0
  Episodic latent: True
  Exact K-step targets: False
  Exact baseline summation: False

[INFO] STOP action mode: disabled
[INFO] Forward-invariant projection enabled (R=100.0)
[WandB] Disabled by default (enable with: --wandb)
[DEBUG] Action mask: 4 valid actions out of 97 total
[DEBUG] Latent mode: episodic
[DEBUG] Step 0 probs: STOP=0.000000, edits=1.000000
[DEBUG] Top 5 action probs: torch.return_types.topk(
values=tensor([0.3268, 0.2637, 0.2209, 0.1886, 0.0000], device='cuda:0',
       grad_fn=<TopkBackward0>),
indices=tensor([74, 77, 75, 76,  0], device='cuda:0'))
[step 00050] value_loss=30.475630 policy_loss=0.145664
[step 00050] VALUE_DEBUG: target(mean=-1.06 std=5.53 min=-16.04 max=6.84) V(s)(mean=-0.93 std=0.26) reward(mean=-1.076 std=5.531) clip=50.0
[step 00100] opnorm clamp applied
[step 00100] value_loss=20.071999 policy_loss=0.518315
[step 00100] VALUE_DEBUG: target(mean=-1.36 std=4.37 min=-15.98 max=5.49) V(s)(mean=-1.69 std=0.52) reward(mean=-0.920 std=4.493) clip=50.0
[step 00100] eval_success_rate=0.220 eval_mean_score=13.080 eval_policy_mode=greedy [solved=11/50, score_range=6.00-16.00/16.0, initial=13.52]
[step 00100] PROGRESS: filled=14.58 violations=0.70 zero_cand=0.02
[step 00100] DEBUG: ep_len=11.2 ep_ret=-13.491 stop_prob=0.000 score_chg=-4.6725
[step 00150] value_loss=26.611603 policy_loss=-0.867105
[step 00150] VALUE_DEBUG: target(mean=-1.48 std=5.29 min=-15.98 max=6.84) V(s)(mean=-1.21 std=0.81) reward(mean=-0.654 std=5.379) clip=50.0
[step 00200] opnorm clamp applied
[step 00200] value_loss=27.941257 policy_loss=-0.799516
[step 00200] VALUE_DEBUG: target(mean=-3.26 std=5.27 min=-16.06 max=6.84) V(s)(mean=-2.46 std=0.95) reward(mean=-1.864 std=5.581) clip=50.0
[step 00200] eval_success_rate=0.340 eval_mean_score=14.140 eval_policy_mode=greedy [solved=17/50, score_range=6.00-16.00/16.0, initial=13.52]
[step 00200] PROGRESS: filled=14.54 violations=0.10 zero_cand=0.04
[step 00200] DEBUG: ep_len=9.9 ep_ret=-10.375 stop_prob=0.000 score_chg=-2.8475
[step 00250] value_loss=24.587372 policy_loss=-2.223366
[step 00250] VALUE_DEBUG: target(mean=-2.78 std=4.89 min=-16.02 max=6.84) V(s)(mean=-2.24 std=1.44) reward(mean=-0.850 std=5.026) clip=50.0
[step 00300] opnorm clamp applied
[step 00300] value_loss=11.109408 policy_loss=-0.770799
[step 00300] VALUE_DEBUG: target(mean=-2.22 std=3.86 min=-9.79 max=6.84) V(s)(mean=-2.97 std=1.61) reward(mean=-0.113 std=3.100) clip=50.0
[step 00300] eval_success_rate=0.320 eval_mean_score=14.520 eval_policy_mode=greedy [solved=16/50, score_range=13.00-16.00/16.0, initial=13.52]
[step 00300] PROGRESS: filled=14.52 violations=0.00 zero_cand=0.00
[step 00300] DEBUG: ep_len=9.4 ep_ret=-7.657 stop_prob=0.000 score_chg=-0.9000
[step 00350] value_loss=14.209448 policy_loss=-0.123578
[step 00350] VALUE_DEBUG: target(mean=-2.65 std=3.84 min=-12.84 max=5.05) V(s)(mean=-3.95 std=1.43) reward(mean=0.182 std=3.499) clip=50.0
[step 00400] opnorm clamp applied
[step 00400] value_loss=19.286140 policy_loss=0.394460
[step 00400] VALUE_DEBUG: target(mean=-4.21 std=4.49 min=-13.90 max=6.84) V(s)(mean=-3.74 std=1.32) reward(mean=-0.857 std=3.967) clip=50.0
[step 00400] eval_success_rate=0.320 eval_mean_score=14.520 eval_policy_mode=greedy [solved=16/50, score_range=13.00-16.00/16.0, initial=13.52]
[step 00400] PROGRESS: filled=14.52 violations=0.00 zero_cand=0.00
[step 00400] DEBUG: ep_len=8.8 ep_ret=-6.143 stop_prob=0.000 score_chg=0.1550
[step 00450] value_loss=6.634973 policy_loss=-0.523001
[step 00450] VALUE_DEBUG: target(mean=-4.57 std=2.75 min=-10.68 max=2.08) V(s)(mean=-3.63 std=1.61) reward(mean=-0.665 std=2.374) clip=50.0
[step 00500] opnorm clamp applied
[step 00500] value_loss=19.442608 policy_loss=0.405828
[step 00500] VALUE_DEBUG: target(mean=-5.43 std=4.77 min=-16.08 max=6.84) V(s)(mean=-4.12 std=1.55) reward(mean=-2.209 std=4.578) clip=50.0
[step 00500] eval_success_rate=0.320 eval_mean_score=14.600 eval_policy_mode=greedy [solved=16/50, score_range=13.00-16.00/16.0, initial=13.52]
[step 00500] PROGRESS: filled=14.60 violations=0.00 zero_cand=0.00
[step 00500] DEBUG: ep_len=7.4 ep_ret=-3.332 stop_prob=0.000 score_chg=1.0250
[step 00550] value_loss=23.701405 policy_loss=-0.527885
[step 00550] VALUE_DEBUG: target(mean=-6.47 std=4.53 min=-16.08 max=1.34) V(s)(mean=-5.85 std=2.15) reward(mean=-2.205 std=5.277) clip=50.0
[step 00600] opnorm clamp applied
[step 00600] value_loss=17.502491 policy_loss=0.175737
[step 00600] VALUE_DEBUG: target(mean=-6.45 std=4.31 min=-18.02 max=3.67) V(s)(mean=-4.44 std=2.35) reward(mean=-2.368 std=4.948) clip=50.0
[step 00600] eval_success_rate=0.400 eval_mean_score=14.640 eval_policy_mode=greedy [solved=20/50, score_range=13.00-16.00/16.0, initial=13.52]
[step 00600] PROGRESS: filled=14.64 violations=0.00 zero_cand=0.00
[step 00600] DEBUG: ep_len=7.2 ep_ret=-3.834 stop_prob=0.000 score_chg=0.8425
[step 00650] value_loss=19.041553 policy_loss=0.487654
[step 00650] VALUE_DEBUG: target(mean=-3.12 std=4.76 min=-16.10 max=6.84) V(s)(mean=-4.77 std=2.36) reward(mean=0.436 std=4.144) clip=50.0
[step 00700] opnorm clamp applied
[step 00700] value_loss=19.783752 policy_loss=0.635866
[step 00700] VALUE_DEBUG: target(mean=-6.08 std=5.18 min=-21.92 max=2.49) V(s)(mean=-5.45 std=2.07) reward(mean=-1.740 std=5.156) clip=50.0
[step 00700] eval_success_rate=0.320 eval_mean_score=14.640 eval_policy_mode=greedy [solved=16/50, score_range=13.00-16.00/16.0, initial=13.52]
[step 00700] PROGRESS: filled=14.64 violations=0.00 zero_cand=0.00
[step 00700] DEBUG: ep_len=6.9 ep_ret=-2.127 stop_prob=0.000 score_chg=1.4375
[step 00750] value_loss=15.216175 policy_loss=-0.524767
[step 00750] VALUE_DEBUG: target(mean=-4.70 std=4.73 min=-15.81 max=6.84) V(s)(mean=-5.54 std=2.62) reward(mean=-0.412 std=3.772) clip=50.0
[step 00800] opnorm clamp applied
[step 00800] value_loss=17.549185 policy_loss=1.008144
[step 00800] VALUE_DEBUG: target(mean=-4.44 std=4.95 min=-15.20 max=6.84) V(s)(mean=-5.56 std=3.48) reward(mean=-0.146 std=3.617) clip=50.0
[step 00800] eval_success_rate=0.420 eval_mean_score=14.740 eval_policy_mode=greedy [solved=21/50, score_range=13.00-16.00/16.0, initial=13.52]
[step 00800] PROGRESS: filled=14.74 violations=0.00 zero_cand=0.00
[step 00800] DEBUG: ep_len=7.0 ep_ret=-2.270 stop_prob=0.000 score_chg=1.4900
[step 00850] value_loss=20.493715 policy_loss=0.815674
[step 00850] VALUE_DEBUG: target(mean=-5.25 std=5.19 min=-20.02 max=5.28) V(s)(mean=-4.85 std=2.91) reward(mean=-0.723 std=5.216) clip=50.0
[step 00900] opnorm clamp applied
[step 00900] value_loss=12.910283 policy_loss=0.598188
[step 00900] VALUE_DEBUG: target(mean=-5.69 std=4.24 min=-14.05 max=6.84) V(s)(mean=-6.09 std=2.32) reward(mean=-0.309 std=2.931) clip=50.0
[step 00900] eval_success_rate=0.500 eval_mean_score=14.940 eval_policy_mode=greedy [solved=25/50, score_range=13.00-16.00/16.0, initial=13.52]
[step 00900] PROGRESS: filled=14.94 violations=0.00 zero_cand=0.00
[step 00900] DEBUG: ep_len=6.4 ep_ret=-1.774 stop_prob=0.000 score_chg=1.4475
[step 00950] value_loss=5.816519 policy_loss=0.480260
[step 00950] VALUE_DEBUG: target(mean=-6.96 std=3.63 min=-16.04 max=1.84) V(s)(mean=-7.46 std=2.42) reward(mean=-0.793 std=3.368) clip=50.0
[step 01000] opnorm clamp applied
[step 01000] value_loss=26.956398 policy_loss=0.295044
[step 01000] VALUE_DEBUG: target(mean=-5.02 std=5.85 min=-16.58 max=6.84) V(s)(mean=-5.04 std=3.66) reward(mean=-0.763 std=5.471) clip=50.0
[step 01000] eval_success_rate=0.420 eval_mean_score=14.860 eval_policy_mode=greedy [solved=21/50, score_range=13.00-16.00/16.0, initial=13.52]
[step 01000] PROGRESS: filled=14.86 violations=0.00 zero_cand=0.00
[step 01000] DEBUG: ep_len=6.3 ep_ret=-1.232 stop_prob=0.000 score_chg=1.6175
[Checkpoint] Saved to /home/buiksat/trm_bellman/results/exp3/c_r100_s42/rl_checkpoint_step_1000.pt
[step 01050] value_loss=10.704531 policy_loss=-0.135782
[step 01050] VALUE_DEBUG: target(mean=-4.71 std=5.47 min=-16.10 max=6.84) V(s)(mean=-4.93 std=3.34) reward(mean=-0.209 std=4.124) clip=50.0
[step 01100] opnorm clamp applied
[step 01100] value_loss=12.793364 policy_loss=1.984371
[step 01100] VALUE_DEBUG: target(mean=-6.23 std=4.46 min=-15.67 max=6.84) V(s)(mean=-5.51 std=3.03) reward(mean=-0.552 std=3.243) clip=50.0
[step 01100] eval_success_rate=0.420 eval_mean_score=14.860 eval_policy_mode=greedy [solved=21/50, score_range=13.00-16.00/16.0, initial=13.52]
[step 01100] PROGRESS: filled=14.86 violations=0.00 zero_cand=0.00
[step 01100] DEBUG: ep_len=6.0 ep_ret=-0.770 stop_prob=0.000 score_chg=1.8225
[step 01150] value_loss=8.528086 policy_loss=-0.210781
[step 01150] VALUE_DEBUG: target(mean=-4.78 std=4.08 min=-10.59 max=6.04) V(s)(mean=-5.16 std=3.70) reward(mean=-0.151 std=2.607) clip=50.0
[step 01200] opnorm clamp applied
[step 01200] value_loss=9.936156 policy_loss=-0.170656
[step 01200] VALUE_DEBUG: target(mean=-7.09 std=4.15 min=-16.10 max=1.84) V(s)(mean=-6.60 std=3.16) reward(mean=-1.411 std=3.771) clip=50.0
[step 01200] eval_success_rate=0.440 eval_mean_score=14.960 eval_policy_mode=greedy [solved=22/50, score_range=13.00-16.00/16.0, initial=13.52]
[step 01200] PROGRESS: filled=14.96 violations=0.00 zero_cand=0.00
[step 01200] DEBUG: ep_len=5.6 ep_ret=0.193 stop_prob=0.000 score_chg=2.0325
[step 01250] value_loss=8.558246 policy_loss=-0.117137
[step 01250] VALUE_DEBUG: target(mean=-6.87 std=5.01 min=-15.68 max=6.84) V(s)(mean=-6.33 std=3.77) reward(mean=-0.915 std=3.190) clip=50.0
[step 01300] opnorm clamp applied
[step 01300] value_loss=7.433280 policy_loss=-0.926773
[step 01300] VALUE_DEBUG: target(mean=-4.75 std=5.75 min=-15.41 max=5.78) V(s)(mean=-5.02 std=4.60) reward(mean=-0.002 std=2.715) clip=50.0
[step 01300] eval_success_rate=0.480 eval_mean_score=15.080 eval_policy_mode=greedy [solved=24/50, score_range=13.00-16.00/16.0, initial=13.52]
[step 01300] PROGRESS: filled=15.08 violations=0.00 zero_cand=0.00
[step 01300] DEBUG: ep_len=5.6 ep_ret=-0.547 stop_prob=0.000 score_chg=1.7900
[step 01350] value_loss=10.839115 policy_loss=1.002653
[step 01350] VALUE_DEBUG: target(mean=-4.85 std=6.29 min=-16.10 max=6.84) V(s)(mean=-4.92 std=4.21) reward(mean=0.001 std=4.172) clip=50.0
[step 01400] opnorm clamp applied
[step 01400] value_loss=18.010242 policy_loss=0.856273
[step 01400] VALUE_DEBUG: target(mean=-5.03 std=6.20 min=-16.09 max=6.84) V(s)(mean=-5.95 std=4.04) reward(mean=-0.085 std=4.354) clip=50.0
[step 01400] eval_success_rate=0.660 eval_mean_score=15.340 eval_policy_mode=greedy [solved=33/50, score_range=13.00-16.00/16.0, initial=13.52]
[step 01400] PROGRESS: filled=15.34 violations=0.00 zero_cand=0.00
[step 01400] DEBUG: ep_len=5.3 ep_ret=0.236 stop_prob=0.000 score_chg=1.9425
[step 01450] value_loss=33.056160 policy_loss=0.678233
[step 01450] VALUE_DEBUG: target(mean=-4.79 std=6.81 min=-22.04 max=6.84) V(s)(mean=-4.85 std=4.62) reward(mean=-0.367 std=5.495) clip=50.0
[step 01500] opnorm clamp applied
[step 01500] value_loss=2.867670 policy_loss=0.581503
[step 01500] VALUE_DEBUG: target(mean=-6.06 std=4.49 min=-16.57 max=6.84) V(s)(mean=-6.12 std=4.06) reward(mean=0.414 std=2.314) clip=50.0
[step 01500] eval_success_rate=0.580 eval_mean_score=15.260 eval_policy_mode=greedy [solved=29/50, score_range=13.00-16.00/16.0, initial=13.52]
[step 01500] PROGRESS: filled=15.26 violations=0.00 zero_cand=0.00
[step 01500] DEBUG: ep_len=5.3 ep_ret=0.299 stop_prob=0.000 score_chg=2.0125
[step 01550] value_loss=11.639568 policy_loss=0.114520
[step 01550] VALUE_DEBUG: target(mean=-4.49 std=5.81 min=-18.06 max=6.84) V(s)(mean=-5.96 std=4.42) reward(mean=1.101 std=3.090) clip=50.0
[step 01600] opnorm clamp applied
[step 01600] value_loss=6.251967 policy_loss=-0.407365
[step 01600] VALUE_DEBUG: target(mean=-4.52 std=4.99 min=-12.36 max=6.84) V(s)(mean=-4.56 std=4.03) reward(mean=0.571 std=3.223) clip=50.0
[step 01600] eval_success_rate=0.620 eval_mean_score=15.420 eval_policy_mode=greedy [solved=31/50, score_range=13.00-16.00/16.0, initial=13.52]
[step 01600] PROGRESS: filled=15.42 violations=0.00 zero_cand=0.00
[step 01600] DEBUG: ep_len=5.0 ep_ret=0.763 stop_prob=0.000 score_chg=2.0850
[step 01650] value_loss=23.412437 policy_loss=0.317838
[step 01650] VALUE_DEBUG: target(mean=-4.17 std=6.40 min=-16.15 max=6.84) V(s)(mean=-5.36 std=4.22) reward(mean=0.602 std=4.361) clip=50.0
[step 01700] opnorm clamp applied
[step 01700] value_loss=17.133938 policy_loss=-0.819317
[step 01700] VALUE_DEBUG: target(mean=-5.45 std=5.80 min=-16.10 max=5.72) V(s)(mean=-5.82 std=4.51) reward(mean=-0.141 std=3.969) clip=50.0
[step 01700] eval_success_rate=0.740 eval_mean_score=15.460 eval_policy_mode=greedy [solved=37/50, score_range=13.00-16.00/16.0, initial=13.52]
[step 01700] PROGRESS: filled=15.46 violations=0.00 zero_cand=0.00
[step 01700] DEBUG: ep_len=4.6 ep_ret=1.237 stop_prob=0.000 score_chg=2.1200
[step 01750] value_loss=16.771412 policy_loss=-0.764664
[step 01750] VALUE_DEBUG: target(mean=-7.88 std=5.69 min=-16.79 max=1.84) V(s)(mean=-7.76 std=4.42) reward(mean=-1.494 std=4.586) clip=50.0
[step 01800] opnorm clamp applied
[step 01800] value_loss=8.983385 policy_loss=0.440565
[step 01800] VALUE_DEBUG: target(mean=-6.88 std=5.26 min=-16.01 max=5.31) V(s)(mean=-6.34 std=4.28) reward(mean=-0.819 std=2.858) clip=50.0
[step 01800] eval_success_rate=0.780 eval_mean_score=15.580 eval_policy_mode=greedy [solved=39/50, score_range=13.00-16.00/16.0, initial=13.52]
[step 01800] PROGRESS: filled=15.58 violations=0.00 zero_cand=0.00
[step 01800] DEBUG: ep_len=4.6 ep_ret=1.594 stop_prob=0.000 score_chg=2.2800
[step 01850] value_loss=3.166941 policy_loss=-0.645748
[step 01850] VALUE_DEBUG: target(mean=-5.68 std=5.35 min=-16.15 max=4.00) V(s)(mean=-5.71 std=5.11) reward(mean=-0.227 std=3.292) clip=50.0
[step 01900] opnorm clamp applied
[step 01900] value_loss=12.387648 policy_loss=0.706597
[step 01900] VALUE_DEBUG: target(mean=-3.75 std=5.21 min=-14.38 max=6.84) V(s)(mean=-4.58 std=4.51) reward(mean=0.440 std=2.680) clip=50.0
[step 01900] eval_success_rate=0.740 eval_mean_score=15.620 eval_policy_mode=greedy [solved=37/50, score_range=13.00-16.00/16.0, initial=13.52]
[step 01900] PROGRESS: filled=15.62 violations=0.00 zero_cand=0.00
[step 01900] DEBUG: ep_len=4.4 ep_ret=1.373 stop_prob=0.000 score_chg=2.2150
[step 01950] value_loss=9.502471 policy_loss=0.109654
[step 01950] VALUE_DEBUG: target(mean=-7.29 std=5.89 min=-16.10 max=2.97) V(s)(mean=-7.26 std=3.91) reward(mean=-0.745 std=3.744) clip=50.0
[step 02000] opnorm clamp applied
[step 02000] value_loss=8.251207 policy_loss=0.430295
[step 02000] VALUE_DEBUG: target(mean=-5.62 std=5.18 min=-16.10 max=5.48) V(s)(mean=-5.13 std=4.25) reward(mean=-0.976 std=4.034) clip=50.0
[step 02000] eval_success_rate=0.900 eval_mean_score=15.780 eval_policy_mode=greedy [solved=45/50, score_range=13.00-16.00/16.0, initial=13.52]
[step 02000] PROGRESS: filled=15.78 violations=0.00 zero_cand=0.00
[step 02000] DEBUG: ep_len=4.3 ep_ret=1.605 stop_prob=0.000 score_chg=2.3475
[Checkpoint] Saved to /home/buiksat/trm_bellman/results/exp3/c_r100_s42/rl_checkpoint_step_2000.pt
[step 02050] value_loss=12.943020 policy_loss=-0.843337
[step 02050] VALUE_DEBUG: target(mean=-5.00 std=5.38 min=-20.04 max=6.37) V(s)(mean=-5.33 std=4.19) reward(mean=0.069 std=5.007) clip=50.0
[step 02100] opnorm clamp applied
[step 02100] value_loss=5.251084 policy_loss=0.179293
[step 02100] VALUE_DEBUG: target(mean=-5.32 std=4.88 min=-13.46 max=5.48) V(s)(mean=-6.14 std=4.52) reward(mean=0.494 std=1.725) clip=50.0
[step 02100] eval_success_rate=0.880 eval_mean_score=15.800 eval_policy_mode=greedy [solved=44/50, score_range=13.00-16.00/16.0, initial=13.52]
[step 02100] PROGRESS: filled=15.80 violations=0.00 zero_cand=0.00
[step 02100] DEBUG: ep_len=3.8 ep_ret=1.899 stop_prob=0.000 score_chg=2.2325
[step 02150] value_loss=7.911899 policy_loss=-0.079648
[step 02150] VALUE_DEBUG: target(mean=-4.62 std=4.91 min=-13.12 max=4.85) V(s)(mean=-5.22 std=4.69) reward(mean=0.259 std=2.443) clip=50.0
[step 02200] opnorm clamp applied
[step 02200] value_loss=19.000771 policy_loss=0.506359
[step 02200] VALUE_DEBUG: target(mean=-4.79 std=6.50 min=-16.14 max=6.84) V(s)(mean=-4.80 std=4.75) reward(mean=-0.847 std=4.615) clip=50.0
[step 02200] eval_success_rate=0.820 eval_mean_score=15.740 eval_policy_mode=greedy [solved=41/50, score_range=13.00-16.00/16.0, initial=13.52]
[step 02200] PROGRESS: filled=15.74 violations=0.00 zero_cand=0.00
[step 02200] DEBUG: ep_len=3.7 ep_ret=2.028 stop_prob=0.000 score_chg=2.2200
[step 02250] value_loss=14.777690 policy_loss=-1.003760
[step 02250] VALUE_DEBUG: target(mean=-3.83 std=6.06 min=-14.13 max=8.60) V(s)(mean=-3.92 std=4.76) reward(mean=-0.057 std=3.641) clip=50.0
[step 02300] opnorm clamp applied
[step 02300] value_loss=25.683853 policy_loss=0.357501
[step 02300] VALUE_DEBUG: target(mean=-4.36 std=6.93 min=-20.08 max=10.16) V(s)(mean=-4.57 std=4.89) reward(mean=-0.497 std=5.717) clip=50.0
[step 02300] eval_success_rate=0.840 eval_mean_score=15.720 eval_policy_mode=greedy [solved=42/50, score_range=13.00-16.00/16.0, initial=13.52]
[step 02300] PROGRESS: filled=15.72 violations=0.00 zero_cand=0.00
[step 02300] DEBUG: ep_len=3.9 ep_ret=1.928 stop_prob=0.000 score_chg=2.2675
[step 02350] value_loss=8.434836 policy_loss=-0.075833
[step 02350] VALUE_DEBUG: target(mean=-3.89 std=6.38 min=-15.01 max=8.53) V(s)(mean=-5.40 std=5.48) reward(mean=1.446 std=2.588) clip=50.0
[step 02400] opnorm clamp applied
[step 02400] value_loss=27.550945 policy_loss=0.247799
[step 02400] VALUE_DEBUG: target(mean=-4.68 std=6.04 min=-16.15 max=6.84) V(s)(mean=-4.04 std=3.82) reward(mean=-0.790 std=5.080) clip=50.0
[step 02400] eval_success_rate=0.940 eval_mean_score=15.860 eval_policy_mode=greedy [solved=47/50, score_range=13.00-16.00/16.0, initial=13.52]
[step 02400] PROGRESS: filled=15.86 violations=0.00 zero_cand=0.00
[step 02400] DEBUG: ep_len=3.9 ep_ret=1.920 stop_prob=0.000 score_chg=2.2650
[step 02450] value_loss=14.752383 policy_loss=-0.326112
[step 02450] VALUE_DEBUG: target(mean=-5.78 std=5.30 min=-16.09 max=1.90) V(s)(mean=-6.32 std=4.14) reward(mean=0.386 std=4.311) clip=50.0
[step 02500] opnorm clamp applied
[step 02500] value_loss=16.178970 policy_loss=0.817856
[step 02500] VALUE_DEBUG: target(mean=-3.89 std=5.26 min=-16.15 max=6.84) V(s)(mean=-4.09 std=3.33) reward(mean=0.042 std=3.762) clip=50.0
[step 02500] eval_success_rate=0.920 eval_mean_score=15.840 eval_policy_mode=greedy [solved=46/50, score_range=13.00-16.00/16.0, initial=13.52]
[step 02500] PROGRESS: filled=15.84 violations=0.00 zero_cand=0.00
[step 02500] DEBUG: ep_len=3.5 ep_ret=2.390 stop_prob=0.000 score_chg=2.3350
[step 02550] value_loss=23.594084 policy_loss=0.468926
[step 02550] VALUE_DEBUG: target(mean=-3.47 std=7.05 min=-22.04 max=8.38) V(s)(mean=-4.04 std=5.61) reward(mean=0.402 std=5.038) clip=50.0
[step 02600] opnorm clamp applied
[step 02600] value_loss=11.234205 policy_loss=-0.680454
[step 02600] VALUE_DEBUG: target(mean=-3.77 std=4.54 min=-16.09 max=3.19) V(s)(mean=-3.52 std=4.05) reward(mean=-0.518 std=3.903) clip=50.0
[step 02600] eval_success_rate=0.920 eval_mean_score=15.800 eval_policy_mode=greedy [solved=46/50, score_range=13.00-16.00/16.0, initial=13.52]
[step 02600] PROGRESS: filled=15.80 violations=0.00 zero_cand=0.00
[step 02600] DEBUG: ep_len=3.4 ep_ret=2.262 stop_prob=0.000 score_chg=2.2775
[step 02650] value_loss=12.797169 policy_loss=-0.693346
[step 02650] VALUE_DEBUG: target(mean=-4.01 std=6.35 min=-17.84 max=8.18) V(s)(mean=-5.06 std=5.40) reward(mean=0.941 std=3.199) clip=50.0
[step 02700] opnorm clamp applied
[step 02700] value_loss=4.328343 policy_loss=-0.779643
[step 02700] VALUE_DEBUG: target(mean=-4.91 std=5.99 min=-17.31 max=2.97) V(s)(mean=-3.99 std=5.59) reward(mean=-0.618 std=2.231) clip=50.0
[step 02700] eval_success_rate=0.920 eval_mean_score=15.840 eval_policy_mode=greedy [solved=46/50, score_range=13.00-16.00/16.0, initial=13.52]
[step 02700] PROGRESS: filled=15.84 violations=0.00 zero_cand=0.00
[step 02700] DEBUG: ep_len=3.3 ep_ret=2.636 stop_prob=0.000 score_chg=2.4275
[step 02750] value_loss=8.052343 policy_loss=-0.323867
[step 02750] VALUE_DEBUG: target(mean=-2.79 std=6.38 min=-19.54 max=6.98) V(s)(mean=-3.18 std=5.54) reward(mean=0.534 std=2.844) clip=50.0
[step 02800] opnorm clamp applied
[step 02800] value_loss=12.713223 policy_loss=-0.090310
[step 02800] VALUE_DEBUG: target(mean=-4.07 std=5.94 min=-16.09 max=4.73) V(s)(mean=-3.06 std=4.39) reward(mean=-1.234 std=4.474) clip=50.0
[step 02800] eval_success_rate=0.900 eval_mean_score=15.820 eval_policy_mode=greedy [solved=45/50, score_range=13.00-16.00/16.0, initial=13.52]
[step 02800] PROGRESS: filled=15.82 violations=0.00 zero_cand=0.00
[step 02800] DEBUG: ep_len=3.3 ep_ret=2.361 stop_prob=0.000 score_chg=2.3250
[step 02850] value_loss=17.403183 policy_loss=0.825432
[step 02850] VALUE_DEBUG: target(mean=-2.75 std=6.19 min=-16.35 max=7.72) V(s)(mean=-2.71 std=4.37) reward(mean=-0.649 std=4.686) clip=50.0
[step 02900] opnorm clamp applied
[step 02900] value_loss=13.222646 policy_loss=0.510297
[step 02900] VALUE_DEBUG: target(mean=-2.60 std=5.98 min=-16.09 max=6.84) V(s)(mean=-2.86 std=4.78) reward(mean=-0.183 std=3.742) clip=50.0
[step 02900] eval_success_rate=0.920 eval_mean_score=15.840 eval_policy_mode=greedy [solved=46/50, score_range=13.00-16.00/16.0, initial=13.52]
[step 02900] PROGRESS: filled=15.84 violations=0.00 zero_cand=0.00
[step 02900] DEBUG: ep_len=3.4 ep_ret=2.315 stop_prob=0.000 score_chg=2.3400
[step 02950] value_loss=21.772116 policy_loss=0.876618
[step 02950] VALUE_DEBUG: target(mean=-3.98 std=6.06 min=-16.09 max=5.92) V(s)(mean=-2.81 std=4.94) reward(mean=-0.839 std=4.606) clip=50.0
[step 03000] opnorm clamp applied
[step 03000] value_loss=21.618597 policy_loss=0.408624
[step 03000] VALUE_DEBUG: target(mean=-3.68 std=6.90 min=-16.15 max=6.84) V(s)(mean=-3.68 std=5.44) reward(mean=-0.377 std=4.799) clip=50.0
[step 03000] eval_success_rate=0.880 eval_mean_score=15.840 eval_policy_mode=greedy [solved=44/50, score_range=14.00-16.00/16.0, initial=13.52]
[step 03000] PROGRESS: filled=15.84 violations=0.00 zero_cand=0.00
[step 03000] DEBUG: ep_len=3.8 ep_ret=2.121 stop_prob=0.000 score_chg=2.3675
[Checkpoint] Saved to /home/buiksat/trm_bellman/results/exp3/c_r100_s42/rl_checkpoint_step_3000.pt
[step 03050] value_loss=7.046696 policy_loss=-0.625580
[step 03050] VALUE_DEBUG: target(mean=-3.63 std=5.86 min=-17.29 max=6.84) V(s)(mean=-2.49 std=4.94) reward(mean=-0.466 std=3.156) clip=50.0
[step 03100] opnorm clamp applied
[step 03100] value_loss=6.405360 policy_loss=-0.433160
[step 03100] VALUE_DEBUG: target(mean=-5.76 std=5.93 min=-16.15 max=2.56) V(s)(mean=-5.12 std=5.59) reward(mean=-0.772 std=3.481) clip=50.0
[step 03100] eval_success_rate=0.960 eval_mean_score=15.960 eval_policy_mode=greedy [solved=48/50, score_range=15.00-16.00/16.0, initial=13.52]
[step 03100] PROGRESS: filled=15.96 violations=0.00 zero_cand=0.00
[step 03100] DEBUG: ep_len=3.5 ep_ret=2.228 stop_prob=0.000 score_chg=2.3950
[step 03150] value_loss=12.627436 policy_loss=0.737619
[step 03150] VALUE_DEBUG: target(mean=-4.39 std=6.25 min=-16.15 max=2.82) V(s)(mean=-3.27 std=5.11) reward(mean=-0.817 std=4.120) clip=50.0
[step 03200] opnorm clamp applied
[step 03200] value_loss=9.853247 policy_loss=-0.033900
[step 03200] VALUE_DEBUG: target(mean=-4.24 std=6.99 min=-21.01 max=9.54) V(s)(mean=-4.43 std=5.62) reward(mean=0.004 std=2.466) clip=50.0
[step 03200] eval_success_rate=0.960 eval_mean_score=15.960 eval_policy_mode=greedy [solved=48/50, score_range=15.00-16.00/16.0, initial=13.52]
[step 03200] PROGRESS: filled=15.96 violations=0.00 zero_cand=0.00
[step 03200] DEBUG: ep_len=3.4 ep_ret=2.391 stop_prob=0.000 score_chg=2.4150
[step 03250] value_loss=16.450880 policy_loss=-0.076499
[step 03250] VALUE_DEBUG: target(mean=-1.65 std=6.00 min=-16.50 max=6.63) V(s)(mean=-1.52 std=4.21) reward(mean=-0.528 std=4.334) clip=50.0
[step 03300] opnorm clamp applied
[step 03300] value_loss=9.303442 policy_loss=0.041644
[step 03300] VALUE_DEBUG: target(mean=-0.41 std=3.51 min=-9.53 max=6.84) V(s)(mean=-1.48 std=3.55) reward(mean=0.749 std=1.998) clip=50.0
[step 03300] eval_success_rate=0.960 eval_mean_score=15.880 eval_policy_mode=greedy [solved=48/50, score_range=13.00-16.00/16.0, initial=13.52]
[step 03300] PROGRESS: filled=15.88 violations=0.00 zero_cand=0.00
[step 03300] DEBUG: ep_len=3.0 ep_ret=2.814 stop_prob=0.000 score_chg=2.4500
[step 03350] value_loss=10.959562 policy_loss=-0.915388
[step 03350] VALUE_DEBUG: target(mean=-3.93 std=7.08 min=-20.98 max=6.84) V(s)(mean=-3.94 std=5.94) reward(mean=-0.764 std=3.093) clip=50.0
[step 03400] opnorm clamp applied
[step 03400] value_loss=9.233112 policy_loss=-0.737407
[step 03400] VALUE_DEBUG: target(mean=-1.39 std=5.42 min=-15.27 max=8.47) V(s)(mean=-2.17 std=5.04) reward(mean=0.621 std=2.562) clip=50.0
[step 03400] eval_success_rate=0.960 eval_mean_score=15.960 eval_policy_mode=greedy [solved=48/50, score_range=15.00-16.00/16.0, initial=13.52]
[step 03400] PROGRESS: filled=15.96 violations=0.00 zero_cand=0.00
[step 03400] DEBUG: ep_len=3.4 ep_ret=2.458 stop_prob=0.000 score_chg=2.3950
[step 03450] value_loss=7.843112 policy_loss=1.304446
[step 03450] VALUE_DEBUG: target(mean=-3.21 std=5.01 min=-15.37 max=2.03) V(s)(mean=-2.74 std=4.66) reward(mean=-0.495 std=2.662) clip=50.0
[step 03500] opnorm clamp applied
[step 03500] value_loss=4.036807 policy_loss=0.105684
[step 03500] VALUE_DEBUG: target(mean=-0.29 std=3.59 min=-9.39 max=6.84) V(s)(mean=-1.03 std=3.33) reward(mean=0.749 std=1.765) clip=50.0
[step 03500] eval_success_rate=0.960 eval_mean_score=15.960 eval_policy_mode=greedy [solved=48/50, score_range=15.00-16.00/16.0, initial=13.52]
[step 03500] PROGRESS: filled=15.96 violations=0.00 zero_cand=0.00
[step 03500] DEBUG: ep_len=3.2 ep_ret=2.642 stop_prob=0.000 score_chg=2.4300
[step 03550] value_loss=12.735774 policy_loss=-0.289234
[step 03550] VALUE_DEBUG: target(mean=-2.06 std=5.57 min=-16.38 max=6.84) V(s)(mean=-1.73 std=4.37) reward(mean=0.148 std=3.483) clip=50.0
[step 03600] opnorm clamp applied
[step 03600] value_loss=9.138716 policy_loss=-0.246702
[step 03600] VALUE_DEBUG: target(mean=-2.56 std=6.52 min=-15.51 max=8.57) V(s)(mean=-3.04 std=5.89) reward(mean=0.565 std=2.905) clip=50.0
[step 03600] eval_success_rate=0.960 eval_mean_score=15.960 eval_policy_mode=greedy [solved=48/50, score_range=15.00-16.00/16.0, initial=13.52]
[step 03600] PROGRESS: filled=15.96 violations=0.00 zero_cand=0.00
[step 03600] DEBUG: ep_len=3.2 ep_ret=2.476 stop_prob=0.000 score_chg=2.3900
[step 03650] value_loss=8.517199 policy_loss=0.705329
[step 03650] VALUE_DEBUG: target(mean=-2.62 std=5.10 min=-14.24 max=6.24) V(s)(mean=-2.37 std=4.81) reward(mean=-0.272 std=2.779) clip=50.0
[step 03700] opnorm clamp applied
[step 03700] value_loss=8.139527 policy_loss=0.042773
[step 03700] VALUE_DEBUG: target(mean=-1.65 std=4.39 min=-15.53 max=3.58) V(s)(mean=-2.61 std=4.36) reward(mean=0.217 std=1.562) clip=50.0
[step 03700] eval_success_rate=0.920 eval_mean_score=15.840 eval_policy_mode=greedy [solved=46/50, score_range=13.00-16.00/16.0, initial=13.52]
[step 03700] PROGRESS: filled=15.84 violations=0.00 zero_cand=0.00
[step 03700] DEBUG: ep_len=3.2 ep_ret=2.092 stop_prob=0.000 score_chg=2.2200
[step 03750] value_loss=5.464274 policy_loss=0.622558
[step 03750] VALUE_DEBUG: target(mean=-2.97 std=6.17 min=-16.12 max=6.84) V(s)(mean=-2.95 std=5.31) reward(mean=-0.284 std=4.570) clip=50.0
[step 03800] opnorm clamp applied
[step 03800] value_loss=13.297911 policy_loss=-0.020128
[step 03800] VALUE_DEBUG: target(mean=-1.76 std=5.09 min=-16.04 max=6.84) V(s)(mean=-2.05 std=3.51) reward(mean=-0.272 std=4.018) clip=50.0
[step 03800] eval_success_rate=0.920 eval_mean_score=15.920 eval_policy_mode=greedy [solved=46/50, score_range=15.00-16.00/16.0, initial=13.52]
[step 03800] PROGRESS: filled=15.92 violations=0.00 zero_cand=0.00
[step 03800] DEBUG: ep_len=3.1 ep_ret=2.916 stop_prob=0.000 score_chg=2.4700
[step 03850] value_loss=12.504118 policy_loss=-0.120361
[step 03850] VALUE_DEBUG: target(mean=-2.26 std=5.49 min=-16.10 max=6.76) V(s)(mean=-2.02 std=4.65) reward(mean=-0.184 std=3.455) clip=50.0
[step 03900] opnorm clamp applied
[step 03900] value_loss=10.334455 policy_loss=0.141329
[step 03900] VALUE_DEBUG: target(mean=-4.10 std=6.67 min=-16.07 max=6.76) V(s)(mean=-3.81 std=5.85) reward(mean=-0.161 std=3.504) clip=50.0
[step 03900] eval_success_rate=0.920 eval_mean_score=15.920 eval_policy_mode=greedy [solved=46/50, score_range=15.00-16.00/16.0, initial=13.52]
[step 03900] PROGRESS: filled=15.92 violations=0.00 zero_cand=0.00
[step 03900] DEBUG: ep_len=3.5 ep_ret=2.138 stop_prob=0.000 score_chg=2.4400
[step 03950] value_loss=13.444173 policy_loss=0.112928
[step 03950] VALUE_DEBUG: target(mean=-2.34 std=5.16 min=-14.07 max=7.67) V(s)(mean=-2.59 std=3.96) reward(mean=0.233 std=3.674) clip=50.0
[step 04000] opnorm clamp applied
[step 04000] value_loss=20.211912 policy_loss=-0.186453
[step 04000] VALUE_DEBUG: target(mean=-4.17 std=6.41 min=-16.15 max=6.84) V(s)(mean=-2.49 std=5.47) reward(mean=-1.148 std=4.698) clip=50.0
[step 04000] eval_success_rate=0.920 eval_mean_score=15.880 eval_policy_mode=greedy [solved=46/50, score_range=14.00-16.00/16.0, initial=13.52]
[step 04000] PROGRESS: filled=15.88 violations=0.00 zero_cand=0.00
[step 04000] DEBUG: ep_len=3.4 ep_ret=2.338 stop_prob=0.000 score_chg=2.3675
[Checkpoint] Saved to /home/buiksat/trm_bellman/results/exp3/c_r100_s42/rl_checkpoint_step_4000.pt
[step 04050] value_loss=6.536839 policy_loss=1.081674
[step 04050] VALUE_DEBUG: target(mean=-0.33 std=5.21 min=-15.80 max=7.31) V(s)(mean=-1.10 std=4.53) reward(mean=0.759 std=2.295) clip=50.0
[step 04100] opnorm clamp applied
[step 04100] value_loss=4.698186 policy_loss=0.176387
[step 04100] VALUE_DEBUG: target(mean=-1.56 std=4.60 min=-14.75 max=6.84) V(s)(mean=-1.52 std=3.91) reward(mean=0.348 std=2.421) clip=50.0
[step 04100] eval_success_rate=0.920 eval_mean_score=15.920 eval_policy_mode=greedy [solved=46/50, score_range=15.00-16.00/16.0, initial=13.52]
[step 04100] PROGRESS: filled=15.92 violations=0.00 zero_cand=0.00
[step 04100] DEBUG: ep_len=3.3 ep_ret=2.223 stop_prob=0.000 score_chg=2.3325
[step 04150] value_loss=5.927407 policy_loss=-0.225686
[step 04150] VALUE_DEBUG: target(mean=-2.70 std=6.26 min=-16.73 max=8.19) V(s)(mean=-3.60 std=6.20) reward(mean=0.902 std=1.990) clip=50.0
[step 04200] opnorm clamp applied
[step 04200] value_loss=9.851322 policy_loss=0.659843
[step 04200] VALUE_DEBUG: target(mean=0.08 std=4.74 min=-11.44 max=7.49) V(s)(mean=-0.15 std=3.45) reward(mean=0.843 std=3.864) clip=50.0
[step 04200] eval_success_rate=0.920 eval_mean_score=15.920 eval_policy_mode=greedy [solved=46/50, score_range=15.00-16.00/16.0, initial=13.52]
[step 04200] PROGRESS: filled=15.92 violations=0.00 zero_cand=0.00
[step 04200] DEBUG: ep_len=3.3 ep_ret=2.460 stop_prob=0.000 score_chg=2.3875
[step 04250] value_loss=5.521307 policy_loss=-0.696774
[step 04250] VALUE_DEBUG: target(mean=-2.49 std=6.22 min=-16.40 max=6.00) V(s)(mean=-2.92 std=5.91) reward(mean=-0.093 std=3.905) clip=50.0
[step 04300] opnorm clamp applied
[step 04300] value_loss=16.247913 policy_loss=0.222697
[step 04300] VALUE_DEBUG: target(mean=-1.33 std=5.83 min=-16.10 max=9.17) V(s)(mean=-1.56 std=4.17) reward(mean=0.150 std=3.824) clip=50.0
[step 04300] eval_success_rate=0.940 eval_mean_score=15.940 eval_policy_mode=greedy [solved=47/50, score_range=15.00-16.00/16.0, initial=13.52]
[step 04300] PROGRESS: filled=15.94 violations=0.00 zero_cand=0.00
[step 04300] DEBUG: ep_len=3.2 ep_ret=2.422 stop_prob=0.000 score_chg=2.4325
[step 04350] value_loss=5.484217 policy_loss=0.081907
[step 04350] VALUE_DEBUG: target(mean=-2.07 std=5.16 min=-17.65 max=6.84) V(s)(mean=-2.22 std=4.98) reward(mean=0.433 std=2.413) clip=50.0
[step 04400] opnorm clamp applied
[step 04400] value_loss=7.436506 policy_loss=-0.544036
[step 04400] VALUE_DEBUG: target(mean=-1.45 std=5.88 min=-15.99 max=7.49) V(s)(mean=-1.54 std=5.19) reward(mean=0.464 std=2.848) clip=50.0
[step 04400] eval_success_rate=0.960 eval_mean_score=15.960 eval_policy_mode=greedy [solved=48/50, score_range=15.00-16.00/16.0, initial=13.52]
[step 04400] PROGRESS: filled=15.96 violations=0.00 zero_cand=0.00
[step 04400] DEBUG: ep_len=3.3 ep_ret=2.360 stop_prob=0.000 score_chg=2.3725
[step 04450] value_loss=7.530344 policy_loss=0.475801
[step 04450] VALUE_DEBUG: target(mean=-3.70 std=6.36 min=-16.34 max=5.15) V(s)(mean=-4.30 std=5.84) reward(mean=0.095 std=3.840) clip=50.0
[step 04500] opnorm clamp applied
[step 04500] value_loss=10.965926 policy_loss=-0.167178
[step 04500] VALUE_DEBUG: target(mean=-3.41 std=5.25 min=-16.10 max=2.17) V(s)(mean=-2.35 std=5.16) reward(mean=-1.103 std=4.020) clip=50.0
[step 04500] eval_success_rate=0.960 eval_mean_score=15.960 eval_policy_mode=greedy [solved=48/50, score_range=15.00-16.00/16.0, initial=13.52]
[step 04500] PROGRESS: filled=15.96 violations=0.00 zero_cand=0.00
[step 04500] DEBUG: ep_len=3.0 ep_ret=2.526 stop_prob=0.000 score_chg=2.2825
[step 04550] value_loss=14.513000 policy_loss=-0.686115
[step 04550] VALUE_DEBUG: target(mean=-1.82 std=6.07 min=-16.15 max=6.84) V(s)(mean=-1.48 std=4.42) reward(mean=-0.418 std=4.953) clip=50.0
[step 04600] opnorm clamp applied
[step 04600] value_loss=4.227967 policy_loss=0.225911
[step 04600] VALUE_DEBUG: target(mean=-0.99 std=5.51 min=-15.93 max=6.84) V(s)(mean=-1.01 std=5.00) reward(mean=0.242 std=2.436) clip=50.0
[step 04600] eval_success_rate=0.960 eval_mean_score=15.960 eval_policy_mode=greedy [solved=48/50, score_range=15.00-16.00/16.0, initial=13.52]
[step 04600] PROGRESS: filled=15.96 violations=0.00 zero_cand=0.00
[step 04600] DEBUG: ep_len=3.4 ep_ret=2.240 stop_prob=0.000 score_chg=2.4000
[step 04650] value_loss=4.556470 policy_loss=0.083308
[step 04650] VALUE_DEBUG: target(mean=-0.69 std=4.64 min=-14.61 max=6.62) V(s)(mean=-0.76 std=4.51) reward(mean=0.098 std=2.180) clip=50.0
[step 04700] opnorm clamp applied
[step 04700] value_loss=12.546158 policy_loss=0.135159
[step 04700] VALUE_DEBUG: target(mean=-1.45 std=6.79 min=-18.39 max=6.84) V(s)(mean=-1.34 std=5.81) reward(mean=0.187 std=4.034) clip=50.0
[step 04700] eval_success_rate=0.960 eval_mean_score=15.960 eval_policy_mode=greedy [solved=48/50, score_range=15.00-16.00/16.0, initial=13.52]
[step 04700] PROGRESS: filled=15.96 violations=0.00 zero_cand=0.00
[step 04700] DEBUG: ep_len=3.2 ep_ret=2.722 stop_prob=0.000 score_chg=2.4700
[step 04750] value_loss=24.243248 policy_loss=0.380080
[step 04750] VALUE_DEBUG: target(mean=-1.09 std=5.71 min=-25.06 max=6.84) V(s)(mean=0.13 std=3.51) reward(mean=-0.646 std=5.007) clip=50.0
[step 04800] opnorm clamp applied
[step 04800] value_loss=1.579080 policy_loss=0.215988
[step 04800] VALUE_DEBUG: target(mean=-2.26 std=6.23 min=-16.28 max=6.84) V(s)(mean=-2.08 std=6.09) reward(mean=0.021 std=3.358) clip=50.0
[step 04800] eval_success_rate=0.960 eval_mean_score=15.960 eval_policy_mode=greedy [solved=48/50, score_range=15.00-16.00/16.0, initial=13.52]
[step 04800] PROGRESS: filled=15.96 violations=0.00 zero_cand=0.00
[step 04800] DEBUG: ep_len=3.1 ep_ret=2.621 stop_prob=0.000 score_chg=2.3950
[step 04850] value_loss=13.324733 policy_loss=-1.038648
[step 04850] VALUE_DEBUG: target(mean=-1.66 std=5.98 min=-16.24 max=7.51) V(s)(mean=-0.98 std=5.06) reward(mean=-0.877 std=4.463) clip=50.0
[step 04900] opnorm clamp applied
[step 04900] value_loss=10.572909 policy_loss=0.096971
[step 04900] VALUE_DEBUG: target(mean=-0.65 std=6.10 min=-16.14 max=8.08) V(s)(mean=-0.27 std=4.26) reward(mean=-0.255 std=5.027) clip=50.0
[step 04900] eval_success_rate=0.960 eval_mean_score=15.960 eval_policy_mode=greedy [solved=48/50, score_range=15.00-16.00/16.0, initial=13.52]
[step 04900] PROGRESS: filled=15.96 violations=0.00 zero_cand=0.00
[step 04900] DEBUG: ep_len=3.2 ep_ret=2.690 stop_prob=0.000 score_chg=2.4825
[step 04950] value_loss=15.197065 policy_loss=0.213515
[step 04950] VALUE_DEBUG: target(mean=-1.72 std=6.05 min=-16.22 max=6.84) V(s)(mean=-1.59 std=5.47) reward(mean=0.489 std=4.007) clip=50.0
[step 05000] opnorm clamp applied
[step 05000] value_loss=21.734909 policy_loss=0.079327
[step 05000] VALUE_DEBUG: target(mean=-2.45 std=6.75 min=-16.21 max=7.00) V(s)(mean=-1.88 std=5.02) reward(mean=-0.691 std=5.233) clip=50.0
[step 05000] eval_success_rate=0.960 eval_mean_score=15.920 eval_policy_mode=greedy [solved=48/50, score_range=14.00-16.00/16.0, initial=13.52]
[step 05000] PROGRESS: filled=15.92 violations=0.00 zero_cand=0.00
[step 05000] DEBUG: ep_len=3.3 ep_ret=2.403 stop_prob=0.000 score_chg=2.3725
[Checkpoint] Saved to /home/buiksat/trm_bellman/results/exp3/c_r100_s42/rl_checkpoint_step_5000.pt
[Checkpoint] Saved to /home/buiksat/trm_bellman/results/exp3/c_r100_s42/rl_checkpoint_step_5000.pt
