[2026-01-18T12:25:43.117-08:00] Buck UI: https://www.internalfb.com/buck2/045e7fa7-48c4-44a6-8152-8e1ab1e83b5e
[2026-01-18T12:25:43.493-08:00] Network: Up: 0B  Down: 0B
BUILD SUCCEEDED - starting your binary
[INFO] Using feasibility-aware Sudoku checker for 4x4
       score = filled - 2.0*violations - 5.0*zeroCand
       Max score: 16 (all filled, no violations)
[INFO] Training for 5000 steps (gamma=0.990, K=1, inner_unroll_n=2)
[INFO] Terminal rewards: solve=1.000, fail=-16.000
[INFO] Using TRM backbone (hidden=64, H=2, L=2)
[DEBUG] Policy head STOP bias: 0.00 (should be 0.0 for uniform init)
[INFO] Puzzle embeddings DISABLED (set --puzzle-emb-ndim > 0 to enable)
/data/repos/fbsource/buck-out/v2/gen/fbcode/7bc20b5dff24e379/buiksat_trm/__upi_trm_train__/upi_trm_train#link-tree/torch/cuda/__init__.py:373: UserWarning: Found GPU0 NVIDIA A100-PG509-200 which is of compute capability (CC) 8.0.
The following list shows the CCs this version of PyTorch was built for and the hardware CCs it supports:
Please follow the instructions at https://pytorch.org/get-started/locally/ to install a PyTorch release that supports one of these CUDA versions: 12.6, 12.8, 13.0
  _warn_unsupported_code(d, device_cc, code_ccs)
/data/repos/fbsource/buck-out/v2/gen/fbcode/7bc20b5dff24e379/buiksat_trm/__upi_trm_train__/upi_trm_train#link-tree/torch/cuda/__init__.py:373: UserWarning: Found GPU1 NVIDIA A100-PG509-200 which is of compute capability (CC) 8.0.
The following list shows the CCs this version of PyTorch was built for and the hardware CCs it supports:
Please follow the instructions at https://pytorch.org/get-started/locally/ to install a PyTorch release that supports one of these CUDA versions: 12.6, 12.8, 13.0
  _warn_unsupported_code(d, device_cc, code_ccs)
/data/repos/fbsource/buck-out/v2/gen/fbcode/7bc20b5dff24e379/buiksat_trm/__upi_trm_train__/upi_trm_train#link-tree/torch/cuda/__init__.py:373: UserWarning: Found GPU2 NVIDIA A100-PG509-200 which is of compute capability (CC) 8.0.
The following list shows the CCs this version of PyTorch was built for and the hardware CCs it supports:
Please follow the instructions at https://pytorch.org/get-started/locally/ to install a PyTorch release that supports one of these CUDA versions: 12.6, 12.8, 13.0
  _warn_unsupported_code(d, device_cc, code_ccs)
/data/repos/fbsource/buck-out/v2/gen/fbcode/7bc20b5dff24e379/buiksat_trm/__upi_trm_train__/upi_trm_train#link-tree/torch/cuda/__init__.py:373: UserWarning: Found GPU3 NVIDIA A100-PG509-200 which is of compute capability (CC) 8.0.
The following list shows the CCs this version of PyTorch was built for and the hardware CCs it supports:
Please follow the instructions at https://pytorch.org/get-started/locally/ to install a PyTorch release that supports one of these CUDA versions: 12.6, 12.8, 13.0
  _warn_unsupported_code(d, device_cc, code_ccs)
INFO:2026-01-18 12:25:49 2765756:2765756 CuptiCallbackApi.cpp:74] Callback: domain = 3, cbid = 1
INFO:2026-01-18 12:25:49 2765756:2765756 CuptiActivityProfiler.cpp:245] CUDA versions. CUPTI: 22; Runtime: 12040; Driver: 12040
INFO:2026-01-18 12:25:49 2765756:2770487 FBConfig.cpp:330] Perfetto builder enabled: 1
INFO:2026-01-18 12:25:49 2765756:2770487 DynoConfigLoader.cpp:61] Setting communication fabric enabled = 0
INFO:2026-01-18 12:25:49 2765756:2770487 DynoConfigLoader.cpp:61] Setting communication fabric enabled = 0
TritonTraceHandler: disabled because /logs does not exist
===========[FB_TRITON]=========== Triton Version: 3.3.2+fb
[INFO] Using UPI-TRM algorithm (K=1, inner_n=2)

============================================================
UPI-TRM THEORY ALIGNMENT CHECK
============================================================
⚠ Configuration has theory gaps:
  • enable_contraction=False disables spectral normalization (Assumption 4.2). L_z < 1 contraction not enforced.
  • exact_baseline_summation=False: Using approximate baseline. This gives O(ε_A/(1-γ)) bound instead of O(α·ε_A) from Theorem 5.9. For discrete action spaces (Sudoku), enable for tighter bounds.
  • theory_exact_mixture=False: Using parameter-space interpolation for CPI, which is NOT equivalent to policy-space mixture. The CPI improvement guarantee does not strictly apply. Set theory_exact_mixture=True for theory-exact behavior (but slower due to evaluating two networks).

Theory status:
  Forward-invariant projection: ✓
  Contraction enforced (L_z < 1): ✗
  Exact baseline (Thm 5.9): ✗
  Distillation (not in theory): ✓ disabled

Is theory-exact: False
============================================================

UPI-TRM theoretical dials:
  L_z target (rl_cfg.target_Lz): 0.9
  L_V target (rl_cfg.target_Lv): 1.0
  Inner unroll n (rl_cfg.inner_unroll_n): 2
  K-step horizon K (rl_cfg.K): 1
  Mixture alpha (rl_cfg.mixture_alpha): 0.1
  Latent ball radius (rl_cfg.latent_ball_radius): 10.0
  Episodic latent: True
  Exact K-step targets: False
  Exact baseline summation: False

[INFO] STOP action mode: disabled
[INFO] Forward-invariant projection enabled (R=10.0)
[WandB] Disabled by default (enable with: --wandb)
[DEBUG] Action mask: 4 valid actions out of 97 total
[DEBUG] Latent mode: episodic
[DEBUG] Step 0 probs: STOP=0.000000, edits=1.000000
[DEBUG] Top 5 action probs: torch.return_types.topk(
values=tensor([0.2701, 0.2607, 0.2370, 0.2322, 0.0000], device='cuda:0',
       grad_fn=<TopkBackward0>),
indices=tensor([75, 76, 77, 74,  0], device='cuda:0'))
[step 00050] value_loss=10.475115 policy_loss=-0.220952
[step 00050] VALUE_DEBUG: target(mean=-1.79 std=3.21 min=-9.26 max=5.58) V(s)(mean=-1.20 std=0.39) reward(mean=-1.708 std=3.164) clip=50.0
[step 00100] value_loss=19.232437 policy_loss=0.721800
[step 00100] VALUE_DEBUG: target(mean=-2.05 std=4.45 min=-16.00 max=6.84) V(s)(mean=-2.06 std=0.56) reward(mean=-1.430 std=4.449) clip=50.0
[step 00100] eval_success_rate=0.240 eval_mean_score=12.760 eval_policy_mode=greedy [solved=12/50, score_range=-1.00-16.00/16.0, initial=13.52]
[step 00100] PROGRESS: filled=14.68 violations=0.86 zero_cand=0.04
[step 00100] DEBUG: ep_len=11.2 ep_ret=-14.048 stop_prob=0.000 score_chg=-5.1175
[step 00150] value_loss=20.312813 policy_loss=-0.885561
[step 00150] VALUE_DEBUG: target(mean=-1.70 std=4.56 min=-15.98 max=6.84) V(s)(mean=-2.40 std=0.96) reward(mean=-0.467 std=4.604) clip=50.0
[step 00200] value_loss=24.597454 policy_loss=-0.974859
[step 00200] VALUE_DEBUG: target(mean=-2.83 std=5.23 min=-21.94 max=6.84) V(s)(mean=-2.91 std=0.96) reward(mean=-1.162 std=5.357) clip=50.0
[step 00200] eval_success_rate=0.320 eval_mean_score=14.160 eval_policy_mode=greedy [solved=16/50, score_range=6.00-16.00/16.0, initial=13.52]
[step 00200] PROGRESS: filled=14.52 violations=0.08 zero_cand=0.04
[step 00200] DEBUG: ep_len=10.4 ep_ret=-10.228 stop_prob=0.000 score_chg=-2.9600
[step 00250] value_loss=18.179501 policy_loss=-1.310750
[step 00250] VALUE_DEBUG: target(mean=-2.12 std=4.43 min=-9.86 max=6.84) V(s)(mean=-2.99 std=1.80) reward(mean=-0.197 std=4.221) clip=50.0
[step 00300] value_loss=20.681902 policy_loss=0.495829
[step 00300] VALUE_DEBUG: target(mean=-2.91 std=4.80 min=-16.12 max=6.84) V(s)(mean=-3.18 std=2.00) reward(mean=-0.381 std=4.763) clip=50.0
[step 00300] eval_success_rate=0.320 eval_mean_score=14.440 eval_policy_mode=greedy [solved=16/50, score_range=11.00-16.00/16.0, initial=13.52]
[step 00300] PROGRESS: filled=14.52 violations=0.04 zero_cand=0.00
[step 00300] DEBUG: ep_len=8.7 ep_ret=-6.160 stop_prob=0.000 score_chg=-0.5550
[step 00350] value_loss=38.998699 policy_loss=-1.297730
[step 00350] VALUE_DEBUG: target(mean=-4.86 std=6.04 min=-22.04 max=6.40) V(s)(mean=-4.18 std=2.02) reward(mean=-2.052 std=6.708) clip=50.0
[step 00400] value_loss=25.240417 policy_loss=-0.061146
[step 00400] VALUE_DEBUG: target(mean=-6.29 std=5.54 min=-21.98 max=6.84) V(s)(mean=-4.68 std=2.67) reward(mean=-3.035 std=5.487) clip=50.0
[step 00400] eval_success_rate=0.340 eval_mean_score=14.540 eval_policy_mode=greedy [solved=17/50, score_range=13.00-16.00/16.0, initial=13.52]
[step 00400] PROGRESS: filled=14.54 violations=0.00 zero_cand=0.00
[step 00400] DEBUG: ep_len=7.7 ep_ret=-4.116 stop_prob=0.000 score_chg=0.5900
[step 00450] value_loss=20.479580 policy_loss=0.363170
[step 00450] VALUE_DEBUG: target(mean=-3.94 std=5.46 min=-16.08 max=6.75) V(s)(mean=-4.72 std=2.77) reward(mean=-0.338 std=5.376) clip=50.0
[step 00500] value_loss=16.454378 policy_loss=-0.332542
[step 00500] VALUE_DEBUG: target(mean=-6.12 std=5.40 min=-16.23 max=6.84) V(s)(mean=-5.35 std=2.71) reward(mean=-1.764 std=5.164) clip=50.0
[step 00500] eval_success_rate=0.380 eval_mean_score=14.640 eval_policy_mode=greedy [solved=19/50, score_range=13.00-16.00/16.0, initial=13.52]
[step 00500] PROGRESS: filled=14.64 violations=0.00 zero_cand=0.00
[step 00500] DEBUG: ep_len=7.7 ep_ret=-4.013 stop_prob=0.000 score_chg=0.9275
[step 00550] value_loss=16.100868 policy_loss=0.362365
[step 00550] VALUE_DEBUG: target(mean=-4.65 std=5.62 min=-16.10 max=6.93) V(s)(mean=-3.86 std=3.16) reward(mean=-1.428 std=5.210) clip=50.0
[step 00600] value_loss=16.165771 policy_loss=0.493814
[step 00600] VALUE_DEBUG: target(mean=-3.77 std=5.33 min=-16.08 max=6.84) V(s)(mean=-4.20 std=2.97) reward(mean=-0.710 std=4.679) clip=50.0
[step 00600] eval_success_rate=0.320 eval_mean_score=14.580 eval_policy_mode=greedy [solved=16/50, score_range=13.00-16.00/16.0, initial=13.52]
[step 00600] PROGRESS: filled=14.58 violations=0.00 zero_cand=0.00
[step 00600] DEBUG: ep_len=7.1 ep_ret=-2.930 stop_prob=0.000 score_chg=1.1575
[step 00650] value_loss=9.203173 policy_loss=0.636809
[step 00650] VALUE_DEBUG: target(mean=-4.60 std=4.26 min=-11.95 max=6.22) V(s)(mean=-4.69 std=3.01) reward(mean=-0.243 std=2.963) clip=50.0
[step 00700] value_loss=7.782070 policy_loss=0.585638
[step 00700] VALUE_DEBUG: target(mean=-4.47 std=4.63 min=-16.77 max=7.14) V(s)(mean=-4.94 std=3.41) reward(mean=-0.029 std=3.177) clip=50.0
[step 00700] eval_success_rate=0.380 eval_mean_score=14.780 eval_policy_mode=greedy [solved=19/50, score_range=13.00-16.00/16.0, initial=13.52]
[step 00700] PROGRESS: filled=14.78 violations=0.00 zero_cand=0.00
[step 00700] DEBUG: ep_len=7.6 ep_ret=-3.592 stop_prob=0.000 score_chg=1.1900
[step 00750] value_loss=20.458038 policy_loss=0.736720
[step 00750] VALUE_DEBUG: target(mean=-5.51 std=6.19 min=-16.30 max=6.84) V(s)(mean=-5.71 std=4.36) reward(mean=-0.525 std=5.271) clip=50.0
[step 00800] value_loss=9.980200 policy_loss=1.054563
[step 00800] VALUE_DEBUG: target(mean=-5.67 std=5.46 min=-16.14 max=4.91) V(s)(mean=-5.55 std=3.86) reward(mean=-1.633 std=4.580) clip=50.0
[step 00800] eval_success_rate=0.420 eval_mean_score=14.820 eval_policy_mode=greedy [solved=21/50, score_range=13.00-16.00/16.0, initial=13.52]
[step 00800] PROGRESS: filled=14.82 violations=0.00 zero_cand=0.00
[step 00800] DEBUG: ep_len=7.1 ep_ret=-2.671 stop_prob=0.000 score_chg=1.4750
[step 00850] value_loss=10.417664 policy_loss=0.684738
[step 00850] VALUE_DEBUG: target(mean=-5.94 std=4.83 min=-14.17 max=5.50) V(s)(mean=-5.61 std=3.93) reward(mean=-0.528 std=3.378) clip=50.0
[step 00900] value_loss=8.100750 policy_loss=-0.256888
[step 00900] VALUE_DEBUG: target(mean=-4.56 std=4.91 min=-14.13 max=4.95) V(s)(mean=-3.80 std=4.58) reward(mean=-0.453 std=2.733) clip=50.0
[step 00900] eval_success_rate=0.500 eval_mean_score=15.020 eval_policy_mode=greedy [solved=25/50, score_range=13.00-16.00/16.0, initial=13.52]
[step 00900] PROGRESS: filled=15.02 violations=0.00 zero_cand=0.00
[step 00900] DEBUG: ep_len=6.4 ep_ret=-1.203 stop_prob=0.000 score_chg=1.8450
[step 00950] value_loss=15.080110 policy_loss=0.824724
[step 00950] VALUE_DEBUG: target(mean=-6.41 std=4.84 min=-18.46 max=3.13) V(s)(mean=-7.01 std=3.45) reward(mean=-0.205 std=4.454) clip=50.0
[step 01000] value_loss=44.307724 policy_loss=0.247772
[step 01000] VALUE_DEBUG: target(mean=-6.91 std=8.12 min=-18.08 max=6.84) V(s)(mean=-4.72 std=5.58) reward(mean=-3.246 std=7.338) clip=50.0
[step 01000] eval_success_rate=0.540 eval_mean_score=15.020 eval_policy_mode=greedy [solved=27/50, score_range=13.00-16.00/16.0, initial=13.52]
[step 01000] PROGRESS: filled=15.02 violations=0.00 zero_cand=0.00
[step 01000] DEBUG: ep_len=6.0 ep_ret=-1.173 stop_prob=0.000 score_chg=1.5600
[Checkpoint] Saved to /home/buiksat/trm_bellman/results/exp3/nc_r10_s42/rl_checkpoint_step_1000.pt
[step 01050] value_loss=10.948917 policy_loss=-0.029219
[step 01050] VALUE_DEBUG: target(mean=-7.69 std=4.41 min=-16.15 max=5.08) V(s)(mean=-7.10 std=3.34) reward(mean=-1.362 std=4.366) clip=50.0
[step 01100] value_loss=13.709967 policy_loss=-0.061521
[step 01100] VALUE_DEBUG: target(mean=-6.00 std=6.02 min=-21.10 max=8.71) V(s)(mean=-6.42 std=4.30) reward(mean=-1.202 std=5.073) clip=50.0
[step 01100] eval_success_rate=0.520 eval_mean_score=15.120 eval_policy_mode=greedy [solved=26/50, score_range=13.00-16.00/16.0, initial=13.52]
[step 01100] PROGRESS: filled=15.12 violations=0.00 zero_cand=0.00
[step 01100] DEBUG: ep_len=6.6 ep_ret=-1.433 stop_prob=0.000 score_chg=1.7575
[step 01150] value_loss=6.690167 policy_loss=1.058253
[step 01150] VALUE_DEBUG: target(mean=-5.87 std=5.24 min=-13.70 max=6.84) V(s)(mean=-6.62 std=5.04) reward(mean=-0.326 std=3.880) clip=50.0
[step 01200] value_loss=9.635080 policy_loss=1.831108
[step 01200] VALUE_DEBUG: target(mean=-5.45 std=5.72 min=-19.46 max=6.08) V(s)(mean=-5.51 std=4.89) reward(mean=0.460 std=2.938) clip=50.0
[step 01200] eval_success_rate=0.660 eval_mean_score=15.280 eval_policy_mode=greedy [solved=33/50, score_range=13.00-16.00/16.0, initial=13.52]
[step 01200] PROGRESS: filled=15.28 violations=0.00 zero_cand=0.00
[step 01200] DEBUG: ep_len=5.6 ep_ret=-0.249 stop_prob=0.000 score_chg=1.9625
[step 01250] value_loss=10.718976 policy_loss=-0.046892
[step 01250] VALUE_DEBUG: target(mean=-7.51 std=5.72 min=-22.04 max=6.32) V(s)(mean=-7.22 std=4.32) reward(mean=-1.167 std=4.389) clip=50.0
[step 01300] value_loss=18.554684 policy_loss=0.041937
[step 01300] VALUE_DEBUG: target(mean=-6.43 std=5.85 min=-17.61 max=1.84) V(s)(mean=-5.46 std=3.97) reward(mean=-1.043 std=4.756) clip=50.0
[step 01300] eval_success_rate=0.560 eval_mean_score=15.120 eval_policy_mode=greedy [solved=28/50, score_range=13.00-16.00/16.0, initial=13.52]
[step 01300] PROGRESS: filled=15.12 violations=0.00 zero_cand=0.00
[step 01300] DEBUG: ep_len=5.8 ep_ret=-0.340 stop_prob=0.000 score_chg=1.8900
[step 01350] value_loss=9.688719 policy_loss=0.369767
[step 01350] VALUE_DEBUG: target(mean=-6.89 std=5.57 min=-18.34 max=6.84) V(s)(mean=-7.07 std=4.63) reward(mean=-0.119 std=4.282) clip=50.0
[step 01400] value_loss=11.678844 policy_loss=0.650454
[step 01400] VALUE_DEBUG: target(mean=-5.95 std=6.05 min=-14.65 max=6.84) V(s)(mean=-5.74 std=4.91) reward(mean=-0.638 std=2.982) clip=50.0
[step 01400] eval_success_rate=0.580 eval_mean_score=15.260 eval_policy_mode=greedy [solved=29/50, score_range=13.00-16.00/16.0, initial=13.52]
[step 01400] PROGRESS: filled=15.26 violations=0.00 zero_cand=0.00
[step 01400] DEBUG: ep_len=5.4 ep_ret=0.217 stop_prob=0.000 score_chg=1.9275
[step 01450] value_loss=9.154180 policy_loss=0.183715
[step 01450] VALUE_DEBUG: target(mean=-5.86 std=5.65 min=-12.28 max=8.27) V(s)(mean=-5.99 std=4.45) reward(mean=0.354 std=2.722) clip=50.0
[step 01500] value_loss=11.943146 policy_loss=-0.330158
[step 01500] VALUE_DEBUG: target(mean=-5.34 std=5.76 min=-16.04 max=6.84) V(s)(mean=-5.84 std=5.04) reward(mean=-0.830 std=4.356) clip=50.0
[step 01500] eval_success_rate=0.660 eval_mean_score=15.440 eval_policy_mode=greedy [solved=33/50, score_range=13.00-16.00/16.0, initial=13.52]
[step 01500] PROGRESS: filled=15.44 violations=0.00 zero_cand=0.00
[step 01500] DEBUG: ep_len=4.9 ep_ret=0.896 stop_prob=0.000 score_chg=2.1675
[step 01550] value_loss=9.499514 policy_loss=0.158073
[step 01550] VALUE_DEBUG: target(mean=-6.00 std=6.13 min=-13.94 max=7.48) V(s)(mean=-6.01 std=5.64) reward(mean=-0.324 std=3.354) clip=50.0
[step 01600] value_loss=12.958110 policy_loss=-1.501210
[step 01600] VALUE_DEBUG: target(mean=-6.77 std=5.98 min=-18.23 max=3.82) V(s)(mean=-6.43 std=4.77) reward(mean=-0.733 std=4.032) clip=50.0
[step 01600] eval_success_rate=0.640 eval_mean_score=15.420 eval_policy_mode=greedy [solved=32/50, score_range=13.00-16.00/16.0, initial=13.52]
[step 01600] PROGRESS: filled=15.42 violations=0.00 zero_cand=0.00
[step 01600] DEBUG: ep_len=4.8 ep_ret=1.192 stop_prob=0.000 score_chg=2.1975
[step 01650] value_loss=13.571243 policy_loss=-0.066968
[step 01650] VALUE_DEBUG: target(mean=-5.78 std=5.12 min=-14.60 max=2.59) V(s)(mean=-4.91 std=4.25) reward(mean=-0.275 std=3.190) clip=50.0
[step 01700] value_loss=12.492755 policy_loss=0.488006
[step 01700] VALUE_DEBUG: target(mean=-5.92 std=6.93 min=-20.27 max=6.54) V(s)(mean=-4.54 std=5.66) reward(mean=-1.415 std=4.818) clip=50.0
[step 01700] eval_success_rate=0.740 eval_mean_score=15.580 eval_policy_mode=greedy [solved=37/50, score_range=13.00-16.00/16.0, initial=13.52]
[step 01700] PROGRESS: filled=15.58 violations=0.00 zero_cand=0.00
[step 01700] DEBUG: ep_len=4.4 ep_ret=1.614 stop_prob=0.000 score_chg=2.2275
[step 01750] value_loss=12.760561 policy_loss=-0.359051
[step 01750] VALUE_DEBUG: target(mean=-3.77 std=6.27 min=-16.15 max=6.84) V(s)(mean=-4.36 std=4.98) reward(mean=0.825 std=3.632) clip=50.0
[step 01800] value_loss=5.416186 policy_loss=0.255854
[step 01800] VALUE_DEBUG: target(mean=-4.57 std=5.59 min=-12.54 max=6.84) V(s)(mean=-4.44 std=4.72) reward(mean=0.204 std=2.378) clip=50.0
[step 01800] eval_success_rate=0.760 eval_mean_score=15.580 eval_policy_mode=greedy [solved=38/50, score_range=14.00-16.00/16.0, initial=13.52]
[step 01800] PROGRESS: filled=15.58 violations=0.00 zero_cand=0.00
[step 01800] DEBUG: ep_len=4.1 ep_ret=1.649 stop_prob=0.000 score_chg=2.1450
[step 01850] value_loss=12.484297 policy_loss=1.136612
[step 01850] VALUE_DEBUG: target(mean=-5.04 std=6.52 min=-16.80 max=12.17) V(s)(mean=-5.15 std=5.79) reward(mean=-0.368 std=3.195) clip=50.0
[step 01900] value_loss=12.095629 policy_loss=0.573714
[step 01900] VALUE_DEBUG: target(mean=-4.06 std=6.09 min=-16.14 max=3.37) V(s)(mean=-3.77 std=5.32) reward(mean=-0.564 std=4.663) clip=50.0
[step 01900] eval_success_rate=0.740 eval_mean_score=15.600 eval_policy_mode=greedy [solved=37/50, score_range=13.00-16.00/16.0, initial=13.52]
[step 01900] PROGRESS: filled=15.60 violations=0.00 zero_cand=0.00
[step 01900] DEBUG: ep_len=4.4 ep_ret=1.120 stop_prob=0.000 score_chg=2.1650
[step 01950] value_loss=6.505805 policy_loss=-0.387383
[step 01950] VALUE_DEBUG: target(mean=-5.48 std=6.31 min=-18.97 max=6.84) V(s)(mean=-5.13 std=5.75) reward(mean=-0.271 std=3.031) clip=50.0
[step 02000] value_loss=9.674349 policy_loss=-0.188862
[step 02000] VALUE_DEBUG: target(mean=-2.55 std=6.88 min=-16.15 max=9.91) V(s)(mean=-1.95 std=5.76) reward(mean=-0.258 std=4.334) clip=50.0
[step 02000] eval_success_rate=0.740 eval_mean_score=15.620 eval_policy_mode=greedy [solved=37/50, score_range=13.00-16.00/16.0, initial=13.52]
[step 02000] PROGRESS: filled=15.62 violations=0.00 zero_cand=0.00
[step 02000] DEBUG: ep_len=4.3 ep_ret=1.428 stop_prob=0.000 score_chg=2.1625
[Checkpoint] Saved to /home/buiksat/trm_bellman/results/exp3/nc_r10_s42/rl_checkpoint_step_2000.pt
[step 02050] value_loss=6.845102 policy_loss=0.988617
[step 02050] VALUE_DEBUG: target(mean=-5.03 std=6.01 min=-16.15 max=6.66) V(s)(mean=-4.13 std=4.98) reward(mean=-1.091 std=3.875) clip=50.0
[step 02100] value_loss=9.790845 policy_loss=-0.303839
[step 02100] VALUE_DEBUG: target(mean=-6.41 std=6.40 min=-17.34 max=4.72) V(s)(mean=-5.66 std=5.37) reward(mean=-0.337 std=3.657) clip=50.0
[step 02100] eval_success_rate=0.780 eval_mean_score=15.640 eval_policy_mode=greedy [solved=39/50, score_range=13.00-16.00/16.0, initial=13.52]
[step 02100] PROGRESS: filled=15.64 violations=0.00 zero_cand=0.00
[step 02100] DEBUG: ep_len=4.3 ep_ret=1.302 stop_prob=0.000 score_chg=2.1150
[step 02150] value_loss=7.739369 policy_loss=0.555396
[step 02150] VALUE_DEBUG: target(mean=-4.54 std=6.18 min=-17.21 max=4.72) V(s)(mean=-4.24 std=5.00) reward(mean=-1.083 std=4.821) clip=50.0
[step 02200] value_loss=14.974008 policy_loss=-0.056808
[step 02200] VALUE_DEBUG: target(mean=-8.02 std=6.69 min=-19.12 max=1.84) V(s)(mean=-6.86 std=4.98) reward(mean=-1.981 std=5.081) clip=50.0
[step 02200] eval_success_rate=0.840 eval_mean_score=15.760 eval_policy_mode=greedy [solved=42/50, score_range=13.00-16.00/16.0, initial=13.52]
[step 02200] PROGRESS: filled=15.76 violations=0.00 zero_cand=0.00
[step 02200] DEBUG: ep_len=3.9 ep_ret=1.862 stop_prob=0.000 score_chg=2.2075
[step 02250] value_loss=13.171286 policy_loss=0.034592
[step 02250] VALUE_DEBUG: target(mean=-5.06 std=6.91 min=-16.10 max=5.81) V(s)(mean=-5.64 std=5.78) reward(mean=-0.371 std=3.897) clip=50.0
[step 02300] value_loss=14.872501 policy_loss=-0.035263
[step 02300] VALUE_DEBUG: target(mean=-5.73 std=6.84 min=-19.94 max=5.56) V(s)(mean=-4.38 std=6.00) reward(mean=-1.615 std=4.846) clip=50.0
[step 02300] eval_success_rate=0.940 eval_mean_score=15.880 eval_policy_mode=greedy [solved=47/50, score_range=14.00-16.00/16.0, initial=13.52]
[step 02300] PROGRESS: filled=15.88 violations=0.00 zero_cand=0.00
[step 02300] DEBUG: ep_len=3.6 ep_ret=1.942 stop_prob=0.000 score_chg=2.2075
[step 02350] value_loss=24.086073 policy_loss=-0.630409
[step 02350] VALUE_DEBUG: target(mean=-5.54 std=7.57 min=-20.00 max=6.84) V(s)(mean=-4.82 std=6.18) reward(mean=-1.707 std=6.469) clip=50.0
[step 02400] value_loss=20.192196 policy_loss=-0.950918
[step 02400] VALUE_DEBUG: target(mean=-3.90 std=8.27 min=-15.19 max=11.76) V(s)(mean=-4.24 std=6.10) reward(mean=0.242 std=4.504) clip=50.0
[step 02400] eval_success_rate=0.860 eval_mean_score=15.820 eval_policy_mode=greedy [solved=43/50, score_range=14.00-16.00/16.0, initial=13.52]
[step 02400] PROGRESS: filled=15.82 violations=0.00 zero_cand=0.00
[step 02400] DEBUG: ep_len=3.4 ep_ret=2.299 stop_prob=0.000 score_chg=2.2875
[step 02450] value_loss=12.296379 policy_loss=-0.469349
[step 02450] VALUE_DEBUG: target(mean=-4.11 std=6.89 min=-18.39 max=8.35) V(s)(mean=-3.47 std=5.23) reward(mean=-0.754 std=4.555) clip=50.0
[step 02500] value_loss=8.373175 policy_loss=0.120128
[step 02500] VALUE_DEBUG: target(mean=-6.19 std=6.79 min=-21.65 max=6.72) V(s)(mean=-6.03 std=6.30) reward(mean=-0.140 std=2.927) clip=50.0
[step 02500] eval_success_rate=0.860 eval_mean_score=15.700 eval_policy_mode=greedy [solved=43/50, score_range=13.00-16.00/16.0, initial=13.52]
[step 02500] PROGRESS: filled=15.70 violations=0.00 zero_cand=0.00
[step 02500] DEBUG: ep_len=3.7 ep_ret=2.330 stop_prob=0.000 score_chg=2.3450
[step 02550] value_loss=13.576036 policy_loss=0.266481
[step 02550] VALUE_DEBUG: target(mean=-4.29 std=6.71 min=-21.10 max=6.84) V(s)(mean=-3.97 std=5.08) reward(mean=-0.028 std=4.490) clip=50.0
[step 02600] value_loss=4.010056 policy_loss=0.114715
[step 02600] VALUE_DEBUG: target(mean=-4.09 std=6.80 min=-16.34 max=6.86) V(s)(mean=-3.93 std=6.46) reward(mean=-0.373 std=2.486) clip=50.0
[step 02600] eval_success_rate=0.920 eval_mean_score=15.880 eval_policy_mode=greedy [solved=46/50, score_range=14.00-16.00/16.0, initial=13.52]
[step 02600] PROGRESS: filled=15.88 violations=0.00 zero_cand=0.00
[step 02600] DEBUG: ep_len=3.4 ep_ret=2.107 stop_prob=0.000 score_chg=2.2600
[step 02650] value_loss=6.526457 policy_loss=0.727965
[step 02650] VALUE_DEBUG: target(mean=-3.44 std=6.96 min=-18.08 max=6.84) V(s)(mean=-3.34 std=6.21) reward(mean=0.254 std=2.881) clip=50.0
[step 02700] value_loss=10.830040 policy_loss=0.147011
[step 02700] VALUE_DEBUG: target(mean=-3.68 std=7.38 min=-19.42 max=6.84) V(s)(mean=-3.97 std=5.59) reward(mean=-0.281 std=4.272) clip=50.0
[step 02700] eval_success_rate=0.940 eval_mean_score=15.900 eval_policy_mode=greedy [solved=47/50, score_range=14.00-16.00/16.0, initial=13.52]
[step 02700] PROGRESS: filled=15.90 violations=0.00 zero_cand=0.00
[step 02700] DEBUG: ep_len=3.5 ep_ret=2.155 stop_prob=0.000 score_chg=2.2700
[step 02750] value_loss=5.838172 policy_loss=-0.003494
[step 02750] VALUE_DEBUG: target(mean=-3.89 std=6.11 min=-18.46 max=4.62) V(s)(mean=-4.52 std=5.36) reward(mean=0.573 std=2.447) clip=50.0
[step 02800] value_loss=12.579833 policy_loss=0.318848
[step 02800] VALUE_DEBUG: target(mean=-2.17 std=4.69 min=-13.07 max=4.47) V(s)(mean=-2.35 std=4.97) reward(mean=0.108 std=2.025) clip=50.0
[step 02800] eval_success_rate=0.920 eval_mean_score=15.880 eval_policy_mode=greedy [solved=46/50, score_range=14.00-16.00/16.0, initial=13.52]
[step 02800] PROGRESS: filled=15.88 violations=0.00 zero_cand=0.00
[step 02800] DEBUG: ep_len=3.5 ep_ret=2.025 stop_prob=0.000 score_chg=2.2775
[step 02850] value_loss=13.901995 policy_loss=0.987068
[step 02850] VALUE_DEBUG: target(mean=-3.28 std=6.39 min=-16.10 max=2.33) V(s)(mean=-2.95 std=6.13) reward(mean=-0.531 std=4.600) clip=50.0
[step 02900] value_loss=10.574530 policy_loss=1.546517
[step 02900] VALUE_DEBUG: target(mean=-4.70 std=6.32 min=-15.99 max=3.05) V(s)(mean=-4.65 std=6.43) reward(mean=-0.263 std=3.515) clip=50.0
[step 02900] eval_success_rate=0.860 eval_mean_score=15.860 eval_policy_mode=greedy [solved=43/50, score_range=15.00-16.00/16.0, initial=13.52]
[step 02900] PROGRESS: filled=15.86 violations=0.00 zero_cand=0.00
[step 02900] DEBUG: ep_len=3.9 ep_ret=1.984 stop_prob=0.000 score_chg=2.3700
[step 02950] value_loss=5.395205 policy_loss=0.797046
[step 02950] VALUE_DEBUG: target(mean=-3.60 std=7.40 min=-19.21 max=6.93) V(s)(mean=-3.78 std=6.47) reward(mean=-0.220 std=3.925) clip=50.0
[step 03000] value_loss=6.284454 policy_loss=-0.458240
[step 03000] VALUE_DEBUG: target(mean=-0.72 std=5.79 min=-12.43 max=12.21) V(s)(mean=-1.19 std=4.74) reward(mean=0.779 std=2.411) clip=50.0
[step 03000] eval_success_rate=0.940 eval_mean_score=15.900 eval_policy_mode=greedy [solved=47/50, score_range=14.00-16.00/16.0, initial=13.52]
[step 03000] PROGRESS: filled=15.90 violations=0.00 zero_cand=0.00
[step 03000] DEBUG: ep_len=3.5 ep_ret=2.190 stop_prob=0.000 score_chg=2.3600
[Checkpoint] Saved to /home/buiksat/trm_bellman/results/exp3/nc_r10_s42/rl_checkpoint_step_3000.pt
[step 03050] value_loss=6.081879 policy_loss=-0.302704
[step 03050] VALUE_DEBUG: target(mean=-4.64 std=7.40 min=-21.09 max=6.84) V(s)(mean=-5.03 std=6.77) reward(mean=-1.015 std=5.872) clip=50.0
[step 03100] value_loss=9.185083 policy_loss=0.526531
[step 03100] VALUE_DEBUG: target(mean=-3.03 std=6.22 min=-16.16 max=6.84) V(s)(mean=-3.74 std=5.55) reward(mean=0.566 std=2.835) clip=50.0
[step 03100] eval_success_rate=0.940 eval_mean_score=15.900 eval_policy_mode=greedy [solved=47/50, score_range=14.00-16.00/16.0, initial=13.52]
[step 03100] PROGRESS: filled=15.90 violations=0.00 zero_cand=0.00
[step 03100] DEBUG: ep_len=3.5 ep_ret=2.089 stop_prob=0.000 score_chg=2.2900
[step 03150] value_loss=4.464528 policy_loss=0.834598
[step 03150] VALUE_DEBUG: target(mean=-4.13 std=7.48 min=-16.19 max=6.84) V(s)(mean=-4.42 std=6.83) reward(mean=0.677 std=2.584) clip=50.0
[step 03200] value_loss=6.151999 policy_loss=-0.218374
[step 03200] VALUE_DEBUG: target(mean=-4.24 std=6.73 min=-16.28 max=6.84) V(s)(mean=-3.66 std=6.68) reward(mean=-0.531 std=3.674) clip=50.0
[step 03200] eval_success_rate=0.940 eval_mean_score=15.900 eval_policy_mode=greedy [solved=47/50, score_range=14.00-16.00/16.0, initial=13.52]
[step 03200] PROGRESS: filled=15.90 violations=0.00 zero_cand=0.00
[step 03200] DEBUG: ep_len=3.2 ep_ret=2.625 stop_prob=0.000 score_chg=2.4625
[step 03250] value_loss=8.543411 policy_loss=0.674662
[step 03250] VALUE_DEBUG: target(mean=-5.51 std=7.49 min=-16.31 max=8.06) V(s)(mean=-4.90 std=7.58) reward(mean=-0.776 std=4.000) clip=50.0
[step 03300] value_loss=6.443505 policy_loss=-0.795109
[step 03300] VALUE_DEBUG: target(mean=-4.44 std=7.50 min=-20.48 max=7.56) V(s)(mean=-4.39 std=6.73) reward(mean=-0.279 std=4.018) clip=50.0
[step 03300] eval_success_rate=0.960 eval_mean_score=15.960 eval_policy_mode=greedy [solved=48/50, score_range=15.00-16.00/16.0, initial=13.52]
[step 03300] PROGRESS: filled=15.96 violations=0.00 zero_cand=0.00
[step 03300] DEBUG: ep_len=3.3 ep_ret=2.571 stop_prob=0.000 score_chg=2.4075
[step 03350] value_loss=6.417396 policy_loss=-0.244211
[step 03350] VALUE_DEBUG: target(mean=-2.25 std=6.42 min=-16.69 max=10.94) V(s)(mean=-2.78 std=5.53) reward(mean=0.754 std=2.961) clip=50.0
[step 03400] value_loss=21.131838 policy_loss=0.378331
[step 03400] VALUE_DEBUG: target(mean=-3.62 std=6.77 min=-22.00 max=3.67) V(s)(mean=-4.23 std=5.92) reward(mean=0.097 std=4.432) clip=50.0
[step 03400] eval_success_rate=0.960 eval_mean_score=15.960 eval_policy_mode=greedy [solved=48/50, score_range=15.00-16.00/16.0, initial=13.52]
[step 03400] PROGRESS: filled=15.96 violations=0.00 zero_cand=0.00
[step 03400] DEBUG: ep_len=3.4 ep_ret=2.270 stop_prob=0.000 score_chg=2.3800
[step 03450] value_loss=8.815018 policy_loss=-1.272367
[step 03450] VALUE_DEBUG: target(mean=-0.70 std=6.15 min=-15.85 max=7.32) V(s)(mean=-1.64 std=5.66) reward(mean=0.911 std=3.331) clip=50.0
[step 03500] value_loss=10.155279 policy_loss=1.629205
[step 03500] VALUE_DEBUG: target(mean=-4.25 std=7.02 min=-15.99 max=6.98) V(s)(mean=-4.57 std=6.64) reward(mean=0.096 std=3.062) clip=50.0
[step 03500] eval_success_rate=0.940 eval_mean_score=15.940 eval_policy_mode=greedy [solved=47/50, score_range=15.00-16.00/16.0, initial=13.52]
[step 03500] PROGRESS: filled=15.94 violations=0.00 zero_cand=0.00
[step 03500] DEBUG: ep_len=3.3 ep_ret=2.349 stop_prob=0.000 score_chg=2.3650
[step 03550] value_loss=17.041456 policy_loss=0.452427
[step 03550] VALUE_DEBUG: target(mean=-1.66 std=5.37 min=-13.84 max=6.84) V(s)(mean=-2.85 std=4.66) reward(mean=0.688 std=2.888) clip=50.0
[step 03600] value_loss=11.862361 policy_loss=0.201367
[step 03600] VALUE_DEBUG: target(mean=-2.13 std=7.19 min=-20.08 max=7.98) V(s)(mean=-2.00 std=5.47) reward(mean=0.484 std=3.806) clip=50.0
[step 03600] eval_success_rate=0.960 eval_mean_score=15.960 eval_policy_mode=greedy [solved=48/50, score_range=15.00-16.00/16.0, initial=13.52]
[step 03600] PROGRESS: filled=15.96 violations=0.00 zero_cand=0.00
[step 03600] DEBUG: ep_len=3.2 ep_ret=2.616 stop_prob=0.000 score_chg=2.4475
[step 03650] value_loss=11.126299 policy_loss=0.748764
[step 03650] VALUE_DEBUG: target(mean=-3.47 std=6.47 min=-16.68 max=6.84) V(s)(mean=-3.50 std=6.07) reward(mean=-0.030 std=3.714) clip=50.0
[step 03700] value_loss=21.095116 policy_loss=0.941154
[step 03700] VALUE_DEBUG: target(mean=-1.66 std=5.44 min=-16.68 max=6.57) V(s)(mean=-0.98 std=4.59) reward(mean=-0.501 std=3.518) clip=50.0
[step 03700] eval_success_rate=0.960 eval_mean_score=15.960 eval_policy_mode=greedy [solved=48/50, score_range=15.00-16.00/16.0, initial=13.52]
[step 03700] PROGRESS: filled=15.96 violations=0.00 zero_cand=0.00
[step 03700] DEBUG: ep_len=3.2 ep_ret=2.408 stop_prob=0.000 score_chg=2.3750
[step 03750] value_loss=7.643419 policy_loss=-0.168344
[step 03750] VALUE_DEBUG: target(mean=-3.37 std=6.79 min=-16.15 max=11.65) V(s)(mean=-2.79 std=5.77) reward(mean=-0.927 std=4.474) clip=50.0
[step 03800] value_loss=18.573841 policy_loss=-0.193411
[step 03800] VALUE_DEBUG: target(mean=-5.74 std=7.62 min=-20.00 max=7.10) V(s)(mean=-4.73 std=6.40) reward(mean=-1.483 std=4.703) clip=50.0
[step 03800] eval_success_rate=0.960 eval_mean_score=15.960 eval_policy_mode=greedy [solved=48/50, score_range=15.00-16.00/16.0, initial=13.52]
[step 03800] PROGRESS: filled=15.96 violations=0.00 zero_cand=0.00
[step 03800] DEBUG: ep_len=3.2 ep_ret=2.181 stop_prob=0.000 score_chg=2.2700
[step 03850] value_loss=12.045851 policy_loss=-0.162762
[step 03850] VALUE_DEBUG: target(mean=-2.94 std=7.25 min=-16.68 max=12.10) V(s)(mean=-3.37 std=6.74) reward(mean=0.376 std=3.920) clip=50.0
[step 03900] value_loss=5.448145 policy_loss=-0.000680
[step 03900] VALUE_DEBUG: target(mean=-2.87 std=7.09 min=-17.06 max=6.84) V(s)(mean=-2.38 std=6.40) reward(mean=-0.372 std=4.941) clip=50.0
[step 03900] eval_success_rate=0.940 eval_mean_score=15.940 eval_policy_mode=greedy [solved=47/50, score_range=15.00-16.00/16.0, initial=13.52]
[step 03900] PROGRESS: filled=15.94 violations=0.00 zero_cand=0.00
[step 03900] DEBUG: ep_len=3.3 ep_ret=2.238 stop_prob=0.000 score_chg=2.3900
[step 03950] value_loss=4.373417 policy_loss=-0.017794
[step 03950] VALUE_DEBUG: target(mean=-2.26 std=5.64 min=-16.60 max=5.21) V(s)(mean=-2.78 std=5.19) reward(mean=0.472 std=1.867) clip=50.0
[step 04000] value_loss=12.398090 policy_loss=0.728149
[step 04000] VALUE_DEBUG: target(mean=-2.50 std=7.16 min=-17.23 max=6.84) V(s)(mean=-3.37 std=6.47) reward(mean=0.967 std=2.462) clip=50.0
[step 04000] eval_success_rate=0.940 eval_mean_score=15.940 eval_policy_mode=greedy [solved=47/50, score_range=15.00-16.00/16.0, initial=13.52]
[step 04000] PROGRESS: filled=15.94 violations=0.00 zero_cand=0.00
[step 04000] DEBUG: ep_len=3.3 ep_ret=2.484 stop_prob=0.000 score_chg=2.4050
[Checkpoint] Saved to /home/buiksat/trm_bellman/results/exp3/nc_r10_s42/rl_checkpoint_step_4000.pt
[step 04050] value_loss=8.804488 policy_loss=-0.216186
[step 04050] VALUE_DEBUG: target(mean=-0.84 std=5.54 min=-16.93 max=7.62) V(s)(mean=-1.46 std=5.26) reward(mean=0.474 std=2.615) clip=50.0
[step 04100] value_loss=35.805740 policy_loss=-0.889869
[step 04100] VALUE_DEBUG: target(mean=-1.10 std=5.48 min=-13.67 max=6.87) V(s)(mean=-2.01 std=5.15) reward(mean=0.344 std=3.890) clip=50.0
[step 04100] eval_success_rate=0.940 eval_mean_score=15.940 eval_policy_mode=greedy [solved=47/50, score_range=15.00-16.00/16.0, initial=13.52]
[step 04100] PROGRESS: filled=15.94 violations=0.00 zero_cand=0.00
[step 04100] DEBUG: ep_len=3.4 ep_ret=2.422 stop_prob=0.000 score_chg=2.4075
[step 04150] value_loss=5.478503 policy_loss=0.479945
[step 04150] VALUE_DEBUG: target(mean=-4.47 std=8.30 min=-21.21 max=7.37) V(s)(mean=-3.87 std=7.60) reward(mean=-0.545 std=2.689) clip=50.0
[step 04200] value_loss=15.682028 policy_loss=-1.055800
[step 04200] VALUE_DEBUG: target(mean=-3.00 std=6.53 min=-18.21 max=6.84) V(s)(mean=-2.58 std=6.09) reward(mean=0.001 std=3.928) clip=50.0
[step 04200] eval_success_rate=0.960 eval_mean_score=15.960 eval_policy_mode=greedy [solved=48/50, score_range=15.00-16.00/16.0, initial=13.52]
[step 04200] PROGRESS: filled=15.96 violations=0.00 zero_cand=0.00
[step 04200] DEBUG: ep_len=3.2 ep_ret=2.469 stop_prob=0.000 score_chg=2.3875
[step 04250] value_loss=6.173296 policy_loss=-0.070650
[step 04250] VALUE_DEBUG: target(mean=-2.39 std=5.58 min=-15.87 max=6.84) V(s)(mean=-1.95 std=5.29) reward(mean=0.280 std=3.092) clip=50.0
[step 04300] value_loss=8.807933 policy_loss=0.525225
[step 04300] VALUE_DEBUG: target(mean=-0.06 std=5.13 min=-16.91 max=6.84) V(s)(mean=-0.06 std=4.32) reward(mean=0.657 std=3.445) clip=50.0
[step 04300] eval_success_rate=0.960 eval_mean_score=15.960 eval_policy_mode=greedy [solved=48/50, score_range=15.00-16.00/16.0, initial=13.52]
[step 04300] PROGRESS: filled=15.96 violations=0.00 zero_cand=0.00
[step 04300] DEBUG: ep_len=3.3 ep_ret=2.418 stop_prob=0.000 score_chg=2.3900
[step 04350] value_loss=12.158638 policy_loss=0.095055
[step 04350] VALUE_DEBUG: target(mean=-3.33 std=7.42 min=-16.97 max=7.16) V(s)(mean=-2.65 std=6.72) reward(mean=-1.122 std=4.233) clip=50.0
[step 04400] value_loss=11.953755 policy_loss=0.566361
[step 04400] VALUE_DEBUG: target(mean=-3.46 std=6.78 min=-16.98 max=7.81) V(s)(mean=-3.01 std=5.92) reward(mean=0.025 std=3.301) clip=50.0
[step 04400] eval_success_rate=0.960 eval_mean_score=15.960 eval_policy_mode=greedy [solved=48/50, score_range=15.00-16.00/16.0, initial=13.52]
[step 04400] PROGRESS: filled=15.96 violations=0.00 zero_cand=0.00
[step 04400] DEBUG: ep_len=3.5 ep_ret=2.346 stop_prob=0.000 score_chg=2.4200
[step 04450] value_loss=9.739490 policy_loss=-0.471842
[step 04450] VALUE_DEBUG: target(mean=-1.47 std=6.15 min=-16.04 max=7.48) V(s)(mean=-1.05 std=5.22) reward(mean=-1.149 std=4.734) clip=50.0
[step 04500] value_loss=18.668098 policy_loss=0.168507
[step 04500] VALUE_DEBUG: target(mean=-2.21 std=6.02 min=-18.00 max=6.84) V(s)(mean=-2.13 std=5.40) reward(mean=0.083 std=3.843) clip=50.0
[step 04500] eval_success_rate=0.940 eval_mean_score=15.940 eval_policy_mode=greedy [solved=47/50, score_range=15.00-16.00/16.0, initial=13.52]
[step 04500] PROGRESS: filled=15.94 violations=0.00 zero_cand=0.00
[step 04500] DEBUG: ep_len=3.2 ep_ret=2.627 stop_prob=0.000 score_chg=2.4575
[step 04550] value_loss=10.718609 policy_loss=-0.077976
[step 04550] VALUE_DEBUG: target(mean=-2.48 std=6.74 min=-15.93 max=6.93) V(s)(mean=-2.35 std=5.58) reward(mean=0.066 std=3.270) clip=50.0
[step 04600] value_loss=7.007596 policy_loss=-0.288673
[step 04600] VALUE_DEBUG: target(mean=-2.25 std=6.82 min=-21.04 max=6.84) V(s)(mean=-1.68 std=6.04) reward(mean=-0.147 std=2.998) clip=50.0
[step 04600] eval_success_rate=0.940 eval_mean_score=15.940 eval_policy_mode=greedy [solved=47/50, score_range=15.00-16.00/16.0, initial=13.52]
[step 04600] PROGRESS: filled=15.94 violations=0.00 zero_cand=0.00
[step 04600] DEBUG: ep_len=3.1 ep_ret=2.723 stop_prob=0.000 score_chg=2.4075
[step 04650] value_loss=22.120373 policy_loss=0.037777
[step 04650] VALUE_DEBUG: target(mean=-2.17 std=6.42 min=-17.98 max=6.84) V(s)(mean=-1.63 std=4.28) reward(mean=-0.471 std=5.415) clip=50.0
[step 04700] value_loss=23.254507 policy_loss=0.194647
[step 04700] VALUE_DEBUG: target(mean=-3.33 std=7.14 min=-21.98 max=9.35) V(s)(mean=-2.43 std=4.92) reward(mean=-1.419 std=5.904) clip=50.0
[step 04700] eval_success_rate=0.940 eval_mean_score=15.940 eval_policy_mode=greedy [solved=47/50, score_range=15.00-16.00/16.0, initial=13.52]
[step 04700] PROGRESS: filled=15.94 violations=0.00 zero_cand=0.00
[step 04700] DEBUG: ep_len=3.3 ep_ret=2.278 stop_prob=0.000 score_chg=2.3350
[step 04750] value_loss=1.717743 policy_loss=-0.246449
[step 04750] VALUE_DEBUG: target(mean=-2.56 std=6.19 min=-17.14 max=3.29) V(s)(mean=-2.45 std=6.04) reward(mean=-0.306 std=2.365) clip=50.0
[step 04800] value_loss=13.076296 policy_loss=-0.215020
[step 04800] VALUE_DEBUG: target(mean=-2.32 std=8.33 min=-24.34 max=11.37) V(s)(mean=-1.69 std=6.48) reward(mean=-1.182 std=6.112) clip=50.0
[step 04800] eval_success_rate=0.940 eval_mean_score=15.940 eval_policy_mode=greedy [solved=47/50, score_range=15.00-16.00/16.0, initial=13.52]
[step 04800] PROGRESS: filled=15.94 violations=0.00 zero_cand=0.00
[step 04800] DEBUG: ep_len=3.3 ep_ret=2.043 stop_prob=0.000 score_chg=2.2250
[step 04850] value_loss=1.972374 policy_loss=0.632997
[step 04850] VALUE_DEBUG: target(mean=-1.97 std=6.91 min=-18.53 max=7.26) V(s)(mean=-1.95 std=6.16) reward(mean=0.536 std=2.330) clip=50.0
[step 04900] value_loss=7.552015 policy_loss=-0.630570
[step 04900] VALUE_DEBUG: target(mean=-0.12 std=6.22 min=-17.85 max=10.31) V(s)(mean=-0.30 std=5.11) reward(mean=0.073 std=3.153) clip=50.0
[step 04900] eval_success_rate=0.920 eval_mean_score=15.900 eval_policy_mode=greedy [solved=46/50, score_range=14.00-16.00/16.0, initial=13.52]
[step 04900] PROGRESS: filled=15.90 violations=0.00 zero_cand=0.00
[step 04900] DEBUG: ep_len=3.3 ep_ret=2.530 stop_prob=0.000 score_chg=2.4175
[step 04950] value_loss=2.676087 policy_loss=-0.431874
[step 04950] VALUE_DEBUG: target(mean=0.28 std=5.20 min=-21.38 max=9.48) V(s)(mean=-0.09 std=4.29) reward(mean=0.683 std=2.492) clip=50.0
[step 05000] value_loss=6.826702 policy_loss=0.475495
[step 05000] VALUE_DEBUG: target(mean=-0.63 std=5.13 min=-16.04 max=6.30) V(s)(mean=-0.87 std=4.38) reward(mean=0.107 std=3.902) clip=50.0
[step 05000] eval_success_rate=0.940 eval_mean_score=15.860 eval_policy_mode=greedy [solved=47/50, score_range=13.00-16.00/16.0, initial=13.52]
[step 05000] PROGRESS: filled=15.86 violations=0.00 zero_cand=0.00
[step 05000] DEBUG: ep_len=3.4 ep_ret=2.500 stop_prob=0.000 score_chg=2.4925
[Checkpoint] Saved to /home/buiksat/trm_bellman/results/exp3/nc_r10_s42/rl_checkpoint_step_5000.pt
[Checkpoint] Saved to /home/buiksat/trm_bellman/results/exp3/nc_r10_s42/rl_checkpoint_step_5000.pt
