[2026-04-24 21:42:15] [GPU 1] start dqn_nstep5 seed=0 steps=80000
[2026-04-24 21:42:15] [GPU 0] start dqn seed=0 steps=80000
[2026-04-24 21:42:15] [GPU 3] start ppo seed=0 steps=5000
[2026-04-24 21:42:15] [GPU 2] start a2c seed=0 steps=10000
[2026-04-25 00:52:47] [GPU 2] done  a2c seed=0 success=0.000
[2026-04-25 00:52:47] [GPU 2] start dqn_nstep5 seed=1 steps=80000
[2026-04-25 01:17:05] [GPU 1] done  dqn_nstep5 seed=0 success=0.020
[2026-04-25 01:17:05] [GPU 1] start dqn seed=1 steps=80000
[2026-04-25 01:20:01] [GPU 0] done  dqn seed=0 success=0.000
[2026-04-25 01:20:01] [GPU 0] start ppo seed=1 steps=5000
[2026-04-25 03:08:36] [GPU 3] done  ppo seed=0 success=0.000
[2026-04-25 03:08:36] [GPU 3] start a2c seed=1 steps=10000
[2026-04-25 04:25:40] [GPU 0] done  ppo seed=1 success=0.000
[2026-04-25 04:25:40] [GPU 0] start dqn_nstep5 seed=2 steps=80000
[2026-04-25 05:00:33] [GPU 1] done  dqn seed=1 success=0.000
[2026-04-25 05:00:33] [GPU 1] start dqn seed=2 steps=80000
[2026-04-25 06:20:45] [GPU 3] done  a2c seed=1 success=0.000
[2026-04-25 06:20:45] [GPU 3] start ppo seed=2 steps=5000
[2026-04-25 08:04:27] [GPU 0] done  dqn_nstep5 seed=2 success=0.020
[2026-04-25 08:04:27] [GPU 0] start a2c seed=2 steps=10000
[2026-04-25 08:39:03] [GPU 1] done  dqn seed=2 success=0.000
[2026-04-25 08:39:04] [GPU 1] start dqn_nstep5 seed=3 steps=80000
[2026-04-25 09:36:40] [GPU 2] done  dqn_nstep5 seed=1 success=0.000
[2026-04-25 09:36:40] [GPU 2] start dqn seed=3 steps=80000
[2026-04-25 10:08:35] [GPU 0] done  a2c seed=2 success=0.000
[2026-04-25 10:08:35] [GPU 0] start ppo seed=3 steps=5000
[2026-04-25 11:52:41] [GPU 3] done  ppo seed=2 success=0.000
[2026-04-25 11:52:41] [GPU 3] start a2c seed=3 steps=10000
[2026-04-25 12:19:34] [GPU 1] done  dqn_nstep5 seed=3 success=0.020
[2026-04-25 12:19:34] [GPU 1] start dqn_nstep5 seed=4 steps=80000
[2026-04-25 13:14:16] [GPU 0] done  ppo seed=3 success=0.000
[2026-04-25 13:14:16] [GPU 0] start dqn seed=4 steps=80000
[2026-04-25 15:04:16] [GPU 3] done  a2c seed=3 success=0.000
[2026-04-25 15:04:16] [GPU 3] start ppo seed=4 steps=5000
[2026-04-25 15:58:47] [GPU 1] done  dqn_nstep5 seed=4 success=0.000
[2026-04-25 15:58:47] [GPU 1] start a2c seed=4 steps=10000
[2026-04-25 16:54:24] [GPU 0] done  dqn seed=4 success=0.000
[2026-04-25 16:54:24] [GPU 0] start dqn_nstep5 seed=5 steps=80000
[2026-04-25 18:06:29] [GPU 1] done  a2c seed=4 success=0.000
[2026-04-25 18:06:29] [GPU 1] start dqn seed=5 steps=80000
[2026-04-25 18:23:27] [GPU 2] done  dqn seed=3 success=0.000
[2026-04-25 18:23:27] [GPU 2] start ppo seed=5 steps=5000
[2026-04-25 20:28:23] [GPU 0] done  dqn_nstep5 seed=5 success=0.000
[2026-04-25 20:28:23] [GPU 0] start a2c seed=5 steps=10000
[2026-04-25 20:29:38] [GPU 3] done  ppo seed=4 success=0.000
[2026-04-25 20:29:38] [GPU 3] start dqn_nstep5 seed=6 steps=80000
[2026-04-25 21:45:27] [GPU 1] done  dqn seed=5 success=0.000
[2026-04-25 21:45:27] [GPU 1] start dqn seed=6 steps=80000
[2026-04-25 22:35:17] [GPU 0] done  a2c seed=5 success=0.000
[2026-04-25 22:35:17] [GPU 0] start ppo seed=6 steps=5000
[2026-04-25 23:51:04] [GPU 2] done  ppo seed=5 success=0.000
[2026-04-25 23:51:04] [GPU 2] start a2c seed=6 steps=10000
[2026-04-26 01:23:33] [GPU 1] done  dqn seed=6 success=0.000
[2026-04-26 01:23:33] [GPU 1] start dqn_nstep5 seed=7 steps=80000
[2026-04-26 01:37:03] [GPU 0] done  ppo seed=6 success=0.000
[2026-04-26 01:37:03] [GPU 0] start dqn seed=7 steps=80000
[2026-04-26 03:01:39] [GPU 2] done  a2c seed=6 success=0.000
[2026-04-26 03:01:39] [GPU 2] start ppo seed=7 steps=5000
[2026-04-26 04:59:20] [GPU 1] done  dqn_nstep5 seed=7 success=0.020
[2026-04-26 04:59:20] [GPU 1] start a2c seed=7 steps=10000
[2026-04-26 05:11:08] [GPU 3] done  dqn_nstep5 seed=6 success=0.000
[2026-04-26 05:11:08] [GPU 3] start dqn_nstep5 seed=8 steps=80000
[2026-04-26 05:13:16] [GPU 0] done  dqn seed=7 success=0.000
[2026-04-26 05:13:16] [GPU 0] start dqn seed=8 steps=80000
[2026-04-26 07:03:30] [GPU 1] done  a2c seed=7 success=0.000
[2026-04-26 07:03:30] [GPU 1] start ppo seed=8 steps=5000
[2026-04-26 08:29:41] [GPU 2] done  ppo seed=7 success=0.000
[2026-04-26 08:29:41] [GPU 2] start a2c seed=8 steps=10000
[2026-04-26 08:48:06] [GPU 0] done  dqn seed=8 success=0.000
[2026-04-26 08:48:06] [GPU 0] start dqn_nstep5 seed=9 steps=80000
[2026-04-26 10:03:14] [GPU 1] done  ppo seed=8 success=0.000
[2026-04-26 10:03:14] [GPU 1] start dqn seed=9 steps=80000
