[2026-01-28T22:40:56.522-08:00] Starting new buck2 daemon...
[2026-01-28T22:40:56.933-08:00] Connected to new buck2 daemon.
[2026-01-28T22:40:56.942-08:00] Buck UI: https://www.internalfb.com/buck2/234c979d-b56c-4d8d-ab9b-9c51cc8609ff
[2026-01-28T22:40:58.407-08:00] File changed: fbcode//buiksat_trm
[2026-01-28T22:40:58.407-08:00] File changed: fbcode//checkpoints/rl_dummy_seed0/model_step_10.pt
[2026-01-28T22:40:58.407-08:00] File changed: fbcode//checkpoints/rl_dummy_seed0/model_step_100.pt
[2026-01-28T22:40:58.407-08:00] 116 additional file change events
[2026-01-28T22:40:58.407-08:00] File Watcher fresh instance: new mergebase, cleared graph state, cleared dep files
[2026-01-28T22:41:05.435-08:00] Waiting on fbsource//third-party/pypi/cython/3.0.8:BUCK -- evaluating build file, and 142 other actions
[2026-01-28T22:41:08.943-08:00] [2m2026-01-29T06:41:08.915000Z[0m [33m WARN[0m [2mbuck2_interpreter_for_build::interpreter::functions::warning[0m[2m:[0m NCCL version '2.23.4' format is being deprecated for this NCCL version, please use MAJOR:MINOR format: 2.23 instead
[2026-01-28T22:41:08.943-08:00] [2m2026-01-29T06:41:08.915032Z[0m [33m WARN[0m [2mbuck2_interpreter_for_build::interpreter::functions::warning[0m[2m:[0m NCCL version '2.25.1' format is being deprecated for this NCCL version, please use MAJOR:MINOR format: 2.25 instead
[2026-01-28T22:41:08.943-08:00] [2m2026-01-29T06:41:08.915050Z[0m [33m WARN[0m [2mbuck2_interpreter_for_build::interpreter::functions::warning[0m[2m:[0m NCCL version '2.23.4' format is being deprecated for this NCCL version, please use MAJOR:MINOR format: 2.23 instead
[2026-01-28T22:41:08.943-08:00] [2m2026-01-29T06:41:08.915055Z[0m [33m WARN[0m [2mbuck2_interpreter_for_build::interpreter::functions::warning[0m[2m:[0m NCCL version '2.23.4' format is being deprecated for this NCCL version, please use MAJOR:MINOR format: 2.23 instead
[2026-01-28T22:41:08.943-08:00] [2m2026-01-29T06:41:08.915061Z[0m [33m WARN[0m [2mbuck2_interpreter_for_build::interpreter::functions::warning[0m[2m:[0m NCCL version '2.23.4' format is being deprecated for this NCCL version, please use MAJOR:MINOR format: 2.23 instead
[2026-01-28T22:41:16.037-08:00] Waiting on fbsource//third-party/rocm_composable_kernel:BUCK -- evaluating build file, and 248 other actions
[2026-01-28T22:41:21.751-08:00] [2m2026-01-29T06:41:21.557999Z[0m [33m WARN[0m [2mbuck2_interpreter_for_build::interpreter::functions::warning[0m[2m:[0m ptxas 12.8 is not available on platform platform010-aarch64-compat
[2026-01-28T22:41:21.751-08:00] [2m2026-01-29T06:41:21.558031Z[0m [33m WARN[0m [2mbuck2_interpreter_for_build::interpreter::functions::warning[0m[2m:[0m ptxas 12.8 is not available on platform platform010-compat
[2026-01-28T22:41:21.751-08:00] [2m2026-01-29T06:41:21.558036Z[0m [33m WARN[0m [2mbuck2_interpreter_for_build::interpreter::functions::warning[0m[2m:[0m ptxas 12.8 is not available on platform platform010-libcxx
[2026-01-28T22:41:21.751-08:00] [2m2026-01-29T06:41:21.558041Z[0m [33m WARN[0m [2mbuck2_interpreter_for_build::interpreter::functions::warning[0m[2m:[0m ptxas 12.8 is not available on platform antlir-distro
[2026-01-28T22:41:28.834-08:00] Waiting on fbcode//configerator/structs/data_access_policies/if:BUCK -- evaluating build file, and 11 other actions
[2026-01-28T22:41:35.835-08:00] Waiting on fbcode//configerator/structs/admarket/common:BUCK -- evaluating build file
[2026-01-28T22:41:42.934-08:00] Waiting on fbcode//caffe2:torch_eager (cfg:opt-linux-x86_64-fbcode-platform010-clang19-no-san-opt-by-default#7bc20b5dff24e379) -- running analysis [evaluate_rule]
[2026-01-28T22:41:45.676-08:00] RE Session: reSessionID-4b608ac9-7037-49e1-a4ae-2f09c155339d
[2026-01-28T22:41:52.744-08:00] Waiting on fbcode//buiksat_trm:upi_trm_train (cfg:opt-linux-x86_64-fbcode-platform010-clang19-no-san-opt-by-default#7bc20b5dff24e379) -- materializing `__link_groups__/libllvm.so`, and 7297 other actions
[2026-01-28T22:41:59.752-08:00] Waiting on fbcode//buiksat_trm:upi_trm_train (cfg:opt-linux-x86_64-fbcode-platform010-clang19-no-san-opt-by-default#7bc20b5dff24e379) -- materializing `__link_groups__/libllvm.so`, and 836 other actions
[2026-01-28T22:42:06.875-08:00] Waiting on fbcode//caffe2/torch/lib/libshm:torch_shm_manager (cfg:opt-linux-x86_64-fbcode-platform010-clang19-no-san-opt-by-default#7bc20b5dff24e379) -- action (cxx_link_executable) [local_execute], and 3457 other actions
[2026-01-28T22:42:13.939-08:00] Waiting on fbcode//universe:_xsu_identifier-python-XSUIdentifier-registry-genfile (cfg:opt-linux-x86_64-fbcode-platform010-clang19-no-san-opt-by-default#7bc20b5dff24e379) -- materializing `out/universe.XSUIdentifier`, and 4411 other actions
[2026-01-28T22:42:21.034-08:00] Waiting on fbcode//buiksat_trm:upi_trm_train (cfg:opt-linux-x86_64-fbcode-platform010-clang19-no-san-opt-by-default#7bc20b5dff24e379) -- materializing `__link_groups__/libevict-thrift-py3-extensions-dsi.so`, and 1841 other actions
[2026-01-28T22:42:28.135-08:00] Waiting on fbcode//hedwig/download/if:tracker-cpp2-types (cfg:opt-linux-x86_64-fbcode-platform010-clang19-no-san-opt-by-default#7bc20b5dff24e379) -- action (cxx_compile gen-cpp2/tracker_data.cpp (modular) (pic)) [local_execute], and 9 other actions
[2026-01-28T22:42:35.234-08:00] Waiting on fbcode//scribe/common/sink:sender_client_factory_impl (cfg:opt-linux-x86_64-fbcode-platform010-clang19-no-san-opt-by-default#7bc20b5dff24e379) -- action (cxx_compile SenderClientFactoryImpl.cpp (modular) (pic)) [local_execute], and 1 other actions
[2026-01-28T22:42:42.235-08:00] Waiting on fbcode//scribe/common/edge_metadata/unified:cached_fetcher_lib (cfg:opt-linux-x86_64-fbcode-platform010-clang19-no-san-opt-by-default#7bc20b5dff24e379) -- action (cxx_modules_precompile header-unit) [local_execute], and 1 other actions
[2026-01-28T22:42:49.334-08:00] Waiting on fbcode//scribe/common/edge_metadata/unified:cached_fetcher_lib (cfg:opt-linux-x86_64-fbcode-platform010-clang19-no-san-opt-by-default#7bc20b5dff24e379) -- action (cxx_modules_precompile header-unit) [local_execute], and 1 other actions
[2026-01-28T22:42:56.334-08:00] Waiting on fbcode//scribe/common/edge_metadata:switching_secondary_index_fetcher_lib (cfg:opt-linux-x86_64-fbcode-platform010-clang19-no-san-opt-by-default#7bc20b5dff24e379) -- action (cxx_modules_precompile header-unit) [re_worker_download]
[2026-01-28T22:43:03.434-08:00] Waiting on fbcode//scribe/common/dynamic_partitions:dynamic_partition_manager (cfg:opt-linux-x86_64-fbcode-platform010-clang19-no-san-opt-by-default#7bc20b5dff24e379) -- action (cxx_modules_precompile header-unit) [re_worker_download], and 2 other actions
[2026-01-28T22:43:10.434-08:00] Waiting on fbcode//scribe/common/dynamic_partitions:dynamic_partition_manager (cfg:opt-linux-x86_64-fbcode-platform010-clang19-no-san-opt-by-default#7bc20b5dff24e379) -- action (cxx_compile DynamicPartitionManager.cpp (modular) (pic)) [re_worker_download], and 2 other actions
[2026-01-28T22:43:17.535-08:00] Waiting on fbcode//scribe/api/producer:producer (cfg:opt-linux-x86_64-fbcode-platform010-clang19-no-san-opt-by-default#7bc20b5dff24e379) -- action (cxx_compile ProducerBuilder.cpp (modular) (pic)) [local_execute]
[2026-01-28T22:43:24.635-08:00] Waiting on fbcode//buiksat_trm:upi_trm_train (cfg:opt-linux-x86_64-fbcode-platform010-clang19-no-san-opt-by-default#7bc20b5dff24e379) -- materializing `upi_trm_train`
[2026-01-28T22:43:27.984-08:00] Cache hits: 99%
[2026-01-28T22:43:27.984-08:00] Commands: 181767 (cached: 181648, remote: 15, local: 104)
[2026-01-28T22:43:27.984-08:00] Network: Up: 31MiB  Down: 2.5GiB  (reSessionID-4b608ac9-7037-49e1-a4ae-2f09c155339d)
BUILD SUCCEEDED - starting your binary
[DATASET] dataset_paths=['/home/buiksat/trm_bellman/data/sudoku-9x9']
[DATASET] resolved_dataset_name=sudoku-9x9
[DATASET] num_samples=64
[INFO] Using feasibility-aware Sudoku checker for 9x9
       score = filled - 2.0*violations - 5.0*zeroCand
       Max score: 81 (all filled, no violations)
[INFO] Training for 50000 steps (gamma=0.990, K=1, inner_unroll_n=2)
[INFO] Terminal rewards: solve=1.000, fail=-81.000
[INFO] Using TRM backbone (hidden=64, H=2, L=2)
[DEBUG] Policy head STOP bias: 0.00 (should be 0.0 for uniform init)
[INFO] Puzzle embeddings DISABLED (set --puzzle-emb-ndim > 0 to enable)
============================================================
TRAINER SELECTION
============================================================
/data/repos/fbsource/buck-out/v2/gen/fbcode/7bc20b5dff24e379/buiksat_trm/__upi_trm_train__/upi_trm_train#link-tree/torch/cuda/__init__.py:373: UserWarning: Found GPU0 NVIDIA PG509-210 which is of compute capability (CC) 8.0.
The following list shows the CCs this version of PyTorch was built for and the hardware CCs it supports:
Please follow the instructions at https://pytorch.org/get-started/locally/ to install a PyTorch release that supports one of these CUDA versions: 12.6, 12.8, 13.0
  _warn_unsupported_code(d, device_cc, code_ccs)
INFO:2026-01-28 22:43:35 4000263:4000263 CuptiCallbackApi.cpp:74] Callback: domain = 3, cbid = 1
INFO:2026-01-28 22:43:35 4000263:4000263 CuptiActivityProfiler.cpp:245] CUDA versions. CUPTI: 22; Runtime: 12040; Driver: 12040
INFO:2026-01-28 22:43:35 4000263:4027525 FBConfig.cpp:330] Perfetto builder enabled: 1
INFO:2026-01-28 22:43:35 4000263:4027525 DynoConfigLoader.cpp:61] Setting communication fabric enabled = 0
INFO:2026-01-28 22:43:35 4000263:4027525 DynoConfigLoader.cpp:61] Setting communication fabric enabled = 0
TritonTraceHandler: disabled because /logs does not exist
===========[FB_TRITON]=========== Triton Version: 3.3.2+fb
[TRAINER] UPI-TRM (K=1, inner_n=2)
[TRAINER] CLI --baseline: None, YAML algorithm: upi_trm
============================================================

============================================================
UPI-TRM THEORY ALIGNMENT CHECK
============================================================
⚠ Configuration has theory gaps:
  • enable_contraction=False disables spectral normalization (Assumption 4.2). L_z < 1 contraction not enforced.
  • exact_baseline_summation=False: Using approximate baseline. This gives O(ε_A/(1-γ)) bound instead of O(α·ε_A) from Theorem 5.9. For discrete action spaces (Sudoku), enable for tighter bounds.
  • theory_exact_mixture=False: Using parameter-space interpolation for CPI, which is NOT equivalent to policy-space mixture. The CPI improvement guarantee does not strictly apply. Set theory_exact_mixture=True for theory-exact behavior (but slower due to evaluating two networks).

Theory status:
  Forward-invariant projection: ✓
  Contraction enforced (L_z < 1): ✗
  Exact baseline (Thm 5.9): ✗
  Distillation (not in theory): ✓ disabled

Is theory-exact: False
============================================================

UPI-TRM theoretical dials:
  L_z target (rl_cfg.target_Lz): 0.9
  L_V target (rl_cfg.target_Lv): 1.0
  Inner unroll n (rl_cfg.inner_unroll_n): 2
  K-step horizon K (rl_cfg.K): 1
  Mixture alpha (rl_cfg.mixture_alpha): 0.1
  Latent ball radius (rl_cfg.latent_ball_radius): 10.0
  Episodic latent: False
  Exact K-step targets: False
  Exact baseline summation: False

[INFO] STOP action mode: disabled
[INFO] Forward-invariant projection enabled (R=10.0)
[WandB] Disabled by default (enable with: --wandb)
[DEBUG] train_step 0: starting episode collection
[DEBUG] Action mask: 253 valid actions out of 892 total
[DEBUG] Latent mode: persistent
[DEBUG] Episode 0, Step 0: calling _mixed_policy_dist
[DEBUG] Step 0 probs: STOP=0.000000, edits=1.000000
[DEBUG] Top 5 action probs: torch.return_types.topk(
values=tensor([0.0065, 0.0062, 0.0060, 0.0060, 0.0059], device='cuda:0'),
indices=tensor([746, 387, 101, 109, 146], device='cuda:0'))
[DEBUG] Episode 0, Step 0 complete: action=146, reward=0.7500, done=False
[DEBUG] Episode 0, Step 1: calling _mixed_policy_dist
[DEBUG] Episode 0, Step 1 complete: action=695, reward=0.7400, done=False
[DEBUG] Episode 0, Step 2: calling _mixed_policy_dist
[DEBUG] Episode 0, Step 2 complete: action=701, reward=-0.2600, done=False
[DEBUG] Episode 0, Step 3: calling _mixed_policy_dist
[DEBUG] Episode 0, Step 3 complete: action=681, reward=0.7300, done=False
[DEBUG] Episode 0, Step 4: calling _mixed_policy_dist
[DEBUG] Episode 0, Step 4 complete: action=736, reward=0.7200, done=False
[DEBUG] Episode 0, Step 10: calling _mixed_policy_dist
[DEBUG] Episode 0, Step 10 complete: action=711, reward=0.6600, done=False
[DEBUG] Episode 0, Step 20: calling _mixed_policy_dist
[DEBUG] Episode 0, Step 20 complete: action=600, reward=-0.2800, done=False
[DEBUG] Episode 0, Step 30: calling _mixed_policy_dist
[DEBUG] Episode 0, Step 30 complete: action=747, reward=-9.0000, done=False
[DEBUG] Episode 0, Step 40: calling _mixed_policy_dist
[DEBUG] Episode 0, Step 40 complete: action=889, reward=-4.0000, done=False
[DEBUG] Episode 0, Step 50: calling _mixed_policy_dist
[DEBUG] Episode 0, Step 50 complete: action=773, reward=-4.9200, done=False
[DEBUG] Episode 0, Step 60: calling _mixed_policy_dist
[DEBUG] Episode 0, Step 60 complete: action=402, reward=-3.9700, done=False
[DEBUG] Episode 0, Step 70: calling _mixed_policy_dist
[DEBUG] Episode 0, Step 70 complete: action=482, reward=1.1000, done=False
[DEBUG] Episode 0, Step 80: calling _mixed_policy_dist
[DEBUG] Episode 0, Step 80 complete: action=765, reward=-80.0700, done=True
[DEBUG] Episode 0 finished: 81 steps, done=True, reason=budget
[DEBUG] train_step 0: episodes collected, starting value_update
[DEBUG] train_step 0: value_update done, starting policy_update
[DEBUG] train_step 0: policy_update done
