[2026-04-14T14:44:43.547-07:00] Buck UI: https://www.internalfb.com/buck2/4376469d-b950-445e-b21a-aa30e80189a0
[2026-04-14T14:44:43.660-07:00] Network: Up: 0B  Down: 0B
BUILD SUCCEEDED - starting your binary
WARNING:root:===========[FB_TRITON]=========== Triton Version: 3.5.0+fb
INFO:2026-04-14 14:44:52 275383:275383 CuptiCallbackApi.cpp:69] Callback: domain = 3, cbid = 1
INFO:2026-04-14 14:44:52 275383:275383 CuptiActivityProfiler.cpp:93] CUDA versions. CUPTI: 22; Runtime: 12040; Driver: 12040
INFO:2026-04-14 14:44:52 275383:277543 FBConfig.cpp:330] Perfetto builder enabled: 1
INFO:2026-04-14 14:44:52 275383:277543 DynoConfigLoader.cpp:61] Setting communication fabric enabled = 0
INFO:2026-04-14 14:44:52 275383:277543 DynoConfigLoader.cpp:61] Setting communication fabric enabled = 0
[step 00100] eval_success_rate=0.000 eval_mean_return=-18.168 eval_invalid_action_rate=0.760
[step 00200] eval_success_rate=0.000 eval_mean_return=-18.437 eval_invalid_action_rate=0.718
[step 00300] eval_success_rate=0.000 eval_mean_return=-18.269 eval_invalid_action_rate=0.618
[step 00400] eval_success_rate=0.000 eval_mean_return=-17.681 eval_invalid_action_rate=0.820
[step 00500] eval_success_rate=0.000 eval_mean_return=-18.101 eval_invalid_action_rate=0.679
[step 00600] eval_success_rate=0.000 eval_mean_return=-18.319 eval_invalid_action_rate=0.659
[step 00700] eval_success_rate=0.000 eval_mean_return=-18.470 eval_invalid_action_rate=0.560
[step 00800] eval_success_rate=0.000 eval_mean_return=-18.722 eval_invalid_action_rate=0.480
[step 00900] eval_success_rate=0.000 eval_mean_return=-18.454 eval_invalid_action_rate=0.579
[step 01000] eval_success_rate=0.000 eval_mean_return=-18.302 eval_invalid_action_rate=0.740
[step 01000] checkpoint=/home/buiksat/trm_bellman/results/neurips2026/external_hard4x4_20k/a2c/seed7/model_step_1000.zip
[step 01100] eval_success_rate=0.000 eval_mean_return=-18.336 eval_invalid_action_rate=0.734
[step 01200] eval_success_rate=0.000 eval_mean_return=-18.386 eval_invalid_action_rate=0.679
[step 01300] eval_success_rate=0.000 eval_mean_return=-18.420 eval_invalid_action_rate=0.756
[step 01400] eval_success_rate=0.000 eval_mean_return=-18.538 eval_invalid_action_rate=0.716
[step 01500] eval_success_rate=0.000 eval_mean_return=-18.588 eval_invalid_action_rate=0.699
[step 01600] eval_success_rate=0.000 eval_mean_return=-18.403 eval_invalid_action_rate=0.696
[step 01700] eval_success_rate=0.000 eval_mean_return=-18.958 eval_invalid_action_rate=0.616
[step 01800] eval_success_rate=0.000 eval_mean_return=-18.756 eval_invalid_action_rate=0.618
[step 01900] eval_success_rate=0.000 eval_mean_return=-18.672 eval_invalid_action_rate=0.600
[step 02000] eval_success_rate=0.000 eval_mean_return=-18.907 eval_invalid_action_rate=0.499
[step 02000] checkpoint=/home/buiksat/trm_bellman/results/neurips2026/external_hard4x4_20k/a2c/seed7/model_step_2000.zip
[step 02100] eval_success_rate=0.000 eval_mean_return=-18.907 eval_invalid_action_rate=0.517
[step 02200] eval_success_rate=0.000 eval_mean_return=-19.159 eval_invalid_action_rate=0.476
[step 02300] eval_success_rate=0.000 eval_mean_return=-18.991 eval_invalid_action_rate=0.479
[step 02400] eval_success_rate=0.000 eval_mean_return=-19.008 eval_invalid_action_rate=0.497
[step 02500] eval_success_rate=0.000 eval_mean_return=-18.973 eval_invalid_action_rate=0.459
[step 02600] eval_success_rate=0.000 eval_mean_return=-18.991 eval_invalid_action_rate=0.460
[step 02700] eval_success_rate=0.000 eval_mean_return=-19.142 eval_invalid_action_rate=0.475
[step 02800] eval_success_rate=0.000 eval_mean_return=-19.211 eval_invalid_action_rate=0.456
[step 02900] eval_success_rate=0.000 eval_mean_return=-19.092 eval_invalid_action_rate=0.458
[step 03000] eval_success_rate=0.000 eval_mean_return=-19.075 eval_invalid_action_rate=0.459
[step 03000] checkpoint=/home/buiksat/trm_bellman/results/neurips2026/external_hard4x4_20k/a2c/seed7/model_step_3000.zip
[step 03100] eval_success_rate=0.000 eval_mean_return=-19.025 eval_invalid_action_rate=0.479
[step 03200] eval_success_rate=0.000 eval_mean_return=-18.739 eval_invalid_action_rate=0.578
[step 03300] eval_success_rate=0.000 eval_mean_return=-18.739 eval_invalid_action_rate=0.599
[step 03400] eval_success_rate=0.000 eval_mean_return=-18.622 eval_invalid_action_rate=0.660
[step 03500] eval_success_rate=0.000 eval_mean_return=-18.706 eval_invalid_action_rate=0.640
[step 03600] eval_success_rate=0.000 eval_mean_return=-18.673 eval_invalid_action_rate=0.676
[step 03700] eval_success_rate=0.000 eval_mean_return=-18.673 eval_invalid_action_rate=0.639
[step 03800] eval_success_rate=0.000 eval_mean_return=-18.840 eval_invalid_action_rate=0.619
[step 03900] eval_success_rate=0.000 eval_mean_return=-18.773 eval_invalid_action_rate=0.640
[step 04000] eval_success_rate=0.000 eval_mean_return=-18.790 eval_invalid_action_rate=0.639
[step 04000] checkpoint=/home/buiksat/trm_bellman/results/neurips2026/external_hard4x4_20k/a2c/seed7/model_step_4000.zip
[step 04100] eval_success_rate=0.000 eval_mean_return=-18.992 eval_invalid_action_rate=0.694
[step 04200] eval_success_rate=0.000 eval_mean_return=-18.739 eval_invalid_action_rate=0.676
[step 04300] eval_success_rate=0.000 eval_mean_return=-18.622 eval_invalid_action_rate=0.679
[step 04400] eval_success_rate=0.000 eval_mean_return=-18.725 eval_invalid_action_rate=0.679
[step 04500] eval_success_rate=0.000 eval_mean_return=-18.538 eval_invalid_action_rate=0.716
[step 04600] eval_success_rate=0.000 eval_mean_return=-18.622 eval_invalid_action_rate=0.677
[step 04700] eval_success_rate=0.000 eval_mean_return=-18.722 eval_invalid_action_rate=0.676
[step 04800] eval_success_rate=0.000 eval_mean_return=-19.077 eval_invalid_action_rate=0.619
[step 04900] eval_success_rate=0.000 eval_mean_return=-19.077 eval_invalid_action_rate=0.600
[step 05000] eval_success_rate=0.000 eval_mean_return=-18.890 eval_invalid_action_rate=0.619
[step 05000] checkpoint=/home/buiksat/trm_bellman/results/neurips2026/external_hard4x4_20k/a2c/seed7/model_step_5000.zip
[step 05100] eval_success_rate=0.000 eval_mean_return=-19.094 eval_invalid_action_rate=0.600
[step 05200] eval_success_rate=0.000 eval_mean_return=-19.010 eval_invalid_action_rate=0.620
[step 05300] eval_success_rate=0.000 eval_mean_return=-19.093 eval_invalid_action_rate=0.637
[step 05400] eval_success_rate=0.000 eval_mean_return=-19.261 eval_invalid_action_rate=0.598
[step 05500] eval_success_rate=0.000 eval_mean_return=-19.177 eval_invalid_action_rate=0.618
[step 05600] eval_success_rate=0.000 eval_mean_return=-18.909 eval_invalid_action_rate=0.639
[step 05700] eval_success_rate=0.000 eval_mean_return=-18.974 eval_invalid_action_rate=0.559
[step 05800] eval_success_rate=0.000 eval_mean_return=-18.974 eval_invalid_action_rate=0.559
[step 05900] eval_success_rate=0.000 eval_mean_return=-19.278 eval_invalid_action_rate=0.519
[step 06000] eval_success_rate=0.000 eval_mean_return=-19.126 eval_invalid_action_rate=0.537
[step 06000] checkpoint=/home/buiksat/trm_bellman/results/neurips2026/external_hard4x4_20k/a2c/seed7/model_step_6000.zip
[step 06100] eval_success_rate=0.000 eval_mean_return=-19.193 eval_invalid_action_rate=0.519
[step 06200] eval_success_rate=0.000 eval_mean_return=-19.193 eval_invalid_action_rate=0.556
[step 06300] eval_success_rate=0.000 eval_mean_return=-19.193 eval_invalid_action_rate=0.500
[step 06400] eval_success_rate=0.000 eval_mean_return=-19.395 eval_invalid_action_rate=0.516
[step 06500] eval_success_rate=0.000 eval_mean_return=-19.344 eval_invalid_action_rate=0.514
[step 06600] eval_success_rate=0.000 eval_mean_return=-19.361 eval_invalid_action_rate=0.458
[step 06700] eval_success_rate=0.000 eval_mean_return=-19.294 eval_invalid_action_rate=0.496
[step 06800] eval_success_rate=0.000 eval_mean_return=-19.125 eval_invalid_action_rate=0.595
[step 06900] eval_success_rate=0.000 eval_mean_return=-19.260 eval_invalid_action_rate=0.556
[step 07000] eval_success_rate=0.000 eval_mean_return=-19.277 eval_invalid_action_rate=0.497
[step 07000] checkpoint=/home/buiksat/trm_bellman/results/neurips2026/external_hard4x4_20k/a2c/seed7/model_step_7000.zip
[step 07100] eval_success_rate=0.000 eval_mean_return=-19.226 eval_invalid_action_rate=0.496
[step 07200] eval_success_rate=0.000 eval_mean_return=-19.310 eval_invalid_action_rate=0.536
[step 07300] eval_success_rate=0.000 eval_mean_return=-19.159 eval_invalid_action_rate=0.578
[step 07400] eval_success_rate=0.000 eval_mean_return=-19.042 eval_invalid_action_rate=0.616
[step 07500] eval_success_rate=0.000 eval_mean_return=-19.058 eval_invalid_action_rate=0.578
[step 07600] eval_success_rate=0.000 eval_mean_return=-18.924 eval_invalid_action_rate=0.599
[step 07700] eval_success_rate=0.000 eval_mean_return=-18.857 eval_invalid_action_rate=0.580
[step 07800] eval_success_rate=0.000 eval_mean_return=-18.874 eval_invalid_action_rate=0.599
[step 07900] eval_success_rate=0.000 eval_mean_return=-18.874 eval_invalid_action_rate=0.599
[step 08000] eval_success_rate=0.000 eval_mean_return=-18.909 eval_invalid_action_rate=0.619
[step 08000] checkpoint=/home/buiksat/trm_bellman/results/neurips2026/external_hard4x4_20k/a2c/seed7/model_step_8000.zip
[step 08100] eval_success_rate=0.000 eval_mean_return=-18.806 eval_invalid_action_rate=0.677
[step 08200] eval_success_rate=0.000 eval_mean_return=-18.806 eval_invalid_action_rate=0.639
[step 08300] eval_success_rate=0.000 eval_mean_return=-18.890 eval_invalid_action_rate=0.657
[step 08400] eval_success_rate=0.000 eval_mean_return=-18.336 eval_invalid_action_rate=0.757
[step 08500] eval_success_rate=0.000 eval_mean_return=-18.235 eval_invalid_action_rate=0.740
[step 08600] eval_success_rate=0.000 eval_mean_return=-18.319 eval_invalid_action_rate=0.739
[step 08700] eval_success_rate=0.000 eval_mean_return=-18.101 eval_invalid_action_rate=0.760
[step 08800] eval_success_rate=0.000 eval_mean_return=-18.218 eval_invalid_action_rate=0.777
[step 08900] eval_success_rate=0.000 eval_mean_return=-18.235 eval_invalid_action_rate=0.760
[step 09000] eval_success_rate=0.000 eval_mean_return=-18.808 eval_invalid_action_rate=0.718
[step 09000] checkpoint=/home/buiksat/trm_bellman/results/neurips2026/external_hard4x4_20k/a2c/seed7/model_step_9000.zip
[step 09100] eval_success_rate=0.000 eval_mean_return=-18.101 eval_invalid_action_rate=0.800
[step 09200] eval_success_rate=0.000 eval_mean_return=-17.983 eval_invalid_action_rate=0.838
[step 09300] eval_success_rate=0.000 eval_mean_return=-18.034 eval_invalid_action_rate=0.858
[step 09400] eval_success_rate=0.000 eval_mean_return=-18.034 eval_invalid_action_rate=0.820
[step 09500] eval_success_rate=0.000 eval_mean_return=-18.084 eval_invalid_action_rate=0.819
[step 09600] eval_success_rate=0.000 eval_mean_return=-18.218 eval_invalid_action_rate=0.818
[step 09700] eval_success_rate=0.000 eval_mean_return=-18.202 eval_invalid_action_rate=0.816
[step 09800] eval_success_rate=0.000 eval_mean_return=-18.336 eval_invalid_action_rate=0.796
[step 09900] eval_success_rate=0.000 eval_mean_return=-18.202 eval_invalid_action_rate=0.835
[step 10000] eval_success_rate=0.000 eval_mean_return=-18.050 eval_invalid_action_rate=0.877
[step 10000] checkpoint=/home/buiksat/trm_bellman/results/neurips2026/external_hard4x4_20k/a2c/seed7/model_step_10000.zip
[step 10100] eval_success_rate=0.000 eval_mean_return=-18.050 eval_invalid_action_rate=0.896
[step 10200] eval_success_rate=0.000 eval_mean_return=-18.034 eval_invalid_action_rate=0.876
[step 10300] eval_success_rate=0.000 eval_mean_return=-17.966 eval_invalid_action_rate=0.836
[step 10400] eval_success_rate=0.000 eval_mean_return=-18.185 eval_invalid_action_rate=0.834
[step 10500] eval_success_rate=0.000 eval_mean_return=-18.185 eval_invalid_action_rate=0.777
[step 10600] eval_success_rate=0.000 eval_mean_return=-18.554 eval_invalid_action_rate=0.718
[step 10700] eval_success_rate=0.000 eval_mean_return=-18.487 eval_invalid_action_rate=0.716
[step 10800] eval_success_rate=0.000 eval_mean_return=-18.571 eval_invalid_action_rate=0.699
[step 10900] eval_success_rate=0.000 eval_mean_return=-18.857 eval_invalid_action_rate=0.655
[step 11000] eval_success_rate=0.000 eval_mean_return=-18.924 eval_invalid_action_rate=0.598
[step 11000] checkpoint=/home/buiksat/trm_bellman/results/neurips2026/external_hard4x4_20k/a2c/seed7/model_step_11000.zip
[step 11100] eval_success_rate=0.000 eval_mean_return=-18.790 eval_invalid_action_rate=0.616
[step 11200] eval_success_rate=0.000 eval_mean_return=-18.823 eval_invalid_action_rate=0.637
[step 11300] eval_success_rate=0.000 eval_mean_return=-18.806 eval_invalid_action_rate=0.636
[step 11400] eval_success_rate=0.000 eval_mean_return=-18.907 eval_invalid_action_rate=0.598
[step 11500] eval_success_rate=0.000 eval_mean_return=-18.890 eval_invalid_action_rate=0.578
[step 11600] eval_success_rate=0.000 eval_mean_return=-18.789 eval_invalid_action_rate=0.616
[step 11700] eval_success_rate=0.000 eval_mean_return=-18.789 eval_invalid_action_rate=0.598
[step 11800] eval_success_rate=0.000 eval_mean_return=-18.857 eval_invalid_action_rate=0.559
[step 11900] eval_success_rate=0.000 eval_mean_return=-19.277 eval_invalid_action_rate=0.552
[step 12000] eval_success_rate=0.000 eval_mean_return=-19.143 eval_invalid_action_rate=0.554
[step 12000] checkpoint=/home/buiksat/trm_bellman/results/neurips2026/external_hard4x4_20k/a2c/seed7/model_step_12000.zip
[step 12100] eval_success_rate=0.000 eval_mean_return=-19.126 eval_invalid_action_rate=0.515
[step 12200] eval_success_rate=0.000 eval_mean_return=-19.058 eval_invalid_action_rate=0.517
[step 12300] eval_success_rate=0.000 eval_mean_return=-19.311 eval_invalid_action_rate=0.477
[step 12400] eval_success_rate=0.000 eval_mean_return=-19.243 eval_invalid_action_rate=0.440
[step 12500] eval_success_rate=0.000 eval_mean_return=-19.260 eval_invalid_action_rate=0.420
[step 12600] eval_success_rate=0.000 eval_mean_return=-19.260 eval_invalid_action_rate=0.420
[step 12700] eval_success_rate=0.000 eval_mean_return=-19.260 eval_invalid_action_rate=0.420
[step 12800] eval_success_rate=0.000 eval_mean_return=-19.260 eval_invalid_action_rate=0.439
[step 12900] eval_success_rate=0.000 eval_mean_return=-19.109 eval_invalid_action_rate=0.535
[step 13000] eval_success_rate=0.000 eval_mean_return=-19.109 eval_invalid_action_rate=0.535
[step 13000] checkpoint=/home/buiksat/trm_bellman/results/neurips2026/external_hard4x4_20k/a2c/seed7/model_step_13000.zip
[step 13100] eval_success_rate=0.000 eval_mean_return=-19.109 eval_invalid_action_rate=0.516
[step 13200] eval_success_rate=0.000 eval_mean_return=-18.991 eval_invalid_action_rate=0.537
[step 13300] eval_success_rate=0.000 eval_mean_return=-18.941 eval_invalid_action_rate=0.559
[step 13400] eval_success_rate=0.000 eval_mean_return=-19.026 eval_invalid_action_rate=0.540
[step 13500] eval_success_rate=0.000 eval_mean_return=-18.991 eval_invalid_action_rate=0.557
[step 13600] eval_success_rate=0.000 eval_mean_return=-19.076 eval_invalid_action_rate=0.517
[step 13700] eval_success_rate=0.000 eval_mean_return=-18.957 eval_invalid_action_rate=0.536
[step 13800] eval_success_rate=0.000 eval_mean_return=-19.160 eval_invalid_action_rate=0.517
[step 13900] eval_success_rate=0.000 eval_mean_return=-19.294 eval_invalid_action_rate=0.516
[step 14000] eval_success_rate=0.000 eval_mean_return=-19.311 eval_invalid_action_rate=0.496
[step 14000] checkpoint=/home/buiksat/trm_bellman/results/neurips2026/external_hard4x4_20k/a2c/seed7/model_step_14000.zip
[step 14100] eval_success_rate=0.000 eval_mean_return=-19.328 eval_invalid_action_rate=0.495
[step 14200] eval_success_rate=0.000 eval_mean_return=-19.008 eval_invalid_action_rate=0.537
[step 14300] eval_success_rate=0.000 eval_mean_return=-19.311 eval_invalid_action_rate=0.515
[step 14400] eval_success_rate=0.000 eval_mean_return=-19.210 eval_invalid_action_rate=0.516
[step 14500] eval_success_rate=0.000 eval_mean_return=-18.993 eval_invalid_action_rate=0.559
[step 14600] eval_success_rate=0.000 eval_mean_return=-19.060 eval_invalid_action_rate=0.519
[step 14700] eval_success_rate=0.000 eval_mean_return=-18.974 eval_invalid_action_rate=0.615
[step 14800] eval_success_rate=0.000 eval_mean_return=-18.706 eval_invalid_action_rate=0.618
[step 14900] eval_success_rate=0.000 eval_mean_return=-18.554 eval_invalid_action_rate=0.657
[step 15000] eval_success_rate=0.000 eval_mean_return=-18.773 eval_invalid_action_rate=0.655
[step 15000] checkpoint=/home/buiksat/trm_bellman/results/neurips2026/external_hard4x4_20k/a2c/seed7/model_step_15000.zip
[step 15100] eval_success_rate=0.000 eval_mean_return=-18.556 eval_invalid_action_rate=0.679
[step 15200] eval_success_rate=0.000 eval_mean_return=-18.470 eval_invalid_action_rate=0.660
[step 15300] eval_success_rate=0.000 eval_mean_return=-18.672 eval_invalid_action_rate=0.656
[step 15400] eval_success_rate=0.000 eval_mean_return=-18.841 eval_invalid_action_rate=0.618
[step 15500] eval_success_rate=0.000 eval_mean_return=-18.689 eval_invalid_action_rate=0.676
[step 15600] eval_success_rate=0.000 eval_mean_return=-18.739 eval_invalid_action_rate=0.694
[step 15700] eval_success_rate=0.000 eval_mean_return=-18.689 eval_invalid_action_rate=0.695
[step 15800] eval_success_rate=0.000 eval_mean_return=-18.588 eval_invalid_action_rate=0.696
[step 15900] eval_success_rate=0.000 eval_mean_return=-18.588 eval_invalid_action_rate=0.696
[step 16000] eval_success_rate=0.000 eval_mean_return=-18.454 eval_invalid_action_rate=0.698
[step 16000] checkpoint=/home/buiksat/trm_bellman/results/neurips2026/external_hard4x4_20k/a2c/seed7/model_step_16000.zip
[step 16100] eval_success_rate=0.000 eval_mean_return=-18.572 eval_invalid_action_rate=0.698
[step 16200] eval_success_rate=0.000 eval_mean_return=-18.588 eval_invalid_action_rate=0.677
[step 16300] eval_success_rate=0.000 eval_mean_return=-18.623 eval_invalid_action_rate=0.659
[step 16400] eval_success_rate=0.000 eval_mean_return=-18.487 eval_invalid_action_rate=0.677
[step 16500] eval_success_rate=0.000 eval_mean_return=-18.504 eval_invalid_action_rate=0.677
[step 16600] eval_success_rate=0.000 eval_mean_return=-18.487 eval_invalid_action_rate=0.677
[step 16700] eval_success_rate=0.000 eval_mean_return=-18.470 eval_invalid_action_rate=0.736
[step 16800] eval_success_rate=0.000 eval_mean_return=-18.454 eval_invalid_action_rate=0.735
[step 16900] eval_success_rate=0.000 eval_mean_return=-18.454 eval_invalid_action_rate=0.698
[step 17000] eval_success_rate=0.000 eval_mean_return=-18.470 eval_invalid_action_rate=0.680
[step 17000] checkpoint=/home/buiksat/trm_bellman/results/neurips2026/external_hard4x4_20k/a2c/seed7/model_step_17000.zip
[step 17100] eval_success_rate=0.000 eval_mean_return=-18.623 eval_invalid_action_rate=0.677
[step 17200] eval_success_rate=0.000 eval_mean_return=-18.572 eval_invalid_action_rate=0.679
[step 17300] eval_success_rate=0.000 eval_mean_return=-18.756 eval_invalid_action_rate=0.619
[step 17400] eval_success_rate=0.000 eval_mean_return=-18.589 eval_invalid_action_rate=0.680
[step 17500] eval_success_rate=0.000 eval_mean_return=-18.470 eval_invalid_action_rate=0.660
[step 17600] eval_success_rate=0.000 eval_mean_return=-18.589 eval_invalid_action_rate=0.659
[step 17700] eval_success_rate=0.000 eval_mean_return=-18.453 eval_invalid_action_rate=0.659
[step 17800] eval_success_rate=0.000 eval_mean_return=-18.454 eval_invalid_action_rate=0.679
[step 17900] eval_success_rate=0.000 eval_mean_return=-18.470 eval_invalid_action_rate=0.699
[step 18000] eval_success_rate=0.000 eval_mean_return=-18.470 eval_invalid_action_rate=0.680
[step 18000] checkpoint=/home/buiksat/trm_bellman/results/neurips2026/external_hard4x4_20k/a2c/seed7/model_step_18000.zip
[step 18100] eval_success_rate=0.000 eval_mean_return=-18.470 eval_invalid_action_rate=0.699
[step 18200] eval_success_rate=0.000 eval_mean_return=-18.470 eval_invalid_action_rate=0.680
[step 18300] eval_success_rate=0.000 eval_mean_return=-18.605 eval_invalid_action_rate=0.679
[step 18400] eval_success_rate=0.000 eval_mean_return=-18.588 eval_invalid_action_rate=0.677
[step 18500] eval_success_rate=0.000 eval_mean_return=-18.588 eval_invalid_action_rate=0.677
[step 18600] eval_success_rate=0.000 eval_mean_return=-18.892 eval_invalid_action_rate=0.656
[step 18700] eval_success_rate=0.000 eval_mean_return=-18.858 eval_invalid_action_rate=0.676
[step 18800] eval_success_rate=0.000 eval_mean_return=-18.942 eval_invalid_action_rate=0.675
[step 18900] eval_success_rate=0.000 eval_mean_return=-18.942 eval_invalid_action_rate=0.656
[step 19000] eval_success_rate=0.000 eval_mean_return=-18.537 eval_invalid_action_rate=0.677
[step 19000] checkpoint=/home/buiksat/trm_bellman/results/neurips2026/external_hard4x4_20k/a2c/seed7/model_step_19000.zip
[step 19100] eval_success_rate=0.000 eval_mean_return=-18.638 eval_invalid_action_rate=0.675
[step 19200] eval_success_rate=0.000 eval_mean_return=-18.638 eval_invalid_action_rate=0.656
[step 19300] eval_success_rate=0.000 eval_mean_return=-18.790 eval_invalid_action_rate=0.696
[step 19400] eval_success_rate=0.000 eval_mean_return=-18.554 eval_invalid_action_rate=0.714
[step 19500] eval_success_rate=0.000 eval_mean_return=-18.858 eval_invalid_action_rate=0.694
[step 19600] eval_success_rate=0.000 eval_mean_return=-18.908 eval_invalid_action_rate=0.656
[step 19700] eval_success_rate=0.000 eval_mean_return=-18.908 eval_invalid_action_rate=0.637
[step 19800] eval_success_rate=0.000 eval_mean_return=-18.722 eval_invalid_action_rate=0.656
[step 19900] eval_success_rate=0.000 eval_mean_return=-18.722 eval_invalid_action_rate=0.656
[step 20000] eval_success_rate=0.000 eval_mean_return=-18.588 eval_invalid_action_rate=0.657
[step 20000] checkpoint=/home/buiksat/trm_bellman/results/neurips2026/external_hard4x4_20k/a2c/seed7/model_step_20000.zip
[baseline] env=sudoku4x4 algo=a2c backend=sb3
[baseline] action_space_n=97 observation_keys=inputs,plan,action_mask
[baseline] finished training: steps=20000 final_eval_success_rate=0.000 final_eval_mean_return=-18.571
[baseline] t0.3_ready=True
[baseline] t0.2_status=complete
[baseline] note: Vanilla SB3 PPO/A2C does not apply logit masking from action_mask; the policy acts in the full no-mask action space and invalid edits are penalized by the environment. This matches the paper's hard-4x4 no-mask protocol and should be compared against the internal no-mask A2C baseline.
[baseline] summary written to /home/buiksat/trm_bellman/results/neurips2026/external_hard4x4_20k/a2c/seed7/train_summary.json
