[2026-04-12T16:46:39.434-07:00] Buck UI: https://www.internalfb.com/buck2/307d02bd-3dd1-4ab7-8d1c-37b63cd9ecf2
[2026-04-12T16:46:39.554-07:00] Network: Up: 0B  Down: 0B
BUILD SUCCEEDED - starting your binary
WARNING:root:===========[FB_TRITON]=========== Triton Version: 3.5.0+fb
INFO:2026-04-12 16:46:48 2588439:2588439 CuptiCallbackApi.cpp:69] Callback: domain = 3, cbid = 1
INFO:2026-04-12 16:46:48 2588439:2588439 CuptiActivityProfiler.cpp:93] CUDA versions. CUPTI: 22; Runtime: 12040; Driver: 12040
INFO:2026-04-12 16:46:48 2588439:2589930 FBConfig.cpp:330] Perfetto builder enabled: 1
INFO:2026-04-12 16:46:48 2588439:2589930 DynoConfigLoader.cpp:61] Setting communication fabric enabled = 0
INFO:2026-04-12 16:46:48 2588439:2589930 DynoConfigLoader.cpp:61] Setting communication fabric enabled = 0
[step 00100] eval_success_rate=0.000 eval_mean_return=-18.470 eval_invalid_action_rate=0.759
[step 00200] eval_success_rate=0.000 eval_mean_return=-17.714 eval_invalid_action_rate=0.839
[step 00300] eval_success_rate=0.000 eval_mean_return=-17.798 eval_invalid_action_rate=0.820
[step 00400] eval_success_rate=0.000 eval_mean_return=-18.370 eval_invalid_action_rate=0.740
[step 00500] eval_success_rate=0.000 eval_mean_return=-17.765 eval_invalid_action_rate=0.840
[step 00600] eval_success_rate=0.000 eval_mean_return=-17.832 eval_invalid_action_rate=0.840
[step 00700] eval_success_rate=0.000 eval_mean_return=-17.647 eval_invalid_action_rate=0.939
[step 00800] eval_success_rate=0.000 eval_mean_return=-17.832 eval_invalid_action_rate=0.840
[step 00900] eval_success_rate=0.000 eval_mean_return=-18.067 eval_invalid_action_rate=0.819
[step 01000] eval_success_rate=0.000 eval_mean_return=-17.966 eval_invalid_action_rate=0.839
[step 01000] checkpoint=/home/buiksat/trm_bellman/results/neurips2026/external_hard4x4/a2c/seed4/model_step_1000.zip
[step 01100] eval_success_rate=0.000 eval_mean_return=-17.563 eval_invalid_action_rate=0.880
[step 01200] eval_success_rate=0.000 eval_mean_return=-17.496 eval_invalid_action_rate=0.920
[step 01300] eval_success_rate=0.000 eval_mean_return=-17.513 eval_invalid_action_rate=0.959
[step 01400] eval_success_rate=0.000 eval_mean_return=-17.462 eval_invalid_action_rate=1.000
[step 01500] eval_success_rate=0.000 eval_mean_return=-17.446 eval_invalid_action_rate=0.999
[step 01600] eval_success_rate=0.000 eval_mean_return=-17.429 eval_invalid_action_rate=0.960
[step 01700] eval_success_rate=0.000 eval_mean_return=-17.429 eval_invalid_action_rate=0.960
[step 01800] eval_success_rate=0.000 eval_mean_return=-17.429 eval_invalid_action_rate=0.960
[step 01900] eval_success_rate=0.000 eval_mean_return=-17.528 eval_invalid_action_rate=0.900
[step 02000] eval_success_rate=0.000 eval_mean_return=-17.543 eval_invalid_action_rate=0.860
[step 02000] checkpoint=/home/buiksat/trm_bellman/results/neurips2026/external_hard4x4/a2c/seed4/model_step_2000.zip
[step 02100] eval_success_rate=0.000 eval_mean_return=-17.543 eval_invalid_action_rate=0.860
[step 02200] eval_success_rate=0.000 eval_mean_return=-17.639 eval_invalid_action_rate=0.800
[step 02300] eval_success_rate=0.000 eval_mean_return=-17.575 eval_invalid_action_rate=0.840
[step 02400] eval_success_rate=0.000 eval_mean_return=-17.639 eval_invalid_action_rate=0.800
[step 02500] eval_success_rate=0.000 eval_mean_return=-17.543 eval_invalid_action_rate=0.860
[step 02600] eval_success_rate=0.000 eval_mean_return=-17.511 eval_invalid_action_rate=0.880
[step 02700] eval_success_rate=0.000 eval_mean_return=-17.710 eval_invalid_action_rate=0.839
[step 02800] eval_success_rate=0.000 eval_mean_return=-17.511 eval_invalid_action_rate=0.899
[step 02900] eval_success_rate=0.000 eval_mean_return=-17.580 eval_invalid_action_rate=0.880
[step 03000] eval_success_rate=0.000 eval_mean_return=-17.646 eval_invalid_action_rate=0.860
[step 03000] checkpoint=/home/buiksat/trm_bellman/results/neurips2026/external_hard4x4/a2c/seed4/model_step_3000.zip
[step 03100] eval_success_rate=0.000 eval_mean_return=-17.778 eval_invalid_action_rate=0.820
[step 03200] eval_success_rate=0.000 eval_mean_return=-17.778 eval_invalid_action_rate=0.820
[step 03300] eval_success_rate=0.000 eval_mean_return=-17.830 eval_invalid_action_rate=0.839
[step 03400] eval_success_rate=0.000 eval_mean_return=-18.012 eval_invalid_action_rate=0.777
[step 03500] eval_success_rate=0.000 eval_mean_return=-18.212 eval_invalid_action_rate=0.756
[step 03600] eval_success_rate=0.000 eval_mean_return=-17.891 eval_invalid_action_rate=0.818
[step 03700] eval_success_rate=0.000 eval_mean_return=-17.806 eval_invalid_action_rate=0.819
[step 03800] eval_success_rate=0.000 eval_mean_return=-17.838 eval_invalid_action_rate=0.799
[step 03900] eval_success_rate=0.000 eval_mean_return=-18.022 eval_invalid_action_rate=0.738
[step 04000] eval_success_rate=0.000 eval_mean_return=-18.184 eval_invalid_action_rate=0.679
[step 04000] checkpoint=/home/buiksat/trm_bellman/results/neurips2026/external_hard4x4/a2c/seed4/model_step_4000.zip
[step 04100] eval_success_rate=0.000 eval_mean_return=-18.217 eval_invalid_action_rate=0.659
[step 04200] eval_success_rate=0.000 eval_mean_return=-18.150 eval_invalid_action_rate=0.676
[step 04300] eval_success_rate=0.000 eval_mean_return=-18.036 eval_invalid_action_rate=0.755
[step 04400] eval_success_rate=0.000 eval_mean_return=-18.103 eval_invalid_action_rate=0.755
[step 04500] eval_success_rate=0.000 eval_mean_return=-17.937 eval_invalid_action_rate=0.795
[step 04600] eval_success_rate=0.000 eval_mean_return=-17.937 eval_invalid_action_rate=0.795
[step 04700] eval_success_rate=0.000 eval_mean_return=-18.039 eval_invalid_action_rate=0.776
[step 04800] eval_success_rate=0.000 eval_mean_return=-18.021 eval_invalid_action_rate=0.779
[step 04900] eval_success_rate=0.000 eval_mean_return=-17.905 eval_invalid_action_rate=0.800
[step 05000] eval_success_rate=0.000 eval_mean_return=-17.987 eval_invalid_action_rate=0.757
[step 05000] checkpoint=/home/buiksat/trm_bellman/results/neurips2026/external_hard4x4/a2c/seed4/model_step_5000.zip
[baseline] env=sudoku4x4 algo=a2c backend=sb3
[baseline] action_space_n=97 observation_keys=inputs,plan,action_mask
[baseline] finished training: steps=5000 final_eval_success_rate=0.000 final_eval_mean_return=-17.972
[baseline] t0.3_ready=True
[baseline] t0.2_status=complete
[baseline] note: Vanilla SB3 PPO/A2C does not apply logit masking from action_mask; the policy acts in the full no-mask action space and invalid edits are penalized by the environment. This matches the paper's hard-4x4 no-mask protocol and should be compared against the internal no-mask A2C baseline.
[baseline] summary written to /home/buiksat/trm_bellman/results/neurips2026/external_hard4x4/a2c/seed4/train_summary.json
