2026-01-14 10:04:56,151 - INFO - Step 10: target(mean=-1.429, std=2.450, min=-8.362, max=4.421) | V(s)(mean=-0.296, std=0.100)
2026-01-14 10:05:45,615 - INFO - Step 20: target(mean=-1.168, std=2.370, min=-8.308, max=4.144) | V(s)(mean=-0.776, std=0.132)
2026-01-14 10:06:35,455 - INFO - Step 30: target(mean=-1.573, std=2.615, min=-11.237, max=5.619) | V(s)(mean=-1.598, std=0.189)
2026-01-14 10:07:25,808 - INFO - Step 40: target(mean=-1.490, std=2.559, min=-7.447, max=5.567) | V(s)(mean=-1.637, std=0.375)
2026-01-14 10:08:15,490 - INFO - Step 50: target(mean=-1.720, std=2.411, min=-8.629, max=5.484) | V(s)(mean=-1.586, std=0.616)
2026-01-14 10:08:47,357 - INFO -   [Eval] Step 50: success_rate=0.000, mean_score=9.060
2026-01-14 10:09:36,684 - INFO - Step 60: target(mean=-1.670, std=2.308, min=-8.663, max=3.561) | V(s)(mean=-1.640, std=0.837)
2026-01-14 10:10:27,348 - INFO - Step 70: target(mean=-1.563, std=2.445, min=-8.749, max=5.321) | V(s)(mean=-1.601, std=0.980)
2026-01-14 10:11:18,641 - INFO - Step 80: target(mean=-1.702, std=2.447, min=-8.616, max=5.503) | V(s)(mean=-1.649, std=1.048)
2026-01-14 10:12:09,794 - INFO - Step 90: target(mean=-1.369, std=2.706, min=-8.719, max=6.221) | V(s)(mean=-1.383, std=1.129)
2026-01-14 10:13:00,316 - INFO - Step 100: target(mean=-1.601, std=2.449, min=-8.568, max=6.190) | V(s)(mean=-1.322, std=0.982)
2026-01-14 10:13:32,287 - INFO -   [Eval] Step 100: success_rate=0.000, mean_score=9.620
2026-01-14 10:14:22,748 - INFO - Step 110: target(mean=-1.589, std=2.488, min=-8.478, max=6.451) | V(s)(mean=-2.088, std=0.623)
2026-01-14 10:15:14,859 - INFO - Step 120: target(mean=-1.764, std=2.427, min=-7.492, max=5.078) | V(s)(mean=-1.820, std=0.799)
2026-01-14 10:16:04,722 - INFO - Step 130: target(mean=-1.838, std=2.430, min=-8.544, max=4.411) | V(s)(mean=-1.475, std=0.884)
2026-01-14 10:16:54,285 - INFO - Step 140: target(mean=-1.762, std=2.498, min=-9.086, max=5.585) | V(s)(mean=-1.504, std=0.877)
2026-01-14 10:17:42,586 - INFO - Step 150: target(mean=-1.807, std=2.348, min=-9.523, max=3.285) | V(s)(mean=-1.512, std=0.883)
2026-01-14 10:18:14,022 - INFO -   [Eval] Step 150: success_rate=0.000, mean_score=9.680
2026-01-14 10:19:04,746 - INFO - Step 160: target(mean=-1.583, std=2.286, min=-8.159, max=6.243) | V(s)(mean=-1.764, std=0.778)
2026-01-14 10:19:54,228 - INFO - Step 170: target(mean=-1.762, std=2.472, min=-8.272, max=3.599) | V(s)(mean=-1.843, std=0.923)
2026-01-14 10:20:44,626 - INFO - Step 180: target(mean=-1.663, std=2.295, min=-7.808, max=5.201) | V(s)(mean=-1.731, std=1.036)
2026-01-14 10:21:36,993 - INFO - Step 190: target(mean=-1.716, std=2.400, min=-8.049, max=5.667) | V(s)(mean=-1.721, std=0.916)
2026-01-14 10:22:27,745 - INFO - Step 200: target(mean=-1.743, std=2.124, min=-8.010, max=5.919) | V(s)(mean=-1.806, std=0.997)
2026-01-14 10:22:58,543 - INFO -   [Eval] Step 200: success_rate=0.000, mean_score=9.880
2026-01-14 10:22:58,543 - INFO - 
============================================================
2026-01-14 10:22:58,543 - INFO - Summary for Condition A: zconOFF_vheadOFF
2026-01-14 10:22:58,544 - INFO - ============================================================
2026-01-14 10:22:58,544 - INFO - {'step': 10, 'target_mean': -1.4286459684371948, 'target_std': 2.450324535369873, 'target_min': -8.36231517791748, 'target_max': 4.421268463134766, 'v_mean': -0.2955518364906311, 'v_std': 0.10022586584091187}
2026-01-14 10:22:58,544 - INFO - {'step': 20, 'target_mean': -1.1679096221923828, 'target_std': 2.3699769973754883, 'target_min': -8.307992935180664, 'target_max': 4.144354343414307, 'v_mean': -0.7758665680885315, 'v_std': 0.13195042312145233}
2026-01-14 10:22:58,544 - INFO - {'step': 30, 'target_mean': -1.5730583667755127, 'target_std': 2.6147804260253906, 'target_min': -11.237396240234375, 'target_max': 5.618719577789307, 'v_mean': -1.5984289646148682, 'v_std': 0.18947719037532806}
2026-01-14 10:22:58,544 - INFO - {'step': 40, 'target_mean': -1.489819884300232, 'target_std': 2.5587079524993896, 'target_min': -7.4469428062438965, 'target_max': 5.567176342010498, 'v_mean': -1.6370103359222412, 'v_std': 0.37473031878471375}
2026-01-14 10:22:58,544 - INFO - {'step': 50, 'target_mean': -1.7197279930114746, 'target_std': 2.410829544067383, 'target_min': -8.62942886352539, 'target_max': 5.483577728271484, 'v_mean': -1.5861294269561768, 'v_std': 0.6156283617019653}
2026-01-14 10:22:58,544 - INFO - {'step': 60, 'target_mean': -1.6701998710632324, 'target_std': 2.3083548545837402, 'target_min': -8.662734031677246, 'target_max': 3.5606813430786133, 'v_mean': -1.6403541564941406, 'v_std': 0.8371131420135498}
2026-01-14 10:22:58,544 - INFO - {'step': 70, 'target_mean': -1.5632896423339844, 'target_std': 2.444705009460449, 'target_min': -8.74886417388916, 'target_max': 5.321328163146973, 'v_mean': -1.6006734371185303, 'v_std': 0.9802443385124207}
2026-01-14 10:22:58,544 - INFO - {'step': 80, 'target_mean': -1.7019648551940918, 'target_std': 2.4466614723205566, 'target_min': -8.616323471069336, 'target_max': 5.502588272094727, 'v_mean': -1.649010419845581, 'v_std': 1.0483083724975586}
2026-01-14 10:22:58,544 - INFO - {'step': 90, 'target_mean': -1.3687492609024048, 'target_std': 2.7063300609588623, 'target_min': -8.718862533569336, 'target_max': 6.221279144287109, 'v_mean': -1.3827457427978516, 'v_std': 1.129209280014038}
2026-01-14 10:22:58,544 - INFO - {'step': 100, 'target_mean': -1.600716471672058, 'target_std': 2.4485418796539307, 'target_min': -8.568185806274414, 'target_max': 6.1904520988464355, 'v_mean': -1.3218250274658203, 'v_std': 0.9816250801086426}
2026-01-14 10:22:58,544 - INFO - {'step': 110, 'target_mean': -1.5887953042984009, 'target_std': 2.488104820251465, 'target_min': -8.477851867675781, 'target_max': 6.450646877288818, 'v_mean': -2.0876307487487793, 'v_std': 0.623114824295044}
2026-01-14 10:22:58,544 - INFO - {'step': 120, 'target_mean': -1.7638297080993652, 'target_std': 2.4270527362823486, 'target_min': -7.4921793937683105, 'target_max': 5.077587127685547, 'v_mean': -1.8204350471496582, 'v_std': 0.7988216280937195}
2026-01-14 10:22:58,544 - INFO - {'step': 130, 'target_mean': -1.8378572463989258, 'target_std': 2.430161476135254, 'target_min': -8.543670654296875, 'target_max': 4.4105916023254395, 'v_mean': -1.4745402336120605, 'v_std': 0.884364664554596}
2026-01-14 10:22:58,544 - INFO - {'step': 140, 'target_mean': -1.7623722553253174, 'target_std': 2.4984261989593506, 'target_min': -9.086223602294922, 'target_max': 5.585306167602539, 'v_mean': -1.5040082931518555, 'v_std': 0.8771176338195801}
2026-01-14 10:22:58,544 - INFO - {'step': 150, 'target_mean': -1.8073577880859375, 'target_std': 2.347554922103882, 'target_min': -9.522501945495605, 'target_max': 3.2854301929473877, 'v_mean': -1.512073278427124, 'v_std': 0.8830617666244507}
2026-01-14 10:22:58,544 - INFO - {'step': 160, 'target_mean': -1.5826126337051392, 'target_std': 2.2862162590026855, 'target_min': -8.15888500213623, 'target_max': 6.242832183837891, 'v_mean': -1.764305830001831, 'v_std': 0.7784937620162964}
2026-01-14 10:22:58,545 - INFO - {'step': 170, 'target_mean': -1.761977195739746, 'target_std': 2.471755266189575, 'target_min': -8.271805763244629, 'target_max': 3.598773956298828, 'v_mean': -1.8426990509033203, 'v_std': 0.9231995344161987}
2026-01-14 10:22:58,545 - INFO - {'step': 180, 'target_mean': -1.663299322128296, 'target_std': 2.294844150543213, 'target_min': -7.80828332901001, 'target_max': 5.200821876525879, 'v_mean': -1.731377124786377, 'v_std': 1.0356553792953491}
2026-01-14 10:22:58,545 - INFO - {'step': 190, 'target_mean': -1.7159483432769775, 'target_std': 2.400294780731201, 'target_min': -8.04944896697998, 'target_max': 5.66694450378418, 'v_mean': -1.7212308645248413, 'v_std': 0.9162721633911133}
2026-01-14 10:22:58,545 - INFO - {'step': 200, 'target_mean': -1.7434561252593994, 'target_std': 2.124319076538086, 'target_min': -8.009769439697266, 'target_max': 5.918510913848877, 'v_mean': -1.8062472343444824, 'v_std': 0.9972889423370361}
