2026-01-14 10:23:52,073 - INFO - Step 10: target(mean=-1.292, std=2.558, min=-9.315, max=5.234) | V(s)(mean=-0.275, std=0.125)
2026-01-14 10:24:46,763 - INFO - Step 20: target(mean=-1.195, std=2.474, min=-7.501, max=6.478) | V(s)(mean=-0.741, std=0.127)
2026-01-14 10:25:41,123 - INFO - Step 30: target(mean=-1.516, std=2.516, min=-9.445, max=6.221) | V(s)(mean=-1.404, std=0.175)
2026-01-14 10:26:35,802 - INFO - Step 40: target(mean=-1.422, std=2.649, min=-8.449, max=8.099) | V(s)(mean=-1.523, std=0.270)
2026-01-14 10:27:30,411 - INFO - Step 50: target(mean=-1.261, std=2.497, min=-7.480, max=6.193) | V(s)(mean=-1.299, std=0.400)
2026-01-14 10:28:06,589 - INFO -   [Eval] Step 50: success_rate=0.000, mean_score=9.020
2026-01-14 10:28:59,575 - INFO - Step 60: target(mean=-1.538, std=2.610, min=-8.256, max=4.480) | V(s)(mean=-1.380, std=0.531)
2026-01-14 10:29:54,721 - INFO - Step 70: target(mean=-1.704, std=2.407, min=-8.616, max=4.279) | V(s)(mean=-1.587, std=0.693)
2026-01-14 10:30:51,522 - INFO - Step 80: target(mean=-1.505, std=2.490, min=-7.645, max=5.142) | V(s)(mean=-1.440, std=0.855)
2026-01-14 10:31:48,188 - INFO - Step 90: target(mean=-1.927, std=2.356, min=-8.494, max=4.367) | V(s)(mean=-1.637, std=0.845)
2026-01-14 10:32:42,180 - INFO - Step 100: target(mean=-1.752, std=2.243, min=-8.990, max=3.997) | V(s)(mean=-1.535, std=0.840)
2026-01-14 10:33:16,348 - INFO -   [Eval] Step 100: success_rate=0.000, mean_score=9.140
2026-01-14 10:34:11,200 - INFO - Step 110: target(mean=-1.786, std=2.388, min=-8.418, max=4.933) | V(s)(mean=-1.560, std=0.789)
2026-01-14 10:35:05,890 - INFO - Step 120: target(mean=-1.592, std=2.463, min=-9.504, max=6.225) | V(s)(mean=-1.524, std=0.852)
2026-01-14 10:36:02,009 - INFO - Step 130: target(mean=-1.888, std=2.365, min=-8.998, max=3.775) | V(s)(mean=-1.879, std=0.924)
2026-01-14 10:36:55,364 - INFO - Step 140: target(mean=-1.707, std=2.254, min=-9.961, max=3.503) | V(s)(mean=-1.645, std=0.821)
2026-01-14 10:37:48,249 - INFO - Step 150: target(mean=-1.666, std=2.324, min=-8.464, max=5.216) | V(s)(mean=-1.718, std=0.884)
2026-01-14 10:38:22,674 - INFO -   [Eval] Step 150: success_rate=0.000, mean_score=9.720
2026-01-14 10:39:15,994 - INFO - Step 160: target(mean=-1.341, std=2.250, min=-7.204, max=5.681) | V(s)(mean=-1.491, std=0.872)
2026-01-14 10:40:09,846 - INFO - Step 170: target(mean=-1.525, std=2.257, min=-6.943, max=4.542) | V(s)(mean=-1.596, std=0.839)
2026-01-14 10:41:04,711 - INFO - Step 180: target(mean=-1.815, std=2.314, min=-8.810, max=5.355) | V(s)(mean=-1.623, std=0.843)
2026-01-14 10:41:59,853 - INFO - Step 190: target(mean=-1.684, std=2.155, min=-8.737, max=4.173) | V(s)(mean=-1.670, std=0.774)
2026-01-14 10:42:54,195 - INFO - Step 200: target(mean=-1.663, std=2.082, min=-8.287, max=4.204) | V(s)(mean=-1.827, std=0.950)
2026-01-14 10:43:29,602 - INFO -   [Eval] Step 200: success_rate=0.000, mean_score=9.740
2026-01-14 10:43:29,602 - INFO - 
============================================================
2026-01-14 10:43:29,602 - INFO - Summary for Condition B: zconON_vheadOFF
2026-01-14 10:43:29,602 - INFO - ============================================================
2026-01-14 10:43:29,602 - INFO - {'step': 10, 'target_mean': -1.2917594909667969, 'target_std': 2.5578343868255615, 'target_min': -9.31495475769043, 'target_max': 5.233734607696533, 'v_mean': -0.2753638029098511, 'v_std': 0.1251249760389328}
2026-01-14 10:43:29,603 - INFO - {'step': 20, 'target_mean': -1.1950736045837402, 'target_std': 2.473902463912964, 'target_min': -7.500812530517578, 'target_max': 6.477586269378662, 'v_mean': -0.7410555481910706, 'v_std': 0.12654387950897217}
2026-01-14 10:43:29,603 - INFO - {'step': 30, 'target_mean': -1.5164620876312256, 'target_std': 2.515875816345215, 'target_min': -9.445181846618652, 'target_max': 6.220875263214111, 'v_mean': -1.4037647247314453, 'v_std': 0.1748327612876892}
2026-01-14 10:43:29,603 - INFO - {'step': 40, 'target_mean': -1.421769142150879, 'target_std': 2.649198532104492, 'target_min': -8.449023246765137, 'target_max': 8.099432945251465, 'v_mean': -1.5225062370300293, 'v_std': 0.2696157395839691}
2026-01-14 10:43:29,603 - INFO - {'step': 50, 'target_mean': -1.2608075141906738, 'target_std': 2.4973771572113037, 'target_min': -7.479918956756592, 'target_max': 6.192739486694336, 'v_mean': -1.298604965209961, 'v_std': 0.3997170031070709}
2026-01-14 10:43:29,603 - INFO - {'step': 60, 'target_mean': -1.5382800102233887, 'target_std': 2.610291004180908, 'target_min': -8.256406784057617, 'target_max': 4.480205535888672, 'v_mean': -1.3802218437194824, 'v_std': 0.5311735272407532}
2026-01-14 10:43:29,603 - INFO - {'step': 70, 'target_mean': -1.7037919759750366, 'target_std': 2.40694260597229, 'target_min': -8.615864753723145, 'target_max': 4.278556823730469, 'v_mean': -1.5873899459838867, 'v_std': 0.6932225227355957}
2026-01-14 10:43:29,603 - INFO - {'step': 80, 'target_mean': -1.5049489736557007, 'target_std': 2.489511013031006, 'target_min': -7.644712448120117, 'target_max': 5.142487049102783, 'v_mean': -1.4397356510162354, 'v_std': 0.8547841310501099}
2026-01-14 10:43:29,603 - INFO - {'step': 90, 'target_mean': -1.9270914793014526, 'target_std': 2.355614185333252, 'target_min': -8.493817329406738, 'target_max': 4.366837024688721, 'v_mean': -1.6365416049957275, 'v_std': 0.8453317284584045}
2026-01-14 10:43:29,603 - INFO - {'step': 100, 'target_mean': -1.7522971630096436, 'target_std': 2.2430026531219482, 'target_min': -8.989753723144531, 'target_max': 3.9965600967407227, 'v_mean': -1.534712791442871, 'v_std': 0.8401433229446411}
2026-01-14 10:43:29,603 - INFO - {'step': 110, 'target_mean': -1.7859854698181152, 'target_std': 2.388225555419922, 'target_min': -8.41810131072998, 'target_max': 4.933155059814453, 'v_mean': -1.5595465898513794, 'v_std': 0.7890315651893616}
2026-01-14 10:43:29,603 - INFO - {'step': 120, 'target_mean': -1.5918525457382202, 'target_std': 2.463338613510132, 'target_min': -9.504223823547363, 'target_max': 6.2250471115112305, 'v_mean': -1.523572564125061, 'v_std': 0.8520985841751099}
2026-01-14 10:43:29,603 - INFO - {'step': 130, 'target_mean': -1.8884937763214111, 'target_std': 2.3651883602142334, 'target_min': -8.998364448547363, 'target_max': 3.7754099369049072, 'v_mean': -1.8793030977249146, 'v_std': 0.9239256978034973}
2026-01-14 10:43:29,603 - INFO - {'step': 140, 'target_mean': -1.7067899703979492, 'target_std': 2.2540905475616455, 'target_min': -9.96146297454834, 'target_max': 3.50297474861145, 'v_mean': -1.644906759262085, 'v_std': 0.820834219455719}
2026-01-14 10:43:29,603 - INFO - {'step': 150, 'target_mean': -1.6664990186691284, 'target_std': 2.3236000537872314, 'target_min': -8.463505744934082, 'target_max': 5.2155442237854, 'v_mean': -1.7176566123962402, 'v_std': 0.8839067816734314}
2026-01-14 10:43:29,603 - INFO - {'step': 160, 'target_mean': -1.3405320644378662, 'target_std': 2.2501094341278076, 'target_min': -7.203792572021484, 'target_max': 5.680635452270508, 'v_mean': -1.4906699657440186, 'v_std': 0.8716095089912415}
2026-01-14 10:43:29,603 - INFO - {'step': 170, 'target_mean': -1.524777889251709, 'target_std': 2.256654977798462, 'target_min': -6.943259239196777, 'target_max': 4.541648864746094, 'v_mean': -1.5957098007202148, 'v_std': 0.8387887477874756}
2026-01-14 10:43:29,603 - INFO - {'step': 180, 'target_mean': -1.8154127597808838, 'target_std': 2.314216136932373, 'target_min': -8.810418128967285, 'target_max': 5.35487699508667, 'v_mean': -1.6229283809661865, 'v_std': 0.842526376247406}
2026-01-14 10:43:29,604 - INFO - {'step': 190, 'target_mean': -1.6840752363204956, 'target_std': 2.155353546142578, 'target_min': -8.737102508544922, 'target_max': 4.172581195831299, 'v_mean': -1.670042872428894, 'v_std': 0.7739536166191101}
2026-01-14 10:43:29,604 - INFO - {'step': 200, 'target_mean': -1.6633448600769043, 'target_std': 2.082167148590088, 'target_min': -8.287249565124512, 'target_max': 4.204268932342529, 'v_mean': -1.8270504474639893, 'v_std': 0.9503543376922607}
