2026-01-14 10:44:19,884 - INFO - Step 10: target(mean=-12.171, std=15.580, min=-20.000, max=20.000) | V(s)(mean=-0.723, std=0.248)
2026-01-14 10:45:11,149 - INFO - Step 20: target(mean=-11.714, std=15.952, min=-20.000, max=20.000) | V(s)(mean=-1.932, std=0.292)
2026-01-14 10:46:02,098 - INFO - Step 30: target(mean=-7.716, std=18.406, min=-20.000, max=20.000) | V(s)(mean=-4.078, std=0.481)
2026-01-14 10:46:51,880 - INFO - Step 40: target(mean=0.577, std=19.821, min=-20.000, max=20.000) | V(s)(mean=-5.003, std=1.079)
2026-01-14 10:47:42,891 - INFO - Step 50: target(mean=3.082, std=19.485, min=-20.000, max=20.000) | V(s)(mean=-2.310, std=1.373)
2026-01-14 10:48:16,170 - INFO -   [Eval] Step 50: success_rate=0.000, mean_score=8.900
2026-01-14 10:49:04,111 - INFO - Step 60: target(mean=6.962, std=18.575, min=-20.000, max=20.000) | V(s)(mean=1.511, std=1.743)
2026-01-14 10:49:54,858 - INFO - Step 70: target(mean=1.240, std=19.866, min=-20.000, max=20.000) | V(s)(mean=4.767, std=1.941)
2026-01-14 10:50:43,723 - INFO - Step 80: target(mean=-7.629, std=18.170, min=-20.000, max=20.000) | V(s)(mean=2.133, std=2.569)
2026-01-14 10:51:32,091 - INFO - Step 90: target(mean=-7.045, std=18.527, min=-20.000, max=20.000) | V(s)(mean=-3.351, std=2.294)
2026-01-14 10:52:23,084 - INFO - Step 100: target(mean=4.155, std=19.124, min=-20.000, max=20.000) | V(s)(mean=-4.863, std=1.622)
2026-01-14 10:52:55,251 - INFO -   [Eval] Step 100: success_rate=0.000, mean_score=9.020
2026-01-14 10:53:49,831 - INFO - Step 110: target(mean=12.472, std=15.498, min=-20.000, max=20.000) | V(s)(mean=-0.976, std=1.110)
2026-01-14 10:54:39,450 - INFO - Step 120: target(mean=10.849, std=16.604, min=-20.000, max=20.000) | V(s)(mean=1.248, std=0.635)
2026-01-14 10:55:30,095 - INFO - Step 130: target(mean=0.861, std=19.922, min=-20.000, max=20.000) | V(s)(mean=3.664, std=0.805)
2026-01-14 10:56:19,151 - INFO - Step 140: target(mean=-9.219, std=17.749, min=-20.000, max=20.000) | V(s)(mean=2.786, std=0.713)
2026-01-14 10:57:08,939 - INFO - Step 150: target(mean=-12.467, std=15.508, min=-20.000, max=20.000) | V(s)(mean=1.169, std=0.500)
2026-01-14 10:57:41,690 - INFO -   [Eval] Step 150: success_rate=0.000, mean_score=9.600
2026-01-14 10:58:30,605 - INFO - Step 160: target(mean=-15.858, std=12.123, min=-20.000, max=20.000) | V(s)(mean=0.095, std=0.186)
2026-01-14 10:59:19,959 - INFO - Step 170: target(mean=-16.719, std=10.976, min=-20.000, max=20.000) | V(s)(mean=-0.364, std=0.083)
2026-01-14 11:00:10,527 - INFO - Step 180: target(mean=-14.844, std=13.404, min=-20.000, max=20.000) | V(s)(mean=-0.973, std=0.108)
2026-01-14 11:01:01,059 - INFO - Step 190: target(mean=-14.574, std=13.647, min=-20.000, max=20.000) | V(s)(mean=-2.042, std=0.173)
2026-01-14 11:01:49,734 - INFO - Step 200: target(mean=-12.571, std=15.505, min=-20.000, max=20.000) | V(s)(mean=-3.733, std=0.297)
2026-01-14 11:02:22,588 - INFO -   [Eval] Step 200: success_rate=0.000, mean_score=9.660
2026-01-14 11:02:22,588 - INFO - 
============================================================
2026-01-14 11:02:22,588 - INFO - Summary for Condition C: zconOFF_vheadON
2026-01-14 11:02:22,588 - INFO - ============================================================
2026-01-14 11:02:22,588 - INFO - {'step': 10, 'target_mean': -12.17081356048584, 'target_std': 15.580370903015137, 'target_min': -20.0, 'target_max': 20.0, 'v_mean': -0.7230565547943115, 'v_std': 0.24839569628238678}
2026-01-14 11:02:22,588 - INFO - {'step': 20, 'target_mean': -11.71440601348877, 'target_std': 15.951678276062012, 'target_min': -20.0, 'target_max': 20.0, 'v_mean': -1.931942343711853, 'v_std': 0.2916634678840637}
2026-01-14 11:02:22,588 - INFO - {'step': 30, 'target_mean': -7.715614318847656, 'target_std': 18.405750274658203, 'target_min': -20.0, 'target_max': 20.0, 'v_mean': -4.077535152435303, 'v_std': 0.4812108278274536}
2026-01-14 11:02:22,588 - INFO - {'step': 40, 'target_mean': 0.5769970417022705, 'target_std': 19.821231842041016, 'target_min': -20.0, 'target_max': 20.0, 'v_mean': -5.00309944152832, 'v_std': 1.0790842771530151}
2026-01-14 11:02:22,588 - INFO - {'step': 50, 'target_mean': 3.0817346572875977, 'target_std': 19.48537826538086, 'target_min': -20.0, 'target_max': 20.0, 'v_mean': -2.310426712036133, 'v_std': 1.372812032699585}
2026-01-14 11:02:22,588 - INFO - {'step': 60, 'target_mean': 6.961877822875977, 'target_std': 18.575218200683594, 'target_min': -20.0, 'target_max': 20.0, 'v_mean': 1.5110224485397339, 'v_std': 1.7434595823287964}
2026-01-14 11:02:22,588 - INFO - {'step': 70, 'target_mean': 1.2395886182785034, 'target_std': 19.865943908691406, 'target_min': -20.0, 'target_max': 20.0, 'v_mean': 4.767089366912842, 'v_std': 1.9413748979568481}
2026-01-14 11:02:22,588 - INFO - {'step': 80, 'target_mean': -7.628588676452637, 'target_std': 18.170289993286133, 'target_min': -20.0, 'target_max': 20.0, 'v_mean': 2.13270902633667, 'v_std': 2.5687403678894043}
2026-01-14 11:02:22,588 - INFO - {'step': 90, 'target_mean': -7.045219421386719, 'target_std': 18.527267456054688, 'target_min': -20.0, 'target_max': 20.0, 'v_mean': -3.351457118988037, 'v_std': 2.294337272644043}
2026-01-14 11:02:22,588 - INFO - {'step': 100, 'target_mean': 4.154669284820557, 'target_std': 19.1239070892334, 'target_min': -20.0, 'target_max': 20.0, 'v_mean': -4.862879753112793, 'v_std': 1.622277021408081}
2026-01-14 11:02:22,588 - INFO - {'step': 110, 'target_mean': 12.472455978393555, 'target_std': 15.497513771057129, 'target_min': -20.0, 'target_max': 20.0, 'v_mean': -0.9763201475143433, 'v_std': 1.1101348400115967}
2026-01-14 11:02:22,589 - INFO - {'step': 120, 'target_mean': 10.848599433898926, 'target_std': 16.604373931884766, 'target_min': -20.0, 'target_max': 20.0, 'v_mean': 1.2479147911071777, 'v_std': 0.6345227360725403}
2026-01-14 11:02:22,589 - INFO - {'step': 130, 'target_mean': 0.8605576753616333, 'target_std': 19.922157287597656, 'target_min': -20.0, 'target_max': 20.0, 'v_mean': 3.664292812347412, 'v_std': 0.8052590489387512}
2026-01-14 11:02:22,589 - INFO - {'step': 140, 'target_mean': -9.21875, 'target_std': 17.7486515045166, 'target_min': -20.0, 'target_max': 20.0, 'v_mean': 2.7862632274627686, 'v_std': 0.7132911086082458}
2026-01-14 11:02:22,589 - INFO - {'step': 150, 'target_mean': -12.467432022094727, 'target_std': 15.507697105407715, 'target_min': -20.0, 'target_max': 20.0, 'v_mean': 1.1692192554473877, 'v_std': 0.4995732009410858}
2026-01-14 11:02:22,589 - INFO - {'step': 160, 'target_mean': -15.857946395874023, 'target_std': 12.12285327911377, 'target_min': -20.0, 'target_max': 20.0, 'v_mean': 0.09451526403427124, 'v_std': 0.18612533807754517}
2026-01-14 11:02:22,589 - INFO - {'step': 170, 'target_mean': -16.71875, 'target_std': 10.976492881774902, 'target_min': -20.0, 'target_max': 20.0, 'v_mean': -0.3641541004180908, 'v_std': 0.08296141028404236}
2026-01-14 11:02:22,589 - INFO - {'step': 180, 'target_mean': -14.84375, 'target_std': 13.40384578704834, 'target_min': -20.0, 'target_max': 20.0, 'v_mean': -0.9726744294166565, 'v_std': 0.10840798914432526}
2026-01-14 11:02:22,589 - INFO - {'step': 190, 'target_mean': -14.574071884155273, 'target_std': 13.647223472595215, 'target_min': -20.0, 'target_max': 20.0, 'v_mean': -2.0418825149536133, 'v_std': 0.1729099601507187}
2026-01-14 11:02:22,589 - INFO - {'step': 200, 'target_mean': -12.57136344909668, 'target_std': 15.50516128540039, 'target_min': -20.0, 'target_max': 20.0, 'v_mean': -3.733142852783203, 'v_std': 0.29673972725868225}
