2026-01-14 11:03:15,999 - INFO - Step 10: target(mean=13.750, std=14.524, min=-20.000, max=20.000) | V(s)(mean=-0.260, std=0.279)
2026-01-14 11:04:10,591 - INFO - Step 20: target(mean=14.219, std=14.065, min=-20.000, max=20.000) | V(s)(mean=0.919, std=0.398)
2026-01-14 11:05:04,573 - INFO - Step 30: target(mean=15.625, std=12.484, min=-20.000, max=20.000) | V(s)(mean=3.148, std=0.597)
2026-01-14 11:05:58,141 - INFO - Step 40: target(mean=18.438, std=7.750, min=-20.000, max=20.000) | V(s)(mean=6.417, std=0.866)
2026-01-14 11:06:52,471 - INFO - Step 50: target(mean=19.844, std=2.495, min=-20.000, max=20.000) | V(s)(mean=9.823, std=0.837)
2026-01-14 11:07:26,753 - INFO -   [Eval] Step 50: success_rate=0.000, mean_score=8.900
2026-01-14 11:08:19,820 - INFO - Step 60: target(mean=20.000, std=0.000, min=20.000, max=20.000) | V(s)(mean=13.868, std=0.854)
2026-01-14 11:09:13,337 - INFO - Step 70: target(mean=20.000, std=0.000, min=20.000, max=20.000) | V(s)(mean=17.214, std=0.780)
2026-01-14 11:10:09,238 - INFO - Step 80: target(mean=20.000, std=0.000, min=20.000, max=20.000) | V(s)(mean=19.448, std=0.616)
2026-01-14 11:11:03,841 - INFO - Step 90: target(mean=20.000, std=0.000, min=20.000, max=20.000) | V(s)(mean=19.988, std=0.076)
2026-01-14 11:11:59,256 - INFO - Step 100: target(mean=20.000, std=0.000, min=20.000, max=20.000) | V(s)(mean=20.000, std=0.000)
2026-01-14 11:12:33,794 - INFO -   [Eval] Step 100: success_rate=0.000, mean_score=9.060
2026-01-14 11:13:26,603 - INFO - Step 110: target(mean=20.000, std=0.000, min=20.000, max=20.000) | V(s)(mean=20.000, std=0.005)
2026-01-14 11:14:20,361 - INFO - Step 120: target(mean=20.000, std=0.000, min=20.000, max=20.000) | V(s)(mean=19.999, std=0.012)
2026-01-14 11:15:15,106 - INFO - Step 130: target(mean=20.000, std=0.000, min=20.000, max=20.000) | V(s)(mean=20.000, std=0.000)
2026-01-14 11:16:08,486 - INFO - Step 140: target(mean=20.000, std=0.000, min=20.000, max=20.000) | V(s)(mean=20.000, std=0.000)
2026-01-14 11:17:01,468 - INFO - Step 150: target(mean=20.000, std=0.000, min=20.000, max=20.000) | V(s)(mean=20.000, std=0.000)
2026-01-14 11:17:36,705 - INFO -   [Eval] Step 150: success_rate=0.000, mean_score=9.380
2026-01-14 11:18:31,257 - INFO - Step 160: target(mean=20.000, std=0.000, min=20.000, max=20.000) | V(s)(mean=20.000, std=0.000)
2026-01-14 11:19:25,273 - INFO - Step 170: target(mean=20.000, std=0.000, min=20.000, max=20.000) | V(s)(mean=20.000, std=0.000)
2026-01-14 11:20:20,117 - INFO - Step 180: target(mean=20.000, std=0.000, min=20.000, max=20.000) | V(s)(mean=20.000, std=0.000)
2026-01-14 11:21:16,078 - INFO - Step 190: target(mean=20.000, std=0.000, min=20.000, max=20.000) | V(s)(mean=20.000, std=0.000)
2026-01-14 11:22:10,136 - INFO - Step 200: target(mean=20.000, std=0.000, min=20.000, max=20.000) | V(s)(mean=20.000, std=0.000)
2026-01-14 11:22:45,088 - INFO -   [Eval] Step 200: success_rate=0.000, mean_score=9.520
2026-01-14 11:22:45,088 - INFO - 
============================================================
2026-01-14 11:22:45,088 - INFO - Summary for Condition D: zconON_vheadON
2026-01-14 11:22:45,088 - INFO - ============================================================
2026-01-14 11:22:45,088 - INFO - {'step': 10, 'target_mean': 13.75, 'target_std': 14.523687362670898, 'target_min': -20.0, 'target_max': 20.0, 'v_mean': -0.2596714496612549, 'v_std': 0.2787322700023651}
2026-01-14 11:22:45,088 - INFO - {'step': 20, 'target_mean': 14.21875, 'target_std': 14.065103530883789, 'target_min': -20.0, 'target_max': 20.0, 'v_mean': 0.9192861318588257, 'v_std': 0.3982948064804077}
2026-01-14 11:22:45,088 - INFO - {'step': 30, 'target_mean': 15.625, 'target_std': 12.484365463256836, 'target_min': -20.0, 'target_max': 20.0, 'v_mean': 3.148052215576172, 'v_std': 0.5966719388961792}
2026-01-14 11:22:45,088 - INFO - {'step': 40, 'target_mean': 18.4375, 'target_std': 7.7497477531433105, 'target_min': -20.0, 'target_max': 20.0, 'v_mean': 6.417370796203613, 'v_std': 0.8657413721084595}
2026-01-14 11:22:45,089 - INFO - {'step': 50, 'target_mean': 19.84375, 'target_std': 2.495112419128418, 'target_min': -20.0, 'target_max': 20.0, 'v_mean': 9.823389053344727, 'v_std': 0.8367587327957153}
2026-01-14 11:22:45,089 - INFO - {'step': 60, 'target_mean': 20.0, 'target_std': 0.0, 'target_min': 20.0, 'target_max': 20.0, 'v_mean': 13.868160247802734, 'v_std': 0.8536853790283203}
2026-01-14 11:22:45,089 - INFO - {'step': 70, 'target_mean': 20.0, 'target_std': 0.0, 'target_min': 20.0, 'target_max': 20.0, 'v_mean': 17.213970184326172, 'v_std': 0.780118465423584}
2026-01-14 11:22:45,089 - INFO - {'step': 80, 'target_mean': 20.0, 'target_std': 0.0, 'target_min': 20.0, 'target_max': 20.0, 'v_mean': 19.44826316833496, 'v_std': 0.615545392036438}
2026-01-14 11:22:45,089 - INFO - {'step': 90, 'target_mean': 20.0, 'target_std': 0.0, 'target_min': 20.0, 'target_max': 20.0, 'v_mean': 19.987613677978516, 'v_std': 0.07576917856931686}
2026-01-14 11:22:45,089 - INFO - {'step': 100, 'target_mean': 20.0, 'target_std': 0.0, 'target_min': 20.0, 'target_max': 20.0, 'v_mean': 20.0, 'v_std': 0.0}
2026-01-14 11:22:45,089 - INFO - {'step': 110, 'target_mean': 20.0, 'target_std': 0.0, 'target_min': 20.0, 'target_max': 20.0, 'v_mean': 19.999717712402344, 'v_std': 0.00451762555167079}
2026-01-14 11:22:45,089 - INFO - {'step': 120, 'target_mean': 20.0, 'target_std': 0.0, 'target_min': 20.0, 'target_max': 20.0, 'v_mean': 19.99853515625, 'v_std': 0.011722310446202755}
2026-01-14 11:22:45,089 - INFO - {'step': 130, 'target_mean': 20.0, 'target_std': 0.0, 'target_min': 20.0, 'target_max': 20.0, 'v_mean': 20.0, 'v_std': 0.0}
2026-01-14 11:22:45,089 - INFO - {'step': 140, 'target_mean': 20.0, 'target_std': 0.0, 'target_min': 20.0, 'target_max': 20.0, 'v_mean': 20.0, 'v_std': 0.0}
2026-01-14 11:22:45,089 - INFO - {'step': 150, 'target_mean': 20.0, 'target_std': 0.0, 'target_min': 20.0, 'target_max': 20.0, 'v_mean': 20.0, 'v_std': 0.0}
2026-01-14 11:22:45,089 - INFO - {'step': 160, 'target_mean': 20.0, 'target_std': 0.0, 'target_min': 20.0, 'target_max': 20.0, 'v_mean': 20.0, 'v_std': 0.0}
2026-01-14 11:22:45,089 - INFO - {'step': 170, 'target_mean': 20.0, 'target_std': 0.0, 'target_min': 20.0, 'target_max': 20.0, 'v_mean': 20.0, 'v_std': 0.0}
2026-01-14 11:22:45,089 - INFO - {'step': 180, 'target_mean': 20.0, 'target_std': 0.0, 'target_min': 20.0, 'target_max': 20.0, 'v_mean': 20.0, 'v_std': 0.0}
2026-01-14 11:22:45,089 - INFO - {'step': 190, 'target_mean': 20.0, 'target_std': 0.0, 'target_min': 20.0, 'target_max': 20.0, 'v_mean': 20.0, 'v_std': 0.0}
2026-01-14 11:22:45,089 - INFO - {'step': 200, 'target_mean': 20.0, 'target_std': 0.0, 'target_min': 20.0, 'target_max': 20.0, 'v_mean': 20.0, 'v_std': 0.0}
